QUIET_WAIT waited_s=18 other_cores=0.66 timed_out=0

******************************************************************************
This program contains Ipopt, a library for large-scale nonlinear optimization.
 Ipopt is released as open source code under the Eclipse Public License (EPL).
         For more information visit https://github.com/coin-or/Ipopt
******************************************************************************

This is Ipopt version 3.14.19, running with linear solver MUMPS 5.9.0.

Number of nonzeros in equality constraint Jacobian...:   710730
Number of nonzeros in inequality constraint Jacobian.:   247680
Number of nonzeros in Lagrangian Hessian.............:   192900

Total number of variables............................:   266070
                     variables with only lower bounds:    61926
                variables with lower and upper bounds:    80298
                     variables with only upper bounds:        0
Total number of equality constraints.................:   191898
Total number of inequality constraints...............:    61920
        inequality constraints with only lower bounds:        0
   inequality constraints with lower and upper bounds:        0
        inequality constraints with only upper bounds:    61920

iter    objective    inf_pr   inf_du lg(mu)  ||d||  lg(rg) alpha_du alpha_pr  ls
   0  1.2375691e+05 6.40e-01 1.55e+02  -1.0 0.00e+00    -  0.00e+00 0.00e+00   0
   1  1.2840027e+05 6.40e-01 1.62e+02  -1.0 2.92e+02    -  3.39e-05 5.72e-04h  1
   2  1.3383847e+05 6.39e-01 1.67e+02  -1.0 1.07e+03    -  1.45e-04 1.64e-03f  1
   3  1.7286558e+05 6.30e-01 1.65e+02  -1.0 1.01e+03    -  1.24e-03 1.28e-02f  3
   4  1.9125851e+05 6.27e-01 1.64e+02  -1.0 9.69e+02    -  5.86e-03 6.14e-03h  1
   5  2.2272138e+05 6.20e-01 1.63e+02  -1.0 9.73e+02    -  6.11e-03 1.05e-02h  2
   6  2.4570674e+05 6.15e-01 1.61e+02  -1.0 9.67e+02    -  1.29e-02 7.75e-03h  4
   7  2.8439711e+05 6.07e-01 1.59e+02  -1.0 9.56e+02    -  2.33e-02 1.32e-02h  5
   8  3.1827820e+05 6.00e-01 1.57e+02  -1.0 9.41e+02    -  3.61e-02 1.18e-02h  7
   9  3.4873234e+05 5.93e-01 1.56e+02  -1.0 9.26e+02    -  4.40e-02 1.07e-02h  7
iter    objective    inf_pr   inf_du lg(mu)  ||d||  lg(rg) alpha_du alpha_pr  ls
  10  3.7764101e+05 5.87e-01 1.54e+02  -1.0 9.13e+02    -  5.11e-02 1.03e-02h  7
  11  4.0119355e+05 5.82e-01 1.53e+02  -1.0 9.11e+02    -  8.00e-02 8.50e-03h  7
  12  1.5740183e+06 6.13e-01 1.31e+03  -1.0 9.05e+02    -  1.31e-02 4.24e-01H  1
  13  1.6509489e+06 6.56e-01 1.25e+03  -1.0 5.38e+02    -  1.60e-01 4.90e-02h  4
  14  1.7299428e+06 6.98e-01 1.20e+03  -1.0 5.13e+02    -  1.76e-01 5.35e-02h  4
  15  1.8143740e+06 7.44e-01 1.14e+03  -1.0 4.86e+02    -  8.56e-02 6.09e-02h  4
  16  1.8982307e+06 7.82e-01 1.08e+03  -1.0 4.58e+02    -  2.73e-01 6.46e-02h  4
  17  1.9925120e+06 8.28e-01 1.02e+03  -1.0 4.29e+02    -  1.92e-01 7.80e-02h  4
  18  2.0842827e+06 8.56e-01 9.51e+02  -1.0 3.96e+02    -  2.26e-01 8.25e-02h  4
  19  2.1723104e+06 8.62e-01 8.87e+02  -1.0 3.64e+02    -  1.18e-01 8.65e-02h  4
iter    objective    inf_pr   inf_du lg(mu)  ||d||  lg(rg) alpha_du alpha_pr  ls
  20  2.2502581e+06 8.43e-01 8.28e+02  -1.0 3.33e+02    -  2.15e-01 8.39e-02h  4
  21  2.3211432e+06 8.03e-01 7.71e+02  -1.0 3.11e+02    -  1.20e-01 8.33e-02h  4
  22  2.3843354e+06 7.48e-01 7.19e+02  -1.0 2.92e+02    -  1.20e-01 8.10e-02h  4
  23  2.8253046e+06 2.69e+00 8.66e+02  -1.0 2.75e+02    -  1.92e-01 6.06e-01w  1
  24  2.9091837e+06 1.73e+00 6.53e+02  -1.0 1.41e+02    -  3.03e-01 2.92e-01w  1
  25  2.9661945e+06 9.44e-01 4.91e+02  -1.0 8.36e+01    -  8.41e-02 2.69e-01w  1
  26  2.4932747e+06 7.04e-01 6.41e+02  -1.0 6.38e+01    -  1.92e-01 1.51e-01h  2
  27  2.5760472e+06 5.91e-01 5.73e+02  -1.0 2.44e+02    -  2.69e-01 1.35e-01h  3
  28  2.8709463e+06 2.22e-01 5.36e+02  -1.0 2.17e+02    -  1.99e-01 5.47e-01H  1
  29  2.9377968e+06 3.87e-02 4.13e+02  -1.0 1.02e+02    -  1.11e-01 2.66e-01h  1
iter    objective    inf_pr   inf_du lg(mu)  ||d||  lg(rg) alpha_du alpha_pr  ls
  30  2.9826782e+06 2.96e-02 3.27e+02  -1.0 7.41e+01    -  6.85e-01 2.34e-01h  1
  31  3.0445910e+06 1.85e-02 2.21e+02  -1.0 6.46e+01    -  5.54e-01 3.76e-01h  1
  32  3.1659467e+06 1.85e-04 9.60e+01  -1.0 5.05e+01    -  8.58e-01 9.90e-01H  1
  33  3.2009158e+06 1.81e-06 1.54e+03  -1.0 4.77e+02    -  2.12e-01 9.90e-01F  1
  34  3.2058489e+06 7.05e-13 2.98e+04  -1.0 2.35e+02    -  8.30e-01 1.00e+00f  1
  35  3.2067207e+06 5.84e-13 4.15e+06  -1.0 1.41e+03    -  5.35e-01 1.00e+00f  1
  36  3.2068497e+06 4.90e-13 1.46e+06  -1.0 2.34e+03    -  6.49e-01 1.00e+00f  1
  37  3.2070381e+06 4.32e-13 4.70e+05  -1.0 4.81e+03    -  6.78e-01 1.00e+00f  1
  38  3.2072746e+06 9.29e-13 6.41e+04  -1.0 7.33e+03    -  8.64e-01 1.00e+00f  1
  39  3.2074319e+06 5.63e-13 4.97e+00  -1.0 7.01e+03    -  1.00e+00 1.00e+00f  1
iter    objective    inf_pr   inf_du lg(mu)  ||d||  lg(rg) alpha_du alpha_pr  ls
  40  3.2074487e+06 5.28e-13 1.48e-01  -1.0 1.06e+03    -  1.00e+00 1.00e+00f  1
  41  3.1275852e+06 1.26e-02 1.25e+05  -2.5 1.76e+04    -  8.59e-01 8.45e-01f  1
  42  3.1172687e+06 5.01e-03 1.65e+05  -2.5 7.28e+03    -  1.00e+00 8.79e-01f  1
  43  3.1166933e+06 5.67e-13 1.13e-02  -2.5 1.16e+03    -  1.00e+00 1.00e+00f  1
  44  3.1167033e+06 8.49e-13 4.52e-05  -2.5 4.57e+00    -  1.00e+00 1.00e+00h  1
  45  3.1149231e+06 4.23e-13 3.06e+04  -3.8 7.86e+02    -  1.00e+00 8.74e-01f  1
  46  3.1148371e+06 4.73e-13 8.83e-03  -3.8 9.70e+01    -  1.00e+00 1.00e+00f  1
  47  3.1148419e+06 6.27e-13 1.28e-03  -3.8 1.68e+01    -  1.00e+00 1.00e+00h  1
  48  3.1147696e+06 5.15e-13 1.98e+03  -5.7 3.46e+01    -  9.92e-01 8.45e-01f  1
  49  3.1147619e+06 2.26e-09 4.45e+02  -5.7 1.65e+00    -  1.00e+00 7.87e-01f  1
iter    objective    inf_pr   inf_du lg(mu)  ||d||  lg(rg) alpha_du alpha_pr  ls
  50  3.1147600e+06 3.13e-13 1.02e-05  -5.7 3.11e-01    -  1.00e+00 1.00e+00f  1
  51  3.1147593e+06 4.03e-12 4.82e+01  -8.6 2.77e-01    -  1.00e+00 7.12e-01f  1
  52  3.1147591e+06 2.64e-12 1.24e+01  -8.6 7.91e-02    -  1.00e+00 7.42e-01f  1
  53  3.1147591e+06 1.06e-12 3.34e-09  -8.6 2.04e-02    -  1.00e+00 1.00e+00f  1

Number of Iterations....: 53

                                   (scaled)                 (unscaled)
Objective...............:   4.0564887731446774e+05    3.1147590716113383e+06
Dual infeasibility......:   3.3423563361445474e-09    2.5664152671852008e-08
Constraint violation....:   1.0640377468007500e-12    1.0640377468007500e-12
Variable bound violation:   1.8512128496794844e-08    1.8512128496794844e-08
Complementarity.........:   2.6035648423345238e-09    1.9991371022341473e-08
Overall NLP error.......:   3.3423563361445474e-09    2.5664152671852008e-08


Number of objective function evaluations             = 163
Number of objective gradient evaluations             = 54
Number of equality constraint evaluations            = 163
Number of inequality constraint evaluations          = 163
Number of equality constraint Jacobian evaluations   = 54
Number of inequality constraint Jacobian evaluations = 54
Number of Lagrangian Hessian evaluations             = 53
Total seconds in IPOPT (w/o function evaluations)    =     48.509
Total seconds in NLP function evaluations            =      3.044


Timing Statistics:

OverallAlgorithm....................:     51.551 (sys:      0.000 wall:     51.553)
 PrintProblemStatistics.............:      0.003 (sys:      0.000 wall:      0.003)
 InitializeIterates.................:      6.629 (sys:      0.000 wall:      6.629)
 UpdateHessian......................:      0.338 (sys:      0.000 wall:      0.337)
 OutputIteration....................:      0.014 (sys:      0.000 wall:      0.013)
 UpdateBarrierParameter.............:      0.057 (sys:      0.000 wall:      0.069)
 ComputeSearchDirection.............:     34.093 (sys:      0.000 wall:     34.095)
 ComputeAcceptableTrialPoint........:      9.093 (sys:      0.000 wall:      9.101)
 AcceptTrialPoint...................:      0.094 (sys:      0.000 wall:      0.096)
 CheckConvergence...................:      1.230 (sys:      0.000 wall:      1.210)
PDSystemSolverTotal.................:     38.552 (sys:      0.000 wall:     38.540)
 PDSystemSolverSolveOnce............:     37.257 (sys:      0.000 wall:     37.277)
 ComputeResiduals...................:      0.924 (sys:      0.000 wall:      0.885)
 StdAugSystemSolverMultiSolve.......:     43.192 (sys:      0.000 wall:     43.207)
 LinearSystemScaling................:      0.000 (sys:      0.000 wall:      0.000)
 LinearSystemSymbolicFactorization..:      6.111 (sys:      0.000 wall:      6.112)
 LinearSystemFactorization..........:      0.000 (sys:      0.000 wall:      0.000)
 LinearSystemBackSolve..............:     15.534 (sys:      0.000 wall:     15.517)
 LinearSystemStructureConverter.....:      0.000 (sys:      0.000 wall:      0.000)
  LinearSystemStructureConverterInit:      0.000 (sys:      0.000 wall:      0.000)
QualityFunctionSearch...............:      0.000 (sys:      0.000 wall:      0.000)
TryCorrector........................:      0.000 (sys:      0.000 wall:      0.000)
Task1...............................:      0.000 (sys:      0.000 wall:      0.000)
Task2...............................:      0.000 (sys:      0.000 wall:      0.000)
Task3...............................:      0.000 (sys:      0.000 wall:      0.000)
Task4...............................:      0.000 (sys:      0.000 wall:      0.000)
Task5...............................:      0.000 (sys:      0.000 wall:      0.000)
Task6...............................:      0.000 (sys:      0.000 wall:      0.000)
Function Evaluations................:      3.032 (sys:      0.000 wall:      3.044)
 Objective function.................:      0.015 (sys:      0.000 wall:      0.008)
 Objective function gradient........:      0.046 (sys:      0.000 wall:      0.030)
 Equality constraints...............:      1.963 (sys:      0.000 wall:      1.972)
 Inequality constraints.............:      0.025 (sys:      0.000 wall:      0.032)
 Equality constraint Jacobian.......:      0.094 (sys:      0.000 wall:      0.109)
 Inequality constraint Jacobian.....:      0.563 (sys:      0.000 wall:      0.564)
 Lagrangian Hessian.................:      0.326 (sys:      0.000 wall:      0.329)

EXIT: Optimal Solution Found.
CENTRAL_IPOPT system=large10kC_1ph T=6 profile=periodic C_B=2.400000e-05 gamma=4.200000e+02 status=LOCALLY_SOLVED iterations=53 objective=3114759.071611338295 solve_time_s=51.738 build_s=9.809 wall_s=63.990 variables=266070 solver=3.14.19
CENTRAL_IPOPT_BATTERY at_power_limit=0.000 mean_utilization=0.205 energy_window_used=1.000 throughput_pu_h=2.098029e+03 energy_term=3.103514e+06 cb_term=6.084968e+03 terminal_term=5.159878e+03
