QUIET_WAIT waited_s=18 other_cores=0.71 timed_out=0

******************************************************************************
This program contains Ipopt, a library for large-scale nonlinear optimization.
 Ipopt is released as open source code under the Eclipse Public License (EPL).
         For more information visit https://github.com/coin-or/Ipopt
******************************************************************************

This is Ipopt version 3.14.19, running with linear solver MUMPS 5.9.0.

Number of nonzeros in equality constraint Jacobian...:  5692980
Number of nonzeros in inequality constraint Jacobian.:  1981440
Number of nonzeros in Lagrangian Hessian.............:  1536060

Total number of variables............................:  2128560
                     variables with only lower bounds:   495408
                variables with lower and upper bounds:   642384
                     variables with only upper bounds:        0
Total number of equality constraints.................:  1535184
Total number of inequality constraints...............:   495360
        inequality constraints with only lower bounds:        0
   inequality constraints with lower and upper bounds:        0
        inequality constraints with only upper bounds:   495360

iter    objective    inf_pr   inf_du lg(mu)  ||d||  lg(rg) alpha_du alpha_pr  ls
   0  1.2375691e+05 6.40e-01 2.87e+01  -1.0 0.00e+00    -  0.00e+00 0.00e+00   0
   1  1.2820139e+05 6.40e-01 3.41e+01  -1.0 2.29e+02    -  4.32e-05 5.13e-04h  1
   2  1.2948757e+05 6.39e-01 3.49e+01  -1.0 1.18e+03    -  1.02e-04 3.18e-04f  1
   3  1.3043740e+05 6.39e-01 3.50e+01  -1.0 1.04e+03    -  1.71e-04 3.08e-04f  1
   4  1.0767734e+06 1.35e+01 3.31e+02  -1.0 1.06e+03    -  2.08e-04 3.07e-01f  1
   5  1.0787505e+06 1.35e+01 3.28e+02  -1.0 1.16e+04    -  2.46e-03 4.24e-04h  1
   6  1.0794245e+06 1.35e+01 3.28e+02  -1.0 1.16e+04    -  6.69e-04 1.91e-04h  1
   7  1.0806227e+06 1.35e+01 3.28e+02  -1.0 1.13e+04    -  3.42e-04 3.88e-04h  1
   8  1.0826146e+06 1.35e+01 3.29e+02  -1.0 1.05e+04    -  4.75e-04 7.08e-04f  1
   9  1.0869267e+06 1.35e+01 4.23e+02  -1.0 1.27e+04    -  5.90e-04 1.74e-03f  1
iter    objective    inf_pr   inf_du lg(mu)  ||d||  lg(rg) alpha_du alpha_pr  ls
  10  1.0906743e+06 1.34e+01 4.46e+02  -1.0 1.34e+04    -  1.34e-03 1.82e-03f  1
  11  1.0945137e+06 1.34e+01 4.53e+02  -1.0 1.14e+04    -  1.61e-03 1.91e-03f  1
  12  1.0988998e+06 1.34e+01 4.56e+02  -1.0 9.15e+03    -  2.00e-03 2.18e-03f  1
  13  1.1039698e+06 1.34e+01 4.52e+02  -1.0 6.81e+03    -  2.71e-03 2.52e-03f  1
  14  1.1121639e+06 1.33e+01 4.45e+02  -1.0 4.79e+03    -  4.63e-03 4.08e-03f  1
  15  1.1235782e+06 1.32e+01 4.41e+02  -1.0 2.97e+03    -  5.81e-03 5.66e-03f  1
  16  1.1442127e+06 1.31e+01 4.62e+02  -1.0 2.09e+03    -  5.60e-03 1.02e-02f  1
  17  1.1569560e+06 1.30e+01 4.45e+02  -1.0 1.70e+03    -  9.58e-03 6.27e-03f  1
  18  1.1798963e+06 1.29e+01 4.31e+02  -1.0 1.53e+03    -  1.40e-02 1.13e-02f  1
  19  1.2153072e+06 1.26e+01 4.35e+02  -1.0 1.39e+03    -  1.30e-02 1.76e-02f  1
iter    objective    inf_pr   inf_du lg(mu)  ||d||  lg(rg) alpha_du alpha_pr  ls
  20  1.2469254e+06 1.25e+01 4.29e+02  -1.0 1.31e+03    -  1.53e-02 1.60e-02f  1
  21  1.2577876e+06 1.24e+01 2.88e+02  -1.0 7.67e+02   0.0 1.39e-02 5.57e-03h  1
  22  1.3277377e+06 1.20e+01 3.45e+02  -1.0 7.60e+02  -0.5 2.14e-02 3.59e-02f  1
  23  1.3810983e+06 1.17e+01 3.22e+02  -1.0 9.69e+02    -  3.69e-02 2.84e-02f  1
  24  1.4503823e+06 1.13e+01 3.18e+02  -1.0 9.29e+02    -  3.14e-02 3.79e-02f  1
  25  1.5119943e+06 1.09e+01 2.98e+02  -1.0 8.83e+02    -  4.39e-02 3.50e-02h  1
  26  1.6164180e+06 1.03e+01 2.93e+02  -1.0 8.43e+02    -  4.44e-02 6.14e-02h  1
  27  1.7109762e+06 9.82e+00 2.79e+02  -1.0 7.78e+02    -  5.27e-02 5.92e-02h  1
  28  1.9802920e+06 8.74e+00 6.23e+02  -1.0 7.22e+02    -  5.24e-02 1.79e-01h  1
  29  2.2216672e+06 7.56e+00 9.57e+02  -1.0 5.68e+02    -  1.25e-01 1.95e-01h  1
iter    objective    inf_pr   inf_du lg(mu)  ||d||  lg(rg) alpha_du alpha_pr  ls
  30  2.4300172e+06 6.37e+00 1.12e+03  -1.0 4.38e+02    -  3.01e-01 2.09e-01h  1
  31  2.6897300e+06 4.86e+00 1.35e+03  -1.0 3.34e+02    -  1.18e-01 3.29e-01h  1
  32  2.9356062e+06 3.30e+00 1.31e+03  -1.0 2.11e+02    -  2.02e-01 4.66e-01h  1
  33  3.2128946e+06 9.25e-01 9.02e+02  -1.0 1.10e+02    -  1.49e-01 9.90e-01h  1
  34  3.2131170e+06 5.79e-06 6.54e+02  -1.0 2.73e+00  -1.0 1.41e-01 9.90e-01f  1
  35  3.1976676e+06 2.91e+00 3.68e+04  -1.0 1.09e+02    -  1.95e-01 8.55e-01f  1
  36  3.1948279e+06 2.56e+00 1.20e+04  -1.0 4.07e+02    -  1.86e-01 1.09e-01f  1
  37  3.1804157e+06 1.58e+00 1.03e+05  -1.0 2.52e+02    -  1.10e-01 3.55e-01f  1
  38  3.1486929e+06 1.33e+00 4.47e+05  -1.0 1.41e+02    -  1.55e-01 8.56e-01f  1
  39  3.1481651e+06 1.27e+00 4.12e+05  -1.0 9.85e+01    -  3.22e-02 2.42e-02f  1
iter    objective    inf_pr   inf_du lg(mu)  ||d||  lg(rg) alpha_du alpha_pr  ls
  40  3.1452325e+06 9.22e-01 1.90e+05  -1.0 9.61e+01    -  1.97e-01 1.44e-01f  1
  41  3.1398005e+06 2.59e-01 3.58e+05  -1.0 9.95e+01    -  2.50e-01 3.24e-01f  1
  42  3.1353511e+06 2.11e-01 2.86e+06  -1.0 1.05e+02    -  9.98e-02 9.03e-01f  1
  43  3.1390238e+06 9.20e-13 4.19e+06  -1.0 3.77e+01    -  3.41e-01 1.00e+00f  1
  44  3.1468839e+06 7.67e-13 4.10e+06  -1.0 2.23e+01    -  1.57e-01 1.00e+00f  1
  45  3.1563540e+06 8.49e-13 3.37e+06  -1.0 1.09e+01    -  1.79e-01 1.00e+00f  1
  46  3.1678982e+06 9.70e-13 2.38e+06  -1.0 8.69e+00    -  2.93e-01 1.00e+00f  1
  47  3.1838495e+06 1.03e-12 1.75e+06  -1.0 9.05e+00    -  2.66e-01 1.00e+00f  1
  48  3.2048724e+06 7.85e-13 1.73e+05  -1.0 8.80e+00    -  9.01e-01 1.00e+00f  1
  49  3.3553583e+06 7.23e-13 8.41e+04  -1.0 7.06e+01    -  5.14e-01 1.00e+00f  1
iter    objective    inf_pr   inf_du lg(mu)  ||d||  lg(rg) alpha_du alpha_pr  ls
  50  3.5083935e+06 8.56e-13 1.80e+04  -1.0 1.19e+02    -  7.86e-01 1.00e+00f  1
  51  3.6457227e+06 1.01e-12 1.06e+04  -1.0 6.43e+02    -  4.14e-01 1.00e+00f  1
  52  3.6756193e+06 1.03e-12 3.73e+03  -1.0 9.56e+02    -  6.47e-01 1.00e+00f  1
  53  3.6801752e+06 1.32e-12 1.56e+03  -1.0 2.68e+03    -  5.86e-01 1.00e+00f  1
  54  3.6807082e+06 1.07e-12 5.65e+02  -1.0 5.64e+03    -  6.38e-01 1.00e+00f  1
  55  3.6812238e+06 8.46e-13 1.83e+02  -1.0 1.18e+04    -  6.95e-01 1.00e+00f  1
  56  3.6820441e+06 9.40e-13 2.44e+01  -1.0 2.09e+04    -  8.83e-01 1.00e+00f  1
  57  3.6827436e+06 1.14e-12 4.69e+00  -1.0 2.39e+04    -  1.00e+00 1.00e+00f  1
  58  3.6828231e+06 1.35e-12 1.97e-01  -1.0 3.74e+03    -  1.00e+00 1.00e+00f  1
  59  3.1815861e+06 1.06e-12 1.30e+06  -2.5 2.55e+04    -  6.91e-01 8.39e-01f  1
iter    objective    inf_pr   inf_du lg(mu)  ||d||  lg(rg) alpha_du alpha_pr  ls
  60  3.1305566e+06 9.59e-13 4.27e+04  -2.5 2.82e+04    -  8.45e-01 7.34e-01f  1
  61  3.1170346e+06 7.03e-13 1.25e+04  -2.5 2.02e+04    -  8.87e-01 8.42e-01f  1
  62  3.1150536e+06 1.37e-12 3.37e-03  -2.5 4.76e+03    -  1.00e+00 1.00e+00h  1
  63  3.1150850e+06 7.96e-13 2.55e-05  -2.5 4.14e+01    -  1.00e+00 1.00e+00h  1
  64  3.1042471e+06 7.30e-13 1.18e+04  -3.8 4.54e+03    -  8.41e-01 7.93e-01f  1
  65  3.1021801e+06 3.21e-03 9.33e+02  -3.8 1.15e+03    -  1.00e+00 9.81e-01f  1
  66  3.1023515e+06 1.17e-12 2.30e-04  -3.8 2.45e+01    -  1.00e+00 1.00e+00f  1
  67  3.1018632e+06 4.63e-04 1.74e+03  -5.7 2.63e+02    -  9.69e-01 8.40e-01f  1
  68  3.1018201e+06 2.45e-05 4.80e+02  -5.7 2.67e+01    -  1.00e+00 7.78e-01f  1
  69  3.1018102e+06 9.18e-13 7.59e-05  -5.7 1.88e+00    -  1.00e+00 1.00e+00h  1
iter    objective    inf_pr   inf_du lg(mu)  ||d||  lg(rg) alpha_du alpha_pr  ls
  70  3.1018105e+06 1.13e-12 1.98e-06  -5.7 4.76e-01    -  1.00e+00 1.00e+00h  1
  71  3.1018060e+06 4.74e-07 2.67e+01  -8.6 1.77e+00    -  9.95e-01 8.36e-01f  1
  72  3.1018054e+06 5.83e-07 8.15e+00  -8.6 2.73e-01    -  9.91e-01 7.03e-01f  1
  73  3.1018052e+06 2.27e-10 2.02e+00  -8.6 8.09e-02    -  1.00e+00 7.52e-01h  1
  74  3.1018051e+06 9.17e-13 1.42e-07  -8.6 2.00e-02    -  1.00e+00 1.00e+00f  1
  75  3.1018051e+06 1.06e-12 1.85e-11  -8.6 5.45e-04    -  1.00e+00 1.00e+00h  1

Number of Iterations....: 75

                                   (scaled)                 (unscaled)
Objective...............:   5.6809617928339634e+05    3.1018051388873444e+06
Dual infeasibility......:   1.8492387339436945e-11    1.0096843487332571e-10
Constraint violation....:   1.0551559626037488e-12    1.0551559626037488e-12
Variable bound violation:   1.7147061548428155e-08    1.7147061548428155e-08
Complementarity.........:   6.5468207385771856e-09    3.5745641232631434e-08
Overall NLP error.......:   6.5468207385771856e-09    3.5745641232631434e-08


Number of objective function evaluations             = 76
Number of objective gradient evaluations             = 76
Number of equality constraint evaluations            = 76
Number of inequality constraint evaluations          = 76
Number of equality constraint Jacobian evaluations   = 76
Number of inequality constraint Jacobian evaluations = 76
Number of Lagrangian Hessian evaluations             = 75
Total seconds in IPOPT (w/o function evaluations)    =    594.464
Total seconds in NLP function evaluations            =     23.381


Timing Statistics:

OverallAlgorithm....................:    617.842 (sys:      0.000 wall:    617.845)
 PrintProblemStatistics.............:      0.040 (sys:      0.000 wall:      0.036)
 InitializeIterates.................:     61.430 (sys:      0.000 wall:     61.433)
 UpdateHessian......................:      4.337 (sys:      0.000 wall:      4.359)
 OutputIteration....................:      0.012 (sys:      0.000 wall:      0.007)
 UpdateBarrierParameter.............:      0.922 (sys:      0.000 wall:      0.945)
 ComputeSearchDirection.............:    513.366 (sys:      0.000 wall:    513.328)
 ComputeAcceptableTrialPoint........:     21.013 (sys:      0.000 wall:     21.020)
 AcceptTrialPoint...................:      1.182 (sys:      0.000 wall:      1.189)
 CheckConvergence...................:     15.540 (sys:      0.000 wall:     15.527)
PDSystemSolverTotal.................:    511.487 (sys:      0.000 wall:    511.504)
 PDSystemSolverSolveOnce............:    495.419 (sys:      0.000 wall:    495.436)
 ComputeResiduals...................:     11.693 (sys:      0.000 wall:     11.678)
 StdAugSystemSolverMultiSolve.......:    551.160 (sys:      0.000 wall:    551.151)
 LinearSystemScaling................:      0.000 (sys:      0.000 wall:      0.000)
 LinearSystemSymbolicFactorization..:     55.850 (sys:      0.000 wall:     55.851)
 LinearSystemFactorization..........:      0.000 (sys:      0.000 wall:      0.000)
 LinearSystemBackSolve..............:    139.665 (sys:      0.000 wall:    139.629)
 LinearSystemStructureConverter.....:      0.000 (sys:      0.000 wall:      0.000)
  LinearSystemStructureConverterInit:      0.000 (sys:      0.000 wall:      0.000)
QualityFunctionSearch...............:      0.000 (sys:      0.000 wall:      0.000)
TryCorrector........................:      0.000 (sys:      0.000 wall:      0.000)
Task1...............................:      0.000 (sys:      0.000 wall:      0.000)
Task2...............................:      0.000 (sys:      0.000 wall:      0.000)
Task3...............................:      0.000 (sys:      0.000 wall:      0.000)
Task4...............................:      0.000 (sys:      0.000 wall:      0.000)
Task5...............................:      0.000 (sys:      0.000 wall:      0.000)
Task6...............................:      0.000 (sys:      0.000 wall:      0.000)
Function Evaluations................:     23.376 (sys:      0.000 wall:     23.381)
 Objective function.................:      0.033 (sys:      0.000 wall:      0.034)
 Objective function gradient........:      0.319 (sys:      0.000 wall:      0.318)
 Equality constraints...............:      9.481 (sys:      0.000 wall:      9.493)
 Inequality constraints.............:      0.211 (sys:      0.000 wall:      0.226)
 Equality constraint Jacobian.......:      1.338 (sys:      0.000 wall:      1.296)
 Inequality constraint Jacobian.....:      7.740 (sys:      0.000 wall:      7.733)
 Lagrangian Hessian.................:      4.254 (sys:      0.000 wall:      4.281)

EXIT: Optimal Solution Found.
CENTRAL_IPOPT system=large10kC_1ph T=48 profile=periodic C_B=2.400000e-05 gamma=4.200000e+02 status=LOCALLY_SOLVED iterations=75 objective=3101805.138887344394 solve_time_s=618.780 build_s=45.719 wall_s=674.409 variables=2128560 solver=3.14.19
CENTRAL_IPOPT_BATTERY at_power_limit=0.061 mean_utilization=0.338 energy_window_used=1.000 throughput_pu_h=3.440588e+03 energy_term=3.072236e+06 cb_term=2.306882e+04 terminal_term=6.500386e+03
