QUIET_WAIT waited_s=18 other_cores=0.79 timed_out=0

******************************************************************************
This program contains Ipopt, a library for large-scale nonlinear optimization.
 Ipopt is released as open source code under the Eclipse Public License (EPL).
         For more information visit https://github.com/coin-or/Ipopt
******************************************************************************

This is Ipopt version 3.14.19, running with linear solver MUMPS 5.9.0.

Number of nonzeros in equality constraint Jacobian...:  2781735
Number of nonzeros in inequality constraint Jacobian.:   968064
Number of nonzeros in Lagrangian Hessian.............:   750201

Total number of variables............................:  1040064
                     variables with only lower bounds:   242112
                variables with lower and upper bounds:   313824
                     variables with only upper bounds:        0
Total number of equality constraints.................:   750240
Total number of inequality constraints...............:   242016
        inequality constraints with only lower bounds:        0
   inequality constraints with lower and upper bounds:        0
        inequality constraints with only upper bounds:   242016

iter    objective    inf_pr   inf_du lg(mu)  ||d||  lg(rg) alpha_du alpha_pr  ls
   0  4.1810895e+02 1.98e-01 3.56e+00  -1.0 0.00e+00    -  0.00e+00 0.00e+00   0
   1  4.9471967e+02 1.96e-01 1.62e+01  -1.0 1.38e+01    -  7.20e-04 1.21e-02f  1
   2  8.0543270e+02 1.89e-01 1.57e+01  -1.0 5.39e+00    -  1.11e-02 3.21e-02f  1
   3  1.1850648e+03 1.83e-01 1.65e+01  -1.0 4.23e+00    -  8.45e-03 3.42e-02f  1
   4  1.2935608e+03 1.81e-01 1.67e+01  -1.0 4.77e+00    -  6.17e-03 9.93e-03f  1
   5  1.3846052e+03 1.79e-01 5.43e+01  -1.0 4.17e+00    -  3.95e-02 9.36e-03f  1
   6  2.2654936e+03 1.62e-01 1.62e+01  -1.0 3.14e+00    -  6.26e-02 9.59e-02f  1
   7  3.1027788e+03 1.68e-01 3.38e+01  -1.0 4.16e+00    -  8.55e-02 9.96e-02f  1
   8  5.0845034e+03 4.83e-01 1.23e+02  -1.0 5.12e+00    -  1.81e-01 2.57e-01f  1
   9  6.1893020e+03 4.94e-01 8.38e+01  -1.0 6.99e+00    -  2.15e-01 1.78e-01f  1
iter    objective    inf_pr   inf_du lg(mu)  ||d||  lg(rg) alpha_du alpha_pr  ls
  10  7.1149911e+03 4.69e-01 2.52e+02  -1.0 7.57e+00    -  7.27e-01 1.70e-01f  1
  11  8.6808306e+03 4.30e-01 1.83e+02  -1.0 8.84e+00    -  3.03e-01 2.89e-01f  1
  12  9.8168133e+03 2.94e-01 1.52e+02  -1.0 7.89e+00    -  3.95e-01 3.08e-01f  1
  13  1.0872653e+04 1.42e-01 9.86e+01  -1.0 6.32e+00    -  5.18e-01 4.69e-01f  1
  14  1.2015388e+04 1.93e-04 3.50e+02  -1.0 8.93e+00    -  4.33e-01 9.90e-01h  1
  15  1.2009606e+04 1.92e-06 1.41e+02  -1.0 1.76e+01    -  7.52e-01 9.90e-01f  1
  16  1.2061864e+04 8.31e-09 2.27e+04  -1.0 7.63e+01    -  5.58e-01 9.96e-01f  1
  17  1.2082935e+04 8.48e-16 1.93e+06  -1.0 1.42e+02    -  6.26e-01 1.00e+00f  1
  18  1.2102606e+04 8.34e-16 2.42e+06  -1.0 3.14e+02    -  5.83e-01 1.00e+00f  1
  19  1.2125408e+04 7.18e-16 7.74e+05  -1.0 4.45e+02    -  6.81e-01 1.00e+00f  1
iter    objective    inf_pr   inf_du lg(mu)  ||d||  lg(rg) alpha_du alpha_pr  ls
  20  1.2154649e+04 8.37e-16 1.90e+05  -1.0 8.29e+02    -  7.54e-01 1.00e+00f  1
  21  1.2175845e+04 1.01e-15 9.59e-02  -1.0 9.23e+02    -  1.00e+00 1.00e+00f  1
  22  1.2039928e+04 8.83e-16 2.72e+06  -3.8 2.37e+03    -  6.99e-01 1.00e+00f  1
  23  1.1932046e+04 4.72e-14 1.92e+06  -3.8 1.73e+02    -  2.94e-01 9.19e-01f  1
  24  1.1831759e+04 1.15e-14 1.30e+06  -3.8 6.26e+01    -  3.24e-01 7.57e-01f  1
  25  1.1667542e+04 7.66e-16 9.45e+05  -3.8 5.33e+01    -  2.73e-01 1.00e+00f  1
  26  1.1489063e+04 8.35e-16 6.78e+05  -3.8 3.40e+01    -  2.83e-01 1.00e+00f  1
  27  1.1281991e+04 5.29e-15 5.02e+05  -3.8 2.45e+01    -  2.59e-01 1.00e+00f  1
  28  1.1042488e+04 8.91e-16 3.74e+05  -3.8 1.47e+01    -  2.56e-01 1.00e+00f  1
  29  1.0794457e+04 8.01e-16 2.81e+05  -3.8 1.11e+01    -  2.48e-01 1.00e+00f  1
iter    objective    inf_pr   inf_du lg(mu)  ||d||  lg(rg) alpha_du alpha_pr  ls
  30  1.0563991e+04 8.50e-16 1.86e+05  -3.8 8.28e+00    -  3.38e-01 1.00e+00f  1
  31  1.0300840e+04 1.49e-02 1.08e+05  -3.8 8.16e+00    -  4.17e-01 1.00e+00f  1
  32  1.0045470e+04 6.13e-02 4.54e+04  -3.8 9.12e+00    -  5.80e-01 7.60e-01f  1
  33  9.9039952e+03 1.07e-01 4.23e+04  -3.8 2.29e+01    -  6.99e-02 3.08e-01f  1
  34  9.8583180e+03 9.74e-02 3.11e+04  -3.8 1.77e+01    -  2.64e-01 1.21e-01f  1
  35  9.7689307e+03 8.68e-02 2.09e+04  -3.8 1.72e+01    -  3.29e-01 2.33e-01f  1
  36  9.6631976e+03 6.83e-02 1.47e+04  -3.8 1.50e+01    -  2.97e-01 3.06e-01f  1
  37  9.5697542e+03 4.38e-02 9.66e+03  -3.8 1.13e+01    -  3.43e-01 3.50e-01f  1
  38  9.4729532e+03 1.46e-02 5.05e+03  -3.8 7.82e+00    -  4.77e-01 5.12e-01h  1
  39  9.3726732e+03 8.61e-16 7.90e+02  -3.8 4.12e+00    -  8.44e-01 1.00e+00h  1
iter    objective    inf_pr   inf_du lg(mu)  ||d||  lg(rg) alpha_du alpha_pr  ls
  40  9.3699464e+03 8.53e-16 7.72e-07  -3.8 3.71e-01    -  1.00e+00 1.00e+00h  1
  41  9.2551985e+03 1.09e-15 6.11e+02  -5.7 1.07e+01    -  3.68e-01 3.23e-01f  1
  42  9.1238418e+03 1.16e-02 6.40e+02  -5.7 7.96e+00    -  4.15e-01 5.25e-01f  1
  43  9.0697975e+03 1.10e-02 8.40e+02  -5.7 4.14e+00    -  3.46e-01 4.43e-01f  1
  44  9.0525442e+03 9.25e-03 5.04e+02  -5.7 2.38e+00    -  2.92e-01 2.54e-01h  1
  45  9.0355636e+03 7.82e-03 4.95e+02  -5.7 1.80e+00    -  2.67e-01 3.36e-01h  1
  46  9.0271301e+03 6.52e-03 4.23e+02  -5.7 1.21e+00    -  2.22e-01 2.53e-01h  1
  47  9.0230310e+03 5.67e-03 3.49e+02  -5.7 9.06e-01    -  1.69e-01 1.66e-01h  1
  48  9.0207067e+03 5.10e-03 1.98e+02  -5.7 7.58e-01    -  2.15e-01 1.13e-01h  1
  49  9.0172746e+03 4.38e-03 2.14e+02  -5.7 6.73e-01    -  1.27e-01 1.89e-01h  1
iter    objective    inf_pr   inf_du lg(mu)  ||d||  lg(rg) alpha_du alpha_pr  ls
  50  9.0165524e+03 4.16e-03 1.75e+02  -5.7 5.47e-01    -  8.71e-02 4.94e-02h  1
  51  9.0139527e+03 3.54e-03 1.59e+02  -5.7 5.20e-01    -  1.63e-01 1.87e-01h  1
  52  9.0125349e+03 3.13e-03 1.19e+02  -5.7 4.23e-01    -  1.61e-01 1.26e-01h  1
  53  9.0114804e+03 2.80e-03 8.39e+01  -5.7 3.69e-01    -  1.53e-01 1.08e-01h  1
  54  9.0103156e+03 2.44e-03 7.79e+01  -5.7 3.29e-01    -  1.21e-01 1.34e-01h  1
  55  9.0093008e+03 2.12e-03 8.57e+01  -5.7 2.85e-01    -  8.42e-02 1.35e-01h  1
  56  9.0082480e+03 1.78e-03 5.55e+01  -5.7 2.47e-01    -  2.13e-01 1.63e-01h  1
  57  9.0075872e+03 1.54e-03 3.50e+01  -5.7 2.06e-01    -  1.76e-01 1.23e-01h  1
  58  9.0059018e+03 1.06e-03 3.66e+01  -5.7 1.81e-01    -  2.92e-01 3.59e-01h  1
  59  9.0044204e+03 5.43e-04 6.18e+01  -5.7 1.16e-01    -  2.08e-01 4.96e-01h  1
iter    objective    inf_pr   inf_du lg(mu)  ||d||  lg(rg) alpha_du alpha_pr  ls
  60  9.0037432e+03 1.79e-04 5.00e+01  -5.7 5.85e-02    -  3.19e-01 4.56e-01h  1
  61  9.0029442e+03 8.35e-16 3.93e+01  -5.7 3.18e-02    -  5.15e-01 1.00e+00h  1
  62  9.0029484e+03 8.69e-16 2.43e+00  -5.7 3.56e-03    -  9.38e-01 1.00e+00h  1
  63  9.0029480e+03 7.55e-16 6.13e-09  -5.7 2.25e-03    -  1.00e+00 1.00e+00h  1
  64  9.0017665e+03 1.26e-15 7.71e-01  -8.6 1.60e-01    -  2.79e-01 2.74e-01f  1
  65  9.0009495e+03 1.22e-15 1.10e+01  -8.6 1.16e-01    -  3.51e-01 2.65e-01h  1
  66  9.0004547e+03 1.34e-15 8.87e+00  -8.6 8.51e-02    -  2.26e-01 2.22e-01h  1
  67  8.9999563e+03 1.53e-15 4.50e+00  -8.6 6.62e-02    -  2.60e-01 2.90e-01h  1
  68  8.9995032e+03 1.13e-15 9.64e-01  -8.6 4.70e-02    -  3.36e-01 3.77e-01h  1
  69  8.9993510e+03 1.32e-15 6.52e+00  -8.6 2.93e-02    -  4.03e-01 2.09e-01h  1
iter    objective    inf_pr   inf_du lg(mu)  ||d||  lg(rg) alpha_du alpha_pr  ls
  70  8.9991255e+03 1.27e-06 2.47e+00  -8.6 2.32e-02    -  3.17e-01 3.98e-01h  1
  71  8.9989871e+03 1.98e-06 2.75e+00  -8.6 1.39e-02    -  5.27e-01 4.19e-01h  1
  72  8.9989117e+03 1.51e-06 1.65e+00  -8.6 8.10e-03    -  4.18e-01 4.13e-01h  1
  73  8.9988586e+03 8.40e-07 3.94e-01  -8.6 4.75e-03    -  1.66e-01 5.21e-01h  1
  74  8.9988446e+03 5.21e-07 4.51e-01  -8.6 2.28e-03    -  5.67e-01 3.07e-01h  1
  75  8.9988187e+03 8.41e-08 2.37e-01  -8.6 1.58e-03    -  6.39e-01 8.81e-01f  1
  76  8.9988170e+03 7.50e-16 2.67e-06  -8.6 7.32e-04    -  1.00e+00 1.00e+00f  1
  77  8.9988170e+03 9.24e-16 1.98e-07  -8.6 2.40e-04    -  1.00e+00 1.00e+00h  1
  78  8.9988169e+03 9.40e-16 4.94e-10  -8.6 1.92e-05    -  1.00e+00 1.00e+00h  1

Number of Iterations....: 78

                                   (scaled)                 (unscaled)
Objective...............:   1.6476777418688746e+03    8.9988169495346483e+03
Dual infeasibility......:   4.9443103212547755e-10    2.7003425725834326e-09
Constraint violation....:   9.3978644311043524e-16    9.3978644311043524e-16
Variable bound violation:   1.0837545527664361e-08    1.0837545527664361e-08
Complementarity.........:   2.5136479225115496e-09    1.3728326210562855e-08
Overall NLP error.......:   2.5136479225115496e-09    1.3728326210562855e-08


Number of objective function evaluations             = 79
Number of objective gradient evaluations             = 79
Number of equality constraint evaluations            = 79
Number of inequality constraint evaluations          = 79
Number of equality constraint Jacobian evaluations   = 79
Number of inequality constraint Jacobian evaluations = 79
Number of Lagrangian Hessian evaluations             = 78
Total seconds in IPOPT (w/o function evaluations)    =    207.341
Total seconds in NLP function evaluations            =      9.719


Timing Statistics:

OverallAlgorithm....................:    217.059 (sys:      0.000 wall:    217.060)
 PrintProblemStatistics.............:      0.012 (sys:      0.000 wall:      0.013)
 InitializeIterates.................:      5.872 (sys:      0.000 wall:      5.872)
 UpdateHessian......................:      1.866 (sys:      0.000 wall:      1.892)
 OutputIteration....................:      0.003 (sys:      0.000 wall:      0.008)
 UpdateBarrierParameter.............:      0.488 (sys:      0.000 wall:      0.487)
 ComputeSearchDirection.............:    191.442 (sys:      0.000 wall:    191.442)
 ComputeAcceptableTrialPoint........:      9.591 (sys:      0.000 wall:      9.563)
 AcceptTrialPoint...................:      0.567 (sys:      0.000 wall:      0.595)
 CheckConvergence...................:      7.217 (sys:      0.000 wall:      7.188)
PDSystemSolverTotal.................:    190.534 (sys:      0.000 wall:    190.539)
 PDSystemSolverSolveOnce............:    182.787 (sys:      0.000 wall:    182.801)
 ComputeResiduals...................:      5.677 (sys:      0.000 wall:      5.616)
 StdAugSystemSolverMultiSolve.......:    185.852 (sys:      0.000 wall:    185.853)
 LinearSystemScaling................:      0.000 (sys:      0.000 wall:      0.000)
 LinearSystemSymbolicFactorization..:      3.611 (sys:      0.000 wall:      3.610)
 LinearSystemFactorization..........:      0.000 (sys:      0.000 wall:      0.000)
 LinearSystemBackSolve..............:     61.629 (sys:      0.000 wall:     61.616)
 LinearSystemStructureConverter.....:      0.000 (sys:      0.000 wall:      0.000)
  LinearSystemStructureConverterInit:      0.000 (sys:      0.000 wall:      0.000)
QualityFunctionSearch...............:      0.000 (sys:      0.000 wall:      0.000)
TryCorrector........................:      0.000 (sys:      0.000 wall:      0.000)
Task1...............................:      0.000 (sys:      0.000 wall:      0.000)
Task2...............................:      0.000 (sys:      0.000 wall:      0.000)
Task3...............................:      0.000 (sys:      0.000 wall:      0.000)
Task4...............................:      0.000 (sys:      0.000 wall:      0.000)
Task5...............................:      0.000 (sys:      0.000 wall:      0.000)
Task6...............................:      0.000 (sys:      0.000 wall:      0.000)
Function Evaluations................:      9.668 (sys:      0.000 wall:      9.719)
 Objective function.................:      0.019 (sys:      0.000 wall:      0.022)
 Objective function gradient........:      0.152 (sys:      0.000 wall:      0.176)
 Equality constraints...............:      3.709 (sys:      0.000 wall:      3.702)
 Inequality constraints.............:      0.097 (sys:      0.000 wall:      0.095)
 Equality constraint Jacobian.......:      0.576 (sys:      0.000 wall:      0.599)
 Inequality constraint Jacobian.....:      3.278 (sys:      0.000 wall:      3.276)
 Lagrangian Hessian.................:      1.837 (sys:      0.000 wall:      1.848)

EXIT: Optimal Solution Found.
CENTRAL_IPOPT system=ieee2522C_1ph T=96 profile=periodic C_B=1.900000e-03 gamma=3.290000e+04 status=LOCALLY_SOLVED iterations=78 objective=8998.816949534648 solve_time_s=217.531 build_s=22.261 wall_s=244.219 variables=1040064 solver=3.14.19
CENTRAL_IPOPT_BATTERY at_power_limit=0.040 mean_utilization=0.338 energy_window_used=1.000 throughput_pu_h=1.074051e+01 energy_term=8.906680e+03 cb_term=6.731774e+01 terminal_term=2.481955e+01
