
******************************************************************************
This program contains Ipopt, a library for large-scale nonlinear optimization.
 Ipopt is released as open source code under the Eclipse Public License (EPL).
         For more information visit https://github.com/coin-or/Ipopt
******************************************************************************

This is Ipopt version 3.14.19, running with linear solver MUMPS 5.8.2.

Number of nonzeros in equality constraint Jacobian...:   173642
Number of nonzeros in inequality constraint Jacobian.:    80136
Number of nonzeros in Lagrangian Hessian.............:    46878

Total number of variables............................:    65022
                     variables with only lower bounds:    15132
                variables with lower and upper bounds:        0
                     variables with only upper bounds:        0
Total number of equality constraints.................:    46896
Total number of inequality constraints...............:    34758
        inequality constraints with only lower bounds:        0
   inequality constraints with lower and upper bounds:    19632
        inequality constraints with only upper bounds:    15126

iter    objective    inf_pr   inf_du lg(mu)  ||d||  lg(rg) alpha_du alpha_pr  ls
   0  3.3599966e+01 1.10e+00 4.45e+00  -1.0 0.00e+00    -  0.00e+00 0.00e+00   0
   1  2.7356318e+02 1.08e+00 1.08e+01  -1.0 6.79e+00    -  1.48e-03 1.87e-02f  1
   2  3.9043621e+02 1.07e+00 1.07e+01  -1.0 2.88e+00    -  2.46e-02 1.47e-02f  1
   3  4.5817192e+02 1.06e+00 1.06e+01  -1.0 3.54e+00    -  2.13e-02 8.86e-03f  1
   4  4.8809216e+02 1.05e+00 1.05e+01  -1.0 4.73e+00    -  8.49e-03 6.48e-03f  1
   5  5.0726586e+02 1.05e+00 1.05e+01  -1.0 9.75e+00    -  3.03e-03 4.19e-03h  1
   6  5.5311627e+02 1.04e+00 1.26e+01  -1.0 1.44e+01    -  2.62e-03 6.41e-03f  1
   7  6.3525217e+02 1.03e+00 1.66e+01  -1.0 1.55e+01    -  6.09e-03 9.00e-03f  1
   8  6.7271293e+02 1.02e+00 1.60e+01  -1.0 1.23e+01    -  5.30e-03 4.25e-03f  1
   9  7.6096526e+02 1.01e+00 2.13e+01  -1.0 1.26e+01    -  6.21e-03 9.77e-03f  1
iter    objective    inf_pr   inf_du lg(mu)  ||d||  lg(rg) alpha_du alpha_pr  ls
  10  8.3163448e+02 1.01e+00 2.20e+01  -1.0 1.23e+01    -  7.29e-03 7.68e-03f  1
  11  8.8198043e+02 1.00e+00 1.91e+01  -1.0 1.26e+01    -  8.19e-03 5.32e-03f  1
  12  1.0111437e+03 9.88e-01 2.53e+01  -1.0 1.27e+01    -  5.74e-03 1.34e-02f  1
  13  1.6120187e+03 9.27e-01 5.19e+01  -1.0 1.23e+01    -  1.53e-02 6.23e-02f  1
  14  1.8003847e+03 9.08e-01 5.02e+01  -1.0 1.03e+01    -  2.56e-02 2.04e-02f  1
  15  1.9387291e+03 8.94e-01 4.94e+01  -1.0 1.04e+01    -  1.53e-02 1.51e-02f  1
  16  2.4572081e+03 8.43e-01 4.84e+01  -1.0 1.04e+01    -  2.62e-02 5.66e-02f  1
  17  4.1915916e+03 6.78e-01 3.91e+01  -1.0 1.01e+01    -  7.33e-02 1.96e-01f  1
  18  5.2656871e+03 5.77e-01 4.05e+01  -1.0 8.85e+00    -  2.28e-01 1.48e-01f  1
  19  6.1328070e+03 5.03e-01 3.94e+01  -1.0 1.08e+01    -  1.89e-01 1.28e-01f  1
iter    objective    inf_pr   inf_du lg(mu)  ||d||  lg(rg) alpha_du alpha_pr  ls
  20  7.6233985e+03 3.87e-01 5.55e+01  -1.0 1.12e+01    -  4.91e-02 2.31e-01f  1
  21  8.1317284e+03 3.45e-01 2.28e+01  -1.0 7.61e+00    -  1.98e-01 1.09e-01f  1
  22  8.3282483e+03 3.28e-01 3.05e+02  -1.0 2.06e+01    -  5.99e-01 4.99e-02f  1
  23  9.0520461e+03 2.64e-01 2.28e+02  -1.0 5.79e+00    -  1.47e-01 1.95e-01f  1
  24  1.0376590e+04 1.41e-01 7.18e+01  -1.0 4.04e+00    -  3.17e-01 4.66e-01f  1
  25  1.1106414e+04 6.37e-02 4.53e+01  -1.0 9.32e+00    -  3.83e-01 5.48e-01f  1
  26  1.1668375e+04 6.37e-04 2.47e+01  -1.0 7.60e+00    -  8.82e-01 9.90e-01f  1
  27  1.1692330e+04 6.31e-06 6.23e+02  -1.0 2.39e+01    -  2.77e-01 9.90e-01f  1
  28  1.1702328e+04 2.29e-09 1.12e+04  -1.0 1.70e+01    -  8.71e-01 1.00e+00f  1
  29  1.1716794e+04 2.33e-15 5.90e+06  -1.0 6.28e+01    -  3.19e-01 1.00e+00f  1
iter    objective    inf_pr   inf_du lg(mu)  ||d||  lg(rg) alpha_du alpha_pr  ls
  30  1.1722595e+04 8.38e-16 6.48e+05  -1.0 3.50e+01    -  8.96e-01 1.00e+00f  1
  31  1.1729262e+04 1.04e-15 1.00e+05  -1.0 1.18e+02    -  8.46e-01 1.00e+00f  1
  32  1.1730782e+04 5.56e-16 1.98e-02  -1.0 3.67e+01    -  1.00e+00 1.00e+00h  1
  33  1.1534689e+04 3.14e-09 1.51e+06  -3.8 2.65e+02    -  7.87e-01 9.53e-01f  1
  34  1.1138450e+04 2.31e-02 2.82e+06  -3.8 5.45e+01    -  2.71e-01 6.39e-01f  1
  35  1.0562340e+04 1.27e-01 1.96e+06  -3.8 2.90e+01    -  3.34e-01 7.70e-01f  1
  36  1.0220719e+04 1.26e-01 1.41e+06  -3.8 2.43e+01    -  2.62e-01 3.78e-01f  1
  37  1.0034526e+04 1.21e-01 1.08e+06  -3.8 2.42e+01    -  2.37e-01 2.07e-01f  1
  38  9.9163953e+03 1.15e-01 8.03e+05  -3.8 2.50e+01    -  2.79e-01 1.43e-01f  1
  39  9.8034449e+03 1.09e-01 6.47e+05  -3.8 2.36e+01    -  2.04e-01 1.46e-01f  1
iter    objective    inf_pr   inf_du lg(mu)  ||d||  lg(rg) alpha_du alpha_pr  ls
  40  9.6115437e+03 1.04e-01 5.35e+05  -3.8 2.04e+01    -  1.48e-01 2.81e-01f  1
  41  9.5409453e+03 9.02e-02 3.97e+05  -3.8 1.48e+01    -  2.82e-01 1.43e-01f  1
  42  9.4740321e+03 7.69e-02 2.55e+05  -3.8 1.28e+01    -  4.11e-01 1.52e-01f  1
  43  9.3103545e+03 4.82e-02 2.03e+05  -3.8 1.09e+01    -  1.26e-01 4.13e-01f  1
  44  9.2730601e+03 4.03e-02 1.36e+05  -3.8 6.69e+00    -  3.70e-01 1.60e-01f  1
  45  9.2229245e+03 3.02e-02 9.91e+04  -3.8 6.14e+00    -  2.81e-01 2.52e-01f  1
  46  9.2112727e+03 2.77e-02 7.52e+04  -3.8 4.81e+00    -  3.01e-01 7.78e-02f  1
  47  9.1847722e+03 2.21e-02 3.88e+04  -3.8 4.49e+00    -  6.24e-01 1.92e-01f  1
  48  9.0982405e+03 7.35e-03 1.28e+04  -3.8 3.85e+00    -  5.65e-01 7.71e-01f  1
  49  9.0756195e+03 1.18e-12 3.84e+02  -3.8 8.85e-01    -  1.00e+00 9.16e-01h  1
iter    objective    inf_pr   inf_du lg(mu)  ||d||  lg(rg) alpha_du alpha_pr  ls
  50  9.0737281e+03 6.44e-16 4.29e-05  -3.8 7.51e-02    -  1.00e+00 1.00e+00h  1
  51  9.0512018e+03 9.75e-04 3.56e+03  -5.7 1.11e+00    -  3.95e-01 6.60e-01f  1
  52  9.0475415e+03 8.02e-04 2.03e+03  -5.7 3.85e-01    -  3.71e-01 3.25e-01f  1
  53  9.0447151e+03 6.24e-04 1.04e+03  -5.7 2.60e-01    -  4.22e-01 3.79e-01h  1
  54  9.0436110e+03 4.88e-04 9.69e+02  -5.7 1.61e-01    -  1.82e-01 2.44e-01h  1
  55  9.0430551e+03 4.04e-04 1.42e+02  -5.7 1.22e-01    -  4.40e-01 1.65e-01h  1
  56  9.0415951e+03 2.28e-04 2.76e+02  -5.7 1.02e-01    -  3.69e-01 5.23e-01h  1
  57  9.0410981e+03 1.36e-04 1.83e+02  -5.7 4.86e-02    -  3.72e-01 3.88e-01h  1
  58  9.0407631e+03 6.95e-05 3.63e+01  -5.7 2.97e-02    -  6.97e-01 4.38e-01h  1
  59  9.0403885e+03 1.55e-10 2.05e+01  -5.7 1.67e-02    -  1.00e+00 8.97e-01h  1
iter    objective    inf_pr   inf_du lg(mu)  ||d||  lg(rg) alpha_du alpha_pr  ls
  60  9.0403526e+03 7.24e-16 1.12e-05  -5.7 1.72e-03    -  1.00e+00 1.00e+00f  1
  61  9.0400962e+03 2.87e-11 1.74e+00  -8.6 1.39e-02    -  7.20e-01 7.09e-01f  1
  62  9.0400298e+03 1.21e-07 3.13e+00  -8.6 4.04e-03    -  6.56e-01 7.32e-01h  1
  63  9.0400175e+03 1.94e-07 7.55e-02  -8.6 1.08e-03    -  7.37e-01 6.79e-01h  1
  64  9.0400139e+03 4.34e-07 1.38e-01  -8.6 9.21e-04    -  8.00e-01 7.63e-01f  1
  65  9.0400130e+03 1.56e-07 6.13e-02  -8.6 4.58e-04    -  9.91e-01 9.37e-01f  1
  66  9.0400130e+03 6.32e-16 2.65e-06  -8.6 1.17e-04    -  1.00e+00 1.00e+00f  1
  67  9.0400130e+03 5.35e-16 2.03e-07  -8.6 3.25e-05    -  1.00e+00 1.00e+00h  1
  68  9.0400130e+03 7.07e-16 9.89e-10  -8.6 4.81e-06    -  1.00e+00 1.00e+00h  1

Number of Iterations....: 68

                                   (scaled)                 (unscaled)
Objective...............:   1.1468407388695377e+03    9.0400129965205051e+03
Dual infeasibility......:   9.8907336781827029e-10    7.7964060715204556e-09
Constraint violation....:   7.0711665689504599e-16    7.0711665689504599e-16
Variable bound violation:   4.8471241881479306e-09    4.8471241881479306e-09
Complementarity.........:   2.5160671630431865e-09    1.9832989083078202e-08
Overall NLP error.......:   2.5160671630431865e-09    1.9832989083078202e-08


Number of objective function evaluations             = 69
Number of objective gradient evaluations             = 69
Number of equality constraint evaluations            = 69
Number of inequality constraint evaluations          = 69
Number of equality constraint Jacobian evaluations   = 69
Number of inequality constraint Jacobian evaluations = 69
Number of Lagrangian Hessian evaluations             = 68
Total seconds in IPOPT                               = 15.037

EXIT: Optimal Solution Found.
