
******************************************************************************
This program contains Ipopt, a library for large-scale nonlinear optimization.
 Ipopt is released as open source code under the Eclipse Public License (EPL).
         For more information visit https://github.com/coin-or/Ipopt
******************************************************************************

This is Ipopt version 3.14.19, running with linear solver MUMPS 5.8.2.

Number of nonzeros in equality constraint Jacobian...:    39669
Number of nonzeros in inequality constraint Jacobian.:    18936
Number of nonzeros in Lagrangian Hessian.............:    10368

Total number of variables............................:    15936
                     variables with only lower bounds:     3072
                variables with lower and upper bounds:        0
                     variables with only upper bounds:        0
Total number of equality constraints.................:    10440
Total number of inequality constraints...............:     9792
        inequality constraints with only lower bounds:        0
   inequality constraints with lower and upper bounds:     6744
        inequality constraints with only upper bounds:     3048

iter    objective    inf_pr   inf_du lg(mu)  ||d||  lg(rg) alpha_du alpha_pr  ls
   0  3.3599966e+01 1.10e+00 1.36e+01  -1.0 0.00e+00    -  0.00e+00 0.00e+00   0
   1  4.1567281e+02 9.91e-01 3.25e+01  -1.0 3.44e+00    -  2.96e-03 1.01e-01f  1
   2  4.9160919e+02 9.59e-01 3.15e+01  -1.0 1.07e+00    -  1.03e-01 3.23e-02f  1
   3  7.1682901e+02 8.80e-01 2.89e+01  -1.0 1.68e+00    -  1.99e-02 8.22e-02f  1
   4  1.1856951e+03 7.35e-01 2.41e+01  -1.0 3.05e+00    -  3.80e-02 1.65e-01f  1
   5  2.3910348e+03 3.52e-01 3.16e+01  -1.0 1.90e+00    -  1.79e-01 5.22e-01h  1
   6  2.7470972e+03 3.43e-01 2.81e+01  -1.0 1.90e+00   0.0 1.42e-01 3.40e-01h  1
   7  2.9968215e+03 3.23e-01 1.95e+01  -1.0 8.44e-01    -  3.05e-01 3.32e-01f  1
   8  3.2927630e+03 1.07e-01 4.41e+00  -1.0 6.82e-01    -  8.14e-01 4.88e-01f  1
   9  3.7243978e+03 1.24e-02 3.87e+00  -1.0 2.23e+00    -  2.79e-01 8.43e-01f  1
iter    objective    inf_pr   inf_du lg(mu)  ||d||  lg(rg) alpha_du alpha_pr  ls
  10  3.8679169e+03 1.24e-04 1.23e+01  -1.0 1.63e+00    -  7.15e-01 9.90e-01f  1
  11  3.9068110e+03 1.18e-06 2.09e+03  -1.0 7.04e+00    -  5.25e-01 9.90e-01f  1
  12  3.9138882e+03 9.51e-13 1.75e+05  -1.0 1.39e+01    -  6.08e-01 1.00e+00f  1
  13  3.9168192e+03 1.18e-08 3.71e+06  -1.0 3.62e+01    -  5.78e-01 1.00e+00f  1
  14  3.9177173e+03 2.66e-12 1.52e+06  -1.0 8.42e+01    -  5.92e-01 1.00e+00f  1
  15  3.9213196e+03 2.98e-10 1.23e+06  -1.0 2.04e+02    -  5.90e-01 1.00e+00f  1
  16  3.9230182e+03 2.30e-12 4.90e+05  -1.0 4.77e+02    -  6.02e-01 1.00e+00f  1
  17  3.9283442e+03 8.98e-09 1.85e+05  -1.0 1.08e+03    -  6.23e-01 1.00e+00f  1
  18  3.9359231e+03 1.15e-12 5.93e+04  -1.0 2.30e+03    -  6.79e-01 1.00e+00f  1
  19  3.9533518e+03 4.88e-10 1.90e+04  -1.0 4.78e+03    -  6.80e-01 1.00e+00f  1
iter    objective    inf_pr   inf_du lg(mu)  ||d||  lg(rg) alpha_du alpha_pr  ls
  20  3.9712561e+03 7.50e-12 1.66e+03  -1.0 7.09e+03    -  9.13e-01 1.00e+00h  1
  21  3.9820385e+03 3.74e-12 3.73e-02  -1.0 9.84e+03    -  1.00e+00 1.00e+00h  1
  22  3.9826539e+03 1.34e-13 1.14e-03  -1.0 1.36e+03    -  1.00e+00 1.00e+00h  1
  23  3.2138036e+03 1.50e-01 2.86e+06  -3.8 1.87e+04    -  6.26e-01 9.42e-01f  1
  24  2.9387205e+03 8.16e-02 1.14e+06  -3.8 8.60e+03    -  6.66e-01 7.50e-01f  1
  25  2.8600257e+03 4.48e-02 1.32e+06  -3.8 3.37e+03    -  5.14e-01 7.05e-01h  1
  26  2.8351332e+03 3.09e-02 3.90e+05  -3.8 1.02e+03    -  6.69e-01 7.04e-01h  1
  27  2.8285074e+03 2.24e-02 1.76e+05  -3.8 3.06e+02    -  7.62e-01 5.51e-01h  1
  28  2.8235402e+03 2.34e-02 2.07e+04  -3.8 1.38e+02    -  9.70e-01 8.83e-01h  1
  29  2.8233736e+03 4.22e-03 1.01e-03  -3.8 1.69e+01    -  1.00e+00 1.00e+00h  1
iter    objective    inf_pr   inf_du lg(mu)  ||d||  lg(rg) alpha_du alpha_pr  ls
  30  2.8234216e+03 8.69e-11 5.06e-05  -3.8 4.15e-02    -  1.00e+00 1.00e+00h  1
  31  2.8216783e+03 1.12e-03 3.31e+02  -5.7 4.71e+01    -  8.33e-01 8.09e-01f  1
  32  2.8214478e+03 5.76e-04 1.94e+03  -5.7 8.86e+00    -  4.61e-01 7.38e-01h  1
  33  2.8213925e+03 1.65e-04 8.67e+02  -5.7 2.25e+00    -  6.06e-01 8.59e-01h  1
  34  2.8213836e+03 7.71e-06 4.41e+02  -5.7 3.20e-01    -  6.35e-01 1.00e+00h  1
  35  2.8213826e+03 2.45e-11 2.82e+01  -5.7 3.82e-02    -  9.50e-01 1.00e+00h  1
  36  2.8213825e+03 3.61e-14 4.03e-06  -5.7 2.82e-03    -  1.00e+00 1.00e+00h  1
  37  2.8213646e+03 1.05e-06 5.40e-01  -8.6 5.55e-01    -  8.32e-01 8.29e-01f  1
  38  2.8213622e+03 5.88e-07 7.20e+00  -8.6 9.51e-02    -  8.96e-01 7.04e-01h  1
  39  2.8213615e+03 2.11e-06 2.46e+00  -8.6 2.81e-02    -  1.00e+00 7.41e-01h  1
iter    objective    inf_pr   inf_du lg(mu)  ||d||  lg(rg) alpha_du alpha_pr  ls
  40  2.8213613e+03 5.14e-08 4.24e-01  -8.6 7.19e-03    -  1.00e+00 8.26e-01f  1
  41  2.8213613e+03 5.37e-10 1.74e-07  -8.6 1.19e-03    -  1.00e+00 1.00e+00f  1
  42  2.8213613e+03 3.86e-16 5.09e-10  -8.6 1.75e-04    -  1.00e+00 1.00e+00h  1

Number of Iterations....: 42

                                   (scaled)                 (unscaled)
Objective...............:   1.4116679044897739e+03    2.8213612547525436e+03
Dual infeasibility......:   5.0945259122414654e-10    1.0181925915023202e-09
Constraint violation....:   3.8569602349894587e-16    3.8569602349894587e-16
Variable bound violation:   4.8272837666686384e-09    4.8272837666686384e-09
Complementarity.........:   3.1621931985339721e-09    6.3199633157420101e-09
Overall NLP error.......:   3.1621931985339721e-09    6.3199633157420101e-09


Number of objective function evaluations             = 43
Number of objective gradient evaluations             = 43
Number of equality constraint evaluations            = 43
Number of inequality constraint evaluations          = 43
Number of equality constraint Jacobian evaluations   = 43
Number of inequality constraint Jacobian evaluations = 43
Number of Lagrangian Hessian evaluations             = 42
Total seconds in IPOPT                               = 3.035

EXIT: Optimal Solution Found.
