
******************************************************************************
This program contains Ipopt, a library for large-scale nonlinear optimization.
 Ipopt is released as open source code under the Eclipse Public License (EPL).
         For more information visit https://github.com/coin-or/Ipopt
******************************************************************************

This is Ipopt version 3.14.19, running with linear solver MUMPS 5.8.2.

Number of nonzeros in equality constraint Jacobian...:  1390886
Number of nonzeros in inequality constraint Jacobian.:   641088
Number of nonzeros in Lagrangian Hessian.............:   375024

Total number of variables............................:   520176
                     variables with only lower bounds:   121056
                variables with lower and upper bounds:        0
                     variables with only upper bounds:        0
Total number of equality constraints.................:   375168
Total number of inequality constraints...............:   278064
        inequality constraints with only lower bounds:        0
   inequality constraints with lower and upper bounds:   157056
        inequality constraints with only upper bounds:   121008

iter    objective    inf_pr   inf_du lg(mu)  ||d||  lg(rg) alpha_du alpha_pr  ls
   0  3.3599966e+01 1.10e+00 7.57e+00  -1.0 0.00e+00    -  0.00e+00 0.00e+00   0
   1  1.9347708e+02 1.09e+00 1.09e+01  -1.0 9.68e+00    -  1.03e-03 1.29e-02f  1
   2  3.0444052e+02 1.07e+00 1.08e+01  -1.0 3.41e+00    -  1.70e-02 1.26e-02f  1
   3  3.6589123e+02 1.07e+00 1.47e+01  -1.0 3.11e+00    -  2.20e-02 7.86e-03f  1
   4  4.2461019e+02 1.06e+00 2.27e+01  -1.0 4.33e+00    -  1.19e-02 9.15e-03f  1
   5  4.4979904e+02 1.05e+00 2.05e+01  -1.0 8.37e+00    -  4.99e-03 5.25e-03f  1
   6  4.7704529e+02 1.05e+00 1.30e+01  -1.0 1.07e+01    -  3.42e-03 4.93e-03f  1
   7  5.1054465e+02 1.04e+00 4.34e+01  -1.0 1.61e+01    -  2.92e-03 4.48e-03f  1
   8  5.9011526e+02 1.03e+00 9.55e+01  -1.0 1.56e+01    -  6.43e-03 9.29e-03f  1
   9  6.3011155e+02 1.03e+00 8.81e+01  -1.0 1.24e+01    -  5.37e-03 4.73e-03f  1
iter    objective    inf_pr   inf_du lg(mu)  ||d||  lg(rg) alpha_du alpha_pr  ls
  10  7.2512266e+02 1.02e+00 1.32e+02  -1.0 1.33e+01    -  6.68e-03 1.10e-02f  1
  11  8.0609565e+02 1.01e+00 1.65e+02  -1.0 1.29e+01    -  6.82e-03 9.24e-03f  1
  12  8.4549565e+02 1.00e+00 1.57e+02  -1.0 1.30e+01    -  4.98e-03 4.39e-03f  1
  13  9.4418742e+02 9.91e-01 1.86e+02  -1.0 1.31e+01    -  7.77e-03 1.09e-02f  1
  14  1.0996130e+03 9.74e-01 2.19e+02  -1.0 1.29e+01    -  1.16e-02 1.69e-02f  1
  15  1.5801819e+03 9.23e-01 2.98e+02  -1.0 1.22e+01    -  2.43e-02 5.25e-02f  1
  16  1.7288540e+03 9.07e-01 2.83e+02  -1.0 1.12e+01    -  2.99e-02 1.67e-02f  1
  17  2.0926291e+03 8.70e-01 2.85e+02  -1.0 1.12e+01    -  1.68e-02 4.10e-02f  1
  18  3.5169848e+03 7.27e-01 2.66e+02  -1.0 1.10e+01    -  4.63e-02 1.64e-01f  1
  19  5.1935415e+03 5.64e-01 1.54e+02  -1.0 9.60e+00    -  1.32e-01 2.25e-01f  1
iter    objective    inf_pr   inf_du lg(mu)  ||d||  lg(rg) alpha_du alpha_pr  ls
  20  5.9530525e+03 4.92e-01 1.86e+02  -1.0 8.17e+00    -  2.10e-01 1.28e-01f  1
  21  7.2360493e+03 3.80e-01 1.45e+02  -1.0 8.26e+00    -  2.31e-01 2.28e-01f  1
  22  8.1328794e+03 3.06e-01 9.62e+01  -1.0 8.26e+00    -  7.57e-02 1.95e-01f  1
  23  8.9831414e+03 2.29e-01 2.41e+02  -1.0 5.93e+00    -  7.39e-01 2.51e-01f  1
  24  9.3673642e+03 1.94e-01 2.27e+02  -1.0 5.37e+00    -  2.29e-01 1.51e-01f  1
  25  1.0570360e+04 8.24e-02 8.60e+01  -1.0 3.95e+00    -  4.44e-01 5.76e-01f  1
  26  1.1308767e+04 6.82e-03 1.35e+02  -1.0 4.57e+00    -  4.75e-01 9.19e-01f  1
  27  1.1377066e+04 6.65e-05 2.87e+01  -1.0 6.14e+00    -  8.65e-01 9.90e-01f  1
  28  1.1411353e+04 6.04e-07 5.24e+03  -1.0 2.45e+01    -  3.64e-01 9.91e-01f  1
  29  1.1423293e+04 5.69e-12 9.75e+04  -1.0 2.16e+01    -  8.83e-01 1.00e+00f  1
iter    objective    inf_pr   inf_du lg(mu)  ||d||  lg(rg) alpha_du alpha_pr  ls
  30  1.1437424e+04 3.63e-05 3.91e+09  -1.0 9.68e+01    -  1.88e-04 1.00e+00f  1
  31  1.1441179e+04 3.56e-07 3.84e+07  -1.0 5.71e+01    -  1.00e+00 9.90e-01f  1
  32  1.1444439e+04 9.73e-10 2.79e-02  -1.0 9.57e+01    -  1.00e+00 1.00e+00f  1
  33  1.1234820e+04 7.22e-09 1.60e+06  -3.8 2.81e+02    -  7.72e-01 9.48e-01f  1
  34  1.0918661e+04 3.76e-02 2.01e+06  -3.8 5.77e+01    -  2.97e-01 5.19e-01f  1
  35  1.0460853e+04 1.94e-01 2.06e+06  -3.8 3.71e+01    -  1.79e-01 5.99e-01f  1
  36  1.0212072e+04 2.17e-01 1.68e+06  -3.8 3.16e+01    -  2.39e-01 3.19e-01f  1
  37  9.9536141e+03 2.52e-01 1.42e+06  -3.8 3.41e+01    -  2.02e-01 3.01e-01f  1
  38  9.7373806e+03 2.61e-01 1.12e+06  -3.8 3.24e+01    -  2.13e-01 2.59e-01f  1
  39  9.6375638e+03 2.33e-01 8.77e+05  -3.8 2.93e+01    -  2.28e-01 1.29e-01f  1
iter    objective    inf_pr   inf_du lg(mu)  ||d||  lg(rg) alpha_du alpha_pr  ls
  40  9.5605240e+03 2.11e-01 7.38e+05  -3.8 2.84e+01    -  1.75e-01 1.01e-01f  1
  41  9.3742671e+03 2.22e-01 5.91e+05  -3.8 2.66e+01    -  1.77e-01 2.55e-01f  1
  42  9.3044037e+03 2.05e-01 4.74e+05  -3.8 2.07e+01    -  2.34e-01 1.19e-01f  1
  43  9.2027069e+03 1.78e-01 3.72e+05  -3.8 1.93e+01    -  2.33e-01 1.88e-01f  1
  44  9.0983629e+03 1.43e-01 2.77e+05  -3.8 1.61e+01    -  2.75e-01 2.30e-01f  1
  45  9.0055726e+03 1.14e-01 2.19e+05  -3.8 1.27e+01    -  1.68e-01 2.59e-01f  1
  46  8.9412943e+03 9.10e-02 1.47e+05  -3.8 9.46e+00    -  3.98e-01 2.41e-01f  1
  47  8.8729212e+03 6.43e-02 1.04e+05  -3.8 7.69e+00    -  2.44e-01 3.32e-01f  1
  48  8.8119286e+03 3.88e-02 6.03e+04  -3.8 5.24e+00    -  4.02e-01 4.42e-01f  1
  49  8.7644209e+03 1.78e-02 2.74e+04  -3.8 2.96e+00    -  4.76e-01 6.15e-01f  1
iter    objective    inf_pr   inf_du lg(mu)  ||d||  lg(rg) alpha_du alpha_pr  ls
  50  8.7486647e+03 8.01e-03 1.32e+04  -3.8 1.09e+00    -  5.03e-01 5.36e-01f  1
  51  8.7364836e+03 2.58e-04 1.26e+03  -3.8 5.10e-01    -  9.09e-01 8.99e-01h  1
  52  8.7351663e+03 1.89e-11 5.60e-05  -3.8 5.37e-02    -  1.00e+00 1.00e+00h  1
  53  8.7198039e+03 7.42e-04 1.61e+03  -5.7 1.14e+00    -  3.26e-01 4.45e-01f  1
  54  8.7168590e+03 7.94e-04 7.28e+02  -5.7 6.37e-01    -  2.38e-01 1.56e-01f  1
  55  8.7143276e+03 8.24e-04 2.22e+02  -5.7 5.39e-01    -  2.27e-01 1.60e-01f  1
  56  8.7115178e+03 8.88e-04 3.67e+02  -5.7 4.54e-01    -  2.50e-01 2.13e-01f  1
  57  8.7087464e+03 9.42e-04 2.49e+02  -5.7 3.58e-01    -  1.87e-01 2.68e-01f  1
  58  8.7075756e+03 8.55e-04 5.10e+02  -5.7 2.62e-01    -  6.81e-02 1.57e-01f  1
  59  8.7065434e+03 7.65e-04 4.53e+02  -5.7 2.21e-01    -  1.56e-01 1.64e-01f  1
iter    objective    inf_pr   inf_du lg(mu)  ||d||  lg(rg) alpha_du alpha_pr  ls
  60  8.7054103e+03 6.71e-04 5.94e+02  -5.7 1.84e-01    -  1.27e-01 2.17e-01f  1
  61  8.7044843e+03 5.71e-04 6.95e+02  -5.7 1.44e-01    -  1.26e-01 2.29e-01f  1
  62  8.7037260e+03 4.70e-04 4.03e+02  -5.7 1.11e-01    -  3.13e-01 2.45e-01f  1
  63  8.7027749e+03 3.53e-04 4.25e+02  -5.7 8.39e-02    -  2.86e-01 4.12e-01f  1
  64  8.7021255e+03 2.18e-04 3.63e+02  -5.7 4.93e-02    -  3.49e-01 4.90e-01f  1
  65  8.7018904e+03 1.35e-04 1.76e+02  -5.7 2.70e-02    -  4.45e-01 3.60e-01h  1
  66  8.7016888e+03 5.73e-05 5.38e+01  -5.7 1.91e-02    -  5.90e-01 4.93e-01h  1
  67  8.7015154e+03 3.51e-11 1.45e+01  -5.7 1.06e-02    -  1.00e+00 8.59e-01f  1
  68  8.7014895e+03 7.54e-11 9.51e-06  -5.7 1.92e-03    -  1.00e+00 1.00e+00f  1
  69  8.7013756e+03 2.20e-10 4.59e+01  -8.6 1.44e-02    -  5.82e-01 3.11e-01f  1
iter    objective    inf_pr   inf_du lg(mu)  ||d||  lg(rg) alpha_du alpha_pr  ls
  70  8.7012747e+03 7.99e-10 2.83e+01  -8.6 1.04e-02    -  4.33e-01 4.13e-01f  1
  71  8.7012387e+03 5.91e-10 3.17e+01  -8.6 6.35e-03    -  5.08e-01 2.61e-01f  1
  72  8.7012047e+03 3.88e-10 2.26e+01  -8.6 4.85e-03    -  4.27e-01 3.43e-01f  1
  73  8.7011592e+03 1.06e-10 3.06e+00  -8.6 3.32e-03    -  4.53e-01 7.26e-01f  1
  74  8.7011488e+03 6.75e-08 1.03e+00  -8.6 1.05e-03    -  7.45e-01 7.18e-01h  1
  75  8.7011463e+03 1.32e-07 2.35e-01  -8.6 6.18e-04    -  7.91e-01 7.83e-01f  1
  76  8.7011457e+03 3.76e-08 1.80e-02  -8.6 3.75e-04    -  1.00e+00 9.68e-01f  1
  77  8.7011457e+03 9.53e-16 2.71e-06  -8.6 1.07e-04    -  1.00e+00 1.00e+00f  1
  78  8.7011457e+03 8.76e-16 8.15e-09  -8.6 1.77e-05    -  1.00e+00 1.00e+00h  1

Number of Iterations....: 78

                                   (scaled)                 (unscaled)
Objective...............:   8.7011456744368697e+03    8.7011456744368697e+03
Dual infeasibility......:   8.1548419280340345e-09    8.1548419280340345e-09
Constraint violation....:   8.7560167449929338e-16    8.7560167449929338e-16
Variable bound violation:   4.8620130383138818e-09    4.8620130383138818e-09
Complementarity.........:   2.5467502932206686e-09    2.5467502932206686e-09
Overall NLP error.......:   8.1548419280340345e-09    8.1548419280340345e-09


Number of objective function evaluations             = 79
Number of objective gradient evaluations             = 79
Number of equality constraint evaluations            = 79
Number of inequality constraint evaluations          = 79
Number of equality constraint Jacobian evaluations   = 79
Number of inequality constraint Jacobian evaluations = 79
Number of Lagrangian Hessian evaluations             = 78
Total seconds in IPOPT                               = 137.531

EXIT: Optimal Solution Found.
