
******************************************************************************
This program contains Ipopt, a library for large-scale nonlinear optimization.
 Ipopt is released as open source code under the Eclipse Public License (EPL).
         For more information visit https://github.com/coin-or/Ipopt
******************************************************************************

This is Ipopt version 3.14.19, running with linear solver MUMPS 5.8.2.

Number of nonzeros in equality constraint Jacobian...:     9879
Number of nonzeros in inequality constraint Jacobian.:     4734
Number of nonzeros in Lagrangian Hessian.............:     2592

Total number of variables............................:     3984
                     variables with only lower bounds:      768
                variables with lower and upper bounds:        0
                     variables with only upper bounds:        0
Total number of equality constraints.................:     2610
Total number of inequality constraints...............:     2448
        inequality constraints with only lower bounds:        0
   inequality constraints with lower and upper bounds:     1686
        inequality constraints with only upper bounds:      762

iter    objective    inf_pr   inf_du lg(mu)  ||d||  lg(rg) alpha_du alpha_pr  ls
   0  3.3599966e+01 1.10e+00 9.10e+00  -1.0 0.00e+00    -  0.00e+00 0.00e+00   0
   1  7.2092342e+02 9.12e-01 3.20e+01  -1.0 2.07e+00    -  5.03e-03 1.72e-01f  1
   2  8.3174637e+02 8.63e-01 3.03e+01  -1.0 9.21e-01    -  1.06e-01 5.41e-02f  1
   3  1.0726601e+03 7.83e-01 2.75e+01  -1.0 2.90e+00    -  1.97e-02 9.31e-02f  1
   4  2.3319473e+03 4.15e-01 1.45e+01  -1.0 2.41e+00    -  1.02e-01 4.69e-01f  1
   5  2.3723999e+03 4.05e-01 1.42e+01  -1.0 1.48e+01    -  1.13e-02 2.48e-02f  1
   6  2.4181928e+03 3.91e-01 1.37e+01  -1.0 5.57e+00    -  3.71e-02 3.54e-02f  1
   7  2.4228749e+03 3.89e-01 1.36e+01  -1.0 1.24e+01   0.0 8.61e-04 4.84e-03f  1
   8  2.4849268e+03 3.68e-01 1.29e+01  -1.0 7.91e-01   0.4 7.45e-01 5.45e-02h  1
   9  3.5338754e+03 8.54e-02 5.60e+00  -1.0 2.85e+00    -  1.51e-01 7.68e-01h  1
iter    objective    inf_pr   inf_du lg(mu)  ||d||  lg(rg) alpha_du alpha_pr  ls
  10  3.6820424e+03 4.95e-02 2.43e+00  -1.0 4.46e+00    -  5.94e-01 4.20e-01f  1
  11  3.9753964e+03 4.95e-04 7.58e+00  -1.0 7.83e+00    -  3.15e-01 9.90e-01f  1
  12  4.0371232e+03 4.89e-06 3.96e+02  -1.0 1.10e+01    -  6.38e-01 9.90e-01f  1
  13  4.0663983e+03 1.11e-15 4.85e+04  -1.0 3.15e+01    -  5.68e-01 1.00e+00f  1
  14  4.0754886e+03 6.27e-10 3.67e+06  -1.0 7.19e+01    -  5.93e-01 1.00e+00f  1
  15  4.0785825e+03 3.48e-09 1.51e+06  -1.0 1.75e+02    -  5.89e-01 1.00e+00f  1
  16  4.0805928e+03 6.07e-12 6.32e+05  -1.0 4.10e+02    -  5.99e-01 1.00e+00f  1
  17  4.0832761e+03 2.90e-12 2.31e+05  -1.0 9.39e+02    -  6.17e-01 1.00e+00f  1
  18  4.0860889e+03 4.59e-13 7.77e+04  -1.0 1.98e+03    -  6.64e-01 1.00e+00f  1
  19  4.0907979e+03 1.18e-11 1.64e+04  -1.0 3.47e+03    -  7.88e-01 1.00e+00f  1
iter    objective    inf_pr   inf_du lg(mu)  ||d||  lg(rg) alpha_du alpha_pr  ls
  20  4.1036449e+03 2.80e-12 9.18e+03  -1.0 3.77e+03    -  4.43e-01 1.00e+00f  1
  21  4.1177621e+03 1.59e-13 3.17e+03  -1.0 4.56e+03    -  6.55e-01 1.00e+00f  1
  22  4.1328604e+03 8.02e-13 1.05e+03  -1.0 5.91e+03    -  6.84e-01 1.00e+00h  1
  23  4.1420384e+03 4.45e-12 1.53e+02  -1.0 7.44e+03    -  8.49e-01 1.00e+00h  1
  24  3.4820620e+03 2.67e-02 1.46e+06  -1.7 9.52e+03    -  7.98e-01 1.00e+00f  1
  25  3.2589173e+03 5.97e-11 2.12e-02  -1.7 5.35e+03    -  1.00e+00 1.00e+00h  1
  26  3.2642148e+03 2.00e-14 4.66e-04  -1.7 2.21e+02    -  1.00e+00 1.00e+00h  1
  27  3.0271180e+03 2.34e-02 9.27e+04  -2.5 4.64e+03    -  9.40e-01 1.00e+00f  1
  28  3.0147722e+03 1.31e-02 3.07e-03  -2.5 3.30e+02    -  1.00e+00 1.00e+00h  1
  29  3.0159342e+03 9.57e-12 7.44e-05  -2.5 2.73e+00    -  1.00e+00 1.00e+00h  1
iter    objective    inf_pr   inf_du lg(mu)  ||d||  lg(rg) alpha_du alpha_pr  ls
  30  2.9800682e+03 1.26e-02 1.46e+03  -5.7 8.41e+02    -  8.30e-01 8.36e-01f  1
  31  2.9752088e+03 1.02e-02 2.86e+02  -5.7 1.44e+02    -  7.07e-01 6.92e-01h  1
  32  2.9739915e+03 6.17e-03 5.66e+04  -5.7 4.46e+01    -  4.02e-01 6.67e-01h  1
  33  2.9736918e+03 2.89e-03 1.87e+04  -5.7 1.49e+01    -  8.25e-01 6.70e-01h  1
  34  2.9735975e+03 1.19e-03 4.04e+03  -5.7 4.83e+00    -  4.70e-01 7.84e-01h  1
  35  2.9735800e+03 1.67e-04 3.08e+02  -5.7 1.05e+00    -  5.67e-01 1.00e+00h  1
  36  2.9735764e+03 6.58e-06 1.10e+02  -5.7 1.98e-01    -  6.42e-01 1.00e+00h  1
  37  2.9735746e+03 3.02e-14 2.26e+01  -5.7 3.97e-02    -  7.95e-01 1.00e+00h  1
  38  2.9735742e+03 4.44e-16 6.00e-06  -5.7 1.91e-03    -  1.00e+00 1.00e+00h  1
  39  2.9735567e+03 2.58e-05 7.88e+00  -8.6 5.33e-01    -  7.83e-01 8.30e-01h  1
iter    objective    inf_pr   inf_du lg(mu)  ||d||  lg(rg) alpha_du alpha_pr  ls
  40  2.9735544e+03 5.79e-07 4.91e+00  -8.6 9.08e-02    -  9.00e-01 7.00e-01h  1
  41  2.9735536e+03 7.93e-07 2.21e+00  -8.6 2.73e-02    -  1.00e+00 7.42e-01h  1
  42  2.9735534e+03 1.42e-07 3.85e-01  -8.6 7.00e-03    -  1.00e+00 8.25e-01f  1
  43  2.9735534e+03 8.88e-16 2.22e-08  -8.6 1.11e-03    -  1.00e+00 1.00e+00f  1
  44  2.9735533e+03 3.84e-16 3.00e-09  -9.0 3.30e-04    -  1.00e+00 1.00e+00h  1

Number of Iterations....: 44

                                   (scaled)                 (unscaled)
Objective...............:   3.7723309817863122e+02    2.9735533406443265e+03
Dual infeasibility......:   3.0004766171654040e-09    2.3651363869117612e-08
Constraint violation....:   3.8392218494536718e-16    3.8392218494536718e-16
Variable bound violation:   7.9292852439857569e-09    7.9292852439857569e-09
Complementarity.........:   2.2624942503859499e-09    1.7834191561945021e-08
Overall NLP error.......:   3.0004766171654040e-09    2.3651363869117612e-08


Number of objective function evaluations             = 45
Number of objective gradient evaluations             = 45
Number of equality constraint evaluations            = 45
Number of inequality constraint evaluations          = 45
Number of equality constraint Jacobian evaluations   = 45
Number of inequality constraint Jacobian evaluations = 45
Number of Lagrangian Hessian evaluations             = 44
Total seconds in IPOPT                               = 0.640

EXIT: Optimal Solution Found.
