
******************************************************************************
This program contains Ipopt, a library for large-scale nonlinear optimization.
 Ipopt is released as open source code under the Eclipse Public License (EPL).
         For more information visit https://github.com/coin-or/Ipopt
******************************************************************************

This is Ipopt version 3.14.19, running with linear solver MUMPS 5.8.2.

Number of nonzeros in equality constraint Jacobian...:  2782022
Number of nonzeros in inequality constraint Jacobian.:  1282176
Number of nonzeros in Lagrangian Hessian.............:   750048

Total number of variables............................:  1040352
                     variables with only lower bounds:   242112
                variables with lower and upper bounds:        0
                     variables with only upper bounds:        0
Total number of equality constraints.................:   750336
Total number of inequality constraints...............:   556128
        inequality constraints with only lower bounds:        0
   inequality constraints with lower and upper bounds:   314112
        inequality constraints with only upper bounds:   242016

iter    objective    inf_pr   inf_du lg(mu)  ||d||  lg(rg) alpha_du alpha_pr  ls
   0  3.3599966e+01 1.10e+00 3.96e+00  -1.0 0.00e+00    -  0.00e+00 0.00e+00   0
   1  1.9193223e+02 1.09e+00 1.16e+01  -1.0 1.01e+01    -  9.94e-04 1.27e-02f  1
   2  3.0483348e+02 1.07e+00 1.14e+01  -1.0 3.48e+00    -  1.66e-02 1.25e-02f  1
   3  3.5707803e+02 1.07e+00 2.50e+01  -1.0 3.12e+00    -  2.36e-02 6.73e-03f  1
   4  4.1455514e+02 1.06e+00 5.94e+01  -1.0 3.95e+00    -  1.75e-02 8.88e-03f  1
   5  4.4092874e+02 1.05e+00 4.57e+01  -1.0 7.19e+00    -  4.07e-03 5.24e-03f  1
   6  4.5682145e+02 1.05e+00 6.03e+01  -1.0 1.13e+01    -  3.47e-03 2.75e-03f  1
   7  4.9920009e+02 1.04e+00 5.24e+01  -1.0 1.75e+01    -  2.28e-03 5.66e-03f  1
   8  5.3983445e+02 1.04e+00 1.92e+01  -1.0 1.66e+01    -  6.18e-03 4.81e-03f  1
   9  6.1008725e+02 1.03e+00 2.30e+01  -1.0 1.47e+01    -  7.48e-03 8.09e-03f  1
iter    objective    inf_pr   inf_du lg(mu)  ||d||  lg(rg) alpha_du alpha_pr  ls
  10  7.1523602e+02 1.02e+00 1.29e+02  -1.0 1.35e+01    -  5.97e-03 1.22e-02f  1
  11  7.8973259e+02 1.01e+00 1.51e+02  -1.0 1.30e+01    -  7.50e-03 8.51e-03f  1
  12  8.3626526e+02 1.00e+00 1.08e+02  -1.0 1.33e+01    -  7.22e-03 5.16e-03f  1
  13  9.5147383e+02 9.91e-01 2.07e+02  -1.0 1.34e+01    -  6.71e-03 1.25e-02f  1
  14  1.1127332e+03 9.74e-01 2.71e+02  -1.0 1.30e+01    -  1.19e-02 1.74e-02f  1
  15  1.5915965e+03 9.23e-01 4.33e+02  -1.0 1.22e+01    -  2.26e-02 5.20e-02f  1
  16  1.7429504e+03 9.08e-01 4.04e+02  -1.0 1.11e+01    -  3.16e-02 1.69e-02f  1
  17  2.1590249e+03 8.66e-01 4.13e+02  -1.0 1.12e+01    -  1.84e-02 4.64e-02f  1
  18  3.7592425e+03 7.07e-01 3.65e+02  -1.0 1.09e+01    -  5.25e-02 1.83e-01f  1
  19  5.3430410e+03 5.54e-01 2.16e+02  -1.0 9.09e+00    -  1.61e-01 2.16e-01f  1
iter    objective    inf_pr   inf_du lg(mu)  ||d||  lg(rg) alpha_du alpha_pr  ls
  20  6.1412358e+03 4.81e-01 2.92e+02  -1.0 8.00e+00    -  2.17e-01 1.32e-01f  1
  21  7.3913759e+03 3.76e-01 1.38e+02  -1.0 8.63e+00    -  6.79e-02 2.18e-01f  1
  22  8.1119269e+03 3.15e-01 1.21e+02  -1.0 7.79e+00    -  8.53e-02 1.64e-01f  1
  23  8.7974136e+03 2.52e-01 1.13e+02  -1.0 5.87e+00    -  3.66e-01 1.99e-01f  1
  24  8.8444924e+03 2.47e-01 3.36e+02  -1.0 1.08e+02    -  6.47e-01 1.77e-02f  1
  25  9.6386904e+03 1.75e-01 2.20e+02  -1.0 5.33e+00    -  2.21e-01 2.92e-01f  1
  26  1.0441406e+04 1.01e-01 1.57e+02  -1.0 3.51e+00    -  5.54e-01 4.26e-01f  1
  27  1.1489512e+04 1.60e-02 2.59e+02  -1.0 4.92e+00    -  4.26e-01 9.87e-01f  1
  28  1.1497429e+04 1.30e-05 5.27e+01  -1.0 6.48e+00    -  8.73e-01 9.90e-01f  1
  29  1.1536574e+04 6.92e-08 2.66e+04  -1.0 2.66e+01    -  3.70e-01 9.95e-01f  1
iter    objective    inf_pr   inf_du lg(mu)  ||d||  lg(rg) alpha_du alpha_pr  ls
  30  1.1551043e+04 9.23e-10 6.05e+05  -1.0 2.30e+01    -  8.58e-01 1.00e+00f  1
  31  1.1568903e+04 9.77e-08 4.09e+05  -1.0 1.05e+02    -  3.25e-01 1.00e+00f  1
  32  1.1576190e+04 2.01e-08 2.53e+05  -1.0 1.07e+02    -  8.88e-01 1.00e+00h  1
  33  1.1585102e+04 9.99e-09 2.29e+04  -1.0 2.41e+02    -  9.09e-01 1.00e+00f  1
  34  1.1586996e+04 8.53e-10 1.51e-02  -1.0 7.64e+01    -  1.00e+00 1.00e+00h  1
  35  1.1435808e+04 3.73e-09 8.88e+05  -3.8 5.53e+02    -  8.69e-01 9.80e-01f  1
  36  1.1104027e+04 2.38e-02 1.43e+06  -3.8 8.74e+01    -  3.03e-01 5.45e-01f  1
  37  1.0700692e+04 1.38e-01 2.80e+06  -3.8 5.63e+01    -  1.59e-01 5.53e-01f  1
  38  1.0401400e+04 1.82e-01 2.01e+06  -3.8 3.19e+01    -  2.70e-01 4.06e-01f  1
  39  1.0101024e+04 2.52e-01 1.56e+06  -3.8 3.72e+01    -  1.68e-01 3.56e-01f  1
iter    objective    inf_pr   inf_du lg(mu)  ||d||  lg(rg) alpha_du alpha_pr  ls
  40  9.8945242e+03 2.38e-01 1.18e+06  -3.8 3.18e+01    -  2.33e-01 2.57e-01f  1
  41  9.6878416e+03 2.37e-01 9.18e+05  -3.8 3.03e+01    -  2.04e-01 2.63e-01f  1
  42  9.6398064e+03 2.22e-01 7.58e+05  -3.8 2.64e+01    -  2.32e-01 6.86e-02f  1
  43  9.5236614e+03 1.90e-01 6.21e+05  -3.8 2.67e+01    -  1.93e-01 1.62e-01f  1
  44  9.3995101e+03 1.61e-01 4.98e+05  -3.8 2.38e+01    -  2.02e-01 1.92e-01f  1
  45  9.3104976e+03 1.48e-01 4.00e+05  -3.8 2.01e+01    -  2.25e-01 1.61e-01f  1
  46  9.2227030e+03 1.33e-01 3.17e+05  -3.8 1.73e+01    -  2.30e-01 1.81e-01f  1
  47  9.1321936e+03 1.13e-01 2.40e+05  -3.8 1.45e+01    -  2.61e-01 2.23e-01f  1
  48  9.0460846e+03 9.23e-02 1.64e+05  -3.8 1.14e+01    -  3.69e-01 2.68e-01f  1
  49  8.9551068e+03 6.34e-02 1.04e+05  -3.8 8.53e+00    -  3.45e-01 3.81e-01f  1
iter    objective    inf_pr   inf_du lg(mu)  ||d||  lg(rg) alpha_du alpha_pr  ls
  50  8.9013822e+03 4.09e-02 6.01e+04  -3.8 5.52e+00    -  4.99e-01 3.62e-01f  1
  51  8.8348170e+03 1.37e-02 1.81e+04  -3.8 3.60e+00    -  6.99e-01 7.00e-01f  1
  52  8.8065922e+03 4.59e-04 2.76e-04  -3.8 1.06e+00    -  1.00e+00 1.00e+00f  1
  53  8.8067161e+03 1.18e-13 3.38e-05  -3.8 5.03e-02    -  1.00e+00 1.00e+00h  1
  54  8.7739050e+03 1.55e-03 1.34e+03  -5.7 2.30e+00    -  3.73e-01 4.72e-01f  1
  55  8.7637438e+03 1.68e-03 1.34e+03  -5.7 1.21e+00    -  2.35e-01 2.79e-01f  1
  56  8.7582410e+03 1.76e-03 9.46e+02  -5.7 8.77e-01    -  2.31e-01 2.11e-01f  1
  57  8.7545034e+03 1.74e-03 7.10e+02  -5.7 6.94e-01    -  1.96e-01 1.83e-01f  1
  58  8.7519143e+03 1.65e-03 5.12e+02  -5.7 5.68e-01    -  1.80e-01 1.56e-01f  1
  59  8.7495382e+03 1.55e-03 4.38e+02  -5.7 4.81e-01    -  1.67e-01 1.71e-01f  1
iter    objective    inf_pr   inf_du lg(mu)  ||d||  lg(rg) alpha_du alpha_pr  ls
  60  8.7470348e+03 1.46e-03 4.49e+02  -5.7 3.99e-01    -  1.82e-01 2.18e-01f  1
  61  8.7460866e+03 1.34e-03 3.68e+02  -5.7 3.13e-01    -  1.21e-01 1.06e-01f  1
  62  8.7442309e+03 1.21e-03 5.94e+02  -5.7 2.79e-01    -  8.62e-02 2.34e-01f  1
  63  8.7431517e+03 1.05e-03 5.40e+02  -5.7 2.14e-01    -  1.52e-01 1.79e-01f  1
  64  8.7421281e+03 8.99e-04 5.43e+02  -5.7 1.75e-01    -  1.36e-01 2.08e-01f  1
  65  8.7412027e+03 7.41e-04 5.49e+02  -5.7 1.39e-01    -  1.41e-01 2.39e-01h  1
  66  8.7401650e+03 5.62e-04 2.62e+02  -5.7 1.06e-01    -  4.41e-01 3.56e-01h  1
  67  8.7392519e+03 3.68e-04 2.76e+02  -5.7 7.22e-02    -  3.01e-01 4.96e-01h  1
  68  8.7386550e+03 1.47e-04 2.01e+02  -5.7 4.30e-02    -  4.42e-01 6.60e-01h  1
  69  8.7384209e+03 2.25e-06 2.05e+02  -5.7 1.93e-02    -  1.82e-01 7.96e-01h  1
iter    objective    inf_pr   inf_du lg(mu)  ||d||  lg(rg) alpha_du alpha_pr  ls
  70  8.7383642e+03 2.06e-10 6.98e+00  -5.7 5.45e-03    -  9.68e-01 1.00e+00f  1
  71  8.7383643e+03 5.83e-12 1.67e-06  -5.7 1.53e-03    -  1.00e+00 1.00e+00h  1
  72  8.7380630e+03 8.26e-11 2.20e+01  -8.6 3.06e-02    -  5.30e-01 3.98e-01f  1
  73  8.7379395e+03 2.66e-10 2.12e+01  -8.6 2.06e-02    -  3.48e-01 2.80e-01f  1
  74  8.7378874e+03 2.25e-10 3.16e+01  -8.6 1.56e-02    -  4.25e-01 1.68e-01h  1
  75  8.7378067e+03 1.54e-10 2.22e+01  -8.6 1.36e-02    -  3.38e-01 3.18e-01f  1
  76  8.7377552e+03 1.31e-10 1.77e+01  -8.6 9.66e-03    -  4.18e-01 3.04e-01h  1
  77  8.7377193e+03 1.52e-07 1.32e+01  -8.6 7.01e-03    -  4.05e-01 3.14e-01h  1
  78  8.7376866e+03 2.98e-07 7.84e+00  -8.6 4.99e-03    -  4.73e-01 4.29e-01h  1
  79  8.7376551e+03 3.71e-07 1.53e+00  -8.6 3.36e-03    -  6.69e-01 7.62e-01h  1
iter    objective    inf_pr   inf_du lg(mu)  ||d||  lg(rg) alpha_du alpha_pr  ls
  80  8.7376491e+03 1.07e-07 1.32e-01  -8.6 1.34e-03    -  6.09e-01 7.83e-01h  1
  81  8.7376479e+03 3.13e-10 8.08e-02  -8.6 5.55e-04    -  7.10e-01 9.03e-01f  1
  82  8.7376478e+03 1.78e-15 2.44e-06  -8.6 2.00e-04    -  1.00e+00 1.00e+00f  1
  83  8.7376478e+03 8.61e-16 9.46e-09  -8.6 5.22e-05    -  1.00e+00 1.00e+00h  1

Number of Iterations....: 83

                                   (scaled)                 (unscaled)
Objective...............:   8.7376477973517194e+03    8.7376477973517194e+03
Dual infeasibility......:   9.4631027761903503e-09    9.4631027761903503e-09
Constraint violation....:   8.6053126430174487e-16    8.6053126430174487e-16
Variable bound violation:   0.0000000000000000e+00    0.0000000000000000e+00
Complementarity.........:   2.6314320912839108e-09    2.6314320912839108e-09
Overall NLP error.......:   9.4631027761903503e-09    9.4631027761903503e-09


Number of objective function evaluations             = 84
Number of objective gradient evaluations             = 84
Number of equality constraint evaluations            = 84
Number of inequality constraint evaluations          = 84
Number of equality constraint Jacobian evaluations   = 84
Number of inequality constraint Jacobian evaluations = 84
Number of Lagrangian Hessian evaluations             = 83
Total seconds in IPOPT                               = 304.973

EXIT: Optimal Solution Found.
