
******************************************************************************
This program contains Ipopt, a library for large-scale nonlinear optimization.
 Ipopt is released as open source code under the Eclipse Public License (EPL).
         For more information visit https://github.com/coin-or/Ipopt
******************************************************************************

This is Ipopt version 3.14.19, running with linear solver MUMPS 5.8.2.

Number of nonzeros in equality constraint Jacobian...:     4914
Number of nonzeros in inequality constraint Jacobian.:     2367
Number of nonzeros in Lagrangian Hessian.............:     1296

Total number of variables............................:     1992
                     variables with only lower bounds:      384
                variables with lower and upper bounds:        0
                     variables with only upper bounds:        0
Total number of equality constraints.................:     1305
Total number of inequality constraints...............:     1224
        inequality constraints with only lower bounds:        0
   inequality constraints with lower and upper bounds:      843
        inequality constraints with only upper bounds:      381

iter    objective    inf_pr   inf_du lg(mu)  ||d||  lg(rg) alpha_du alpha_pr  ls
   0  3.3599966e+01 1.10e+00 8.09e+00  -1.0 0.00e+00    -  0.00e+00 0.00e+00   0
   1  6.6946732e+02 9.13e-01 2.16e+01  -1.0 1.57e+00    -  6.73e-03 1.72e-01f  1
   2  7.7163918e+02 8.64e-01 2.05e+01  -1.0 9.21e-01    -  1.20e-01 5.34e-02f  1
   3  1.0861543e+03 7.53e-01 1.79e+01  -1.0 2.86e+00    -  2.84e-02 1.28e-01f  1
   4  2.5095425e+03 3.16e-01 8.22e+00  -1.0 1.54e+00    -  1.64e-01 5.81e-01h  1
   5  2.7375872e+03 2.29e-01 6.67e+00  -1.0 2.19e+00    -  1.64e-01 2.73e-01h  1
   6  3.1549262e+03 3.73e-01 3.00e+00  -1.0 1.04e+00    -  5.37e-01 6.98e-01h  1
   7  3.3713905e+03 1.23e-01 9.48e-01  -1.0 1.13e+00    -  8.41e-01 6.76e-01f  1
   8  3.0512492e+03 2.25e-04 1.92e+00  -1.7 6.15e-01    -  6.77e-01 9.90e-01f  1
   9  2.9907027e+03 2.19e-06 1.36e+02  -1.7 1.46e+00    -  7.15e-01 9.90e-01f  1
iter    objective    inf_pr   inf_du lg(mu)  ||d||  lg(rg) alpha_du alpha_pr  ls
  10  2.9855275e+03 3.49e-13 2.42e+04  -1.7 5.07e+00    -  5.12e-01 1.00e+00f  1
  11  2.9855603e+03 5.40e-14 6.98e+05  -1.7 1.04e+01    -  6.09e-01 1.00e+00f  1
  12  2.9859372e+03 8.31e-13 2.93e+05  -1.7 2.62e+01    -  5.80e-01 1.00e+00f  1
  13  2.9864904e+03 9.29e-14 1.19e+05  -1.7 6.09e+01    -  5.96e-01 1.00e+00f  1
  14  2.9871320e+03 3.63e-15 4.65e+04  -1.7 1.41e+02    -  6.08e-01 1.00e+00f  1
  15  2.9885751e+03 6.66e-16 1.72e+04  -1.7 3.08e+02    -  6.30e-01 1.00e+00f  1
  16  2.9911872e+03 3.91e-15 5.51e+03  -1.7 5.72e+02    -  6.79e-01 1.00e+00f  1
  17  2.9948610e+03 1.15e-12 8.57e+02  -1.7 7.79e+02    -  8.44e-01 1.00e+00h  1
  18  2.9975059e+03 1.85e-13 1.15e-02  -1.7 8.73e+02    -  1.00e+00 1.00e+00h  1
  19  2.8407263e+03 1.40e-02 3.45e+04  -2.5 1.98e+03    -  9.78e-01 1.00e+00f  1
iter    objective    inf_pr   inf_du lg(mu)  ||d||  lg(rg) alpha_du alpha_pr  ls
  20  2.8354077e+03 1.31e-02 3.23e-03  -2.5 6.28e+01    -  1.00e+00 1.00e+00h  1
  21  2.8363607e+03 5.53e-12 5.42e-05  -2.5 2.72e+00    -  1.00e+00 1.00e+00h  1
  22  2.8133755e+03 8.83e-03 6.15e+02  -3.8 3.38e+02    -  8.76e-01 8.78e-01f  1
  23  2.8100493e+03 5.65e-03 3.25e-03  -3.8 4.23e+01    -  1.00e+00 1.00e+00h  1
  24  2.8102328e+03 1.28e-04 8.41e-04  -3.8 2.99e-01    -  1.00e+00 1.00e+00h  1
  25  2.8091058e+03 7.13e-04 2.57e+03  -5.7 1.89e+01    -  6.38e-01 8.29e-01f  1
  26  2.8089838e+03 2.87e-04 5.37e+02  -5.7 3.21e+00    -  7.70e-01 7.46e-01h  1
  27  2.8089454e+03 6.25e-05 2.47e+03  -5.7 8.06e-01    -  5.01e-01 9.11e-01h  1
  28  2.8089403e+03 1.23e-06 1.37e+02  -5.7 8.25e-02    -  7.56e-01 1.00e+00f  1
  29  2.8089391e+03 1.10e-10 1.35e-05  -5.7 2.08e-02    -  1.00e+00 1.00e+00h  1
iter    objective    inf_pr   inf_du lg(mu)  ||d||  lg(rg) alpha_du alpha_pr  ls
  30  2.8089270e+03 4.56e-07 3.58e+01  -8.6 2.28e-01    -  6.16e-01 8.30e-01h  1
  31  2.8089254e+03 2.33e-07 8.68e+00  -8.6 3.88e-02    -  7.33e-01 7.01e-01h  1
  32  2.8089248e+03 5.95e-07 1.05e+00  -8.6 1.16e-02    -  9.62e-01 8.26e-01f  1
  33  2.8089247e+03 1.57e-08 1.48e-01  -8.6 2.02e-03    -  1.00e+00 9.05e-01f  1
  34  2.8089247e+03 3.32e-16 8.99e-09  -8.6 1.88e-04    -  1.00e+00 1.00e+00f  1

Number of Iterations....: 34

                                   (scaled)                 (unscaled)
Objective...............:   2.5079684385918131e+02    2.8089246512228306e+03
Dual infeasibility......:   8.9893451571398941e-09    1.0068066575996680e-07
Constraint violation....:   3.3218324522840759e-16    3.3218324522840759e-16
Variable bound violation:   5.1462501521424289e-09    5.1462501521424289e-09
Complementarity.........:   7.3563874344257997e-09    8.2391539265568952e-08
Overall NLP error.......:   8.9893451571398941e-09    1.0068066575996680e-07


Number of objective function evaluations             = 35
Number of objective gradient evaluations             = 35
Number of equality constraint evaluations            = 35
Number of inequality constraint evaluations          = 35
Number of equality constraint Jacobian evaluations   = 35
Number of inequality constraint Jacobian evaluations = 35
Number of Lagrangian Hessian evaluations             = 34
Total seconds in IPOPT                               = 0.280

EXIT: Optimal Solution Found.
