
******************************************************************************
This program contains Ipopt, a library for large-scale nonlinear optimization.
 Ipopt is released as open source code under the Eclipse Public License (EPL).
         For more information visit https://github.com/coin-or/Ipopt
******************************************************************************

This is Ipopt version 3.14.19, running with linear solver MUMPS 5.8.2.

Number of nonzeros in equality constraint Jacobian...:   238269
Number of nonzeros in inequality constraint Jacobian.:   113616
Number of nonzeros in Lagrangian Hessian.............:    62208

Total number of variables............................:    95616
                     variables with only lower bounds:    18432
                variables with lower and upper bounds:        0
                     variables with only upper bounds:        0
Total number of equality constraints.................:    62640
Total number of inequality constraints...............:    58752
        inequality constraints with only lower bounds:        0
   inequality constraints with lower and upper bounds:    40464
        inequality constraints with only upper bounds:    18288

iter    objective    inf_pr   inf_du lg(mu)  ||d||  lg(rg) alpha_du alpha_pr  ls
   0  3.3599966e+01 1.10e+00 5.01e+00  -1.0 0.00e+00    -  0.00e+00 0.00e+00   0
   1  1.9919634e+02 1.06e+00 1.75e+01  -1.0 4.33e+00    -  2.34e-03 4.29e-02f  1
   2  2.8110528e+02 1.03e+00 1.71e+01  -1.0 1.64e+00    -  4.93e-02 2.44e-02f  1
   3  3.5434564e+02 1.01e+00 1.67e+01  -1.0 1.48e+00    -  4.27e-02 2.28e-02f  1
   4  4.3596361e+02 9.79e-01 1.63e+01  -1.0 3.68e+00    -  1.31e-02 2.70e-02f  1
   5  6.4019825e+02 9.13e-01 1.52e+01  -1.0 4.26e+00    -  1.70e-02 6.76e-02f  1
   6  1.2721432e+03 7.23e-01 2.87e+01  -1.0 2.48e+00    -  5.95e-02 2.08e-01f  1
   7  2.1328423e+03 4.64e-01 4.53e+01  -1.0 1.24e+00    -  1.29e-01 3.58e-01f  1
   8  3.6319850e+03 1.97e-01 1.39e+01  -1.0 1.21e+00    -  3.67e-01 9.82e-01f  1
   9  3.9593135e+03 1.02e-03 3.36e+00  -1.0 5.72e-01    -  8.27e-01 8.74e-01f  1
iter    objective    inf_pr   inf_du lg(mu)  ||d||  lg(rg) alpha_du alpha_pr  ls
  10  4.6448892e+03 1.02e-05 3.65e+02  -1.0 1.87e+00    -  3.18e-01 9.90e-01f  1
  11  4.7225052e+03 4.11e-08 1.42e+04  -1.0 1.95e+00    -  7.35e-01 9.96e-01f  1
  12  4.7929477e+03 1.76e-10 2.59e+06  -1.0 7.24e+00    -  5.21e-01 1.00e+00f  1
  13  4.8007493e+03 1.97e-08 1.04e+06  -1.0 1.51e+01    -  5.97e-01 1.00e+00f  1
  14  4.8089476e+03 8.00e-09 4.36e+05  -1.0 3.74e+01    -  5.82e-01 1.00e+00f  1
  15  4.8074021e+03 3.86e-09 1.10e+06  -1.0 8.92e+01    -  5.88e-01 1.00e+00f  1
  16  4.8140506e+03 1.90e-09 1.03e+06  -1.0 2.14e+02    -  5.87e-01 1.00e+00f  1
  17  4.8135191e+03 7.12e-10 6.84e+05  -1.0 5.07e+02    -  5.92e-01 1.00e+00f  1
  18  4.8215117e+03 8.32e-11 3.91e+05  -1.0 1.19e+03    -  6.00e-01 1.00e+00f  1
  19  4.8269117e+03 3.56e-11 1.66e+05  -1.0 2.72e+03    -  6.20e-01 1.00e+00f  1
iter    objective    inf_pr   inf_du lg(mu)  ||d||  lg(rg) alpha_du alpha_pr  ls
  20  4.8466229e+03 8.41e-11 5.44e+04  -1.0 5.81e+03    -  6.72e-01 1.00e+00f  1
  21  4.8719845e+03 8.26e-12 1.28e+04  -1.0 1.03e+04    -  8.11e-01 1.00e+00f  1
  22  4.8996711e+03 9.26e-09 3.15e+03  -1.0 2.00e+04    -  7.53e-01 1.00e+00f  1
  23  4.9073057e+03 9.94e-12 8.53e-02  -1.0 1.29e+04    -  1.00e+00 1.00e+00h  1
  24  4.3845326e+03 5.96e-07 1.03e+01  -1.7 1.97e+04    -  8.33e-01 8.93e-01f  1
  25  3.7794644e+03 2.07e-07 1.22e+01  -1.7 1.28e+04    -  1.00e+00 8.14e-01f  1
  26  3.6281650e+03 1.30e-07 2.46e+07  -1.7 4.04e+03    -  2.67e-01 1.00e+00h  1
  27  3.6365356e+03 6.66e-08 1.95e+07  -1.7 2.14e+02    -  2.72e-01 1.00e+00h  1
  28  3.6364162e+03 6.17e-08 1.12e+07  -1.7 7.18e+00    -  3.50e-01 1.00e+00h  1
  29  3.6364176e+03 1.37e-09 3.57e+06  -1.7 7.53e-01    -  6.22e-01 1.00e+00h  1
iter    objective    inf_pr   inf_du lg(mu)  ||d||  lg(rg) alpha_du alpha_pr  ls
  30  3.6364178e+03 8.08e-10 2.00e-07  -1.7 8.56e-02    -  1.00e+00 1.00e+00h  1
  31  3.2647947e+03 3.57e-09 1.73e+05  -5.7 1.37e+04    -  6.72e-01 5.78e-01f  1
  32  2.9567890e+03 6.13e-02 4.85e+04  -5.7 7.79e+03    -  7.11e-01 7.77e-01f  1
  33  2.8962491e+03 4.59e-02 1.81e+04  -5.7 2.17e+03    -  6.27e-01 6.27e-01h  1
  34  2.8806966e+03 3.59e-02 2.04e+04  -5.7 8.40e+02    -  5.63e-01 4.25e-01h  1
  35  2.8754266e+03 2.96e-02 2.44e+04  -5.7 4.87e+02    -  5.56e-01 2.53e-01h  1
  36  2.8741044e+03 2.74e-02 6.59e+04  -5.7 3.65e+02    -  5.42e-01 8.58e-02h  1
  37  2.8639444e+03 4.15e-02 5.50e+04  -5.7 3.34e+02    -  4.94e-01 7.19e-01h  1
  38  2.8622525e+03 1.93e-02 2.06e+07  -5.7 9.40e+01    -  1.05e-03 6.07e-01h  1
  39  2.8617823e+03 9.41e-03 9.54e+06  -5.7 3.70e+01    -  6.27e-01 5.37e-01h  1
iter    objective    inf_pr   inf_du lg(mu)  ||d||  lg(rg) alpha_du alpha_pr  ls
  40  2.8615423e+03 3.19e-03 2.49e+06  -5.7 1.70e+01    -  5.41e-01 7.39e-01h  1
  41  2.8614953e+03 4.40e-04 1.48e+05  -5.7 4.30e+00    -  5.75e-01 9.41e-01h  1
  42  2.8614952e+03 1.00e-06 1.93e+02  -5.7 2.60e-01    -  7.29e-01 1.00e+00h  1
  43  2.8614937e+03 1.29e-09 3.74e-05  -5.7 4.70e-02    -  1.00e+00 1.00e+00h  1
  44  2.8614936e+03 1.80e-11 1.98e-06  -5.7 1.63e-03    -  1.00e+00 1.00e+00h  1
  45  2.8614404e+03 1.91e-05 2.65e+01  -8.6 1.67e+00    -  6.43e-01 8.00e-01f  1
  46  2.8614321e+03 8.47e-06 1.06e+01  -8.6 3.34e-01    -  6.60e-01 7.08e-01h  1
  47  2.8614297e+03 3.06e-06 6.05e-01  -8.6 9.76e-02    -  8.33e-01 7.13e-01h  1
  48  2.8614289e+03 3.68e-06 4.10e-01  -8.6 2.80e-02    -  9.48e-01 7.92e-01h  1
  49  2.8614287e+03 1.80e-08 1.73e-06  -8.6 5.75e-03    -  1.00e+00 1.00e+00f  1
iter    objective    inf_pr   inf_du lg(mu)  ||d||  lg(rg) alpha_du alpha_pr  ls
  50  2.8614287e+03 4.06e-16 1.89e-09  -8.6 8.82e-04    -  1.00e+00 1.00e+00h  1

Number of Iterations....: 50

                                   (scaled)                 (unscaled)
Objective...............:   2.8614287457419287e+03    2.8614287457419287e+03
Dual infeasibility......:   1.8924780076368108e-09    1.8924780076368108e-09
Constraint violation....:   4.0608622963855118e-16    4.0608622963855118e-16
Variable bound violation:   0.0000000000000000e+00    0.0000000000000000e+00
Complementarity.........:   4.2074888870370992e-09    4.2074888870370992e-09
Overall NLP error.......:   4.2074888870370992e-09    4.2074888870370992e-09


Number of objective function evaluations             = 51
Number of objective gradient evaluations             = 51
Number of equality constraint evaluations            = 51
Number of inequality constraint evaluations          = 51
Number of equality constraint Jacobian evaluations   = 51
Number of inequality constraint Jacobian evaluations = 51
Number of Lagrangian Hessian evaluations             = 50
Total seconds in IPOPT                               = 20.848

EXIT: Optimal Solution Found.
