
******************************************************************************
This program contains Ipopt, a library for large-scale nonlinear optimization.
 Ipopt is released as open source code under the Eclipse Public License (EPL).
         For more information visit https://github.com/coin-or/Ipopt
******************************************************************************

This is Ipopt version 3.14.19, running with linear solver MUMPS 5.8.2.

Number of nonzeros in equality constraint Jacobian...:  4173158
Number of nonzeros in inequality constraint Jacobian.:  1923264
Number of nonzeros in Lagrangian Hessian.............:  1125072

Total number of variables............................:  1560528
                     variables with only lower bounds:   363168
                variables with lower and upper bounds:        0
                     variables with only upper bounds:        0
Total number of equality constraints.................:  1125504
Total number of inequality constraints...............:   834192
        inequality constraints with only lower bounds:        0
   inequality constraints with lower and upper bounds:   471168
        inequality constraints with only upper bounds:   363024

iter    objective    inf_pr   inf_du lg(mu)  ||d||  lg(rg) alpha_du alpha_pr  ls
   0  3.3599966e+01 1.10e+00 2.68e+00  -1.0 0.00e+00    -  0.00e+00 0.00e+00   0
   1  1.9142160e+02 1.09e+00 1.18e+01  -1.0 1.02e+01    -  9.81e-04 1.26e-02f  1
   2  3.0486104e+02 1.07e+00 1.16e+01  -1.0 3.50e+00    -  1.65e-02 1.25e-02f  1
   3  3.5288584e+02 1.07e+00 3.20e+01  -1.0 3.12e+00    -  2.41e-02 6.20e-03f  1
   4  4.0814823e+02 1.06e+00 8.58e+01  -1.0 3.82e+00    -  1.99e-02 8.48e-03f  1
   5  4.3752849e+02 1.05e+00 5.82e+01  -1.0 6.63e+00    -  3.71e-03 5.71e-03f  1
   6  4.5190676e+02 1.05e+00 8.65e+01  -1.0 1.14e+01    -  3.56e-03 2.47e-03f  1
   7  4.8236394e+02 1.05e+00 2.53e+01  -1.0 1.79e+01    -  2.19e-03 4.04e-03f  1
   8  5.2735935e+02 1.04e+00 2.94e+01  -1.0 1.78e+01    -  5.43e-03 5.33e-03f  1
   9  6.0231578e+02 1.03e+00 8.20e+01  -1.0 1.55e+01    -  6.99e-03 8.59e-03f  1
iter    objective    inf_pr   inf_du lg(mu)  ||d||  lg(rg) alpha_du alpha_pr  ls
  10  6.9788671e+02 1.02e+00 2.37e+02  -1.0 1.33e+01    -  5.71e-03 1.11e-02f  1
  11  7.6946661e+02 1.01e+00 2.06e+02  -1.0 1.31e+01    -  9.15e-03 8.20e-03f  1
  12  8.2717077e+02 1.01e+00 1.73e+02  -1.0 1.36e+01    -  1.03e-02 6.38e-03f  1
  13  9.5446286e+02 9.92e-01 2.45e+02  -1.0 1.38e+01    -  5.97e-03 1.37e-02f  1
  14  1.1241513e+03 9.74e-01 3.43e+02  -1.0 1.31e+01    -  1.21e-02 1.82e-02f  1
  15  1.5992338e+03 9.24e-01 5.71e+02  -1.0 1.23e+01    -  2.22e-02 5.14e-02f  1
  16  1.7493910e+03 9.08e-01 5.27e+02  -1.0 1.11e+01    -  3.32e-02 1.67e-02f  1
  17  2.2194263e+03 8.61e-01 5.45e+02  -1.0 1.12e+01    -  1.97e-02 5.21e-02f  1
  18  4.0556023e+03 6.80e-01 4.55e+02  -1.0 1.08e+01    -  5.83e-02 2.10e-01f  1
  19  5.4339521e+03 5.47e-01 3.76e+02  -1.0 8.65e+00    -  2.00e-01 1.96e-01f  1
iter    objective    inf_pr   inf_du lg(mu)  ||d||  lg(rg) alpha_du alpha_pr  ls
  20  6.3653339e+03 4.64e-01 2.68e+02  -1.0 8.63e+00    -  1.14e-01 1.51e-01f  1
  21  7.4845645e+03 3.69e-01 1.89e+02  -1.0 8.51e+00    -  4.28e-02 2.05e-01f  1
  22  8.1611923e+03 3.09e-01 2.87e+02  -1.0 1.92e+01    -  4.85e-02 1.61e-01f  1
  23  8.5420976e+03 2.75e-01 3.37e+02  -1.0 9.81e+01    -  4.39e-02 1.13e-01f  1
  24  8.8033804e+03 2.49e-01 3.52e+02  -1.0 1.25e+02    -  6.77e-01 9.17e-02f  1
  25  8.8780600e+03 2.43e-01 3.46e+02  -1.0 1.71e+02    -  3.87e-01 2.68e-02f  1
  26  9.3542065e+03 2.00e-01 5.16e+02  -1.0 1.65e+01    -  4.44e-01 1.74e-01f  1
  27  1.0317612e+04 1.14e-01 1.62e+02  -1.0 4.53e+00    -  2.28e-01 4.31e-01f  1
  28  1.1411107e+04 1.33e-02 1.89e+02  -1.0 3.85e+00    -  6.23e-01 8.83e-01f  1
  29  1.1544065e+04 1.33e-04 1.98e+02  -1.0 9.69e+00    -  6.62e-01 9.90e-01f  1
iter    objective    inf_pr   inf_du lg(mu)  ||d||  lg(rg) alpha_du alpha_pr  ls
  30  1.1573973e+04 1.27e-06 1.64e+03  -1.0 1.51e+01    -  5.98e-01 9.90e-01f  1
  31  1.1593343e+04 5.97e-14 9.53e+04  -1.0 2.38e+01    -  7.73e-01 1.00e+00f  1
  32  1.1612706e+04 1.53e-07 4.66e+04  -1.0 7.20e+01    -  5.11e-01 1.00e+00f  1
  33  1.1617887e+04 7.60e-08 3.74e+04  -1.0 1.11e+02    -  6.92e-01 5.00e-01f  2
  34  1.1625475e+04 3.80e-08 5.59e+04  -1.0 2.32e+02    -  5.63e-01 5.00e-01f  2
  35  1.1629181e+04 2.85e-08 5.60e+05  -1.0 2.93e+02    -  7.35e-01 2.50e-01f  3
  36  1.1633482e+04 1.46e-07 2.03e+06  -1.0 4.27e+02    -  1.28e-01 2.50e-01f  3
  37  1.1647169e+04 4.33e-08 1.21e-01  -1.0 3.46e+02    -  1.00e+00 1.00e+00h  1
  38  1.1521204e+04 1.95e-09 2.46e+05  -2.5 7.22e+02    -  9.22e-01 1.00e+00f  1
  39  1.1226053e+04 1.48e-09 9.41e+04  -2.5 9.74e+01    -  6.18e-01 5.61e-01f  1
iter    objective    inf_pr   inf_du lg(mu)  ||d||  lg(rg) alpha_du alpha_pr  ls
  40  1.0990615e+04 1.32e-09 1.33e+05  -2.5 5.99e+01    -  5.48e-01 3.69e-01f  1
  41  1.0523656e+04 1.00e-01 7.06e+04  -2.5 4.16e+01    -  9.02e-01 7.57e-01f  1
  42  1.0258314e+04 2.67e-10 2.09e-03  -2.5 1.12e+01    -  1.00e+00 1.00e+00f  1
  43  1.0265741e+04 1.05e-11 2.97e-05  -2.5 8.01e-01    -  1.00e+00 1.00e+00h  1
  44  9.8909158e+03 1.17e-01 3.30e+04  -3.8 3.25e+01    -  3.07e-01 4.43e-01f  1
  45  9.6874623e+03 1.50e-01 2.97e+04  -3.8 2.89e+01    -  2.26e-01 2.56e-01f  1
  46  9.5849724e+03 1.39e-01 1.20e+04  -3.8 2.47e+01    -  2.65e-01 1.46e-01f  1
  47  9.4841502e+03 1.22e-01 4.63e+03  -3.8 2.30e+01    -  2.43e-01 1.52e-01f  1
  48  9.3532527e+03 1.02e-01 6.54e+03  -3.8 2.04e+01    -  2.58e-01 2.20e-01f  1
  49  9.2617535e+03 9.32e-02 1.14e+04  -3.8 1.64e+01    -  2.97e-01 1.88e-01f  1
iter    objective    inf_pr   inf_du lg(mu)  ||d||  lg(rg) alpha_du alpha_pr  ls
  50  9.1583319e+03 8.51e-02 1.25e+04  -3.8 1.35e+01    -  3.55e-01 2.56e-01f  1
  51  9.0562995e+03 7.03e-02 1.03e+04  -3.8 1.01e+01    -  4.15e-01 3.35e-01f  1
  52  8.9686283e+03 4.68e-02 7.89e+03  -3.8 6.76e+00    -  5.74e-01 4.31e-01f  1
  53  8.9143982e+03 2.36e-02 6.39e+03  -3.8 3.93e+00    -  8.29e-01 4.71e-01f  1
  54  8.8612853e+03 1.11e-03 8.86e+02  -3.8 2.08e+00    -  1.00e+00 8.79e-01f  1
  55  8.8543109e+03 1.47e-10 8.75e-06  -3.8 2.42e-01    -  1.00e+00 1.00e+00h  1
  56  8.8113992e+03 1.13e-03 3.67e+02  -5.7 3.49e+00    -  3.85e-01 4.12e-01f  1
  57  8.7896583e+03 2.44e-03 1.41e+03  -5.7 2.04e+00    -  2.29e-01 3.54e-01f  1
  58  8.7773606e+03 2.75e-03 1.30e+03  -5.7 1.31e+00    -  2.65e-01 3.13e-01f  1
  59  8.7739977e+03 2.50e-03 7.20e+02  -5.7 9.06e-01    -  2.08e-01 1.25e-01f  1
iter    objective    inf_pr   inf_du lg(mu)  ||d||  lg(rg) alpha_du alpha_pr  ls
  60  8.7692605e+03 2.23e-03 7.01e+02  -5.7 7.95e-01    -  1.70e-01 2.02e-01f  1
  61  8.7660897e+03 2.06e-03 5.48e+02  -5.7 6.36e-01    -  1.83e-01 1.71e-01f  1
  62  8.7636126e+03 1.91e-03 4.38e+02  -5.7 5.28e-01    -  1.69e-01 1.62e-01f  1
  63  8.7613338e+03 1.75e-03 2.76e+02  -5.7 4.44e-01    -  2.18e-01 1.79e-01f  1
  64  8.7588261e+03 1.61e-03 3.95e+02  -5.7 3.65e-01    -  1.33e-01 2.41e-01f  1
  65  8.7571569e+03 1.41e-03 4.59e+02  -5.7 2.77e-01    -  1.15e-01 2.13e-01f  1
  66  8.7560335e+03 1.21e-03 4.30e+02  -5.7 2.18e-01    -  1.41e-01 1.83e-01h  1
  67  8.7550000e+03 1.02e-03 4.30e+02  -5.7 1.78e-01    -  1.36e-01 2.08e-01h  1
  68  8.7540135e+03 8.27e-04 4.40e+02  -5.7 1.41e-01    -  1.39e-01 2.52e-01h  1
  69  8.7529167e+03 6.02e-04 3.58e+02  -5.7 1.07e-01    -  2.83e-01 3.78e-01h  1
iter    objective    inf_pr   inf_du lg(mu)  ||d||  lg(rg) alpha_du alpha_pr  ls
  70  8.7523200e+03 4.13e-04 1.64e+02  -5.7 8.01e-02    -  4.55e-01 3.36e-01h  1
  71  8.7515563e+03 1.80e-04 1.36e+02  -5.7 6.27e-02    -  4.21e-01 6.58e-01h  1
  72  8.7511717e+03 3.94e-10 7.41e+01  -5.7 2.83e-02    -  6.78e-01 1.00e+00h  1
  73  8.7511754e+03 2.51e-12 3.27e-06  -5.7 2.93e-03    -  1.00e+00 1.00e+00h  1
  74  8.7507265e+03 5.66e-11 9.55e+00  -8.6 5.31e-02    -  4.45e-01 3.88e-01f  1
  75  8.7505275e+03 1.32e-10 1.32e+01  -8.6 3.67e-02    -  3.58e-01 2.89e-01f  1
  76  8.7503919e+03 6.97e-10 1.25e+01  -8.6 2.80e-02    -  3.34e-01 2.83e-01h  1
  77  8.7503466e+03 6.03e-10 2.22e+01  -8.6 2.12e-02    -  4.13e-01 1.35e-01h  1
  78  8.7502569e+03 1.31e-06 1.65e+01  -8.6 1.91e-02    -  3.63e-01 3.14e-01h  1
  79  8.7502051e+03 1.75e-06 1.41e+01  -8.6 1.37e-02    -  4.08e-01 2.70e-01h  1
iter    objective    inf_pr   inf_du lg(mu)  ||d||  lg(rg) alpha_du alpha_pr  ls
  80  8.7501632e+03 1.83e-06 1.10e+01  -8.6 1.04e-02    -  4.48e-01 3.07e-01h  1
  81  8.7501304e+03 1.61e-06 7.40e+00  -8.6 7.51e-03    -  4.18e-01 3.56e-01h  1
  82  8.7501149e+03 1.26e-06 5.88e+00  -8.6 5.02e-03    -  4.53e-01 2.73e-01h  1
  83  8.7500988e+03 8.49e-07 3.86e+00  -8.6 3.75e-03    -  6.11e-01 3.99e-01h  1
  84  8.7500899e+03 5.26e-07 2.62e+00  -8.6 2.33e-03    -  7.93e-01 3.83e-01h  1
  85  8.7500776e+03 7.50e-08 2.58e-01  -8.6 1.48e-03    -  1.00e+00 9.06e-01h  1
  86  8.7500767e+03 2.35e-14 6.93e-06  -8.6 2.06e-04    -  1.00e+00 1.00e+00f  1
  87  8.7500767e+03 1.25e-15 3.51e-07  -8.6 2.86e-05    -  1.00e+00 1.00e+00h  1
  88  8.7500767e+03 9.93e-16 3.79e-10  -8.6 2.65e-06    -  1.00e+00 1.00e+00h  1

Number of Iterations....: 88

                                   (scaled)                 (unscaled)
Objective...............:   8.7500766792691738e+03    8.7500766792691738e+03
Dual infeasibility......:   3.7850607275228285e-10    3.7850607275228285e-10
Constraint violation....:   9.9269550912772786e-16    9.9269550912772786e-16
Variable bound violation:   0.0000000000000000e+00    0.0000000000000000e+00
Complementarity.........:   2.5064628067075184e-09    2.5064628067075184e-09
Overall NLP error.......:   2.5064628067075184e-09    2.5064628067075184e-09


Number of objective function evaluations             = 95
Number of objective gradient evaluations             = 89
Number of equality constraint evaluations            = 95
Number of inequality constraint evaluations          = 95
Number of equality constraint Jacobian evaluations   = 89
Number of inequality constraint Jacobian evaluations = 89
Number of Lagrangian Hessian evaluations             = 88
Total seconds in IPOPT                               = 483.091

EXIT: Optimal Solution Found.
