
******************************************************************************
This program contains Ipopt, a library for large-scale nonlinear optimization.
 Ipopt is released as open source code under the Eclipse Public License (EPL).
         For more information visit https://github.com/coin-or/Ipopt
******************************************************************************

This is Ipopt version 3.14.19, running with linear solver MUMPS 5.8.2.

Number of nonzeros in equality constraint Jacobian...:   158829
Number of nonzeros in inequality constraint Jacobian.:    75744
Number of nonzeros in Lagrangian Hessian.............:    41472

Total number of variables............................:    63744
                     variables with only lower bounds:    12288
                variables with lower and upper bounds:        0
                     variables with only upper bounds:        0
Total number of equality constraints.................:    41760
Total number of inequality constraints...............:    39168
        inequality constraints with only lower bounds:        0
   inequality constraints with lower and upper bounds:    26976
        inequality constraints with only upper bounds:    12192

iter    objective    inf_pr   inf_du lg(mu)  ||d||  lg(rg) alpha_du alpha_pr  ls
   0  3.3599966e+01 1.10e+00 7.52e+00  -1.0 0.00e+00    -  0.00e+00 0.00e+00   0
   1  2.2022443e+02 1.05e+00 1.93e+01  -1.0 4.23e+00    -  2.40e-03 4.87e-02f  1
   2  3.0271269e+02 1.02e+00 1.88e+01  -1.0 1.57e+00    -  5.53e-02 2.57e-02f  1
   3  3.7830341e+02 9.97e-01 1.84e+01  -1.0 1.41e+00    -  3.72e-02 2.43e-02f  1
   4  4.6871279e+02 9.67e-01 1.78e+01  -1.0 3.60e+00    -  1.29e-02 3.07e-02f  1
   5  6.8570877e+02 8.96e-01 1.65e+01  -1.0 4.02e+00    -  2.09e-02 7.25e-02f  1
   6  1.4203638e+03 6.76e-01 4.10e+01  -1.0 2.56e+00    -  6.31e-02 2.46e-01f  1
   7  1.9400467e+03 5.13e-01 4.08e+01  -1.0 1.33e+00    -  1.23e-01 2.41e-01f  1
   8  3.3244177e+03 9.17e-02 1.84e+01  -1.0 1.11e+00    -  3.59e-01 8.21e-01f  1
   9  3.7740418e+03 3.09e-02 9.56e+00  -1.0 2.01e+00    -  3.32e-01 8.13e-01f  1
iter    objective    inf_pr   inf_du lg(mu)  ||d||  lg(rg) alpha_du alpha_pr  ls
  10  4.1045127e+03 2.09e-03 4.37e+00  -1.0 1.63e+00    -  8.56e-01 9.90e-01f  1
  11  4.4256331e+03 1.66e-06 2.18e+03  -1.0 3.91e+00    -  3.17e-01 9.90e-01f  1
  12  4.4760107e+03 5.99e-10 9.35e+04  -1.0 4.27e+00    -  7.11e-01 1.00e+00f  1
  13  4.4936462e+03 1.49e-06 1.01e+07  -1.0 1.51e+01    -  2.21e-02 1.00e+00f  1
  14  4.4956161e+03 5.74e-10 2.06e+06  -1.0 1.53e+01    -  7.62e-01 1.00e+00f  1
  15  4.4986648e+03 4.66e-07 9.02e+05  -1.0 6.35e+01    -  5.62e-01 1.00e+00f  1
  16  4.5026182e+03 3.45e-07 3.71e+05  -1.0 1.44e+02    -  5.88e-01 1.00e+00f  1
  17  4.5039461e+03 3.56e-07 1.51e+05  -1.0 3.43e+02    -  5.94e-01 1.00e+00f  1
  18  4.5093172e+03 3.57e-07 6.02e+04  -1.0 8.05e+02    -  6.01e-01 1.00e+00f  1
  19  4.5138266e+03 3.55e-07 2.29e+04  -1.0 1.79e+03    -  6.19e-01 1.00e+00f  1
iter    objective    inf_pr   inf_du lg(mu)  ||d||  lg(rg) alpha_du alpha_pr  ls
  20  4.5279003e+03 3.55e-07 8.14e+03  -1.0 3.74e+03    -  6.45e-01 1.00e+00f  1
  21  4.5484349e+03 3.52e-07 2.77e+03  -1.0 7.30e+03    -  6.60e-01 1.00e+00f  1
  22  4.5722613e+03 3.52e-07 1.00e+03  -1.0 9.81e+03    -  6.39e-01 1.00e+00f  1
  23  4.5846781e+03 3.51e-07 1.70e+02  -1.0 1.21e+04    -  8.30e-01 1.00e+00h  1
  24  4.5886899e+03 6.87e-10 6.35e-02  -1.0 8.99e+03    -  1.00e+00 1.00e+00h  1
  25  4.0365153e+03 4.70e-09 2.64e+05  -2.5 2.33e+04    -  6.60e-01 6.90e-01f  1
  26  3.5394901e+03 4.73e-09 4.83e+05  -2.5 1.72e+04    -  4.49e-01 5.09e-01f  1
  27  3.1058369e+03 3.91e-02 2.81e+05  -2.5 1.09e+04    -  7.03e-01 7.42e-01f  1
  28  2.9413781e+03 2.55e-02 1.57e+06  -2.5 4.13e+03    -  5.78e-01 9.98e-01h  1
  29  2.9435659e+03 2.35e-09 6.08e+04  -2.5 1.24e+02    -  9.27e-01 1.00e+00h  1
iter    objective    inf_pr   inf_du lg(mu)  ||d||  lg(rg) alpha_du alpha_pr  ls
  30  2.9425286e+03 1.40e-09 5.84e-05  -2.5 3.39e+00    -  1.00e+00 1.00e+00h  1
  31  2.8765164e+03 1.64e-02 1.45e+04  -3.8 1.65e+03    -  7.94e-01 8.31e-01f  1
  32  2.8648048e+03 2.07e-02 3.58e+03  -3.8 3.04e+02    -  7.74e-01 7.63e-01h  1
  33  2.8613355e+03 1.26e-02 4.11e+04  -3.8 7.29e+01    -  6.54e-01 9.99e-01h  1
  34  2.8614446e+03 1.70e-10 2.01e-04  -3.8 7.98e-01    -  1.00e+00 1.00e+00h  1
  35  2.8578781e+03 4.17e-03 4.59e+02  -5.7 9.43e+01    -  7.68e-01 8.02e-01f  1
  36  2.8573761e+03 2.19e-03 4.57e+02  -5.7 1.87e+01    -  6.53e-01 6.98e-01h  1
  37  2.8572376e+03 7.77e-04 2.79e+03  -5.7 5.49e+00    -  4.92e-01 7.88e-01h  1
  38  2.8572074e+03 9.57e-05 4.20e+02  -5.7 1.15e+00    -  6.49e-01 1.00e+00h  1
  39  2.8572055e+03 5.99e-10 6.14e+01  -5.7 1.61e-01    -  7.79e-01 1.00e+00h  1
iter    objective    inf_pr   inf_du lg(mu)  ||d||  lg(rg) alpha_du alpha_pr  ls
  40  2.8572050e+03 4.43e-10 4.93e-06  -5.7 1.92e-02    -  1.00e+00 1.00e+00h  1
  41  2.8571690e+03 1.18e-05 3.38e+01  -8.6 1.11e+00    -  6.22e-01 8.23e-01f  1
  42  2.8571642e+03 4.99e-06 6.39e+00  -8.6 1.97e-01    -  7.60e-01 6.93e-01h  1
  43  2.8571627e+03 2.22e-06 5.27e-01  -8.6 6.04e-02    -  8.40e-01 7.27e-01h  1
  44  2.8571622e+03 8.38e-07 6.00e-01  -8.6 1.64e-02    -  9.92e-01 8.02e-01h  1
  45  2.8571621e+03 1.02e-08 1.19e-06  -8.6 3.16e-03    -  1.00e+00 1.00e+00f  1
  46  2.8571621e+03 4.09e-16 3.46e-09  -8.6 4.38e-04    -  1.00e+00 1.00e+00h  1

Number of Iterations....: 46

                                   (scaled)                 (unscaled)
Objective...............:   2.8571621135721825e+03    2.8571621135721825e+03
Dual infeasibility......:   3.4574152152355708e-09    3.4574152152355708e-09
Constraint violation....:   4.0919822868676348e-16    4.0919822868676348e-16
Variable bound violation:   3.5952606536773036e-11    3.5952606536773036e-11
Complementarity.........:   4.0474825556037935e-09    4.0474825556037935e-09
Overall NLP error.......:   4.0474825556037935e-09    4.0474825556037935e-09


Number of objective function evaluations             = 47
Number of objective gradient evaluations             = 47
Number of equality constraint evaluations            = 47
Number of inequality constraint evaluations          = 47
Number of equality constraint Jacobian evaluations   = 47
Number of inequality constraint Jacobian evaluations = 47
Number of Lagrangian Hessian evaluations             = 46
Total seconds in IPOPT                               = 12.242

EXIT: Optimal Solution Found.
