
******************************************************************************
This program contains Ipopt, a library for large-scale nonlinear optimization.
 Ipopt is released as open source code under the Eclipse Public License (EPL).
         For more information visit https://github.com/coin-or/Ipopt
******************************************************************************

This is Ipopt version 3.14.19, running with linear solver MUMPS 5.8.2.

Number of nonzeros in equality constraint Jacobian...: 11127687
Number of nonzeros in inequality constraint Jacobian.:  5127552
Number of nonzeros in Lagrangian Hessian.............:  2999808

Total number of variables............................:  4160256
                     variables with only lower bounds:   968448
                variables with lower and upper bounds:        0
                     variables with only upper bounds:        0
Total number of equality constraints.................:  3000960
Total number of inequality constraints...............:  2223360
        inequality constraints with only lower bounds:        0
   inequality constraints with lower and upper bounds:  1255296
        inequality constraints with only upper bounds:   968064

iter    objective    inf_pr   inf_du lg(mu)  ||d||  lg(rg) alpha_du alpha_pr  ls
   0  3.3599966e+01 1.10e+00 1.02e+00  -1.0 0.00e+00    -  0.00e+00 0.00e+00   0
   1  1.9079181e+02 1.09e+00 1.21e+01  -1.0 1.04e+01    -  9.63e-04 1.25e-02f  1
   2  3.0466777e+02 1.08e+00 1.19e+01  -1.0 3.53e+00    -  1.63e-02 1.25e-02f  1
   3  3.4658526e+02 1.07e+00 5.11e+01  -1.0 3.12e+00    -  2.47e-02 5.42e-03f  1
   4  4.0021443e+02 1.06e+00 1.58e+02  -1.0 3.65e+00    -  2.46e-02 8.12e-03f  1
   5  4.3121624e+02 1.05e+00 9.36e+01  -1.0 7.27e+00    -  2.94e-03 5.85e-03f  1
   6  4.4589924e+02 1.05e+00 1.45e+02  -1.0 1.17e+01    -  3.65e-03 2.51e-03f  1
   7  4.6492782e+02 1.05e+00 1.25e+02  -1.0 1.86e+01    -  2.17e-03 2.50e-03f  1
   8  4.8383922e+02 1.05e+00 2.81e+02  -1.0 1.92e+01    -  4.30e-03 2.24e-03f  1
   9  5.3609456e+02 1.04e+00 2.02e+02  -1.0 1.76e+01    -  4.98e-03 5.90e-03f  1
iter    objective    inf_pr   inf_du lg(mu)  ||d||  lg(rg) alpha_du alpha_pr  ls
  10  6.1991653e+02 1.03e+00 9.26e+01  -1.0 1.55e+01    -  7.72e-03 9.63e-03f  1
  11  7.3664285e+02 1.02e+00 5.56e+02  -1.0 1.43e+01    -  6.96e-03 1.34e-02f  1
  12  8.1680475e+02 1.01e+00 7.06e+02  -1.0 1.36e+01    -  7.05e-03 9.03e-03f  1
  13  8.6763583e+02 1.00e+00 7.29e+02  -1.0 1.36e+01    -  5.23e-03 5.58e-03f  1
  14  9.8981294e+02 9.89e-01 1.01e+03  -1.0 1.37e+01    -  9.07e-03 1.32e-02f  1
  15  1.1982183e+03 9.67e-01 1.38e+03  -1.0 1.31e+01    -  1.39e-02 2.24e-02f  1
  16  1.6413133e+03 9.20e-01 1.75e+03  -1.0 1.23e+01    -  2.68e-02 4.80e-02f  1
  17  1.7813482e+03 9.06e-01 1.62e+03  -1.0 1.13e+01    -  3.29e-02 1.55e-02f  1
  18  2.4096732e+03 8.43e-01 1.69e+03  -1.0 1.15e+01    -  2.67e-02 6.93e-02f  1
  19  4.3188806e+03 6.57e-01 1.28e+03  -1.0 1.07e+01    -  7.73e-02 2.20e-01f  1
iter    objective    inf_pr   inf_du lg(mu)  ||d||  lg(rg) alpha_du alpha_pr  ls
  20  5.5594461e+03 5.38e-01 1.16e+03  -1.0 8.33e+00    -  2.00e-01 1.81e-01f  1
  21  6.5529172e+03 4.51e-01 1.12e+03  -1.0 8.76e+00    -  1.96e-01 1.62e-01f  1
  22  7.6600630e+03 3.61e-01 8.52e+02  -1.0 8.94e+00    -  1.86e-01 2.00e-01f  1
  23  8.4260954e+03 2.97e-01 5.20e+02  -1.0 7.32e+00    -  9.17e-02 1.77e-01f  1
  24  9.3533555e+03 2.13e-01 8.03e+02  -1.0 6.23e+00    -  6.11e-01 2.82e-01f  1
  25  9.5779157e+03 1.92e-01 1.57e+03  -1.0 7.82e+00    -  6.61e-01 9.98e-02f  1
  26  1.1261499e+04 3.43e-02 8.47e+02  -1.0 5.15e+00    -  2.20e-01 8.21e-01f  1
  27  1.1574744e+04 2.13e-03 6.40e+02  -1.0 3.57e+00    -  7.11e-01 9.63e-01f  1
  28  1.1617653e+04 1.28e-05 4.15e+02  -1.0 1.23e+01    -  6.22e-01 9.90e-01f  1
  29  1.1642926e+04 6.68e-08 1.05e+04  -1.0 1.69e+01    -  7.53e-01 9.95e-01f  1
iter    objective    inf_pr   inf_du lg(mu)  ||d||  lg(rg) alpha_du alpha_pr  ls
  30  1.1671977e+04 6.84e-11 2.06e+06  -1.0 5.34e+01    -  5.24e-01 1.00e+00f  1
  31  1.1690091e+04 1.72e-07 6.96e+05  -1.0 9.03e+01    -  6.62e-01 1.00e+00f  1
  32  1.1705100e+04 1.48e-07 3.02e+05  -1.0 2.28e+02    -  5.67e-01 1.00e+00f  1
  33  1.1712486e+04 7.41e-08 3.36e+05  -1.0 3.22e+02    -  6.84e-01 5.00e-01f  2
  34  1.1738673e+04 5.11e-08 1.25e+05  -1.0 5.94e+02    -  6.29e-01 1.00e+00f  1
  35  1.1761353e+04 2.33e-09 9.08e+03  -1.0 6.92e+02    -  9.96e-01 1.00e+00h  1
  36  1.1774814e+04 2.66e-09 2.49e-02  -1.0 5.53e+02    -  1.00e+00 1.00e+00f  1
  37  1.1649363e+04 7.13e-09 5.81e+05  -3.8 2.05e+03    -  9.36e-01 1.00e+00f  1
  38  1.1394314e+04 5.82e-09 3.72e+05  -3.8 1.62e+02    -  5.66e-01 6.07e-01f  1
  39  1.1256371e+04 4.60e-09 2.87e+05  -3.8 9.71e+01    -  2.26e-01 2.11e-01f  1
iter    objective    inf_pr   inf_du lg(mu)  ||d||  lg(rg) alpha_du alpha_pr  ls
  40  1.1055494e+04 3.39e-09 1.30e+06  -3.8 8.04e+01    -  1.34e-01 2.63e-01f  1
  41  1.0769384e+04 3.01e-09 1.25e+06  -3.8 6.32e+01    -  2.15e-01 3.58e-01f  1
  42  1.0422954e+04 6.38e-02 1.09e+06  -3.8 4.54e+01    -  1.49e-01 4.02e-01f  1
  43  1.0147228e+04 1.17e-01 8.39e+05  -3.8 3.33e+01    -  2.50e-01 3.45e-01f  1
  44  9.9138268e+03 1.33e-01 6.36e+05  -3.8 2.73e+01    -  2.39e-01 3.06e-01f  1
  45  9.7123617e+03 1.45e-01 4.64e+05  -3.8 2.36e+01    -  2.67e-01 2.99e-01f  1
  46  9.6185385e+03 1.25e-01 3.57e+05  -3.8 1.99e+01    -  3.17e-01 1.66e-01f  1
  47  9.4995262e+03 9.78e-02 2.59e+05  -3.8 1.85e+01    -  3.10e-01 2.27e-01f  1
  48  9.3492751e+03 9.92e-02 1.67e+05  -3.8 1.51e+01    -  3.69e-01 3.47e-01f  1
  49  9.2649947e+03 7.86e-02 1.16e+05  -3.8 1.03e+01    -  5.01e-01 2.83e-01f  1
iter    objective    inf_pr   inf_du lg(mu)  ||d||  lg(rg) alpha_du alpha_pr  ls
  50  9.1568279e+03 4.88e-02 5.59e+04  -3.8 7.52e+00    -  7.28e-01 4.92e-01f  1
  51  9.0438313e+03 1.33e-10 1.76e-04  -3.8 3.84e+00    -  1.00e+00 1.00e+00f  1
  52  9.0442779e+03 4.74e-13 2.71e-06  -3.8 1.17e-01    -  1.00e+00 1.00e+00h  1
  53  8.9575812e+03 1.66e-10 1.69e+03  -5.7 8.56e+00    -  4.44e-01 3.19e-01f  1
  54  8.9150235e+03 7.21e-10 8.77e+02  -5.7 6.35e+00    -  1.53e-01 2.24e-01f  1
  55  8.8938238e+03 4.53e-04 1.34e+03  -5.7 5.00e+00    -  2.30e-01 1.44e-01f  1
  56  8.8654446e+03 1.30e-03 8.66e+02  -5.7 4.32e+00    -  1.91e-01 2.24e-01f  1
  57  8.8392914e+03 3.14e-03 4.35e+02  -5.7 3.35e+00    -  2.18e-01 2.67e-01f  1
  58  8.8205561e+03 3.81e-03 2.34e+02  -5.7 2.43e+00    -  2.34e-01 2.61e-01f  1
  59  8.8038006e+03 4.06e-03 1.50e+02  -5.7 1.75e+00    -  2.24e-01 3.18e-01f  1
iter    objective    inf_pr   inf_du lg(mu)  ||d||  lg(rg) alpha_du alpha_pr  ls
  60  8.7948876e+03 3.51e-03 1.16e+02  -5.7 1.20e+00    -  2.48e-01 2.50e-01f  1
  61  8.7873277e+03 3.19e-03 1.89e+02  -5.7 9.03e-01    -  2.16e-01 2.84e-01f  1
  62  8.7848385e+03 2.87e-03 1.33e+02  -5.7 6.49e-01    -  1.58e-01 1.32e-01h  1
  63  8.7833427e+03 2.63e-03 1.19e+02  -5.7 5.65e-01    -  9.42e-02 9.16e-02h  1
  64  8.7821211e+03 2.43e-03 9.29e+01  -5.7 5.13e-01    -  9.99e-02 8.26e-02h  1
  65  8.7811100e+03 2.26e-03 6.66e+01  -5.7 4.71e-01    -  9.84e-02 7.47e-02h  1
  66  8.7796564e+03 2.03e-03 7.16e+01  -5.7 4.36e-01    -  9.90e-02 1.16e-01h  1
  67  8.7761671e+03 1.74e-03 1.85e+02  -5.7 3.86e-01    -  1.10e-01 3.17e-01h  1
  68  8.7757061e+03 1.62e-03 1.25e+02  -5.7 2.64e-01    -  1.47e-01 6.20e-02h  1
  69  8.7750977e+03 1.47e-03 1.01e+02  -5.7 2.47e-01    -  1.13e-01 8.74e-02h  1
iter    objective    inf_pr   inf_du lg(mu)  ||d||  lg(rg) alpha_du alpha_pr  ls
  70  8.7729620e+03 1.12e-03 1.60e+02  -5.7 2.26e-01    -  1.24e-01 3.37e-01h  1
  71  8.7727074e+03 1.03e-03 1.03e+02  -5.7 1.56e-01    -  1.85e-01 6.12e-02h  1
  72  8.7710785e+03 6.61e-04 1.48e+02  -5.7 1.51e-01    -  1.37e-01 4.18e-01h  1
  73  8.7702848e+03 3.73e-04 1.20e+02  -5.7 9.51e-02    -  2.62e-01 3.54e-01h  1
  74  8.7694136e+03 4.12e-05 9.16e+01  -5.7 7.07e-02    -  3.83e-01 6.06e-01h  1
  75  8.7688586e+03 3.57e-10 7.55e+00  -5.7 3.61e-02    -  9.38e-01 1.00e+00h  1
  76  8.7688611e+03 1.35e-11 4.14e-07  -5.7 4.29e-03    -  1.00e+00 1.00e+00h  1
  77  8.7678763e+03 7.19e-11 1.67e+01  -8.6 1.30e-01    -  2.08e-01 3.08e-01f  1
  78  8.7673398e+03 6.26e-10 3.23e+00  -8.6 1.01e-01    -  3.28e-01 2.45e-01f  1
  79  8.7669820e+03 9.92e-10 1.41e+01  -8.6 8.49e-02    -  1.03e-01 2.20e-01h  1
iter    objective    inf_pr   inf_du lg(mu)  ||d||  lg(rg) alpha_du alpha_pr  ls
  80  8.7666323e+03 7.16e-10 4.44e+00  -8.6 6.97e-02    -  3.50e-01 2.78e-01h  1
  81  8.7664050e+03 3.43e-06 3.84e+00  -8.6 5.57e-02    -  3.52e-01 2.56e-01h  1
  82  8.7662076e+03 7.79e-06 3.65e+00  -8.6 4.51e-02    -  3.32e-01 3.04e-01h  1
  83  8.7661312e+03 7.52e-06 6.74e+00  -8.6 3.38e-02    -  3.34e-01 1.73e-01h  1
  84  8.7660439e+03 7.39e-06 6.28e+00  -8.6 2.93e-02    -  3.21e-01 2.42e-01h  1
  85  8.7659716e+03 6.76e-06 5.67e+00  -8.6 2.33e-02    -  3.77e-01 2.70e-01h  1
  86  8.7659174e+03 5.75e-06 4.62e+00  -8.6 1.79e-02    -  3.75e-01 2.85e-01h  1
  87  8.7658776e+03 4.56e-06 3.72e+00  -8.6 1.34e-02    -  4.21e-01 2.99e-01h  1
  88  8.7658488e+03 3.39e-06 2.79e+00  -8.6 9.84e-03    -  4.33e-01 3.18e-01h  1
  89  8.7658296e+03 2.49e-06 2.06e+00  -8.6 7.04e-03    -  4.49e-01 3.21e-01h  1
iter    objective    inf_pr   inf_du lg(mu)  ||d||  lg(rg) alpha_du alpha_pr  ls
  90  8.7658152e+03 1.68e-06 1.50e+00  -8.6 4.97e-03    -  6.51e-01 3.66e-01h  1
  91  8.7658063e+03 1.07e-06 1.04e+00  -8.6 3.26e-03    -  7.52e-01 3.72e-01h  1
  92  8.7657984e+03 4.60e-07 4.97e-01  -8.6 2.09e-03    -  1.00e+00 5.47e-01h  1
  93  8.7657931e+03 1.18e-12 8.27e-02  -8.6 9.61e-04    -  1.00e+00 8.34e-01h  1
  94  8.7657922e+03 1.02e-14 6.22e-07  -8.6 1.61e-04    -  1.00e+00 1.00e+00f  1
  95  8.7657922e+03 8.95e-16 7.43e-09  -8.6 4.82e-06    -  1.00e+00 1.00e+00h  1

Number of Iterations....: 95

                                   (scaled)                 (unscaled)
Objective...............:   8.7657921732252471e+03    8.7657921732252471e+03
Dual infeasibility......:   7.4315941199146326e-09    7.4315941199146326e-09
Constraint violation....:   8.9513463083695141e-16    8.9513463083695141e-16
Variable bound violation:   0.0000000000000000e+00    0.0000000000000000e+00
Complementarity.........:   2.6115742134783493e-09    2.6115742134783493e-09
Overall NLP error.......:   7.4315941199146326e-09    7.4315941199146326e-09


Number of objective function evaluations             = 97
Number of objective gradient evaluations             = 96
Number of equality constraint evaluations            = 97
Number of inequality constraint evaluations          = 97
Number of equality constraint Jacobian evaluations   = 96
Number of inequality constraint Jacobian evaluations = 96
Number of Lagrangian Hessian evaluations             = 95
Total seconds in IPOPT                               = 1232.788

EXIT: Optimal Solution Found.
