
******************************************************************************
This program contains Ipopt, a library for large-scale nonlinear optimization.
 Ipopt is released as open source code under the Eclipse Public License (EPL).
         For more information visit https://github.com/coin-or/Ipopt
******************************************************************************

This is Ipopt version 3.14.19, running with linear solver MUMPS 5.8.2.

Number of nonzeros in equality constraint Jacobian...:   695318
Number of nonzeros in inequality constraint Jacobian.:   320544
Number of nonzeros in Lagrangian Hessian.............:   187512

Total number of variables............................:   260088
                     variables with only lower bounds:    60528
                variables with lower and upper bounds:        0
                     variables with only upper bounds:        0
Total number of equality constraints.................:   187584
Total number of inequality constraints...............:   139032
        inequality constraints with only lower bounds:        0
   inequality constraints with lower and upper bounds:    78528
        inequality constraints with only upper bounds:    60504

iter    objective    inf_pr   inf_du lg(mu)  ||d||  lg(rg) alpha_du alpha_pr  ls
   0  3.3599966e+01 1.10e+00 6.93e+00  -1.0 0.00e+00    -  0.00e+00 0.00e+00   0
   1  2.0343222e+02 1.09e+00 1.08e+01  -1.0 9.02e+00    -  1.11e-03 1.37e-02f  1
   2  3.1742358e+02 1.07e+00 1.06e+01  -1.0 3.30e+00    -  1.79e-02 1.32e-02f  1
   3  3.9318911e+02 1.06e+00 1.05e+01  -1.0 3.09e+00    -  2.13e-02 9.79e-03f  1
   4  4.3676130e+02 1.05e+00 1.96e+01  -1.0 5.11e+00    -  1.25e-02 7.43e-03f  1
   5  4.6814541e+02 1.05e+00 1.04e+01  -1.0 8.05e+00    -  3.83e-03 6.53e-03f  1
   6  4.9013117e+02 1.04e+00 1.32e+01  -1.0 1.07e+01    -  3.09e-03 4.06e-03f  1
   7  5.5880067e+02 1.03e+00 7.10e+01  -1.0 1.64e+01    -  3.50e-03 8.77e-03f  1
   8  6.0614301e+02 1.03e+00 4.51e+01  -1.0 1.32e+01    -  9.58e-03 5.51e-03f  1
   9  6.9432897e+02 1.02e+00 6.66e+01  -1.0 1.26e+01    -  4.95e-03 1.03e-02f  1
iter    objective    inf_pr   inf_du lg(mu)  ||d||  lg(rg) alpha_du alpha_pr  ls
  10  7.6048086e+02 1.01e+00 5.57e+01  -1.0 1.24e+01    -  9.17e-03 7.63e-03f  1
  11  8.2258176e+02 1.00e+00 5.21e+01  -1.0 1.28e+01    -  8.68e-03 6.95e-03f  1
  12  9.2371279e+02 9.92e-01 6.85e+01  -1.0 1.29e+01    -  5.42e-03 1.11e-02f  1
  13  1.0655636e+03 9.77e-01 8.20e+01  -1.0 1.26e+01    -  1.08e-02 1.55e-02f  1
  14  1.5859980e+03 9.21e-01 1.32e+02  -1.0 1.20e+01    -  2.22e-02 5.69e-02f  1
  15  1.7382456e+03 9.05e-01 1.25e+02  -1.0 1.08e+01    -  2.92e-02 1.72e-02f  1
  16  2.0742955e+03 8.71e-01 1.26e+02  -1.0 1.08e+01    -  1.69e-02 3.81e-02f  1
  17  3.3901605e+03 7.38e-01 1.16e+02  -1.0 1.07e+01    -  4.46e-02 1.52e-01f  1
  18  5.0980122e+03 5.71e-01 7.93e+01  -1.0 9.54e+00    -  1.24e-01 2.26e-01f  1
  19  5.8542164e+03 4.99e-01 8.48e+01  -1.0 8.08e+00    -  2.19e-01 1.27e-01f  1
iter    objective    inf_pr   inf_du lg(mu)  ||d||  lg(rg) alpha_du alpha_pr  ls
  20  7.2137728e+03 3.80e-01 7.38e+01  -1.0 8.40e+00    -  2.78e-01 2.38e-01f  1
  21  8.1140289e+03 3.07e-01 5.32e+01  -1.0 8.66e+00    -  7.77e-02 1.91e-01f  1
  22  8.9679361e+03 2.31e-01 2.34e+02  -1.0 6.04e+00    -  7.19e-01 2.48e-01f  1
  23  9.5333350e+03 1.79e-01 1.79e+02  -1.0 4.84e+00    -  2.16e-01 2.25e-01f  1
  24  1.1151767e+04 2.45e-02 9.52e+01  -1.0 3.46e+00    -  4.89e-01 8.63e-01f  1
  25  1.1293268e+04 3.67e-03 7.19e+01  -1.0 5.06e+00    -  5.78e-01 8.50e-01f  1
  26  1.1359173e+04 3.67e-05 1.89e+01  -1.0 7.19e+00    -  8.66e-01 9.90e-01f  1
  27  1.1388504e+04 3.06e-07 9.78e+03  -1.0 4.30e+01    -  3.46e-01 9.92e-01f  1
  28  1.1398930e+04 6.70e-11 1.71e+05  -1.0 2.71e+01    -  8.87e-01 1.00e+00f  1
  29  1.1410901e+04 6.88e-08 1.04e+05  -1.0 1.19e+02    -  3.91e-01 1.00e+00f  1
iter    objective    inf_pr   inf_du lg(mu)  ||d||  lg(rg) alpha_du alpha_pr  ls
  30  1.1414094e+04 4.69e-10 1.51e-01  -1.0 6.82e+01    -  1.00e+00 1.00e+00h  1
  31  1.1205797e+04 1.45e-09 3.84e+05  -2.5 2.35e+02    -  7.89e-01 9.55e-01f  1
  32  1.0625210e+04 1.37e-01 6.60e+05  -2.5 5.21e+01    -  4.02e-01 1.00e+00f  1
  33  1.0287191e+04 1.37e-01 4.23e+05  -2.5 2.19e+01    -  2.88e-01 5.55e-01f  1
  34  9.9403793e+03 2.23e-01 2.79e+05  -2.5 2.25e+01    -  2.87e-01 5.76e-01f  1
  35  9.7555369e+03 1.70e-01 1.50e+05  -2.5 2.06e+01    -  4.72e-01 3.86e-01f  1
  36  9.5159346e+03 2.27e-01 9.19e+04  -2.5 1.62e+01    -  3.61e-01 5.66e-01f  1
  37  9.3941481e+03 1.14e-01 2.95e+04  -2.5 9.05e+00    -  6.94e-01 5.35e-01f  1
  38  9.2698605e+03 9.06e-03 3.17e-03  -2.5 5.03e+00    -  1.00e+00 1.00e+00f  1
  39  9.2677399e+03 1.93e-14 1.25e-05  -2.5 2.93e-01    -  1.00e+00 1.00e+00h  1
iter    objective    inf_pr   inf_du lg(mu)  ||d||  lg(rg) alpha_du alpha_pr  ls
  40  9.1292413e+03 3.33e-10 2.31e+04  -3.8 1.62e+01    -  3.43e-01 2.48e-01f  1
  41  9.0010157e+03 1.51e-02 1.56e+04  -3.8 1.37e+01    -  2.80e-01 2.86e-01f  1
  42  8.9096624e+03 1.57e-02 2.06e+04  -3.8 1.02e+01    -  3.58e-01 2.77e-01f  1
  43  8.8430888e+03 1.19e-02 2.11e+04  -3.8 7.74e+00    -  3.58e-01 2.75e-01f  1
  44  8.7635181e+03 7.43e-03 1.19e+04  -3.8 5.88e+00    -  4.54e-01 4.49e-01f  1
  45  8.6941989e+03 1.99e-02 6.33e+03  -3.8 3.38e+00    -  3.53e-01 7.07e-01f  1
  46  8.6716875e+03 4.52e-03 3.19e+03  -3.8 9.54e-01    -  6.92e-01 8.03e-01f  1
  47  8.6680027e+03 1.78e-10 6.74e+02  -3.8 1.97e-01    -  1.00e+00 6.90e-01h  1
  48  8.6663473e+03 2.29e-10 1.86e-05  -3.8 6.83e-02    -  1.00e+00 1.00e+00h  1
  49  8.6519173e+03 4.14e-04 2.24e+02  -5.7 1.13e+00    -  4.34e-01 4.18e-01f  1
iter    objective    inf_pr   inf_du lg(mu)  ||d||  lg(rg) alpha_du alpha_pr  ls
  50  8.6461092e+03 9.21e-04 8.93e+02  -5.7 6.65e-01    -  1.76e-01 2.92e-01f  1
  51  8.6429920e+03 9.52e-04 2.42e+02  -5.7 4.72e-01    -  2.88e-01 2.24e-01f  1
  52  8.6404832e+03 9.29e-04 7.02e+02  -5.7 3.67e-01    -  1.30e-01 2.35e-01f  1
  53  8.6380647e+03 8.72e-04 5.82e+02  -5.7 2.81e-01    -  2.73e-01 2.98e-01f  1
  54  8.6372396e+03 7.74e-04 6.98e+02  -5.7 1.97e-01    -  8.68e-02 1.47e-01f  1
  55  8.6355664e+03 6.49e-04 6.28e+02  -5.7 1.68e-01    -  2.92e-01 3.51e-01f  1
  56  8.6349912e+03 5.45e-04 3.72e+01  -5.7 1.09e-01    -  4.37e-01 1.89e-01h  1
  57  8.6337117e+03 3.92e-04 3.90e+02  -5.7 8.86e-02    -  2.09e-01 5.24e-01f  1
  58  8.6332618e+03 2.47e-04 1.96e+02  -5.7 4.22e-02    -  4.41e-01 3.99e-01h  1
  59  8.6329311e+03 1.23e-04 1.16e+02  -5.7 2.53e-02    -  4.64e-01 5.01e-01h  1
iter    objective    inf_pr   inf_du lg(mu)  ||d||  lg(rg) alpha_du alpha_pr  ls
  60  8.6327070e+03 1.93e-05 1.12e+01  -5.7 1.26e-02    -  8.46e-01 7.03e-01h  1
  61  8.6326179e+03 9.32e-11 3.28e-05  -5.7 4.06e-03    -  1.00e+00 1.00e+00f  1
  62  8.6326186e+03 8.78e-16 2.45e-07  -5.7 4.51e-04    -  1.00e+00 1.00e+00h  1
  63  8.6324633e+03 3.76e-11 2.21e+01  -8.6 1.42e-02    -  5.56e-01 4.24e-01f  1
  64  8.6324152e+03 2.87e-11 3.62e+01  -8.6 8.17e-03    -  4.98e-01 2.38e-01f  1
  65  8.6323148e+03 2.89e-08 2.40e+00  -8.6 6.23e-03    -  4.13e-01 6.70e-01f  1
  66  8.6322831e+03 8.52e-08 3.00e+00  -8.6 2.06e-03    -  5.52e-01 7.19e-01h  1
  67  8.6322766e+03 1.70e-07 2.28e+00  -8.6 8.89e-04    -  5.47e-01 6.82e-01h  1
  68  8.6322748e+03 1.32e-07 1.39e+00  -8.6 6.25e-04    -  5.56e-01 7.30e-01f  1
  69  8.6322742e+03 9.86e-08 2.32e-01  -8.6 4.60e-04    -  8.83e-01 1.00e+00f  1
iter    objective    inf_pr   inf_du lg(mu)  ||d||  lg(rg) alpha_du alpha_pr  ls
  70  8.6322742e+03 7.74e-16 9.51e-07  -8.6 1.95e-04    -  1.00e+00 1.00e+00h  1
  71  8.6322742e+03 8.02e-16 1.75e-08  -8.6 6.08e-05    -  1.00e+00 1.00e+00h  1
  72  8.6322740e+03 2.34e-14 2.03e-07  -9.0 8.86e-05    -  1.00e+00 1.00e+00h  1
  73  8.6322740e+03 8.41e-16 1.96e-08  -9.0 1.90e-05    -  1.00e+00 1.00e+00h  1
  74  8.6322740e+03 8.54e-16 1.27e-11  -9.0 1.30e-06    -  1.00e+00 1.00e+00h  1

Number of Iterations....: 74

                                   (scaled)                 (unscaled)
Objective...............:   4.3191576730196384e+03    8.6322739739763183e+03
Dual infeasibility......:   1.2705361282240027e-11    2.5392951086680159e-11
Constraint violation....:   8.5435131191857749e-16    8.5435131191857749e-16
Variable bound violation:   8.3071406031618794e-09    8.3071406031618794e-09
Complementarity.........:   9.0917364985603066e-10    1.8170756035378446e-09
Overall NLP error.......:   9.0917364985603066e-10    1.8170756035378446e-09


Number of objective function evaluations             = 75
Number of objective gradient evaluations             = 75
Number of equality constraint evaluations            = 75
Number of inequality constraint evaluations          = 75
Number of equality constraint Jacobian evaluations   = 75
Number of inequality constraint Jacobian evaluations = 75
Number of Lagrangian Hessian evaluations             = 74
Total seconds in IPOPT                               = 66.572

EXIT: Optimal Solution Found.
