
******************************************************************************
This program contains Ipopt, a library for large-scale nonlinear optimization.
 Ipopt is released as open source code under the Eclipse Public License (EPL).
         For more information visit https://github.com/coin-or/Ipopt
******************************************************************************

This is Ipopt version 3.14.19, running with linear solver MUMPS 5.8.2.

Number of nonzeros in equality constraint Jacobian...:    86696
Number of nonzeros in inequality constraint Jacobian.:    40068
Number of nonzeros in Lagrangian Hessian.............:    23439

Total number of variables............................:    32511
                     variables with only lower bounds:     7566
                variables with lower and upper bounds:        0
                     variables with only upper bounds:        0
Total number of equality constraints.................:    23448
Total number of inequality constraints...............:    17379
        inequality constraints with only lower bounds:        0
   inequality constraints with lower and upper bounds:     9816
        inequality constraints with only upper bounds:     7563

iter    objective    inf_pr   inf_du lg(mu)  ||d||  lg(rg) alpha_du alpha_pr  ls
   0  3.3599966e+01 1.10e+00 4.21e+00  -1.0 0.00e+00    -  0.00e+00 0.00e+00   0
   1  3.3068620e+02 1.08e+00 1.05e+01  -1.0 5.32e+00    -  1.90e-03 2.49e-02f  1
   2  4.5230999e+02 1.05e+00 1.03e+01  -1.0 2.37e+00    -  3.44e-02 1.92e-02f  1
   3  5.0481821e+02 1.05e+00 1.24e+01  -1.0 3.17e+00    -  3.25e-02 8.23e-03f  1
   4  5.3211449e+02 1.04e+00 1.27e+01  -1.0 7.56e+00    -  3.32e-03 6.76e-03f  1
   5  5.6679027e+02 1.03e+00 1.29e+01  -1.0 9.30e+00    -  3.74e-03 6.50e-03f  1
   6  6.6265057e+02 1.02e+00 1.32e+01  -1.0 1.38e+01    -  5.85e-03 1.20e-02f  1
   7  7.2905699e+02 1.01e+00 1.33e+01  -1.0 1.01e+01    -  6.20e-03 8.26e-03f  1
   8  8.2054557e+02 1.00e+00 1.32e+01  -1.0 1.09e+01    -  9.39e-03 1.12e-02f  1
   9  9.0649220e+02 9.90e-01 1.31e+01  -1.0 1.09e+01    -  8.63e-03 1.01e-02f  1
iter    objective    inf_pr   inf_du lg(mu)  ||d||  lg(rg) alpha_du alpha_pr  ls
  10  1.0197493e+03 9.77e-01 1.32e+01  -1.0 1.09e+01    -  6.37e-03 1.31e-02f  1
  11  1.6472145e+03 9.06e-01 2.66e+01  -1.0 1.07e+01    -  1.74e-02 7.21e-02f  1
  12  1.8626679e+03 8.83e-01 2.53e+01  -1.0 8.93e+00    -  3.63e-02 2.57e-02f  1
  13  2.3680991e+03 8.30e-01 2.53e+01  -1.0 9.04e+00    -  1.98e-02 6.05e-02f  1
  14  4.0774690e+03 6.53e-01 2.16e+01  -1.0 8.78e+00    -  7.44e-02 2.13e-01f  1
  15  5.2636378e+03 5.34e-01 2.06e+01  -1.0 7.12e+00    -  2.76e-01 1.82e-01f  1
  16  6.0842171e+03 4.62e-01 3.29e+01  -1.0 8.54e+00    -  5.60e-02 1.35e-01f  1
  17  7.5998256e+03 3.32e-01 1.35e+02  -1.0 8.31e+00    -  5.12e-02 2.81e-01f  1
  18  8.0857914e+03 2.88e-01 1.23e+02  -1.0 1.40e+01    -  1.22e-01 1.32e-01f  1
  19  8.1987701e+03 2.76e-01 2.26e+02  -1.0 8.43e+01    -  6.55e-01 4.23e-02f  1
iter    objective    inf_pr   inf_du lg(mu)  ||d||  lg(rg) alpha_du alpha_pr  ls
  20  8.7440127e+03 2.26e-01 2.03e+02  -1.0 4.19e+00    -  2.49e-01 1.83e-01f  1
  21  9.4743964e+03 1.56e-01 1.83e+02  -1.0 2.91e+00    -  4.87e-01 3.10e-01f  1
  22  1.1037423e+04 5.62e-03 1.30e+02  -1.0 6.13e+00    -  2.99e-01 9.90e-01f  1
  23  1.1004423e+04 1.55e-05 4.49e+01  -1.0 4.51e+00    -  8.65e-01 9.90e-01f  1
  24  1.1047453e+04 9.43e-08 2.33e+04  -1.0 1.74e+01    -  3.43e-01 9.94e-01f  1
  25  1.1058458e+04 5.99e-16 4.44e+05  -1.0 1.53e+01    -  8.76e-01 1.00e+00f  1
  26  1.1073703e+04 6.46e-16 3.89e+06  -1.0 5.02e+01    -  3.44e-01 1.00e+00f  1
  27  1.1078937e+04 5.80e-16 7.16e+04  -1.0 2.10e+01    -  9.82e-01 1.00e+00f  1
  28  1.1083793e+04 6.47e-16 5.64e-02  -1.0 5.64e+01    -  1.00e+00 1.00e+00f  1
  29  1.0822743e+04 1.63e-09 1.75e+06  -3.8 1.12e+02    -  7.68e-01 9.61e-01f  1
iter    objective    inf_pr   inf_du lg(mu)  ||d||  lg(rg) alpha_du alpha_pr  ls
  30  1.0130543e+04 7.48e-02 2.38e+06  -3.8 2.63e+01    -  3.65e-01 9.29e-01f  1
  31  9.4752219e+03 8.50e-02 1.47e+06  -3.8 2.39e+01    -  3.19e-01 7.66e-01f  1
  32  8.9600068e+03 6.46e-02 8.85e+05  -3.8 1.92e+01    -  3.09e-01 7.26e-01f  1
  33  8.6554447e+03 2.67e-02 4.74e+05  -3.8 1.15e+01    -  4.50e-01 8.25e-01f  1
  34  8.5598134e+03 6.55e-03 2.57e+05  -3.8 4.42e+00    -  4.62e-01 8.84e-01f  1
  35  8.5495004e+03 2.81e-03 1.04e+05  -3.8 8.65e-01    -  5.94e-01 5.52e-01h  1
  36  8.5405624e+03 3.86e-03 3.50e+04  -3.8 4.23e-01    -  6.66e-01 8.92e-01h  1
  37  8.5392420e+03 6.30e-04 1.10e-04  -3.8 1.82e-01    -  1.00e+00 1.00e+00h  1
  38  8.5391141e+03 4.87e-16 1.51e-05  -3.8 6.67e-02    -  1.00e+00 1.00e+00h  1
  39  8.5230397e+03 6.29e-04 1.13e+03  -5.7 5.10e-01    -  7.66e-01 6.82e-01f  1
iter    objective    inf_pr   inf_du lg(mu)  ||d||  lg(rg) alpha_du alpha_pr  ls
  40  8.5202903e+03 5.35e-04 1.21e+03  -5.7 1.63e-01    -  5.49e-01 3.84e-01h  1
  41  8.5166672e+03 5.11e-04 1.57e+01  -5.7 1.02e-01    -  7.17e-01 8.41e-01h  1
  42  8.5160999e+03 6.20e-05 2.94e+02  -5.7 3.99e-02    -  2.72e-01 1.00e+00h  1
  43  8.5161208e+03 6.45e-16 3.92e+01  -5.7 8.83e-03    -  8.67e-01 1.00e+00h  1
  44  8.5161147e+03 4.61e-16 1.27e-05  -5.7 3.69e-03    -  1.00e+00 1.00e+00h  1
  45  8.5159110e+03 3.09e-06 6.07e+01  -8.6 1.41e-02    -  4.51e-01 8.14e-01f  1
  46  8.5158885e+03 1.66e-06 2.93e+01  -8.6 5.34e-03    -  5.68e-01 6.66e-01h  1
  47  8.5158824e+03 6.65e-07 2.38e+01  -8.6 3.30e-03    -  3.19e-01 6.88e-01h  1
  48  8.5158807e+03 1.81e-07 1.43e+01  -8.6 3.25e-03    -  4.40e-01 7.28e-01f  1
  49  8.5158801e+03 1.05e-07 6.01e+00  -8.6 2.25e-03    -  5.99e-01 9.30e-01f  1
iter    objective    inf_pr   inf_du lg(mu)  ||d||  lg(rg) alpha_du alpha_pr  ls
  50  8.5158800e+03 4.29e-09 2.51e+00  -8.6 9.73e-04    -  5.87e-01 1.00e+00f  1
  51  8.5158800e+03 4.71e-16 3.31e-01  -8.6 4.95e-04    -  8.68e-01 1.00e+00h  1
  52  8.5158800e+03 6.42e-16 4.10e-09  -8.6 4.81e-04    -  1.00e+00 1.00e+00h  1

Number of Iterations....: 52

                                   (scaled)                 (unscaled)
Objective...............:   7.6034643159376776e+02    8.5158800338501987e+03
Dual infeasibility......:   4.0968711814749780e-09    4.5884957232519749e-08
Constraint violation....:   6.4217294676316428e-16    6.4217294676316428e-16
Variable bound violation:   5.0254406936968748e-09    5.0254406936968748e-09
Complementarity.........:   3.9567877517868380e-09    4.4316022820012581e-08
Overall NLP error.......:   4.0968711814749780e-09    4.5884957232519749e-08


Number of objective function evaluations             = 53
Number of objective gradient evaluations             = 53
Number of equality constraint evaluations            = 53
Number of inequality constraint evaluations          = 53
Number of equality constraint Jacobian evaluations   = 53
Number of inequality constraint Jacobian evaluations = 53
Number of Lagrangian Hessian evaluations             = 52
Total seconds in IPOPT                               = 5.527

EXIT: Optimal Solution Found.
