
******************************************************************************
This program contains Ipopt, a library for large-scale nonlinear optimization.
 Ipopt is released as open source code under the Eclipse Public License (EPL).
         For more information visit https://github.com/coin-or/Ipopt
******************************************************************************

This is Ipopt version 3.14.19, running with linear solver MUMPS 5.8.2.

Number of nonzeros in equality constraint Jacobian...: 16691655
Number of nonzeros in inequality constraint Jacobian.:  7691328
Number of nonzeros in Lagrangian Hessian.............:  4499712

Total number of variables............................:  6240384
                     variables with only lower bounds:  1452672
                variables with lower and upper bounds:        0
                     variables with only upper bounds:        0
Total number of equality constraints.................:  4501440
Total number of inequality constraints...............:  3335040
        inequality constraints with only lower bounds:        0
   inequality constraints with lower and upper bounds:  1882944
        inequality constraints with only upper bounds:  1452096

iter    objective    inf_pr   inf_du lg(mu)  ||d||  lg(rg) alpha_du alpha_pr  ls
   0  3.3599966e+01 1.10e+00 1.00e+00  -1.0 0.00e+00    -  0.00e+00 0.00e+00   0
   1  1.9066724e+02 1.09e+00 1.21e+01  -1.0 1.04e+01    -  9.60e-04 1.25e-02f  1
   2  3.0462803e+02 1.08e+00 1.20e+01  -1.0 3.53e+00    -  1.63e-02 1.25e-02f  1
   3  3.4498464e+02 1.07e+00 5.98e+01  -1.0 3.12e+00    -  2.48e-02 5.22e-03f  1
   4  3.9874000e+02 1.06e+00 1.89e+02  -1.0 3.62e+00    -  2.59e-02 8.11e-03f  1
   5  4.2907182e+02 1.05e+00 1.10e+02  -1.0 7.85e+00    -  2.74e-03 5.68e-03f  1
   6  4.4370860e+02 1.05e+00 1.76e+02  -1.0 1.17e+01    -  3.67e-03 2.51e-03f  1
   7  4.6379271e+02 1.05e+00 1.36e+02  -1.0 1.88e+01    -  2.15e-03 2.64e-03f  1
   8  4.7991541e+02 1.05e+00 3.90e+02  -1.0 1.93e+01    -  4.38e-03 1.91e-03f  1
   9  5.2461026e+02 1.04e+00 3.60e+02  -1.0 1.78e+01    -  4.79e-03 5.04e-03f  1
iter    objective    inf_pr   inf_du lg(mu)  ||d||  lg(rg) alpha_du alpha_pr  ls
  10  6.1590597e+02 1.03e+00 1.95e+02  -1.0 1.61e+01    -  7.17e-03 1.04e-02f  1
  11  7.3285279e+02 1.02e+00 9.73e+02  -1.0 1.41e+01    -  6.78e-03 1.35e-02f  1
  12  8.1786038e+02 1.01e+00 1.27e+03  -1.0 1.35e+01    -  7.09e-03 9.61e-03f  1
  13  8.6406932e+02 1.00e+00 1.25e+03  -1.0 1.36e+01    -  5.18e-03 5.09e-03f  1
  14  9.8348812e+02 9.89e-01 1.69e+03  -1.0 1.36e+01    -  8.78e-03 1.30e-02f  1
  15  1.1806994e+03 9.68e-01 2.21e+03  -1.0 1.31e+01    -  1.35e-02 2.12e-02f  1
  16  1.6340000e+03 9.21e-01 2.94e+03  -1.0 1.23e+01    -  2.52e-02 4.90e-02f  1
  17  1.7781892e+03 9.06e-01 2.68e+03  -1.0 1.13e+01    -  3.65e-02 1.60e-02f  1
  18  2.4183331e+03 8.42e-01 2.80e+03  -1.0 1.14e+01    -  2.63e-02 7.06e-02f  1
  19  4.2857042e+03 6.61e-01 2.19e+03  -1.0 1.07e+01    -  7.81e-02 2.16e-01f  1
iter    objective    inf_pr   inf_du lg(mu)  ||d||  lg(rg) alpha_du alpha_pr  ls
  20  5.5362733e+03 5.41e-01 1.66e+03  -1.0 8.37e+00    -  1.65e-01 1.81e-01f  1
  21  6.4145635e+03 4.62e-01 1.53e+03  -1.0 8.42e+00    -  1.61e-01 1.46e-01f  1
  22  7.5688735e+03 3.65e-01 1.18e+03  -1.0 8.47e+00    -  2.07e-01 2.11e-01f  1
  23  8.3619399e+03 2.98e-01 1.47e+03  -1.0 7.35e+00    -  3.02e-01 1.82e-01f  1
  24  9.4084661e+03 2.07e-01 1.18e+03  -1.0 6.66e+00    -  4.56e-01 3.07e-01f  1
  25  1.0374508e+04 1.15e-01 1.13e+03  -1.0 4.40e+00    -  7.50e-01 4.43e-01f  1
  26  1.1604135e+04 1.15e-03 2.47e+03  -1.0 6.45e+00    -  2.11e-01 9.90e-01f  1
  27  1.1602229e+04 1.15e-05 6.26e+02  -1.0 3.62e+00    -  8.30e-01 9.90e-01f  1
  28  1.1645435e+04 5.37e-08 2.24e+04  -1.0 1.55e+01    -  5.32e-01 9.95e-01f  1
  29  1.1669231e+04 6.54e-11 8.56e+05  -1.0 2.40e+01    -  8.23e-01 1.00e+00f  1
iter    objective    inf_pr   inf_du lg(mu)  ||d||  lg(rg) alpha_du alpha_pr  ls
  30  1.1703350e+04 3.86e-07 5.90e+05  -1.0 1.19e+02    -  3.11e-01 1.00e+00f  1
  31  1.1719132e+04 2.27e-09 6.05e+05  -1.0 1.64e+02    -  7.42e-01 1.00e+00h  1
  32  1.1736636e+04 5.79e-08 2.62e+05  -1.0 4.50e+02    -  5.67e-01 1.00e+00f  1
  33  1.1758062e+04 1.94e-09 6.62e+05  -1.0 5.40e+02    -  6.83e-01 1.00e+00f  1
  34  1.1791186e+04 1.49e-08 1.57e+05  -1.0 8.97e+02    -  7.62e-01 1.00e+00f  1
  35  1.1821187e+04 5.28e-10 9.52e-02  -1.0 1.03e+03    -  1.00e+00 1.00e+00f  1
  36  1.1685048e+04 1.18e-08 4.46e+05  -3.8 2.57e+03    -  9.50e-01 1.00e+00f  1
  37  1.1429357e+04 8.71e-09 9.21e+06  -3.8 2.08e+02    -  2.75e-01 6.53e-01f  1
  38  1.1362716e+04 8.51e-08 9.50e+06  -3.8 9.71e+01    -  2.24e-02 1.72e-01f  1
  39  1.1325196e+04 7.65e-08 8.66e+06  -3.8 8.37e+01    -  8.81e-02 1.00e-01f  1
iter    objective    inf_pr   inf_du lg(mu)  ||d||  lg(rg) alpha_du alpha_pr  ls
  40  1.1259510e+04 6.34e-08 9.27e+06  -3.8 7.80e+01    -  3.36e-02 1.69e-01f  1
  41  1.1192420e+04 6.17e-08 8.30e+06  -3.8 6.72e+01    -  1.06e-01 1.77e-01f  1
  42  1.0981403e+04 2.86e-08 6.42e+06  -3.8 5.81e+01    -  7.00e-02 5.36e-01f  1
  43  1.0821778e+04 6.68e-08 5.90e+06  -3.8 3.43e+01    -  7.78e-02 4.49e-01f  1
  44  1.0482845e+04 7.76e-02 9.66e+05  -3.8 2.36e+01    -  6.11e-01 1.00e+00f  1
  45  1.0135382e+04 1.83e-01 6.83e+05  -3.8 2.95e+01    -  2.69e-01 5.84e-01f  1
  46  9.9142939e+03 1.86e-01 4.67e+05  -3.8 3.05e+01    -  2.99e-01 3.90e-01f  1
  47  9.7374401e+03 1.68e-01 3.13e+05  -3.8 2.59e+01    -  3.19e-01 3.36e-01f  1
  48  9.6544080e+03 1.38e-01 2.35e+05  -3.8 2.10e+01    -  3.21e-01 1.82e-01f  1
  49  9.5308993e+03 1.07e-01 1.59e+05  -3.8 1.83e+01    -  3.38e-01 2.94e-01f  1
iter    objective    inf_pr   inf_du lg(mu)  ||d||  lg(rg) alpha_du alpha_pr  ls
  50  9.3978916e+03 1.07e-01 9.54e+04  -3.8 1.36e+01    -  3.93e-01 4.08e-01f  1
  51  9.3036703e+03 6.66e-02 4.75e+04  -3.8 8.39e+00    -  5.60e-01 4.54e-01f  1
  52  9.1845481e+03 1.34e-02 1.91e-04  -3.8 4.77e+00    -  1.00e+00 1.00e+00f  1
  53  9.1834656e+03 2.71e-11 3.65e-06  -3.8 2.57e-01    -  1.00e+00 1.00e+00h  1
  54  9.0714793e+03 4.35e-10 1.47e+03  -5.7 1.25e+01    -  3.90e-01 2.82e-01f  1
  55  8.9886609e+03 1.03e-02 1.18e+03  -5.7 9.45e+00    -  2.95e-01 2.80e-01f  1
  56  8.9440535e+03 1.02e-02 1.22e+03  -5.7 7.16e+00    -  2.56e-01 2.07e-01f  1
  57  8.9077427e+03 9.54e-03 7.46e+02  -5.7 5.83e+00    -  1.60e-01 2.11e-01f  1
  58  8.8880481e+03 8.68e-03 9.86e+02  -5.7 4.64e+00    -  2.40e-01 1.45e-01f  1
  59  8.8612520e+03 8.04e-03 6.51e+02  -5.7 3.98e+00    -  1.86e-01 2.31e-01f  1
iter    objective    inf_pr   inf_du lg(mu)  ||d||  lg(rg) alpha_du alpha_pr  ls
  60  8.8390658e+03 7.40e-03 4.32e+02  -5.7 3.05e+00    -  2.26e-01 2.49e-01f  1
  61  8.8225836e+03 6.69e-03 2.92e+02  -5.7 2.26e+00    -  2.30e-01 2.47e-01f  1
  62  8.8105701e+03 5.93e-03 2.10e+02  -5.7 1.66e+00    -  2.32e-01 2.41e-01f  1
  63  8.8031561e+03 5.19e-03 2.04e+02  -5.7 1.27e+00    -  2.30e-01 1.97e-01f  1
  64  8.7961328e+03 4.49e-03 1.35e+02  -5.7 1.02e+00    -  2.01e-01 2.33e-01f  1
  65  8.7934493e+03 4.03e-03 1.42e+02  -5.7 7.85e-01    -  1.50e-01 1.17e-01h  1
  66  8.7921251e+03 3.77e-03 1.58e+02  -5.7 6.94e-01    -  1.09e-01 6.56e-02h  1
  67  8.7903942e+03 3.44e-03 1.50e+02  -5.7 6.49e-01    -  1.04e-01 9.19e-02h  1
  68  8.7886612e+03 3.11e-03 1.37e+02  -5.7 5.90e-01    -  1.06e-01 1.02e-01h  1
  69  8.7864602e+03 2.71e-03 1.01e+02  -5.7 5.30e-01    -  1.04e-01 1.44e-01h  1
iter    objective    inf_pr   inf_du lg(mu)  ||d||  lg(rg) alpha_du alpha_pr  ls
  70  8.7833165e+03 2.20e-03 3.69e+01  -5.7 4.54e-01    -  1.26e-01 2.41e-01h  1
  71  8.7815091e+03 1.81e-03 1.20e+01  -5.7 3.45e-01    -  1.29e-01 1.84e-01h  1
  72  8.7807796e+03 1.62e-03 2.25e+01  -5.7 2.82e-01    -  1.32e-01 9.14e-02h  1
  73  8.7794739e+03 1.31e-03 6.99e+00  -5.7 2.56e-01    -  1.26e-01 1.80e-01h  1
  74  8.7769958e+03 8.06e-04 6.46e+01  -5.7 2.13e-01    -  1.47e-01 4.20e-01h  1
  75  8.7763475e+03 5.83e-04 5.26e+01  -5.7 1.43e-01    -  1.89e-01 1.91e-01h  1
  76  8.7748725e+03 1.32e-04 7.79e+01  -5.7 1.23e-01    -  1.84e-01 5.40e-01h  1
  77  8.7743130e+03 5.01e-10 2.84e+01  -5.7 6.44e-02    -  5.68e-01 4.51e-01h  1
  78  8.7736383e+03 4.75e-10 2.68e-06  -5.7 3.90e-02    -  1.00e+00 1.00e+00h  1
  79  8.7736408e+03 3.58e-11 5.55e-08  -5.7 3.29e-03    -  1.00e+00 1.00e+00h  1
iter    objective    inf_pr   inf_du lg(mu)  ||d||  lg(rg) alpha_du alpha_pr  ls
  80  8.7722369e+03 3.01e-11 1.07e+01  -8.6 2.08e-01    -  3.52e-01 2.88e-01f  1
  81  8.7717746e+03 4.52e-10 1.19e+01  -8.6 1.63e-01    -  1.60e-01 1.35e-01f  1
  82  8.7710616e+03 8.20e-10 2.87e+00  -8.6 1.47e-01    -  1.66e-01 2.43e-01f  1
  83  8.7705190e+03 6.18e-10 6.64e+00  -8.6 1.19e-01    -  1.49e-01 2.46e-01h  1
  84  8.7700535e+03 3.73e-06 1.71e+00  -8.6 9.54e-02    -  3.58e-01 2.84e-01h  1
  85  8.7698173e+03 1.04e-05 4.27e+00  -8.6 7.58e-02    -  2.72e-01 2.05e-01h  1
  86  8.7695988e+03 1.46e-05 4.34e+00  -8.6 6.41e-02    -  2.77e-01 2.41e-01h  1
  87  8.7693981e+03 1.57e-05 9.84e-01  -8.6 5.19e-02    -  2.02e-01 2.96e-01h  1
  88  8.7692953e+03 1.30e-05 4.02e+00  -8.6 3.88e-02    -  4.08e-01 2.20e-01h  1
  89  8.7692223e+03 1.04e-05 4.41e+00  -8.6 3.23e-02    -  3.24e-01 2.05e-01h  1
iter    objective    inf_pr   inf_du lg(mu)  ||d||  lg(rg) alpha_du alpha_pr  ls
  90  8.7691474e+03 8.89e-06 3.73e+00  -8.6 2.69e-02    -  3.41e-01 2.68e-01h  1
  91  8.7690910e+03 7.38e-06 3.36e+00  -8.6 2.07e-02    -  4.34e-01 2.82e-01h  1
  92  8.7690464e+03 5.80e-06 2.57e+00  -8.6 1.57e-02    -  4.28e-01 3.19e-01h  1
  93  8.7690166e+03 4.32e-06 1.87e+00  -8.6 1.12e-02    -  4.16e-01 3.23e-01h  1
  94  8.7689957e+03 3.03e-06 1.33e+00  -8.6 7.85e-03    -  4.70e-01 3.45e-01h  1
  95  8.7689811e+03 1.94e-06 8.90e-01  -8.6 5.32e-03    -  5.34e-01 3.82e-01h  1
  96  8.7689725e+03 1.17e-06 6.49e-01  -8.6 3.39e-03    -  8.29e-01 3.77e-01h  1
  97  8.7689630e+03 2.72e-07 2.04e-01  -8.6 2.16e-03    -  1.00e+00 7.02e-01h  1
  98  8.7689592e+03 2.84e-14 1.04e-06  -8.6 6.54e-04    -  1.00e+00 1.00e+00f  1
  99  8.7689592e+03 1.11e-15 3.74e-08  -8.6 3.07e-05    -  1.00e+00 1.00e+00h  1
iter    objective    inf_pr   inf_du lg(mu)  ||d||  lg(rg) alpha_du alpha_pr  ls
 100  8.7689592e+03 1.08e-15 4.86e-11  -8.6 4.88e-06    -  1.00e+00 1.00e+00h  1

Number of Iterations....: 100

                                   (scaled)                 (unscaled)
Objective...............:   8.7689592081623923e+03    8.7689592081623923e+03
Dual infeasibility......:   4.8616746472520105e-11    4.8616746472520105e-11
Constraint violation....:   1.0802990446645566e-15    1.0802990446645566e-15
Variable bound violation:   0.0000000000000000e+00    0.0000000000000000e+00
Complementarity.........:   2.5641030842453576e-09    2.5641030842453576e-09
Overall NLP error.......:   2.5641030842453576e-09    2.5641030842453576e-09


Number of objective function evaluations             = 101
Number of objective gradient evaluations             = 101
Number of equality constraint evaluations            = 101
Number of inequality constraint evaluations          = 101
Number of equality constraint Jacobian evaluations   = 101
Number of inequality constraint Jacobian evaluations = 101
Number of Lagrangian Hessian evaluations             = 100
Total seconds in IPOPT (w/o function evaluations)    =   1864.440
Total seconds in NLP function evaluations            =     95.912


Timing Statistics:

OverallAlgorithm....................:   1960.343 (sys:      0.000 wall:   1960.352)
 PrintProblemStatistics.............:      0.111 (sys:      0.000 wall:      0.111)
 InitializeIterates.................:     43.314 (sys:      0.000 wall:     43.314)
 UpdateHessian......................:     17.936 (sys:      0.000 wall:     17.922)
 OutputIteration....................:      0.350 (sys:      0.000 wall:      0.320)
 UpdateBarrierParameter.............:      5.096 (sys:      0.000 wall:      5.090)
 ComputeSearchDirection.............:   1742.910 (sys:      0.000 wall:   1742.942)
 ComputeAcceptableTrialPoint........:     82.019 (sys:      0.000 wall:     82.058)
 AcceptTrialPoint...................:      4.189 (sys:      0.000 wall:      4.178)
 CheckConvergence...................:     64.418 (sys:      0.000 wall:     64.417)
PDSystemSolverTotal.................:   1735.067 (sys:      0.000 wall:   1735.103)
 PDSystemSolverSolveOnce............:   1670.831 (sys:      0.000 wall:   1670.847)
 ComputeResiduals...................:     47.018 (sys:      0.000 wall:     47.068)
 StdAugSystemSolverMultiSolve.......:   1691.600 (sys:      0.000 wall:   1691.541)
 LinearSystemScaling................:      0.000 (sys:      0.000 wall:      0.000)
 LinearSystemSymbolicFactorization..:     25.534 (sys:      0.000 wall:     25.534)
 LinearSystemFactorization..........:      0.000 (sys:      0.000 wall:      0.000)
 LinearSystemBackSolve..............:    565.330 (sys:      0.000 wall:    565.345)
 LinearSystemStructureConverter.....:      0.000 (sys:      0.000 wall:      0.000)
  LinearSystemStructureConverterInit:      0.000 (sys:      0.000 wall:      0.000)
QualityFunctionSearch...............:      0.000 (sys:      0.000 wall:      0.000)
TryCorrector........................:      0.000 (sys:      0.000 wall:      0.000)
Task1...............................:      0.000 (sys:      0.000 wall:      0.000)
Task2...............................:      0.000 (sys:      0.000 wall:      0.000)
Task3...............................:      0.000 (sys:      0.000 wall:      0.000)
Task4...............................:      0.000 (sys:      0.000 wall:      0.000)
Task5...............................:      0.000 (sys:      0.000 wall:      0.000)
Task6...............................:      0.000 (sys:      0.000 wall:      0.000)
Function Evaluations................:     95.892 (sys:      0.000 wall:     95.912)
 Objective function.................:      0.169 (sys:      0.000 wall:      0.201)
 Objective function gradient........:      0.948 (sys:      0.000 wall:      0.958)
 Equality constraints...............:     39.262 (sys:      0.000 wall:     39.246)
 Inequality constraints.............:      1.183 (sys:      0.000 wall:      1.173)
 Equality constraint Jacobian.......:      4.304 (sys:      0.000 wall:      4.296)
 Inequality constraint Jacobian.....:     32.367 (sys:      0.000 wall:     32.387)
 Lagrangian Hessian.................:     17.659 (sys:      0.000 wall:     17.651)

EXIT: Optimal Solution Found.
