
******************************************************************************
This program contains Ipopt, a library for large-scale nonlinear optimization.
 Ipopt is released as open source code under the Eclipse Public License (EPL).
         For more information visit https://github.com/coin-or/Ipopt
******************************************************************************

This is Ipopt version 3.14.19, running with linear solver MUMPS 5.8.2.

Number of nonzeros in equality constraint Jacobian...:   347534
Number of nonzeros in inequality constraint Jacobian.:   160272
Number of nonzeros in Lagrangian Hessian.............:    93756

Total number of variables............................:   130044
                     variables with only lower bounds:    30264
                variables with lower and upper bounds:        0
                     variables with only upper bounds:        0
Total number of equality constraints.................:    93792
Total number of inequality constraints...............:    69516
        inequality constraints with only lower bounds:        0
   inequality constraints with lower and upper bounds:    39264
        inequality constraints with only upper bounds:    30252

iter    objective    inf_pr   inf_du lg(mu)  ||d||  lg(rg) alpha_du alpha_pr  ls
   0  3.3599966e+01 1.10e+00 5.86e+00  -1.0 0.00e+00    -  0.00e+00 0.00e+00   0
   1  2.2425455e+02 1.09e+00 1.07e+01  -1.0 8.03e+00    -  1.25e-03 1.54e-02f  1
   2  3.4228095e+02 1.07e+00 1.06e+01  -1.0 3.08e+00    -  2.00e-02 1.43e-02f  1
   3  4.2047856e+02 1.06e+00 1.05e+01  -1.0 3.02e+00    -  2.02e-02 1.03e-02f  1
   4  4.5547431e+02 1.05e+00 1.46e+01  -1.0 5.87e+00    -  1.26e-02 6.63e-03f  1
   5  4.7829227e+02 1.05e+00 1.04e+01  -1.0 1.01e+01    -  3.44e-03 4.82e-03f  1
   6  5.1032226e+02 1.04e+00 1.34e+01  -1.0 1.13e+01    -  2.97e-03 5.53e-03f  1
   7  6.0003001e+02 1.03e+00 3.87e+01  -1.0 1.66e+01    -  4.80e-03 1.07e-02f  1
   8  6.3488672e+02 1.03e+00 3.39e+01  -1.0 1.16e+01    -  6.59e-03 4.15e-03f  1
   9  7.2605277e+02 1.01e+00 4.35e+01  -1.0 1.19e+01    -  6.23e-03 1.07e-02f  1
iter    objective    inf_pr   inf_du lg(mu)  ||d||  lg(rg) alpha_du alpha_pr  ls
  10  7.9227060e+02 1.01e+00 3.95e+01  -1.0 1.17e+01    -  8.68e-03 7.65e-03f  1
  11  8.4791316e+02 1.00e+00 3.63e+01  -1.0 1.22e+01    -  1.04e-02 6.23e-03f  1
  12  9.7658996e+02 9.87e-01 4.14e+01  -1.0 1.24e+01    -  5.99e-03 1.41e-02f  1
  13  1.3272864e+03 9.49e-01 6.97e+01  -1.0 1.19e+01    -  1.35e-02 3.83e-02f  1
  14  1.6850221e+03 9.11e-01 6.33e+01  -1.0 1.07e+01    -  4.94e-02 4.00e-02f  1
  15  1.8423397e+03 8.95e-01 6.19e+01  -1.0 1.04e+01    -  1.98e-02 1.78e-02f  1
  16  2.5131183e+03 8.26e-01 6.20e+01  -1.0 1.04e+01    -  3.15e-02 7.61e-02f  1
  17  4.4751937e+03 6.32e-01 5.45e+01  -1.0 9.97e+00    -  4.87e-02 2.35e-01f  1
  18  5.4596745e+03 5.34e-01 4.31e+01  -1.0 1.18e+01    -  6.46e-02 1.56e-01f  1
  19  5.9864660e+03 4.81e-01 3.75e+01  -1.0 2.49e+01    -  6.18e-02 9.85e-02f  1
iter    objective    inf_pr   inf_du lg(mu)  ||d||  lg(rg) alpha_du alpha_pr  ls
  20  7.5059202e+03 3.35e-01 9.79e+01  -1.0 2.09e+02    -  2.81e-02 3.03e-01f  1
  21  7.9769183e+03 2.85e-01 1.40e+02  -1.0 3.15e+02    -  6.70e-01 1.49e-01f  1
  22  8.0956711e+03 2.76e-01 2.81e+02  -1.0 4.03e+02    -  4.78e-01 3.40e-02f  1
  23  9.0380170e+03 2.01e-01 2.41e+02  -1.0 7.95e+00    -  4.10e-01 2.70e-01f  1
  24  1.0383362e+04 8.51e-02 6.11e+01  -1.0 4.23e+00    -  3.95e-01 5.77e-01f  1
  25  1.1266538e+04 8.52e-03 9.79e+01  -1.0 2.55e+00    -  5.76e-01 9.90e-01f  1
  26  1.1288370e+04 8.45e-06 2.69e+02  -1.0 4.57e+00    -  5.79e-01 9.90e-01f  1
  27  1.1317355e+04 2.37e-08 2.31e+04  -1.0 1.19e+01    -  6.44e-01 9.97e-01f  1
  28  1.1335205e+04 3.07e-10 1.84e+06  -1.0 2.93e+01    -  7.17e-01 1.00e+00f  1
  29  1.1348064e+04 7.06e-16 9.83e+05  -1.0 5.16e+01    -  7.74e-01 1.00e+00f  1
iter    objective    inf_pr   inf_du lg(mu)  ||d||  lg(rg) alpha_du alpha_pr  ls
  30  1.1357161e+04 6.50e-16 3.08e+05  -1.0 9.32e+01    -  7.08e-01 1.00e+00f  1
  31  1.1361762e+04 2.81e-14 1.18e-01  -1.0 9.87e+01    -  1.00e+00 1.00e+00f  1
  32  1.1142830e+04 5.56e-09 1.62e+06  -3.8 2.42e+02    -  7.67e-01 9.46e-01f  1
  33  1.0734650e+04 4.68e-02 2.71e+06  -3.8 5.45e+01    -  2.98e-01 6.40e-01f  1
  34  1.0308864e+04 1.22e-01 1.97e+06  -3.8 2.98e+01    -  2.89e-01 5.42e-01f  1
  35  1.0045973e+04 1.50e-01 1.52e+06  -3.8 2.85e+01    -  2.23e-01 2.79e-01f  1
  36  9.7453911e+03 2.55e-01 1.33e+06  -3.8 3.25e+01    -  1.05e-01 2.91e-01f  1
  37  9.5169674e+03 2.74e-01 9.40e+05  -3.8 2.82e+01    -  2.95e-01 2.56e-01f  1
  38  9.3586752e+03 2.37e-01 6.34e+05  -3.8 2.53e+01    -  3.45e-01 1.98e-01f  1
  39  9.1466013e+03 1.76e-01 5.09e+05  -3.8 2.10e+01    -  1.78e-01 2.89e-01f  1
iter    objective    inf_pr   inf_du lg(mu)  ||d||  lg(rg) alpha_du alpha_pr  ls
  40  9.0627729e+03 1.50e-01 3.73e+05  -3.8 1.74e+01    -  2.88e-01 1.49e-01f  1
  41  8.9031104e+03 1.05e-01 2.96e+05  -3.8 1.68e+01    -  1.82e-01 3.19e-01f  1
  42  8.8192387e+03 7.96e-02 2.23e+05  -3.8 1.15e+01    -  2.47e-01 2.43e-01f  1
  43  8.7152756e+03 4.98e-02 1.45e+05  -3.8 9.13e+00    -  3.44e-01 3.91e-01f  1
  44  8.6550116e+03 3.28e-02 8.90e+04  -3.8 6.44e+00    -  3.89e-01 3.61e-01f  1
  45  8.5948208e+03 2.43e-02 3.18e+04  -3.8 4.28e+00    -  6.60e-01 5.55e-01f  1
  46  8.5791417e+03 1.63e-02 1.36e+04  -3.8 1.85e+00    -  6.43e-01 3.23e-01f  1
  47  8.5462417e+03 5.36e-03 6.86e+02  -3.8 1.21e+00    -  9.23e-01 1.00e+00f  1
  48  8.5466246e+03 1.11e-15 4.46e-04  -3.8 6.95e-02    -  1.00e+00 1.00e+00h  1
  49  8.5303487e+03 7.76e-04 1.26e+03  -5.7 1.12e+00    -  3.77e-01 4.70e-01f  1
iter    objective    inf_pr   inf_du lg(mu)  ||d||  lg(rg) alpha_du alpha_pr  ls
  50  8.5244903e+03 1.06e-03 6.42e+02  -5.7 5.95e-01    -  3.49e-01 3.25e-01f  1
  51  8.5191900e+03 1.26e-03 2.27e+03  -5.7 4.02e-01    -  9.08e-02 4.41e-01f  1
  52  8.5180518e+03 1.08e-03 9.54e+02  -5.7 2.25e-01    -  3.60e-01 1.73e-01h  1
  53  8.5163823e+03 8.62e-04 3.45e+02  -5.7 1.87e-01    -  4.09e-01 3.11e-01f  1
  54  8.5157199e+03 7.26e-04 2.46e+02  -5.7 1.29e-01    -  4.64e-01 1.82e-01h  1
  55  8.5142054e+03 5.05e-04 3.10e+02  -5.7 1.06e-01    -  8.84e-02 5.15e-01h  1
  56  8.5138377e+03 3.76e-04 3.03e+01  -5.7 5.14e-02    -  4.91e-01 2.65e-01h  1
  57  8.5132429e+03 1.71e-04 9.99e+01  -5.7 3.78e-02    -  8.24e-01 5.93e-01f  1
  58  8.5130239e+03 5.86e-05 6.79e+01  -5.7 1.54e-02    -  8.21e-01 5.62e-01h  1
  59  8.5128761e+03 1.73e-11 9.05e+00  -5.7 6.75e-03    -  1.00e+00 8.92e-01f  1
iter    objective    inf_pr   inf_du lg(mu)  ||d||  lg(rg) alpha_du alpha_pr  ls
  60  8.5128679e+03 8.65e-12 4.46e+00  -5.7 7.30e-04    -  1.00e+00 5.00e-01f  2
  61  8.5128596e+03 3.03e-12 7.30e-07  -5.7 3.65e-04    -  1.00e+00 1.00e+00h  1
  62  8.5127010e+03 1.72e-12 3.27e+01  -8.6 1.40e-02    -  6.29e-01 4.33e-01f  1
  63  8.5125665e+03 6.49e-11 2.86e-01  -8.6 7.94e-03    -  5.14e-01 6.79e-01f  1
  64  8.5125258e+03 1.41e-07 8.68e+00  -8.6 2.55e-03    -  4.43e-01 7.29e-01h  1
  65  8.5125184e+03 1.65e-07 3.61e+00  -8.6 6.90e-04    -  6.23e-01 6.64e-01h  1
  66  8.5125160e+03 2.26e-07 8.30e-01  -8.6 6.45e-04    -  7.69e-01 7.67e-01f  1
  67  8.5125154e+03 1.34e-07 1.97e-01  -8.6 5.07e-04    -  8.65e-01 1.00e+00f  1
  68  8.5125154e+03 8.41e-16 7.17e-07  -8.6 2.07e-04    -  1.00e+00 1.00e+00h  1
  69  8.5125154e+03 8.21e-16 9.21e-08  -8.6 6.55e-05    -  1.00e+00 1.00e+00h  1
iter    objective    inf_pr   inf_du lg(mu)  ||d||  lg(rg) alpha_du alpha_pr  ls
  70  8.5125154e+03 7.79e-16 6.23e-11  -8.6 9.18e-06    -  1.00e+00 1.00e+00h  1

Number of Iterations....: 70

                                   (scaled)                 (unscaled)
Objective...............:   2.1346471428305699e+03    8.5125154153138792e+03
Dual infeasibility......:   6.2250292485000814e-11    2.4824082807601826e-10
Constraint violation....:   7.7889084071358639e-16    7.7889084071358639e-16
Variable bound violation:   4.6362372301310097e-09    4.6362372301310097e-09
Complementarity.........:   2.5123702514796832e-09    1.0018794237973171e-08
Overall NLP error.......:   2.5123702514796832e-09    1.0018794237973171e-08


Number of objective function evaluations             = 72
Number of objective gradient evaluations             = 71
Number of equality constraint evaluations            = 72
Number of inequality constraint evaluations          = 72
Number of equality constraint Jacobian evaluations   = 71
Number of inequality constraint Jacobian evaluations = 71
Number of Lagrangian Hessian evaluations             = 70
Total seconds in IPOPT                               = 31.083

EXIT: Optimal Solution Found.
