
******************************************************************************
This program contains Ipopt, a library for large-scale nonlinear optimization.
 Ipopt is released as open source code under the Eclipse Public License (EPL).
         For more information visit https://github.com/coin-or/Ipopt
******************************************************************************

This is Ipopt version 3.14.19, running with linear solver MUMPS 5.8.2.

Number of nonzeros in equality constraint Jacobian...:  5692980
Number of nonzeros in inequality constraint Jacobian.:  2623824
Number of nonzeros in Lagrangian Hessian.............:  1535040

Total number of variables............................:  2128560
                     variables with only lower bounds:   495408
                variables with lower and upper bounds:        0
                     variables with only upper bounds:        0
Total number of equality constraints.................:  1535184
Total number of inequality constraints...............:  1137744
        inequality constraints with only lower bounds:        0
   inequality constraints with lower and upper bounds:   642384
        inequality constraints with only upper bounds:   495360

iter    objective    inf_pr   inf_du lg(mu)  ||d||  lg(rg) alpha_du alpha_pr  ls
   0  3.3599966e+01 1.25e+00 6.53e+01  -1.0 0.00e+00    -  0.00e+00 0.00e+00   0
   1  3.1399094e+02 1.25e+00 6.36e+01  -1.0 2.18e+02    -  4.54e-05 5.10e-04h  1
   2  9.7193875e+02 1.25e+00 6.33e+01  -1.0 1.17e+03    -  9.66e-05 2.21e-04f  1
   3  1.8157698e+03 1.25e+00 6.29e+01  -1.0 1.05e+03    -  1.41e-04 2.82e-04f  1
   4  1.6655071e+05 1.18e+00 2.28e+02  -1.0 1.12e+03    -  1.64e-04 5.38e-02h  1
   5  1.6671198e+05 1.18e+00 1.70e+02  -1.0 4.94e+03    -  1.51e-03 6.83e-05h  1
   6  1.6714719e+05 1.18e+00 1.70e+02  -1.0 8.52e+03    -  2.13e-04 1.73e-04h  1
   7  1.6738087e+05 1.18e+00 1.70e+02  -1.0 7.47e+03    -  1.45e-04 9.43e-05h  1
   8  1.6759020e+05 1.18e+00 1.70e+02  -1.0 6.69e+03    -  6.93e-05 8.48e-05h  1
   9  1.6781236e+05 1.18e+00 1.70e+02  -1.0 6.00e+03    -  6.77e-05 9.02e-05h  1
iter    objective    inf_pr   inf_du lg(mu)  ||d||  lg(rg) alpha_du alpha_pr  ls
  10  1.6805710e+05 1.18e+00 1.98e+02  -1.0 5.43e+03    -  4.21e-05 9.88e-05h  1
  11  1.6831948e+05 1.18e+00 2.21e+02  -1.0 5.04e+03    -  7.85e-05 1.04e-04h  1
  12  1.6865863e+05 1.18e+00 2.57e+02  -1.0 5.51e+03    -  8.88e-05 1.30e-04h  1
  13  1.6904487e+05 1.18e+00 2.95e+02  -1.0 8.32e+03    -  8.62e-05 1.38e-04h  1
  14  1.6960638e+05 1.18e+00 3.35e+02  -1.0 1.17e+04    -  1.25e-04 1.91e-04h  1
  15  1.7004143e+05 1.18e+00 3.38e+02  -1.0 9.37e+03    -  1.42e-04 1.46e-04h  1
  16  1.7029791e+05 1.18e+00 2.89e+02  -1.0 7.88e+03    -  1.85e-04 8.65e-05h  1
  17  1.7089068e+05 1.18e+00 3.18e+02  -1.0 6.23e+03    -  1.24e-04 2.01e-04h  1
  18  1.7109644e+05 1.18e+00 2.89e+02  -1.0 5.40e+03    -  1.68e-04 7.04e-05h  1
  19  1.7154570e+05 1.18e+00 2.96e+02  -1.0 5.06e+03    -  1.30e-04 1.54e-04h  1
iter    objective    inf_pr   inf_du lg(mu)  ||d||  lg(rg) alpha_du alpha_pr  ls
  20  1.7201037e+05 1.18e+00 2.96e+02  -1.0 4.71e+03    -  1.60e-04 1.60e-04h  1
  21  1.7249439e+05 1.18e+00 2.95e+02  -1.0 4.34e+03    -  1.70e-04 1.65e-04h  1
  22  1.7299263e+05 1.18e+00 2.96e+02  -1.0 4.01e+03    -  1.62e-04 1.68e-04h  1
  23  1.7355106e+05 1.18e+00 2.99e+02  -1.0 3.75e+03    -  1.75e-04 1.87e-04h  1
  24  1.7422902e+05 1.18e+00 3.00e+02  -1.0 3.53e+03    -  2.19e-04 2.27e-04h  1
  25  1.7562861e+05 1.18e+00 3.12e+02  -1.0 3.29e+03    -  4.11e-04 4.68e-04h  1
  26  1.7690076e+05 1.18e+00 3.20e+02  -1.0 2.95e+03    -  3.80e-04 4.28e-04h  1
  27  1.7777703e+05 1.18e+00 3.06e+02  -1.0 2.79e+03    -  3.98e-04 2.98e-04h  1
  28  1.7909030e+05 1.18e+00 2.98e+02  -1.0 2.62e+03    -  5.11e-04 4.49e-04h  1
  29  1.8062288e+05 1.18e+00 3.06e+02  -1.0 2.39e+03    -  4.48e-04 5.24e-04h  1
iter    objective    inf_pr   inf_du lg(mu)  ||d||  lg(rg) alpha_du alpha_pr  ls
  30  1.8209043e+05 1.18e+00 3.05e+02  -1.0 2.19e+03    -  5.03e-04 4.99e-04h  1
  31  1.8327539e+05 1.17e+00 2.95e+02  -1.0 2.00e+03    -  5.43e-04 4.01e-04h  1
  32  1.8452028e+05 1.17e+00 2.90e+02  -1.0 1.84e+03    -  5.02e-04 4.20e-04h  1
  33  1.8633632e+05 1.17e+00 2.88e+02  -1.0 1.71e+03    -  7.08e-04 6.15e-04h  1
  34  1.8791277e+05 1.17e+00 2.82e+02  -1.0 1.56e+03    -  8.83e-04 5.36e-04h  1
  35  1.8975857e+05 1.17e+00 2.79e+02  -1.0 1.42e+03    -  8.60e-04 6.30e-04h  1
  36  1.9192657e+05 1.17e+00 2.76e+02  -1.0 1.30e+03    -  1.02e-03 7.42e-04h  1
  37  1.9536765e+05 1.17e+00 2.75e+02  -1.0 1.19e+03    -  1.23e-03 1.18e-03h  1
  38  1.9737847e+05 1.17e+00 2.72e+02  -1.0 1.10e+03    -  1.17e-03 6.92e-04h  1
  39  2.0128221e+05 1.17e+00 2.73e+02  -1.0 1.03e+03    -  1.17e-03 1.34e-03h  1
iter    objective    inf_pr   inf_du lg(mu)  ||d||  lg(rg) alpha_du alpha_pr  ls
  40  2.0773375e+05 1.16e+00 2.74e+02  -1.0 9.46e+02    -  1.46e-03 2.23e-03h  1
  41  2.1588193e+05 1.16e+00 2.75e+02  -1.0 9.14e+02    -  1.99e-03 2.82e-03h  1
  42  2.2403516e+05 1.16e+00 2.75e+02  -1.0 9.09e+02    -  2.58e-03 2.83e-03h  1
  43  2.3278730e+05 1.15e+00 2.74e+02  -1.0 9.03e+02    -  2.76e-03 3.04e-03h  1
  44  2.4467160e+05 1.15e+00 2.73e+02  -1.0 8.97e+02    -  3.60e-03 4.14e-03h  1
  45  2.5555529e+05 1.15e+00 2.72e+02  -1.0 8.89e+02    -  4.30e-03 3.81e-03h  1
  46  2.6920211e+05 1.14e+00 2.71e+02  -1.0 8.88e+02    -  5.60e-03 4.80e-03h  1
  47  2.8776915e+05 1.13e+00 2.70e+02  -1.0 8.89e+02    -  7.44e-03 6.56e-03h  1
  48  3.0889027e+05 1.12e+00 3.21e+02  -1.0 8.87e+02    -  8.20e-03 7.52e-03h  1
  49  3.3304144e+05 1.11e+00 3.93e+02  -1.0 8.83e+02    -  8.60e-03 8.67e-03h  1
iter    objective    inf_pr   inf_du lg(mu)  ||d||  lg(rg) alpha_du alpha_pr  ls
  50  3.7582287e+05 1.10e+00 5.81e+02  -1.0 8.77e+02    -  1.06e-02 1.55e-02h  1
  51  4.1340190e+05 1.08e+00 6.84e+02  -1.0 8.64e+02    -  1.72e-02 1.38e-02h  1
  52  4.7437368e+05 1.06e+00 9.01e+02  -1.0 8.54e+02    -  2.58e-02 2.28e-02h  1
  53  7.2261293e+05 9.57e-01 3.58e+03  -1.0 8.37e+02    -  2.05e-02 9.50e-02h  1
  54  1.1924181e+06 7.66e-01 5.50e+03  -1.0 7.69e+02    -  9.34e-04 1.99e-01h  1
  55  1.4277584e+06 6.69e-01 4.89e+03  -1.0 8.03e+03    -  4.57e-03 1.26e-01h  1
  56  1.4508890e+06 6.60e-01 4.82e+03  -1.0 3.35e+05    -  3.15e-03 1.43e-02h  1
  57  1.4526935e+06 6.59e-01 4.82e+03  -1.0 2.85e+06    -  2.04e-03 1.12e-03h  1
  58  1.4587706e+06 7.04e-01 4.80e+03  -1.0 2.96e+06    -  5.66e-03 3.77e-03h  1
  59  1.4641581e+06 1.17e+00 4.78e+03  -1.0 3.18e+06    -  3.88e-03 3.35e-03h  1
iter    objective    inf_pr   inf_du lg(mu)  ||d||  lg(rg) alpha_du alpha_pr  ls
  60  1.4681088e+06 1.44e+00 4.77e+03  -1.0 3.04e+06    -  4.57e-03 2.47e-03h  1
  61  1.4715574e+06 1.64e+00 4.76e+03  -1.0 2.98e+06    -  2.96e-03 2.16e-03h  1
  62  1.4718793e+06 1.65e+00 4.76e+03  -1.0 3.55e+06    -  2.69e-04 2.02e-04h  1
  63  1.4731048e+06 1.67e+00 4.76e+03  -1.0 2.73e+06    -  1.91e-03 7.71e-04h  1
  64  1.4739022e+06 1.69e+00 4.75e+03  -1.0 2.52e+06    -  1.57e-03 5.02e-04h  1
  65  1.4798731e+06 2.41e+00 4.73e+03  -1.0 2.58e+06    -  7.01e-05 3.76e-03h  1
  66  1.4843423e+06 2.84e+00 4.72e+03  -1.0 2.41e+06    -  1.30e-03 2.83e-03h  1
  67  1.4858205e+06 2.89e+00 4.72e+03  -1.0 2.37e+06    -  2.14e-03 9.39e-04h  1
  68  1.4901008e+06 3.28e+00 4.70e+03  -1.0 2.41e+06    -  6.09e-04 2.72e-03h  1
  69  1.4911000e+06 3.30e+00 4.70e+03  -1.0 2.33e+06    -  1.74e-03 6.37e-04h  1
iter    objective    inf_pr   inf_du lg(mu)  ||d||  lg(rg) alpha_du alpha_pr  ls
  70  1.4961657e+06 3.84e+00 4.69e+03  -1.0 2.39e+06    -  2.21e-04 3.23e-03h  1
  71  1.4962860e+06 3.84e+00 4.69e+03  -1.0 2.33e+06    -  3.77e-03 7.70e-05h  1
  72  1.5085786e+06 7.12e+00 4.65e+03  -1.0 2.36e+06    -  2.32e-04 7.87e-03h  1
  73  1.5158935e+06 8.28e+00 4.63e+03  -1.0 2.27e+06    -  1.41e-02 4.72e-03h  1
  74  1.5328642e+06 1.47e+01 4.58e+03  -1.0 2.24e+06    -  1.85e-02 1.10e-02h  1
  75  1.5430886e+06 1.70e+01 4.55e+03  -1.0 2.13e+06    -  4.43e-02 6.72e-03h  1
  76  1.6069207e+06 1.10e+02 4.36e+03  -1.0 2.11e+06    -  6.05e-03 4.23e-02h  1
  77  1.6290404e+06 1.19e+02 4.29e+03  -1.0 2.01e+06    -  2.07e-03 1.53e-02h  1
  78  1.6340936e+06 1.19e+02 4.28e+03  -1.0 2.53e+06    -  1.02e-03 3.51e-03h  1
  79  1.6382386e+06 1.19e+02 4.26e+03  -1.0 2.38e+06    -  8.02e-03 2.89e-03h  1
iter    objective    inf_pr   inf_du lg(mu)  ||d||  lg(rg) alpha_du alpha_pr  ls
  80  1.6460015e+06 1.20e+02 4.24e+03  -1.0 2.25e+06    -  9.66e-03 5.44e-03h  1
  81  1.6511790e+06 1.20e+02 4.22e+03  -1.0 2.11e+06    -  6.03e-03 3.65e-03h  1
  82  1.6512249e+06 1.20e+02 4.22e+03  -1.0 2.00e+04   0.0 2.23e-05 3.22e-05h  1
  83  1.6512847e+06 1.20e+02 4.22e+03  -1.0 2.70e+04  -0.5 5.45e-05 4.18e-05h  1
  84  1.6514032e+06 1.20e+02 4.22e+03  -1.0 3.79e+04  -1.0 5.02e-05 8.27e-05h  1
  85  1.6517761e+06 1.21e+02 4.22e+03  -1.0 4.54e+04  -1.4 4.51e-05 2.61e-04h  1
  86  1.6518237e+06 1.21e+02 4.22e+03  -1.0 8.34e+04  -1.9 1.25e-04 3.36e-05h  1
  87  1.6523265e+06 1.21e+02 4.22e+03  -1.0 9.92e+04  -2.4 5.72e-06 3.58e-04h  1
  88  1.6528762e+06 1.21e+02 4.22e+03  -1.0 1.09e+05  -2.9 1.06e-03 3.95e-04h  1
  89  1.6573173e+06 1.21e+02 4.21e+03  -1.0 1.14e+05  -3.3 2.43e-04 3.21e-03h  1
iter    objective    inf_pr   inf_du lg(mu)  ||d||  lg(rg) alpha_du alpha_pr  ls
  90  1.6586065e+06 1.21e+02 4.20e+03  -1.0 1.14e+05  -3.8 1.07e-02 9.37e-04h  1
  91  1.6693254e+06 1.20e+02 4.17e+03  -1.0 1.11e+05  -4.3 4.64e-04 7.81e-03h  1
  92  1.6726656e+06 1.20e+02 4.16e+03  -1.0 1.06e+05  -4.8 1.15e-03 2.46e-03h  1
  93  1.6730753e+06 1.19e+02 4.16e+03  -1.0 1.91e+05  -5.2 1.76e-05 3.02e-04h  1
  94  1.6730895e+06 1.19e+02 4.16e+03  -1.0 5.53e+04  -1.2 5.80e-05 1.01e-05h  1
  95r 1.6730895e+06 1.19e+02 9.99e+02   3.3 0.00e+00  -1.7 0.00e+00 3.05e-07R  2
  96r 1.6728232e+06 1.19e+02 9.99e+02   3.3 5.87e+08    -  2.24e-06 5.39e-06f  1
  97r 1.6727649e+06 1.12e+02 9.71e+02   1.2 1.83e+06    -  2.85e-02 9.92e-04f  1
  98  1.6794912e+06 1.11e+02 9.85e+01  -1.0 9.83e+04    -  2.14e-03 4.84e-03h  1
  99  1.7071021e+06 1.09e+02 9.65e+01  -1.0 9.32e+04    -  7.03e-03 1.99e-02h  1
iter    objective    inf_pr   inf_du lg(mu)  ||d||  lg(rg) alpha_du alpha_pr  ls
 100  1.7233927e+06 1.08e+02 9.53e+01  -1.0 8.98e+04    -  6.71e-03 1.20e-02h  1
 101  1.7322488e+06 1.07e+02 9.47e+01  -1.0 8.86e+04    -  6.03e-03 6.60e-03h  1
 102r 1.7322488e+06 1.07e+02 9.99e+02   2.0 0.00e+00  -0.4 0.00e+00 6.79e-08R  2
 103r 1.7101934e+06 9.82e+00 9.99e+02   2.0 7.07e+05    -  4.63e-04 1.03e-03f  1
 104  1.7278126e+06 9.82e+00 9.77e+01  -1.0 9.14e+04    -  6.13e-03 1.38e-02h  1
 105  1.7504504e+06 9.80e+00 9.60e+01  -1.0 8.92e+04    -  1.08e-02 1.75e-02h  1
 106  1.7767410e+06 9.71e+00 9.40e+01  -1.0 8.38e+04    -  2.11e-02 2.03e-02h  1
 107  1.7940077e+06 9.65e+00 9.27e+01  -1.0 8.66e+04    -  6.65e-03 1.36e-02h  1
 108  1.7940735e+06 9.72e+00 9.27e+01  -1.0 3.30e+04  -0.8 1.78e-04 5.09e-05h  1
 109  1.7940918e+06 9.74e+00 9.27e+01  -1.0 3.77e+04  -0.4 3.01e-05 1.41e-05h  1
iter    objective    inf_pr   inf_du lg(mu)  ||d||  lg(rg) alpha_du alpha_pr  ls
 110  1.7942289e+06 9.90e+00 9.27e+01  -1.0 4.07e+04  -0.9 4.26e-05 1.06e-04h  1
 111  1.7942516e+06 9.91e+00 9.98e+01  -1.0 4.31e+04  -0.5 6.92e-04 1.79e-05h  1
 112  1.7943043e+06 9.91e+00 9.84e+01  -1.0 4.29e+04  -0.9 1.50e-05 4.09e-05h  1
 113r 1.7943043e+06 9.91e+00 9.99e+02   1.7 0.00e+00  -0.5 0.00e+00 3.22e-07R  5
 114r 1.7905950e+06 8.19e+00 9.99e+02   1.7 4.57e+04    -  8.84e-05 8.00e-04f  1
 115  1.7916540e+06 8.18e+00 9.89e+01  -1.0 8.09e+04    -  8.15e-03 8.93e-04h  1
 116  1.8044523e+06 8.12e+00 9.79e+01  -1.0 7.95e+04    -  1.18e-03 1.04e-02h  1
 117  1.8230872e+06 8.18e+00 9.64e+01  -1.0 8.03e+04    -  2.98e-02 1.50e-02h  1
 118  1.8574411e+06 8.36e+00 9.37e+01  -1.0 8.01e+04    -  4.77e-03 2.80e-02h  1
 119  1.8862469e+06 8.40e+00 9.14e+01  -1.0 7.55e+04    -  1.95e-02 2.41e-02h  1
iter    objective    inf_pr   inf_du lg(mu)  ||d||  lg(rg) alpha_du alpha_pr  ls
 120  1.9642453e+06 1.00e+01 1.38e+02  -1.0 7.17e+04    -  4.00e-02 6.69e-02h  1
 121  2.0343267e+06 1.05e+01 1.89e+02  -1.0 6.41e+04    -  3.89e-02 6.44e-02h  1
 122  2.1003385e+06 1.07e+01 2.17e+02  -1.0 5.78e+04    -  5.83e-02 6.47e-02h  1
 123  2.1437745e+06 1.07e+01 2.20e+02  -1.0 5.27e+04    -  6.83e-02 4.55e-02h  1
 124  2.3040081e+06 1.53e+01 3.09e+02  -1.0 4.96e+04    -  1.52e-01 1.76e-01h  1
 125  2.3591236e+06 1.49e+01 2.86e+02  -1.0 3.88e+04    -  2.32e-01 7.34e-02h  1
 126  2.4500219e+06 1.52e+01 2.28e+02  -1.0 3.56e+04    -  2.76e-01 1.31e-01h  1
 127  2.5196947e+06 1.51e+01 1.76e+02  -1.0 3.10e+04    -  2.14e-01 1.17e-01h  1
 128  2.6138842e+06 1.59e+01 8.34e+01  -1.0 2.79e+04    -  1.49e-01 1.82e-01h  1
 129  2.6657720e+06 1.53e+01 5.14e+01  -1.0 2.27e+04    -  2.60e-01 1.25e-01h  1
iter    objective    inf_pr   inf_du lg(mu)  ||d||  lg(rg) alpha_du alpha_pr  ls
 130  2.7006151e+06 1.37e+01 3.97e+01  -1.0 2.19e+04    -  8.41e-02 9.78e-02h  1
 131  2.7119809e+06 1.24e+01 5.05e+01  -1.0 2.09e+04    -  1.44e-01 3.57e-02h  1
 132  2.7615331e+06 7.65e+00 4.14e+01  -1.0 2.24e+04    -  1.54e-01 1.63e-01h  1
 133  2.7865801e+06 4.97e+00 3.74e+01  -1.0 2.03e+04    -  1.02e-01 1.00e-01h  1
 134  2.7866740e+06 5.63e+00 3.73e+01  -1.0 2.98e+03  -1.0 1.07e-03 3.62e-04h  1
 135  2.7870902e+06 8.39e+00 3.73e+01  -1.0 3.80e+03  -1.5 1.87e-04 1.62e-03h  1
 136  2.7871931e+06 8.83e+00 3.73e+01  -1.0 4.38e+03  -1.9 8.55e-04 4.09e-04h  1
 137  2.7875530e+06 9.30e+00 3.72e+01  -1.0 4.09e+03  -2.4 2.77e-04 1.48e-03h  1
 138  2.7885087e+06 9.62e+00 3.71e+01  -1.0 4.83e+03  -2.9 6.69e-03 4.11e-03h  1
 139  2.7931792e+06 9.48e+00 3.88e+01  -1.0 5.90e+04    -  5.26e-02 2.13e-02h  1
iter    objective    inf_pr   inf_du lg(mu)  ||d||  lg(rg) alpha_du alpha_pr  ls
 140  2.7967910e+06 9.32e+00 4.25e+01  -1.0 5.92e+04    -  7.23e-02 1.67e-02h  1
 141  2.7997905e+06 9.05e+00 4.62e+01  -1.0 6.02e+04    -  7.28e-02 1.40e-02h  1
 142  2.8184499e+06 7.90e+00 2.40e+02  -1.0 6.34e+04    -  2.39e-02 8.81e-02h  1
 143  2.8351010e+06 6.96e+00 3.74e+02  -1.0 5.42e+04    -  1.20e-01 8.68e-02h  1
 144  2.8468543e+06 5.00e+00 4.26e+02  -1.0 5.03e+04    -  1.04e-01 6.63e-02h  1
 145  2.8674393e+06 6.54e-01 6.14e+02  -1.0 4.95e+04    -  1.66e-01 1.23e-01h  1
 146  2.8788734e+06 7.98e-01 6.43e+02  -1.0 4.60e+04    -  7.07e-03 7.72e-02h  1
 147  2.8791815e+06 7.91e-01 6.42e+02  -1.0 1.34e+03  -1.6 6.36e-03 2.00e-03h  1
 148  2.8793301e+06 7.89e-01 6.41e+02  -1.0 1.42e+03  -1.1 6.69e-03 9.65e-04h  1
 149  2.8794808e+06 7.85e-01 6.40e+02  -1.0 1.59e+03  -1.6 9.45e-03 9.81e-04h  1
iter    objective    inf_pr   inf_du lg(mu)  ||d||  lg(rg) alpha_du alpha_pr  ls
 150  2.8795223e+06 7.85e-01 6.40e+02  -1.0 1.48e+03  -1.2 9.09e-05 2.66e-04h  1
 151  2.8813295e+06 7.39e-01 6.27e+02  -1.0 1.46e+03  -1.7 3.41e-03 1.16e-02h  1
 152  2.8817908e+06 7.32e-01 6.24e+02  -1.0 1.44e+03  -1.2 2.22e-03 3.00e-03h  1
 153  2.8852210e+06 1.08e+00 5.89e+02  -1.0 1.51e+03  -1.7 6.25e-03 2.25e-02h  1
 154  2.8864341e+06 1.27e+00 5.78e+02  -1.0 1.49e+03  -1.3 8.27e-03 8.09e-03h  1
 155  2.8870133e+06 1.28e+00 5.75e+02  -1.0 1.60e+03  -1.8 2.32e-02 3.92e-03h  1
 156  2.8871496e+06 1.28e+00 5.74e+02  -1.0 1.74e+03  -1.3 1.15e-03 9.24e-04h  1
 157  2.8900442e+06 1.25e+00 5.49e+02  -1.0 1.63e+03  -1.8 9.67e-04 1.97e-02h  1
 158  2.8912739e+06 1.24e+00 5.38e+02  -1.0 1.57e+03  -1.4 2.16e-02 8.48e-03h  1
 159  2.8928261e+06 7.95e+00 5.29e+02  -1.0 1.70e+03  -1.9 9.69e-04 1.09e-02h  1
iter    objective    inf_pr   inf_du lg(mu)  ||d||  lg(rg) alpha_du alpha_pr  ls
 160  2.8933384e+06 8.02e+00 5.27e+02  -1.0 2.13e+03  -2.4 2.81e-02 3.73e-03h  1
 161  2.8941577e+06 8.00e+00 5.22e+02  -1.0 1.94e+03  -1.9 1.11e-02 5.85e-03h  1
 162  2.8969936e+06 8.04e+00 5.07e+02  -1.0 2.24e+03  -2.4 7.73e-04 2.09e-02h  1
 163  2.8970775e+06 8.03e+00 5.06e+02  -1.0 3.62e+03  -2.9 1.39e-02 6.55e-04h  1
 164  2.9061361e+06 7.62e+00 5.15e+02  -1.0 3.98e+03  -3.4 1.50e-03 7.24e-02h  1
 165  2.9101471e+06 4.99e+01 8.44e+03  -1.0 1.36e+06    -  7.93e-04 3.92e-02h  2
 166  2.9108928e+06 5.02e+01 8.49e+03  -1.0 5.85e+05    -  9.46e-03 7.29e-03h  1
 167  2.9109035e+06 5.02e+01 8.49e+03  -1.0 4.81e+05    -  3.24e-02 1.04e-04h  1
 168  2.9134387e+06 5.17e+01 9.12e+03  -1.0 4.07e+05    -  5.13e-04 2.42e-02h  1
 169  2.9134667e+06 5.17e+01 9.12e+03  -1.0 3.34e+05    -  2.67e-02 2.73e-04h  1
iter    objective    inf_pr   inf_du lg(mu)  ||d||  lg(rg) alpha_du alpha_pr  ls
 170  2.9168799e+06 5.39e+01 1.00e+04  -1.0 3.19e+05    -  3.32e-03 3.31e-02h  1
 171  2.9187974e+06 5.38e+01 1.01e+04  -1.0 2.55e+05    -  9.06e-03 1.91e-02h  1
 172  2.9191505e+06 5.36e+01 1.01e+04  -1.0 2.20e+05    -  4.19e-02 3.56e-03h  1
 173  2.9202208e+06 5.32e+01 1.01e+04  -1.0 2.03e+05    -  7.84e-02 1.07e-02h  1
 174  2.9213334e+06 5.27e+01 1.00e+04  -1.0 1.65e+05    -  5.71e-02 1.10e-02h  1
 175  2.9401875e+06 6.40e+01 2.54e+04  -1.0 1.58e+05    -  9.77e-04 1.87e-01h  1
 176  2.9427120e+06 6.24e+01 2.48e+04  -1.0 7.34e+04    -  5.89e-02 2.98e-02h  1
 177  2.9450980e+06 6.08e+01 2.42e+04  -1.0 6.75e+04    -  5.13e-02 2.86e-02h  1
 178  2.9458452e+06 6.02e+01 2.40e+04  -1.0 6.02e+04    -  1.23e-01 9.07e-03h  1
 179  2.9548859e+06 5.40e+01 2.30e+04  -1.0 6.06e+04    -  9.46e-02 1.08e-01h  1
iter    objective    inf_pr   inf_du lg(mu)  ||d||  lg(rg) alpha_du alpha_pr  ls
 180  2.9660883e+06 4.71e+01 2.17e+04  -1.0 4.74e+04    -  5.02e-03 1.46e-01h  1
 181  2.9684916e+06 4.53e+01 2.10e+04  -1.0 3.21e+04    -  1.28e-01 3.57e-02h  1
 182  2.9795309e+06 3.77e+01 1.90e+04  -1.0 3.25e+04    -  1.72e-02 1.65e-01f  1
 183  2.9837393e+06 3.43e+01 1.78e+04  -1.0 2.24e+04    -  9.43e-02 7.26e-02f  1
 184  2.9886795e+06 3.01e+01 1.64e+04  -1.0 2.09e+04    -  1.25e-01 8.89e-02f  1
 185  2.9973567e+06 1.92e+01 1.44e+04  -1.0 1.98e+04    -  1.19e-01 1.63e-01f  1
 186  3.0026506e+06 3.94e+00 1.30e+04  -1.0 1.62e+04    -  1.90e-01 1.11e-01f  1
 187  3.0092740e+06 6.06e-01 1.14e+04  -1.0 1.63e+04    -  5.37e-02 1.43e-01f  1
 188  3.0145808e+06 3.64e-01 1.01e+04  -1.0 1.37e+04    -  1.96e-01 1.26e-01f  1
 189  3.0196833e+06 1.28e-01 9.02e+03  -1.0 1.47e+04    -  2.06e-01 1.23e-01f  1
iter    objective    inf_pr   inf_du lg(mu)  ||d||  lg(rg) alpha_du alpha_pr  ls
 190  3.0240357e+06 7.52e-03 8.15e+03  -1.0 2.80e+04    -  2.84e-01 1.06e-01f  1
 191  3.0403012e+06 4.70e-03 9.28e+04  -1.0 2.23e+06    -  6.26e-03 3.75e-01f  1
 192  3.0403345e+06 4.70e-03 9.29e+04  -1.0 4.33e+09    -  1.94e-04 4.35e-04h  6
 193  3.0403548e+06 4.70e-03 9.29e+04  -1.0 4.77e+10    -  5.68e-05 3.92e-05h  6
 194  3.0403753e+06 4.70e-03 9.30e+04  -1.0 4.96e+10    -  1.12e-04 3.85e-05h  6
 195  3.0403936e+06 4.70e-03 9.30e+04  -1.0 4.97e+10    -  4.82e-04 3.42e-05h  6
 196  3.0404100e+06 4.70e-03 9.30e+04  -1.0 5.08e+10    -  2.21e-04 2.98e-05h  5
 197  3.0404300e+06 4.70e-03 9.30e+04  -1.0 5.05e+10    -  4.48e-04 3.68e-05h  5
 198  3.0404442e+06 4.70e-03 9.30e+04  -1.0 5.01e+10    -  4.11e-04 2.63e-05h  6
 199  3.0404594e+06 4.70e-03 9.30e+04  -1.0 4.96e+10    -  2.85e-03 2.85e-05h  6
iter    objective    inf_pr   inf_du lg(mu)  ||d||  lg(rg) alpha_du alpha_pr  ls
 200  3.0404877e+06 4.70e-03 9.30e+04  -1.0 4.76e+10    -  3.29e-04 5.48e-05h  6
 201  3.0405162e+06 4.70e-03 9.30e+04  -1.0 4.73e+10    -  2.91e-03 5.58e-05h  6
 202  3.0417952e+06 2.70e+00 1.49e+05  -1.0 4.54e+10    -  4.96e-04 2.59e-03w  1
 203  3.0426572e+06 2.74e+00 1.75e+05  -1.0 4.26e+10    -  3.65e-02 1.85e-03w  1
 204  3.0589998e+06 2.73e+00 9.87e+06  -1.0 4.18e+10    -  5.63e-03 3.56e-02w  1
 205  3.0405362e+06 4.70e-03 9.30e+04  -1.0 4.02e+10    -  4.96e-04 4.05e-05h  6
 206  3.0405581e+06 4.70e-03 9.30e+04  -1.0 4.51e+10    -  8.70e-03 4.45e-05h  7
 207  3.0405873e+06 4.70e-03 9.31e+04  -1.0 4.32e+10    -  5.72e-04 6.19e-05h  8
 208  3.0406181e+06 4.70e-03 9.31e+04  -1.0 4.31e+10    -  6.78e-02 6.55e-05h  8
 209  3.0406476e+06 4.70e-03 9.31e+04  -1.0 4.20e+10    -  6.88e-04 6.38e-05h 11
iter    objective    inf_pr   inf_du lg(mu)  ||d||  lg(rg) alpha_du alpha_pr  ls
 210  3.0406774e+06 4.69e-03 9.32e+04  -1.0 4.20e+10    -  1.18e-01 6.44e-05h 11
 211  3.0407167e+06 4.69e-03 9.32e+04  -1.0 4.19e+10    -  8.72e-04 8.46e-05h 12
 212  3.0407561e+06 4.69e-03 9.32e+04  -1.0 4.19e+10    -  6.64e-01 8.50e-05h 12
 213  3.0407977e+06 4.69e-03 9.33e+04  -1.0 4.17e+10    -  9.84e-04 8.72e-05h 14
 214  3.0408393e+06 4.69e-03 9.33e+04  -1.0 4.18e+10    -  1.27e-03 8.70e-05h 14
 215  3.3818142e+06 1.36e+01 3.91e+09  -1.0 4.18e+10    -  7.81e-02 7.13e-01w  1
 216  3.4658690e+06 1.42e+01 1.47e+09  -1.0 9.79e+09    -  7.60e-01 6.86e-01w  1
 217  3.4394149e+06 4.17e-06 5.01e+07  -1.0 3.96e+09    -  3.41e-01 9.90e-01w  1
 218  3.0408809e+06 4.69e-03 9.34e+04  -1.0 7.97e+11    -  7.81e-02 8.71e-05h 13
 219  3.0409239e+06 4.69e-03 9.35e+04  -1.0 4.18e+10    -  1.26e-03 8.98e-05h 14
iter    objective    inf_pr   inf_du lg(mu)  ||d||  lg(rg) alpha_du alpha_pr  ls
 220  3.0409668e+06 4.69e-03 9.35e+04  -1.0 4.18e+10    -  7.81e-01 8.98e-05h 14
 221  3.0409948e+06 4.69e-03 9.35e+04  -1.0 4.18e+10    -  1.42e-03 5.71e-05h 15
 222  3.0410228e+06 4.69e-03 9.35e+04  -1.0 4.18e+10    -  2.74e-03 5.70e-05h 15
 223  3.0410507e+06 4.69e-03 9.36e+04  -1.0 4.18e+10    -  7.79e-02 5.70e-05h 15
 224  3.0410788e+06 4.69e-03 9.36e+04  -1.0 4.18e+10    -  1.62e-03 5.73e-05h 15
 225  3.0411069e+06 4.69e-03 9.36e+04  -1.0 4.18e+10    -  4.76e-01 5.73e-05h 15
 226  3.0411359e+06 4.69e-03 9.36e+04  -1.0 4.18e+10    -  1.71e-03 5.88e-05h 15
 227  3.0411648e+06 4.69e-03 9.36e+04  -1.0 4.18e+10    -  5.57e-03 5.88e-05h 15
 228  3.5156985e+06 2.23e+01 7.12e+09  -1.0 4.18e+10    -  8.52e-02 9.64e-01w  1
 229  3.4203211e+06 2.22e+01 3.32e+09  -1.0 1.79e+10    -  6.79e-01 5.29e-01w  1
iter    objective    inf_pr   inf_du lg(mu)  ||d||  lg(rg) alpha_du alpha_pr  ls
 230  3.3861902e+06 2.06e+01 3.05e+09  -1.0 4.08e+10    -  1.56e-01 8.21e-02w  1
 231  3.0411938e+06 4.69e-03 9.37e+04  -1.0 4.46e+10    -  8.52e-02 5.88e-05h 14
 232  3.0412229e+06 4.69e-03 9.37e+04  -1.0 4.18e+10    -  1.91e-03 5.90e-05h 15
 233  3.0412519e+06 4.69e-03 9.37e+04  -1.0 4.18e+10    -  1.36e-01 5.90e-05h 15
 234  3.0412811e+06 4.69e-03 9.37e+04  -1.0 4.18e+10    -  2.04e-03 5.92e-05h 15
 235  3.0413102e+06 4.69e-03 9.38e+04  -1.0 4.18e+10    -  4.90e-02 5.92e-05h 15
 236  3.0413394e+06 4.69e-03 9.38e+04  -1.0 4.17e+10    -  2.26e-03 5.93e-05h 15
 237  3.0413686e+06 4.69e-03 9.38e+04  -1.0 4.17e+10    -  7.95e-02 5.93e-05h 15
 238  3.0413979e+06 4.69e-03 9.38e+04  -1.0 4.17e+10    -  2.30e-03 5.94e-05h 15
 239  3.0414272e+06 4.69e-03 9.38e+04  -1.0 4.17e+10    -  4.47e-02 5.94e-05h 15
iter    objective    inf_pr   inf_du lg(mu)  ||d||  lg(rg) alpha_du alpha_pr  ls
 240  3.0414564e+06 4.69e-03 9.39e+04  -1.0 4.17e+10    -  2.53e-03 5.94e-05h 15
 241  3.5214261e+06 2.26e+01 7.26e+09  -1.0 4.17e+10    -  7.12e-02 9.74e-01w  1
 242  3.3833492e+06 2.25e+01 3.43e+09  -1.0 2.60e+10    -  6.17e-01 5.23e-01w  1
 243  3.3592836e+06 2.18e+01 3.29e+09  -1.0 5.65e+10    -  1.60e-01 4.17e-02w  1
 244  3.0414857e+06 4.69e-03 9.39e+04  -1.0 5.90e+10    -  7.12e-02 5.95e-05h 14
 245  3.0415151e+06 4.69e-03 9.39e+04  -1.0 4.17e+10    -  2.56e-03 5.95e-05h 15
 246  3.0415444e+06 4.69e-03 9.39e+04  -1.0 4.17e+10    -  4.03e-02 5.95e-05h 15
 247  3.0415738e+06 4.69e-03 9.39e+04  -1.0 4.17e+10    -  2.81e-03 5.96e-05h 15
 248  3.0416032e+06 4.69e-03 9.40e+04  -1.0 4.17e+10    -  6.32e-02 5.96e-05h 15
 249  3.0416326e+06 4.69e-03 9.40e+04  -1.0 4.17e+10    -  2.83e-03 5.97e-05h 15
iter    objective    inf_pr   inf_du lg(mu)  ||d||  lg(rg) alpha_du alpha_pr  ls
 250  3.0416620e+06 4.69e-03 9.40e+04  -1.0 4.17e+10    -  3.79e-02 5.97e-05h 15
 251  3.0416914e+06 4.69e-03 9.40e+04  -1.0 4.17e+10    -  3.09e-03 5.97e-05h 15
 252  3.0417208e+06 4.68e-03 9.41e+04  -1.0 4.17e+10    -  5.80e-02 5.97e-05h 15
 253  3.0417503e+06 4.68e-03 9.41e+04  -1.0 4.17e+10    -  3.10e-03 5.98e-05h 15
 254  3.5243410e+06 2.28e+01 7.33e+09  -1.0 4.17e+10    -  3.61e-02 9.79e-01w  1
 255  3.3497310e+06 2.26e+01 3.48e+09  -1.0 3.29e+10    -  6.74e-01 5.20e-01w  1
 256  3.3116497e+06 2.17e+01 3.30e+09  -1.0 7.03e+10    -  1.43e-01 5.30e-02w  1
 257  3.0417797e+06 4.68e-03 9.41e+04  -1.0 7.43e+10    -  3.61e-02 5.98e-05h 14
 258  3.0418092e+06 4.68e-03 9.41e+04  -1.0 4.17e+10    -  3.39e-03 5.98e-05h 15
 259  3.0418387e+06 4.68e-03 9.41e+04  -1.0 4.17e+10    -  5.36e-02 5.98e-05h 15
iter    objective    inf_pr   inf_du lg(mu)  ||d||  lg(rg) alpha_du alpha_pr  ls
 260  3.0418681e+06 4.68e-03 9.42e+04  -1.0 4.17e+10    -  3.38e-03 5.98e-05h 15
 261  3.0418976e+06 4.68e-03 9.42e+04  -1.0 4.17e+10    -  3.42e-02 5.99e-05h 15
 262  3.0419272e+06 4.68e-03 9.42e+04  -1.0 4.17e+10    -  3.69e-03 5.99e-05h 15
 263  3.0419567e+06 4.68e-03 9.42e+04  -1.0 4.17e+10    -  4.91e-02 5.99e-05h 15
 264  3.0419862e+06 4.68e-03 9.42e+04  -1.0 4.17e+10    -  3.68e-03 5.99e-05h 15
 265  3.0420157e+06 4.68e-03 9.43e+04  -1.0 4.17e+10    -  3.33e-02 5.99e-05h 15
 266  3.0420453e+06 4.68e-03 9.43e+04  -1.0 4.17e+10    -  4.00e-03 6.00e-05h 15
 267  3.5262215e+06 2.28e+01 7.37e+09  -1.0 4.17e+10    -  4.61e-02 9.83e-01w  1
 268  3.3169907e+06 2.27e+01 3.52e+09  -1.0 3.96e+10    -  6.48e-01 5.18e-01w  1
 269  3.2807970e+06 2.20e+01 3.37e+09  -1.0 8.36e+10    -  1.45e-01 4.24e-02w  1
iter    objective    inf_pr   inf_du lg(mu)  ||d||  lg(rg) alpha_du alpha_pr  ls
 270  3.0420748e+06 4.68e-03 9.43e+04  -1.0 8.73e+10    -  4.61e-02 6.00e-05h 14
 271  3.0421044e+06 4.68e-03 9.43e+04  -1.0 4.17e+10    -  3.98e-03 6.00e-05h 15
 272  3.0421340e+06 4.68e-03 9.44e+04  -1.0 4.17e+10    -  3.29e-02 6.00e-05h 15
 273  3.0421636e+06 4.68e-03 9.44e+04  -1.0 4.17e+10    -  4.30e-03 6.00e-05h 15
 274  3.0421931e+06 4.68e-03 9.44e+04  -1.0 4.17e+10    -  4.35e-02 6.00e-05h 15
 275  3.0422227e+06 4.68e-03 9.44e+04  -1.0 4.17e+10    -  4.28e-03 6.01e-05h 15
 276  3.0422523e+06 4.68e-03 9.44e+04  -1.0 4.17e+10    -  3.30e-02 6.01e-05h 15
 277  3.0422819e+06 4.68e-03 9.45e+04  -1.0 4.17e+10    -  4.60e-03 6.01e-05h 15
 278  3.0423116e+06 4.68e-03 9.45e+04  -1.0 4.17e+10    -  4.12e-02 6.01e-05h 15
 279  3.0423412e+06 4.68e-03 9.45e+04  -1.0 4.17e+10    -  4.60e-03 6.01e-05h 15
iter    objective    inf_pr   inf_du lg(mu)  ||d||  lg(rg) alpha_du alpha_pr  ls
 280  3.5275948e+06 2.29e+01 7.40e+09  -1.0 4.17e+10    -  3.34e-02 9.85e-01w  1
 281  3.2841520e+06 2.27e+01 3.54e+09  -1.0 4.61e+10    -  6.73e-01 5.16e-01w  1
 282  3.2364031e+06 2.19e+01 3.37e+09  -1.0 9.68e+10    -  1.38e-01 4.83e-02w  1
 283  3.0423708e+06 4.68e-03 9.45e+04  -1.0 1.02e+11    -  3.34e-02 6.01e-05h 14
 284  3.0424004e+06 4.68e-03 9.46e+04  -1.0 4.17e+10    -  4.90e-03 6.01e-05h 15
 285  3.0424300e+06 4.68e-03 9.46e+04  -1.0 4.17e+10    -  3.93e-02 6.01e-05h 15
 286  3.0424597e+06 4.68e-03 9.46e+04  -1.0 4.17e+10    -  4.93e-03 6.02e-05h 15
 287  3.0424893e+06 4.68e-03 9.46e+04  -1.0 4.16e+10    -  3.45e-02 6.02e-05h 15
 288  3.0425189e+06 4.68e-03 9.46e+04  -1.0 4.16e+10    -  5.19e-03 6.02e-05h 15
 289  3.0425486e+06 4.68e-03 9.47e+04  -1.0 4.16e+10    -  3.77e-02 6.02e-05h 15
iter    objective    inf_pr   inf_du lg(mu)  ||d||  lg(rg) alpha_du alpha_pr  ls
 290  3.0425782e+06 4.68e-03 9.47e+04  -1.0 4.16e+10    -  5.27e-03 6.02e-05h 15
 291  3.0426079e+06 4.68e-03 9.47e+04  -1.0 4.16e+10    -  3.63e-02 6.02e-05h 15
 292  3.0426375e+06 4.68e-03 9.47e+04  -1.0 4.16e+10    -  5.46e-03 6.02e-05h 15
 293  3.5285774e+06 2.29e+01 7.42e+09  -1.0 4.16e+10    -  3.62e-02 9.87e-01w  1
 294  3.2538762e+06 2.27e+01 3.56e+09  -1.0 5.21e+10    -  6.72e-01 5.16e-01w  1
 295  3.1995502e+06 2.19e+01 3.38e+09  -1.0 1.09e+11    -  1.37e-01 4.89e-02w  1
 296  3.0426672e+06 4.68e-03 9.48e+04  -1.0 1.15e+11    -  3.62e-02 6.02e-05h 14
 297  3.0426969e+06 4.68e-03 9.48e+04  -1.0 4.16e+10    -  5.62e-03 6.02e-05h 15
 298  3.0427265e+06 4.68e-03 9.48e+04  -1.0 4.16e+10    -  3.95e-02 6.02e-05h 15
 299  3.0427562e+06 4.67e-03 9.48e+04  -1.0 4.16e+10    -  5.70e-03 6.02e-05h 15
iter    objective    inf_pr   inf_du lg(mu)  ||d||  lg(rg) alpha_du alpha_pr  ls
 300  3.0427859e+06 4.67e-03 9.48e+04  -1.0 4.16e+10    -  3.50e-02 6.03e-05h 15
 301  3.0428156e+06 4.67e-03 9.49e+04  -1.0 4.16e+10    -  5.99e-03 6.03e-05h 15
 302  3.0428452e+06 4.67e-03 9.49e+04  -1.0 4.16e+10    -  4.45e-02 6.03e-05h 15
 303  3.0428749e+06 4.67e-03 9.49e+04  -1.0 4.16e+10    -  5.91e-03 6.03e-05h 15
 304  3.0429046e+06 4.67e-03 9.49e+04  -1.0 4.16e+10    -  3.42e-02 6.03e-05h 15
 305  3.0429343e+06 4.67e-03 9.49e+04  -1.0 4.16e+10    -  6.35e-03 6.03e-05h 15
 306  3.5293977e+06 2.29e+01 7.43e+09  -1.0 4.16e+10    -  5.21e-02 9.88e-01w  1
 307  3.2228077e+06 2.27e+01 3.57e+09  -1.0 5.82e+10    -  6.72e-01 5.15e-01w  1
 308  3.1616539e+06 2.18e+01 3.39e+09  -1.0 1.21e+11    -  1.37e-01 4.94e-02w  1
 309  3.0429640e+06 4.67e-03 9.50e+04  -1.0 1.28e+11    -  5.21e-02 6.03e-05h 14
iter    objective    inf_pr   inf_du lg(mu)  ||d||  lg(rg) alpha_du alpha_pr  ls
 310  3.0429937e+06 4.67e-03 9.50e+04  -1.0 4.16e+10    -  6.08e-03 6.03e-05h 15
 311  3.0430234e+06 4.67e-03 9.50e+04  -1.0 4.16e+10    -  3.35e-02 6.03e-05h 15
 312  3.0430531e+06 4.67e-03 9.50e+04  -1.0 4.16e+10    -  6.74e-03 6.03e-05h 15
 313  3.0430828e+06 4.67e-03 9.51e+04  -1.0 4.16e+10    -  6.53e-02 6.03e-05h 15
 314  3.0431125e+06 4.67e-03 9.51e+04  -1.0 4.16e+10    -  6.22e-03 6.03e-05h 15
 315  3.0431422e+06 4.67e-03 9.51e+04  -1.0 4.16e+10    -  3.30e-02 6.03e-05h 15
 316  3.0431719e+06 4.67e-03 9.51e+04  -1.0 4.16e+10    -  7.15e-03 6.03e-05h 15
 317  3.0432016e+06 4.67e-03 9.51e+04  -1.0 4.16e+10    -  9.93e-02 6.04e-05h 15
 318  3.0432313e+06 4.67e-03 9.52e+04  -1.0 4.16e+10    -  6.28e-03 6.04e-05h 15
 319  3.5301001e+06 2.29e+01 7.43e+09  -1.0 4.16e+10    -  3.21e-02 9.89e-01w  1
iter    objective    inf_pr   inf_du lg(mu)  ||d||  lg(rg) alpha_du alpha_pr  ls
 320  3.1941422e+06 2.27e+01 3.58e+09  -1.0 6.38e+10    -  6.71e-01 5.14e-01w  1
 321  3.1265564e+06 2.18e+01 3.40e+09  -1.0 1.33e+11    -  1.36e-01 4.99e-02w  1
 322  3.0432610e+06 4.67e-03 9.52e+04  -1.0 1.40e+11    -  3.21e-02 6.04e-05h 14
 323  3.0432908e+06 4.67e-03 9.52e+04  -1.0 4.16e+10    -  7.66e-03 6.04e-05h 15
 324  3.0433205e+06 4.67e-03 9.52e+04  -1.0 4.16e+10    -  8.34e-02 6.04e-05h 15
 325  3.0433502e+06 4.67e-03 9.53e+04  -1.0 4.16e+10    -  6.64e-03 6.04e-05h 15
 326  3.0433799e+06 4.67e-03 9.53e+04  -1.0 4.16e+10    -  1.19e-01 6.04e-05h 15
 327  3.0434097e+06 4.67e-03 9.53e+04  -1.0 4.16e+10    -  6.65e-03 6.04e-05h 15
 328  3.0434394e+06 4.67e-03 9.53e+04  -1.0 4.16e+10    -  4.52e-02 6.04e-05h 15
 329  3.0434691e+06 4.67e-03 9.53e+04  -1.0 4.16e+10    -  7.62e-03 6.04e-05h 15
iter    objective    inf_pr   inf_du lg(mu)  ||d||  lg(rg) alpha_du alpha_pr  ls
 330  3.0434988e+06 4.67e-03 9.54e+04  -1.0 4.16e+10    -  3.18e-02 6.04e-05h 15
 331  3.0435286e+06 4.67e-03 9.54e+04  -1.0 4.16e+10    -  8.26e-03 6.04e-05h 15
 332  3.5306689e+06 2.29e+01 7.44e+09  -1.0 4.16e+10    -  2.51e-02 9.90e-01w  1
 333  3.1701431e+06 2.27e+01 3.59e+09  -1.0 6.86e+10    -  6.70e-01 5.13e-01w  1
 334  3.1076716e+06 2.20e+01 3.43e+09  -1.0 1.42e+11    -  1.35e-01 4.30e-02w  1
 335  3.0435583e+06 4.67e-03 9.54e+04  -1.0 1.46e+11    -  2.51e-02 6.04e-05h 14
 336  3.0435880e+06 4.67e-03 9.54e+04  -1.0 4.16e+10    -  9.09e-03 6.04e-05h 15
 337  3.0436178e+06 4.67e-03 9.55e+04  -1.0 4.16e+10    -  2.11e-02 6.04e-05h 15
 338  3.0436475e+06 4.67e-03 9.55e+04  -1.0 4.15e+10    -  1.00e-02 6.04e-05h 15
 339  3.0436772e+06 4.67e-03 9.55e+04  -1.0 4.15e+10    -  1.86e-02 6.04e-05h 15
iter    objective    inf_pr   inf_du lg(mu)  ||d||  lg(rg) alpha_du alpha_pr  ls
 340  3.0437070e+06 4.67e-03 9.55e+04  -1.0 4.15e+10    -  1.09e-02 6.04e-05h 15
 341  3.0437367e+06 4.67e-03 9.55e+04  -1.0 4.15e+10    -  1.71e-02 6.04e-05h 15
 342  3.0437664e+06 4.67e-03 9.56e+04  -1.0 4.15e+10    -  1.12e-02 6.04e-05h 15
 343  3.0437962e+06 4.67e-03 9.56e+04  -1.0 4.15e+10    -  1.66e-02 6.04e-05h 15
 344  3.0438259e+06 4.66e-03 9.56e+04  -1.0 4.15e+10    -  1.12e-02 6.04e-05h 15
 345  3.5308772e+06 2.28e+01 7.43e+09  -1.0 4.15e+10    -  1.65e-02 9.90e-01w  1
 346  3.1605141e+06 2.26e+01 3.58e+09  -1.0 7.04e+10    -  6.71e-01 5.14e-01w  1
 347  3.1076519e+06 2.20e+01 3.45e+09  -1.0 1.46e+11    -  1.38e-01 3.54e-02w  1
 348  3.0438556e+06 4.66e-03 9.56e+04  -1.0 1.49e+11    -  1.65e-02 6.04e-05h 14
 349  3.0438854e+06 4.66e-03 9.57e+04  -1.0 4.15e+10    -  1.12e-02 6.04e-05h 15
iter    objective    inf_pr   inf_du lg(mu)  ||d||  lg(rg) alpha_du alpha_pr  ls
 350  3.0439151e+06 4.66e-03 9.57e+04  -1.0 4.15e+10    -  1.64e-02 6.04e-05h 15
 351  3.0439448e+06 4.66e-03 9.57e+04  -1.0 4.15e+10    -  1.12e-02 6.04e-05h 15
 352  3.0439745e+06 4.66e-03 9.57e+04  -1.0 4.15e+10    -  1.63e-02 6.04e-05h 15
 353  3.0440042e+06 4.66e-03 9.57e+04  -1.0 4.15e+10    -  1.12e-02 6.04e-05h 15
 354  3.0440340e+06 4.66e-03 9.58e+04  -1.0 4.15e+10    -  1.61e-02 6.04e-05h 15
 355  3.0440637e+06 4.66e-03 9.58e+04  -1.0 4.15e+10    -  1.12e-02 6.04e-05h 15
 356  3.0440934e+06 4.66e-03 9.58e+04  -1.0 4.15e+10    -  1.60e-02 6.04e-05h 15
 357  3.0441231e+06 4.66e-03 9.58e+04  -1.0 4.15e+10    -  1.12e-02 6.04e-05h 15
 358  3.5309602e+06 2.27e+01 7.42e+09  -1.0 4.15e+10    -  1.59e-02 9.90e-01w  1
 359  3.1596174e+06 2.25e+01 3.57e+09  -1.0 7.04e+10    -  6.72e-01 5.15e-01w  1
iter    objective    inf_pr   inf_du lg(mu)  ||d||  lg(rg) alpha_du alpha_pr  ls
 360  3.1077131e+06 2.19e+01 3.44e+09  -1.0 1.47e+11    -  1.40e-01 3.47e-02w  1
 361  3.0441528e+06 4.66e-03 9.58e+04  -1.0 1.50e+11    -  1.59e-02 6.04e-05h 14
 362  3.0441825e+06 4.66e-03 9.59e+04  -1.0 4.15e+10    -  1.12e-02 6.04e-05h 15
 363  3.0442123e+06 4.66e-03 9.59e+04  -1.0 4.15e+10    -  5.61e-03 6.04e-05h 15
 364  3.0442420e+06 4.66e-03 9.59e+04  -1.0 4.15e+10    -  1.17e-02 6.04e-05h 15
 365  3.0442717e+06 4.66e-03 9.59e+04  -1.0 4.15e+10    -  3.84e-03 6.04e-05h 15
 366  3.0443014e+06 4.66e-03 9.60e+04  -1.0 4.15e+10    -  1.14e-02 6.04e-05h 15
 367  3.0443311e+06 4.66e-03 9.60e+04  -1.0 4.15e+10    -  3.94e-03 6.04e-05h 15
 368  3.0443608e+06 4.66e-03 9.60e+04  -1.0 4.15e+10    -  1.11e-02 6.04e-05h 15
 369  3.0443905e+06 4.66e-03 9.60e+04  -1.0 4.15e+10    -  4.02e-03 6.04e-05h 15
iter    objective    inf_pr   inf_du lg(mu)  ||d||  lg(rg) alpha_du alpha_pr  ls
 370  3.0444202e+06 4.66e-03 9.60e+04  -1.0 4.15e+10    -  1.08e-02 6.04e-05h 15
 371  3.5310172e+06 2.26e+01 7.41e+09  -1.0 4.15e+10    -  4.09e-03 9.90e-01w  1
 372  3.1585649e+06 2.24e+01 3.55e+09  -1.0 7.05e+10    -  6.74e-01 5.16e-01w  1
 373  3.1077487e+06 2.18e+01 3.43e+09  -1.0 1.47e+11    -  1.44e-01 3.39e-02w  1
 374  3.0444499e+06 4.66e-03 9.61e+04  -1.0 1.50e+11    -  4.09e-03 6.04e-05h 14
 375  3.0444796e+06 4.66e-03 9.61e+04  -1.0 4.15e+10    -  1.04e-02 6.04e-05h 15
 376  3.0445093e+06 4.66e-03 9.61e+04  -1.0 4.15e+10    -  4.14e-03 6.04e-05h 15
 377  3.0445390e+06 4.66e-03 9.61e+04  -1.0 4.15e+10    -  1.01e-02 6.04e-05h 15
 378  3.0445687e+06 4.66e-03 9.62e+04  -1.0 4.15e+10    -  4.18e-03 6.04e-05h 15
 379  3.0445984e+06 4.66e-03 9.62e+04  -1.0 4.15e+10    -  9.79e-03 6.04e-05h 15
iter    objective    inf_pr   inf_du lg(mu)  ||d||  lg(rg) alpha_du alpha_pr  ls
 380  3.0446281e+06 4.66e-03 9.62e+04  -1.0 4.15e+10    -  4.20e-03 6.04e-05h 15
 381  3.0446577e+06 4.66e-03 9.62e+04  -1.0 4.15e+10    -  9.46e-03 6.04e-05h 15
 382  3.0446874e+06 4.66e-03 9.62e+04  -1.0 4.15e+10    -  4.21e-03 6.04e-05h 15
 383  3.0447171e+06 4.66e-03 9.63e+04  -1.0 4.15e+10    -  9.14e-03 6.04e-05h 15
 384  3.5310639e+06 2.24e+01 7.40e+09  -1.0 4.15e+10    -  4.21e-03 9.90e-01w  1
 385  3.1574754e+06 2.23e+01 3.54e+09  -1.0 7.05e+10    -  6.75e-01 5.17e-01w  1
 386  3.1077751e+06 2.16e+01 3.42e+09  -1.0 1.47e+11    -  1.47e-01 3.30e-02w  1
 387  3.0447468e+06 4.66e-03 9.63e+04  -1.0 1.50e+11    -  4.21e-03 6.04e-05h 14
 388  3.0447765e+06 4.66e-03 9.63e+04  -1.0 4.15e+10    -  8.82e-03 6.04e-05h 15
 389  3.0448062e+06 4.66e-03 9.63e+04  -1.0 4.14e+10    -  4.20e-03 6.04e-05h 15
iter    objective    inf_pr   inf_du lg(mu)  ||d||  lg(rg) alpha_du alpha_pr  ls
 390  3.0448358e+06 4.66e-03 9.64e+04  -1.0 4.14e+10    -  8.50e-03 6.04e-05h 15
 391  3.0448655e+06 4.65e-03 9.64e+04  -1.0 4.14e+10    -  4.18e-03 6.04e-05h 15
 392  3.0448952e+06 4.65e-03 9.64e+04  -1.0 4.14e+10    -  8.18e-03 6.04e-05h 15
 393  3.0449249e+06 4.65e-03 9.64e+04  -1.0 4.14e+10    -  4.14e-03 6.04e-05h 15
 394  3.0449546e+06 4.65e-03 9.64e+04  -1.0 4.14e+10    -  7.86e-03 6.04e-05h 15
 395  3.0449842e+06 4.65e-03 9.65e+04  -1.0 4.14e+10    -  4.10e-03 6.04e-05h 15
 396  3.0450139e+06 4.65e-03 9.65e+04  -1.0 4.14e+10    -  7.55e-03 6.04e-05h 15
 397  3.5311080e+06 2.23e+01 7.39e+09  -1.0 4.14e+10    -  4.05e-03 9.90e-01w  1
 398  3.1563946e+06 2.22e+01 3.53e+09  -1.0 7.05e+10    -  6.76e-01 5.19e-01w  1
 399  3.1077968e+06 2.15e+01 3.41e+09  -1.0 1.48e+11    -  1.50e-01 3.22e-02w  1
iter    objective    inf_pr   inf_du lg(mu)  ||d||  lg(rg) alpha_du alpha_pr  ls
 400  3.0450436e+06 4.65e-03 9.65e+04  -1.0 1.50e+11    -  4.05e-03 6.04e-05h 14
 401  3.0450732e+06 4.65e-03 9.65e+04  -1.0 4.14e+10    -  7.24e-03 6.04e-05h 15
 402  3.0451029e+06 4.65e-03 9.65e+04  -1.0 4.14e+10    -  3.99e-03 6.04e-05h 15
 403  3.0451326e+06 4.65e-03 9.66e+04  -1.0 4.14e+10    -  6.93e-03 6.04e-05h 15
 404  3.0451622e+06 4.65e-03 9.66e+04  -1.0 4.14e+10    -  3.93e-03 6.04e-05h 15
 405  3.0451919e+06 4.65e-03 9.66e+04  -1.0 4.14e+10    -  6.62e-03 6.04e-05h 15
 406  3.0452215e+06 4.65e-03 9.66e+04  -1.0 4.14e+10    -  3.85e-03 6.04e-05h 15
 407  3.0452512e+06 4.65e-03 9.67e+04  -1.0 4.14e+10    -  6.32e-03 6.04e-05h 15
 408  3.0452809e+06 4.65e-03 9.67e+04  -1.0 4.14e+10    -  3.77e-03 6.04e-05h 15
 409  3.0453105e+06 4.65e-03 9.67e+04  -1.0 4.14e+10    -  6.02e-03 6.04e-05h 15
iter    objective    inf_pr   inf_du lg(mu)  ||d||  lg(rg) alpha_du alpha_pr  ls
 410  3.5311481e+06 2.22e+01 7.39e+09  -1.0 4.14e+10    -  3.68e-03 9.90e-01w  1
 411  3.1552907e+06 2.20e+01 3.51e+09  -1.0 7.06e+10    -  6.78e-01 5.20e-01w  1
 412  3.1078127e+06 2.14e+01 3.40e+09  -1.0 1.48e+11    -  1.53e-01 3.13e-02w  1
 413  3.0453402e+06 4.65e-03 9.67e+04  -1.0 1.50e+11    -  3.68e-03 6.04e-05h 14
 414  3.0453698e+06 4.65e-03 9.67e+04  -1.0 4.14e+10    -  5.73e-03 6.04e-05h 15
 415  3.0453995e+06 4.65e-03 9.68e+04  -1.0 4.14e+10    -  3.59e-03 6.04e-05h 15
 416  3.0454291e+06 4.65e-03 9.68e+04  -1.0 4.14e+10    -  5.43e-03 6.04e-05h 15
 417  3.0454588e+06 4.65e-03 9.68e+04  -1.0 4.14e+10    -  3.48e-03 6.04e-05h 15
 418  3.0454884e+06 4.65e-03 9.68e+04  -1.0 4.14e+10    -  5.15e-03 6.04e-05h 15
 419  3.0455180e+06 4.65e-03 9.68e+04  -1.0 4.14e+10    -  3.37e-03 6.04e-05h 15
iter    objective    inf_pr   inf_du lg(mu)  ||d||  lg(rg) alpha_du alpha_pr  ls
 420  3.0455477e+06 4.65e-03 9.69e+04  -1.0 4.14e+10    -  4.86e-03 6.04e-05h 15
 421  3.0455773e+06 4.65e-03 9.69e+04  -1.0 4.14e+10    -  3.26e-03 6.04e-05h 15
 422  3.0456070e+06 4.65e-03 9.69e+04  -1.0 4.14e+10    -  4.58e-03 6.04e-05h 15
 423  3.5311828e+06 2.21e+01 7.38e+09  -1.0 4.14e+10    -  3.13e-03 9.90e-01w  1
 424  3.2406083e+06 2.20e+01 4.39e+09  -1.0 7.06e+10    -  6.79e-01 4.02e-01w  1
 425  3.1086474e+06 2.16e+01 3.91e+09  -1.0 1.19e+11    -  8.67e-02 1.09e-01w  1
 426  3.0456366e+06 4.65e-03 9.69e+04  -1.0 1.33e+11    -  3.13e-03 6.04e-05h 14
 427  3.0456662e+06 4.65e-03 9.70e+04  -1.0 4.14e+10    -  4.30e-03 6.04e-05h 15
 428  3.0456959e+06 4.65e-03 9.70e+04  -1.0 4.14e+10    -  3.00e-03 6.04e-05h 15
 429  3.0457255e+06 4.65e-03 9.70e+04  -1.0 4.14e+10    -  4.02e-03 6.04e-05h 15
iter    objective    inf_pr   inf_du lg(mu)  ||d||  lg(rg) alpha_du alpha_pr  ls
 430  3.0457551e+06 4.65e-03 9.70e+04  -1.0 4.14e+10    -  2.87e-03 6.04e-05h 15
 431  3.0457848e+06 4.65e-03 9.70e+04  -1.0 4.14e+10    -  3.75e-03 6.04e-05h 15
 432  3.0458144e+06 4.65e-03 9.71e+04  -1.0 4.14e+10    -  2.72e-03 6.04e-05h 15
 433  3.0458440e+06 4.65e-03 9.71e+04  -1.0 4.14e+10    -  3.48e-03 6.04e-05h 15
 434  3.0458736e+06 4.65e-03 9.71e+04  -1.0 4.14e+10    -  2.58e-03 6.04e-05h 15
 435  3.0459033e+06 4.65e-03 9.71e+04  -1.0 4.14e+10    -  3.22e-03 6.04e-05h 15
 436  3.5312106e+06 2.20e+01 7.37e+09  -1.0 4.13e+10    -  2.42e-03 9.90e-01w  1
 437  3.4032875e+06 2.19e+01 6.06e+09  -1.0 7.07e+10    -  6.81e-01 1.77e-01w  1
 438  3.1102793e+06 2.13e+01 4.03e+09  -1.0 8.62e+10    -  1.53e-01 3.32e-01w  1
 439  3.0459329e+06 4.64e-03 9.72e+04  -1.0 1.30e+11    -  2.42e-03 6.04e-05h 14
iter    objective    inf_pr   inf_du lg(mu)  ||d||  lg(rg) alpha_du alpha_pr  ls
 440  3.0459625e+06 4.64e-03 9.72e+04  -1.0 4.13e+10    -  2.95e-03 6.04e-05h 15
 441  3.0459921e+06 4.64e-03 9.72e+04  -1.0 4.13e+10    -  2.26e-03 6.04e-05h 15
 442  3.0460217e+06 4.64e-03 9.72e+04  -1.0 4.13e+10    -  2.69e-03 6.04e-05h 15
 443  3.0460514e+06 4.64e-03 9.72e+04  -1.0 4.13e+10    -  2.10e-03 6.04e-05h 15
 444  3.0460810e+06 4.64e-03 9.73e+04  -1.0 4.13e+10    -  2.44e-03 6.04e-05h 15
 445  3.0461106e+06 4.64e-03 9.73e+04  -1.0 4.13e+10    -  1.93e-03 6.04e-05h 15
 446  3.0461402e+06 4.64e-03 9.73e+04  -1.0 4.13e+10    -  2.18e-03 6.04e-05h 15
 447  3.0461698e+06 4.64e-03 9.73e+04  -1.0 4.13e+10    -  1.75e-03 6.04e-05h 15
 448  3.0461994e+06 4.64e-03 9.73e+04  -1.0 4.13e+10    -  1.93e-03 6.04e-05h 15
 449  3.5312307e+06 2.18e+01 7.36e+09  -1.0 4.13e+10    -  1.57e-03 9.90e-01w  1
iter    objective    inf_pr   inf_du lg(mu)  ||d||  lg(rg) alpha_du alpha_pr  ls
 450  3.4882061e+06 2.18e+01 6.92e+09  -1.0 7.07e+10    -  6.82e-01 5.94e-02w  1
 451  3.1112016e+06 2.09e+01 3.51e+09  -1.0 7.53e+10    -  4.04e-01 4.89e-01w  1
 452  3.0462290e+06 4.64e-03 9.74e+04  -1.0 1.49e+11    -  1.57e-03 6.04e-05h 14
 453  3.0462586e+06 4.64e-03 9.74e+04  -1.0 4.13e+10    -  1.69e-03 6.04e-05h 15
 454  3.0462882e+06 4.64e-03 9.74e+04  -1.0 4.13e+10    -  1.38e-03 6.04e-05h 15
 455  3.0463178e+06 4.64e-03 9.74e+04  -1.0 4.13e+10    -  1.45e-03 6.04e-05h 15
 456  3.0463474e+06 4.64e-03 9.75e+04  -1.0 4.13e+10    -  1.19e-03 6.04e-05h 15
 457  3.0463770e+06 4.64e-03 9.75e+04  -1.0 4.13e+10    -  1.21e-03 6.04e-05h 15
 458  3.0464066e+06 4.64e-03 9.75e+04  -1.0 4.13e+10    -  1.00e-03 6.04e-05h 15
 459  3.0464362e+06 4.64e-03 9.75e+04  -1.0 4.13e+10    -  9.80e-04 6.04e-05h 15
iter    objective    inf_pr   inf_du lg(mu)  ||d||  lg(rg) alpha_du alpha_pr  ls
 460  3.0464658e+06 4.64e-03 9.75e+04  -1.0 4.13e+10    -  8.09e-04 6.04e-05h 15
 461  3.0464954e+06 4.64e-03 9.76e+04  -1.0 4.13e+10    -  7.58e-04 6.04e-05h 15
 462  3.5312536e+06 2.17e+01 7.35e+09  -1.0 4.13e+10    -  6.16e-04 9.90e-01w  1
 463  3.5251931e+06 2.17e+01 7.29e+09  -1.0 7.08e+10    -  6.84e-01 8.34e-03w  1
 464  3.1313718e+06 2.07e+01 3.32e+09  -1.0 7.14e+10    -  4.12e-01 5.39e-01w  1
 465  3.0465250e+06 4.64e-03 9.76e+04  -1.0 1.56e+11    -  6.16e-04 6.04e-05h 14
 466  3.0465545e+06 4.64e-03 9.76e+04  -1.0 4.13e+10    -  5.46e-04 6.04e-05h 15
 467  3.0465841e+06 4.64e-03 9.76e+04  -1.0 4.13e+10    -  4.29e-04 6.04e-05h 15
 468  3.0466137e+06 4.64e-03 9.76e+04  -1.0 4.13e+10    -  3.49e-04 6.04e-05h 15
 469  3.0466433e+06 4.64e-03 9.77e+04  -1.0 4.13e+10    -  2.53e-04 6.04e-05h 15
iter    objective    inf_pr   inf_du lg(mu)  ||d||  lg(rg) alpha_du alpha_pr  ls
 470  3.0466729e+06 4.64e-03 9.77e+04  -1.0 4.13e+10    -  1.77e-04 6.04e-05h 15
 471  3.0467025e+06 4.64e-03 9.77e+04  -1.0 4.13e+10    -  1.06e-04 6.04e-05h 15
 472  3.0467319e+06 4.64e-03 9.77e+04  -1.0 4.13e+10    -  5.17e-05 5.99e-05h 15
 473  3.0467640e+06 4.64e-03 9.78e+04  -1.0 4.13e+10    -  1.69e-05 6.45e-05h 12
 474  3.0467978e+06 4.64e-03 9.78e+04  -1.0 4.13e+10    -  4.41e-06 5.18e-05h  8
 475  3.0492881e+06 2.11e+00 1.65e+05  -1.0 4.13e+10    -  4.38e-05 2.88e-03w  1
 476  3.0508312e+06 3.85e+00 1.90e+05  -1.0 4.12e+10    -  4.18e-03 1.79e-03w  1
 477  3.0532095e+06 4.88e+00 2.53e+05  -1.0 4.11e+10    -  1.07e-02 2.81e-03w  1
 478  3.0468367e+06 4.64e-03 9.78e+04  -1.0 4.10e+10    -  4.38e-05 4.50e-05h  6
 479  3.0468562e+06 4.64e-03 9.78e+04  -1.0 4.13e+10    -  2.31e-04 2.25e-05h  8
iter    objective    inf_pr   inf_du lg(mu)  ||d||  lg(rg) alpha_du alpha_pr  ls
 480  3.0468765e+06 4.64e-03 9.78e+04  -1.0 4.13e+10    -  1.31e-04 2.35e-05h  8
 481  3.0468973e+06 4.64e-03 9.78e+04  -1.0 4.13e+10    -  3.84e-04 2.40e-05h  8
 482  3.0469197e+06 4.64e-03 9.78e+04  -1.0 4.13e+10    -  1.98e-04 2.59e-05h  8
 483  3.0469430e+06 4.64e-03 9.78e+04  -1.0 4.13e+10    -  5.48e-04 2.69e-05h  8
 484  3.0469652e+06 4.64e-03 9.78e+04  -1.0 4.13e+10    -  2.73e-04 2.57e-05h  8
 485  3.0469874e+06 4.64e-03 9.78e+04  -1.0 4.13e+10    -  7.21e-04 2.55e-05h  8
 486  3.0470102e+06 4.64e-03 9.78e+04  -1.0 4.13e+10    -  3.46e-04 2.64e-05h  8
 487  3.0470342e+06 4.64e-03 9.78e+04  -1.0 4.13e+10    -  8.95e-04 2.76e-05h  8
 488  3.0501051e+06 5.39e+00 1.99e+05  -1.0 4.13e+10    -  4.25e-04 3.55e-03w  1
 489  3.0526048e+06 7.13e+00 2.68e+05  -1.0 4.11e+10    -  9.31e-03 2.95e-03w  1
iter    objective    inf_pr   inf_du lg(mu)  ||d||  lg(rg) alpha_du alpha_pr  ls
 490  3.0578481e+06 7.28e+00 5.81e+05  -1.0 4.10e+10    -  1.30e-02 6.29e-03w  1
 491  3.0470581e+06 4.64e-03 9.78e+04  -1.0 4.07e+10    -  4.25e-04 2.77e-05h  7
 492  3.0470831e+06 4.64e-03 9.78e+04  -1.0 4.13e+10    -  1.09e-03 2.89e-05h  8
 493  3.0471118e+06 4.64e-03 9.78e+04  -1.0 4.13e+10    -  5.10e-04 3.32e-05h  8
 494  3.0471429e+06 4.63e-03 9.78e+04  -1.0 4.13e+10    -  1.30e-03 3.60e-05h  8
 495  3.0471617e+06 4.63e-03 9.78e+04  -1.0 4.13e+10    -  6.15e-04 2.19e-05h  9
 496  3.0471822e+06 4.63e-03 9.78e+04  -1.0 4.13e+10    -  1.51e-03 2.39e-05h  9
 497  3.0472069e+06 4.63e-03 9.78e+04  -1.0 4.13e+10    -  6.86e-04 2.88e-05h  9
 498  3.0472336e+06 4.63e-03 9.78e+04  -1.0 4.13e+10    -  1.70e-03 3.12e-05h  9
 499  3.0472624e+06 4.63e-03 9.78e+04  -1.0 4.13e+10    -  7.78e-04 3.38e-05h  9
iter    objective    inf_pr   inf_du lg(mu)  ||d||  lg(rg) alpha_du alpha_pr  ls
 500  3.0472922e+06 4.63e-03 9.79e+04  -1.0 4.12e+10    -  1.93e-03 3.49e-05h  9
 501  3.0556268e+06 1.10e+01 8.70e+05  -1.0 4.12e+10    -  8.83e-04 9.79e-03w  1
 502  3.0616434e+06 1.14e+01 1.28e+06  -1.0 4.08e+10    -  3.94e-02 7.26e-03w  1
 503  3.1019524e+06 1.06e+01 1.99e+07  -1.0 4.05e+10    -  2.51e-02 4.91e-02w  1
 504  3.0473248e+06 4.63e-03 9.79e+04  -1.0 3.85e+10    -  8.83e-04 3.83e-05h  8
 505  3.0473588e+06 4.63e-03 9.79e+04  -1.0 4.12e+10    -  2.18e-03 4.00e-05h  9
 506  3.0473967e+06 4.63e-03 9.79e+04  -1.0 4.12e+10    -  1.00e-03 4.47e-05h  9
 507  3.0474166e+06 4.63e-03 9.79e+04  -1.0 4.12e+10    -  2.48e-03 2.35e-05h 10
 508  3.0474392e+06 4.63e-03 9.79e+04  -1.0 4.12e+10    -  1.10e-03 2.66e-05h 10
 509  3.0474629e+06 4.63e-03 9.79e+04  -1.0 4.12e+10    -  2.66e-03 2.81e-05h 10
iter    objective    inf_pr   inf_du lg(mu)  ||d||  lg(rg) alpha_du alpha_pr  ls
 510  3.0474897e+06 4.63e-03 9.79e+04  -1.0 4.12e+10    -  1.19e-03 3.17e-05h 10
 511  3.0475179e+06 4.63e-03 9.79e+04  -1.0 4.12e+10    -  2.86e-03 3.34e-05h 10
 512  3.0475495e+06 4.63e-03 9.79e+04  -1.0 4.12e+10    -  1.29e-03 3.75e-05h 10
 513  3.0475828e+06 4.63e-03 9.79e+04  -1.0 4.12e+10    -  3.11e-03 3.95e-05h 10
 514  3.0666497e+06 8.50e+00 4.21e+06  -1.0 4.12e+10    -  1.40e-03 2.26e-02w  1
 515  3.0853616e+06 9.53e+00 8.15e+06  -1.0 4.03e+10    -  8.52e-02 2.30e-02w  1
 516  3.1812870e+06 7.92e+00 1.14e+08  -1.0 3.93e+10    -  6.62e-02 1.21e-01w  1
 517  3.0476201e+06 4.63e-03 9.79e+04  -1.0 3.44e+10    -  1.40e-03 4.42e-05h  9
 518  3.0476591e+06 4.63e-03 9.79e+04  -1.0 4.12e+10    -  3.39e-03 4.64e-05h 10
 519  3.0476809e+06 4.63e-03 9.79e+04  -1.0 4.12e+10    -  1.53e-03 2.58e-05h 11
iter    objective    inf_pr   inf_du lg(mu)  ||d||  lg(rg) alpha_du alpha_pr  ls
 520  3.0477037e+06 4.63e-03 9.79e+04  -1.0 4.12e+10    -  3.64e-03 2.71e-05h 11
 521  3.0477289e+06 4.63e-03 9.80e+04  -1.0 4.12e+10    -  1.61e-03 3.00e-05h 11
 522  3.0477552e+06 4.63e-03 9.80e+04  -1.0 4.12e+10    -  3.83e-03 3.13e-05h 11
 523  3.0477842e+06 4.63e-03 9.80e+04  -1.0 4.12e+10    -  1.70e-03 3.45e-05h 11
 524  3.0478144e+06 4.63e-03 9.80e+04  -1.0 4.12e+10    -  4.05e-03 3.59e-05h 11
 525  3.0478474e+06 4.63e-03 9.80e+04  -1.0 4.12e+10    -  1.81e-03 3.93e-05h 11
 526  3.0478816e+06 4.63e-03 9.80e+04  -1.0 4.12e+10    -  4.31e-03 4.08e-05h 11
 527  3.0860456e+06 7.17e+00 1.67e+07  -1.0 4.12e+10    -  1.92e-03 4.55e-02w  1
 528  3.1278274e+06 8.61e+00 3.61e+07  -1.0 3.93e+10    -  1.71e-01 5.28e-02w  1
 529  3.3248914e+06 6.01e+00 4.89e+08  -1.0 3.71e+10    -  1.42e-01 2.67e-01w  1
iter    objective    inf_pr   inf_du lg(mu)  ||d||  lg(rg) alpha_du alpha_pr  ls
 530  3.0479189e+06 4.63e-03 9.80e+04  -1.0 2.68e+10    -  1.92e-03 4.44e-05h 10
 531  3.0479575e+06 4.63e-03 9.80e+04  -1.0 4.12e+10    -  4.59e-03 4.60e-05h 11
 532  3.0479784e+06 4.63e-03 9.80e+04  -1.0 4.12e+10    -  2.05e-03 2.49e-05h 12
 533  3.0480001e+06 4.63e-03 9.80e+04  -1.0 4.12e+10    -  4.83e-03 2.58e-05h 12
 534  3.0480235e+06 4.63e-03 9.80e+04  -1.0 4.12e+10    -  2.13e-03 2.79e-05h 12
 535  3.0480476e+06 4.63e-03 9.80e+04  -1.0 4.12e+10    -  5.01e-03 2.88e-05h 12
 536  3.0480735e+06 4.63e-03 9.80e+04  -1.0 4.12e+10    -  2.21e-03 3.09e-05h 12
 537  3.0481002e+06 4.63e-03 9.80e+04  -1.0 4.12e+10    -  5.21e-03 3.18e-05h 12
 538  3.0481288e+06 4.63e-03 9.80e+04  -1.0 4.12e+10    -  2.30e-03 3.41e-05h 12
 539  3.0481581e+06 4.63e-03 9.80e+04  -1.0 4.12e+10    -  5.43e-03 3.50e-05h 12
iter    objective    inf_pr   inf_du lg(mu)  ||d||  lg(rg) alpha_du alpha_pr  ls
 540  3.1122487e+06 6.84e+00 4.70e+07  -1.0 4.12e+10    -  2.40e-03 7.65e-02w  1
 541  3.1876231e+06 8.44e+00 1.09e+08  -1.0 3.79e+10    -  2.70e-01 9.94e-02w  1
 542  3.5285741e+06 2.61e+00 1.49e+09  -1.0 3.40e+10    -  5.13e-03 5.13e-01w  1
 543  3.0481894e+06 4.63e-03 9.81e+04  -1.0 1.53e+10    -  2.40e-03 3.73e-05h 11
 544  3.0482216e+06 4.63e-03 9.81e+04  -1.0 4.12e+10    -  5.67e-03 3.84e-05h 12
 545  3.0482557e+06 4.63e-03 9.81e+04  -1.0 4.12e+10    -  2.51e-03 4.08e-05h 12
 546  3.0482908e+06 4.63e-03 9.81e+04  -1.0 4.12e+10    -  5.93e-03 4.18e-05h 12
 547  3.0483279e+06 4.63e-03 9.81e+04  -1.0 4.12e+10    -  2.63e-03 4.43e-05h 12
 548  3.0483660e+06 4.63e-03 9.81e+04  -1.0 4.12e+10    -  6.22e-03 4.54e-05h 12
 549  3.0483861e+06 4.63e-03 9.81e+04  -1.0 4.12e+10    -  2.76e-03 2.40e-05h 13
iter    objective    inf_pr   inf_du lg(mu)  ||d||  lg(rg) alpha_du alpha_pr  ls
 550  3.0484067e+06 4.63e-03 9.81e+04  -1.0 4.12e+10    -  6.45e-03 2.46e-05h 13
 551  3.0484284e+06 4.63e-03 9.81e+04  -1.0 4.12e+10    -  2.83e-03 2.60e-05h 13
 552  3.0484506e+06 4.63e-03 9.81e+04  -1.0 4.12e+10    -  6.62e-03 2.65e-05h 13
 553  3.1441930e+06 7.31e+00 1.05e+08  -1.0 4.12e+10    -  2.91e-03 1.14e-01w  1
 554  3.2654371e+06 8.56e+00 2.64e+08  -1.0 3.63e+10    -  2.62e-01 1.69e-01w  1
 555  3.7324519e+06 5.76e-04 2.96e+09  -1.0 2.99e+10    -  9.86e-03 8.31e-01w  1
 556  3.0484740e+06 4.63e-03 9.81e+04  -1.0 5.87e+10    -  2.91e-03 2.79e-05h 12
 557  3.0484979e+06 4.63e-03 9.81e+04  -1.0 4.12e+10    -  6.80e-03 2.85e-05h 13
 558  3.0485229e+06 4.63e-03 9.81e+04  -1.0 4.12e+10    -  2.99e-03 2.99e-05h 13
 559  3.0485485e+06 4.63e-03 9.81e+04  -1.0 4.12e+10    -  6.99e-03 3.05e-05h 13
iter    objective    inf_pr   inf_du lg(mu)  ||d||  lg(rg) alpha_du alpha_pr  ls
 560  3.0485753e+06 4.63e-03 9.81e+04  -1.0 4.12e+10    -  3.08e-03 3.20e-05h 13
 561  3.0486026e+06 4.63e-03 9.81e+04  -1.0 4.12e+10    -  7.20e-03 3.26e-05h 13
 562  3.0486311e+06 4.63e-03 9.81e+04  -1.0 4.12e+10    -  3.17e-03 3.41e-05h 13
 563  3.0486601e+06 4.63e-03 9.82e+04  -1.0 4.12e+10    -  7.42e-03 3.47e-05h 13
 564  3.0486904e+06 4.63e-03 9.82e+04  -1.0 4.12e+10    -  3.27e-03 3.62e-05h 13
 565  3.0487213e+06 4.63e-03 9.82e+04  -1.0 4.12e+10    -  7.65e-03 3.69e-05h 13
 566  3.1802982e+06 8.03e+00 1.98e+08  -1.0 4.12e+10    -  3.38e-03 1.57e-01w  1
 567  3.3606206e+06 8.24e+00 5.46e+08  -1.0 3.45e+10    -  2.47e-01 2.67e-01w  1
 568  3.7843041e+06 2.85e-05 2.84e+09  -1.0 2.47e+10    -  8.10e-01 9.90e-01w  1
 569  3.0487534e+06 4.63e-03 9.82e+04  -1.0 1.30e+12    -  3.38e-03 3.84e-05h 12
iter    objective    inf_pr   inf_du lg(mu)  ||d||  lg(rg) alpha_du alpha_pr  ls
 570  3.0487861e+06 4.63e-03 9.82e+04  -1.0 4.12e+10    -  7.90e-03 3.91e-05h 13
 571  3.0488201e+06 4.63e-03 9.82e+04  -1.0 4.12e+10    -  3.49e-03 4.06e-05h 13
 572  3.0488546e+06 4.63e-03 9.82e+04  -1.0 4.12e+10    -  8.16e-03 4.13e-05h 13
 573  3.0488905e+06 4.63e-03 9.82e+04  -1.0 4.12e+10    -  3.61e-03 4.29e-05h 13
 574  3.0489270e+06 4.63e-03 9.82e+04  -1.0 4.12e+10    -  8.44e-03 4.36e-05h 13
 575  3.0489649e+06 4.62e-03 9.82e+04  -1.0 4.12e+10    -  3.73e-03 4.53e-05h 13
 576  3.0490033e+06 4.62e-03 9.83e+04  -1.0 4.12e+10    -  8.73e-03 4.60e-05h 13
 577  3.0490233e+06 4.62e-03 9.83e+04  -1.0 4.12e+10    -  3.86e-03 2.38e-05h 14
 578  3.0490435e+06 4.62e-03 9.83e+04  -1.0 4.12e+10    -  8.96e-03 2.42e-05h 14
 579  3.2206984e+06 8.80e+00 3.37e+08  -1.0 4.12e+10    -  3.93e-03 2.05e-01w  1
iter    objective    inf_pr   inf_du lg(mu)  ||d||  lg(rg) alpha_du alpha_pr  ls
 580  3.4802501e+06 6.94e+00 1.06e+09  -1.0 3.24e+10    -  2.11e-01 4.16e-01w  1
 581  3.4810008e+06 6.87e+00 1.05e+09  -1.0 1.79e+10    -  6.88e-01 3.20e-03w  1
 582  3.0490645e+06 4.62e-03 9.83e+04  -1.0 1.79e+10    -  3.93e-03 2.51e-05h 13
 583  3.0490857e+06 4.62e-03 9.83e+04  -1.0 4.12e+10    -  9.12e-03 2.54e-05h 14
 584  3.0491077e+06 4.62e-03 9.83e+04  -1.0 4.12e+10    -  4.00e-03 2.63e-05h 14
 585  3.0491300e+06 4.62e-03 9.83e+04  -1.0 4.12e+10    -  9.30e-03 2.67e-05h 14
 586  3.0491530e+06 4.62e-03 9.83e+04  -1.0 4.12e+10    -  4.08e-03 2.75e-05h 14
 587  3.0491764e+06 4.62e-03 9.83e+04  -1.0 4.12e+10    -  9.47e-03 2.79e-05h 14
 588  3.0492004e+06 4.62e-03 9.83e+04  -1.0 4.12e+10    -  4.16e-03 2.88e-05h 14
 589  3.0492248e+06 4.62e-03 9.83e+04  -1.0 4.12e+10    -  9.66e-03 2.91e-05h 14
iter    objective    inf_pr   inf_du lg(mu)  ||d||  lg(rg) alpha_du alpha_pr  ls
 590  3.0492499e+06 4.62e-03 9.83e+04  -1.0 4.12e+10    -  4.24e-03 3.00e-05h 14
 591  3.0492753e+06 4.62e-03 9.83e+04  -1.0 4.11e+10    -  9.85e-03 3.04e-05h 14
 592  3.2635642e+06 9.55e+00 5.25e+08  -1.0 4.11e+10    -  4.33e-03 2.56e-01w  1
 593  3.6250379e+06 4.15e+00 1.93e+09  -1.0 3.02e+10    -  7.87e-02 6.35e-01w  1
 594  3.6247332e+06 4.07e+00 1.92e+09  -1.0 1.79e+10    -  5.96e-01 2.96e-03w  1
 595  3.0493015e+06 4.62e-03 9.83e+04  -1.0 1.81e+10    -  4.33e-03 3.13e-05h 13
 596  3.0493279e+06 4.62e-03 9.83e+04  -1.0 4.11e+10    -  1.97e-03 3.17e-05h 14
 597  3.0493546e+06 4.62e-03 9.83e+04  -1.0 4.11e+10    -  1.16e-03 3.18e-05h 14
 598  3.0493813e+06 4.62e-03 9.83e+04  -1.0 4.11e+10    -  9.38e-04 3.19e-05h 14
 599  3.0494081e+06 4.62e-03 9.83e+04  -1.0 4.11e+10    -  1.11e-03 3.20e-05h 14
iter    objective    inf_pr   inf_du lg(mu)  ||d||  lg(rg) alpha_du alpha_pr  ls
 600  3.0494349e+06 4.62e-03 9.83e+04  -1.0 4.11e+10    -  9.14e-04 3.21e-05h 14
 601  3.0494619e+06 4.62e-03 9.83e+04  -1.0 4.11e+10    -  1.05e-03 3.22e-05h 14
 602  3.0494889e+06 4.62e-03 9.83e+04  -1.0 4.11e+10    -  8.78e-04 3.23e-05h 14
 603  3.0495159e+06 4.62e-03 9.83e+04  -1.0 4.11e+10    -  9.85e-04 3.24e-05h 14
 604  3.0495431e+06 4.62e-03 9.83e+04  -1.0 4.11e+10    -  8.29e-04 3.25e-05h 14
 605  3.2724875e+06 9.67e+00 5.68e+08  -1.0 4.11e+10    -  9.06e-04 2.67e-01w  1
 606  3.6552542e+06 3.38e+00 2.14e+09  -1.0 2.97e+10    -  4.15e-02 6.86e-01w  1
 607  3.6548917e+06 3.34e+00 2.14e+09  -1.0 2.49e+10    -  1.56e-01 1.18e-03w  1
 608  3.0495703e+06 4.62e-03 9.83e+04  -1.0 2.49e+10    -  9.06e-04 3.25e-05h 13
 609  3.0495976e+06 4.62e-03 9.84e+04  -1.0 4.11e+10    -  7.69e-04 3.26e-05h 14
iter    objective    inf_pr   inf_du lg(mu)  ||d||  lg(rg) alpha_du alpha_pr  ls
 610  3.0496249e+06 4.62e-03 9.84e+04  -1.0 4.11e+10    -  8.18e-04 3.27e-05h 14
 611  3.0496523e+06 4.62e-03 9.84e+04  -1.0 4.11e+10    -  6.99e-04 3.28e-05h 14
 612  3.0496798e+06 4.62e-03 9.84e+04  -1.0 4.11e+10    -  7.22e-04 3.28e-05h 14
 613  3.0497073e+06 4.62e-03 9.84e+04  -1.0 4.11e+10    -  6.19e-04 3.29e-05h 14
 614  3.0497349e+06 4.62e-03 9.84e+04  -1.0 4.11e+10    -  6.21e-04 3.30e-05h 14
 615  3.0497625e+06 4.62e-03 9.84e+04  -1.0 4.11e+10    -  5.31e-04 3.30e-05h 14
 616  3.0497901e+06 4.62e-03 9.84e+04  -1.0 4.11e+10    -  5.14e-04 3.31e-05h 14
 617  3.0498178e+06 4.62e-03 9.84e+04  -1.0 4.11e+10    -  4.36e-04 3.31e-05h 14
 618  3.2768734e+06 9.70e+00 5.89e+08  -1.0 4.11e+10    -  4.06e-04 2.72e-01w  1
 619  3.6738631e+06 2.93e+00 2.26e+09  -1.0 2.95e+10    -  9.88e-03 7.14e-01w  1
iter    objective    inf_pr   inf_du lg(mu)  ||d||  lg(rg) alpha_du alpha_pr  ls
 620  3.6709875e+06 2.86e+00 2.26e+09  -1.0 8.19e+10    -  1.43e-02 2.51e-03w  1
 621  3.0498455e+06 4.62e-03 9.84e+04  -1.0 5.28e+10    -  4.06e-04 3.31e-05h 13
 622  3.0498733e+06 4.62e-03 9.84e+04  -1.0 4.11e+10    -  3.37e-04 3.32e-05h 14
 623  3.0499010e+06 4.62e-03 9.84e+04  -1.0 4.11e+10    -  2.97e-04 3.32e-05h 14
 624  3.0499288e+06 4.62e-03 9.84e+04  -1.0 4.11e+10    -  2.37e-04 3.32e-05h 14
 625  3.0499567e+06 4.62e-03 9.84e+04  -1.0 4.11e+10    -  1.93e-04 3.33e-05h 14
 626  3.0499845e+06 4.62e-03 9.84e+04  -1.0 4.11e+10    -  1.42e-04 3.33e-05h 14
 627  3.0500124e+06 4.62e-03 9.84e+04  -1.0 4.11e+10    -  1.00e-04 3.33e-05h 14
 628  3.0500403e+06 4.62e-03 9.84e+04  -1.0 4.11e+10    -  6.08e-05 3.33e-05h 14
 629  3.0500684e+06 4.62e-03 9.84e+04  -1.0 4.11e+10    -  3.12e-05 3.33e-05h 14
iter    objective    inf_pr   inf_du lg(mu)  ||d||  lg(rg) alpha_du alpha_pr  ls
 630  3.0500961e+06 4.62e-03 9.84e+04  -1.0 4.11e+10    -  1.30e-05 3.18e-05h 12
 631  3.0668444e+06 4.54e-03 2.51e+06  -1.0 4.11e+10    -  1.48e-05 1.74e-02w  1
 632  3.0779549e+06 4.49e-03 3.50e+06  -1.0 4.04e+10    -  5.81e-04 1.15e-02w  1
 633  3.0913712e+06 4.43e-03 4.64e+06  -1.0 3.99e+10    -  1.31e-03 1.26e-02w  1
 634  3.0501124e+06 4.62e-03 9.84e+04  -1.0 3.94e+10    -  1.48e-05 1.70e-05h 10
 635r 3.0501124e+06 4.62e-03 1.00e+03   3.3 0.00e+00    -  0.00e+00 4.70e-07R 16
 636r 3.0394650e+06 7.88e-03 1.00e+03   3.3 1.40e+14    -  8.33e-04 5.03e-06f  1
 637r 3.0393603e+06 7.86e-03 1.00e+03   3.3 3.98e+13    -  4.07e-04 1.78e-07f  1
 638r 3.0347123e+06 1.63e-02 1.00e+03   3.3 3.25e+12    -  7.74e-04 3.22e-05f  1
 639r 3.0088785e+06 7.10e-02 1.00e+03   3.3 2.76e+09    -  8.62e-03 2.68e-04f  1
iter    objective    inf_pr   inf_du lg(mu)  ||d||  lg(rg) alpha_du alpha_pr  ls
 640r 2.7431748e+06 5.08e-02 1.06e+03   3.3 8.68e+07    -  2.54e-01 6.07e-03f  1
 641r 1.6413530e+06 8.53e-01 1.25e+04   3.3 5.78e+06    -  2.47e-01 2.61e-01f  1
 642r 1.3135454e+06 3.24e+00 1.85e+04   3.3 1.15e+06    -  4.48e-01 5.75e-01f  1
 643r 1.8143992e+06 2.41e+00 1.80e+04   3.3 7.26e+04    -  6.78e-01 1.00e+00f  1
 644r 1.6349416e+06 3.67e+00 2.38e+03   3.3 1.33e+05    -  5.38e-01 1.00e+00f  1
 645r 1.7115891e+06 4.42e+00 1.84e+03   3.3 1.17e+05    -  7.37e-01 1.00e+00f  1
 646r 1.7126939e+06 4.20e+00 1.80e+02   3.3 3.09e+04    -  1.00e+00 1.00e+00f  1
 647r 1.7128030e+06 4.21e+00 3.72e+01   3.3 1.10e+04    -  1.00e+00 1.00e+00f  1
 648r 1.6260636e+06 1.20e+00 3.30e+03   2.6 5.25e+04    -  7.26e-01 9.41e-01f  1
 649r 1.8924031e+06 3.13e-01 1.53e+02   2.6 5.20e+04    -  1.00e+00 1.00e+00f  1
iter    objective    inf_pr   inf_du lg(mu)  ||d||  lg(rg) alpha_du alpha_pr  ls
 650r 1.9318241e+06 4.60e-01 9.83e+01   2.6 4.67e+04    -  1.00e+00 1.00e+00f  1
 651r 1.9499012e+06 4.61e-01 1.69e+00   2.6 2.43e+03    -  1.00e+00 1.00e+00f  1
 652  1.9540634e+06 4.55e-01 9.78e+01  -1.0 1.36e+04    -  4.92e-02 1.27e-02h  3
 653  1.9590227e+06 4.50e-01 9.67e+01  -1.0 1.36e+04    -  7.75e-02 1.16e-02h  3
 654  1.9880720e+06 4.36e-01 9.39e+01  -1.0 1.37e+04    -  1.95e-01 3.19e-02h  2
 655  2.0324643e+06 4.20e-01 9.07e+01  -1.0 1.38e+04    -  2.78e-01 3.54e-02h  3
 656  2.0850019e+06 4.04e-01 8.73e+01  -1.0 1.39e+04    -  4.30e-01 3.96e-02h  4
 657  2.1240920e+06 3.92e-01 9.90e+01  -1.0 1.43e+04    -  3.91e-01 2.93e-02h  5
 658  2.1903572e+06 3.72e-01 1.03e+02  -1.0 1.45e+04    -  3.60e-01 5.04e-02h  4
 659  2.2502668e+06 3.54e-01 1.03e+02  -1.0 1.42e+04    -  3.96e-01 4.76e-02h  4
iter    objective    inf_pr   inf_du lg(mu)  ||d||  lg(rg) alpha_du alpha_pr  ls
 660  2.3162574e+06 3.35e-01 9.78e+01  -1.0 1.36e+04    -  4.15e-01 5.49e-02h  4
 661  2.3812048e+06 3.16e-01 8.97e+01  -1.0 1.26e+04    -  5.50e-01 5.76e-02h  4
 662  2.8114322e+06 1.84e-01 1.12e+02  -1.0 1.71e+04    -  6.75e-01 4.17e-01w  1
 663  2.9529962e+06 1.33e-01 1.02e+02  -1.0 3.22e+04    -  9.39e-01 2.77e-01w  1
 664  3.0308727e+06 7.97e-02 8.82e+01  -1.0 6.43e+04    -  1.00e+00 4.01e-01w  1
 665  2.4887606e+06 2.83e-01 7.56e+01  -1.0 4.47e+04    -  6.75e-01 1.04e-01h  2
 666  2.6696368e+06 2.22e-01 5.40e+01  -1.0 3.50e+04    -  9.58e-01 2.14e-01h  2
 667  2.7009619e+06 2.08e-01 4.90e+01  -1.0 7.29e+04    -  1.00e+00 6.55e-02h  4
 668  2.7360107e+06 1.90e-01 4.52e+01  -1.0 9.65e+04    -  1.00e+00 8.31e-02h  4
 669  2.7552060e+06 1.81e-01 4.37e+01  -1.0 8.64e+04    -  1.00e+00 4.99e-02h  5
iter    objective    inf_pr   inf_du lg(mu)  ||d||  lg(rg) alpha_du alpha_pr  ls
 670  2.7654543e+06 1.76e-01 4.50e+01  -1.0 8.77e+04    -  1.00e+00 2.82e-02h  6
 671  2.7761290e+06 1.70e-01 4.66e+01  -1.0 8.87e+04    -  1.00e+00 3.03e-02h  6
 672  3.1031187e+06 1.70e-03 3.38e+03  -1.0 8.58e+04    -  1.00e+00 9.90e-01H  1
 673  3.1070487e+06 1.70e-05 5.18e+01  -1.0 6.30e+02    -  8.12e-01 9.90e-01h  1
 674  3.1070895e+06 1.16e-07 1.49e+04  -1.0 1.32e+03    -  4.83e-01 9.93e-01f  1
 675  3.1072021e+06 1.09e-12 1.00e+06  -1.0 2.14e+03    -  6.55e-01 1.00e+00f  1
 676  3.1073813e+06 9.75e-13 2.32e+06  -1.0 4.81e+03    -  6.76e-01 1.00e+00f  1
 677  3.1076279e+06 1.14e-12 3.59e+05  -1.0 7.86e+03    -  8.45e-01 1.00e+00f  1
 678  3.1078133e+06 1.30e-12 5.56e+00  -1.0 7.96e+03    -  1.00e+00 1.00e+00f  1
 679  3.1078390e+06 8.42e-13 2.58e-01  -1.0 1.49e+03    -  1.00e+00 1.00e+00f  1
iter    objective    inf_pr   inf_du lg(mu)  ||d||  lg(rg) alpha_du alpha_pr  ls
 680  3.0343053e+06 7.23e-13 5.79e+05  -2.5 1.89e+04    -  7.91e-01 7.25e-01f  1
 681  3.0162377e+06 1.18e-01 1.12e+05  -2.5 1.05e+04    -  6.84e-01 7.13e-01f  1
 682  3.0105428e+06 3.66e-01 3.82e+04  -2.5 3.61e+03    -  9.54e-01 9.06e-01f  1
 683  3.0103867e+06 9.72e-13 7.36e-03  -2.5 4.10e+02    -  1.00e+00 1.00e+00f  1
 684  3.0103797e+06 1.02e-12 2.82e-05  -2.5 3.70e+00    -  1.00e+00 1.00e+00h  1
 685  3.0084932e+06 2.42e-03 8.83e+02  -3.8 8.95e+02    -  8.54e-01 8.50e-01f  1
 686  3.0083325e+06 2.32e-03 6.42e+03  -3.8 1.27e+02    -  7.86e-01 9.68e-01f  1
 687  3.0083386e+06 9.43e-13 1.66e-03  -3.8 2.09e+01    -  1.00e+00 1.00e+00f  1
 688  3.0083375e+06 9.36e-13 3.79e-05  -3.8 3.38e+00    -  1.00e+00 1.00e+00h  1
 689  3.0082603e+06 9.72e-05 7.98e+02  -5.7 3.67e+01    -  7.61e-01 8.20e-01f  1
iter    objective    inf_pr   inf_du lg(mu)  ||d||  lg(rg) alpha_du alpha_pr  ls
 690  3.0082507e+06 2.78e-05 1.26e+02  -5.7 2.95e+00    -  8.45e-01 7.43e-01f  1
 691  3.0082479e+06 1.34e-05 3.36e+01  -5.7 6.68e-01    -  1.00e+00 9.46e-01f  1
 692  3.0082477e+06 7.90e-13 5.55e-06  -5.7 3.23e-02    -  1.00e+00 1.00e+00f  1
 693  3.0082469e+06 1.48e-06 2.42e+01  -8.6 3.17e-01    -  9.65e-01 8.20e-01f  1
 694  3.0082468e+06 4.13e-07 8.54e+00  -8.6 5.64e-02    -  9.55e-01 7.07e-01f  1
 695  3.0082468e+06 2.40e-09 2.22e+00  -8.6 1.65e-02    -  1.00e+00 7.48e-01f  1
 696  3.0082467e+06 1.00e-08 2.78e-01  -8.6 4.17e-03    -  1.00e+00 8.75e-01f  1
 697  3.0082467e+06 1.39e-12 4.37e-08  -8.6 7.11e-04    -  1.00e+00 1.00e+00f  1
 698  3.0082467e+06 3.22e-13 6.08e-12  -8.6 1.51e-04    -  1.00e+00 1.00e+00h  1

Number of Iterations....: 698

                                   (scaled)                 (unscaled)
Objective...............:   3.0082467384945573e+06    3.0082467384945573e+06
Dual infeasibility......:   6.0787050035465001e-12    6.0787050035465001e-12
Constraint violation....:   3.2152058793144533e-13    3.2152058793144533e-13
Variable bound violation:   0.0000000000000000e+00    0.0000000000000000e+00
Complementarity.........:   2.7985247336388194e-09    2.7985247336388194e-09
Overall NLP error.......:   2.7985247336388194e-09    2.7985247336388194e-09


Number of objective function evaluations             = 5653
Number of objective gradient evaluations             = 683
Number of equality constraint evaluations            = 5653
Number of inequality constraint evaluations          = 5653
Number of equality constraint Jacobian evaluations   = 703
Number of inequality constraint Jacobian evaluations = 703
Number of Lagrangian Hessian evaluations             = 698
Total seconds in IPOPT                               = 8261.854

EXIT: Optimal Solution Found.
