
******************************************************************************
This program contains Ipopt, a library for large-scale nonlinear optimization.
 Ipopt is released as open source code under the Eclipse Public License (EPL).
         For more information visit https://github.com/coin-or/Ipopt
******************************************************************************

This is Ipopt version 3.14.19, running with linear solver MUMPS 5.8.2.

Number of nonzeros in equality constraint Jacobian...:   710730
Number of nonzeros in inequality constraint Jacobian.:   327978
Number of nonzeros in Lagrangian Hessian.............:   191880

Total number of variables............................:   266070
                     variables with only lower bounds:    61926
                variables with lower and upper bounds:        0
                     variables with only upper bounds:        0
Total number of equality constraints.................:   191898
Total number of inequality constraints...............:   142218
        inequality constraints with only lower bounds:        0
   inequality constraints with lower and upper bounds:    80298
        inequality constraints with only upper bounds:    61920

iter    objective    inf_pr   inf_du lg(mu)  ||d||  lg(rg) alpha_du alpha_pr  ls
   0  3.3599966e+01 1.25e+00 6.34e+01  -1.0 0.00e+00    -  0.00e+00 0.00e+00   0
   1  3.7127868e+02 1.25e+00 5.30e+01  -1.0 2.37e+02    -  4.17e-05 5.49e-04h  1
   2  2.6395991e+03 1.25e+00 5.15e+01  -1.0 1.10e+03    -  1.10e-04 7.47e-04h  1
   3  1.1860718e+05 1.20e+00 4.93e+01  -1.0 1.01e+03    -  4.46e-04 3.82e-02h  1
   4  1.1882162e+05 1.20e+00 4.93e+01  -1.0 1.16e+03    -  1.73e-03 8.35e-05h  1
   5  1.1929860e+05 1.20e+00 4.93e+01  -1.0 1.07e+03    -  2.33e-04 1.91e-04h  1
   6  1.1958706e+05 1.20e+00 4.93e+01  -1.0 1.12e+03    -  1.79e-04 1.17e-04h  1
   7  1.1978947e+05 1.20e+00 4.93e+01  -1.0 1.17e+03    -  1.23e-04 8.33e-05h  1
   8  1.2002969e+05 1.20e+00 4.93e+01  -1.0 1.20e+03    -  1.44e-04 9.97e-05h  1
   9  1.2030658e+05 1.20e+00 4.93e+01  -1.0 1.23e+03    -  1.48e-04 1.16e-04h  1
iter    objective    inf_pr   inf_du lg(mu)  ||d||  lg(rg) alpha_du alpha_pr  ls
  10  1.2064872e+05 1.20e+00 4.93e+01  -1.0 1.21e+03    -  1.32e-04 1.43e-04h  1
  11  1.2115985e+05 1.20e+00 4.93e+01  -1.0 1.09e+03    -  9.50e-05 2.08e-04h  1
  12  1.2162589e+05 1.20e+00 4.93e+01  -1.0 1.29e+03    -  1.71e-04 1.77e-04h  1
  13  1.2218537e+05 1.20e+00 4.93e+01  -1.0 2.05e+03    -  1.72e-04 1.98e-04h  1
  14  1.2274619e+05 1.20e+00 4.93e+01  -1.0 2.55e+03    -  2.19e-04 1.99e-04h  1
  15  1.2338076e+05 1.20e+00 4.93e+01  -1.0 2.21e+03    -  2.60e-04 2.29e-04h  1
  16  1.2405056e+05 1.20e+00 4.92e+01  -1.0 1.77e+03    -  2.87e-04 2.46e-04h  1
  17  1.2487347e+05 1.20e+00 4.92e+01  -1.0 1.52e+03    -  2.92e-04 3.03e-04h  1
  18  1.2565815e+05 1.20e+00 4.92e+01  -1.0 1.53e+03    -  2.72e-04 2.82e-04h  1
  19  1.2668054e+05 1.20e+00 4.92e+01  -1.0 1.67e+03    -  2.31e-04 3.59e-04h  1
iter    objective    inf_pr   inf_du lg(mu)  ||d||  lg(rg) alpha_du alpha_pr  ls
  20  1.2765731e+05 1.20e+00 4.92e+01  -1.0 1.69e+03    -  3.05e-04 3.39e-04f  1
  21  1.2881268e+05 1.20e+00 4.92e+01  -1.0 1.55e+03    -  3.72e-04 4.00e-04f  1
  22  1.2998755e+05 1.20e+00 4.91e+01  -1.0 1.35e+03    -  4.88e-04 4.09e-04h  1
  23  1.3131249e+05 1.20e+00 4.91e+01  -1.0 1.18e+03    -  4.91e-04 4.62e-04h  1
  24  1.3300942e+05 1.19e+00 4.91e+01  -1.0 1.06e+03    -  4.34e-04 5.92e-04h  1
  25  1.3472542e+05 1.19e+00 4.91e+01  -1.0 9.88e+02    -  7.00e-04 5.98e-04h  1
  26  1.3671071e+05 1.19e+00 4.90e+01  -1.0 9.52e+02    -  6.94e-04 6.88e-04h  1
  27  1.3846846e+05 1.19e+00 4.90e+01  -1.0 9.62e+02    -  7.01e-04 6.04e-04h  1
  28  1.4117589e+05 1.19e+00 4.89e+01  -1.0 9.73e+02    -  6.89e-04 9.26e-04h  1
  29  1.4372452e+05 1.19e+00 4.89e+01  -1.0 9.54e+02    -  7.75e-04 8.73e-04h  1
iter    objective    inf_pr   inf_du lg(mu)  ||d||  lg(rg) alpha_du alpha_pr  ls
  30  1.4671104e+05 1.19e+00 4.89e+01  -1.0 9.20e+02    -  1.17e-03 1.03e-03h  1
  31  1.5009005e+05 1.19e+00 4.88e+01  -1.0 8.93e+02    -  1.22e-03 1.16e-03h  1
  32  1.5406699e+05 1.19e+00 4.87e+01  -1.0 9.00e+02    -  1.41e-03 1.37e-03h  1
  33  1.5840844e+05 1.18e+00 4.87e+01  -1.0 9.00e+02    -  1.49e-03 1.50e-03h  1
  34  1.6429019e+05 1.18e+00 4.86e+01  -1.0 8.98e+02    -  1.66e-03 2.03e-03h  1
  35  1.7026895e+05 1.18e+00 6.22e+01  -1.0 8.96e+02    -  2.17e-03 2.07e-03h  1
  36  1.7776553e+05 1.18e+00 8.45e+01  -1.0 8.95e+02    -  2.54e-03 2.60e-03h  1
  37  1.8683133e+05 1.17e+00 1.13e+02  -1.0 8.92e+02    -  3.12e-03 3.16e-03h  1
  38  1.9745302e+05 1.17e+00 1.48e+02  -1.0 8.87e+02    -  3.64e-03 3.71e-03h  1
  39  2.1098917e+05 1.16e+00 1.96e+02  -1.0 8.85e+02    -  4.27e-03 4.75e-03h  1
iter    objective    inf_pr   inf_du lg(mu)  ||d||  lg(rg) alpha_du alpha_pr  ls
  40  2.2860951e+05 1.16e+00 2.65e+02  -1.0 8.81e+02    -  5.41e-03 6.21e-03h  1
  41  2.4876643e+05 1.15e+00 3.39e+02  -1.0 8.72e+02    -  7.07e-03 7.16e-03h  1
  42  2.8501613e+05 1.13e+00 5.34e+02  -1.0 8.70e+02    -  9.58e-03 1.30e-02h  1
  43  3.4327475e+05 1.11e+00 8.90e+02  -1.0 8.60e+02    -  1.41e-02 2.11e-02h  1
  44  4.6752336e+05 1.06e+00 1.90e+03  -1.0 8.44e+02    -  2.35e-02 4.61e-02h  1
  45  1.8427962e+06 4.90e-01 5.74e+04  -1.0 8.09e+02    -  5.53e-02 5.36e-01h  1
  46  1.8431979e+06 4.90e-01 5.74e+04  -1.0 2.80e+02   2.0 8.61e-02 4.33e-04h  1
  47  1.8555122e+06 4.85e-01 5.95e+04  -1.0 3.62e+02   1.5 2.32e-01 1.04e-02h  1
  48  1.8840368e+06 4.73e-01 2.50e+05  -1.0 3.57e+02   1.9 5.37e-01 2.43e-02h  1
  49  1.9509425e+06 4.46e-01 2.13e+05  -1.0 3.53e+02   1.5 2.30e-01 5.81e-02h  1
iter    objective    inf_pr   inf_du lg(mu)  ||d||  lg(rg) alpha_du alpha_pr  ls
  50  2.0035980e+06 4.24e-01 2.26e+05  -1.0 3.32e+02   1.9 2.57e-01 4.85e-02h  1
  51  2.2330170e+06 3.30e-01 1.74e+05  -1.0 3.17e+02   1.4 2.36e-01 2.22e-01h  1
  52  2.3633771e+06 2.76e-01 9.57e+04  -1.0 2.45e+02   0.9 4.16e-01 1.62e-01h  1
  53  2.5850647e+06 1.85e-01 6.31e+04  -1.0 2.09e+02    -  6.32e-01 3.31e-01h  1
  54  2.7763275e+06 1.06e-01 8.02e+04  -1.0 1.41e+02    -  1.94e-01 4.27e-01h  1
  55  2.9082585e+06 5.15e-02 5.66e+04  -1.0 8.16e+01    -  1.24e-01 5.15e-01h  1
  56  2.9367275e+06 3.95e-02 4.42e+04  -1.0 6.09e+01    -  1.31e-01 2.33e-01h  1
  57  2.9637993e+06 2.80e-02 3.21e+04  -1.0 2.99e+02    -  7.63e-02 2.92e-01h  1
  58  2.9829067e+06 1.96e-02 2.45e+04  -1.0 1.76e+03    -  6.91e-02 3.00e-01h  1
  59  2.9927157e+06 1.50e-02 1.78e+04  -1.0 1.75e+02    -  6.32e-01 2.33e-01h  1
iter    objective    inf_pr   inf_du lg(mu)  ||d||  lg(rg) alpha_du alpha_pr  ls
  60  3.0013968e+06 1.08e-02 1.29e+04  -1.0 1.58e+03    -  7.52e-01 2.84e-01f  1
  61  3.0077223e+06 7.69e-03 9.30e+03  -1.0 7.87e+02    -  2.65e-01 2.85e-01f  1
  62  3.0125692e+06 4.84e-03 6.01e+03  -1.0 1.44e+02    -  5.89e-01 3.70e-01f  1
  63  3.0151338e+06 3.40e-02 4.07e+03  -1.0 4.87e+01    -  4.65e-01 3.69e-01f  1
  64  3.0152216e+06 5.37e-02 3.15e+03  -1.0 6.70e+01    -  3.81e-01 2.53e-01f  1
  65  3.0145282e+06 8.02e-02 2.39e+03  -1.0 7.99e+01    -  3.80e-01 2.81e-01f  1
  66  3.0126346e+06 1.33e-01 1.76e+03  -1.0 9.53e+01    -  3.14e-01 3.09e-01f  1
  67  3.0100640e+06 1.79e-01 1.34e+03  -1.0 1.17e+02    -  3.33e-01 2.65e-01f  1
  68  3.0070903e+06 1.74e-01 1.08e+03  -1.0 1.42e+02    -  3.58e-01 2.63e-01f  1
  69  3.0050400e+06 1.02e-01 9.60e+02  -1.0 1.65e+02    -  5.82e-01 1.28e-01f  1
iter    objective    inf_pr   inf_du lg(mu)  ||d||  lg(rg) alpha_du alpha_pr  ls
  70  3.0043782e+06 4.38e-04 9.45e+02  -1.0 1.41e+02    -  5.85e-01 1.82e-01f  1
  71  3.0083774e+06 3.20e-04 7.58e+02  -1.0 8.07e+01    -  3.17e-01 2.70e-01f  1
  72  3.0145018e+06 2.22e-04 8.68e+02  -1.0 6.93e+01    -  4.80e-01 3.06e-01f  1
  73  3.0243650e+06 1.08e-04 1.40e+03  -1.0 4.35e+01    -  8.56e-01 5.13e-01f  1
  74  3.0291410e+06 7.52e-05 2.86e+02  -1.0 2.55e+02    -  1.67e-01 3.05e-01f  1
  75  3.0314721e+06 5.97e-05 3.39e+02  -1.0 1.05e+02    -  2.31e-01 2.06e-01f  1
  76  3.0323404e+06 5.41e-05 6.65e+03  -1.0 1.40e+02    -  6.94e-01 9.32e-02f  1
  77  3.0386973e+06 1.57e-05 2.32e+03  -1.0 5.48e+02    -  3.45e-01 7.10e-01f  1
  78  3.0398929e+06 9.18e-06 6.67e+03  -1.0 6.78e+02    -  6.15e-01 4.14e-01f  1
  79  3.0417681e+06 2.29e-08 3.39e+04  -1.0 1.78e+03    -  4.98e-01 9.98e-01f  1
iter    objective    inf_pr   inf_du lg(mu)  ||d||  lg(rg) alpha_du alpha_pr  ls
  80  3.0420327e+06 4.73e-13 2.09e+06  -1.0 2.94e+03    -  6.92e-01 1.00e+00f  1
  81  3.0422703e+06 6.52e-13 9.35e+05  -1.0 6.48e+03    -  7.83e-01 1.00e+00f  1
  82  3.0425197e+06 4.62e-13 9.17e+00  -1.0 9.49e+03    -  1.00e+00 1.00e+00f  1
  83  3.0426005e+06 8.94e-13 1.53e+00  -1.0 6.14e+03    -  1.00e+00 1.00e+00f  1
  84  2.9602912e+06 8.62e-13 1.25e+05  -1.7 1.52e+04    -  9.83e-01 1.00e+00f  1
  85  2.9623699e+06 6.84e-13 8.02e-02  -1.7 3.54e+03    -  1.00e+00 1.00e+00f  1
  86  2.9623049e+06 6.08e-13 2.22e-04  -1.7 1.71e+01    -  1.00e+00 1.00e+00h  1
  87  2.9464747e+06 1.89e-02 7.26e+04  -3.8 5.73e+03    -  8.71e-01 8.31e-01f  1
  88  2.9448370e+06 3.83e-03 7.61e+04  -3.8 1.31e+03    -  9.92e-01 7.44e-01f  1
  89  2.9445517e+06 1.97e-03 8.51e+03  -3.8 3.37e+02    -  1.00e+00 8.91e-01f  1
iter    objective    inf_pr   inf_du lg(mu)  ||d||  lg(rg) alpha_du alpha_pr  ls
  90  2.9445471e+06 4.85e-13 2.67e-03  -3.8 1.66e+01    -  1.00e+00 1.00e+00f  1
  91  2.9445461e+06 6.70e-13 8.08e-05  -3.8 2.77e+00    -  1.00e+00 1.00e+00h  1
  92  2.9444686e+06 1.14e-06 2.04e+03  -5.7 3.33e+01    -  9.91e-01 8.39e-01f  1
  93  2.9444601e+06 1.13e-06 4.65e+02  -5.7 1.77e+00    -  1.00e+00 7.86e-01f  1
  94  2.9444580e+06 4.14e-13 1.36e-05  -5.7 3.44e-01    -  1.00e+00 1.00e+00f  1
  95  2.9444580e+06 4.99e-13 2.22e-06  -5.7 1.24e-03    -  1.00e+00 1.00e+00h  1
  96  2.9444572e+06 4.15e-09 2.67e+01  -8.6 3.02e-01    -  9.97e-01 8.37e-01f  1
  97  2.9444570e+06 7.98e-09 6.10e+00  -8.6 4.85e-02    -  1.00e+00 7.76e-01f  1
  98  2.9444570e+06 6.70e-13 5.98e-07  -8.6 1.09e-02    -  1.00e+00 1.00e+00f  1
  99  2.9444570e+06 4.77e-13 1.51e-10  -8.6 2.81e-06    -  1.00e+00 1.00e+00h  1

Number of Iterations....: 99

                                   (scaled)                 (unscaled)
Objective...............:   3.7354185803639283e+05    2.9444570086706248e+06
Dual infeasibility......:   1.5092050606604164e-10    1.1896362677378438e-09
Constraint violation....:   4.7695181137896725e-13    4.7695181137896725e-13
Variable bound violation:   0.0000000000000000e+00    0.0000000000000000e+00
Complementarity.........:   2.5073175055258709e-09    1.9764019595867969e-08
Overall NLP error.......:   2.5073175055258709e-09    1.9764019595867969e-08


Number of objective function evaluations             = 100
Number of objective gradient evaluations             = 100
Number of equality constraint evaluations            = 100
Number of inequality constraint evaluations          = 100
Number of equality constraint Jacobian evaluations   = 100
Number of inequality constraint Jacobian evaluations = 100
Number of Lagrangian Hessian evaluations             = 99
Total seconds in IPOPT                               = 104.760

EXIT: Optimal Solution Found.
