
******************************************************************************
This program contains Ipopt, a library for large-scale nonlinear optimization.
 Ipopt is released as open source code under the Eclipse Public License (EPL).
         For more information visit https://github.com/coin-or/Ipopt
******************************************************************************

This is Ipopt version 3.14.19, running with linear solver MUMPS 5.8.2.

Number of nonzeros in equality constraint Jacobian...:  2845980
Number of nonzeros in inequality constraint Jacobian.:  1311912
Number of nonzeros in Lagrangian Hessian.............:   767520

Total number of variables............................:  1064280
                     variables with only lower bounds:   247704
                variables with lower and upper bounds:        0
                     variables with only upper bounds:        0
Total number of equality constraints.................:   767592
Total number of inequality constraints...............:   568872
        inequality constraints with only lower bounds:        0
   inequality constraints with lower and upper bounds:   321192
        inequality constraints with only upper bounds:   247680

iter    objective    inf_pr   inf_du lg(mu)  ||d||  lg(rg) alpha_du alpha_pr  ls
   0  3.3599966e+01 1.25e+00 6.52e+01  -1.0 0.00e+00    -  0.00e+00 0.00e+00   0
   1  3.2261744e+02 1.25e+00 6.18e+01  -1.0 2.21e+02    -  4.48e-05 5.16e-04h  1
   2  1.1248941e+03 1.25e+00 6.11e+01  -1.0 1.16e+03    -  9.89e-05 2.68e-04f  1
   3  2.9481721e+03 1.25e+00 5.97e+01  -1.0 1.03e+03    -  1.46e-04 6.03e-04f  1
   4  1.0918500e+05 1.21e+00 5.33e+01  -1.0 1.01e+03    -  2.96e-04 3.46e-02h  1
   5  1.0939300e+05 1.20e+00 5.32e+01  -1.0 1.74e+03    -  1.78e-03 7.79e-05h  1
   6  1.0984101e+05 1.20e+00 5.32e+01  -1.0 2.06e+03    -  1.94e-04 1.69e-04h  1
   7  1.1012388e+05 1.20e+00 5.32e+01  -1.0 2.18e+03    -  1.67e-04 1.07e-04h  1
   8  1.1033418e+05 1.20e+00 5.32e+01  -1.0 2.27e+03    -  1.08e-04 8.04e-05h  1
   9  1.1056884e+05 1.20e+00 5.32e+01  -1.0 2.32e+03    -  1.32e-04 9.03e-05h  1
iter    objective    inf_pr   inf_du lg(mu)  ||d||  lg(rg) alpha_du alpha_pr  ls
  10  1.1082303e+05 1.20e+00 5.32e+01  -1.0 2.37e+03    -  1.39e-04 9.83e-05h  1
  11  1.1113915e+05 1.20e+00 5.32e+01  -1.0 2.37e+03    -  1.13e-04 1.23e-04h  1
  12  1.1167863e+05 1.20e+00 5.32e+01  -1.0 2.26e+03    -  4.69e-05 2.08e-04h  1
  13  1.1203588e+05 1.20e+00 5.32e+01  -1.0 1.79e+03    -  1.41e-04 1.33e-04h  1
  14  1.1253817e+05 1.20e+00 5.32e+01  -1.0 2.30e+03    -  1.13e-04 1.74e-04h  1
  15  1.1301136e+05 1.20e+00 5.54e+01  -1.0 4.37e+03    -  1.16e-04 1.59e-04h  1
  16  1.1354199e+05 1.20e+00 6.03e+01  -1.0 5.41e+03    -  1.72e-04 1.79e-04h  1
  17  1.1407213e+05 1.20e+00 5.96e+01  -1.0 4.07e+03    -  2.08e-04 1.80e-04h  1
  18  1.1469601e+05 1.20e+00 5.85e+01  -1.0 2.88e+03    -  2.49e-04 2.14e-04h  1
  19  1.1536112e+05 1.20e+00 5.74e+01  -1.0 2.10e+03    -  2.03e-04 2.33e-04h  1
iter    objective    inf_pr   inf_du lg(mu)  ||d||  lg(rg) alpha_du alpha_pr  ls
  20  1.1608089e+05 1.20e+00 5.63e+01  -1.0 1.89e+03    -  2.27e-04 2.53e-04h  1
  21  1.1680118e+05 1.20e+00 5.53e+01  -1.0 1.74e+03    -  1.95e-04 2.50e-04h  1
  22  1.1769731e+05 1.20e+00 5.93e+01  -1.0 1.85e+03    -  1.91e-04 3.04e-04h  1
  23  1.1846559e+05 1.20e+00 6.29e+01  -1.0 1.96e+03    -  2.17e-04 2.56e-04h  1
  24  1.1934921e+05 1.20e+00 6.62e+01  -1.0 1.84e+03    -  2.52e-04 2.93e-04f  1
  25  1.2040478e+05 1.20e+00 6.51e+01  -1.0 1.71e+03    -  3.66e-04 3.52e-04h  1
  26  1.2152911e+05 1.20e+00 6.16e+01  -1.0 1.50e+03    -  4.31e-04 3.78e-04h  1
  27  1.2280114e+05 1.20e+00 5.83e+01  -1.0 1.30e+03    -  4.97e-04 4.30e-04h  1
  28  1.2435032e+05 1.20e+00 6.61e+01  -1.0 1.15e+03    -  3.49e-04 5.26e-04h  1
  29  1.2579877e+05 1.20e+00 6.05e+01  -1.0 1.05e+03    -  6.36e-04 4.93e-04h  1
iter    objective    inf_pr   inf_du lg(mu)  ||d||  lg(rg) alpha_du alpha_pr  ls
  30  1.2768842e+05 1.20e+00 6.20e+01  -1.0 9.65e+02    -  5.94e-04 6.44e-04h  1
  31  1.2945638e+05 1.20e+00 6.42e+01  -1.0 9.46e+02    -  5.17e-04 5.99e-04h  1
  32  1.3113600e+05 1.20e+00 6.46e+01  -1.0 9.58e+02    -  5.46e-04 5.65e-04h  1
  33  1.3347749e+05 1.19e+00 6.90e+01  -1.0 9.66e+02    -  5.69e-04 7.85e-04h  1
  34  1.3574127e+05 1.19e+00 7.12e+01  -1.0 9.50e+02    -  6.41e-04 7.60e-04h  1
  35  1.3831004e+05 1.19e+00 6.79e+01  -1.0 9.24e+02    -  1.07e-03 8.65e-04h  1
  36  1.4154652e+05 1.19e+00 6.79e+01  -1.0 9.04e+02    -  1.09e-03 1.09e-03h  1
  37  1.4473206e+05 1.19e+00 6.55e+01  -1.0 9.13e+02    -  1.30e-03 1.08e-03h  1
  38  1.4914243e+05 1.19e+00 6.60e+01  -1.0 9.18e+02    -  1.42e-03 1.50e-03h  1
  39  1.5325982e+05 1.19e+00 6.50e+01  -1.0 9.21e+02    -  1.53e-03 1.40e-03h  1
iter    objective    inf_pr   inf_du lg(mu)  ||d||  lg(rg) alpha_du alpha_pr  ls
  40  1.5884106e+05 1.18e+00 6.50e+01  -1.0 9.22e+02    -  1.87e-03 1.90e-03h  1
  41  1.6544088e+05 1.18e+00 8.19e+01  -1.0 9.21e+02    -  2.16e-03 2.25e-03h  1
  42  1.7290693e+05 1.18e+00 1.08e+02  -1.0 9.19e+02    -  2.53e-03 2.55e-03h  1
  43  1.8136614e+05 1.18e+00 1.38e+02  -1.0 9.14e+02    -  2.99e-03 2.90e-03h  1
  44  1.9234046e+05 1.17e+00 1.82e+02  -1.0 9.07e+02    -  3.55e-03 3.77e-03h  1
  45  2.0585049e+05 1.17e+00 2.39e+02  -1.0 9.01e+02    -  4.30e-03 4.66e-03h  1
  46  2.2401988e+05 1.16e+00 3.26e+02  -1.0 9.01e+02    -  5.08e-03 6.30e-03h  1
  47  2.4481786e+05 1.15e+00 4.18e+02  -1.0 8.98e+02    -  6.48e-03 7.26e-03h  1
  48  2.7792099e+05 1.14e+00 6.06e+02  -1.0 8.96e+02    -  9.21e-03 1.16e-02h  1
  49  3.3133356e+05 1.11e+00 9.64e+02  -1.0 8.88e+02    -  1.31e-02 1.90e-02h  1
iter    objective    inf_pr   inf_du lg(mu)  ||d||  lg(rg) alpha_du alpha_pr  ls
  50  4.3308917e+05 1.07e+00 1.80e+03  -1.0 8.73e+02    -  2.09e-02 3.70e-02h  1
  51  9.3857667e+05 8.69e-01 1.23e+04  -1.0 8.44e+02    -  4.42e-02 1.91e-01h  1
  52  9.3898779e+05 8.69e-01 1.54e+04  -1.0 6.95e+02   2.0 7.59e-03 2.02e-04h  1
  53  9.4149021e+05 8.68e-01 2.09e+05  -1.0 6.90e+02   1.5 1.49e-01 1.18e-03h  1
  54  9.4361338e+05 8.67e-01 2.21e+05  -1.0 6.48e+02   1.0 7.00e-02 9.95e-04h  1
  55  1.0339476e+06 8.30e-01 2.07e+05  -1.0 6.57e+02   0.6 9.46e-02 4.22e-02h  1
  56  1.4617300e+06 6.57e-01 1.65e+05  -1.0 6.27e+02   0.1 2.02e-01 2.09e-01h  1
  57  2.8187737e+06 1.06e-01 2.94e+05  -1.0 5.08e+02    -  3.22e-01 8.38e-01h  1
  58  2.8272265e+06 1.03e-01 9.48e+05  -1.0 8.04e+01   2.3 1.00e+00 3.24e-02h  1
  59  2.8363987e+06 9.93e-02 4.65e+05  -1.0 7.80e+01   1.8 6.90e-01 3.60e-02h  1
iter    objective    inf_pr   inf_du lg(mu)  ||d||  lg(rg) alpha_du alpha_pr  ls
  60  3.0795105e+06 9.93e-04 7.20e+04  -1.0 7.53e+01   1.4 8.98e-01 9.90e-01h  1
  61  3.0810689e+06 2.20e-04 3.74e+04  -1.0 2.96e+00    -  5.75e-01 7.79e-01f  1
  62  3.0806213e+06 3.84e-03 2.66e+04  -1.0 8.29e+00    -  3.14e-01 3.58e-01f  1
  63  3.0797846e+06 1.26e-02 2.03e+04  -1.0 1.23e+01    -  2.84e-01 3.78e-01f  1
  64  3.0791314e+06 1.03e-02 1.19e+04  -1.0 1.81e+01    -  3.47e-01 1.90e-01f  1
  65  3.0779743e+06 1.85e-02 9.92e+03  -1.0 2.18e+01    -  2.18e-01 3.04e-01f  1
  66  3.0763466e+06 2.66e-02 7.88e+03  -1.0 2.94e+01    -  2.42e-01 3.19e-01f  1
  67  3.0747567e+06 3.40e-02 6.01e+03  -1.0 4.12e+01    -  2.37e-01 2.35e-01f  1
  68  3.0721746e+06 5.34e-02 5.04e+03  -1.0 5.25e+01    -  2.07e-01 3.19e-01f  1
  69  3.0696903e+06 8.72e-02 4.10e+03  -1.0 7.31e+01    -  1.98e-01 2.29e-01f  1
iter    objective    inf_pr   inf_du lg(mu)  ||d||  lg(rg) alpha_du alpha_pr  ls
  70  3.0671180e+06 1.29e-01 3.18e+03  -1.0 9.15e+01    -  2.18e-01 2.00e-01f  1
  71  3.0641205e+06 1.93e-01 2.29e+03  -1.0 1.10e+02    -  2.60e-01 2.04e-01f  1
  72  3.0609474e+06 2.33e-01 1.85e+03  -1.0 1.30e+02    -  1.94e-01 1.91e-01f  1
  73  3.0572589e+06 3.17e-01 3.11e+03  -1.0 1.44e+02    -  2.25e-01 2.03e-01f  1
  74  3.0526876e+06 4.88e-01 1.62e+04  -1.0 1.59e+02    -  3.57e-01 2.33e-01f  1
  75  3.0478429e+06 5.80e-01 2.82e+04  -1.0 1.90e+02    -  3.48e-01 2.37e-01f  1
  76  3.0442515e+06 5.74e-01 4.38e+04  -1.0 2.19e+02    -  2.92e-01 1.81e-01f  1
  77  3.0427027e+06 5.06e-01 9.12e+04  -1.0 2.27e+02    -  3.29e-01 9.85e-02f  1
  78  3.0416601e+06 4.73e-01 6.44e+04  -1.0 2.09e+02    -  9.82e-02 1.51e-01f  1
  79  3.0411622e+06 4.23e-01 9.71e+04  -1.0 2.34e+02    -  2.99e-01 1.52e-01f  1
iter    objective    inf_pr   inf_du lg(mu)  ||d||  lg(rg) alpha_du alpha_pr  ls
  80  3.0421867e+06 4.15e-01 1.25e+05  -1.0 2.42e+02    -  3.31e-01 1.93e-01f  1
  81  3.0443458e+06 3.35e-01 1.72e+05  -1.0 1.93e+02    -  3.56e-01 1.84e-01f  1
  82  3.0496497e+06 2.64e-01 1.53e+05  -1.0 1.48e+02    -  3.40e-01 2.79e-01f  1
  83  3.0564676e+06 5.85e-07 1.96e+05  -1.0 9.17e+01    -  4.27e-01 2.90e-01f  1
  84  3.0643307e+06 3.98e-07 1.47e+05  -1.0 7.39e+01    -  3.35e-01 3.19e-01f  1
  85  3.0694065e+06 3.02e-07 2.03e+05  -1.0 6.37e+01    -  3.23e-01 2.42e-01f  1
  86  3.0709383e+06 2.77e-07 1.23e+06  -1.0 6.20e+01    -  8.46e-01 8.29e-02f  1
  87  3.0802336e+06 1.61e-07 3.61e+05  -1.0 1.83e+02    -  1.29e-01 4.18e-01f  1
  88  3.0822754e+06 1.37e-07 1.39e+06  -1.0 7.07e+01    -  7.45e-01 1.48e-01f  1
  89  3.0883971e+06 7.15e-08 3.08e+05  -1.0 4.28e+02    -  2.14e-01 4.79e-01f  1
iter    objective    inf_pr   inf_du lg(mu)  ||d||  lg(rg) alpha_du alpha_pr  ls
  90  3.0935014e+06 1.92e-08 4.10e+04  -1.0 3.40e+02    -  7.12e-01 7.32e-01f  1
  91  3.0956841e+06 9.20e-13 1.09e+06  -1.0 1.17e+03    -  5.05e-01 1.00e+00f  1
  92  3.0958239e+06 8.58e-13 5.88e+05  -1.0 2.09e+03    -  6.52e-01 1.00e+00f  1
  93  3.0959986e+06 7.43e-13 2.08e+05  -1.0 4.69e+03    -  6.46e-01 1.00e+00f  1
  94  3.0962389e+06 5.35e-13 4.47e+04  -1.0 7.54e+03    -  7.85e-01 1.00e+00f  1
  95  3.0964348e+06 1.32e-12 3.69e+00  -1.0 9.33e+03    -  1.00e+00 1.00e+00f  1
  96  3.0141666e+06 3.22e-02 2.33e+05  -1.7 1.38e+04    -  9.55e-01 9.87e-01f  1
  97  3.0150802e+06 9.72e-13 1.27e-01  -1.7 3.53e+03    -  1.00e+00 1.00e+00f  1
  98  3.0150493e+06 9.68e-13 7.56e-04  -1.7 5.59e+01    -  1.00e+00 1.00e+00h  1
  99  2.9993897e+06 7.55e-02 5.01e+04  -3.8 5.98e+03    -  7.82e-01 8.10e-01f  1
iter    objective    inf_pr   inf_du lg(mu)  ||d||  lg(rg) alpha_du alpha_pr  ls
 100  2.9974826e+06 9.86e-02 9.89e+03  -3.8 1.50e+03    -  7.28e-01 7.17e-01f  1
 101  2.9970943e+06 6.65e-03 1.82e+04  -3.8 4.32e+02    -  9.96e-01 8.07e-01f  1
 102  2.9970487e+06 9.47e-13 6.16e-03  -3.8 7.20e+01    -  1.00e+00 1.00e+00f  1
 103  2.9970508e+06 9.84e-13 5.96e-04  -3.8 1.14e+01    -  1.00e+00 1.00e+00h  1
 104  2.9969718e+06 5.76e-06 1.18e+03  -5.7 3.75e+01    -  9.27e-01 8.40e-01f  1
 105  2.9969632e+06 1.97e-06 4.76e+02  -5.7 2.32e+00    -  1.00e+00 7.80e-01f  1
 106  2.9969610e+06 8.38e-13 1.31e-05  -5.7 4.67e-01    -  1.00e+00 1.00e+00f  1
 107  2.9969610e+06 7.37e-13 2.75e-06  -5.7 4.36e-03    -  1.00e+00 1.00e+00h  1
 108  2.9969602e+06 3.63e-08 2.64e+01  -8.6 3.16e-01    -  9.95e-01 8.37e-01f  1
 109  2.9969601e+06 5.98e-08 8.03e+00  -8.6 5.12e-02    -  1.00e+00 7.06e-01f  1
iter    objective    inf_pr   inf_du lg(mu)  ||d||  lg(rg) alpha_du alpha_pr  ls
 110  2.9969600e+06 4.07e-08 1.83e+00  -8.6 1.50e-02    -  1.00e+00 7.71e-01f  1
 111  2.9969600e+06 5.79e-13 1.00e-07  -8.6 3.44e-03    -  1.00e+00 1.00e+00f  1
 112  2.9969600e+06 3.34e-13 3.61e-12  -8.6 8.53e-07    -  1.00e+00 1.00e+00h  1

Number of Iterations....: 112

                                   (scaled)                 (unscaled)
Objective...............:   1.4995287316016979e+06    2.9969600146561265e+06
Dual infeasibility......:   3.6120973697989153e-12    7.2191423599926815e-12
Constraint violation....:   3.3395508580724709e-13    3.3395508580724709e-13
Variable bound violation:   0.0000000000000000e+00    0.0000000000000000e+00
Complementarity.........:   2.5059066040391348e-09    5.0083081000696890e-09
Overall NLP error.......:   2.5059066040391348e-09    5.0083081000696890e-09


Number of objective function evaluations             = 113
Number of objective gradient evaluations             = 113
Number of equality constraint evaluations            = 113
Number of inequality constraint evaluations          = 113
Number of equality constraint Jacobian evaluations   = 113
Number of inequality constraint Jacobian evaluations = 113
Number of Lagrangian Hessian evaluations             = 112
Total seconds in IPOPT                               = 572.724

EXIT: Optimal Solution Found.
