
******************************************************************************
This program contains Ipopt, a library for large-scale nonlinear optimization.
 Ipopt is released as open source code under the Eclipse Public License (EPL).
         For more information visit https://github.com/coin-or/Ipopt
******************************************************************************

This is Ipopt version 3.14.19, running with linear solver MUMPS 5.8.2.

Number of nonzeros in equality constraint Jacobian...:  1422480
Number of nonzeros in inequality constraint Jacobian.:   655956
Number of nonzeros in Lagrangian Hessian.............:   383760

Total number of variables............................:   532140
                     variables with only lower bounds:   123852
                variables with lower and upper bounds:        0
                     variables with only upper bounds:        0
Total number of equality constraints.................:   383796
Total number of inequality constraints...............:   284436
        inequality constraints with only lower bounds:        0
   inequality constraints with lower and upper bounds:   160596
        inequality constraints with only upper bounds:   123840

iter    objective    inf_pr   inf_du lg(mu)  ||d||  lg(rg) alpha_du alpha_pr  ls
   0  3.3599966e+01 1.25e+00 6.51e+01  -1.0 0.00e+00    -  0.00e+00 0.00e+00   0
   1  3.3924390e+02 1.25e+00 5.85e+01  -1.0 2.27e+02    -  4.37e-05 5.28e-04h  1
   2  1.4619120e+03 1.25e+00 5.69e+01  -1.0 1.15e+03    -  1.03e-04 3.71e-04h  1
   3  1.9849822e+05 1.17e+00 7.21e+01  -1.0 1.01e+03    -  1.81e-04 6.48e-02h  1
   4  1.9880582e+05 1.17e+00 5.72e+01  -1.0 1.31e+03    -  1.88e-03 1.60e-04h  1
   5  1.9918368e+05 1.17e+00 5.07e+01  -1.0 1.91e+03    -  2.72e-04 1.83e-04h  1
   6  1.9938263e+05 1.17e+00 5.07e+01  -1.0 1.86e+03    -  1.51e-04 9.37e-05h  1
   7  1.9955590e+05 1.17e+00 5.07e+01  -1.0 1.79e+03    -  1.27e-04 7.89e-05h  1
   8  1.9978473e+05 1.17e+00 5.07e+01  -1.0 1.74e+03    -  1.22e-04 9.92e-05h  1
   9  2.0013077e+05 1.17e+00 5.07e+01  -1.0 1.79e+03    -  8.82e-05 1.39e-04h  1
iter    objective    inf_pr   inf_du lg(mu)  ||d||  lg(rg) alpha_du alpha_pr  ls
  10  2.0079564e+05 1.17e+00 5.64e+01  -1.0 2.18e+03    -  1.24e-04 2.47e-04h  1
  11  2.0143402e+05 1.17e+00 6.22e+01  -1.0 3.41e+03    -  1.90e-04 2.25e-04h  1
  12  2.0206317e+05 1.17e+00 5.47e+01  -1.0 3.71e+03    -  2.78e-04 2.20e-04h  1
  13  2.0281681e+05 1.17e+00 5.82e+01  -1.0 3.61e+03    -  2.27e-04 2.63e-04h  1
  14  2.0348589e+05 1.17e+00 5.63e+01  -1.0 3.51e+03    -  2.56e-04 2.32e-04h  1
  15  2.0451580e+05 1.17e+00 6.35e+01  -1.0 3.38e+03    -  2.23e-04 3.54e-04h  1
  16  2.0575215e+05 1.16e+00 6.69e+01  -1.0 3.24e+03    -  3.60e-04 4.21e-04h  1
  17  2.0724702e+05 1.16e+00 6.86e+01  -1.0 2.91e+03    -  4.71e-04 5.06e-04h  1
  18  2.0875605e+05 1.16e+00 6.84e+01  -1.0 2.43e+03    -  5.14e-04 5.10e-04h  1
  19  2.1076482e+05 1.16e+00 7.05e+01  -1.0 2.11e+03    -  6.08e-04 6.80e-04h  1
iter    objective    inf_pr   inf_du lg(mu)  ||d||  lg(rg) alpha_du alpha_pr  ls
  20  2.1303478e+05 1.16e+00 7.43e+01  -1.0 1.93e+03    -  6.11e-04 7.72e-04h  1
  21  2.1537528e+05 1.16e+00 7.65e+01  -1.0 1.80e+03    -  6.75e-04 7.97e-04h  1
  22  2.1802833e+05 1.16e+00 7.56e+01  -1.0 1.61e+03    -  9.69e-04 9.05e-04h  1
  23  2.2134186e+05 1.16e+00 7.39e+01  -1.0 1.39e+03    -  1.32e-03 1.13e-03h  1
  24  2.2549117e+05 1.16e+00 7.39e+01  -1.0 1.15e+03    -  1.41e-03 1.43e-03h  1
  25  2.3044548e+05 1.15e+00 7.35e+01  -1.0 9.64e+02    -  1.79e-03 1.72e-03h  1
  26  2.3650465e+05 1.15e+00 7.39e+01  -1.0 8.93e+02    -  1.93e-03 2.12e-03h  1
  27  2.4329284e+05 1.15e+00 7.32e+01  -1.0 8.96e+02    -  2.64e-03 2.39e-03h  1
  28  2.5415885e+05 1.15e+00 7.36e+01  -1.0 8.90e+02    -  3.30e-03 3.84e-03h  1
  29  2.6423526e+05 1.14e+00 7.25e+01  -1.0 8.83e+02    -  4.54e-03 3.57e-03h  1
iter    objective    inf_pr   inf_du lg(mu)  ||d||  lg(rg) alpha_du alpha_pr  ls
  30  2.7956603e+05 1.13e+00 1.13e+02  -1.0 8.82e+02    -  5.47e-03 5.45e-03h  1
  31  2.9829025e+05 1.13e+00 1.67e+02  -1.0 8.81e+02    -  6.25e-03 6.69e-03h  1
  32  3.2120327e+05 1.12e+00 2.35e+02  -1.0 8.67e+02    -  8.68e-03 8.24e-03h  1
  33  3.6925198e+05 1.10e+00 4.83e+02  -1.0 8.65e+02    -  1.20e-02 1.74e-02h  1
  34  4.7337452e+05 1.06e+00 1.28e+03  -1.0 8.53e+02    -  1.91e-02 3.85e-02h  1
  35  1.1789661e+06 7.69e-01 1.98e+04  -1.0 8.25e+02    -  4.57e-02 2.72e-01h  1
  36  1.1793873e+06 7.68e-01 8.69e+04  -1.0 5.15e+02   2.0 9.78e-02 2.51e-04h  1
  37  1.1902489e+06 7.64e-01 1.35e+05  -1.0 5.73e+02   1.5 1.12e-01 5.80e-03h  1
  38  1.2972940e+06 7.20e-01 1.28e+05  -1.0 5.74e+02   1.0 1.12e-01 5.70e-02h  1
  39  1.6130394e+06 5.92e-01 1.04e+05  -1.0 5.42e+02   0.6 1.91e-01 1.78e-01h  1
iter    objective    inf_pr   inf_du lg(mu)  ||d||  lg(rg) alpha_du alpha_pr  ls
  40  2.6780546e+06 3.66e-01 3.86e+05  -1.0 4.56e+02    -  2.02e-01 7.34e-01h  1
  41  2.6832156e+06 3.62e-01 2.17e+06  -1.0 1.17e+02   2.8 1.00e+00 1.34e-02h  1
  42  2.7112862e+06 3.35e-01 1.46e+06  -1.0 1.18e+02   2.3 4.35e-01 7.33e-02h  1
  43  2.8551003e+06 1.89e-01 5.08e+05  -1.0 1.11e+02    -  6.39e-01 4.07e-01h  1
  44  2.9487977e+06 1.00e-01 1.60e+05  -1.0 6.70e+01    -  6.64e-01 4.49e-01h  1
  45  2.9956217e+06 5.73e-02 8.85e+04  -1.0 3.89e+01    -  5.44e-01 4.09e-01h  1
  46  3.0250177e+06 3.08e-02 5.12e+04  -1.0 2.59e+01    -  4.14e-01 4.39e-01h  1
  47  3.0372993e+06 1.93e-02 3.42e+04  -1.0 2.11e+01    -  5.11e-01 3.41e-01f  1
  48  3.0454472e+06 2.01e-02 2.24e+04  -1.0 2.19e+01    -  4.86e-01 3.57e-01f  1
  49  3.0491806e+06 1.88e-02 1.63e+04  -1.0 2.59e+01    -  5.17e-01 2.77e-01f  1
iter    objective    inf_pr   inf_du lg(mu)  ||d||  lg(rg) alpha_du alpha_pr  ls
  50  3.0528597e+06 3.82e-02 1.06e+04  -1.0 3.28e+01    -  5.23e-01 3.66e-01f  1
  51  3.0550753e+06 7.89e-02 6.71e+03  -1.0 5.10e+01    -  5.13e-01 3.95e-01f  1
  52  3.0551395e+06 1.21e-01 5.22e+03  -1.0 8.14e+01    -  4.48e-01 2.42e-01f  1
  53  3.0547982e+06 1.84e-01 4.04e+03  -1.0 1.00e+02    -  3.59e-01 2.50e-01f  1
  54  3.0536327e+06 2.31e-01 3.19e+03  -1.0 1.20e+02    -  4.88e-01 2.37e-01f  1
  55  3.0517054e+06 4.66e-01 2.33e+03  -1.0 1.41e+02    -  4.81e-01 3.31e-01f  1
  56  3.0485498e+06 6.08e-01 1.79e+03  -1.0 1.81e+02    -  5.04e-01 2.82e-01f  1
  57  3.0463621e+06 5.23e-01 1.41e+03  -1.0 2.19e+02    -  4.25e-01 2.35e-01f  1
  58  3.0458986e+06 3.34e-01 1.32e+03  -1.0 2.18e+02    -  4.32e-01 1.03e-01f  1
  59  3.0468159e+06 2.08e-04 1.67e+03  -1.0 1.54e+02    -  4.63e-01 2.05e-01f  1
iter    objective    inf_pr   inf_du lg(mu)  ||d||  lg(rg) alpha_du alpha_pr  ls
  60  3.0502051e+06 1.57e-04 1.69e+03  -1.0 1.23e+02    -  3.90e-01 2.47e-01f  1
  61  3.0550544e+06 1.09e-04 1.89e+03  -1.0 9.60e+01    -  4.86e-01 3.06e-01f  1
  62  3.0626477e+06 5.30e-05 1.46e+03  -1.0 7.43e+01    -  6.06e-01 5.13e-01f  1
  63  3.0650376e+06 4.00e-05 2.93e+03  -1.0 5.86e+01    -  3.99e-01 2.45e-01f  1
  64  3.0668880e+06 3.09e-05 6.99e+03  -1.0 9.42e+01    -  5.26e-01 2.27e-01f  1
  65  3.0681942e+06 2.52e-05 1.34e+04  -1.0 2.14e+02    -  5.64e-01 1.86e-01f  1
  66  3.0706819e+06 1.48e-05 7.39e+03  -1.0 4.82e+02    -  3.95e-01 4.13e-01f  1
  67  3.0735355e+06 3.44e-06 1.38e+04  -1.0 7.67e+02    -  4.00e-01 7.67e-01f  1
  68  3.0744601e+06 5.90e-07 3.95e+04  -1.0 1.20e+03    -  6.21e-01 8.28e-01f  1
  69  3.0748431e+06 1.17e-12 3.85e+05  -1.0 2.81e+03    -  5.90e-01 1.00e+00f  1
iter    objective    inf_pr   inf_du lg(mu)  ||d||  lg(rg) alpha_du alpha_pr  ls
  70  3.0750410e+06 1.19e-12 2.43e+06  -1.0 5.17e+03    -  7.08e-01 1.00e+00f  1
  71  3.0752921e+06 5.67e-13 3.17e+05  -1.0 8.33e+03    -  8.70e-01 1.00e+00f  1
  72  3.0754438e+06 3.89e-13 7.01e-01  -1.0 8.95e+03    -  1.00e+00 1.00e+00f  1
  73  2.9918561e+06 8.24e-13 3.04e+05  -2.5 1.82e+04    -  7.92e-01 8.27e-01f  1
  74  2.9793722e+06 1.09e+00 6.18e+04  -2.5 8.30e+03    -  8.44e-01 8.53e-01f  1
  75  2.9781769e+06 9.06e-13 1.61e-02  -2.5 1.74e+03    -  1.00e+00 1.00e+00f  1
  76  2.9782319e+06 1.07e-12 1.76e-04  -2.5 1.49e+01    -  1.00e+00 1.00e+00h  1
  77  2.9763022e+06 3.05e-04 1.46e+04  -3.8 8.86e+02    -  9.32e-01 8.72e-01f  1
  78  2.9761899e+06 9.40e-13 9.09e-03  -3.8 1.04e+02    -  1.00e+00 1.00e+00f  1
  79  2.9761961e+06 7.98e-13 1.39e-03  -3.8 1.99e+01    -  1.00e+00 1.00e+00h  1
iter    objective    inf_pr   inf_du lg(mu)  ||d||  lg(rg) alpha_du alpha_pr  ls
  80  2.9761165e+06 1.13e-06 1.92e+03  -5.7 3.65e+01    -  9.88e-01 8.45e-01f  1
  81  2.9761081e+06 2.40e-06 4.50e+02  -5.7 2.38e+00    -  1.00e+00 7.85e-01f  1
  82  2.9761061e+06 1.25e-12 1.33e-05  -5.7 4.82e-01    -  1.00e+00 1.00e+00f  1
  83  2.9761061e+06 1.10e-12 2.48e-06  -5.7 2.37e-03    -  1.00e+00 1.00e+00h  1
  84  2.9761052e+06 1.02e-11 2.69e+01  -8.6 3.14e-01    -  9.98e-01 8.37e-01f  1
  85  2.9761051e+06 5.93e-13 7.68e+00  -8.6 5.06e-02    -  1.00e+00 7.18e-01f  1
  86  2.9761051e+06 1.52e-08 1.55e+00  -8.6 1.43e-02    -  1.00e+00 7.98e-01f  1
  87  2.9761051e+06 7.23e-13 1.04e-07  -8.6 2.89e-03    -  1.00e+00 1.00e+00f  1
  88  2.9761051e+06 3.04e-13 2.05e-12  -8.6 3.87e-07    -  1.00e+00 1.00e+00h  1

Number of Iterations....: 88

                                   (scaled)                 (unscaled)
Objective...............:   7.4630516526626050e+05    2.9761050884659751e+06
Dual infeasibility......:   2.0473766182849823e-12    8.1644992628589299e-12
Constraint violation....:   3.0375701953744283e-13    3.0375701953744283e-13
Variable bound violation:   0.0000000000000000e+00    0.0000000000000000e+00
Complementarity.........:   2.5059140014512116e-09    9.9930480962386602e-09
Overall NLP error.......:   2.5059140014512116e-09    9.9930480962386602e-09


Number of objective function evaluations             = 89
Number of objective gradient evaluations             = 89
Number of equality constraint evaluations            = 89
Number of inequality constraint evaluations          = 89
Number of equality constraint Jacobian evaluations   = 89
Number of inequality constraint Jacobian evaluations = 89
Number of Lagrangian Hessian evaluations             = 88
Total seconds in IPOPT                               = 209.086

EXIT: Optimal Solution Found.
