
******************************************************************************
This program contains Ipopt, a library for large-scale nonlinear optimization.
 Ipopt is released as open source code under the Eclipse Public License (EPL).
         For more information visit https://github.com/coin-or/Ipopt
******************************************************************************

This is Ipopt version 3.14.19, running with linear solver MUMPS 5.8.2.

Number of nonzeros in equality constraint Jacobian...:   354855
Number of nonzeros in inequality constraint Jacobian.:   163989
Number of nonzeros in Lagrangian Hessian.............:    95940

Total number of variables............................:   133035
                     variables with only lower bounds:    30963
                variables with lower and upper bounds:        0
                     variables with only upper bounds:        0
Total number of equality constraints.................:    95949
Total number of inequality constraints...............:    71109
        inequality constraints with only lower bounds:        0
   inequality constraints with lower and upper bounds:    40149
        inequality constraints with only upper bounds:    30960

iter    objective    inf_pr   inf_du lg(mu)  ||d||  lg(rg) alpha_du alpha_pr  ls
   0  3.3599966e+01 1.25e+00 6.94e+01  -1.0 0.00e+00    -  0.00e+00 0.00e+00   0
   1  4.3319811e+02 1.25e+00 6.20e+01  -1.0 2.55e+02    -  3.88e-05 5.87e-04h  1
   2  1.2845145e+04 1.24e+00 4.63e+01  -1.0 1.03e+03    -  1.26e-04 4.20e-03h  1
   3  3.7954867e+04 1.23e+00 4.59e+01  -1.0 9.80e+02    -  3.52e-03 8.48e-03h  1
   4  3.8283741e+04 1.23e+00 4.59e+01  -1.0 9.31e+02    -  2.84e-03 1.12e-04h  1
   5  3.9699352e+04 1.23e+00 4.59e+01  -1.0 1.02e+03    -  4.79e-04 4.85e-04h  1
   6  3.9912759e+04 1.23e+00 4.59e+01  -1.0 1.05e+03    -  1.88e-04 7.32e-05h  1
   7  4.0246962e+04 1.23e+00 4.59e+01  -1.0 1.06e+03    -  1.35e-04 1.15e-04h  1
   8  4.0509779e+04 1.23e+00 4.59e+01  -1.0 1.06e+03    -  1.33e-04 9.03e-05h  1
   9  4.0762063e+04 1.23e+00 4.59e+01  -1.0 1.06e+03    -  9.63e-05 8.67e-05h  1
iter    objective    inf_pr   inf_du lg(mu)  ||d||  lg(rg) alpha_du alpha_pr  ls
  10  4.0976735e+04 1.23e+00 4.59e+01  -1.0 1.08e+03    -  1.40e-04 7.38e-05h  1
  11  4.1305776e+04 1.23e+00 4.59e+01  -1.0 1.09e+03    -  1.18e-04 1.13e-04h  1
  12  4.1622895e+04 1.23e+00 4.59e+01  -1.0 1.12e+03    -  1.46e-04 1.09e-04h  1
  13  4.1972592e+04 1.23e+00 4.59e+01  -1.0 1.15e+03    -  1.23e-04 1.21e-04h  1
  14  4.2379335e+04 1.23e+00 4.58e+01  -1.0 1.18e+03    -  1.14e-04 1.41e-04h  1
  15  4.2654726e+04 1.23e+00 4.58e+01  -1.0 1.22e+03    -  1.32e-04 9.54e-05h  1
  16  4.3032365e+04 1.23e+00 4.58e+01  -1.0 1.26e+03    -  1.41e-04 1.31e-04h  1
  17  4.3406686e+04 1.23e+00 4.58e+01  -1.0 1.30e+03    -  1.58e-04 1.31e-04h  1
  18  4.3906413e+04 1.23e+00 4.58e+01  -1.0 1.33e+03    -  1.49e-04 1.75e-04h  1
  19  4.4370124e+04 1.23e+00 4.58e+01  -1.0 1.29e+03    -  1.96e-04 1.64e-04h  1
iter    objective    inf_pr   inf_du lg(mu)  ||d||  lg(rg) alpha_du alpha_pr  ls
  20  4.4991565e+04 1.23e+00 4.58e+01  -1.0 1.03e+03    -  1.59e-04 2.21e-04h  1
  21  4.5461177e+04 1.23e+00 4.82e+01  -1.0 9.57e+02    -  1.88e-04 1.65e-04h  1
  22  4.5923152e+04 1.23e+00 4.98e+01  -1.0 1.07e+03    -  1.79e-04 1.59e-04h  1
  23  4.6455679e+04 1.23e+00 5.02e+01  -1.0 1.23e+03    -  2.15e-04 1.82e-04f  1
  24  4.7265623e+04 1.23e+00 4.79e+01  -1.0 1.10e+03    -  1.89e-04 2.76e-04f  1
  25  4.7736371e+04 1.23e+00 4.70e+01  -1.0 9.84e+02    -  2.07e-04 1.60e-04h  1
  26  4.8424728e+04 1.23e+00 4.57e+01  -1.0 9.42e+02    -  2.11e-04 2.35e-04h  1
  27  4.9161072e+04 1.23e+00 4.57e+01  -1.0 9.27e+02    -  1.96e-04 2.51e-04h  1
  28  4.9732360e+04 1.23e+00 4.57e+01  -1.0 9.16e+02    -  2.02e-04 1.95e-04h  1
  29  5.0292452e+04 1.23e+00 4.57e+01  -1.0 9.08e+02    -  2.19e-04 1.91e-04h  1
iter    objective    inf_pr   inf_du lg(mu)  ||d||  lg(rg) alpha_du alpha_pr  ls
  30  5.0906080e+04 1.23e+00 4.57e+01  -1.0 9.00e+02    -  2.51e-04 2.09e-04h  1
  31  5.1655692e+04 1.23e+00 4.57e+01  -1.0 8.89e+02    -  2.50e-04 2.56e-04h  1
  32  5.2261742e+04 1.23e+00 4.57e+01  -1.0 9.12e+02    -  3.65e-04 2.07e-04h  1
  33  5.3238117e+04 1.23e+00 4.57e+01  -1.0 9.56e+02    -  2.87e-04 3.33e-04h  1
  34  5.4047449e+04 1.23e+00 4.57e+01  -1.0 1.01e+03    -  2.79e-04 2.76e-04h  1
  35  5.4884990e+04 1.23e+00 4.56e+01  -1.0 9.81e+02    -  3.32e-04 2.86e-04h  1
  36  5.5733072e+04 1.23e+00 4.56e+01  -1.0 8.78e+02    -  3.47e-04 2.90e-04h  1
  37  5.6729006e+04 1.23e+00 4.56e+01  -1.0 9.17e+02    -  3.37e-04 3.40e-04h  1
  38  5.7872402e+04 1.23e+00 4.56e+01  -1.0 9.61e+02    -  3.66e-04 3.90e-04h  1
  39  5.9161857e+04 1.22e+00 4.56e+01  -1.0 9.66e+02    -  3.21e-04 4.40e-04f  1
iter    objective    inf_pr   inf_du lg(mu)  ||d||  lg(rg) alpha_du alpha_pr  ls
  40  6.0163464e+04 1.22e+00 4.56e+01  -1.0 9.18e+02    -  3.81e-04 3.42e-04h  1
  41  6.1366165e+04 1.22e+00 4.55e+01  -1.0 9.14e+02    -  4.15e-04 4.10e-04h  1
  42  6.2814913e+04 1.22e+00 4.55e+01  -1.0 9.13e+02    -  4.00e-04 4.95e-04h  1
  43  6.3989135e+04 1.22e+00 4.55e+01  -1.0 9.13e+02    -  4.38e-04 4.01e-04h  1
  44  6.5350135e+04 1.22e+00 4.55e+01  -1.0 9.12e+02    -  5.20e-04 4.65e-04h  1
  45  6.6900717e+04 1.22e+00 4.55e+01  -1.0 9.12e+02    -  4.78e-04 5.30e-04h  1
  46  6.8634214e+04 1.22e+00 4.54e+01  -1.0 9.11e+02    -  5.31e-04 5.93e-04h  1
  47  7.0164429e+04 1.22e+00 4.54e+01  -1.0 9.09e+02    -  5.53e-04 5.24e-04h  1
  48  7.1872850e+04 1.22e+00 4.54e+01  -1.0 9.06e+02    -  6.06e-04 5.85e-04h  1
  49  7.3648811e+04 1.22e+00 4.54e+01  -1.0 9.02e+02    -  6.60e-04 6.09e-04h  1
iter    objective    inf_pr   inf_du lg(mu)  ||d||  lg(rg) alpha_du alpha_pr  ls
  50  7.5763174e+04 1.22e+00 4.53e+01  -1.0 8.94e+02    -  7.71e-04 7.25e-04h  1
  51  7.7809153e+04 1.22e+00 4.95e+01  -1.0 8.94e+02    -  6.85e-04 7.02e-04h  1
  52  8.0038002e+04 1.22e+00 5.62e+01  -1.0 9.06e+02    -  8.58e-04 7.65e-04h  1
  53  8.2623594e+04 1.21e+00 6.49e+01  -1.0 9.11e+02    -  7.70e-04 8.88e-04h  1
  54  8.5704519e+04 1.21e+00 7.62e+01  -1.0 9.13e+02    -  8.61e-04 1.06e-03h  1
  55  8.8283427e+04 1.21e+00 8.35e+01  -1.0 9.11e+02    -  8.53e-04 8.88e-04h  1
  56  9.0997206e+04 1.21e+00 9.09e+01  -1.0 9.07e+02    -  9.58e-04 9.35e-04h  1
  57  9.4040594e+04 1.21e+00 9.96e+01  -1.0 9.05e+02    -  1.17e-03 1.05e-03h  1
  58  9.8195658e+04 1.21e+00 1.15e+02  -1.0 9.04e+02    -  1.24e-03 1.44e-03h  1
  59  1.0144918e+05 1.21e+00 1.23e+02  -1.0 9.02e+02    -  1.45e-03 1.13e-03h  1
iter    objective    inf_pr   inf_du lg(mu)  ||d||  lg(rg) alpha_du alpha_pr  ls
  60  1.0624580e+05 1.20e+00 1.40e+02  -1.0 9.01e+02    -  1.57e-03 1.66e-03h  1
  61  1.1138601e+05 1.20e+00 1.57e+02  -1.0 8.99e+02    -  1.57e-03 1.78e-03h  1
  62  1.1709388e+05 1.20e+00 1.76e+02  -1.0 8.97e+02    -  1.84e-03 1.98e-03h  1
  63  1.2346607e+05 1.20e+00 1.97e+02  -1.0 8.95e+02    -  1.97e-03 2.22e-03h  1
  64  1.3041183e+05 1.19e+00 2.19e+02  -1.0 8.92e+02    -  2.36e-03 2.43e-03h  1
  65  1.3840279e+05 1.19e+00 2.45e+02  -1.0 8.88e+02    -  2.49e-03 2.80e-03h  1
  66  1.4890766e+05 1.19e+00 2.84e+02  -1.0 8.83e+02    -  3.22e-03 3.69e-03h  1
  67  1.5931360e+05 1.18e+00 3.16e+02  -1.0 8.76e+02    -  3.35e-03 3.67e-03h  1
  68  1.7394582e+05 1.18e+00 3.70e+02  -1.0 8.69e+02    -  4.49e-03 5.18e-03h  1
  69  1.9035673e+05 1.17e+00 4.26e+02  -1.0 8.73e+02    -  5.14e-03 5.83e-03h  1
iter    objective    inf_pr   inf_du lg(mu)  ||d||  lg(rg) alpha_du alpha_pr  ls
  70  2.1240691e+05 1.16e+00 5.11e+02  -1.0 8.73e+02    -  6.99e-03 7.88e-03h  1
  71  2.4646870e+05 1.15e+00 6.70e+02  -1.0 8.69e+02    -  9.11e-03 1.23e-02h  1
  72  3.0006742e+05 1.12e+00 9.51e+02  -1.0 8.59e+02    -  1.30e-02 1.96e-02h  1
  73  4.0107846e+05 1.08e+00 1.58e+03  -1.0 8.42e+02    -  2.14e-02 3.76e-02h  1
  74  9.2555392e+05 8.62e-01 9.94e+03  -1.0 8.11e+02    -  4.38e-02 2.03e-01h  1
  75  9.2592002e+05 8.62e-01 1.34e+04  -1.0 4.93e+02   2.0 4.56e-02 2.25e-04h  1
  76  9.4264867e+05 8.55e-01 2.62e+04  -1.0 6.20e+02   1.5 9.18e-02 8.14e-03h  1
  77  9.5466324e+05 8.50e-01 3.28e+04  -1.0 6.12e+02   1.0 2.57e-01 5.88e-03h  1
  78  1.2623462e+06 7.21e-01 3.56e+04  -1.0 6.15e+02   0.6 1.34e-01 1.52e-01h  1
  79  2.1224832e+06 3.61e-01 2.34e+05  -1.0 5.32e+02    -  1.81e-01 4.99e-01h  1
iter    objective    inf_pr   inf_du lg(mu)  ||d||  lg(rg) alpha_du alpha_pr  ls
  80  2.1352333e+06 3.56e-01 2.30e+05  -1.0 2.58e+02   1.9 6.62e-01 1.48e-02h  1
  81  2.7793574e+06 8.63e-02 7.64e+04  -1.0 2.63e+02    -  7.81e-01 7.58e-01h  1
  82  2.8060389e+06 7.51e-02 6.55e+04  -1.0 6.21e+01   1.4 1.00e+00 1.29e-01h  1
  83  2.9838432e+06 7.51e-04 7.87e+03  -1.0 5.55e+01    -  7.99e-01 9.90e-01h  1
  84  2.9858670e+06 7.44e-06 3.94e+02  -1.0 7.45e-01   0.9 8.38e-01 9.90e-01f  1
  85  2.9865037e+06 5.51e-09 2.92e+04  -1.0 8.41e+00    -  6.52e-01 9.99e-01f  1
  86  2.9870659e+06 7.59e-13 3.84e+00  -1.0 4.44e-01   0.5 1.00e+00 1.00e+00f  1
  87  2.9869524e+06 5.90e-13 2.64e+05  -1.7 2.47e+00    -  9.60e-01 1.00e+00f  1
  88  2.9910275e+06 6.98e-13 1.24e+05  -1.7 2.94e+01    -  5.29e-01 1.00e+00f  1
  89  2.9944443e+06 1.31e-13 1.02e+04  -1.7 1.40e+01    -  9.18e-01 1.00e+00f  1
iter    objective    inf_pr   inf_du lg(mu)  ||d||  lg(rg) alpha_du alpha_pr  ls
  90  2.9969486e+06 5.38e-13 7.28e+03  -1.7 2.57e+02    -  2.89e-01 1.00e+00f  1
  91  2.9970846e+06 2.74e-13 1.23e+03  -1.7 1.75e+02    -  8.31e-01 1.00e+00f  1
  92  2.9971137e+06 2.18e-13 6.64e+02  -1.7 7.17e+02    -  4.62e-01 1.00e+00f  1
  93  2.9971408e+06 1.14e-13 1.39e+02  -1.7 7.12e+02    -  7.91e-01 1.00e+00f  1
  94  2.9971871e+06 4.58e-13 2.36e+01  -1.7 1.01e+03    -  8.30e-01 1.00e+00f  1
  95  2.9972095e+06 4.83e-13 5.90e-01  -1.7 5.83e+02    -  1.00e+00 1.00e+00f  1
  96  2.9972121e+06 5.20e-13 1.18e-02  -1.7 8.10e+01    -  1.00e+00 1.00e+00h  1
  97  2.9866242e+06 4.33e-03 1.14e+05  -3.8 2.59e+03    -  8.86e-01 8.22e-01f  1
  98  2.9855778e+06 5.86e-03 5.77e+04  -3.8 5.24e+02    -  8.30e-01 7.11e-01f  1
  99  2.9853657e+06 1.91e-03 1.46e+04  -3.8 1.48e+02    -  9.37e-01 8.18e-01f  1
iter    objective    inf_pr   inf_du lg(mu)  ||d||  lg(rg) alpha_du alpha_pr  ls
 100  2.9853431e+06 2.13e-13 3.45e-03  -3.8 1.27e+01    -  1.00e+00 1.00e+00h  1
 101  2.9853437e+06 3.45e-13 1.47e-04  -3.8 2.85e+00    -  1.00e+00 1.00e+00h  1
 102  2.9852925e+06 2.80e-05 7.74e+02  -5.7 1.32e+01    -  8.90e-01 8.32e-01f  1
 103  2.9852862e+06 4.24e-06 4.93e+02  -5.7 1.17e+00    -  9.79e-01 7.68e-01h  1
 104  2.9852845e+06 5.42e-13 6.81e-06  -5.7 2.72e-01    -  1.00e+00 1.00e+00h  1
 105  2.9852845e+06 5.20e-13 1.00e-06  -5.7 1.56e-02    -  1.00e+00 1.00e+00h  1
 106  2.9852839e+06 1.85e-09 2.37e+01  -8.6 1.30e-01    -  9.80e-01 8.38e-01f  1
 107  2.9852838e+06 1.52e-09 7.94e+00  -8.6 2.36e-02    -  1.00e+00 7.07e-01h  1
 108  2.9852838e+06 2.82e-13 6.68e-08  -8.6 8.08e-03    -  1.00e+00 1.00e+00h  1
 109  2.9852838e+06 4.60e-13 3.22e-11  -8.6 1.09e-03    -  1.00e+00 1.00e+00h  1
iter    objective    inf_pr   inf_du lg(mu)  ||d||  lg(rg) alpha_du alpha_pr  ls
 110  2.9852838e+06 3.36e-13 9.22e-11  -9.0 5.46e-04    -  1.00e+00 1.00e+00h  1

Number of Iterations....: 110

                                   (scaled)                 (unscaled)
Objective...............:   2.6654319582681544e+05    2.9852837932603327e+06
Dual infeasibility......:   9.2214437361366600e-11    1.0328016984473058e-09
Constraint violation....:   3.3573144264664734e-13    3.3573144264664734e-13
Variable bound violation:   0.0000000000000000e+00    0.0000000000000000e+00
Complementarity.........:   4.0874949108957159e-09    4.5779943002032014e-08
Overall NLP error.......:   4.0874949108957159e-09    4.5779943002032014e-08


Number of objective function evaluations             = 111
Number of objective gradient evaluations             = 111
Number of equality constraint evaluations            = 111
Number of inequality constraint evaluations          = 111
Number of equality constraint Jacobian evaluations   = 111
Number of inequality constraint Jacobian evaluations = 111
Number of Lagrangian Hessian evaluations             = 110
Total seconds in IPOPT                               = 55.762

EXIT: Optimal Solution Found.
