
******************************************************************************
This program contains Ipopt, a library for large-scale nonlinear optimization.
 Ipopt is released as open source code under the Eclipse Public License (EPL).
         For more information visit https://github.com/coin-or/Ipopt
******************************************************************************

This is Ipopt version 3.14.19, running with linear solver MUMPS 5.8.2.

Number of nonzeros in equality constraint Jacobian...:   287030
Number of nonzeros in inequality constraint Jacobian.:   160272
Number of nonzeros in Lagrangian Hessian.............:    93756

Total number of variables............................:   130044
                     variables with only lower bounds:    30264
                variables with lower and upper bounds:        0
                     variables with only upper bounds:        0
Total number of equality constraints.................:    93792
Total number of inequality constraints...............:    69516
        inequality constraints with only lower bounds:        0
   inequality constraints with lower and upper bounds:    39264
        inequality constraints with only upper bounds:    30252

iter    objective    inf_pr   inf_du lg(mu)  ||d||  lg(rg) alpha_du alpha_pr  ls
   0  3.3599966e+01 1.10e+00 5.81e+00  -1.0 0.00e+00    -  0.00e+00 0.00e+00   0
   1  1.8153585e+02 1.09e+00 8.38e+00  -1.0 7.75e+00    -  1.29e-03 1.31e-02f  1
   2  3.0031194e+02 1.07e+00 8.25e+00  -1.0 2.97e+00    -  1.84e-02 1.58e-02f  1
   3  3.8499248e+02 1.06e+00 8.16e+00  -1.0 2.88e+00    -  1.82e-02 1.20e-02f  1
   4  4.2299622e+02 1.05e+00 2.10e+01  -1.0 6.25e+00    -  1.54e-02 6.00e-03f  1
   5  4.5169944e+02 1.05e+00 1.19e+01  -1.0 1.46e+01    -  1.64e-03 3.96e-03f  1
   6  4.7001881e+02 1.05e+00 1.18e+01  -1.0 2.38e+01    -  2.42e-03 2.29e-03f  1
   7  5.4388125e+02 1.04e+00 3.69e+01  -1.0 2.15e+01    -  3.76e-03 8.76e-03f  1
   8  5.9692769e+02 1.03e+00 3.30e+01  -1.0 1.32e+01    -  8.15e-03 6.71e-03f  1
   9  6.7622858e+02 1.02e+00 5.00e+01  -1.0 1.34e+01    -  5.99e-03 1.01e-02f  1
iter    objective    inf_pr   inf_du lg(mu)  ||d||  lg(rg) alpha_du alpha_pr  ls
  10  7.9077492e+02 1.00e+00 6.93e+01  -1.0 1.42e+01    -  1.08e-02 1.45e-02f  1
  11  1.0081453e+03 9.76e-01 7.18e+01  -1.0 1.26e+01    -  2.32e-02 2.80e-02f  1
  12  1.2118619e+03 9.49e-01 7.27e+01  -1.0 1.04e+01    -  4.18e-02 2.71e-02f  1
  13  1.4448008e+03 9.19e-01 7.27e+01  -1.0 9.69e+00    -  4.31e-02 3.19e-02f  1
  14  1.5898028e+03 9.00e-01 6.76e+01  -1.0 5.63e+01    -  1.04e-03 2.06e-02f  1
  15  1.6885633e+03 8.87e-01 6.45e+01  -1.0 5.06e+02    -  2.40e-03 1.43e-02f  1
  16  1.7954938e+03 8.73e-01 6.20e+01  -1.0 4.40e+02  -2.0 6.52e-03 1.58e-02f  1
  17  1.8134523e+03 8.71e-01 6.22e+01  -1.0 2.17e+03  -2.5 2.38e-03 2.69e-03f  1
  18  1.8845337e+03 8.62e-01 7.43e+01  -1.0 5.92e+02  -2.1 5.05e-03 1.07e-02f  1
  19  1.8872161e+03 8.61e-01 7.45e+01  -1.0 1.43e+04  -2.5 3.07e-04 4.18e-04f  1
iter    objective    inf_pr   inf_du lg(mu)  ||d||  lg(rg) alpha_du alpha_pr  ls
  20  1.9179218e+03 8.57e-01 8.27e+01  -1.0 9.88e+02  -2.1 1.09e-03 4.68e-03f  1
  21  2.0083172e+03 8.45e-01 7.75e+01  -1.0 2.01e+02  -1.7 1.55e-02 1.38e-02f  1
  22  2.0246113e+03 8.43e-01 8.14e+01  -1.0 6.25e+03  -2.2 9.47e-04 2.49e-03f  1
  23  2.0720270e+03 8.37e-01 6.70e+01  -1.0 2.93e+02  -1.7 1.22e-02 7.39e-03f  1
  24  2.1250398e+03 8.30e-01 6.34e+01  -1.0 6.20e+01  -1.3 9.28e-03 8.34e-03f  1
  25  2.2277893e+03 8.17e-01 8.47e+01  -1.0 4.50e+02  -1.8 6.48e-03 1.62e-02f  1
  26  2.2998296e+03 8.07e-01 7.10e+01  -1.0 1.07e+02  -1.4 1.65e-02 1.16e-02f  1
  27  2.3967266e+03 7.94e-01 7.76e+01  -1.0 5.88e+02  -1.8 1.05e-02 1.57e-02f  1
  28  2.5143610e+03 7.79e-01 8.64e+01  -1.0 1.05e+02  -1.4 1.46e-02 1.94e-02f  1
  29  2.6715617e+03 7.58e-01 9.90e+01  -1.0 6.27e+02  -1.9 1.34e-02 2.64e-02f  1
iter    objective    inf_pr   inf_du lg(mu)  ||d||  lg(rg) alpha_du alpha_pr  ls
  30  2.8221828e+03 7.39e-01 1.10e+02  -1.0 9.68e+01  -1.5 1.91e-02 2.61e-02f  1
  31  3.1101202e+03 7.01e-01 1.66e+02  -1.0 5.09e+02  -1.9 1.81e-02 5.13e-02f  1
  32  3.1664629e+03 6.93e-01 1.36e+02  -1.0 9.48e+01  -1.5 2.05e-02 1.06e-02f  1
  33  3.5091455e+03 6.48e-01 1.82e+02  -1.0 3.24e+02  -2.0 1.57e-02 6.52e-02f  1
  34  3.5129981e+03 6.48e-01 1.82e+02  -1.0 7.19e+03  -2.5 1.49e-03 6.97e-04f  1
  35  3.6289376e+03 6.32e-01 1.68e+02  -1.0 1.39e+02  -2.0 3.49e-02 2.37e-02f  1
  36  3.8326958e+03 6.05e-01 1.70e+02  -1.0 9.69e+01  -1.6 3.72e-02 4.29e-02f  1
  37  3.9934170e+03 5.84e-01 1.69e+02  -1.0 1.25e+02  -2.1 2.38e-02 3.52e-02f  1
  38  4.0162797e+03 5.81e-01 1.69e+02  -1.0 7.46e+02  -2.6 1.09e-02 4.94e-03f  1
  39  4.2360061e+03 5.52e-01 1.69e+02  -1.0 1.12e+02  -2.1 1.75e-02 5.03e-02f  1
iter    objective    inf_pr   inf_du lg(mu)  ||d||  lg(rg) alpha_du alpha_pr  ls
  40  4.2571256e+03 5.49e-01 1.69e+02  -1.0 3.96e+02  -2.6 1.16e-02 4.99e-03f  1
  41  4.4988052e+03 5.16e-01 1.60e+02  -1.0 1.43e+02  -2.2 5.28e-02 5.96e-02f  1
  42  4.5714666e+03 5.06e-01 1.56e+02  -1.0 6.16e+02  -2.7 1.46e-02 1.90e-02f  1
  43  4.7785426e+03 4.78e-01 1.51e+02  -1.0 1.33e+02  -2.2 4.17e-02 5.59e-02f  1
  44  4.8461477e+03 4.69e-01 1.49e+02  -1.0 4.26e+02  -2.7 3.70e-02 1.94e-02f  1
  45  4.9797396e+03 4.50e-01 1.44e+02  -1.0 1.52e+02  -2.3 4.25e-02 3.92e-02f  1
  46  5.1367375e+03 4.29e-01 1.38e+02  -1.0 3.44e+02  -2.8 5.18e-02 4.82e-02f  1
  47  5.1553553e+03 4.26e-01 1.39e+02  -1.0 2.47e+03  -3.2 1.21e-02 6.06e-03f  1
  48  5.2190413e+03 4.17e-01 1.53e+02  -1.0 2.42e+02  -2.8 6.39e-02 2.05e-02f  1
  49  5.2418264e+03 4.14e-01 1.50e+02  -1.0 1.86e+03  -3.3 7.36e-03 7.52e-03f  1
iter    objective    inf_pr   inf_du lg(mu)  ||d||  lg(rg) alpha_du alpha_pr  ls
  50  5.4068108e+03 3.92e-01 1.28e+02  -1.0 2.31e+02  -2.9 1.79e-02 5.47e-02f  1
  51  5.4099121e+03 3.91e-01 1.28e+02  -1.0 1.25e+04  -3.3 6.68e-04 1.06e-03f  1
  52  5.4951080e+03 3.80e-01 1.23e+02  -1.0 3.73e+02  -2.9 2.55e-02 3.00e-02f  1
  53  5.4967911e+03 3.79e-01 1.26e+02  -1.0 3.87e+03  -3.4 9.84e-03 6.15e-04f  1
  54  5.6219661e+03 3.62e-01 1.10e+02  -1.0 3.81e+02  -3.0 9.35e-03 4.54e-02f  1
  55  5.6649939e+03 3.56e-01 1.07e+02  -1.0 1.62e+03  -3.4 1.38e-02 1.65e-02f  1
  56  5.8060299e+03 3.37e-01 1.00e+02  -1.0 3.68e+02  -3.0 4.91e-02 5.40e-02f  1
  57  5.8293867e+03 3.34e-01 1.62e+02  -1.0 1.00e+03  -3.5 4.26e-02 9.37e-03f  1
  58  5.9580026e+03 3.16e-01 1.49e+02  -1.0 3.78e+02  -3.1 3.50e-02 5.21e-02f  1
  59  6.0402280e+03 3.05e-01 1.08e+02  -1.0 8.29e+02  -3.6 1.84e-02 3.53e-02f  1
iter    objective    inf_pr   inf_du lg(mu)  ||d||  lg(rg) alpha_du alpha_pr  ls
  60  6.0780848e+03 3.00e-01 1.01e+02  -1.0 3.35e+02  -3.1 3.71e-02 1.67e-02f  1
  61  6.2147680e+03 2.82e-01 1.25e+02  -1.0 8.76e+02  -3.6 1.15e-02 6.05e-02f  1
  62  6.2209248e+03 2.81e-01 5.22e+02  -1.0 3.41e+02  -3.2 6.39e-02 2.89e-03f  1
  63  6.2660198e+03 2.75e-01 3.80e+02  -1.0 7.57e+02  -3.7 1.42e-02 2.05e-02f  1
  64  6.2742733e+03 2.74e-01 6.92e+02  -1.0 4.52e+02  -3.2 2.22e-02 4.03e-03f  1
  65  6.2989634e+03 2.71e-01 5.84e+02  -1.0 9.40e+02  -3.7 5.50e-03 1.21e-02f  1
  66  6.3219477e+03 2.68e-01 5.17e+02  -1.0 5.39e+02  -3.3 9.29e-03 1.20e-02f  1
  67  6.3653741e+03 2.62e-01 3.77e+02  -1.0 1.04e+03  -3.8 1.50e-02 2.22e-02f  1
  68  6.3877268e+03 2.59e-01 4.27e+02  -1.0 5.22e+02  -3.3 1.43e-02 1.16e-02f  1
  69  6.4218136e+03 2.54e-01 3.25e+02  -1.0 1.10e+03  -3.8 1.28e-02 1.72e-02f  1
iter    objective    inf_pr   inf_du lg(mu)  ||d||  lg(rg) alpha_du alpha_pr  ls
  70  6.4359729e+03 2.52e-01 4.09e+02  -1.0 6.54e+02  -3.4 9.53e-03 7.40e-03f  1
  71  6.4690534e+03 2.48e-01 3.52e+02  -1.0 1.20e+03  -3.9 1.22e-02 1.78e-02f  1
  72  6.4801183e+03 2.46e-01 3.76e+02  -1.0 7.40e+02  -3.4 9.20e-03 6.01e-03f  1
  73  6.5089502e+03 2.43e-01 4.30e+02  -1.0 1.33e+03  -3.9 9.68e-03 1.53e-02f  1
  74  6.5241332e+03 2.40e-01 6.17e+02  -1.0 7.84e+02  -3.5 2.13e-02 8.65e-03f  1
  75  6.5734979e+03 2.34e-01 4.43e+02  -1.0 1.51e+03  -4.0 6.61e-03 2.63e-02f  1
  76  6.5860054e+03 2.32e-01 2.90e+02  -1.0 7.55e+02  -3.5 1.21e-02 7.11e-03f  1
  77  6.6084224e+03 2.29e-01 2.90e+02  -1.0 1.41e+03  -4.0 1.18e-02 1.32e-02f  1
  78  6.6369225e+03 2.26e-01 7.20e+02  -1.0 9.81e+02  -3.6 5.30e-03 1.68e-02f  1
  79  6.6544256e+03 2.23e-01 4.31e+02  -1.0 1.64e+03  -4.1 1.84e-02 1.10e-02f  1
iter    objective    inf_pr   inf_du lg(mu)  ||d||  lg(rg) alpha_du alpha_pr  ls
  80  6.6616978e+03 2.22e-01 2.63e+02  -1.0 1.13e+03  -3.6 8.26e-03 4.52e-03f  1
  81  6.6911972e+03 2.18e-01 5.78e+02  -1.0 1.65e+03  -4.1 1.24e-02 1.92e-02f  1
  82  6.7059639e+03 2.16e-01 6.48e+02  -1.0 1.15e+03  -3.7 5.38e-03 9.37e-03f  1
  83  6.7237201e+03 2.13e-01 4.72e+02  -1.0 1.59e+03  -4.2 1.93e-02 1.15e-02f  1
  84  6.7537388e+03 2.09e-01 7.88e+02  -1.0 1.10e+03  -3.7 9.35e-03 1.93e-02f  1
  85  6.7711563e+03 2.07e-01 5.67e+02  -1.0 1.76e+03  -4.2 2.42e-02 1.17e-02f  1
  86  6.8063240e+03 2.02e-01 7.65e+02  -1.0 1.00e+03  -3.8 5.72e-03 2.29e-02f  1
  87  6.8165041e+03 2.01e-01 5.77e+02  -1.0 7.28e+02  -3.4 1.98e-02 6.96e-03f  1
  88  6.8474139e+03 1.97e-01 6.12e+02  -1.0 1.21e+03  -3.8 1.51e-02 2.03e-02f  1
  89  6.8864932e+03 1.91e-01 7.30e+02  -1.0 8.15e+02  -3.4 1.73e-02 2.69e-02f  1
iter    objective    inf_pr   inf_du lg(mu)  ||d||  lg(rg) alpha_du alpha_pr  ls
  90  6.9086286e+03 1.88e-01 7.98e+02  -1.0 1.22e+03  -3.9 1.13e-02 1.51e-02f  1
  91  6.9260600e+03 1.86e-01 5.15e+02  -1.0 9.93e+02  -3.5 2.08e-02 1.24e-02f  1
  92  6.9656548e+03 1.81e-01 1.17e+03  -1.0 2.37e+03  -3.9 1.14e-02 2.77e-02f  1
  93  6.9846500e+03 1.78e-01 1.12e+03  -1.0 9.42e+02  -3.5 1.64e-02 1.37e-02f  1
  94  7.0092813e+03 1.75e-01 9.87e+02  -1.0 2.08e+03  -4.0 2.99e-02 1.73e-02f  1
  95  7.0364888e+03 1.72e-01 1.01e+03  -1.0 9.34e+02  -3.6 1.87e-02 2.05e-02f  1
  96  7.0556506e+03 1.69e-01 1.14e+03  -1.0 2.13e+03  -4.0 1.08e-02 1.48e-02f  1
  97  7.0860640e+03 1.65e-01 1.30e+03  -1.0 9.74e+02  -3.6 1.41e-02 2.37e-02f  1
  98  7.0979837e+03 1.64e-01 8.50e+02  -1.0 2.61e+03  -4.1 2.55e-02 9.53e-03f  1
  99  7.1774777e+03 1.53e-01 2.37e+03  -1.0 9.96e+02  -3.7 1.47e-02 6.22e-02f  1
iter    objective    inf_pr   inf_du lg(mu)  ||d||  lg(rg) alpha_du alpha_pr  ls
 100  7.1976213e+03 1.51e-01 2.25e+03  -1.0 3.08e+03  -4.1 2.19e-02 1.69e-02f  1
 101  7.2301625e+03 1.47e-01 2.06e+03  -1.0 9.69e+02  -3.7 3.16e-02 2.66e-02f  1
 102  7.2542523e+03 1.44e-01 2.11e+03  -1.0 3.49e+03  -4.2 1.54e-02 2.06e-02f  1
 103  7.2734243e+03 1.41e-01 1.59e+03  -1.0 1.01e+03  -3.8 2.95e-02 1.61e-02f  1
 104  7.2938883e+03 1.39e-01 1.51e+03  -1.0 2.53e+03  -4.3 1.93e-02 1.79e-02f  1
 105  7.3006519e+03 1.38e-01 2.07e+03  -1.0 1.06e+03  -3.8 2.21e-02 5.75e-03f  1
 106  7.3068347e+03 1.37e-01 2.00e+03  -1.0 1.62e+03  -4.3 4.76e-03 5.10e-03f  1
 107  7.3179046e+03 1.36e-01 8.30e+02  -1.0 1.20e+03  -3.9 2.16e-03 8.77e-03f  1
 108  7.3220192e+03 1.36e-01 2.30e+03  -1.0 1.74e+03  -4.4 1.00e-02 3.26e-03f  1
 109  7.3335976e+03 1.35e-01 8.15e+02  -1.0 1.67e+03  -3.9 3.40e-03 9.19e-03f  1
iter    objective    inf_pr   inf_du lg(mu)  ||d||  lg(rg) alpha_du alpha_pr  ls
 110  7.3697027e+03 1.31e-01 7.08e+02  -1.0 1.47e+03  -4.4 1.26e-03 2.89e-02f  1
 111  7.4531029e+03 1.22e-01 1.44e+03  -1.0 1.54e+03  -4.0 3.15e-02 6.79e-02f  1
 112  7.5228307e+03 1.14e-01 1.92e+03  -1.0 1.49e+03  -4.5 4.62e-02 6.14e-02f  1
 113  7.5366466e+03 1.13e-01 1.77e+03  -1.0 1.21e+03  -4.0 1.86e-02 1.31e-02f  1
 114  7.5374285e+03 1.13e-01 1.79e+03  -1.0 8.68e+02  -4.5 1.78e-03 9.59e-04f  1
 115  7.5801228e+03 1.07e-01 5.90e+02  -1.0 1.03e+03  -4.1 7.20e-03 5.44e-02f  1
 116  7.5956360e+03 1.04e-01 1.76e+03  -1.0 1.13e+03  -4.6 6.26e-02 2.19e-02f  1
 117  7.6567802e+03 9.57e-02 1.05e+03  -1.0 9.11e+02  -4.1 1.60e-02 8.21e-02f  1
 118  7.7540563e+03 8.23e-02 3.08e+03  -1.0 7.25e+02  -4.6 6.68e-02 1.40e-01f  1
 119  7.7637917e+03 8.11e-02 1.81e+03  -1.0 7.54e+02  -4.2 7.40e-02 1.42e-02f  1
iter    objective    inf_pr   inf_du lg(mu)  ||d||  lg(rg) alpha_du alpha_pr  ls
 120  7.8484536e+03 7.10e-02 9.12e+02  -1.0 9.26e+02  -4.7 1.60e-01 1.25e-01f  1
 121  7.8496373e+03 7.09e-02 1.01e+03  -1.0 7.51e+04  -5.1 5.42e-03 1.92e-03f  1
 122  7.8586580e+03 6.98e-02 2.97e+03  -1.0 9.22e+02  -4.7 9.54e-02 1.56e-02f  1
 123  7.9131294e+03 6.33e-02 1.44e+03  -1.0 8.28e+02  -4.3 2.39e-02 9.31e-02f  1
 124  7.9145494e+03 6.31e-02 1.32e+03  -1.0 3.55e+02  -4.8 4.96e-02 2.48e-03f  1
 125  7.9336179e+03 5.33e-01 1.27e+03  -1.0 7.49e+03  -5.2 4.12e-03 3.90e-02f  1
 126  7.9816834e+03 5.41e-02 1.30e+03  -1.0 4.59e+02  -4.8 4.64e-02 1.09e-01f  1
 127  7.9848393e+03 5.37e-02 1.71e+03  -1.0 9.09e+02  -5.3 3.15e-02 6.88e-03f  1
 128  8.0136402e+03 5.13e-02 1.81e+03  -1.0 3.91e+02  -4.9 8.10e-03 6.21e-02f  1
 129  8.0459380e+03 5.16e-02 1.76e+03  -1.0 1.51e+03  -5.3 6.59e-02 7.70e-02f  1
iter    objective    inf_pr   inf_du lg(mu)  ||d||  lg(rg) alpha_du alpha_pr  ls
 130  8.0547685e+03 5.03e-02 1.80e+03  -1.0 3.61e+02  -4.9 3.18e-02 2.40e-02f  1
 131  8.0590331e+03 4.98e-02 2.09e+03  -1.0 6.17e+02  -5.4 1.87e-02 1.28e-02f  1
 132  8.0604717e+03 4.96e-02 2.44e+03  -1.0 7.97e+02  -5.0 2.44e-02 4.30e-03f  1
 133  8.0673131e+03 4.92e-02 1.78e+03  -1.0 8.71e+02  -5.4 1.32e-02 1.98e-02f  1
 134  8.0687694e+03 4.92e-02 3.61e+03  -1.0 3.77e+02  -5.0 1.88e-02 5.28e-03f  1
 135  8.1202142e+03 4.62e-02 8.11e+03  -1.0 1.21e+03  -5.5 2.48e-03 1.79e-01f  1
 136  8.1391737e+03 4.20e-02 7.86e+03  -1.0 1.33e+03  -5.1 1.15e-01 8.26e-02f  1
 137  8.2011294e+03 6.02e-02 2.65e+03  -1.0 1.23e+03  -5.5 1.13e-01 2.92e-01f  1
 138  8.2125609e+03 5.59e-02 3.00e+03  -1.0 1.22e+03  -6.0 8.94e-02 5.73e-02f  1
 139  8.2586275e+03 4.07e-02 1.26e+03  -1.0 1.03e+03  -5.6 1.16e-01 2.42e-01f  1
iter    objective    inf_pr   inf_du lg(mu)  ||d||  lg(rg) alpha_du alpha_pr  ls
 140  8.3021587e+03 2.45e-02 3.63e+03  -1.0 6.99e+02  -6.1 1.32e-01 3.29e-01f  1
 141  8.3422014e+03 4.41e-02 5.39e+03  -1.0 1.59e+03  -6.6 2.24e-01 4.78e-01f  1
 142  8.3698947e+03 1.87e-02 4.55e+03  -1.0 2.14e+03    -  2.80e-01 4.13e-01f  1
 143  8.3772011e+03 9.10e-03 3.24e+03  -1.0 2.85e+03    -  2.33e-01 1.38e-01f  1
 144  8.4085262e+03 1.09e-03 3.35e+03  -1.0 3.75e+03    -  2.13e-01 6.29e-01f  1
 145  8.4278937e+03 1.26e-04 4.29e+03  -1.0 3.65e+03    -  1.43e-01 8.84e-01f  1
 146  8.4359747e+03 6.65e-05 3.80e+03  -1.0 3.02e+03    -  1.54e-01 4.74e-01f  1
 147  8.4385437e+03 5.49e-05 2.60e+03  -1.0 3.43e+03    -  3.03e-01 1.75e-01f  1
 148  8.4482845e+03 2.84e-05 2.18e+03  -1.0 4.54e+03    -  2.80e-01 4.83e-01f  1
 149  8.4520249e+03 1.99e-05 3.02e+03  -1.0 5.78e+03    -  2.23e-01 2.99e-01f  1
iter    objective    inf_pr   inf_du lg(mu)  ||d||  lg(rg) alpha_du alpha_pr  ls
 150  8.4536739e+03 1.04e-05 9.45e+03  -1.0 6.92e+03    -  1.96e-01 4.79e-01f  1
 151  8.4549404e+03 6.84e-06 1.13e+04  -1.0 8.09e+03    -  2.45e-01 3.40e-01f  1
 152  8.4566433e+03 5.21e-06 1.90e+04  -1.0 9.98e+03    -  1.08e-01 2.37e-01f  1
 153  8.4592100e+03 2.81e-06 4.75e+04  -1.0 1.07e+04    -  1.06e-01 4.60e-01f  1
 154  8.4619032e+03 2.03e-06 2.14e+04  -1.0 1.10e+04    -  3.44e-01 2.77e-01f  1
 155  8.4691358e+03 3.38e-07 1.78e+05  -1.0 1.49e+04    -  1.71e-01 8.34e-01f  1
 156  8.4729509e+03 4.74e-08 5.09e+05  -1.0 1.38e+04    -  5.07e-01 8.60e-01f  1
 157  8.4758816e+03 2.67e-10 2.34e+06  -1.0 1.72e+04    -  4.95e-01 1.00e+00f  1
 158  8.4776070e+03 1.20e-10 2.13e+06  -1.0 1.80e+04    -  5.80e-01 9.01e-01f  1
 159  8.4792092e+03 1.54e-10 9.19e+05  -1.0 1.94e+04    -  6.50e-01 1.00e+00f  1
iter    objective    inf_pr   inf_du lg(mu)  ||d||  lg(rg) alpha_du alpha_pr  ls
 160  8.4805768e+03 4.26e-15 1.50e+05  -1.0 1.79e+04    -  8.73e-01 1.00e+00f  1
 161  8.4815759e+03 2.29e-14 6.70e+04  -1.0 3.86e+04    -  5.70e-01 6.97e-01f  1
 162  8.4826019e+03 1.81e-14 2.73e+04  -1.0 3.49e+04    -  6.27e-01 1.00e+00h  1
 163  8.4828830e+03 2.19e-14 9.07e+03  -1.0 2.95e+04    -  6.67e-01 1.00e+00h  1
 164  8.4829432e+03 3.77e-15 8.60e+02  -1.0 2.37e+04    -  9.05e-01 1.00e+00h  1
 165  8.4829532e+03 4.44e-16 4.20e-02  -1.0 1.86e+04    -  1.00e+00 1.00e+00h  1
 166  8.4829535e+03 4.44e-16 6.16e-04  -1.0 1.41e+03    -  1.00e+00 1.00e+00h  1
 167  8.3176693e+03 4.62e-09 3.91e+06  -2.5 5.22e+03    -  4.95e-01 9.38e-01f  1
 168  8.2582803e+03 2.86e-09 2.95e+06  -2.5 5.97e+03    -  2.62e-01 3.81e-01f  1
 169  8.2226953e+03 1.64e-09 1.21e+06  -2.5 3.30e+03    -  5.66e-01 2.88e-01f  1
iter    objective    inf_pr   inf_du lg(mu)  ||d||  lg(rg) alpha_du alpha_pr  ls
 170  8.1343628e+03 6.16e-10 1.46e+05  -2.5 3.45e+03    -  8.66e-01 6.25e-01f  1
 171  8.0457458e+03 5.88e-11 9.05e+03  -2.5 4.19e+03    -  1.00e+00 9.05e-01f  1
 172  8.0432708e+03 5.92e-16 4.22e-05  -2.5 1.11e+03    -  1.00e+00 1.00e+00h  1
 173  8.0431542e+03 5.51e-16 7.11e-08  -2.5 7.99e+01    -  1.00e+00 1.00e+00h  1
 174  8.0136867e+03 1.09e-15 1.36e+04  -3.8 2.57e+03    -  9.14e-01 9.70e-01f  1
 175  8.0118173e+03 4.44e-16 1.12e+03  -3.8 1.23e+03    -  1.00e+00 8.46e-01h  1
 176  8.0116535e+03 2.07e-15 3.21e-07  -3.8 1.55e+02    -  1.00e+00 1.00e+00h  1
 177  8.0116525e+03 4.44e-16 1.51e-09  -3.8 3.28e+00    -  1.00e+00 1.00e+00h  1
 178  8.0099350e+03 3.31e-15 4.29e+02  -5.7 1.73e+02    -  1.00e+00 9.68e-01f  1
 179  8.0098803e+03 6.13e-16 4.30e-09  -5.7 1.92e-02  -7.0 1.00e+00 1.00e+00h  1
iter    objective    inf_pr   inf_du lg(mu)  ||d||  lg(rg) alpha_du alpha_pr  ls
 180  8.0098583e+03 7.56e-16 6.74e-10  -8.6 1.24e-02  -7.5 1.00e+00 1.00e+00h  1

Number of Iterations....: 180

                                   (scaled)                 (unscaled)
Objective...............:   2.0085979735203905e+03    8.0098583366279809e+03
Dual infeasibility......:   6.7358669538718650e-10    2.6861194119560715e-09
Constraint violation....:   7.5579733443964514e-16    7.5579733443964514e-16
Variable bound violation:   0.0000000000000000e+00    0.0000000000000000e+00
Complementarity.........:   3.5393591188422820e-09    1.4114205788374666e-08
Overall NLP error.......:   3.5393591188422820e-09    1.4114205788374666e-08


Number of objective function evaluations             = 181
Number of objective gradient evaluations             = 181
Number of equality constraint evaluations            = 181
Number of inequality constraint evaluations          = 181
Number of equality constraint Jacobian evaluations   = 181
Number of inequality constraint Jacobian evaluations = 181
Number of Lagrangian Hessian evaluations             = 180
Total seconds in IPOPT                               = 125.635

EXIT: Optimal Solution Found.
