
================================================================================
PARALLELIZATION STATUS
================================================================================
Julia threads:       16
Status:              Using 16 threads
================================================================================
RHO_OVERRIDE: using rho = 96000.0
EPS_PRI_OVERRIDE: using eps_pri = 0.001
EPS_DUAL_OVERRIDE: using eps_dual = 0.001
ADAPTIVE_RHO_OVERRIDE: adaptive_rho = true

================================================================================
PARSING SYSTEM DATA
================================================================================
Loaded system: ieee123C_1ph from C:\repos_addendum\MultiPeriodDistOPF\envs\tadmm\..\..\rawData\ieee123C_1ph\Master.dss

========================================
Initial Powerflow
========================================
Powerflow completed successfully!

[OpenDSS] Total system load: 872.27 kW
[OpenDSS] Substation power: 877.20 kW
[OpenDSS] Total PV dispatch: 0.00 kW
[OpenDSS] Total battery dispatch: 0.00 kW
[OpenDSS] Total system losses: 4.94 kW


================================================================================
[35;1mSOLVING MPOPF WITH SOCP (tADMM)[0m
================================================================================
[36;1mUsing fixed rho = 96000.0[0m
  [tADMM hyperparams] mu_balance=5.00 tau_incr=2.00 tau_decr=2.00 update_interval=5 eps_pri=1.0e-03 eps_dual=1.0e-03 rho_init=96000.0 adaptive=true

================================================================================
[36;1m🎯 tADMM[SOCP]: T=144, ρ_init=96000.0, adaptive=true, warm_start=true, |Bset|=51, |Nset|=128, |Lset|=127
[0m================================================================================

******************************************************************************
This program contains Ipopt, a library for large-scale nonlinear optimization.
 Ipopt is released as open source code under the Eclipse Public License (EPL).
         For more information visit https://github.com/coin-or/Ipopt
******************************************************************************


******************************************************************************
This program contains Ipopt, a library for large-scale nonlinear optimization.
 Ipopt is released as open source code under the Eclipse Public License (EPL).
         For more information visit https://github.com/coin-or/Ipopt
******************************************************************************

k=  1  obj=$1346.16  ‖r‖=8.34e-04  ‖s‖=4.07e+00  ρ=96000.0  sp_max=12.990s  sp_med=7.031s
k=  2  obj=$1864.10  ‖r‖=5.70e-04  ‖s‖=4.97e+00  ρ=96000.0  sp_max=11.972s  sp_med=3.842s
k=  3  obj=$2660.52  ‖r‖=2.53e-04  ‖s‖=5.16e+00  ρ=96000.0  sp_max=6.364s  sp_med=2.510s
k=  4  obj=$2949.03  ‖r‖=8.67e-05  ‖s‖=3.71e+00  ρ=96000.0  sp_max=5.963s  sp_med=1.954s
[32;1m  [k=  5] Phase 1→2: primal converged
[0m[36;1m  [k=  5] ρ 96000.0 → 48000.0 (s/r=850211.5, ‖r‖ converged)
[0mk=  5  obj=$3011.00  ‖r‖=3.85e-06  ‖s‖=3.28e+00  ρ=48000.0  sp_max=7.184s  sp_med=1.933s
k=  6  obj=$3007.26  ‖r‖=1.98e-06  ‖s‖=3.21e+00  ρ=48000.0  sp_max=7.336s  sp_med=2.488s
k=  7  obj=$3003.94  ‖r‖=6.30e-06  ‖s‖=3.00e+00  ρ=48000.0  sp_max=6.836s  sp_med=2.506s
k=  8  obj=$3001.13  ‖r‖=6.48e-06  ‖s‖=2.74e+00  ρ=48000.0  sp_max=8.253s  sp_med=2.701s
k=  9  obj=$2998.66  ‖r‖=6.13e-06  ‖s‖=2.51e+00  ρ=48000.0  sp_max=7.913s  sp_med=2.673s
[36;1m  [k= 10] ρ 48000.0 → 24000.0 (s/r=564185.7, ‖r‖ converged)
[0mk= 10  obj=$2996.13  ‖r‖=4.26e-06  ‖s‖=2.41e+00  ρ=24000.0  sp_max=7.351s  sp_med=2.853s
      [Progress] 418.5s elapsed, 1 iters/min
k= 11  obj=$2991.72  ‖r‖=6.23e-06  ‖s‖=2.32e+00  ρ=24000.0  sp_max=6.551s  sp_med=2.517s
k= 12  obj=$2988.18  ‖r‖=6.98e-06  ‖s‖=2.21e+00  ρ=24000.0  sp_max=8.510s  sp_med=2.604s
k= 13  obj=$2985.28  ‖r‖=7.54e-06  ‖s‖=2.08e+00  ρ=24000.0  sp_max=6.542s  sp_med=2.553s
k= 14  obj=$2982.09  ‖r‖=6.45e-06  ‖s‖=2.00e+00  ρ=24000.0  sp_max=4.596s  sp_med=1.750s
[36;1m  [k= 15] ρ 24000.0 → 12000.0 (s/r=337845.2, ‖r‖ converged)
[0mk= 15  obj=$2978.94  ‖r‖=5.70e-06  ‖s‖=1.93e+00  ρ=12000.0  sp_max=5.639s  sp_med=1.808s
k= 16  obj=$2973.84  ‖r‖=1.08e-05  ‖s‖=1.83e+00  ρ=12000.0  sp_max=6.005s  sp_med=2.226s
k= 17  obj=$2969.67  ‖r‖=1.07e-05  ‖s‖=1.76e+00  ρ=12000.0  sp_max=6.227s  sp_med=2.495s
k= 18  obj=$2965.42  ‖r‖=9.27e-06  ‖s‖=1.70e+00  ρ=12000.0  sp_max=8.940s  sp_med=2.714s
k= 19  obj=$2961.54  ‖r‖=9.23e-06  ‖s‖=1.63e+00  ρ=12000.0  sp_max=7.579s  sp_med=2.190s
[36;1m  [k= 20] ρ 12000.0 → 6000.0 (s/r=169978.7, ‖r‖ converged)
[0mk= 20  obj=$2957.95  ‖r‖=9.10e-06  ‖s‖=1.55e+00  ρ=6000.0  sp_max=4.964s  sp_med=1.764s
      [Progress] 725.4s elapsed, 2 iters/min
k= 21  obj=$2951.30  ‖r‖=1.95e-05  ‖s‖=1.47e+00  ρ=6000.0  sp_max=5.708s  sp_med=2.006s
k= 22  obj=$2946.50  ‖r‖=2.61e-05  ‖s‖=1.36e+00  ρ=6000.0  sp_max=6.678s  sp_med=3.092s
k= 23  obj=$2941.09  ‖r‖=3.11e-05  ‖s‖=1.25e+00  ρ=6000.0  sp_max=11.040s  sp_med=2.652s
k= 24  obj=$2936.08  ‖r‖=3.44e-05  ‖s‖=1.13e+00  ρ=6000.0  sp_max=7.348s  sp_med=2.417s
[36;1m  [k= 25] ρ 6000.0 → 3000.0 (s/r=28165.7, ‖r‖ converged)
[0mk= 25  obj=$2930.91  ‖r‖=3.60e-05  ‖s‖=1.01e+00  ρ=3000.0  sp_max=10.161s  sp_med=2.401s
k= 26  obj=$2922.94  ‖r‖=4.87e-05  ‖s‖=9.23e-01  ρ=3000.0  sp_max=6.318s  sp_med=2.462s
k= 27  obj=$2916.86  ‖r‖=5.26e-05  ‖s‖=8.35e-01  ρ=3000.0  sp_max=6.218s  sp_med=2.495s
k= 28  obj=$2911.13  ‖r‖=5.35e-05  ‖s‖=7.67e-01  ρ=3000.0  sp_max=5.550s  sp_med=2.398s
k= 29  obj=$2906.01  ‖r‖=5.30e-05  ‖s‖=7.12e-01  ρ=3000.0  sp_max=7.896s  sp_med=2.482s
[36;1m  [k= 30] ρ 3000.0 → 1500.0 (s/r=12772.2, ‖r‖ converged)
[0mk= 30  obj=$2900.29  ‖r‖=5.32e-05  ‖s‖=6.79e-01  ρ=1500.0  sp_max=8.889s  sp_med=2.468s
      [Progress] 1059.3s elapsed, 2 iters/min
k= 31  obj=$2890.82  ‖r‖=5.63e-05  ‖s‖=6.44e-01  ρ=1500.0  sp_max=6.153s  sp_med=2.521s
k= 32  obj=$2882.31  ‖r‖=5.25e-05  ‖s‖=6.14e-01  ρ=1500.0  sp_max=8.027s  sp_med=2.485s
k= 33  obj=$2873.48  ‖r‖=5.10e-05  ‖s‖=5.91e-01  ρ=1500.0  sp_max=5.831s  sp_med=2.553s
k= 34  obj=$2866.32  ‖r‖=5.03e-05  ‖s‖=5.77e-01  ρ=1500.0  sp_max=7.087s  sp_med=2.212s
[36;1m  [k= 35] ρ 1500.0 → 750.0 (s/r=11024.4, ‖r‖ converged)
[0mk= 35  obj=$2858.33  ‖r‖=5.14e-05  ‖s‖=5.67e-01  ρ=750.0  sp_max=4.340s  sp_med=1.901s
k= 36  obj=$2845.80  ‖r‖=5.55e-05  ‖s‖=5.58e-01  ρ=750.0  sp_max=6.402s  sp_med=2.053s
k= 37  obj=$2831.95  ‖r‖=6.05e-05  ‖s‖=5.50e-01  ρ=750.0  sp_max=4.642s  sp_med=1.979s
k= 38  obj=$2821.05  ‖r‖=6.16e-05  ‖s‖=5.33e-01  ρ=750.0  sp_max=5.258s  sp_med=2.192s
k= 39  obj=$2810.53  ‖r‖=6.17e-05  ‖s‖=5.10e-01  ρ=750.0  sp_max=5.301s  sp_med=2.121s
[36;1m  [k= 40] ρ 750.0 → 375.0 (s/r=7913.8, ‖r‖ converged)
[0mk= 40  obj=$2801.09  ‖r‖=6.13e-05  ‖s‖=4.85e-01  ρ=375.0  sp_max=6.790s  sp_med=3.171s
      [Progress] 1359.9s elapsed, 2 iters/min
k= 41  obj=$2787.32  ‖r‖=6.92e-05  ‖s‖=4.43e-01  ρ=375.0  sp_max=11.023s  sp_med=4.126s
k= 42  obj=$2775.82  ‖r‖=7.23e-05  ‖s‖=3.84e-01  ρ=375.0  sp_max=10.305s  sp_med=3.715s
k= 43  obj=$2771.14  ‖r‖=7.33e-05  ‖s‖=3.15e-01  ρ=375.0  sp_max=6.870s  sp_med=3.832s
k= 44  obj=$2770.59  ‖r‖=7.58e-05  ‖s‖=2.53e-01  ρ=375.0  sp_max=12.261s  sp_med=4.388s
[36;1m  [k= 45] ρ 375.0 → 187.5 (s/r=2830.0, ‖r‖ converged)
[0mk= 45  obj=$2770.91  ‖r‖=7.61e-05  ‖s‖=2.15e-01  ρ=187.5  sp_max=12.411s  sp_med=4.332s
k= 46  obj=$2775.23  ‖r‖=7.61e-05  ‖s‖=1.72e-01  ρ=187.5  sp_max=14.615s  sp_med=4.905s
k= 47  obj=$2780.68  ‖r‖=7.37e-05  ‖s‖=1.37e-01  ρ=187.5  sp_max=12.342s  sp_med=5.043s
k= 48  obj=$2782.16  ‖r‖=6.60e-05  ‖s‖=1.13e-01  ρ=187.5  sp_max=12.182s  sp_med=4.844s
k= 49  obj=$2793.14  ‖r‖=6.32e-05  ‖s‖=9.48e-02  ρ=187.5  sp_max=11.579s  sp_med=5.081s
[36;1m  [k= 50] ρ 187.5 → 93.8 (s/r=1119.3, ‖r‖ converged)
[0mk= 50  obj=$2798.52  ‖r‖=7.07e-05  ‖s‖=7.92e-02  ρ=93.8  sp_max=11.207s  sp_med=5.494s
      [Progress] 1862.5s elapsed, 2 iters/min
k= 51  obj=$2812.98  ‖r‖=9.50e-05  ‖s‖=6.34e-02  ρ=93.8  sp_max=10.018s  sp_med=5.058s
k= 52  obj=$2825.79  ‖r‖=1.06e-04  ‖s‖=4.84e-02  ρ=93.8  sp_max=9.043s  sp_med=4.872s
k= 53  obj=$2833.51  ‖r‖=1.13e-04  ‖s‖=3.60e-02  ρ=93.8  sp_max=8.613s  sp_med=4.892s
k= 54  obj=$2839.19  ‖r‖=1.19e-04  ‖s‖=2.61e-02  ρ=93.8  sp_max=8.288s  sp_med=4.723s
[36;1m  [k= 55] ρ 93.8 → 46.9 (s/r=152.9, ‖r‖ converged)
[0mk= 55  obj=$2842.55  ‖r‖=1.20e-04  ‖s‖=1.84e-02  ρ=46.9  sp_max=8.902s  sp_med=4.339s
k= 56  obj=$2844.50  ‖r‖=1.35e-04  ‖s‖=1.45e-02  ρ=46.9  sp_max=10.958s  sp_med=4.715s
k= 57  obj=$2844.75  ‖r‖=1.50e-04  ‖s‖=1.08e-02  ρ=46.9  sp_max=8.702s  sp_med=4.433s
k= 58  obj=$2841.91  ‖r‖=1.55e-04  ‖s‖=8.19e-03  ρ=46.9  sp_max=7.427s  sp_med=4.332s
k= 59  obj=$2838.94  ‖r‖=1.54e-04  ‖s‖=7.66e-03  ρ=46.9  sp_max=7.841s  sp_med=4.407s
[36;1m  [k= 60] ρ 46.9 → 23.4 (s/r=59.5, ‖r‖ converged)
[0mk= 60  obj=$2835.09  ‖r‖=1.50e-04  ‖s‖=8.93e-03  ρ=23.4  sp_max=7.512s  sp_med=4.356s
      [Progress] 2329.1s elapsed, 2 iters/min
k= 61  obj=$2831.68  ‖r‖=1.47e-04  ‖s‖=8.99e-03  ρ=23.4  sp_max=7.392s  sp_med=4.109s
k= 62  obj=$2833.58  ‖r‖=1.49e-04  ‖s‖=8.87e-03  ρ=23.4  sp_max=6.922s  sp_med=4.141s
k= 63  obj=$2831.22  ‖r‖=1.44e-04  ‖s‖=8.75e-03  ρ=23.4  sp_max=10.960s  sp_med=4.090s
k= 64  obj=$2829.77  ‖r‖=1.30e-04  ‖s‖=8.56e-03  ρ=23.4  sp_max=8.183s  sp_med=3.985s
[36;1m  [k= 65] ρ 23.4 → 11.7 (s/r=60.1, ‖r‖ converged)
[0mk= 65  obj=$2832.81  ‖r‖=1.35e-04  ‖s‖=8.11e-03  ρ=11.7  sp_max=8.986s  sp_med=4.051s
k= 66  obj=$2834.60  ‖r‖=1.45e-04  ‖s‖=7.46e-03  ρ=11.7  sp_max=8.664s  sp_med=4.195s
k= 67  obj=$2835.22  ‖r‖=1.60e-04  ‖s‖=6.45e-03  ρ=11.7  sp_max=7.335s  sp_med=4.254s
k= 68  obj=$2836.29  ‖r‖=1.67e-04  ‖s‖=5.05e-03  ρ=11.7  sp_max=7.282s  sp_med=4.028s
k= 69  obj=$2837.15  ‖r‖=1.77e-04  ‖s‖=3.81e-03  ρ=11.7  sp_max=10.357s  sp_med=4.749s
[36;1m  [k= 70] ρ 11.7 → 5.9 (s/r=14.0, ‖r‖ converged)
[0mk= 70  obj=$2838.83  ‖r‖=1.95e-04  ‖s‖=2.74e-03  ρ=5.9  sp_max=9.232s  sp_med=4.405s
      [Progress] 2752.8s elapsed, 2 iters/min
k= 71  obj=$2840.88  ‖r‖=2.39e-04  ‖s‖=2.00e-03  ρ=5.9  sp_max=7.599s  sp_med=4.238s
k= 72  obj=$2843.00  ‖r‖=2.52e-04  ‖s‖=1.17e-03  ρ=5.9  sp_max=10.217s  sp_med=4.500s
k= 73  obj=$2843.91  ‖r‖=1.84e-04  ‖s‖=1.01e-03  ρ=5.9  sp_max=7.928s  sp_med=3.912s
k= 74  obj=$2845.08  ‖r‖=1.89e-04  ‖s‖=1.05e-03  ρ=5.9  sp_max=7.581s  sp_med=3.419s
[36;1m  [k= 75] ρ 5.9 → 2.9 (s/r=6.2, ‖r‖ converged)
[0mk= 75  obj=$2843.15  ‖r‖=1.94e-04  ‖s‖=1.20e-03  ρ=2.9  sp_max=9.108s  sp_med=3.611s
k= 76  obj=$2843.08  ‖r‖=2.01e-04  ‖s‖=1.18e-03  ρ=2.9  sp_max=8.540s  sp_med=3.663s
k= 77  obj=$2843.00  ‖r‖=1.89e-04  ‖s‖=1.15e-03  ρ=2.9  sp_max=6.056s  sp_med=3.714s
k= 78  obj=$2844.60  ‖r‖=1.76e-04  ‖s‖=1.08e-03  ρ=2.9  sp_max=8.111s  sp_med=3.590s
k= 79  obj=$2846.14  ‖r‖=1.57e-04  ‖s‖=9.94e-04  ρ=2.9  sp_max=6.433s  sp_med=3.482s
[32;1m🎉 tADMM converged at iteration 79 (‖r‖=1.57e-04 ≤ 1.00e-03, ‖s‖=9.94e-04 ≤ 1.00e-03)
  Final objective: $2846.14
[0m
================================================================================
[36;1m📊 SOLVER PERFORMANCE ANALYSIS (optimize!() times only)[0m
================================================================================
Iterations:       78
Effective time:   642.34 seconds
Wall-clock time:  3103.84 seconds
Overhead:         79.3%
================================================================================

--- tADMM RESULT ---
[32;1mObjective: $2846.14
Wall-clock: 3103.84 seconds
Effective:  642.34 seconds (79 iterations)
[0m
================================================================================
[36;1mVALIDATING tADMM SOLUTION[0m
================================================================================

================================================================================
SOLUTION VALIDATION: tADMM SOCP
================================================================================
✓ All constraints satisfied!
================================================================================
[32;1m✓ Convergence CSV: C:\repos_addendum\MultiPeriodDistOPF\envs\tadmm\processedData\ieee123C_1ph_T144\convergence_data.csv[0m
[32;1m✓ Subproblem timing CSV: C:\repos_addendum\MultiPeriodDistOPF\envs\tadmm\processedData\ieee123C_1ph_T144\subproblem_timing_details.csv[0m
[36;1mLoaded BF results from C:\repos_addendum\MultiPeriodDistOPF\envs\tadmm\processedData\ieee123C_1ph_T144\results_socp_bf.txt[0m
[36;1mNear-optimal at k=38 (271.26s eff): obj=$2821.05, gap=0.363% vs BF, r=6.16e-05, s=5.33e-01[0m
[32;1m✓ Near-optimal summary: C:\repos_addendum\MultiPeriodDistOPF\envs\tadmm\processedData\ieee123C_1ph_T144\near_optimal_summary.csv[0m
[32;1m✓ Solution saved: C:\repos_addendum\MultiPeriodDistOPF\envs\tadmm\processedData\ieee123C_1ph_T144\sol_socp_tadmm.jls[0m
[32;1m✓ tADMM results written to C:\repos_addendum\MultiPeriodDistOPF\envs\tadmm\processedData\ieee123C_1ph_T144\results_socp_tadmm.txt[0m
[32;1m✓ Live log trimmed to last 100 lines: C:\repos_addendum\MultiPeriodDistOPF\envs\tadmm\processedData\ieee123C_1ph_T144\tadmm_run.log[0m

================================================================================
[35;1mtADMM PIPELINE COMPLETE[0m
================================================================================
