
================================================================================
PARALLELIZATION STATUS
================================================================================
Julia threads:       16
Status:              Using 16 threads
================================================================================
RHO_OVERRIDE: using rho = 15000.0
EPS_PRI_OVERRIDE: using eps_pri = 0.001
EPS_DUAL_OVERRIDE: using eps_dual = 0.001
ADAPTIVE_RHO_OVERRIDE: adaptive_rho = true

================================================================================
PARSING SYSTEM DATA
================================================================================
Loaded system: ieee2552C_1ph from C:\repos_addendum\MultiPeriodDistOPF\envs\tadmm\..\..\rawData\ieee2552C_1ph\Master.dss

========================================
Initial Powerflow
========================================
Powerflow completed successfully!

[OpenDSS] Total system load: 2129.58 kW
[OpenDSS] Substation power: 2187.53 kW
[OpenDSS] Total PV dispatch: 0.00 kW
[OpenDSS] Total battery dispatch: 0.00 kW
[OpenDSS] Total system losses: 57.95 kW


================================================================================
[35;1mSOLVING MPOPF WITH SOCP (tADMM)[0m
================================================================================
[36;1mUsing fixed rho = 15000.0[0m
  [tADMM hyperparams] mu_balance=5.00 tau_incr=2.00 tau_decr=5.00 update_interval=5 eps_pri=1.0e-03 eps_dual=1.0e-03 rho_init=15000.0 adaptive=true

================================================================================
[36;1m🎯 tADMM[SOCP]: T=48, ρ_init=15000.0, adaptive=true, warm_start=true, |Bset|=250, |Nset|=2522, |Lset|=2521
[0m================================================================================

******************************************************************************
This program contains Ipopt, a library for large-scale nonlinear optimization.
 Ipopt is released as open source code under the Eclipse Public License (EPL).
         For more information visit https://github.com/coin-or/Ipopt
******************************************************************************

k=  1  obj=$4299.55  ‖r‖=1.35e-03  ‖s‖=2.05e+00  ρ=15000.0  sp_max=52.443s  sp_med=34.365s
k=  2  obj=$4299.57  ‖r‖=1.34e-03  ‖s‖=2.40e+00  ρ=15000.0  sp_max=50.468s  sp_med=12.050s
k=  3  obj=$4299.57  ‖r‖=1.33e-03  ‖s‖=2.76e+00  ρ=15000.0  sp_max=21.679s  sp_med=9.153s
k=  4  obj=$4385.45  ‖r‖=1.29e-03  ‖s‖=3.09e+00  ρ=15000.0  sp_max=22.047s  sp_med=8.138s
[33;1m  [PHASE1-UP] ρ: 15000.0 → 30000.0 (‖r‖=1.16e-03 > ε=1.0e-03)
[0mk=  5  obj=$4790.19  ‖r‖=1.16e-03  ‖s‖=3.43e+00  ρ=30000.0  sp_max=27.170s  sp_med=8.512s
k=  6  obj=$5521.69  ‖r‖=9.61e-04  ‖s‖=4.07e+00  ρ=30000.0  sp_max=27.953s  sp_med=10.337s
k=  7  obj=$6592.68  ‖r‖=6.96e-04  ‖s‖=4.41e+00  ρ=30000.0  sp_max=22.289s  sp_med=9.427s
k=  8  obj=$7777.85  ‖r‖=3.85e-04  ‖s‖=4.51e+00  ρ=30000.0  sp_max=19.625s  sp_med=8.021s
k=  9  obj=$8351.84  ‖r‖=1.44e-04  ‖s‖=2.96e+00  ρ=30000.0  sp_max=19.327s  sp_med=8.613s
[32;1m  [k= 10] Phase 1→2: primal converged
[0m[36;1m  [k= 10] ρ 30000.0 → 6000.0 (s/r=51832.5, ‖r‖ converged)
[0mk= 10  obj=$8487.75  ‖r‖=4.50e-05  ‖s‖=2.33e+00  ρ=6000.0  sp_max=15.292s  sp_med=7.283s
      [Progress] 520.5s elapsed, 1 iters/min
k= 11  obj=$8446.41  ‖r‖=1.13e-04  ‖s‖=2.01e+00  ρ=6000.0  sp_max=14.751s  sp_med=8.549s
k= 12  obj=$8416.78  ‖r‖=1.15e-04  ‖s‖=1.90e+00  ρ=6000.0  sp_max=16.565s  sp_med=7.601s
k= 13  obj=$8389.12  ‖r‖=1.09e-04  ‖s‖=1.84e+00  ρ=6000.0  sp_max=19.817s  sp_med=8.024s
k= 14  obj=$8367.38  ‖r‖=1.14e-04  ‖s‖=1.78e+00  ρ=6000.0  sp_max=20.016s  sp_med=8.600s
[36;1m  [k= 15] ρ 6000.0 → 1200.0 (s/r=15033.0, ‖r‖ converged)
[0mk= 15  obj=$8341.46  ‖r‖=1.17e-04  ‖s‖=1.75e+00  ρ=1200.0  sp_max=23.052s  sp_med=8.137s
k= 16  obj=$8180.34  ‖r‖=2.13e-04  ‖s‖=1.69e+00  ρ=1200.0  sp_max=23.651s  sp_med=9.189s
k= 17  obj=$8122.05  ‖r‖=2.12e-04  ‖s‖=1.56e+00  ρ=1200.0  sp_max=22.536s  sp_med=9.815s
k= 18  obj=$8141.97  ‖r‖=1.44e-04  ‖s‖=1.13e+00  ρ=1200.0  sp_max=22.732s  sp_med=10.869s
k= 19  obj=$8142.92  ‖r‖=1.01e-04  ‖s‖=7.51e-01  ρ=1200.0  sp_max=26.709s  sp_med=13.799s
[36;1m  [k= 20] ρ 1200.0 → 240.0 (s/r=7052.7, ‖r‖ converged)
[0mk= 20  obj=$8138.31  ‖r‖=7.48e-05  ‖s‖=5.28e-01  ρ=240.0  sp_max=30.587s  sp_med=13.346s
      [Progress] 937.3s elapsed, 1 iters/min
k= 21  obj=$8249.10  ‖r‖=1.95e-04  ‖s‖=2.51e-01  ρ=240.0  sp_max=30.145s  sp_med=14.757s
k= 22  obj=$8372.20  ‖r‖=2.17e-04  ‖s‖=9.12e-02  ρ=240.0  sp_max=22.330s  sp_med=10.224s
k= 23  obj=$8373.88  ‖r‖=1.82e-04  ‖s‖=2.90e-02  ρ=240.0  sp_max=25.206s  sp_med=10.571s
k= 24  obj=$8381.74  ‖r‖=1.46e-04  ‖s‖=3.22e-02  ρ=240.0  sp_max=22.083s  sp_med=9.728s
[36;1m  [k= 25] ρ 240.0 → 48.0 (s/r=251.6, ‖r‖ converged)
[0mk= 25  obj=$8364.91  ‖r‖=1.28e-04  ‖s‖=3.21e-02  ρ=48.0  sp_max=22.503s  sp_med=12.008s
k= 26  obj=$8300.46  ‖r‖=2.31e-04  ‖s‖=2.19e-02  ρ=48.0  sp_max=27.905s  sp_med=13.668s
k= 27  obj=$8257.21  ‖r‖=2.50e-04  ‖s‖=1.04e-02  ρ=48.0  sp_max=29.105s  sp_med=13.892s
k= 28  obj=$8207.81  ‖r‖=1.74e-04  ‖s‖=8.65e-03  ρ=48.0  sp_max=30.715s  sp_med=13.919s
k= 29  obj=$8201.25  ‖r‖=1.07e-04  ‖s‖=8.28e-03  ρ=48.0  sp_max=31.596s  sp_med=13.175s
[36;1m  [k= 30] ρ 48.0 → 9.6 (s/r=118.2, ‖r‖ converged)
[0mk= 30  obj=$8212.51  ‖r‖=5.60e-05  ‖s‖=6.62e-03  ρ=9.6  sp_max=22.740s  sp_med=11.127s
      [Progress] 1469.1s elapsed, 1 iters/min
k= 31  obj=$8240.32  ‖r‖=2.25e-04  ‖s‖=2.83e-03  ρ=9.6  sp_max=23.430s  sp_med=10.812s
k= 32  obj=$8246.54  ‖r‖=2.20e-04  ‖s‖=4.09e-04  ρ=9.6  sp_max=28.382s  sp_med=10.212s
[32;1m🎉 tADMM converged at iteration 32 (‖r‖=2.20e-04 ≤ 1.00e-03, ‖s‖=4.09e-04 ≤ 1.00e-03)
  Final objective: $8246.54
[0m
================================================================================
[36;1m📊 SOLVER PERFORMANCE ANALYSIS (optimize!() times only)[0m
================================================================================
Iterations:       31
Effective time:   814.85 seconds
Wall-clock time:  1562.41 seconds
Overhead:         47.8%
================================================================================

--- tADMM RESULT ---
[32;1mObjective: $8246.54
Wall-clock: 1562.41 seconds
Effective:  814.85 seconds (32 iterations)
[0m
================================================================================
[36;1mVALIDATING tADMM SOLUTION[0m
================================================================================

================================================================================
SOLUTION VALIDATION: tADMM SOCP
================================================================================
✓ All constraints satisfied!
================================================================================
[32;1m✓ Convergence CSV: C:\repos_addendum\MultiPeriodDistOPF\envs\tadmm\processedData\ieee2552C_1ph_T48\convergence_data.csv[0m
[32;1m✓ Subproblem timing CSV: C:\repos_addendum\MultiPeriodDistOPF\envs\tadmm\processedData\ieee2552C_1ph_T48\subproblem_timing_details.csv[0m
[36;1mLoaded BF results from C:\repos_addendum\MultiPeriodDistOPF\envs\tadmm\processedData\ieee2552C_1ph_T48\results_socp_bf.txt[0m
[36;1mNear-optimal at k=16 (396.14s eff): obj=$8180.34, gap=0.054% vs BF, r=2.13e-04, s=1.69e+00[0m
[32;1m✓ Near-optimal summary: C:\repos_addendum\MultiPeriodDistOPF\envs\tadmm\processedData\ieee2552C_1ph_T48\near_optimal_summary.csv[0m
[32;1m✓ Solution saved: C:\repos_addendum\MultiPeriodDistOPF\envs\tadmm\processedData\ieee2552C_1ph_T48\sol_socp_tadmm.jls[0m
[32;1m✓ tADMM results written to C:\repos_addendum\MultiPeriodDistOPF\envs\tadmm\processedData\ieee2552C_1ph_T48\results_socp_tadmm.txt[0m
[32;1m✓ Live log trimmed to last 100 lines: C:\repos_addendum\MultiPeriodDistOPF\envs\tadmm\processedData\ieee2552C_1ph_T48\tadmm_run.log[0m

================================================================================
[35;1mtADMM PIPELINE COMPLETE[0m
================================================================================
