
******************************************************************************
This program contains Ipopt, a library for large-scale nonlinear optimization.
 Ipopt is released as open source code under the Eclipse Public License (EPL).
         For more information visit https://github.com/coin-or/Ipopt
******************************************************************************

This is Ipopt version 3.14.19, running with linear solver MUMPS 5.8.2.

Number of nonzeros in equality constraint Jacobian...:    71570
Number of nonzeros in inequality constraint Jacobian.:    40068
Number of nonzeros in Lagrangian Hessian.............:    23439

Total number of variables............................:    32511
                     variables with only lower bounds:     7566
                variables with lower and upper bounds:        0
                     variables with only upper bounds:        0
Total number of equality constraints.................:    23448
Total number of inequality constraints...............:    17379
        inequality constraints with only lower bounds:        0
   inequality constraints with lower and upper bounds:     9816
        inequality constraints with only upper bounds:     7563

iter    objective    inf_pr   inf_du lg(mu)  ||d||  lg(rg) alpha_du alpha_pr  ls
   0  3.3599966e+01 1.10e+00 4.16e+00  -1.0 0.00e+00    -  0.00e+00 0.00e+00   0
   1  2.3848052e+02 1.08e+00 6.81e+00  -1.0 5.06e+00    -  2.00e-03 1.88e-02f  1
   2  3.7599591e+02 1.06e+00 6.67e+00  -1.0 2.18e+00    -  2.67e-02 2.19e-02f  1
   3  4.4741276e+02 1.05e+00 7.30e+00  -1.0 3.16e+00    -  2.98e-02 1.04e-02f  1
   4  4.6898437e+02 1.04e+00 6.77e+00  -1.0 5.58e+00    -  3.56e-03 3.88e-03f  1
   5  5.0041531e+02 1.04e+00 7.30e+00  -1.0 1.84e+01    -  2.01e-03 4.59e-03f  1
   6  5.5189394e+02 1.03e+00 7.80e+00  -1.0 1.66e+01    -  4.45e-03 6.81e-03f  1
   7  6.1950893e+02 1.02e+00 7.50e+00  -1.0 1.22e+01    -  1.02e-02 8.94e-03f  1
   8  7.3868681e+02 1.01e+00 1.79e+01  -1.0 1.21e+01    -  6.82e-03 1.59e-02f  1
   9  9.2079953e+02 9.81e-01 2.26e+01  -1.0 1.12e+01    -  1.68e-02 2.46e-02f  1
iter    objective    inf_pr   inf_du lg(mu)  ||d||  lg(rg) alpha_du alpha_pr  ls
  10  1.1618477e+03 9.48e-01 2.19e+01  -1.0 9.19e+00    -  4.16e-02 3.34e-02f  1
  11  1.3809246e+03 9.18e-01 3.88e+01  -1.0 8.21e+00    -  6.10e-02 3.14e-02f  1
  12  1.5577263e+03 8.94e-01 2.14e+01  -1.0 7.62e+00    -  1.42e-02 2.62e-02f  1
  13  1.7026777e+03 8.75e-01 3.16e+01  -1.0 1.05e+02    -  1.66e-03 2.20e-02f  1
  14  1.7039491e+03 8.74e-01 3.12e+01  -1.0 2.16e+04  -2.0 7.01e-05 1.90e-04f  1
  15  1.8474710e+03 8.55e-01 2.99e+01  -1.0 2.54e+01  -0.7 2.27e-02 2.24e-02f  1
  16  1.8552863e+03 8.54e-01 2.98e+01  -1.0 7.15e+02  -1.1 1.03e-03 1.24e-03f  1
  17  1.9876984e+03 8.36e-01 3.51e+01  -1.0 3.00e+01  -0.7 1.76e-02 2.11e-02f  1
  18  2.1069283e+03 8.19e-01 1.62e+01  -1.0 1.21e+01  -0.3 3.10e-02 1.95e-02f  1
  19  2.2357067e+03 8.02e-01 1.59e+01  -1.0 3.71e+01  -0.8 1.82e-02 2.14e-02f  1
iter    objective    inf_pr   inf_du lg(mu)  ||d||  lg(rg) alpha_du alpha_pr  ls
  20  2.2961501e+03 7.94e-01 5.72e+01  -1.0 1.54e+01  -0.3 2.78e-02 1.03e-02f  1
  21  2.4321515e+03 7.75e-01 4.58e+01  -1.0 3.43e+01  -0.8 1.80e-02 2.34e-02f  1
  22  2.5027280e+03 7.65e-01 1.18e+02  -1.0 1.91e+01  -0.4 3.28e-02 1.25e-02f  1
  23  2.6942468e+03 7.39e-01 1.09e+02  -1.0 3.26e+01  -0.9 3.18e-02 3.41e-02f  1
  24  2.7296928e+03 7.34e-01 1.09e+02  -1.0 1.57e+02  -1.4 1.19e-02 6.51e-03f  1
  25  2.7852327e+03 7.27e-01 1.50e+02  -1.0 4.04e+01  -0.9 3.15e-02 1.03e-02f  1
  26  2.8501628e+03 7.18e-01 1.48e+02  -1.0 9.13e+01  -1.4 1.21e-02 1.21e-02f  1
  27  3.0387527e+03 6.92e-01 1.27e+02  -1.0 4.11e+01  -1.0 2.82e-02 3.59e-02f  1
  28  3.2215194e+03 6.67e-01 1.32e+02  -1.0 6.57e+01  -1.5 4.49e-02 3.59e-02f  1
  29  3.2592458e+03 6.62e-01 1.35e+02  -1.0 5.00e+02  -1.9 8.81e-03 7.64e-03f  1
iter    objective    inf_pr   inf_du lg(mu)  ||d||  lg(rg) alpha_du alpha_pr  ls
  30  3.5484386e+03 6.23e-01 1.40e+02  -1.0 4.89e+01  -1.5 7.10e-02 5.95e-02f  1
  31  3.7190860e+03 6.00e-01 1.14e+02  -1.0 1.92e+02  -2.0 2.52e-02 3.73e-02f  1
  32  3.7272013e+03 5.99e-01 1.20e+02  -1.0 2.38e+03  -2.5 2.56e-03 1.84e-03f  1
  33  3.8288093e+03 5.85e-01 1.13e+02  -1.0 1.55e+02  -2.0 2.01e-02 2.32e-02f  1
  34  3.8452428e+03 5.82e-01 1.18e+02  -1.0 8.96e+02  -2.5 5.13e-03 3.82e-03f  1
  35  3.9742736e+03 5.65e-01 9.39e+01  -1.0 1.59e+02  -2.1 1.09e-02 3.02e-02f  1
  36  4.0050818e+03 5.61e-01 9.41e+01  -1.0 1.05e+03  -2.6 5.12e-03 7.38e-03f  1
  37  4.1288745e+03 5.44e-01 9.73e+01  -1.0 2.19e+02  -2.1 4.82e-02 3.01e-02f  1
  38  4.2075176e+03 5.33e-01 1.24e+02  -1.0 9.47e+02  -2.6 1.75e-03 1.96e-02f  1
  39  4.4286237e+03 5.03e-01 1.16e+02  -1.0 1.49e+02  -2.2 5.33e-02 5.65e-02f  1
iter    objective    inf_pr   inf_du lg(mu)  ||d||  lg(rg) alpha_du alpha_pr  ls
  40  4.5344751e+03 4.89e-01 9.90e+01  -1.0 4.29e+02  -2.7 3.29e-02 2.85e-02f  1
  41  4.5452599e+03 4.87e-01 1.18e+02  -1.0 8.15e+03  -3.1 1.02e-03 2.92e-03h  2
  42  4.6579355e+03 4.72e-01 1.27e+02  -1.0 3.70e+02  -2.7 2.78e-02 3.13e-02f  1
  43  4.6781288e+03 4.69e-01 1.16e+02  -1.0 2.90e+03  -3.2 6.26e-03 5.71e-03f  1
  44  4.7601294e+03 4.58e-01 1.39e+02  -1.0 3.44e+02  -2.8 4.29e-02 2.37e-02f  1
  45  4.8047348e+03 4.52e-01 1.08e+02  -1.0 1.99e+03  -3.2 9.95e-03 1.31e-02f  1
  46  4.8719099e+03 4.43e-01 2.62e+02  -1.0 3.07e+02  -2.8 4.11e-02 2.02e-02f  1
  47  4.9092767e+03 4.38e-01 4.92e+02  -1.0 1.38e+03  -3.3 2.53e-02 1.14e-02f  1
  48  5.0210411e+03 4.23e-01 3.81e+02  -1.0 3.09e+02  -2.9 2.02e-02 3.47e-02f  1
  49  5.0557167e+03 4.18e-01 3.48e+02  -1.0 1.26e+03  -3.3 9.12e-03 1.12e-02f  1
iter    objective    inf_pr   inf_du lg(mu)  ||d||  lg(rg) alpha_du alpha_pr  ls
  50  5.1447799e+03 4.06e-01 4.16e+02  -1.0 3.04e+02  -2.9 4.54e-02 2.90e-02f  1
  51  5.2434215e+03 3.93e-01 2.58e+02  -1.0 1.35e+03  -3.4 1.12e-02 3.31e-02f  1
  52  5.4101225e+03 3.70e-01 2.38e+02  -1.0 2.84e+02  -3.0 5.44e-02 5.77e-02f  1
  53  5.5478248e+03 3.51e-01 5.08e+02  -1.0 1.14e+03  -3.4 1.17e-02 5.06e-02f  1
  54  5.6988143e+03 3.31e-01 4.74e+02  -1.0 2.59e+02  -3.0 6.17e-02 5.83e-02f  1
  55  5.7373695e+03 3.25e-01 4.52e+02  -1.0 9.17e+02  -3.5 1.85e-02 1.59e-02f  1
  56  5.8379096e+03 3.12e-01 4.28e+02  -1.0 2.46e+02  -3.1 5.32e-02 4.23e-02f  1
  57  5.9212156e+03 3.00e-01 5.33e+02  -1.0 9.98e+02  -3.6 1.15e-02 3.65e-02f  1
  58  6.1867499e+03 2.64e-01 4.59e+02  -1.0 2.81e+02  -3.1 7.53e-02 1.21e-01f  1
  59  6.3535767e+03 2.41e-01 4.48e+02  -1.0 8.64e+02  -3.6 7.21e-02 8.57e-02f  1
iter    objective    inf_pr   inf_du lg(mu)  ||d||  lg(rg) alpha_du alpha_pr  ls
  60  6.5555830e+03 2.14e-01 3.38e+02  -1.0 2.04e+02  -3.2 7.49e-02 1.13e-01f  1
  61  6.5622954e+03 2.13e-01 1.08e+03  -1.0 8.51e+02  -3.7 1.48e-01 4.22e-03f  1
  62  6.6031509e+03 2.08e-01 1.34e+03  -1.0 7.67e+02  -3.2 3.17e-02 2.57e-02f  1
  63  6.8753479e+03 1.71e-01 3.43e+02  -1.0 1.35e+03  -3.7 1.91e-02 1.76e-01f  1
  64  6.9873194e+03 1.56e-01 3.33e+03  -1.0 6.70e+02  -3.3 1.88e-02 8.74e-02f  1
  65  6.9999876e+03 1.55e-01 1.41e+03  -1.0 5.18e+02  -3.8 1.16e-01 1.08e-02f  1
  66  7.0137154e+03 1.53e-01 1.47e+03  -1.0 1.71e+02  -3.3 6.75e-03 1.18e-02f  1
  67  7.0553580e+03 1.47e-01 1.58e+03  -1.0 3.86e+02  -3.8 2.25e-02 3.62e-02f  1
  68  7.0881629e+03 1.43e-01 1.65e+03  -1.0 1.61e+02  -3.4 1.86e-02 2.96e-02f  1
  69  7.1398681e+03 1.36e-01 1.61e+03  -1.0 4.68e+02  -3.9 1.90e-02 4.80e-02f  1
iter    objective    inf_pr   inf_du lg(mu)  ||d||  lg(rg) alpha_du alpha_pr  ls
  70  7.1822896e+03 1.30e-01 1.65e+03  -1.0 4.11e+02  -3.4 2.64e-02 4.13e-02f  1
  71  7.3081949e+03 1.14e-01 1.06e+03  -1.0 5.51e+02  -3.9 5.96e-02 1.27e-01f  1
  72  7.3284531e+03 1.11e-01 4.26e+02  -1.0 3.98e+02  -3.5 1.73e-01 2.34e-02f  1
  73  7.5726025e+03 7.92e-02 1.78e+03  -1.0 4.52e+02  -4.0 1.04e-01 2.87e-01f  1
  74  7.6428014e+03 7.02e-02 1.48e+03  -1.0 4.49e+02  -4.4 1.26e-01 1.14e-01f  1
  75  7.6441069e+03 7.00e-02 2.80e+03  -1.0 2.82e+02  -4.0 1.06e-01 2.38e-03f  1
  76  7.8578079e+03 4.29e-02 1.07e+03  -1.0 4.65e+02  -4.5 5.53e-03 3.88e-01f  1
  77  7.8648407e+03 4.20e-02 2.23e+03  -1.0 1.87e+02  -4.1 7.88e-02 2.04e-02f  1
  78  7.9217869e+03 3.49e-02 1.69e+03  -1.0 3.66e+02  -4.5 1.63e-01 1.68e-01f  1
  79  7.9467890e+03 3.19e-02 2.91e+03  -1.0 3.82e+02  -5.0 2.62e-02 8.72e-02f  1
iter    objective    inf_pr   inf_du lg(mu)  ||d||  lg(rg) alpha_du alpha_pr  ls
  80  8.1772533e+03 3.91e-03 5.18e+03  -1.0 3.56e+02  -4.6 3.00e-02 8.77e-01f  1
  81  8.1877570e+03 2.94e-03 8.24e+03  -1.0 6.66e+02    -  5.01e-01 2.47e-01f  1
  82  8.2220631e+03 2.93e-05 6.65e+03  -1.0 2.64e+02  -5.1 1.87e-01 9.90e-01f  1
  83  8.2244122e+03 1.58e-05 4.10e+03  -1.0 1.19e+03    -  3.89e-01 4.61e-01f  1
  84  8.2263794e+03 8.75e-06 2.11e+03  -1.0 1.88e+03    -  4.84e-01 4.47e-01f  1
  85  8.2286031e+03 3.95e-06 1.74e+04  -1.0 3.43e+03    -  2.68e-01 5.48e-01f  1
  86  8.2306147e+03 1.75e-06 5.92e+04  -1.0 4.37e+03    -  1.84e-01 5.57e-01f  1
  87  8.2321539e+03 3.50e-07 1.47e+05  -1.0 5.05e+03    -  3.55e-01 8.00e-01f  1
  88  8.2325613e+03 2.68e-07 3.56e+05  -1.0 7.32e+03    -  5.06e-02 2.34e-01f  1
  89  8.2333775e+03 1.35e-07 6.56e+05  -1.0 7.51e+03    -  2.06e-01 4.95e-01f  1
iter    objective    inf_pr   inf_du lg(mu)  ||d||  lg(rg) alpha_du alpha_pr  ls
  90  8.2349997e+03 4.48e-16 1.96e+06  -1.0 8.79e+03    -  2.60e-01 1.00e+00f  1
  91  8.2361435e+03 3.58e-11 4.38e+06  -1.0 1.01e+04    -  3.64e-01 9.00e-01f  1
  92  8.2369859e+03 3.77e-11 1.71e+06  -1.0 1.25e+04    -  6.56e-01 1.00e+00f  1
  93  8.2378341e+03 1.49e-15 5.72e+05  -1.0 1.99e+04    -  6.71e-01 1.00e+00f  1
  94  8.2385596e+03 4.44e-16 2.16e+05  -1.0 2.07e+04    -  6.27e-01 1.00e+00f  1
  95  8.2390741e+03 1.11e-14 1.18e+04  -1.0 2.16e+04    -  9.45e-01 1.00e+00f  1
  96  8.2394066e+03 5.12e-15 7.96e+03  -1.0 8.93e+04    -  3.26e-01 6.14e-01f  1
  97  8.2397372e+03 4.86e-15 3.58e+03  -1.0 3.87e+04    -  5.51e-01 1.00e+00h  1
  98  8.2397875e+03 5.39e-15 8.53e+02  -1.0 2.08e+04    -  7.61e-01 1.00e+00h  1
  99  8.2397937e+03 2.69e-15 1.27e-01  -1.0 2.52e+04    -  1.00e+00 1.00e+00h  1
iter    objective    inf_pr   inf_du lg(mu)  ||d||  lg(rg) alpha_du alpha_pr  ls
 100  8.2397940e+03 3.30e-16 1.94e-02  -1.0 1.39e+04    -  1.00e+00 1.00e+00h  1
 101  8.2397940e+03 4.44e-16 9.10e-06  -1.0 4.22e+01    -  1.00e+00 1.00e+00h  1
 102  8.1582186e+03 3.89e-16 3.12e+06  -3.8 8.02e+02    -  6.55e-01 1.00e+00f  1
 103  8.1033867e+03 4.44e-16 1.20e+06  -3.8 1.07e+03    -  6.17e-01 5.97e-01f  1
 104  8.0687696e+03 4.44e-16 1.22e+05  -3.8 3.64e+02    -  8.98e-01 8.30e-01f  1
 105  8.0622558e+03 4.44e-16 1.25e-06  -3.8 3.40e+01    -  1.00e+00 1.00e+00h  1
 106  8.0618807e+03 6.27e-16 1.76e-08  -5.7 1.94e+00    -  1.00e+00 1.00e+00h  1
 107  8.0618754e+03 1.18e-13 1.07e+01  -8.6 1.10e+02    -  9.36e-01 1.00e+00h  1
 108  8.0618754e+03 5.32e-16 2.81e+00  -8.6 8.57e-02  -5.5 7.38e-01 1.00e+00h  1
 109  8.0618754e+03 4.49e-16 1.07e+00  -8.6 1.64e-01  -6.0 6.18e-01 6.15e-01h  1
iter    objective    inf_pr   inf_du lg(mu)  ||d||  lg(rg) alpha_du alpha_pr  ls
 110  8.0618754e+03 6.35e-16 2.35e-01  -8.6 3.40e-01  -6.5 7.80e-01 3.35e-01h  1
 111  8.0618753e+03 3.85e-16 7.22e-02  -8.6 1.13e+00  -7.0 6.93e-01 9.64e-01h  1
 112  8.0618753e+03 4.44e-16 1.02e-02  -8.6 2.04e+00  -7.5 8.58e-01 3.21e-01h  1
 113  8.0618753e+03 4.44e-16 4.46e-03  -8.6 3.09e+00  -7.9 5.65e-01 4.83e-01h  1
 114  8.0618753e+03 5.81e-16 1.20e-05  -8.6 3.03e+00  -8.4 1.00e+00 5.61e-01h  1
 115  8.0618753e+03 4.44e-16 6.66e-08  -8.6 2.04e+00  -8.9 1.00e+00 1.00e+00h  1
 116  8.0618753e+03 4.44e-16 1.01e-09  -8.6 1.00e+00  -9.4 1.00e+00 1.00e+00h  1

Number of Iterations....: 116

                                   (scaled)                 (unscaled)
Objective...............:   7.1981029435213748e+02    8.0618752967439395e+03
Dual infeasibility......:   1.0087450980022554e-09    1.1297945097625259e-08
Constraint violation....:   4.4408920985006262e-16    4.4408920985006262e-16
Variable bound violation:   0.0000000000000000e+00    0.0000000000000000e+00
Complementarity.........:   3.0220064439938578e-09    3.3846472172731209e-08
Overall NLP error.......:   3.0220064439938578e-09    3.3846472172731209e-08


Number of objective function evaluations             = 119
Number of objective gradient evaluations             = 117
Number of equality constraint evaluations            = 119
Number of inequality constraint evaluations          = 119
Number of equality constraint Jacobian evaluations   = 117
Number of inequality constraint Jacobian evaluations = 117
Number of Lagrangian Hessian evaluations             = 116
Total seconds in IPOPT                               = 19.797

EXIT: Optimal Solution Found.
