
================================================================================
PARALLELIZATION STATUS
================================================================================
Julia threads:       16
Status:              Using 16 threads
================================================================================
RHO_OVERRIDE: using rho = 4000.0
EPS_PRI_OVERRIDE: using eps_pri = 0.0001
EPS_DUAL_OVERRIDE: using eps_dual = 0.0005
ADAPTIVE_RHO_OVERRIDE: adaptive_rho = true

================================================================================
PARSING SYSTEM DATA
================================================================================
Loaded system: ieee2552C_1ph from C:\repos_addendum\MultiPeriodDistOPF\envs\tadmm\..\..\rawData\ieee2552C_1ph\Master.dss

========================================
Initial Powerflow
========================================
Powerflow completed successfully!

[OpenDSS] Total system load: 2129.58 kW
[OpenDSS] Substation power: 2187.53 kW
[OpenDSS] Total PV dispatch: 0.00 kW
[OpenDSS] Total battery dispatch: 0.00 kW
[OpenDSS] Total system losses: 57.95 kW


================================================================================
[35;1mSOLVING MPOPF WITH SOCP (tADMM)[0m
================================================================================
[36;1mUsing fixed rho = 4000.0[0m
  [tADMM hyperparams] mu_balance=5.00 tau_incr=2.00 tau_decr=4.00 update_interval=5 eps_pri=1.0e-04 eps_dual=5.0e-04 rho_init=4000.0 adaptive=true

================================================================================
[36;1m🎯 tADMM[SOCP]: T=24, ρ_init=4000.0, adaptive=true, warm_start=true, |Bset|=250, |Nset|=2522, |Lset|=2521
[0m================================================================================

******************************************************************************
This program contains Ipopt, a library for large-scale nonlinear optimization.
 Ipopt is released as open source code under the Eclipse Public License (EPL).
         For more information visit https://github.com/coin-or/Ipopt
******************************************************************************

k=  1  obj=$4253.41  ‖r‖=2.71e-03  ‖s‖=1.55e+00  ρ=4000.0  sp_max=34.851s  sp_med=23.824s
k=  2  obj=$4253.41  ‖r‖=2.69e-03  ‖s‖=1.81e+00  ρ=4000.0  sp_max=12.525s  sp_med=5.805s
k=  3  obj=$4253.41  ‖r‖=2.66e-03  ‖s‖=2.09e+00  ρ=4000.0  sp_max=15.780s  sp_med=7.586s
k=  4  obj=$4253.41  ‖r‖=2.63e-03  ‖s‖=1.66e+00  ρ=4000.0  sp_max=16.744s  sp_med=7.537s
[33;1m  [PHASE1-UP] ρ: 4000.0 → 8000.0 (‖r‖=2.61e-03 > ε=1.0e-04)
[0mk=  5  obj=$4253.41  ‖r‖=2.61e-03  ‖s‖=1.09e+00  ρ=8000.0  sp_max=14.008s  sp_med=6.854s
k=  6  obj=$4282.38  ‖r‖=2.58e-03  ‖s‖=1.16e+00  ρ=8000.0  sp_max=15.586s  sp_med=8.149s
k=  7  obj=$4605.15  ‖r‖=2.36e-03  ‖s‖=1.48e+00  ρ=8000.0  sp_max=15.229s  sp_med=8.209s
k=  8  obj=$5011.51  ‖r‖=2.16e-03  ‖s‖=1.98e+00  ρ=8000.0  sp_max=14.304s  sp_med=8.230s
k=  9  obj=$5467.99  ‖r‖=1.94e-03  ‖s‖=2.67e+00  ρ=8000.0  sp_max=13.592s  sp_med=8.507s
[33;1m  [PHASE1-UP] ρ: 8000.0 → 16000.0 (‖r‖=1.63e-03 > ε=1.0e-04)
[0mk= 10  obj=$6108.19  ‖r‖=1.63e-03  ‖s‖=3.22e+00  ρ=16000.0  sp_max=15.391s  sp_med=8.066s
      [Progress] 210.6s elapsed, 3 iters/min
k= 11  obj=$7306.01  ‖r‖=9.82e-04  ‖s‖=3.84e+00  ρ=16000.0  sp_max=19.910s  sp_med=8.497s
k= 12  obj=$8184.00  ‖r‖=4.03e-04  ‖s‖=3.96e+00  ρ=16000.0  sp_max=12.179s  sp_med=6.758s
k= 13  obj=$8428.64  ‖r‖=6.83e-07  ‖s‖=3.96e+00  ρ=16000.0  sp_max=13.384s  sp_med=8.606s
k= 14  obj=$8411.52  ‖r‖=5.41e-07  ‖s‖=3.96e+00  ρ=16000.0  sp_max=10.831s  sp_med=6.941s
[32;1m  [k= 15] Phase 1→2: primal converged
[0m[36;1m  [k= 15] ρ 16000.0 → 4000.0 (s/r=716817074.4, ‖r‖ converged)
[0mk= 15  obj=$8395.27  ‖r‖=5.52e-09  ‖s‖=3.96e+00  ρ=4000.0  sp_max=10.920s  sp_med=6.821s
k= 16  obj=$8333.09  ‖r‖=6.33e-05  ‖s‖=3.85e+00  ρ=4000.0  sp_max=14.957s  sp_med=9.932s
k= 17  obj=$8253.38  ‖r‖=8.92e-05  ‖s‖=3.71e+00  ρ=4000.0  sp_max=13.882s  sp_med=8.365s
k= 18  obj=$8163.20  ‖r‖=1.66e-04  ‖s‖=3.39e+00  ρ=4000.0  sp_max=16.826s  sp_med=9.587s
k= 19  obj=$8129.73  ‖r‖=1.67e-04  ‖s‖=2.81e+00  ρ=4000.0  sp_max=17.822s  sp_med=9.378s
k= 20  obj=$8143.50  ‖r‖=1.18e-04  ‖s‖=2.38e+00  ρ=4000.0  sp_max=15.460s  sp_med=9.667s
      [Progress] 396.4s elapsed, 3 iters/min
k= 21  obj=$8167.29  ‖r‖=1.02e-04  ‖s‖=1.82e+00  ρ=4000.0  sp_max=15.869s  sp_med=9.072s
k= 22  obj=$8177.34  ‖r‖=1.15e-04  ‖s‖=1.42e+00  ρ=4000.0  sp_max=12.614s  sp_med=7.512s
k= 23  obj=$8170.14  ‖r‖=1.02e-04  ‖s‖=1.09e+00  ρ=4000.0  sp_max=13.303s  sp_med=7.261s
k= 24  obj=$8151.11  ‖r‖=6.67e-05  ‖s‖=1.02e+00  ρ=4000.0  sp_max=17.168s  sp_med=9.947s
[36;1m  [k= 25] ρ 4000.0 → 1000.0 (s/r=31642.2, ‖r‖ converged)
[0mk= 25  obj=$8128.17  ‖r‖=2.82e-05  ‖s‖=8.94e-01  ρ=1000.0  sp_max=16.983s  sp_med=8.035s
k= 26  obj=$8086.49  ‖r‖=9.68e-05  ‖s‖=5.49e-01  ρ=1000.0  sp_max=16.154s  sp_med=8.048s
k= 27  obj=$8118.72  ‖r‖=1.21e-04  ‖s‖=2.41e-01  ρ=1000.0  sp_max=12.800s  sp_med=6.309s
k= 28  obj=$8135.06  ‖r‖=8.12e-05  ‖s‖=8.28e-02  ρ=1000.0  sp_max=12.599s  sp_med=6.154s
k= 29  obj=$8132.33  ‖r‖=4.19e-05  ‖s‖=1.24e-01  ρ=1000.0  sp_max=22.567s  sp_med=11.394s
[36;1m  [k= 30] ρ 1000.0 → 250.0 (s/r=4263.2, ‖r‖ converged)
[0mk= 30  obj=$8130.79  ‖r‖=2.63e-05  ‖s‖=1.12e-01  ρ=250.0  sp_max=14.747s  sp_med=8.989s
      [Progress] 599.5s elapsed, 3 iters/min
k= 31  obj=$8119.85  ‖r‖=1.13e-04  ‖s‖=6.55e-02  ρ=250.0  sp_max=17.167s  sp_med=8.672s
k= 32  obj=$8106.69  ‖r‖=1.30e-04  ‖s‖=1.36e-02  ρ=250.0  sp_max=14.375s  sp_med=7.912s
k= 33  obj=$8101.84  ‖r‖=8.38e-05  ‖s‖=2.53e-02  ρ=250.0  sp_max=17.439s  sp_med=9.239s
k= 34  obj=$8105.25  ‖r‖=2.42e-05  ‖s‖=3.42e-02  ρ=250.0  sp_max=18.796s  sp_med=10.426s
[36;1m  [k= 35] ρ 250.0 → 62.5 (s/r=1053.1, ‖r‖ converged)
[0mk= 35  obj=$8111.92  ‖r‖=2.36e-05  ‖s‖=2.49e-02  ρ=62.5  sp_max=18.161s  sp_med=9.777s
k= 36  obj=$8129.00  ‖r‖=1.13e-04  ‖s‖=1.28e-02  ρ=62.5  sp_max=18.620s  sp_med=9.515s
k= 37  obj=$8133.30  ‖r‖=1.16e-04  ‖s‖=7.55e-04  ρ=62.5  sp_max=18.742s  sp_med=9.045s
k= 38  obj=$8128.08  ‖r‖=6.74e-05  ‖s‖=6.73e-03  ρ=62.5  sp_max=19.020s  sp_med=10.273s
k= 39  obj=$8119.31  ‖r‖=1.19e-05  ‖s‖=7.94e-03  ρ=62.5  sp_max=19.035s  sp_med=9.934s
[36;1m  [k= 40] ρ 62.5 → 15.6 (s/r=200.9, ‖r‖ converged)
[0mk= 40  obj=$8112.79  ‖r‖=2.58e-05  ‖s‖=5.19e-03  ρ=15.6  sp_max=17.252s  sp_med=9.076s
      [Progress] 825.4s elapsed, 3 iters/min
k= 41  obj=$8133.77  ‖r‖=1.43e-04  ‖s‖=3.03e-03  ρ=15.6  sp_max=18.419s  sp_med=10.012s
k= 42  obj=$8103.04  ‖r‖=9.97e-05  ‖s‖=1.59e-03  ρ=15.6  sp_max=16.650s  sp_med=9.040s
k= 43  obj=$8083.89  ‖r‖=7.26e-05  ‖s‖=1.67e-03  ρ=15.6  sp_max=16.085s  sp_med=8.670s
k= 44  obj=$8094.47  ‖r‖=4.71e-05  ‖s‖=1.64e-03  ρ=15.6  sp_max=18.220s  sp_med=9.243s
[36;1m  [k= 45] ρ 15.6 → 3.9 (s/r=35.4, ‖r‖ converged)
[0mk= 45  obj=$8109.39  ‖r‖=3.15e-05  ‖s‖=1.11e-03  ρ=3.9  sp_max=18.739s  sp_med=8.671s
k= 46  obj=$8199.71  ‖r‖=2.02e-04  ‖s‖=9.43e-04  ρ=3.9  sp_max=17.577s  sp_med=9.493s
k= 47  obj=$8140.56  ‖r‖=8.26e-05  ‖s‖=6.27e-04  ρ=3.9  sp_max=18.233s  sp_med=8.956s
k= 48  obj=$8135.77  ‖r‖=4.94e-05  ‖s‖=2.74e-04  ρ=3.9  sp_max=17.966s  sp_med=9.272s
[32;1m🎉 tADMM converged at iteration 48 (‖r‖=4.94e-05 ≤ 1.00e-04, ‖s‖=2.74e-04 ≤ 5.00e-04)
  Final objective: $8135.77
[0m
================================================================================
[36;1m📊 SOLVER PERFORMANCE ANALYSIS (optimize!() times only)[0m
================================================================================
Iterations:       47
Effective time:   789.48 seconds
Wall-clock time:  1005.29 seconds
Overhead:         21.5%
================================================================================

--- tADMM RESULT ---
[32;1mObjective: $8135.77
Wall-clock: 1005.29 seconds
Effective:  789.48 seconds (48 iterations)
[0m
================================================================================
[36;1mVALIDATING tADMM SOLUTION[0m
================================================================================

================================================================================
SOLUTION VALIDATION: tADMM SOCP
================================================================================
✓ All constraints satisfied!
================================================================================
[32;1m✓ Convergence CSV: C:\repos_addendum\MultiPeriodDistOPF\envs\tadmm\processedData\ieee2552C_1ph_T24\convergence_data.csv[0m
[32;1m✓ Subproblem timing CSV: C:\repos_addendum\MultiPeriodDistOPF\envs\tadmm\processedData\ieee2552C_1ph_T24\subproblem_timing_details.csv[0m
[36;1mLoaded BF results from C:\repos_addendum\MultiPeriodDistOPF\envs\tadmm\processedData\ieee2552C_1ph_T24\results_socp_bf.txt[0m
[36;1mNear-optimal at k=24 (373.13s eff): obj=$8151.11, gap=0.443% vs BF, r=6.67e-05, s=1.02e+00[0m
[32;1m✓ Near-optimal summary: C:\repos_addendum\MultiPeriodDistOPF\envs\tadmm\processedData\ieee2552C_1ph_T24\near_optimal_summary.csv[0m
[32;1m✓ Solution saved: C:\repos_addendum\MultiPeriodDistOPF\envs\tadmm\processedData\ieee2552C_1ph_T24\sol_socp_tadmm.jls[0m
[32;1m✓ tADMM results written to C:\repos_addendum\MultiPeriodDistOPF\envs\tadmm\processedData\ieee2552C_1ph_T24\results_socp_tadmm.txt[0m
[32;1m✓ Live log trimmed to last 100 lines: C:\repos_addendum\MultiPeriodDistOPF\envs\tadmm\processedData\ieee2552C_1ph_T24\tadmm_run.log[0m

================================================================================
[35;1mtADMM PIPELINE COMPLETE[0m
================================================================================
