
================================================================================
PARALLELIZATION STATUS
================================================================================
Julia threads:       16
Status:              Using 16 threads
================================================================================
RHO_OVERRIDE: using rho = 15000.0
EPS_PRI_OVERRIDE: using eps_pri = 0.0001
EPS_DUAL_OVERRIDE: using eps_dual = 0.0005
ADAPTIVE_RHO_OVERRIDE: adaptive_rho = true

================================================================================
PARSING SYSTEM DATA
================================================================================
Loaded system: ieee2552C_1ph from C:\repos_addendum\MultiPeriodDistOPF\envs\tadmm\..\..\rawData\ieee2552C_1ph\Master.dss

========================================
Initial Powerflow
========================================
Powerflow completed successfully!

[OpenDSS] Total system load: 2129.58 kW
[OpenDSS] Substation power: 2187.53 kW
[OpenDSS] Total PV dispatch: 0.00 kW
[OpenDSS] Total battery dispatch: 0.00 kW
[OpenDSS] Total system losses: 57.95 kW


================================================================================
[35;1mSOLVING MPOPF WITH SOCP (tADMM)[0m
================================================================================
[36;1mUsing fixed rho = 15000.0[0m
  [tADMM hyperparams] mu_balance=5.00 tau_incr=2.00 tau_decr=4.00 update_interval=5 eps_pri=1.0e-04 eps_dual=5.0e-04 rho_init=15000.0 adaptive=true

================================================================================
[36;1m🎯 tADMM[SOCP]: T=96, ρ_init=15000.0, adaptive=true, warm_start=true, |Bset|=250, |Nset|=2522, |Lset|=2521
[0m================================================================================

******************************************************************************
This program contains Ipopt, a library for large-scale nonlinear optimization.
 Ipopt is released as open source code under the Eclipse Public License (EPL).
         For more information visit https://github.com/coin-or/Ipopt
******************************************************************************


******************************************************************************
This program contains Ipopt, a library for large-scale nonlinear optimization.
 Ipopt is released as open source code under the Eclipse Public License (EPL).
         For more information visit https://github.com/coin-or/Ipopt
******************************************************************************

k=  1  obj=$4400.06  ‖r‖=6.66e-04  ‖s‖=6.21e-01  ρ=15000.0  sp_max=45.870s  sp_med=27.215s
k=  2  obj=$4390.13  ‖r‖=6.68e-04  ‖s‖=1.21e+00  ρ=15000.0  sp_max=43.985s  sp_med=19.078s
k=  3  obj=$4323.97  ‖r‖=6.72e-04  ‖s‖=1.28e+00  ρ=15000.0  sp_max=32.679s  sp_med=8.762s
k=  4  obj=$4323.96  ‖r‖=6.67e-04  ‖s‖=1.25e+00  ρ=15000.0  sp_max=34.695s  sp_med=9.071s
[33;1m  [PHASE1-UP] ρ: 15000.0 → 30000.0 (‖r‖=6.67e-04 > ε=1.0e-04)
[0mk=  5  obj=$4323.96  ‖r‖=6.67e-04  ‖s‖=1.24e+00  ρ=30000.0  sp_max=31.131s  sp_med=9.506s
k=  6  obj=$4331.37  ‖r‖=6.63e-04  ‖s‖=1.44e+00  ρ=30000.0  sp_max=32.739s  sp_med=10.671s
k=  7  obj=$4590.70  ‖r‖=6.15e-04  ‖s‖=1.74e+00  ρ=30000.0  sp_max=30.038s  sp_med=9.666s
k=  8  obj=$5063.56  ‖r‖=5.50e-04  ‖s‖=2.02e+00  ρ=30000.0  sp_max=26.655s  sp_med=10.029s
k=  9  obj=$5527.75  ‖r‖=4.95e-04  ‖s‖=2.24e+00  ρ=30000.0  sp_max=33.134s  sp_med=10.086s
[33;1m  [PHASE1-UP] ρ: 30000.0 → 60000.0 (‖r‖=4.43e-04 > ε=1.0e-04)
[0mk= 10  obj=$5967.85  ‖r‖=4.43e-04  ‖s‖=2.40e+00  ρ=60000.0  sp_max=28.440s  sp_med=10.065s
      [Progress] 1058.4s elapsed, 1 iters/min
k= 11  obj=$6959.20  ‖r‖=3.10e-04  ‖s‖=2.62e+00  ρ=60000.0  sp_max=27.046s  sp_med=11.951s
k= 12  obj=$8043.17  ‖r‖=1.62e-04  ‖s‖=2.75e+00  ρ=60000.0  sp_max=19.585s  sp_med=10.745s
k= 13  obj=$8517.90  ‖r‖=4.45e-05  ‖s‖=2.82e+00  ρ=60000.0  sp_max=23.715s  sp_med=9.314s
k= 14  obj=$8594.94  ‖r‖=6.61e-06  ‖s‖=2.80e+00  ρ=60000.0  sp_max=19.392s  sp_med=8.351s
[32;1m  [k= 15] Phase 1→2: primal converged
[0m[36;1m  [k= 15] ρ 60000.0 → 15000.0 (s/r=685884.4, ‖r‖ converged)
[0mk= 15  obj=$8590.23  ‖r‖=3.93e-06  ‖s‖=2.70e+00  ρ=15000.0  sp_max=18.682s  sp_med=8.816s
k= 16  obj=$8580.15  ‖r‖=1.16e-05  ‖s‖=2.48e+00  ρ=15000.0  sp_max=20.182s  sp_med=8.704s
k= 17  obj=$8563.63  ‖r‖=1.91e-05  ‖s‖=1.92e+00  ρ=15000.0  sp_max=21.337s  sp_med=9.347s
k= 18  obj=$8550.27  ‖r‖=2.12e-05  ‖s‖=1.61e+00  ρ=15000.0  sp_max=24.692s  sp_med=8.962s
k= 19  obj=$8534.07  ‖r‖=2.26e-05  ‖s‖=1.42e+00  ρ=15000.0  sp_max=25.822s  sp_med=8.944s
[36;1m  [k= 20] ρ 15000.0 → 3750.0 (s/r=69871.3, ‖r‖ converged)
[0mk= 20  obj=$8517.99  ‖r‖=1.96e-05  ‖s‖=1.37e+00  ρ=3750.0  sp_max=23.213s  sp_med=9.079s
      [Progress] 1804.6s elapsed, 1 iters/min
k= 21  obj=$8477.73  ‖r‖=4.63e-05  ‖s‖=1.21e+00  ρ=3750.0  sp_max=23.920s  sp_med=9.793s
k= 22  obj=$8452.08  ‖r‖=6.82e-05  ‖s‖=1.07e+00  ρ=3750.0  sp_max=25.476s  sp_med=9.819s
k= 23  obj=$8410.49  ‖r‖=7.76e-05  ‖s‖=9.56e-01  ρ=3750.0  sp_max=26.225s  sp_med=9.890s
k= 24  obj=$8390.11  ‖r‖=6.44e-05  ‖s‖=9.09e-01  ρ=3750.0  sp_max=26.134s  sp_med=9.623s
[36;1m  [k= 25] ρ 3750.0 → 937.5 (s/r=13190.1, ‖r‖ converged)
[0mk= 25  obj=$8374.14  ‖r‖=6.67e-05  ‖s‖=8.80e-01  ρ=937.5  sp_max=24.371s  sp_med=9.527s
k= 26  obj=$8297.68  ‖r‖=8.62e-05  ‖s‖=8.48e-01  ρ=937.5  sp_max=24.115s  sp_med=10.482s
k= 27  obj=$8226.15  ‖r‖=9.63e-05  ‖s‖=8.28e-01  ρ=937.5  sp_max=23.655s  sp_med=9.858s
k= 28  obj=$8159.02  ‖r‖=1.14e-04  ‖s‖=7.75e-01  ρ=937.5  sp_max=24.199s  sp_med=9.926s
k= 29  obj=$8115.51  ‖r‖=1.24e-04  ‖s‖=6.47e-01  ρ=937.5  sp_max=24.212s  sp_med=11.783s
k= 30  obj=$8099.87  ‖r‖=1.20e-04  ‖s‖=4.83e-01  ρ=937.5  sp_max=25.343s  sp_med=14.497s
      [Progress] 2656.1s elapsed, 1 iters/min
k= 31  obj=$8105.16  ‖r‖=1.01e-04  ‖s‖=3.84e-01  ρ=937.5  sp_max=22.272s  sp_med=12.825s
k= 32  obj=$8108.09  ‖r‖=8.45e-05  ‖s‖=3.17e-01  ρ=937.5  sp_max=23.059s  sp_med=13.720s
k= 33  obj=$8101.11  ‖r‖=7.56e-05  ‖s‖=2.71e-01  ρ=937.5  sp_max=30.391s  sp_med=15.672s
k= 34  obj=$8094.83  ‖r‖=6.65e-05  ‖s‖=2.34e-01  ρ=937.5  sp_max=26.284s  sp_med=14.434s
[36;1m  [k= 35] ρ 937.5 → 234.4 (s/r=2888.2, ‖r‖ converged)
[0mk= 35  obj=$8092.68  ‖r‖=7.06e-05  ‖s‖=2.04e-01  ρ=234.4  sp_max=23.827s  sp_med=15.663s
k= 36  obj=$8126.82  ‖r‖=1.08e-04  ‖s‖=1.49e-01  ρ=234.4  sp_max=26.618s  sp_med=16.404s
k= 37  obj=$8200.65  ‖r‖=1.39e-04  ‖s‖=1.01e-01  ρ=234.4  sp_max=24.815s  sp_med=15.753s
k= 38  obj=$8253.37  ‖r‖=1.52e-04  ‖s‖=6.12e-02  ρ=234.4  sp_max=25.799s  sp_med=16.041s
k= 39  obj=$8276.83  ‖r‖=1.53e-04  ‖s‖=3.01e-02  ρ=234.4  sp_max=36.780s  sp_med=19.210s
k= 40  obj=$8289.51  ‖r‖=1.32e-04  ‖s‖=1.69e-02  ρ=234.4  sp_max=31.977s  sp_med=20.284s
      [Progress] 3803.6s elapsed, 1 iters/min
k= 41  obj=$8284.87  ‖r‖=1.14e-04  ‖s‖=2.78e-02  ρ=234.4  sp_max=36.132s  sp_med=20.266s
k= 42  obj=$8275.71  ‖r‖=1.04e-04  ‖s‖=3.58e-02  ρ=234.4  sp_max=35.531s  sp_med=20.007s
k= 43  obj=$8268.77  ‖r‖=8.70e-05  ‖s‖=4.00e-02  ρ=234.4  sp_max=33.104s  sp_med=21.125s
k= 44  obj=$8281.01  ‖r‖=7.69e-05  ‖s‖=3.77e-02  ρ=234.4  sp_max=29.873s  sp_med=20.686s
[36;1m  [k= 45] ρ 234.4 → 58.6 (s/r=498.8, ‖r‖ converged)
[0mk= 45  obj=$8276.57  ‖r‖=7.06e-05  ‖s‖=3.52e-02  ρ=58.6  sp_max=36.060s  sp_med=19.987s
k= 46  obj=$8230.55  ‖r‖=1.24e-04  ‖s‖=2.95e-02  ρ=58.6  sp_max=34.824s  sp_med=19.419s
k= 47  obj=$8217.57  ‖r‖=1.61e-04  ‖s‖=2.10e-02  ρ=58.6  sp_max=32.469s  sp_med=18.513s
k= 48  obj=$8193.20  ‖r‖=1.64e-04  ‖s‖=1.15e-02  ρ=58.6  sp_max=32.648s  sp_med=17.217s
k= 49  obj=$8176.01  ‖r‖=1.63e-04  ‖s‖=5.38e-03  ρ=58.6  sp_max=26.319s  sp_med=15.595s
k= 50  obj=$8162.11  ‖r‖=1.65e-04  ‖s‖=5.96e-03  ρ=58.6  sp_max=24.081s  sp_med=15.104s
      [Progress] 5122.9s elapsed, 1 iters/min
k= 51  obj=$8160.06  ‖r‖=1.55e-04  ‖s‖=8.61e-03  ρ=58.6  sp_max=26.225s  sp_med=14.808s
k= 52  obj=$8175.61  ‖r‖=1.32e-04  ‖s‖=1.05e-02  ρ=58.6  sp_max=38.018s  sp_med=18.559s
k= 53  obj=$8188.64  ‖r‖=1.09e-04  ‖s‖=1.14e-02  ρ=58.6  sp_max=31.426s  sp_med=18.610s
k= 54  obj=$8197.25  ‖r‖=9.52e-05  ‖s‖=1.16e-02  ρ=58.6  sp_max=30.071s  sp_med=15.491s
[36;1m  [k= 55] ρ 58.6 → 14.6 (s/r=113.4, ‖r‖ converged)
[0mk= 55  obj=$8200.04  ‖r‖=9.69e-05  ‖s‖=1.10e-02  ρ=14.6  sp_max=24.251s  sp_med=15.733s
k= 56  obj=$8201.81  ‖r‖=1.64e-04  ‖s‖=9.49e-03  ρ=14.6  sp_max=29.655s  sp_med=15.714s
k= 57  obj=$8205.53  ‖r‖=2.15e-04  ‖s‖=5.51e-03  ρ=14.6  sp_max=26.888s  sp_med=15.752s
k= 58  obj=$8209.88  ‖r‖=1.61e-04  ‖s‖=2.93e-03  ρ=14.6  sp_max=27.961s  sp_med=15.969s
k= 59  obj=$8209.86  ‖r‖=1.68e-04  ‖s‖=1.62e-03  ρ=14.6  sp_max=27.656s  sp_med=15.573s
k= 60  obj=$8213.06  ‖r‖=1.77e-04  ‖s‖=9.83e-04  ρ=14.6  sp_max=26.214s  sp_med=15.375s
      [Progress] 6300.7s elapsed, 1 iters/min
k= 61  obj=$8213.42  ‖r‖=1.52e-04  ‖s‖=1.87e-03  ρ=14.6  sp_max=24.555s  sp_med=14.951s
k= 62  obj=$8213.65  ‖r‖=1.29e-04  ‖s‖=2.53e-03  ρ=14.6  sp_max=37.300s  sp_med=18.108s
k= 63  obj=$8213.97  ‖r‖=1.14e-04  ‖s‖=2.75e-03  ρ=14.6  sp_max=39.762s  sp_med=20.512s
k= 64  obj=$8213.95  ‖r‖=1.01e-04  ‖s‖=2.72e-03  ρ=14.6  sp_max=32.164s  sp_med=19.115s
k= 65  obj=$8213.33  ‖r‖=1.00e-04  ‖s‖=2.57e-03  ρ=14.6  sp_max=35.913s  sp_med=19.231s
k= 66  obj=$8213.50  ‖r‖=9.18e-05  ‖s‖=2.34e-03  ρ=14.6  sp_max=32.263s  sp_med=18.939s
k= 67  obj=$8209.84  ‖r‖=9.70e-05  ‖s‖=2.12e-03  ρ=14.6  sp_max=31.825s  sp_med=20.892s
k= 68  obj=$8207.00  ‖r‖=1.16e-04  ‖s‖=1.61e-03  ρ=14.6  sp_max=31.395s  sp_med=19.686s
k= 69  obj=$8204.09  ‖r‖=1.14e-04  ‖s‖=1.08e-03  ρ=14.6  sp_max=34.991s  sp_med=19.678s
[36;1m  [k= 70] ρ 14.6 → 3.7 (s/r=14.9, ‖r‖ converged)
[0mk= 70  obj=$8199.51  ‖r‖=7.33e-05  ‖s‖=1.09e-03  ρ=3.7  sp_max=34.156s  sp_med=19.251s
      [Progress] 7704.3s elapsed, 1 iters/min
k= 71  obj=$8194.50  ‖r‖=9.66e-05  ‖s‖=8.56e-04  ρ=3.7  sp_max=36.583s  sp_med=20.722s
k= 72  obj=$8194.65  ‖r‖=1.07e-04  ‖s‖=6.26e-04  ρ=3.7  sp_max=31.913s  sp_med=19.267s
k= 73  obj=$8185.30  ‖r‖=1.04e-04  ‖s‖=4.46e-04  ρ=3.7  sp_max=37.061s  sp_med=18.798s
k= 74  obj=$8188.87  ‖r‖=9.83e-05  ‖s‖=3.18e-04  ρ=3.7  sp_max=37.074s  sp_med=20.953s
[32;1m🎉 tADMM converged at iteration 74 (‖r‖=9.83e-05 ≤ 1.00e-04, ‖s‖=3.18e-04 ≤ 5.00e-04)
  Final objective: $8188.87
[0m
================================================================================
[36;1m📊 SOLVER PERFORMANCE ANALYSIS (optimize!() times only)[0m
================================================================================
Iterations:       73
Effective time:   2168.87 seconds
Wall-clock time:  8276.14 seconds
Overhead:         73.8%
================================================================================

--- tADMM RESULT ---
[32;1mObjective: $8188.87
Wall-clock: 8276.14 seconds
Effective:  2168.87 seconds (74 iterations)
[0m
================================================================================
[36;1mVALIDATING tADMM SOLUTION[0m
================================================================================

================================================================================
SOLUTION VALIDATION: tADMM SOCP
================================================================================
✓ All constraints satisfied!
================================================================================
[32;1m✓ Convergence CSV: C:\repos_addendum\MultiPeriodDistOPF\envs\tadmm\processedData\ieee2552C_1ph_T96\convergence_data.csv[0m
[32;1m✓ Subproblem timing CSV: C:\repos_addendum\MultiPeriodDistOPF\envs\tadmm\processedData\ieee2552C_1ph_T96\subproblem_timing_details.csv[0m
[36;1mLoaded BF results from C:\repos_addendum\MultiPeriodDistOPF\envs\tadmm\processedData\ieee2552C_1ph_T96\results_socp_bf.txt[0m
[36;1mNear-optimal at k=27 (736.93s eff): obj=$8226.15, gap=0.215% vs BF, r=9.63e-05, s=8.28e-01[0m
[32;1m✓ Near-optimal summary: C:\repos_addendum\MultiPeriodDistOPF\envs\tadmm\processedData\ieee2552C_1ph_T96\near_optimal_summary.csv[0m
[32;1m✓ Solution saved: C:\repos_addendum\MultiPeriodDistOPF\envs\tadmm\processedData\ieee2552C_1ph_T96\sol_socp_tadmm.jls[0m
[32;1m✓ tADMM results written to C:\repos_addendum\MultiPeriodDistOPF\envs\tadmm\processedData\ieee2552C_1ph_T96\results_socp_tadmm.txt[0m
[32;1m✓ Live log trimmed to last 100 lines: C:\repos_addendum\MultiPeriodDistOPF\envs\tadmm\processedData\ieee2552C_1ph_T96\tadmm_run.log[0m

================================================================================
[35;1mtADMM PIPELINE COMPLETE[0m
================================================================================
