# tADMM live log — ieee2552C_1ph T=96, ρ_init=15000.0, adaptive=true
# k, objective, r_norm, s_norm, rho, sp_max, sp_med, elapsed_s, event
# tADMM live log — ieee2552C_1ph T=96, ρ_init=15000.0, adaptive=true
# k, objective, r_norm, s_norm, rho, sp_max, sp_med, elapsed_s, event
1,4400.062825,6.6608387969e-04,6.2128257600e-01,15000.00,45.8700,27.2150,207.29,
2,4390.125304,6.6802677356e-04,1.2141709219e+00,15000.00,43.9850,19.0775,348.45,
3,4323.965059,6.7185306135e-04,1.2761164904e+00,15000.00,32.6790,8.7625,436.00,
4,4323.964631,6.6701989924e-04,1.2477613645e+00,15000.00,34.6950,9.0705,518.41,
5,4323.964824,6.6675260113e-04,1.2425622476e+00,30000.00,31.1310,9.5060,594.56,
6,4331.366604,6.6333241748e-04,1.4434700383e+00,30000.00,32.7390,10.6710,689.83,
7,4590.702130,6.1455227879e-04,1.7366877461e+00,30000.00,30.0380,9.6655,777.34,
8,5063.561401,5.5040282019e-04,2.0185632250e+00,30000.00,26.6550,10.0290,868.89,
9,5527.746024,4.9480293376e-04,2.2428204037e+00,30000.00,33.1340,10.0860,960.30,
10,5967.850441,4.4305680923e-04,2.4020517285e+00,60000.00,28.4400,10.0655,1058.46,
11,6959.201820,3.0991114516e-04,2.6214785516e+00,60000.00,27.0460,11.9505,1146.03,
12,8043.174248,1.6175369162e-04,2.7546336659e+00,60000.00,19.5850,10.7445,1232.68,
13,8517.899765,4.4452874634e-05,2.8214861379e+00,60000.00,23.7150,9.3140,1312.96,
14,8594.943319,6.6133526560e-06,2.8042596737e+00,60000.00,19.3920,8.3510,1384.27,
15,8590.232952,3.9336353371e-06,2.6980189860e+00,15000.00,18.6820,8.8155,1451.89,
16,8580.147287,1.1644370319e-05,2.4816681530e+00,15000.00,20.1820,8.7040,1523.86,
17,8563.630584,1.9096723064e-05,1.9165757883e+00,15000.00,21.3370,9.3465,1595.33,
18,8550.274504,2.1231920476e-05,1.6071550577e+00,15000.00,24.6920,8.9620,1666.30,
19,8534.070953,2.2618522413e-05,1.4161394307e+00,15000.00,25.8220,8.9435,1734.97,
20,8517.992874,1.9630468145e-05,1.3716065241e+00,3750.00,23.2130,9.0785,1804.62,
21,8477.727578,4.6339925864e-05,1.2133669967e+00,3750.00,23.9200,9.7925,1891.73,
22,8452.081042,6.8162553033e-05,1.0717817660e+00,3750.00,25.4760,9.8185,1971.96,
23,8410.491483,7.7641100901e-05,9.5607517857e-01,3750.00,26.2250,9.8900,2055.94,
24,8390.109511,6.4402053344e-05,9.0907299723e-01,3750.00,26.1340,9.6230,2139.00,
25,8374.135236,6.6717884881e-05,8.8001330537e-01,937.50,24.3710,9.5265,2222.72,
26,8297.678221,8.6178592957e-05,8.4762436888e-01,937.50,24.1150,10.4815,2305.45,
27,8226.152933,9.6334238126e-05,8.2763808588e-01,937.50,23.6550,9.8585,2384.32,
28,8159.019273,1.1449674983e-04,7.7486308312e-01,937.50,24.1990,9.9255,2468.24,
29,8115.510077,1.2424838736e-04,6.4727249489e-01,937.50,24.2120,11.7835,2557.47,
30,8099.872369,1.1995099842e-04,4.8339549291e-01,937.50,25.3430,14.4970,2656.08,
31,8105.159971,1.0074372535e-04,3.8363274227e-01,937.50,22.2720,12.8245,2756.08,
32,8108.087122,8.4522435474e-05,3.1729008426e-01,937.50,23.0590,13.7200,2864.32,
33,8101.106376,7.5578078958e-05,2.7068883712e-01,937.50,30.3910,15.6720,2980.87,
34,8094.830625,6.6493280671e-05,2.3442321065e-01,937.50,26.2840,14.4335,3088.75,
35,8092.677107,7.0645977103e-05,2.0404295616e-01,234.38,23.8270,15.6630,3197.30,
36,8126.818199,1.0847759324e-04,1.4875733690e-01,234.38,26.6180,16.4035,3308.73,
37,8200.645571,1.3850435205e-04,1.0066815458e-01,234.38,24.8150,15.7530,3419.20,
38,8253.370071,1.5212550647e-04,6.1172910271e-02,234.38,25.7990,16.0410,3530.46,
39,8276.828870,1.5346812754e-04,3.0138550202e-02,234.38,36.7800,19.2095,3664.08,
40,8289.506635,1.3243630574e-04,1.6929048634e-02,234.38,31.9770,20.2840,3803.60,
41,8284.872401,1.1408420869e-04,2.7830465872e-02,234.38,36.1320,20.2665,3947.03,
42,8275.714607,1.0432931359e-04,3.5797451242e-02,234.38,35.5310,20.0065,4087.62,
43,8268.773629,8.7010437005e-05,4.0046182622e-02,234.38,33.1040,21.1255,4232.13,
44,8281.006511,7.6928716282e-05,3.7716157488e-02,234.38,29.8730,20.6860,4370.17,
45,8276.574520,7.0568057737e-05,3.5201596003e-02,58.59,36.0600,19.9865,4507.85,
46,8230.546858,1.2402065165e-04,2.9479678674e-02,58.59,34.8240,19.4195,4646.21,
47,8217.571008,1.6068089505e-04,2.0968017005e-02,58.59,32.4690,18.5125,4778.21,
48,8193.203006,1.6438293692e-04,1.1545465299e-02,58.59,32.6480,17.2170,4900.56,
49,8176.010975,1.6298811686e-04,5.3817210735e-03,58.59,26.3190,15.5955,5012.92,
50,8162.111748,1.6476544934e-04,5.9625270074e-03,58.59,24.0810,15.1045,5122.91,
51,8160.057138,1.5465102810e-04,8.6068621512e-03,58.59,26.2250,14.8080,5233.47,
52,8175.608466,1.3169304428e-04,1.0452077451e-02,58.59,38.0180,18.5595,5371.27,
53,8188.635244,1.0924445990e-04,1.1370138630e-02,58.59,31.4260,18.6095,5503.93,
54,8197.252220,9.5156398587e-05,1.1601399828e-02,58.59,30.0710,15.4910,5621.09,
55,8200.041372,9.6938267106e-05,1.0990861604e-02,14.65,24.2510,15.7330,5731.08,
56,8201.809263,1.6421010302e-04,9.4856205504e-03,14.65,29.6550,15.7140,5845.44,
57,8205.534238,2.1467736074e-04,5.5080813863e-03,14.65,26.8880,15.7520,5960.77,
58,8209.876930,1.6069669978e-04,2.9318175905e-03,14.65,27.9610,15.9695,6077.34,
59,8209.858793,1.6764336149e-04,1.6237217958e-03,14.65,27.6560,15.5730,6189.24,
60,8213.059880,1.7685440075e-04,9.8294059902e-04,14.65,26.2140,15.3750,6300.68,
61,8213.423828,1.5163992373e-04,1.8662216233e-03,14.65,24.5550,14.9505,6411.62,
62,8213.647656,1.2914921609e-04,2.5286407842e-03,14.65,37.3000,18.1085,6543.02,
63,8213.966223,1.1421929143e-04,2.7503759869e-03,14.65,39.7620,20.5120,6692.77,
64,8213.945752,1.0059158960e-04,2.7204681016e-03,14.65,32.1640,19.1150,6837.86,
65,8213.330656,1.0004763825e-04,2.5665979859e-03,14.65,35.9130,19.2310,6981.08,
66,8213.499583,9.1760154591e-05,2.3448241963e-03,14.65,32.2630,18.9385,7126.82,
67,8209.841420,9.7007745886e-05,2.1176063132e-03,14.65,31.8250,20.8925,7271.63,
68,8206.995688,1.1611797047e-04,1.6139043255e-03,14.65,31.3950,19.6865,7415.14,
69,8204.093175,1.1404791321e-04,1.0781252749e-03,14.65,34.9910,19.6775,7559.27,
70,8199.508464,7.3297914573e-05,1.0901450729e-03,3.66,34.1560,19.2510,7704.29,
71,8194.497160,9.6561129700e-05,8.5622292862e-04,3.66,36.5830,20.7225,7851.04,
72,8194.652113,1.0704279858e-04,6.2553463105e-04,3.66,31.9130,19.2670,7989.33,
73,8185.302414,1.0388945364e-04,4.4593380724e-04,3.66,37.0610,18.7980,8132.12,
74,8188.870534,9.8329064279e-05,3.1818806803e-04,3.66,37.0740,20.9530,8275.66,
# CONVERGED at k=74 (r=9.83e-05 <= 1.00e-04, s=3.18e-04 <= 5.00e-04)
# Final objective: $8188.870534
