
================================================================================
PARALLELIZATION STATUS
================================================================================
Julia threads:       16
Status:              Using 16 threads
================================================================================
RHO_OVERRIDE: using rho = 5000.0
EPS_PRI_OVERRIDE: using eps_pri = 0.0005
EPS_DUAL_OVERRIDE: using eps_dual = 0.0005
ADAPTIVE_RHO_OVERRIDE: adaptive_rho = true

================================================================================
PARSING SYSTEM DATA
================================================================================
Loaded system: ieee2552C_1ph from C:\repos_addendum\MultiPeriodDistOPF\envs\tadmm\..\..\rawData\ieee2552C_1ph\Master.dss

========================================
Initial Powerflow
========================================
Powerflow completed successfully!

[OpenDSS] Total system load: 2129.58 kW
[OpenDSS] Substation power: 2187.53 kW
[OpenDSS] Total PV dispatch: 0.00 kW
[OpenDSS] Total battery dispatch: 0.00 kW
[OpenDSS] Total system losses: 57.95 kW


================================================================================
[35;1mSOLVING MPOPF WITH SOCP (tADMM)[0m
================================================================================
[36;1mUsing fixed rho = 5000.0[0m
  [tADMM hyperparams] mu_balance=5.00 tau_incr=2.00 tau_decr=4.00 update_interval=3 eps_pri=5.0e-04 eps_dual=5.0e-04 rho_init=5000.0 adaptive=true

================================================================================
[36;1m🎯 tADMM[SOCP]: T=48, ρ_init=5000.0, adaptive=true, warm_start=true, |Bset|=250, |Nset|=2522, |Lset|=2521
[0m================================================================================

******************************************************************************
This program contains Ipopt, a library for large-scale nonlinear optimization.
 Ipopt is released as open source code under the Eclipse Public License (EPL).
         For more information visit https://github.com/coin-or/Ipopt
******************************************************************************

k=  1  obj=$4301.48  ‖r‖=1.34e-03  ‖s‖=7.20e-01  ρ=5000.0  sp_max=38.206s  sp_med=23.245s
k=  2  obj=$4299.56  ‖r‖=1.35e-03  ‖s‖=8.43e-01  ρ=5000.0  sp_max=30.206s  sp_med=6.563s
[33;1m  [PHASE1-UP] ρ: 5000.0 → 10000.0 (‖r‖=1.34e-03 > ε=5.0e-04)
[0mk=  3  obj=$4299.56  ‖r‖=1.34e-03  ‖s‖=9.03e-01  ρ=10000.0  sp_max=28.945s  sp_med=7.706s
k=  4  obj=$4299.56  ‖r‖=1.33e-03  ‖s‖=1.23e+00  ρ=10000.0  sp_max=25.884s  sp_med=8.307s
k=  5  obj=$4299.56  ‖r‖=1.32e-03  ‖s‖=1.53e+00  ρ=10000.0  sp_max=29.361s  sp_med=10.766s
[33;1m  [PHASE1-UP] ρ: 10000.0 → 20000.0 (‖r‖=1.32e-03 > ε=5.0e-04)
[0mk=  6  obj=$4299.55  ‖r‖=1.32e-03  ‖s‖=1.81e+00  ρ=20000.0  sp_max=31.981s  sp_med=10.642s
k=  7  obj=$4448.15  ‖r‖=1.25e-03  ‖s‖=2.41e+00  ρ=20000.0  sp_max=20.813s  sp_med=9.486s
k=  8  obj=$5013.70  ‖r‖=1.09e-03  ‖s‖=3.01e+00  ρ=20000.0  sp_max=23.030s  sp_med=11.244s
[33;1m  [PHASE1-UP] ρ: 20000.0 → 40000.0 (‖r‖=9.39e-04 > ε=5.0e-04)
[0mk=  9  obj=$5614.41  ‖r‖=9.39e-04  ‖s‖=3.48e+00  ρ=40000.0  sp_max=24.719s  sp_med=12.287s
k= 10  obj=$6770.39  ‖r‖=6.26e-04  ‖s‖=3.36e+00  ρ=40000.0  sp_max=37.313s  sp_med=11.772s
      [Progress] 512.3s elapsed, 1 iters/min
k= 11  obj=$8075.22  ‖r‖=2.65e-04  ‖s‖=2.56e+00  ρ=40000.0  sp_max=27.724s  sp_med=11.296s
[32;1m  [k= 12] Phase 1→2: primal converged
[0m[36;1m  [k= 12] ρ 40000.0 → 10000.0 (s/r=24357.2, ‖r‖ converged)
[0mk= 12  obj=$8463.46  ‖r‖=8.24e-05  ‖s‖=2.01e+00  ρ=10000.0  sp_max=21.071s  sp_med=9.299s
k= 13  obj=$8453.84  ‖r‖=9.38e-05  ‖s‖=1.87e+00  ρ=10000.0  sp_max=22.601s  sp_med=8.586s
k= 14  obj=$8445.00  ‖r‖=9.02e-05  ‖s‖=1.83e+00  ρ=10000.0  sp_max=18.571s  sp_med=8.184s
[36;1m  [k= 15] ρ 10000.0 → 2500.0 (s/r=23785.3, ‖r‖ converged)
[0mk= 15  obj=$8438.78  ‖r‖=7.78e-05  ‖s‖=1.85e+00  ρ=2500.0  sp_max=37.562s  sp_med=10.561s
k= 16  obj=$8412.93  ‖r‖=6.19e-05  ‖s‖=1.84e+00  ρ=2500.0  sp_max=32.747s  sp_med=15.069s
k= 17  obj=$8352.17  ‖r‖=9.76e-05  ‖s‖=1.78e+00  ρ=2500.0  sp_max=29.775s  sp_med=13.034s
[36;1m  [k= 18] ρ 2500.0 → 625.0 (s/r=13665.3, ‖r‖ converged)
[0mk= 18  obj=$8308.23  ‖r‖=1.26e-04  ‖s‖=1.72e+00  ρ=625.0  sp_max=21.719s  sp_med=13.813s
k= 19  obj=$8221.93  ‖r‖=2.02e-04  ‖s‖=1.46e+00  ρ=625.0  sp_max=22.239s  sp_med=12.753s
k= 20  obj=$8216.21  ‖r‖=2.23e-04  ‖s‖=6.75e-01  ρ=625.0  sp_max=30.340s  sp_med=14.409s
      [Progress] 1000.7s elapsed, 1 iters/min
[36;1m  [k= 21] ρ 625.0 → 156.2 (s/r=1790.7, ‖r‖ converged)
[0mk= 21  obj=$8215.47  ‖r‖=2.14e-04  ‖s‖=3.83e-01  ρ=156.2  sp_max=31.297s  sp_med=13.539s
k= 22  obj=$8287.25  ‖r‖=2.31e-04  ‖s‖=1.35e-01  ρ=156.2  sp_max=26.775s  sp_med=13.085s
k= 23  obj=$8288.17  ‖r‖=2.61e-04  ‖s‖=2.90e-02  ρ=156.2  sp_max=33.153s  sp_med=14.580s
[36;1m  [k= 24] ρ 156.2 → 39.1 (s/r=110.3, ‖r‖ converged)
[0mk= 24  obj=$8273.39  ‖r‖=2.06e-04  ‖s‖=2.27e-02  ρ=39.1  sp_max=29.640s  sp_med=13.978s
k= 25  obj=$8291.27  ‖r‖=2.98e-04  ‖s‖=8.28e-03  ρ=39.1  sp_max=32.532s  sp_med=14.030s
k= 26  obj=$8290.87  ‖r‖=2.54e-04  ‖s‖=2.51e-03  ρ=39.1  sp_max=26.675s  sp_med=12.961s
[36;1m  [k= 27] ρ 39.1 → 9.8 (s/r=11.7, ‖r‖ converged)
[0mk= 27  obj=$8290.91  ‖r‖=2.04e-04  ‖s‖=2.38e-03  ρ=9.8  sp_max=28.841s  sp_med=12.625s
k= 28  obj=$8290.92  ‖r‖=1.99e-04  ‖s‖=1.27e-03  ρ=9.8  sp_max=27.235s  sp_med=13.390s
k= 29  obj=$8290.91  ‖r‖=1.97e-04  ‖s‖=5.26e-04  ρ=9.8  sp_max=31.625s  sp_med=15.316s
k= 30  obj=$8290.92  ‖r‖=1.85e-04  ‖s‖=4.29e-04  ρ=9.8  sp_max=35.220s  sp_med=14.486s
      [Progress] 1591.9s elapsed, 1 iters/min
[32;1m🎉 tADMM converged at iteration 30 (‖r‖=1.85e-04 ≤ 5.00e-04, ‖s‖=4.29e-04 ≤ 5.00e-04)
  Final objective: $8290.92
[0m
================================================================================
[36;1m📊 SOLVER PERFORMANCE ANALYSIS (optimize!() times only)[0m
================================================================================
Iterations:       29
Effective time:   857.80 seconds
Wall-clock time:  1592.67 seconds
Overhead:         46.1%
================================================================================

--- tADMM RESULT ---
[32;1mObjective: $8290.92
Wall-clock: 1592.67 seconds
Effective:  857.80 seconds (30 iterations)
[0m
================================================================================
[36;1mVALIDATING tADMM SOLUTION[0m
================================================================================

================================================================================
SOLUTION VALIDATION: tADMM SOCP
================================================================================
✓ All constraints satisfied!
================================================================================
[32;1m✓ Convergence CSV: C:\repos_addendum\MultiPeriodDistOPF\envs\tadmm\processedData\ieee2552C_1ph_T48\convergence_data.csv[0m
[32;1m✓ Subproblem timing CSV: C:\repos_addendum\MultiPeriodDistOPF\envs\tadmm\processedData\ieee2552C_1ph_T48\subproblem_timing_details.csv[0m
[36;1mLoaded BF results from C:\repos_addendum\MultiPeriodDistOPF\envs\tadmm\processedData\ieee2552C_1ph_T48\results_socp_bf.txt[0m
[36;1mNear-optimal at k=20 (554.81s eff): obj=$8216.21, gap=0.493% vs BF, r=2.23e-04, s=6.75e-01[0m
[32;1m✓ Near-optimal summary: C:\repos_addendum\MultiPeriodDistOPF\envs\tadmm\processedData\ieee2552C_1ph_T48\near_optimal_summary.csv[0m
[32;1m✓ Solution saved: C:\repos_addendum\MultiPeriodDistOPF\envs\tadmm\processedData\ieee2552C_1ph_T48\sol_socp_tadmm.jls[0m
[32;1m✓ tADMM results written to C:\repos_addendum\MultiPeriodDistOPF\envs\tadmm\processedData\ieee2552C_1ph_T48\results_socp_tadmm.txt[0m
[32;1m✓ Live log trimmed to last 100 lines: C:\repos_addendum\MultiPeriodDistOPF\envs\tadmm\processedData\ieee2552C_1ph_T48\tadmm_run.log[0m

================================================================================
[35;1mtADMM PIPELINE COMPLETE[0m
================================================================================
