# tADMM live log — ieee2552C_1ph T=48, ρ_init=5000.0, adaptive=true
# k, objective, r_norm, s_norm, rho, sp_max, sp_med, elapsed_s, event
# tADMM live log — ieee2552C_1ph T=48, ρ_init=5000.0, adaptive=true
# k, objective, r_norm, s_norm, rho, sp_max, sp_med, elapsed_s, event
1,4301.475389,1.3413263585e-03,7.1971383301e-01,5000.00,38.2060,23.2445,91.65,
2,4299.555310,1.3472260703e-03,8.4348116716e-01,5000.00,30.2060,6.5635,134.78,
3,4299.555628,1.3386694385e-03,9.0261167368e-01,10000.00,28.9450,7.7060,172.33,
4,4299.555218,1.3291715038e-03,1.2282390495e+00,10000.00,25.8840,8.3075,216.16,
5,4299.555086,1.3229618443e-03,1.5267535862e+00,10000.00,29.3610,10.7660,266.12,
6,4299.554592,1.3170871608e-03,1.8100588449e+00,20000.00,31.9810,10.6420,310.42,
7,4448.153467,1.2473840442e-03,2.4057761929e+00,20000.00,20.8130,9.4865,351.07,
8,5013.696786,1.0855353516e-03,3.0140555001e+00,20000.00,23.0300,11.2445,401.61,
9,5614.408673,9.3899929264e-04,3.4835656205e+00,40000.00,24.7190,12.2870,456.28,
10,6770.386855,6.2617053099e-04,3.3574852321e+00,40000.00,37.3130,11.7720,512.37,
11,8075.218982,2.6469669348e-04,2.5571264497e+00,40000.00,27.7240,11.2960,568.06,
12,8463.455838,8.2447906400e-05,2.0081962992e+00,10000.00,21.0710,9.2990,610.91,
13,8453.838189,9.3765776945e-05,1.8661848597e+00,10000.00,22.6010,8.5855,650.24,
14,8444.996334,9.0161088986e-05,1.8278767760e+00,10000.00,18.5710,8.1845,686.17,
15,8438.784818,7.7832484590e-05,1.8512682330e+00,2500.00,37.5620,10.5610,730.54,
16,8412.933220,6.1911458644e-05,1.8421587295e+00,2500.00,32.7470,15.0695,788.76,
17,8352.173156,9.7568250405e-05,1.7792326678e+00,2500.00,29.7750,13.0340,838.04,
18,8308.225332,1.2620735608e-04,1.7246590603e+00,625.00,21.7190,13.8135,888.47,
19,8221.925217,2.0178936054e-04,1.4596621405e+00,625.00,22.2390,12.7530,938.54,
20,8216.214718,2.2334190115e-04,6.7450768361e-01,625.00,30.3400,14.4095,1000.75,
21,8215.474816,2.1361984613e-04,3.8253820933e-01,156.25,31.2970,13.5395,1060.54,
22,8287.248050,2.3078250889e-04,1.3468539342e-01,156.25,26.7750,13.0850,1119.77,
23,8288.174701,2.6139538390e-04,2.8982313847e-02,156.25,33.1530,14.5800,1181.42,
24,8273.391800,2.0592254256e-04,2.2716084883e-02,39.06,29.6400,13.9780,1238.03,
25,8291.270503,2.9795344550e-04,8.2772902838e-03,39.06,32.5320,14.0305,1296.89,
26,8290.874565,2.5408673451e-04,2.5064410584e-03,39.06,26.6750,12.9610,1352.77,
27,8290.911310,2.0380268153e-04,2.3801464462e-03,9.77,28.8410,12.6255,1407.93,
28,8290.918429,1.9937649391e-04,1.2723915877e-03,9.77,27.2350,13.3895,1466.70,
29,8290.911350,1.9675730286e-04,5.2620963432e-04,9.77,31.6250,15.3155,1529.70,
30,8290.923316,1.8478666748e-04,4.2945248187e-04,9.77,35.2200,14.4860,1591.95,
# CONVERGED at k=30 (r=1.85e-04 <= 5.00e-04, s=4.29e-04 <= 5.00e-04)
# Final objective: $8290.923316
