
================================================================================
PARALLELIZATION STATUS
================================================================================
Julia threads:       16
Status:              Using 16 threads
================================================================================
RHO_OVERRIDE: using rho = 1000.0
EPS_PRI_OVERRIDE: using eps_pri = 0.001
EPS_DUAL_OVERRIDE: using eps_dual = 0.0005
ADAPTIVE_RHO_OVERRIDE: adaptive_rho = true

================================================================================
PARSING SYSTEM DATA
================================================================================
Loaded system: ieee2552C_1ph from C:\repos_addendum\MultiPeriodDistOPF\envs\tadmm\..\..\rawData\ieee2552C_1ph\Master.dss

========================================
Initial Powerflow
========================================
Powerflow completed successfully!

[OpenDSS] Total system load: 2129.58 kW
[OpenDSS] Substation power: 2187.53 kW
[OpenDSS] Total PV dispatch: 0.00 kW
[OpenDSS] Total battery dispatch: 0.00 kW
[OpenDSS] Total system losses: 57.95 kW


================================================================================
[35;1mSOLVING MPOPF WITH SOCP (tADMM)[0m
================================================================================
[36;1mUsing fixed rho = 1000.0[0m
  [tADMM hyperparams] mu_balance=5.00 tau_incr=2.00 tau_decr=4.00 update_interval=5 eps_pri=1.0e-03 eps_dual=5.0e-04 rho_init=1000.0 adaptive=true

================================================================================
[36;1m🎯 tADMM[SOCP]: T=48, ρ_init=1000.0, adaptive=true, warm_start=true, |Bset|=250, |Nset|=2522, |Lset|=2521
[0m================================================================================

******************************************************************************
This program contains Ipopt, a library for large-scale nonlinear optimization.
 Ipopt is released as open source code under the Eclipse Public License (EPL).
         For more information visit https://github.com/coin-or/Ipopt
******************************************************************************


******************************************************************************
This program contains Ipopt, a library for large-scale nonlinear optimization.
 Ipopt is released as open source code under the Eclipse Public License (EPL).
         For more information visit https://github.com/coin-or/Ipopt
******************************************************************************

k=  1  obj=$4355.05  ‖r‖=1.36e-03  ‖s‖=2.96e-01  ρ=1000.0  sp_max=56.723s  sp_med=40.857s
k=  2  obj=$4299.56  ‖r‖=1.36e-03  ‖s‖=2.13e-01  ρ=1000.0  sp_max=48.342s  sp_med=10.781s
k=  3  obj=$4299.56  ‖r‖=1.35e-03  ‖s‖=1.92e-01  ρ=1000.0  sp_max=42.789s  sp_med=12.562s
k=  4  obj=$4299.55  ‖r‖=1.34e-03  ‖s‖=2.06e-01  ρ=1000.0  sp_max=26.948s  sp_med=13.727s
[33;1m  [PHASE1-UP] ρ: 1000.0 → 2000.0 (‖r‖=1.32e-03 > ε=1.0e-03)
[0mk=  5  obj=$4299.55  ‖r‖=1.32e-03  ‖s‖=2.24e-01  ρ=2000.0  sp_max=15.986s  sp_med=12.457s
k=  6  obj=$4299.55  ‖r‖=1.32e-03  ‖s‖=2.71e-01  ρ=2000.0  sp_max=15.417s  sp_med=11.964s
k=  7  obj=$4299.55  ‖r‖=1.31e-03  ‖s‖=3.22e-01  ρ=2000.0  sp_max=41.371s  sp_med=12.353s
k=  8  obj=$4299.55  ‖r‖=1.30e-03  ‖s‖=3.71e-01  ρ=2000.0  sp_max=15.304s  sp_med=12.303s
k=  9  obj=$4299.55  ‖r‖=1.30e-03  ‖s‖=3.21e-01  ρ=2000.0  sp_max=17.422s  sp_med=12.469s
[33;1m  [PHASE1-UP] ρ: 2000.0 → 4000.0 (‖r‖=1.30e-03 > ε=1.0e-03)
[0mk= 10  obj=$4299.55  ‖r‖=1.30e-03  ‖s‖=3.14e-01  ρ=4000.0  sp_max=18.457s  sp_med=11.986s
      [Progress] 637.0s elapsed, 1 iters/min
k= 11  obj=$4299.55  ‖r‖=1.30e-03  ‖s‖=3.34e-01  ρ=4000.0  sp_max=15.754s  sp_med=12.010s
k= 12  obj=$4299.55  ‖r‖=1.30e-03  ‖s‖=3.65e-01  ρ=4000.0  sp_max=15.710s  sp_med=12.333s
k= 13  obj=$4299.55  ‖r‖=1.29e-03  ‖s‖=3.91e-01  ρ=4000.0  sp_max=28.999s  sp_med=13.044s
k= 14  obj=$4299.56  ‖r‖=1.29e-03  ‖s‖=4.10e-01  ρ=4000.0  sp_max=14.318s  sp_med=12.249s
[33;1m  [PHASE1-UP] ρ: 4000.0 → 8000.0 (‖r‖=1.29e-03 > ε=1.0e-03)
[0mk= 15  obj=$4299.56  ‖r‖=1.29e-03  ‖s‖=4.22e-01  ρ=8000.0  sp_max=16.236s  sp_med=12.061s
k= 16  obj=$4299.55  ‖r‖=1.29e-03  ‖s‖=4.59e-01  ρ=8000.0  sp_max=16.953s  sp_med=11.987s
k= 17  obj=$4302.61  ‖r‖=1.29e-03  ‖s‖=5.04e-01  ρ=8000.0  sp_max=16.076s  sp_med=12.520s
k= 18  obj=$4419.74  ‖r‖=1.24e-03  ‖s‖=5.72e-01  ρ=8000.0  sp_max=25.241s  sp_med=12.021s
k= 19  obj=$4600.99  ‖r‖=1.19e-03  ‖s‖=6.41e-01  ρ=8000.0  sp_max=19.263s  sp_med=12.375s
[33;1m  [PHASE1-UP] ρ: 8000.0 → 16000.0 (‖r‖=1.15e-03 > ε=1.0e-03)
[0mk= 20  obj=$4783.89  ‖r‖=1.15e-03  ‖s‖=7.12e-01  ρ=16000.0  sp_max=18.490s  sp_med=12.513s
      [Progress] 1098.7s elapsed, 1 iters/min
k= 21  obj=$5059.60  ‖r‖=1.07e-03  ‖s‖=9.33e-01  ρ=16000.0  sp_max=26.283s  sp_med=12.758s
k= 22  obj=$5505.55  ‖r‖=9.69e-04  ‖s‖=1.25e+00  ρ=16000.0  sp_max=28.004s  sp_med=14.426s
k= 23  obj=$6162.59  ‖r‖=8.18e-04  ‖s‖=1.55e+00  ρ=16000.0  sp_max=31.429s  sp_med=13.479s
k= 24  obj=$7083.69  ‖r‖=6.00e-04  ‖s‖=1.74e+00  ρ=16000.0  sp_max=24.926s  sp_med=13.503s
[32;1m  [k= 25] Phase 1→2: primal converged
[0m[36;1m  [k= 25] ρ 16000.0 → 4000.0 (s/r=4364.8, ‖r‖ converged)
[0mk= 25  obj=$7735.58  ‖r‖=4.22e-04  ‖s‖=1.84e+00  ρ=4000.0  sp_max=26.734s  sp_med=12.775s
k= 26  obj=$7981.62  ‖r‖=3.51e-04  ‖s‖=1.86e+00  ρ=4000.0  sp_max=28.851s  sp_med=19.178s
k= 27  obj=$8051.61  ‖r‖=3.12e-04  ‖s‖=1.85e+00  ρ=4000.0  sp_max=28.815s  sp_med=16.005s
k= 28  obj=$8143.52  ‖r‖=2.55e-04  ‖s‖=1.84e+00  ρ=4000.0  sp_max=27.029s  sp_med=16.233s
k= 29  obj=$8155.58  ‖r‖=2.41e-04  ‖s‖=1.80e+00  ρ=4000.0  sp_max=25.259s  sp_med=14.881s
[36;1m  [k= 30] ρ 4000.0 → 1000.0 (s/r=7871.3, ‖r‖ converged)
[0mk= 30  obj=$8159.28  ‖r‖=2.25e-04  ‖s‖=1.77e+00  ρ=1000.0  sp_max=26.269s  sp_med=14.051s
      [Progress] 1692.2s elapsed, 1 iters/min
k= 31  obj=$8126.78  ‖r‖=2.16e-04  ‖s‖=1.72e+00  ρ=1000.0  sp_max=38.075s  sp_med=15.609s
k= 32  obj=$8111.84  ‖r‖=2.45e-04  ‖s‖=1.32e+00  ρ=1000.0  sp_max=28.994s  sp_med=14.140s
k= 33  obj=$8132.65  ‖r‖=2.70e-04  ‖s‖=8.94e-01  ρ=1000.0  sp_max=30.857s  sp_med=19.199s
k= 34  obj=$8145.42  ‖r‖=2.69e-04  ‖s‖=5.67e-01  ρ=1000.0  sp_max=31.703s  sp_med=14.326s
[36;1m  [k= 35] ρ 1000.0 → 250.0 (s/r=1436.0, ‖r‖ converged)
[0mk= 35  obj=$8162.27  ‖r‖=2.63e-04  ‖s‖=3.77e-01  ρ=250.0  sp_max=34.386s  sp_med=16.154s
k= 36  obj=$8266.77  ‖r‖=2.64e-04  ‖s‖=1.91e-01  ρ=250.0  sp_max=29.863s  sp_med=13.913s
k= 37  obj=$8301.46  ‖r‖=2.49e-04  ‖s‖=7.58e-02  ρ=250.0  sp_max=31.030s  sp_med=13.380s
k= 38  obj=$8303.67  ‖r‖=2.00e-04  ‖s‖=5.02e-02  ρ=250.0  sp_max=35.299s  sp_med=14.462s
k= 39  obj=$8321.47  ‖r‖=1.83e-04  ‖s‖=3.77e-02  ρ=250.0  sp_max=31.746s  sp_med=14.975s
[36;1m  [k= 40] ρ 250.0 → 62.5 (s/r=193.7, ‖r‖ converged)
[0mk= 40  obj=$8316.13  ‖r‖=1.53e-04  ‖s‖=2.97e-02  ρ=62.5  sp_max=32.145s  sp_med=15.599s
      [Progress] 2358.1s elapsed, 1 iters/min
k= 41  obj=$8272.61  ‖r‖=2.21e-04  ‖s‖=1.93e-02  ρ=62.5  sp_max=40.297s  sp_med=15.208s
k= 42  obj=$8222.13  ‖r‖=2.08e-04  ‖s‖=1.37e-02  ρ=62.5  sp_max=36.160s  sp_med=14.860s
k= 43  obj=$8202.28  ‖r‖=1.72e-04  ‖s‖=1.16e-02  ρ=62.5  sp_max=33.911s  sp_med=15.625s
k= 44  obj=$8217.75  ‖r‖=1.75e-04  ‖s‖=8.95e-03  ρ=62.5  sp_max=37.952s  sp_med=13.983s
[36;1m  [k= 45] ρ 62.5 → 15.6 (s/r=27.4, ‖r‖ converged)
[0mk= 45  obj=$8238.54  ‖r‖=1.86e-04  ‖s‖=5.09e-03  ρ=15.6  sp_max=35.678s  sp_med=14.211s
k= 46  obj=$8274.22  ‖r‖=2.28e-04  ‖s‖=2.37e-03  ρ=15.6  sp_max=40.567s  sp_med=15.145s
k= 47  obj=$8278.18  ‖r‖=2.21e-04  ‖s‖=9.39e-04  ρ=15.6  sp_max=35.561s  sp_med=15.207s
k= 48  obj=$8278.71  ‖r‖=1.84e-04  ‖s‖=1.26e-03  ρ=15.6  sp_max=34.643s  sp_med=14.924s
k= 49  obj=$8266.38  ‖r‖=1.57e-04  ‖s‖=1.28e-03  ρ=15.6  sp_max=35.420s  sp_med=14.168s
[36;1m  [k= 50] ρ 15.6 → 3.9 (s/r=7.0, ‖r‖ converged)
[0mk= 50  obj=$8253.62  ‖r‖=1.43e-04  ‖s‖=9.96e-04  ρ=3.9  sp_max=37.591s  sp_med=15.061s
      [Progress] 3055.4s elapsed, 1 iters/min
k= 51  obj=$8216.26  ‖r‖=1.54e-04  ‖s‖=5.48e-04  ρ=3.9  sp_max=34.622s  sp_med=14.130s
k= 52  obj=$8218.54  ‖r‖=1.64e-04  ‖s‖=1.28e-04  ρ=3.9  sp_max=40.315s  sp_med=14.936s
[32;1m🎉 tADMM converged at iteration 52 (‖r‖=1.64e-04 ≤ 1.00e-03, ‖s‖=1.28e-04 ≤ 5.00e-04)
  Final objective: $8218.54
[0m
================================================================================
[36;1m📊 SOLVER PERFORMANCE ANALYSIS (optimize!() times only)[0m
================================================================================
Iterations:       51
Effective time:   1526.21 seconds
Wall-clock time:  3192.30 seconds
Overhead:         52.2%
================================================================================

--- tADMM RESULT ---
[32;1mObjective: $8218.54
Wall-clock: 3192.30 seconds
Effective:  1526.21 seconds (52 iterations)
[0m
================================================================================
[36;1mVALIDATING tADMM SOLUTION[0m
================================================================================

================================================================================
SOLUTION VALIDATION: tADMM SOCP
================================================================================
✓ All constraints satisfied!
================================================================================
[32;1m✓ Convergence CSV: C:\repos_addendum\MultiPeriodDistOPF\envs\tadmm\processedData\ieee2552C_1ph_T48\convergence_data.csv[0m
[32;1m✓ Subproblem timing CSV: C:\repos_addendum\MultiPeriodDistOPF\envs\tadmm\processedData\ieee2552C_1ph_T48\subproblem_timing_details.csv[0m
[36;1mLoaded BF results from C:\repos_addendum\MultiPeriodDistOPF\envs\tadmm\processedData\ieee2552C_1ph_T48\results_socp_bf.txt[0m
[36;1mNear-optimal at k=28 (707.87s eff): obj=$8143.52, gap=0.396% vs BF, r=2.55e-04, s=1.84e+00[0m
[32;1m✓ Near-optimal summary: C:\repos_addendum\MultiPeriodDistOPF\envs\tadmm\processedData\ieee2552C_1ph_T48\near_optimal_summary.csv[0m
[32;1m✓ Solution saved: C:\repos_addendum\MultiPeriodDistOPF\envs\tadmm\processedData\ieee2552C_1ph_T48\sol_socp_tadmm.jls[0m
[32;1m✓ tADMM results written to C:\repos_addendum\MultiPeriodDistOPF\envs\tadmm\processedData\ieee2552C_1ph_T48\results_socp_tadmm.txt[0m
[32;1m✓ Live log trimmed to last 100 lines: C:\repos_addendum\MultiPeriodDistOPF\envs\tadmm\processedData\ieee2552C_1ph_T48\tadmm_run.log[0m

================================================================================
[35;1mtADMM PIPELINE COMPLETE[0m
================================================================================
