
******************************************************************************
This program contains Ipopt, a library for large-scale nonlinear optimization.
 Ipopt is released as open source code under the Eclipse Public License (EPL).
         For more information visit https://github.com/coin-or/Ipopt
******************************************************************************

This is Ipopt version 3.14.19, running with linear solver MUMPS 5.8.2.

Number of nonzeros in equality constraint Jacobian...:    23690
Number of nonzeros in inequality constraint Jacobian.:    13356
Number of nonzeros in Lagrangian Hessian.............:     7813

Total number of variables............................:    10837
                     variables with only lower bounds:     2522
                variables with lower and upper bounds:        0
                     variables with only upper bounds:        0
Total number of equality constraints.................:     7816
Total number of inequality constraints...............:     5793
        inequality constraints with only lower bounds:        0
   inequality constraints with lower and upper bounds:     3272
        inequality constraints with only upper bounds:     2521

iter    objective    inf_pr   inf_du lg(mu)  ||d||  lg(rg) alpha_du alpha_pr  ls
   0  3.3599966e+01 1.10e+00 1.66e+00  -1.0 0.00e+00    -  0.00e+00 0.00e+00   0
   1  2.6106818e+02 1.08e+00 4.06e+00  -1.0 2.78e+00    -  3.69e-03 2.44e-02f  1
   2  4.9276938e+02 1.03e+00 3.93e+00  -1.0 1.61e+00    -  8.75e-02 4.33e-02f  1
   3  5.0940657e+02 1.02e+00 3.89e+00  -1.0 2.02e+00    -  9.49e-03 8.71e-03f  1
   4  5.9313161e+02 1.00e+00 8.41e+00  -1.0 6.07e+00    -  5.00e-03 1.64e-02f  1
   5  7.1740868e+02 9.82e-01 8.91e+00  -1.0 5.68e+00    -  2.44e-02 2.16e-02f  1
   6  8.8268660e+02 9.53e-01 7.89e+00  -1.0 4.85e+00    -  2.42e-02 2.93e-02f  1
   7  1.0390108e+03 9.26e-01 1.11e+01  -1.0 4.19e+00    -  3.69e-02 2.85e-02f  1
   8  1.1807455e+03 9.01e-01 4.26e+01  -1.0 4.28e+01    -  7.58e-04 2.66e-02f  1
   9  1.2392526e+03 8.91e-01 6.06e+01  -1.0 5.40e+02    -  2.98e-03 1.13e-02f  1
iter    objective    inf_pr   inf_du lg(mu)  ||d||  lg(rg) alpha_du alpha_pr  ls
  10  1.2458142e+03 8.90e-01 5.62e+01  -1.0 7.03e+03    -  6.34e-04 1.21e-03f  1
  11  1.3199396e+03 8.77e-01 6.81e+01  -1.0 6.98e+02  -2.0 4.35e-03 1.44e-02f  1
  12  1.3244422e+03 8.76e-01 5.54e+01  -1.0 1.16e+04  -2.5 3.87e-04 7.48e-04f  1
  13  1.3363114e+03 8.74e-01 5.53e+01  -1.0 1.53e+03  -2.1 2.30e-03 2.28e-03f  1
  14  1.3853230e+03 8.66e-01 5.45e+01  -1.0 3.54e+02  -1.6 5.27e-03 9.70e-03f  1
  15  1.3867819e+03 8.66e-01 5.82e+01  -1.0 1.08e+04  -2.1 2.82e-04 2.13e-04f  1
  16  1.4119237e+03 8.61e-01 5.44e+01  -1.0 5.42e+02  -1.7 3.36e-03 4.96e-03f  1
  17  1.5389379e+03 8.39e-01 5.66e+01  -1.0 1.17e+02  -1.3 1.40e-02 2.57e-02f  1
  18  1.5587173e+03 8.36e-01 5.68e+01  -1.0 6.61e+02  -1.7 4.05e-03 3.95e-03f  1
  19  1.6424130e+03 8.21e-01 5.67e+01  -1.0 1.15e+02  -1.3 1.50e-02 1.75e-02f  1
iter    objective    inf_pr   inf_du lg(mu)  ||d||  lg(rg) alpha_du alpha_pr  ls
  20  1.6648640e+03 8.18e-01 5.93e+01  -1.0 6.72e+02  -1.8 5.36e-03 4.51e-03f  1
  21  1.7833195e+03 7.97e-01 6.11e+01  -1.0 1.15e+02  -1.4 1.83e-02 2.53e-02f  1
  22  1.8230294e+03 7.90e-01 6.53e+01  -1.0 6.07e+02  -1.8 6.84e-03 8.18e-03f  1
  23  1.9446545e+03 7.69e-01 1.88e+01  -1.0 1.07e+02  -1.4 7.25e-02 2.72e-02f  1
  24  2.0498319e+03 7.51e-01 1.04e+02  -1.0 4.98e+02  -1.9 5.72e-03 2.33e-02f  1
  25  2.1790616e+03 7.27e-01 9.50e+01  -1.0 9.30e+01  -1.5 3.98e-02 3.18e-02f  1
  26  2.3560290e+03 6.95e-01 1.64e+02  -1.0 3.99e+02  -1.9 2.29e-02 4.34e-02f  1
  27  2.3919365e+03 6.91e-01 2.36e+02  -1.0 2.17e+03  -2.4 1.99e-04 7.07e-03h  1
  28  2.4083498e+03 6.88e-01 2.32e+02  -1.0 2.05e+02  -2.0 2.46e-02 4.36e-03f  1
  29  2.4151422e+03 6.86e-01 2.33e+02  -1.0 4.35e+03  -2.5 9.34e-05 1.73e-03f  1
iter    objective    inf_pr   inf_du lg(mu)  ||d||  lg(rg) alpha_du alpha_pr  ls
  30  2.5396485e+03 6.63e-01 3.99e+02  -1.0 2.42e+02  -2.0 3.14e-03 3.35e-02f  1
  31  2.8747174e+03 6.04e-01 1.90e+02  -1.0 1.51e+02  -1.6 1.50e-02 9.01e-02f  1
  32  3.1824659e+03 5.49e-01 1.73e+02  -1.0 1.64e+02  -2.1 8.51e-02 9.04e-02f  1
  33  3.2160294e+03 5.43e-01 1.83e+02  -1.0 4.99e+02  -2.6 3.22e-02 1.10e-02f  1
  34  3.3599288e+03 5.17e-01 1.54e+02  -1.0 1.64e+02  -2.1 2.10e-02 4.78e-02f  1
  35  3.4058207e+03 5.09e-01 1.54e+02  -1.0 4.38e+02  -2.6 1.93e-02 1.61e-02f  1
  36  3.4813454e+03 4.95e-01 1.59e+02  -1.0 1.38e+02  -2.2 4.19e-02 2.68e-02f  1
  37  3.5607716e+03 4.81e-01 1.99e+02  -1.0 4.60e+02  -2.7 7.95e-03 2.89e-02f  1
  38  3.6465894e+03 4.65e-01 1.93e+02  -1.0 1.47e+02  -2.2 3.57e-02 3.21e-02f  1
  39  3.6815850e+03 4.59e-01 2.09e+02  -1.0 4.23e+02  -2.7 6.44e-02 1.36e-02f  1
iter    objective    inf_pr   inf_du lg(mu)  ||d||  lg(rg) alpha_du alpha_pr  ls
  40  3.7130975e+03 4.53e-01 2.66e+02  -1.0 1.68e+02  -2.3 3.88e-02 1.26e-02f  1
  41  3.7968037e+03 4.38e-01 1.59e+02  -1.0 4.77e+02  -2.8 1.28e-02 3.39e-02f  1
  42  3.8353730e+03 4.31e-01 1.53e+02  -1.0 3.01e+02  -2.3 7.54e-03 1.61e-02f  1
  43  3.9036766e+03 4.19e-01 1.50e+02  -1.0 5.05e+02  -2.8 3.24e-02 2.86e-02f  1
  44  3.9781183e+03 4.05e-01 1.46e+02  -1.0 3.89e+02  -2.4 3.40e-02 3.28e-02f  1
  45  4.1621620e+03 3.75e-01 1.26e+02  -1.0 4.87e+02  -2.9 5.99e-02 8.09e-02f  1
  46  4.2209781e+03 3.61e-01 1.21e+02  -1.0 3.28e+02  -2.4 1.78e-02 2.86e-02f  1
  47  4.2770983e+03 5.05e-01 1.16e+02  -1.0 4.52e+02  -2.9 2.10e-02 2.77e-02f  1
  48  4.3873958e+03 3.32e-01 1.07e+02  -1.0 3.39e+02  -2.5 3.32e-02 5.64e-02f  1
  49  4.5258071e+03 3.07e-01 2.25e+02  -1.0 4.51e+02  -3.0 1.88e-01 7.36e-02f  1
iter    objective    inf_pr   inf_du lg(mu)  ||d||  lg(rg) alpha_du alpha_pr  ls
  50  4.5344349e+03 4.57e-01 2.29e+02  -1.0 2.61e+03  -3.4 1.45e-02 4.78e-03f  1
  51  4.6381637e+03 3.22e-01 2.03e+02  -1.0 4.19e+02  -3.0 5.39e-02 5.98e-02f  1
  52  4.6855089e+03 2.79e-01 2.02e+02  -1.0 1.34e+03  -3.5 1.83e-02 2.85e-02f  1
  53  4.8449253e+03 2.51e-01 1.61e+02  -1.0 2.65e+02  -3.1 8.94e-02 1.00e-01f  1
  54  4.9332062e+03 2.36e-01 3.57e+02  -1.0 4.86e+02  -3.6 2.57e-01 6.11e-02f  1
  55  4.9347049e+03 2.36e-01 8.72e+02  -1.0 2.06e+04  -4.0 1.12e-02 1.35e-03h  2
  56  5.6051833e+03 1.20e-01 3.72e+02  -1.0 4.58e+02  -3.6 2.21e-01 4.92e-01f  1
  57  5.8027278e+03 8.64e-02 4.88e+02  -1.0 3.05e+02  -4.1 6.97e-02 2.79e-01f  1
  58  6.0295285e+03 4.90e-02 5.72e+02  -1.0 4.22e+02  -4.6 1.31e-01 4.32e-01f  1
  59  6.2387368e+03 1.61e-02 4.40e+02  -1.0 3.74e+02  -5.0 4.18e-01 6.73e-01f  1
iter    objective    inf_pr   inf_du lg(mu)  ||d||  lg(rg) alpha_du alpha_pr  ls
  60  6.3446637e+03 1.61e-04 5.40e+02  -1.0 1.57e+02  -5.5 1.07e-01 9.90e-01f  1
  61  6.3630002e+03 1.54e-06 1.07e+03  -1.0 8.41e+02    -  6.82e-01 9.90e-01f  1
  62  6.3670441e+03 3.16e-07 1.72e+05  -1.0 2.47e+03    -  3.00e-01 7.95e-01f  1
  63  6.3688892e+03 6.32e-08 5.54e+05  -1.0 3.37e+03    -  4.44e-01 8.00e-01f  1
  64  6.3724829e+03 1.28e-08 2.51e+06  -1.0 5.61e+03    -  2.11e-01 7.97e-01f  1
  65  6.3741380e+03 1.70e-09 2.00e+06  -1.0 6.43e+03    -  5.96e-01 8.67e-01f  1
  66  6.3756762e+03 1.80e-10 2.33e+06  -1.0 1.29e+04    -  3.18e-01 8.94e-01f  1
  67  6.3770310e+03 5.89e-12 1.20e+06  -1.0 1.41e+04    -  5.36e-01 9.67e-01f  1
  68  6.3781916e+03 3.75e-16 4.54e+05  -1.0 1.52e+04    -  6.26e-01 1.00e+00f  1
  69  6.3793741e+03 3.45e-16 2.46e+05  -1.0 9.18e+03    -  4.60e-01 1.00e+00f  1
iter    objective    inf_pr   inf_du lg(mu)  ||d||  lg(rg) alpha_du alpha_pr  ls
  70  6.3801757e+03 3.73e-16 2.19e+04  -1.0 2.24e+03    -  9.11e-01 1.00e+00f  1
  71  6.3806567e+03 1.42e-15 1.46e+04  -1.0 1.77e+04    -  3.32e-01 6.46e-01f  1
  72  6.3813263e+03 2.35e-15 3.13e+03  -1.0 1.58e+04    -  7.85e-01 1.00e+00h  1
  73  6.3816180e+03 2.90e-14 1.39e+03  -1.0 3.78e+04    -  5.58e-01 1.00e+00h  1
  74  6.3817127e+03 3.50e-15 8.30e+01  -1.0 2.95e+04    -  9.40e-01 1.00e+00h  1
  75  6.3817503e+03 7.19e-15 3.56e-02  -1.0 2.21e+04    -  1.00e+00 1.00e+00h  1
  76  6.3817520e+03 2.88e-16 6.22e-04  -1.0 1.34e+03    -  1.00e+00 1.00e+00h  1
  77  6.3483935e+03 3.78e-16 1.16e+06  -2.5 1.06e+02    -  8.68e-01 1.00e+00f  1
  78  6.2207277e+03 2.98e-16 2.00e+05  -2.5 5.52e+02    -  8.28e-01 8.41e-01f  1
  79  6.1819510e+03 3.19e-16 3.12e-06  -2.5 1.30e+02    -  1.00e+00 1.00e+00h  1
iter    objective    inf_pr   inf_du lg(mu)  ||d||  lg(rg) alpha_du alpha_pr  ls
  80  6.1627250e+03 3.47e-16 1.29e-05  -3.8 6.26e+01    -  1.00e+00 1.00e+00f  1
  81  6.1619135e+03 3.42e-16 2.85e-09  -3.8 3.90e+00    -  1.00e+00 1.00e+00h  1
  82  6.1606774e+03 3.16e-16 4.61e-08  -5.7 4.03e+00    -  1.00e+00 1.00e+00f  1
  83  6.1606595e+03 3.23e-16 8.23e-12  -8.6 5.84e-02    -  1.00e+00 1.00e+00h  1

Number of Iterations....: 83

                                   (scaled)                 (unscaled)
Objective...............:   1.8335296143384718e+02    6.1606595041772662e+03
Dual infeasibility......:   8.2275110608214512e-12    2.7644437164360075e-10
Constraint violation....:   3.2265856653168612e-16    3.2265856653168612e-16
Variable bound violation:   0.0000000000000000e+00    0.0000000000000000e+00
Complementarity.........:   2.5713575457863053e-09    8.6397613538419857e-08
Overall NLP error.......:   2.5713575457863053e-09    8.6397613538419857e-08


Number of objective function evaluations             = 86
Number of objective gradient evaluations             = 84
Number of equality constraint evaluations            = 86
Number of inequality constraint evaluations          = 86
Number of equality constraint Jacobian evaluations   = 84
Number of inequality constraint Jacobian evaluations = 84
Number of Lagrangian Hessian evaluations             = 83
Total seconds in IPOPT                               = 3.963

EXIT: Optimal Solution Found.
