C_B OVERRIDE: 0.001
ieee123C_1ph T=6: nx=51, nu=791, nc=562, dense nu^2=625681, reduced=229
TERMINAL_SOC soft=1 gamma=1.750000e+04
build complete: 2.004 s, nc=562
constructing dynamic Solver storage...
optimality_tolerance=1.000e-07 max_iterations=400
Solver construction complete: 0.297 s
entering solve! ...
   
 _____ _ _ _            ____  ____  ____  
|  ___(_) | |_ ___ _ __|  _ \|  _ \|  _ \ 
| |_  | | | __/ _ \ '__| | | | | | | |_) |
|  _| | | | ||  __/ |  | |_| | |_| |  __/ 
|_|   |_|_|\__\___|_|  |____/|____/|_|                 
    
  iter     objective        pr_inf       du_inf       cs_inf     lg(μ)   lg(reg)    alpha     ls
     0   3.36000000e+03   1.0000e+00   7.6685e+02   1.0000e+00    0.00      -     0.0000e+00   0
     1   3.51197761e+03   9.3750e-01   7.1892e+02   1.0000e+00    0.00      -     6.2500e-02   0
     2   3.76919425e+03   8.2031e-01   6.2905e+02   1.0000e+00    0.00      -     1.2500e-01   0
     3   3.99149838e+03   6.1523e-01   4.7179e+02   9.9998e-01    0.00      -     2.5000e-01   0
     4   4.09079774e+03   4.6143e-01   3.5384e+02   9.9997e-01    0.00      -     2.5000e-01   0
     5   4.22204307e+03   2.3071e-01   1.7692e+02   9.9996e-01    0.00      -     5.0000e-01   0
     6   4.28099843e+03   1.3456e-01   8.8461e+01   9.9998e-01    0.00      -     5.0000e-01   0
     7   4.31155457e+03   7.3507e-02   4.4230e+01   9.9999e-01    0.00      -     5.0000e-01   0
     8   4.32763726e+03   3.8316e-02   2.2115e+01   9.9999e-01    0.00      -     5.0000e-01   0
     9   4.33639587e+03   3.5207e-02   1.1058e+01   1.0000e+00    0.00      -     5.0000e-01   0
  iter     objective        pr_inf       du_inf       cs_inf     lg(μ)   lg(reg)    alpha     ls
    10   4.34158721e+03   4.1602e-02   5.5288e+00   1.0000e+00   -0.70      -     5.0000e-01   0
    11   4.02464279e+03   1.6015e-01   2.7644e+00   6.3677e-01   -0.70      -     5.0000e-01   0
    12   3.77433415e+03   3.5594e-01   1.7755e+00   4.3609e-01   -1.40      -     5.0000e-01   0
    13   3.51567062e+03   2.9589e-01   1.8766e+00   2.6052e-01   -1.40      -     5.0000e-01   0
    14   3.36633535e+03   3.4403e-01   1.5136e+00   1.6147e-01   -1.40      -     5.0000e-01   0
    15   3.28876702e+03   4.3829e-01   1.0980e+00   1.0613e-01   -1.40      -     5.0000e-01   0
    16   3.24958503e+03   5.6942e-01   7.4638e-01   7.5289e-02   -1.40      -     5.0000e-01   0
    17   3.23016855e+03   6.5975e-01   4.8226e-01   5.8423e-02   -1.40      -     5.0000e-01   0
    18   3.22082425e+03   6.4420e-01   3.0532e-01   4.9446e-02   -1.40      -     5.0000e-01   0
    19   3.21650880e+03   5.2061e-01   1.7412e-01   4.4787e-02   -1.40      -     5.0000e-01   0
  iter     objective        pr_inf       du_inf       cs_inf     lg(μ)   lg(reg)    alpha     ls
    20   3.21459786e+03   3.5378e-01   7.4596e-02   4.2410e-02   -2.10      -     5.0000e-01   0
    21   3.18587303e+03   1.5614e+00   1.5633e-01   2.6826e-02   -2.10      -     5.0000e-01   0
    22   3.17128860e+03   1.6659e+00   1.3354e-01   1.8175e-02   -2.10      -     5.0000e-01   0
    23   3.16396521e+03   1.1912e+00   8.4238e-02   1.2204e-02   -2.10      -     5.0000e-01   0
    24   3.16031456e+03   7.1761e-01   4.2712e-02   6.6146e-03   -2.10      -     5.0000e-01   0
    25   3.15849975e+03   3.9549e-01   1.8871e-02   3.4765e-03   -2.10      -     5.0000e-01   0
    26   3.15759801e+03   2.0785e-01   7.5294e-03   1.7876e-03   -2.10      -     5.0000e-01   0
    27   3.15714993e+03   1.0655e-01   2.6179e-03   9.0719e-04   -2.10      -     5.0000e-01   0
    28   3.15692728e+03   5.3938e-02   8.3047e-04   4.5707e-04   -2.80      -     5.0000e-01   0
    29   3.15114111e+03   4.2488e-01   2.6105e-03   2.4532e-04   -2.80      -     5.0000e-01   0
  iter     objective        pr_inf       du_inf       cs_inf     lg(μ)   lg(reg)    alpha     ls
    30   3.14831113e+03   3.4788e-01   2.1179e-03   1.2659e-04   -2.80      -     5.0000e-01   0
    31   3.14693079e+03   2.1730e-01   1.1608e-03   6.3060e-05   -2.80      -     5.0000e-01   0
    32   3.14625719e+03   1.2169e-01   4.9825e-04   3.0819e-05   -2.80      -     5.0000e-01   0
    33   3.14592696e+03   6.4544e-02   1.8145e-04   1.5031e-05   -2.80      -     5.0000e-01   0
    34   3.14576410e+03   3.3267e-02   5.9348e-05   7.3776e-06   -2.80      -     5.0000e-01   0
    35   3.14568341e+03   1.6892e-02   1.8121e-05   3.6468e-06   -2.80      -     5.0000e-01   0
    36   3.14564331e+03   8.5112e-03   5.2917e-06   1.8118e-06   -3.49      -     5.0000e-01   0
    37   3.14455743e+03   3.8838e-02   1.7675e-05   9.6613e-07   -3.49      -     5.0000e-01   0
    38   3.14404113e+03   3.0626e-02   1.4689e-05   4.9671e-07   -3.49      -     5.0000e-01   0
    39   3.14379553e+03   1.8804e-02   8.3827e-06   2.4691e-07   -3.49      -     5.0000e-01   0
  iter     objective        pr_inf       du_inf       cs_inf     lg(μ)   lg(reg)    alpha     ls
    40   3.14367755e+03   1.0434e-02   3.7786e-06   1.2053e-07   -3.49      -     5.0000e-01   0
    41   3.14362014e+03   5.5060e-03   1.4466e-06   5.8755e-08   -3.49      -     5.0000e-01   0
    42   3.14359189e+03   2.8301e-03   4.9570e-07   2.8830e-08   -4.19      -     5.0000e-01   0
    43   3.14338778e+03   4.3405e-03   7.5837e-07   1.5370e-08   -4.19      -     5.0000e-01   0
    44   3.14329129e+03   3.0681e-03   5.4869e-07   7.8983e-09   -4.19      -     5.0000e-01   0
    45   3.14324501e+03   1.7901e-03   2.8503e-07   3.9183e-09   -4.19      -     5.0000e-01   0
    46   3.14322245e+03   9.6656e-04   1.1869e-07   1.9063e-09   -4.19      -     5.0000e-01   0
    47   3.14321133e+03   5.0295e-04   4.2443e-08   9.2158e-10   -5.03      -     5.0000e-01   0
    48   3.14316872e+03   4.8604e-04   4.6515e-08   4.9707e-10   -5.03      -     5.0000e-01   0
    49   3.14314801e+03   3.1517e-04   3.1220e-08   2.5904e-10   -5.03      -     5.0000e-01   0
  iter     objective        pr_inf       du_inf       cs_inf     lg(μ)   lg(reg)    alpha     ls
    50   3.14313785e+03   1.7954e-04   1.6188e-08   1.2950e-10   -5.03      -     5.0000e-01   0
    51   3.14313283e+03   9.6203e-05   7.3301e-09   6.2652e-11   -5.03      -     5.0000e-01   0
    52   3.14313034e+03   4.9906e-05   3.1785e-09   3.3406e-11   -6.04      -     5.0000e-01   0
    53   3.14312701e+03   4.0086e-05   3.1506e-09   2.5235e-11   -6.04      -     2.5000e-01   0
    54   3.14312452e+03   3.1661e-05   2.9435e-09   1.9202e-11   -6.04      -     2.5000e-01   0
    55   3.14312266e+03   2.4698e-05   2.6454e-09   1.8141e-11   -6.04      -     2.5000e-01   0
    56   3.14312127e+03   1.9088e-05   2.3126e-09   1.8141e-11   -6.04      -     2.5000e-01   0
    57   3.14312024e+03   1.4649e-05   1.9797e-09   1.8141e-11   -6.04      -     2.5000e-01   0
    58   3.14311946e+03   1.1181e-05   1.6667e-09   1.8141e-11   -6.04      -     2.5000e-01   0
    59   3.14311888e+03   8.4979e-06   1.3841e-09   1.8141e-11   -7.25      -     2.5000e-01   0
  iter     objective        pr_inf       du_inf       cs_inf     lg(μ)   lg(reg)    alpha     ls
    60   3.14311817e+03   6.5373e-06   1.2379e-09   1.8141e-11   -7.25      -     2.5000e-01   0
    61   3.14311764e+03   4.9978e-06   1.0824e-09   1.8141e-11   -7.25      -     2.5000e-01   0
    62   3.14311724e+03   3.8027e-06   9.2989e-10   1.8141e-11   -7.25      -     2.5000e-01   0
    63   3.14311695e+03   2.8829e-06   7.8740e-10   1.8141e-11   -7.25      -     2.5000e-01   0
    64   3.14311673e+03   2.1795e-06   6.5883e-10   1.8141e-11   -7.25      -     2.5000e-01   0
    65   3.14311656e+03   1.6442e-06   5.4576e-10   1.8141e-11   -7.25      -     2.5000e-01   0
    66   3.14311643e+03   1.2385e-06   4.4826e-10   1.8141e-11   -7.25      -     2.5000e-01   0
    67   3.14311634e+03   9.3168e-07   3.6550e-10   1.8141e-11   -7.25      -     2.5000e-01   0
FILTERDDP_NEAR_OPT iteration=67 elapsed_s=14.819 objective=3143.116340896885 reference=3143.115906500000 rel_gap=1.382e-07 primal_inf=9.317e-07 dual_inf=3.655e-10 mu=5.663e-08
    67   3.14311634e+03   9.3168e-07   3.6550e-10   1.8141e-11   -7.25      -     2.5000e-01   0


EXIT: Near-optimal: feasible and within the gap of the centralized reference.

solve complete: 16.945 s, iterations=67, status=9
final residuals: primal=9.316775226682e-07 dual=3.654972450525e-10 complementarity=1.814104341230e-11
solution_write_skipped=1
FilterDDP objective=3143.116340896884 max_equality_residual=9.317e-07
