C_B OVERRIDE: 0.001
ieee123C_1ph T=12: nx=51, nu=791, nc=562, dense nu^2=625681, reduced=229
TERMINAL_SOC soft=1 gamma=1.750000e+04
build complete: 2.043 s, nc=562
constructing dynamic Solver storage...
optimality_tolerance=1.000e-07 max_iterations=400
Solver construction complete: 0.275 s
entering solve! ...
   
 _____ _ _ _            ____  ____  ____  
|  ___(_) | |_ ___ _ __|  _ \|  _ \|  _ \ 
| |_  | | | __/ _ \ '__| | | | | | | |_) |
|  _| | | | ||  __/ |  | |_| | |_| |  __/ 
|_|   |_|_|\__\___|_|  |____/|____/|_|                 
    
  iter     objective        pr_inf       du_inf       cs_inf     lg(μ)   lg(reg)    alpha     ls
     0   3.36000000e+03   1.0000e+00   3.9900e+02   1.0000e+00    0.00      -     0.0000e+00   0
     1   3.66643492e+03   8.7500e-01   3.4912e+02   1.0000e+00    0.00      -     1.2500e-01   0
     2   3.90787775e+03   7.6563e-01   3.0548e+02   9.9998e-01    0.00      -     1.2500e-01   0
     3   4.46218866e+03   6.5817e-01   1.5274e+02   1.2000e+00    0.00      -     5.0000e-01   0
     4   4.49436168e+03   5.0733e-01   1.1456e+02   9.9982e-01    0.00      -     2.5000e-01   0
     5   4.56080065e+03   2.9070e-01   5.7278e+01   9.9986e-01    0.00      -     5.0000e-01   0
     6   4.60304835e+03   1.5550e-01   2.8639e+01   9.9992e-01    0.00      -     5.0000e-01   0
     7   4.62604534e+03   8.0252e-02   1.4320e+01   9.9995e-01    0.00      -     5.0000e-01   0
     8   4.63850754e+03   4.0747e-02   7.1598e+00   9.9998e-01   -0.70      -     5.0000e-01   0
     9   4.33700682e+03   5.2305e-02   3.5799e+00   6.3279e-01   -0.70      -     5.0000e-01   0
  iter     objective        pr_inf       du_inf       cs_inf     lg(μ)   lg(reg)    alpha     ls
    10   4.03000543e+03   1.4842e-01   1.7899e+00   4.3316e-01   -1.40      -     5.0000e-01   0
    11   3.64163799e+03   1.3404e-01   1.5285e+00   2.5670e-01   -1.40      -     5.0000e-01   0
    12   3.35393139e+03   1.8079e-01   1.2729e+00   1.5960e-01   -1.40      -     5.0000e-01   0
    13   3.19199804e+03   2.5893e-01   9.2025e-01   1.0511e-01   -1.40      -     5.0000e-01   0
    14   3.10917616e+03   3.4581e-01   6.2002e-01   7.5030e-02   -1.40      -     5.0000e-01   0
    15   3.06775547e+03   4.3398e-01   4.7815e-01   5.8493e-02   -1.40      -     5.0000e-01   0
    16   3.04744416e+03   4.9428e-01   3.4029e-01   4.9575e-02   -1.40      -     5.0000e-01   0
    17   3.03794579e+03   4.9486e-01   2.2535e-01   4.4884e-02   -1.40      -     5.0000e-01   0
    18   3.03402219e+03   4.2603e-01   1.4141e-01   4.2468e-02   -1.40      -     5.0000e-01   0
    19   3.03287310e+03   3.1144e-01   8.5021e-02   4.1241e-02   -2.10      -     5.0000e-01   0
  iter     objective        pr_inf       du_inf       cs_inf     lg(μ)   lg(reg)    alpha     ls
    20   2.97823327e+03   1.7591e+00   2.4473e-01   2.6281e-02   -2.10      -     5.0000e-01   0
    21   2.94997963e+03   2.1132e+00   2.2903e-01   1.7918e-02   -2.10      -     5.0000e-01   0
    22   2.93553836e+03   1.6491e+00   1.5356e-01   1.3283e-02   -2.10      -     5.0000e-01   0
    23   2.92824608e+03   1.0480e+00   8.0851e-02   8.0304e-03   -2.10      -     5.0000e-01   0
    24   2.92459324e+03   5.9478e-01   3.4903e-02   4.2511e-03   -2.10      -     5.0000e-01   0
    25   2.92277145e+03   3.1736e-01   1.2869e-02   2.2009e-03   -2.10      -     5.0000e-01   0
    26   2.92186511e+03   1.6391e-01   4.2345e-03   1.1222e-03   -2.10      -     5.0000e-01   0
    27   2.92141488e+03   8.3266e-02   1.2920e-03   5.6700e-04   -2.10      -     5.0000e-01   0
    28   2.92119145e+03   4.1954e-02   3.7567e-04   2.8504e-04   -2.80      -     5.0000e-01   0
    29   2.90942951e+03   9.9765e-01   1.9294e-03   1.5262e-04   -2.80      -     5.0000e-01   0
  iter     objective        pr_inf       du_inf       cs_inf     lg(μ)   lg(reg)    alpha     ls
    30   2.90360421e+03   8.4582e-01   1.4621e-03   7.8662e-05   -2.80      -     5.0000e-01   0
    31   2.90072914e+03   5.3764e-01   7.4849e-04   3.9171e-05   -2.80      -     5.0000e-01   0
    32   2.89931108e+03   3.0393e-01   3.0433e-04   1.9148e-05   -2.80      -     5.0000e-01   0
    33   2.89861044e+03   1.6195e-01   1.0663e-04   9.3433e-06   -2.80      -     5.0000e-01   0
    34   2.89826332e+03   8.3658e-02   3.3950e-05   4.5877e-06   -2.80      -     5.0000e-01   0
    35   2.89809095e+03   4.2521e-02   1.0169e-05   2.2684e-06   -2.80      -     5.0000e-01   0
    36   2.89800523e+03   2.1435e-02   2.9288e-06   1.1271e-06   -2.80      -     5.0000e-01   0
    37   2.89796257e+03   1.0761e-02   8.2195e-07   5.6171e-07   -3.49      -     5.0000e-01   0
    38   2.89568086e+03   1.0200e-01   4.5644e-06   2.9955e-07   -3.49      -     5.0000e-01   0
    39   2.89457865e+03   8.3410e-02   3.3407e-06   1.5404e-07   -3.49      -     5.0000e-01   0
  iter     objective        pr_inf       du_inf       cs_inf     lg(μ)   lg(reg)    alpha     ls
    40   2.89404764e+03   5.2066e-02   1.8238e-06   7.6606e-08   -3.49      -     5.0000e-01   0
    41   2.89379083e+03   2.9160e-02   8.3057e-07   3.7419e-08   -3.49      -     5.0000e-01   0
    42   2.89366553e+03   1.5469e-02   3.2002e-07   1.8251e-08   -3.49      -     5.0000e-01   0
    43   2.89360384e+03   7.9744e-03   1.1012e-07   8.9594e-09   -3.49      -     5.0000e-01   0
    44   2.89357328e+03   4.0496e-03   3.5151e-08   4.4294e-09   -3.49      -     5.0000e-01   0
    45   2.89355808e+03   2.0407e-03   1.0652e-08   2.1963e-09   -4.19      -     5.0000e-01   0
    46   2.89313870e+03   9.3083e-03   3.5299e-08   1.1708e-09   -4.19      -     5.0000e-01   0
    47   2.89294020e+03   7.3142e-03   2.8440e-08   6.0164e-10   -4.19      -     5.0000e-01   0
    48   2.89284556e+03   4.4530e-03   1.5760e-08   2.9895e-10   -4.19      -     5.0000e-01   0
    49   2.89279986e+03   2.4493e-03   7.0513e-09   1.4962e-10   -4.19      -     5.0000e-01   0
  iter     objective        pr_inf       du_inf       cs_inf     lg(μ)   lg(reg)    alpha     ls
    50   2.89277750e+03   1.2850e-03   2.6584e-09   7.4183e-11   -4.19      -     5.0000e-01   0
    51   2.89276646e+03   6.5840e-04   8.9448e-10   3.6772e-11   -4.19      -     5.0000e-01   0
    52   2.89276372e+03   4.9483e-04   4.8965e-10   2.4588e-11   -5.03      -     2.5000e-01   0
    53   2.89272227e+03   5.4068e-04   7.1408e-10   1.8702e-11   -5.03      -     2.5000e-01   0
    54   2.89269169e+03   5.0815e-04   7.8462e-10   1.8141e-11   -5.03      -     2.5000e-01   0
    55   2.89266910e+03   4.4318e-04   7.6839e-10   1.8141e-11   -5.03      -     2.5000e-01   0
    56   2.89265237e+03   3.6973e-04   7.1679e-10   1.8141e-11   -5.03      -     2.5000e-01   0
    57   2.89263995e+03   2.9958e-04   6.4088e-10   1.8141e-11   -5.03      -     2.5000e-01   0
    58   2.89263073e+03   2.3785e-04   5.5588e-10   1.8141e-11   -5.03      -     2.5000e-01   0
    59   2.89262386e+03   1.8609e-04   4.7125e-10   1.8141e-11   -5.03      -     2.5000e-01   0
  iter     objective        pr_inf       du_inf       cs_inf     lg(μ)   lg(reg)    alpha     ls
    60   2.89261874e+03   1.4402e-04   3.9245e-10   1.8141e-11   -5.03      -     2.5000e-01   0
    61   2.89261492e+03   1.1057e-04   3.2223e-10   1.8141e-11   -5.03      -     2.5000e-01   0
    62   2.89261206e+03   8.4390e-05   2.6157e-10   1.8141e-11   -6.04      -     2.5000e-01   0
    63   2.89260433e+03   7.3413e-05   2.6695e-10   1.8141e-11   -6.04      -     2.5000e-01   0
    64   2.89259858e+03   6.0888e-05   2.5428e-10   1.8141e-11   -6.04      -     2.5000e-01   0
    65   2.89259430e+03   4.8984e-05   2.3195e-10   1.8141e-11   -6.04      -     2.5000e-01   0
    66   2.89259111e+03   3.8610e-05   2.0545e-10   1.8141e-11   -6.04      -     2.5000e-01   0
    67   2.89258873e+03   3.0010e-05   1.7817e-10   1.8141e-11   -6.04      -     2.5000e-01   0
    68   2.89258695e+03   2.3096e-05   1.5207e-10   1.8141e-11   -6.04      -     2.5000e-01   0
    69   2.89258561e+03   1.7650e-05   1.2819e-10   1.8141e-11   -6.04      -     2.5000e-01   0
  iter     objective        pr_inf       du_inf       cs_inf     lg(μ)   lg(reg)    alpha     ls
    70   2.89258462e+03   1.3421e-05   1.0698e-10   1.8141e-11   -6.04      -     2.5000e-01   0
    71   2.89258388e+03   1.0168e-05   8.8528e-11   1.8141e-11   -6.04      -     2.5000e-01   0
    72   2.89258332e+03   7.6829e-06   7.3415e-11   1.8141e-11   -7.25      -     2.5000e-01   0
    73   2.89258235e+03   5.9910e-06   6.7197e-11   1.8141e-11   -7.25      -     2.5000e-01   0
    74   2.89258162e+03   4.6351e-06   5.9798e-11   1.8141e-11   -7.25      -     2.5000e-01   0
    75   2.89258108e+03   3.5582e-06   5.2093e-11   1.8141e-11   -7.25      -     2.5000e-01   0
    76   2.89258067e+03   2.7154e-06   4.4625e-11   1.8141e-11   -7.25      -     2.5000e-01   0
    77   2.89258037e+03   2.0631e-06   3.7714e-11   1.8141e-11   -7.25      -     2.5000e-01   0
    78   2.89258014e+03   1.5622e-06   3.1598e-11   1.8141e-11   -7.25      -     2.5000e-01   0
    79   2.89257997e+03   1.1799e-06   2.6215e-11   1.8141e-11   -7.25      -     2.5000e-01   0
  iter     objective        pr_inf       du_inf       cs_inf     lg(μ)   lg(reg)    alpha     ls
    80   2.89257984e+03   8.8946e-07   2.1569e-11   1.8141e-11   -7.25      -     2.5000e-01   0
FILTERDDP_NEAR_OPT iteration=80 elapsed_s=18.559 objective=2892.579843930760 reference=2892.579252670000 rel_gap=2.044e-07 primal_inf=8.895e-07 dual_inf=2.157e-11 mu=5.663e-08
  iter     objective        pr_inf       du_inf       cs_inf     lg(μ)   lg(reg)    alpha     ls
    80   2.89257984e+03   8.8946e-07   2.1569e-11   1.8141e-11   -7.25      -     2.5000e-01   0


EXIT: Near-optimal: feasible and within the gap of the centralized reference.

solve complete: 20.550 s, iterations=80, status=9
final residuals: primal=8.894625704008e-07 dual=2.156850122214e-11 complementarity=1.814104417926e-11
solution_write_skipped=1
FilterDDP objective=2892.579843930758 max_equality_residual=8.895e-07
