C_B OVERRIDE: 0.001
ieee2522C_1ph T=24: nx=249, nu=13355, nc=10336, dense nu^2=178356025, reduced=3019
TERMINAL_SOC soft=1 gamma=3.290000e+04
build complete: 4.962 s, nc=10336
constructing dynamic Solver storage...
optimality_tolerance=1.000e-07 max_iterations=400
Solver construction complete: 1.388 s
entering solve! ...
   
 _____ _ _ _            ____  ____  ____  
|  ___(_) | |_ ___ _ __|  _ \|  _ \|  _ \ 
| |_  | | | __/ _ \ '__| | | | | | | |_) |
|  _| | | | ||  __/ |  | |_| | |_| |  __/ 
|_|   |_|_|\__\___|_|  |____/|____/|_|                 
    
  iter     objective        pr_inf       du_inf       cs_inf     lg(μ)   lg(reg)    alpha     ls
     0   3.36000000e+03   1.0000e+00   1.9900e+02   1.0000e+00    0.00      -     0.0000e+00   0
     1   4.51984958e+03   9.3750e-01   1.8656e+02   9.9990e-01    0.00      -     6.2500e-02   0
     2   4.75907893e+03   9.2285e-01   1.8365e+02   9.9986e-01    0.00      -     1.5625e-02   0
     3   4.98639870e+03   9.0843e-01   1.8078e+02   9.9983e-01    0.00      -     1.5625e-02   0
     4   5.43454352e+03   8.8004e-01   1.7513e+02   9.9976e-01    0.00      -     3.1250e-02   0
     5   7.13037594e+03   7.7004e-01   1.5324e+02   9.9900e-01    0.00      -     1.2500e-01   0
     6   8.33764991e+03   8.1445e-01   8.8455e+01   9.9801e-01    0.00      -     1.2500e-01   0
     7   9.14504823e+03   8.2366e-01   5.2151e+01   9.9650e-01    0.00      -     1.2500e-01   0
     8   9.68877271e+03   7.7664e-01   3.3171e+01   9.9469e-01    0.00      -     1.2500e-01   1
     9   1.04769154e+04   7.1543e-01   1.5667e+01   9.8927e-01    0.00      -     2.5000e-01   0
  iter     objective        pr_inf       du_inf       cs_inf     lg(μ)   lg(reg)    alpha     ls
    10   1.13570461e+04   5.5651e-01   4.4758e+00   9.8310e-01   -0.70      -     5.0000e-01   0
    11   1.15607167e+04   2.9946e-01   8.4505e+00   5.9025e-01   -0.70      -     5.0000e-01   0
    12   1.16383616e+04   1.5405e-01   9.0407e+00   4.0363e-01   -0.70      -     5.0000e-01   0
    13   1.16622751e+04   7.7916e-02   7.5226e+00   3.0640e-01   -0.70      -     5.0000e-01   0
    14   1.16688947e+04   3.9167e-02   5.2582e+00   2.5504e-01   -0.70      -     5.0000e-01   0
    15   1.16737576e+04   1.9650e-02   3.2896e+00   2.2817e-01   -0.70      -     5.0000e-01   0
    16   1.16802718e+04   9.8529e-03   1.9285e+00   2.1429e-01   -1.40      -     5.0000e-01   0
    17   1.16337077e+04   7.4200e-03   2.5927e+00   1.7207e-01   -1.40      -     2.5000e-01   0
    18   1.15807497e+04   5.6663e-03   4.7880e+00   1.4064e-01   -1.40      -     2.5000e-01   0
    19   1.15217536e+04   4.6082e-03   7.1277e+00   1.1659e-01   -1.40      -     2.5000e-01   0
  iter     objective        pr_inf       du_inf       cs_inf     lg(μ)   lg(reg)    alpha     ls
    20   1.14575865e+04   3.9070e-03   9.3714e+00   9.8195e-02   -1.40      -     2.5000e-01   0
    21   1.13906882e+04   3.4204e-03   1.1257e+01   8.4151e-02   -1.40      -     2.5000e-01   0
    22   1.13255644e+04   3.6176e-03   1.2506e+01   7.3442e-02   -1.40      -     2.5000e-01   0
    23   1.12074531e+04   8.7836e-03   1.3316e+01   5.7594e-02   -1.40      -     5.0000e-01   0
    24   1.11182141e+04   1.0732e-02   8.7964e+00   4.9092e-02   -1.40      -     5.0000e-01   0
    25   1.10607285e+04   9.1061e-03   4.8221e+00   4.4640e-02   -1.40      -     5.0000e-01   0
    26   1.10274466e+04   6.1259e-03   2.4129e+00   4.2346e-02   -1.40      -     5.0000e-01   0
    27   1.10095400e+04   3.5841e-03   1.1837e+00   4.1180e-02   -1.40      -     5.0000e-01   0
    28   1.10003160e+04   1.9411e-03   6.1117e-01   4.0592e-02   -1.40      -     5.0000e-01   0
    29   1.09956749e+04   1.0098e-03   3.4046e-01   4.0296e-02   -2.10      -     5.0000e-01   0
  iter     objective        pr_inf       du_inf       cs_inf     lg(μ)   lg(reg)    alpha     ls
    30   1.08716935e+04   5.8799e-03   3.2860e+00   3.2624e-02   -2.10      -     2.5000e-01   0
    31   1.06108616e+04   3.4564e-02   4.9029e+00   2.1470e-02   -2.10      -     5.0000e-01   0
    32   1.03102703e+04   6.3936e-02   3.7244e+00   1.5248e-02   -2.10      -     5.0000e-01   0
    33   1.00554418e+04   1.0980e-01   3.0822e+00   1.1837e-02   -2.10      -     5.0000e-01   0
    34   9.89869961e+03   1.0197e-01   2.1811e+00   9.9932e-03   -2.10      -     5.0000e-01   0
    35   9.81491364e+03   6.2409e-02   1.4195e+00   9.0207e-03   -2.10      -     5.0000e-01   0
    36   9.77209786e+03   3.4127e-02   8.6731e-01   8.5173e-03   -2.10      -     5.0000e-01   0
    37   9.75063882e+03   1.7820e-02   2.9574e-01   5.8772e-03   -2.10      -     5.0000e-01   0
    38   9.73997756e+03   9.1062e-03   9.1734e-02   2.9312e-03   -2.10      -     5.0000e-01   0
    39   9.73470211e+03   4.6040e-03   2.6901e-02   1.4637e-03   -2.80      -     5.0000e-01   0
  iter     objective        pr_inf       du_inf       cs_inf     lg(μ)   lg(reg)    alpha     ls
    40   9.58552844e+03   3.4387e-02   2.0684e-01   1.0780e-03   -2.80      -     2.5000e-01   0
    41   9.52461482e+03   3.4546e-02   2.4729e-01   9.2303e-04   -2.80      -     1.2500e-01   0
    42   9.46998913e+03   3.3591e-02   2.6448e-01   7.8945e-04   -2.80      -     1.2500e-01   0
    43   9.37254855e+03   3.5387e-02   2.6703e-01   5.7635e-04   -2.80      -     2.5000e-01   0
    44   9.33474582e+03   3.2751e-02   2.4527e-01   4.9088e-04   -2.80      -     1.2500e-01   0
    45   9.26796185e+03   2.9718e-02   1.9743e-01   3.5698e-04   -2.80      -     2.5000e-01   0
    46   9.21701076e+03   2.4779e-02   1.4506e-01   2.5910e-04   -2.80      -     2.5000e-01   0
    47   9.13977362e+03   1.7258e-02   7.1816e-02   1.3982e-04   -2.80      -     5.0000e-01   0
    48   9.10039638e+03   9.5001e-03   3.2575e-02   7.3337e-05   -2.80      -     5.0000e-01   0
    49   9.08058307e+03   4.9464e-03   1.2094e-02   3.7660e-05   -3.49      -     5.0000e-01   0
  iter     objective        pr_inf       du_inf       cs_inf     lg(μ)   lg(reg)    alpha     ls
    50   8.99701976e+03   1.1684e-02   1.5590e-02   2.0267e-05   -3.49      -     5.0000e-01   0
    51   8.95492494e+03   9.8550e-03   9.8315e-03   1.0536e-05   -3.49      -     5.0000e-01   0
    52   8.93389850e+03   6.2920e-03   4.5088e-03   5.2876e-06   -3.49      -     5.0000e-01   0
    53   8.92345382e+03   3.5441e-03   1.7877e-03   2.5946e-06   -3.49      -     5.0000e-01   0
    54   8.91826429e+03   1.8743e-03   6.4466e-04   1.2665e-06   -4.19      -     5.0000e-01   0
    55   8.90960501e+03   2.0407e-03   6.5665e-04   9.3493e-07   -4.19      -     2.5000e-01   0
    56   8.90314813e+03   2.0098e-03   5.9890e-04   6.8566e-07   -4.19      -     2.5000e-01   0
    57   8.89833261e+03   1.8375e-03   5.0609e-04   4.9973e-07   -4.19      -     2.5000e-01   0
    58   8.89474110e+03   1.6013e-03   4.0280e-04   3.6227e-07   -4.19      -     2.5000e-01   0
    59   8.89206240e+03   1.3448e-03   3.0516e-04   2.6163e-07   -4.19      -     2.5000e-01   0
  iter     objective        pr_inf       du_inf       cs_inf     lg(μ)   lg(reg)    alpha     ls
    60   8.89006413e+03   1.0985e-03   2.2179e-04   1.8858e-07   -4.19      -     2.5000e-01   0
    61   8.88857243e+03   8.7861e-04   1.5583e-04   1.3590e-07   -4.19      -     2.5000e-01   0
    62   8.88634511e+03   5.6955e-04   7.3869e-05   7.3148e-08   -5.03      -     5.0000e-01   0
    63   8.88531090e+03   5.3582e-04   7.3577e-05   6.3680e-08   -5.03      -     1.2500e-01   0
    64   8.88350955e+03   5.2357e-04   7.0104e-05   4.7860e-08   -5.03      -     2.5000e-01   0
    65   8.88284086e+03   4.7738e-04   6.6068e-05   4.1510e-08   -5.03      -     1.2500e-01   0
    66   8.88225808e+03   4.3313e-04   6.1486e-05   3.5959e-08   -5.03      -     1.2500e-01   0
    67   8.88124245e+03   3.7410e-04   5.2034e-05   2.6813e-08   -5.03      -     2.5000e-01   0
    68   8.88048790e+03   3.1065e-04   4.1934e-05   1.9883e-08   -5.03      -     2.5000e-01   0
    69   8.88020755e+03   2.7634e-04   3.6841e-05   1.7084e-08   -5.03      -     1.2500e-01   0
  iter     objective        pr_inf       du_inf       cs_inf     lg(μ)   lg(reg)    alpha     ls
    70   8.87996328e+03   2.4534e-04   3.2052e-05   1.4654e-08   -5.03      -     1.2500e-01   0
    71   8.87953743e+03   1.9509e-04   2.3765e-05   1.0763e-08   -5.03      -     2.5000e-01   0
    72   8.87922033e+03   1.5279e-04   1.6955e-05   7.8893e-09   -5.03      -     2.5000e-01   0
    73   8.87874812e+03   9.1276e-05   7.8596e-06   4.3039e-09   -6.04      -     5.0000e-01   0
    74   8.87841483e+03   7.7375e-05   8.2972e-06   3.2688e-09   -6.04      -     2.5000e-01   0
    75   8.87816814e+03   6.2635e-05   8.0509e-06   2.4813e-09   -6.04      -     2.5000e-01   0
    76   8.87798568e+03   4.8739e-05   7.3114e-06   1.8788e-09   -6.04      -     2.5000e-01   0
    77   8.87785078e+03   3.6850e-05   6.2805e-06   1.4094e-09   -6.04      -     2.5000e-01   0
    78   8.87765144e+03   1.8516e-05   4.2069e-06   7.6739e-10   -6.04      -     5.0000e-01   0
    79   8.87755610e+03   9.2628e-06   2.4092e-06   4.2692e-10   -6.04      -     5.0000e-01   0
  iter     objective        pr_inf       du_inf       cs_inf     lg(μ)   lg(reg)    alpha     ls
    80   8.87753331e+03   6.9473e-06   1.6996e-06   3.1362e-10   -7.25      -     2.5000e-01   0
    81   8.87749647e+03   5.2115e-06   1.4880e-06   2.5715e-10   -7.25      -     2.5000e-01   0
    82   8.87746950e+03   3.9091e-06   1.2750e-06   2.5715e-10   -7.25      -     2.5000e-01   0
    83   8.87744979e+03   2.9320e-06   1.0747e-06   2.5715e-10   -7.25      -     2.5000e-01   0
    84   8.87743540e+03   2.1992e-06   8.9422e-07   2.5715e-10   -7.25      -     2.5000e-01   0
    85   8.87742488e+03   1.6494e-06   7.3618e-07   2.5715e-10   -7.25      -     2.5000e-01   0
    86   8.87741721e+03   1.2371e-06   6.0075e-07   2.5715e-10   -7.25      -     2.5000e-01   0
    87   8.87741160e+03   9.2786e-07   4.8658e-07   2.5715e-10   -7.25      -     2.5000e-01   0
FILTERDDP_NEAR_OPT iteration=87 elapsed_s=575.212 objective=8877.411598303772 reference=8877.392277229999 rel_gap=2.176e-06 primal_inf=9.279e-07 dual_inf=4.866e-07 mu=5.663e-08
    87   8.87741160e+03   9.2786e-07   4.8658e-07   2.5715e-10   -7.25      -     2.5000e-01   0


EXIT: Near-optimal: feasible and within the gap of the centralized reference.

solve complete: 577.333 s, iterations=87, status=9
final residuals: primal=9.278636628391e-07 dual=4.865801797697e-07 complementarity=2.571497850615e-10
solution_write_skipped=1
FilterDDP objective=8877.411598303770 max_equality_residual=9.279e-07
