
================================================================================
PARALLELIZATION STATUS
================================================================================
Julia threads:       16
Status:              Using 16 threads
================================================================================
RHO_OVERRIDE: using rho = 5000.0
EPS_PRI_OVERRIDE: using eps_pri = 0.001
EPS_DUAL_OVERRIDE: using eps_dual = 0.001
ADAPTIVE_RHO_OVERRIDE: adaptive_rho = true

================================================================================
PARSING SYSTEM DATA
================================================================================
Loaded system: ieee2552C_1ph from C:\repos_addendum\MultiPeriodDistOPF\envs\tadmm\..\..\rawData\ieee2552C_1ph\Master.dss

========================================
Initial Powerflow
========================================
Powerflow completed successfully!

[OpenDSS] Total system load: 2129.58 kW
[OpenDSS] Substation power: 2187.53 kW
[OpenDSS] Total PV dispatch: 0.00 kW
[OpenDSS] Total battery dispatch: 0.00 kW
[OpenDSS] Total system losses: 57.95 kW


================================================================================
[35;1mSOLVING MPOPF WITH SOCP (tADMM)[0m
================================================================================
[36;1mUsing fixed rho = 5000.0[0m
  [tADMM hyperparams] mu_balance=5.00 tau_incr=2.00 tau_decr=2.00 update_interval=5 eps_pri=1.0e-03 eps_dual=1.0e-03 rho_init=5000.0 adaptive=true

================================================================================
[36;1m🎯 tADMM[SOCP]: T=48, ρ_init=5000.0, adaptive=true, warm_start=true, |Bset|=250, |Nset|=2522, |Lset|=2521
[0m================================================================================

******************************************************************************
This program contains Ipopt, a library for large-scale nonlinear optimization.
 Ipopt is released as open source code under the Eclipse Public License (EPL).
         For more information visit https://github.com/coin-or/Ipopt
******************************************************************************

k=  1  obj=$4301.48  ‖r‖=1.34e-03  ‖s‖=7.20e-01  ρ=5000.0  sp_max=55.849s  sp_med=34.097s
k=  2  obj=$4299.56  ‖r‖=1.35e-03  ‖s‖=8.43e-01  ρ=5000.0  sp_max=39.189s  sp_med=9.886s
k=  3  obj=$4299.56  ‖r‖=1.34e-03  ‖s‖=9.03e-01  ρ=5000.0  sp_max=44.456s  sp_med=11.676s
k=  4  obj=$4299.57  ‖r‖=1.33e-03  ‖s‖=1.02e+00  ρ=5000.0  sp_max=36.437s  sp_med=11.067s
[33;1m  [PHASE1-UP] ρ: 5000.0 → 10000.0 (‖r‖=1.32e-03 > ε=1.0e-03)
[0mk=  5  obj=$4299.56  ‖r‖=1.32e-03  ‖s‖=1.11e+00  ρ=10000.0  sp_max=33.522s  sp_med=10.907s
k=  6  obj=$4299.56  ‖r‖=1.32e-03  ‖s‖=1.35e+00  ρ=10000.0  sp_max=28.647s  sp_med=12.066s
k=  7  obj=$4299.55  ‖r‖=1.31e-03  ‖s‖=1.60e+00  ρ=10000.0  sp_max=34.362s  sp_med=12.076s
k=  8  obj=$4332.63  ‖r‖=1.29e-03  ‖s‖=1.86e+00  ρ=10000.0  sp_max=33.444s  sp_med=13.492s
k=  9  obj=$4562.85  ‖r‖=1.21e-03  ‖s‖=1.65e+00  ρ=10000.0  sp_max=25.045s  sp_med=13.776s
[33;1m  [PHASE1-UP] ρ: 10000.0 → 20000.0 (‖r‖=1.13e-03 > ε=1.0e-03)
[0mk= 10  obj=$4846.78  ‖r‖=1.13e-03  ‖s‖=1.66e+00  ρ=20000.0  sp_max=23.546s  sp_med=11.998s
      [Progress] 606.7s elapsed, 1 iters/min
k= 11  obj=$5262.61  ‖r‖=1.02e-03  ‖s‖=1.80e+00  ρ=20000.0  sp_max=29.412s  sp_med=15.797s
k= 12  obj=$5849.33  ‖r‖=8.82e-04  ‖s‖=1.83e+00  ρ=20000.0  sp_max=36.807s  sp_med=14.479s
k= 13  obj=$6694.26  ‖r‖=6.78e-04  ‖s‖=1.79e+00  ρ=20000.0  sp_max=31.156s  sp_med=13.207s
k= 14  obj=$7551.53  ‖r‖=4.66e-04  ‖s‖=1.79e+00  ρ=20000.0  sp_max=23.133s  sp_med=11.017s
[32;1m  [k= 15] Phase 1→2: primal converged
[0m[36;1m  [k= 15] ρ 20000.0 → 10000.0 (s/r=6361.1, ‖r‖ converged)
[0mk= 15  obj=$8079.44  ‖r‖=2.91e-04  ‖s‖=1.85e+00  ρ=10000.0  sp_max=23.012s  sp_med=11.359s
k= 16  obj=$8308.39  ‖r‖=1.99e-04  ‖s‖=1.88e+00  ρ=10000.0  sp_max=22.773s  sp_med=11.509s
k= 17  obj=$8445.85  ‖r‖=8.37e-05  ‖s‖=1.89e+00  ρ=10000.0  sp_max=24.871s  sp_med=10.628s
k= 18  obj=$8468.42  ‖r‖=5.58e-05  ‖s‖=1.90e+00  ρ=10000.0  sp_max=21.665s  sp_med=11.223s
k= 19  obj=$8468.54  ‖r‖=2.48e-05  ‖s‖=1.90e+00  ρ=10000.0  sp_max=22.159s  sp_med=10.419s
[36;1m  [k= 20] ρ 10000.0 → 5000.0 (s/r=218318.8, ‖r‖ converged)
[0mk= 20  obj=$8462.73  ‖r‖=8.65e-06  ‖s‖=1.89e+00  ρ=5000.0  sp_max=17.413s  sp_med=10.156s
      [Progress] 1119.0s elapsed, 1 iters/min
k= 21  obj=$8436.66  ‖r‖=1.45e-05  ‖s‖=1.87e+00  ρ=5000.0  sp_max=25.319s  sp_med=10.512s
k= 22  obj=$8397.62  ‖r‖=4.26e-05  ‖s‖=1.83e+00  ρ=5000.0  sp_max=24.159s  sp_med=11.483s
k= 23  obj=$8366.58  ‖r‖=5.42e-05  ‖s‖=1.79e+00  ρ=5000.0  sp_max=25.321s  sp_med=12.815s
k= 24  obj=$8358.98  ‖r‖=4.15e-05  ‖s‖=1.76e+00  ρ=5000.0  sp_max=26.192s  sp_med=12.139s
[36;1m  [k= 25] ρ 5000.0 → 2500.0 (s/r=67932.5, ‖r‖ converged)
[0mk= 25  obj=$8354.25  ‖r‖=2.58e-05  ‖s‖=1.75e+00  ρ=2500.0  sp_max=25.923s  sp_med=11.919s
k= 26  obj=$8331.99  ‖r‖=3.79e-05  ‖s‖=1.74e+00  ρ=2500.0  sp_max=29.096s  sp_med=16.270s
k= 27  obj=$8292.74  ‖r‖=4.57e-05  ‖s‖=1.64e+00  ρ=2500.0  sp_max=30.446s  sp_med=16.699s
k= 28  obj=$8260.42  ‖r‖=6.34e-05  ‖s‖=1.45e+00  ρ=2500.0  sp_max=32.186s  sp_med=16.214s
k= 29  obj=$8247.99  ‖r‖=8.51e-05  ‖s‖=1.17e+00  ρ=2500.0  sp_max=29.455s  sp_med=14.697s
[36;1m  [k= 30] ρ 2500.0 → 1250.0 (s/r=10162.1, ‖r‖ converged)
[0mk= 30  obj=$8249.29  ‖r‖=9.16e-05  ‖s‖=9.30e-01  ρ=1250.0  sp_max=28.558s  sp_med=15.066s
      [Progress] 1694.9s elapsed, 1 iters/min
k= 31  obj=$8257.89  ‖r‖=1.01e-04  ‖s‖=6.62e-01  ρ=1250.0  sp_max=35.468s  sp_med=18.069s
k= 32  obj=$8264.39  ‖r‖=1.08e-04  ‖s‖=4.87e-01  ρ=1250.0  sp_max=33.796s  sp_med=16.028s
k= 33  obj=$8263.16  ‖r‖=1.06e-04  ‖s‖=3.82e-01  ρ=1250.0  sp_max=28.580s  sp_med=14.454s
k= 34  obj=$8255.25  ‖r‖=9.41e-05  ‖s‖=3.13e-01  ρ=1250.0  sp_max=27.499s  sp_med=13.073s
[36;1m  [k= 35] ρ 1250.0 → 625.0 (s/r=3377.5, ‖r‖ converged)
[0mk= 35  obj=$8248.63  ‖r‖=7.78e-05  ‖s‖=2.63e-01  ρ=625.0  sp_max=32.352s  sp_med=13.245s
k= 36  obj=$8245.49  ‖r‖=5.37e-05  ‖s‖=1.99e-01  ρ=625.0  sp_max=31.670s  sp_med=12.512s
k= 37  obj=$8248.68  ‖r‖=5.14e-05  ‖s‖=1.39e-01  ρ=625.0  sp_max=34.038s  sp_med=12.434s
k= 38  obj=$8248.57  ‖r‖=7.88e-05  ‖s‖=6.74e-02  ρ=625.0  sp_max=26.641s  sp_med=12.090s
k= 39  obj=$8238.80  ‖r‖=6.97e-05  ‖s‖=4.55e-02  ρ=625.0  sp_max=30.345s  sp_med=12.968s
[36;1m  [k= 40] ρ 625.0 → 312.5 (s/r=1315.1, ‖r‖ converged)
[0mk= 40  obj=$8221.10  ‖r‖=4.23e-05  ‖s‖=5.56e-02  ρ=312.5  sp_max=31.559s  sp_med=12.573s
      [Progress] 2313.5s elapsed, 1 iters/min
k= 41  obj=$8192.01  ‖r‖=4.41e-05  ‖s‖=4.50e-02  ρ=312.5  sp_max=29.850s  sp_med=13.082s
k= 42  obj=$8185.01  ‖r‖=5.84e-05  ‖s‖=2.50e-02  ρ=312.5  sp_max=31.479s  sp_med=11.740s
k= 43  obj=$8189.96  ‖r‖=4.99e-05  ‖s‖=1.56e-02  ρ=312.5  sp_max=28.445s  sp_med=12.965s
k= 44  obj=$8197.77  ‖r‖=3.13e-05  ‖s‖=1.30e-02  ρ=312.5  sp_max=35.329s  sp_med=12.519s
[36;1m  [k= 45] ρ 312.5 → 156.2 (s/r=421.2, ‖r‖ converged)
[0mk= 45  obj=$8202.03  ‖r‖=2.22e-05  ‖s‖=9.36e-03  ρ=156.2  sp_max=33.321s  sp_med=13.211s
k= 46  obj=$8202.17  ‖r‖=2.19e-05  ‖s‖=4.53e-03  ρ=156.2  sp_max=30.980s  sp_med=12.086s
k= 47  obj=$8201.10  ‖r‖=2.13e-05  ‖s‖=2.54e-03  ρ=156.2  sp_max=36.619s  sp_med=14.860s
k= 48  obj=$8201.62  ‖r‖=2.05e-05  ‖s‖=2.17e-03  ρ=156.2  sp_max=34.401s  sp_med=13.632s
k= 49  obj=$8200.46  ‖r‖=1.99e-05  ‖s‖=2.19e-03  ρ=156.2  sp_max=32.720s  sp_med=13.240s
[36;1m  [k= 50] ρ 156.2 → 78.1 (s/r=118.3, ‖r‖ converged)
[0mk= 50  obj=$8201.81  ‖r‖=1.77e-05  ‖s‖=2.09e-03  ρ=78.1  sp_max=31.630s  sp_med=12.228s
      [Progress] 2927.6s elapsed, 1 iters/min
k= 51  obj=$8200.71  ‖r‖=1.79e-05  ‖s‖=1.79e-03  ρ=78.1  sp_max=29.025s  sp_med=14.093s
k= 52  obj=$8194.90  ‖r‖=1.87e-05  ‖s‖=1.61e-03  ρ=78.1  sp_max=26.776s  sp_med=14.795s
k= 53  obj=$8193.29  ‖r‖=1.87e-05  ‖s‖=1.25e-03  ρ=78.1  sp_max=31.016s  sp_med=13.022s
k= 54  obj=$8192.60  ‖r‖=1.93e-05  ‖s‖=1.13e-03  ρ=78.1  sp_max=29.032s  sp_med=15.368s
[36;1m  [k= 55] ρ 78.1 → 39.1 (s/r=70.2, ‖r‖ converged)
[0mk= 55  obj=$8195.45  ‖r‖=1.73e-05  ‖s‖=1.21e-03  ρ=39.1  sp_max=27.196s  sp_med=12.737s
k= 56  obj=$8196.23  ‖r‖=1.88e-05  ‖s‖=1.05e-03  ρ=39.1  sp_max=31.787s  sp_med=13.786s
k= 57  obj=$8201.12  ‖r‖=1.49e-05  ‖s‖=8.99e-04  ρ=39.1  sp_max=34.517s  sp_med=14.479s
[32;1m🎉 tADMM converged at iteration 57 (‖r‖=1.49e-05 ≤ 1.00e-03, ‖s‖=8.99e-04 ≤ 1.00e-03)
  Final objective: $8201.12
[0m
================================================================================
[36;1m📊 SOLVER PERFORMANCE ANALYSIS (optimize!() times only)[0m
================================================================================
Iterations:       56
Effective time:   1729.62 seconds
Wall-clock time:  3345.39 seconds
Overhead:         48.3%
================================================================================

--- tADMM RESULT ---
[32;1mObjective: $8201.12
Wall-clock: 3345.39 seconds
Effective:  1729.62 seconds (57 iterations)
[0m
================================================================================
[36;1mVALIDATING tADMM SOLUTION[0m
================================================================================

================================================================================
SOLUTION VALIDATION: tADMM SOCP
================================================================================
✓ All constraints satisfied!
================================================================================
[32;1m✓ Convergence CSV: C:\repos_addendum\MultiPeriodDistOPF\envs\tadmm\processedData\ieee2552C_1ph_T48\convergence_data.csv[0m
[32;1m✓ Subproblem timing CSV: C:\repos_addendum\MultiPeriodDistOPF\envs\tadmm\processedData\ieee2552C_1ph_T48\subproblem_timing_details.csv[0m
[36;1mLoaded BF results from C:\repos_addendum\MultiPeriodDistOPF\envs\tadmm\processedData\ieee2552C_1ph_T48\results_socp_bf.txt[0m
[36;1mNear-optimal at k=41 (1225.35s eff): obj=$8192.01, gap=0.197% vs BF, r=4.41e-05, s=4.50e-02[0m
[32;1m✓ Near-optimal summary: C:\repos_addendum\MultiPeriodDistOPF\envs\tadmm\processedData\ieee2552C_1ph_T48\near_optimal_summary.csv[0m
[32;1m✓ Solution saved: C:\repos_addendum\MultiPeriodDistOPF\envs\tadmm\processedData\ieee2552C_1ph_T48\sol_socp_tadmm.jls[0m
[32;1m✓ tADMM results written to C:\repos_addendum\MultiPeriodDistOPF\envs\tadmm\processedData\ieee2552C_1ph_T48\results_socp_tadmm.txt[0m
[32;1m✓ Live log trimmed to last 100 lines: C:\repos_addendum\MultiPeriodDistOPF\envs\tadmm\processedData\ieee2552C_1ph_T48\tadmm_run.log[0m

================================================================================
[35;1mtADMM PIPELINE COMPLETE[0m
================================================================================
