# tADMM live log — ieee2552C_1ph T=48, ρ_init=5000.0, adaptive=true
# k, objective, r_norm, s_norm, rho, sp_max, sp_med, elapsed_s, event
# tADMM live log — ieee2552C_1ph T=48, ρ_init=5000.0, adaptive=true
# k, objective, r_norm, s_norm, rho, sp_max, sp_med, elapsed_s, event
1,4301.475389,1.3413263585e-03,7.1971383301e-01,5000.00,55.8490,34.0970,135.93,
2,4299.555310,1.3472260703e-03,8.4348116716e-01,5000.00,39.1890,9.8860,195.27,
3,4299.555628,1.3386694385e-03,9.0261167368e-01,5000.00,44.4560,11.6760,255.36,
4,4299.568363,1.3267805896e-03,1.0170225822e+00,5000.00,36.4370,11.0670,306.79,
5,4299.555147,1.3193112397e-03,1.1135275426e+00,10000.00,33.5220,10.9075,357.70,
6,4299.555092,1.3150643469e-03,1.3502592884e+00,10000.00,28.6470,12.0660,404.95,
7,4299.554609,1.3101315197e-03,1.6038849028e+00,10000.00,34.3620,12.0760,453.43,
8,4332.628056,1.2877736642e-03,1.8553832361e+00,10000.00,33.4440,13.4920,504.22,
9,4562.851253,1.2071205927e-03,1.6474665099e+00,10000.00,25.0450,13.7765,556.96,
10,4846.776514,1.1276051430e-03,1.6629189598e+00,20000.00,23.5460,11.9980,606.87,
11,5262.609132,1.0162944164e-03,1.7956235948e+00,20000.00,29.4120,15.7965,671.25,
12,5849.334006,8.8150661747e-04,1.8295168552e+00,20000.00,36.8070,14.4790,735.94,
13,6694.260037,6.7767650767e-04,1.7871017620e+00,20000.00,31.1560,13.2070,792.26,
14,7551.530365,4.6609545975e-04,1.7920901414e+00,20000.00,23.1330,11.0170,843.41,
15,8079.444908,2.9114109580e-04,1.8519757324e+00,10000.00,23.0120,11.3590,892.36,
16,8308.389779,1.9924967540e-04,1.8770194750e+00,10000.00,22.7730,11.5090,941.74,
17,8445.845615,8.3663565787e-05,1.8918793602e+00,10000.00,24.8710,10.6280,988.16,
18,8468.417668,5.5809243566e-05,1.9042935473e+00,10000.00,21.6650,11.2230,1033.42,
19,8468.542369,2.4789197438e-05,1.8978960264e+00,10000.00,22.1590,10.4190,1077.22,
20,8462.729679,8.6481700226e-06,1.8880578338e+00,5000.00,17.4130,10.1560,1119.02,
21,8436.661586,1.4531470243e-05,1.8729356928e+00,5000.00,25.3190,10.5120,1165.41,
22,8397.617523,4.2560863897e-05,1.8299188423e+00,5000.00,24.1590,11.4830,1213.56,
23,8366.577117,5.4205675885e-05,1.7870642428e+00,5000.00,25.3210,12.8150,1271.07,
24,8358.979585,4.1538718235e-05,1.7591321243e+00,5000.00,26.1920,12.1390,1323.21,
25,8354.251364,2.5811011108e-05,1.7534076766e+00,2500.00,25.9230,11.9190,1377.10,
26,8331.992799,3.7936248248e-05,1.7393270521e+00,2500.00,29.0960,16.2695,1438.33,
27,8292.738956,4.5716000189e-05,1.6371959335e+00,2500.00,30.4460,16.6990,1502.25,
28,8260.420592,6.3435986185e-05,1.4490202569e+00,2500.00,32.1860,16.2135,1568.59,
29,8247.992791,8.5063152773e-05,1.1704761371e+00,2500.00,29.4550,14.6965,1628.88,
30,8249.287560,9.1558162323e-05,9.3041926088e-01,1250.00,28.5580,15.0660,1694.91,
31,8257.894737,1.0089073945e-04,6.6240207185e-01,1250.00,35.4680,18.0685,1765.42,
32,8264.394942,1.0782138170e-04,4.8726696950e-01,1250.00,33.7960,16.0280,1839.69,
33,8263.155917,1.0557469652e-04,3.8247310546e-01,1250.00,28.5800,14.4540,1903.52,
34,8255.248851,9.4136233719e-05,3.1261826003e-01,1250.00,27.4990,13.0735,1963.39,
35,8248.625097,7.7817830337e-05,2.6283290081e-01,625.00,32.3520,13.2445,2021.48,
36,8245.485074,5.3725539169e-05,1.9896934724e-01,625.00,31.6700,12.5125,2077.84,
37,8248.676960,5.1422045842e-05,1.3870737505e-01,625.00,34.0380,12.4340,2137.75,
38,8248.570352,7.8780042611e-05,6.7418997320e-02,625.00,26.6410,12.0900,2195.98,
39,8238.797150,6.9660613988e-05,4.5463277094e-02,625.00,30.3450,12.9680,2255.34,
40,8221.102712,4.2301349213e-05,5.5632422905e-02,312.50,31.5590,12.5730,2313.53,
41,8192.011783,4.4112092174e-05,4.5014110587e-02,312.50,29.8500,13.0815,2372.96,
42,8185.011520,5.8407538779e-05,2.4958859464e-02,312.50,31.4790,11.7395,2429.87,
43,8189.955154,4.9890669642e-05,1.5595195228e-02,312.50,28.4450,12.9655,2490.80,
44,8197.770063,3.1258777570e-05,1.2998182786e-02,312.50,35.3290,12.5185,2553.96,
45,8202.029396,2.2231361515e-05,9.3641299214e-03,156.25,33.3210,13.2105,2620.90,
46,8202.170759,2.1870009166e-05,4.5264743744e-03,156.25,30.9800,12.0855,2678.46,
47,8201.102838,2.1314791686e-05,2.5410031561e-03,156.25,36.6190,14.8600,2747.25,
48,8201.621303,2.0450832644e-05,2.1650325318e-03,156.25,34.4010,13.6325,2810.75,
49,8200.463057,1.9850374191e-05,2.1915274505e-03,156.25,32.7200,13.2395,2871.12,
50,8201.809765,1.7708034539e-05,2.0943686303e-03,78.12,31.6300,12.2280,2927.60,
51,8200.713285,1.7869561031e-05,1.7930320716e-03,78.12,29.0250,14.0930,2987.34,
52,8194.898792,1.8707133126e-05,1.6069842573e-03,78.12,26.7760,14.7950,3047.00,
53,8193.290355,1.8697579377e-05,1.2524218649e-03,78.12,31.0160,13.0220,3104.45,
54,8192.598708,1.9282951227e-05,1.1321737542e-03,78.12,29.0320,15.3685,3166.95,
55,8195.453210,1.7295183668e-05,1.2134755347e-03,39.06,27.1960,12.7370,3221.70,
56,8196.228822,1.8849847934e-05,1.0457714950e-03,39.06,31.7870,13.7855,3282.20,
57,8201.116679,1.4903046616e-05,8.9875845611e-04,39.06,34.5170,14.4790,3344.66,
# CONVERGED at k=57 (r=1.49e-05 <= 1.00e-03, s=8.99e-04 <= 1.00e-03)
# Final objective: $8201.116679
