
================================================================================
PARALLELIZATION STATUS
================================================================================
Julia threads:       16
Status:              Using 16 threads
================================================================================
RHO_OVERRIDE: using rho = 50.0
EPS_PRI_OVERRIDE: using eps_pri = 0.001
EPS_DUAL_OVERRIDE: using eps_dual = 0.001
ADAPTIVE_RHO_OVERRIDE: adaptive_rho = true

================================================================================
PARSING SYSTEM DATA
================================================================================
Loaded system: ieee123C_1ph from C:\repos_addendum\MultiPeriodDistOPF\envs\tadmm\..\..\rawData\ieee123C_1ph\Master.dss

========================================
Initial Powerflow
========================================
Powerflow completed successfully!

[OpenDSS] Total system load: 872.27 kW
[OpenDSS] Substation power: 877.20 kW
[OpenDSS] Total PV dispatch: 0.00 kW
[OpenDSS] Total battery dispatch: 0.00 kW
[OpenDSS] Total system losses: 4.94 kW


================================================================================
[35;1mSOLVING MPOPF WITH SOCP (tADMM)[0m
================================================================================
[36;1mUsing fixed rho = 50.0[0m
  [tADMM hyperparams] mu_balance=5.00 tau_incr=2.00 tau_decr=2.00 update_interval=5 eps_pri=1.0e-03 eps_dual=1.0e-03 rho_init=50.0 adaptive=true

================================================================================
[36;1m🎯 tADMM[SOCP]: T=96, ρ_init=50.0, adaptive=true, warm_start=true, |Bset|=51, |Nset|=128, |Lset|=127
[0m================================================================================

******************************************************************************
This program contains Ipopt, a library for large-scale nonlinear optimization.
 Ipopt is released as open source code under the Eclipse Public License (EPL).
         For more information visit https://github.com/coin-or/Ipopt
******************************************************************************


******************************************************************************
This program contains Ipopt, a library for large-scale nonlinear optimization.
 Ipopt is released as open source code under the Eclipse Public License (EPL).
         For more information visit https://github.com/coin-or/Ipopt
******************************************************************************

k=  1  obj=$1322.58  ‖r‖=1.28e-03  ‖s‖=4.73e-03  ρ=50.0  sp_max=9.056s  sp_med=4.450s
k=  2  obj=$1322.33  ‖r‖=1.28e-03  ‖s‖=5.48e-03  ρ=50.0  sp_max=5.701s  sp_med=1.992s
k=  3  obj=$1322.33  ‖r‖=1.27e-03  ‖s‖=6.22e-03  ρ=50.0  sp_max=3.062s  sp_med=1.897s
k=  4  obj=$1322.33  ‖r‖=1.27e-03  ‖s‖=6.91e-03  ρ=50.0  sp_max=3.343s  sp_med=1.921s
[33;1m  [PHASE1-UP] ρ: 50.0 → 100.0 (‖r‖=1.27e-03 > ε=1.0e-03)
[0mk=  5  obj=$1322.33  ‖r‖=1.27e-03  ‖s‖=7.55e-03  ρ=100.0  sp_max=2.907s  sp_med=1.917s
k=  6  obj=$1322.33  ‖r‖=1.26e-03  ‖s‖=9.13e-03  ρ=100.0  sp_max=5.312s  sp_med=1.929s
k=  7  obj=$1322.33  ‖r‖=1.26e-03  ‖s‖=1.08e-02  ρ=100.0  sp_max=3.297s  sp_med=1.887s
k=  8  obj=$1322.33  ‖r‖=1.26e-03  ‖s‖=1.25e-02  ρ=100.0  sp_max=6.776s  sp_med=1.959s
k=  9  obj=$1322.33  ‖r‖=1.26e-03  ‖s‖=1.41e-02  ρ=100.0  sp_max=5.873s  sp_med=2.109s
[33;1m  [PHASE1-UP] ρ: 100.0 → 200.0 (‖r‖=1.25e-03 > ε=1.0e-03)
[0mk= 10  obj=$1322.33  ‖r‖=1.25e-03  ‖s‖=1.55e-02  ρ=200.0  sp_max=3.820s  sp_med=2.042s
      [Progress] 161.5s elapsed, 4 iters/min
k= 11  obj=$1322.33  ‖r‖=1.25e-03  ‖s‖=1.85e-02  ρ=200.0  sp_max=5.962s  sp_med=2.079s
k= 12  obj=$1322.33  ‖r‖=1.25e-03  ‖s‖=2.15e-02  ρ=200.0  sp_max=5.472s  sp_med=2.177s
k= 13  obj=$1322.33  ‖r‖=1.25e-03  ‖s‖=2.43e-02  ρ=200.0  sp_max=4.128s  sp_med=2.098s
k= 14  obj=$1322.33  ‖r‖=1.25e-03  ‖s‖=2.71e-02  ρ=200.0  sp_max=5.455s  sp_med=2.016s
[33;1m  [PHASE1-UP] ρ: 200.0 → 400.0 (‖r‖=1.24e-03 > ε=1.0e-03)
[0mk= 15  obj=$1322.33  ‖r‖=1.24e-03  ‖s‖=2.98e-02  ρ=400.0  sp_max=4.369s  sp_med=2.170s
k= 16  obj=$1322.33  ‖r‖=1.24e-03  ‖s‖=3.51e-02  ρ=400.0  sp_max=3.598s  sp_med=2.014s
k= 17  obj=$1322.33  ‖r‖=1.24e-03  ‖s‖=4.04e-02  ρ=400.0  sp_max=3.437s  sp_med=2.140s
k= 18  obj=$1322.33  ‖r‖=1.24e-03  ‖s‖=4.56e-02  ρ=400.0  sp_max=3.644s  sp_med=2.069s
k= 19  obj=$1322.33  ‖r‖=1.24e-03  ‖s‖=5.08e-02  ρ=400.0  sp_max=3.751s  sp_med=2.135s
[33;1m  [PHASE1-UP] ρ: 400.0 → 800.0 (‖r‖=1.23e-03 > ε=1.0e-03)
[0mk= 20  obj=$1322.33  ‖r‖=1.23e-03  ‖s‖=5.58e-02  ρ=800.0  sp_max=4.060s  sp_med=2.069s
      [Progress] 306.4s elapsed, 4 iters/min
k= 21  obj=$1322.33  ‖r‖=1.23e-03  ‖s‖=6.25e-02  ρ=800.0  sp_max=4.796s  sp_med=1.976s
k= 22  obj=$1322.33  ‖r‖=1.23e-03  ‖s‖=6.55e-02  ρ=800.0  sp_max=4.134s  sp_med=1.982s
k= 23  obj=$1322.33  ‖r‖=1.23e-03  ‖s‖=7.12e-02  ρ=800.0  sp_max=4.245s  sp_med=1.981s
k= 24  obj=$1322.33  ‖r‖=1.23e-03  ‖s‖=7.65e-02  ρ=800.0  sp_max=4.232s  sp_med=2.128s
[33;1m  [PHASE1-UP] ρ: 800.0 → 1600.0 (‖r‖=1.23e-03 > ε=1.0e-03)
[0mk= 25  obj=$1322.33  ‖r‖=1.23e-03  ‖s‖=8.13e-02  ρ=1600.0  sp_max=4.139s  sp_med=1.975s
k= 26  obj=$1322.33  ‖r‖=1.23e-03  ‖s‖=9.12e-02  ρ=1600.0  sp_max=4.225s  sp_med=1.995s
k= 27  obj=$1322.33  ‖r‖=1.23e-03  ‖s‖=1.01e-01  ρ=1600.0  sp_max=4.397s  sp_med=1.979s
k= 28  obj=$1322.33  ‖r‖=1.23e-03  ‖s‖=1.11e-01  ρ=1600.0  sp_max=3.550s  sp_med=1.947s
k= 29  obj=$1322.33  ‖r‖=1.23e-03  ‖s‖=1.20e-01  ρ=1600.0  sp_max=5.749s  sp_med=2.005s
[33;1m  [PHASE1-UP] ρ: 1600.0 → 3200.0 (‖r‖=1.23e-03 > ε=1.0e-03)
[0mk= 30  obj=$1322.33  ‖r‖=1.23e-03  ‖s‖=1.28e-01  ρ=3200.0  sp_max=3.627s  sp_med=1.975s
      [Progress] 444.9s elapsed, 4 iters/min
k= 31  obj=$1322.33  ‖r‖=1.23e-03  ‖s‖=1.45e-01  ρ=3200.0  sp_max=4.275s  sp_med=1.980s
k= 32  obj=$1322.33  ‖r‖=1.23e-03  ‖s‖=1.62e-01  ρ=3200.0  sp_max=3.791s  sp_med=2.018s
k= 33  obj=$1322.33  ‖r‖=1.23e-03  ‖s‖=1.78e-01  ρ=3200.0  sp_max=3.415s  sp_med=2.060s
k= 34  obj=$1322.33  ‖r‖=1.23e-03  ‖s‖=1.93e-01  ρ=3200.0  sp_max=3.649s  sp_med=1.993s
[33;1m  [PHASE1-UP] ρ: 3200.0 → 6400.0 (‖r‖=1.23e-03 > ε=1.0e-03)
[0mk= 35  obj=$1322.33  ‖r‖=1.23e-03  ‖s‖=2.08e-01  ρ=6400.0  sp_max=5.277s  sp_med=2.024s
k= 36  obj=$1322.33  ‖r‖=1.23e-03  ‖s‖=2.36e-01  ρ=6400.0  sp_max=4.018s  sp_med=1.957s
k= 37  obj=$1322.33  ‖r‖=1.22e-03  ‖s‖=2.65e-01  ρ=6400.0  sp_max=5.041s  sp_med=1.970s
k= 38  obj=$1332.35  ‖r‖=1.21e-03  ‖s‖=2.96e-01  ρ=6400.0  sp_max=5.469s  sp_med=2.008s
k= 39  obj=$1374.57  ‖r‖=1.17e-03  ‖s‖=3.32e-01  ρ=6400.0  sp_max=6.711s  sp_med=2.059s
[33;1m  [PHASE1-UP] ρ: 6400.0 → 12800.0 (‖r‖=1.14e-03 > ε=1.0e-03)
[0mk= 40  obj=$1423.14  ‖r‖=1.14e-03  ‖s‖=3.70e-01  ρ=12800.0  sp_max=5.517s  sp_med=2.060s
      [Progress] 590.3s elapsed, 4 iters/min
k= 41  obj=$1495.31  ‖r‖=1.08e-03  ‖s‖=4.35e-01  ρ=12800.0  sp_max=5.926s  sp_med=1.932s
k= 42  obj=$1596.39  ‖r‖=1.02e-03  ‖s‖=5.12e-01  ρ=12800.0  sp_max=4.838s  sp_med=2.025s
k= 43  obj=$1723.49  ‖r‖=9.42e-04  ‖s‖=5.94e-01  ρ=12800.0  sp_max=5.914s  sp_med=1.945s
k= 44  obj=$1897.36  ‖r‖=8.43e-04  ‖s‖=6.67e-01  ρ=12800.0  sp_max=5.560s  sp_med=2.394s
[32;1m  [k= 45] Phase 1→2: primal converged
[0m[36;1m  [k= 45] ρ 12800.0 → 6400.0 (s/r=1029.3, ‖r‖ converged)
[0mk= 45  obj=$2136.70  ‖r‖=7.04e-04  ‖s‖=7.24e-01  ρ=6400.0  sp_max=6.535s  sp_med=2.901s
k= 46  obj=$2268.70  ‖r‖=6.38e-04  ‖s‖=7.55e-01  ρ=6400.0  sp_max=4.908s  sp_med=2.346s
k= 47  obj=$2379.12  ‖r‖=5.65e-04  ‖s‖=7.77e-01  ρ=6400.0  sp_max=4.703s  sp_med=2.424s
k= 48  obj=$2442.15  ‖r‖=5.31e-04  ‖s‖=7.97e-01  ρ=6400.0  sp_max=4.079s  sp_med=2.357s
k= 49  obj=$2488.83  ‖r‖=4.98e-04  ‖s‖=8.15e-01  ρ=6400.0  sp_max=4.868s  sp_med=2.227s
[36;1m  [k= 50] ρ 6400.0 → 3200.0 (s/r=1839.5, ‖r‖ converged)
[0mk= 50  obj=$2549.87  ‖r‖=4.52e-04  ‖s‖=8.31e-01  ρ=3200.0  sp_max=4.709s  sp_med=2.354s
      [Progress] 764.9s elapsed, 4 iters/min
k= 51  obj=$2614.22  ‖r‖=4.10e-04  ‖s‖=8.36e-01  ρ=3200.0  sp_max=3.951s  sp_med=2.412s
k= 52  obj=$2623.23  ‖r‖=4.01e-04  ‖s‖=8.41e-01  ρ=3200.0  sp_max=4.073s  sp_med=2.520s
k= 53  obj=$2632.36  ‖r‖=3.92e-04  ‖s‖=8.44e-01  ρ=3200.0  sp_max=3.788s  sp_med=2.492s
k= 54  obj=$2640.73  ‖r‖=3.82e-04  ‖s‖=8.42e-01  ρ=3200.0  sp_max=5.697s  sp_med=2.530s
[36;1m  [k= 55] ρ 3200.0 → 1600.0 (s/r=2270.3, ‖r‖ converged)
[0mk= 55  obj=$2650.63  ‖r‖=3.71e-04  ‖s‖=8.43e-01  ρ=1600.0  sp_max=4.856s  sp_med=2.602s
k= 56  obj=$2655.02  ‖r‖=3.63e-04  ‖s‖=8.37e-01  ρ=1600.0  sp_max=4.737s  sp_med=2.722s
k= 57  obj=$2661.62  ‖r‖=3.56e-04  ‖s‖=8.35e-01  ρ=1600.0  sp_max=3.967s  sp_med=2.517s
k= 58  obj=$2666.62  ‖r‖=3.48e-04  ‖s‖=8.35e-01  ρ=1600.0  sp_max=4.511s  sp_med=2.597s
k= 59  obj=$2670.49  ‖r‖=3.39e-04  ‖s‖=8.31e-01  ρ=1600.0  sp_max=3.696s  sp_med=2.537s
[36;1m  [k= 60] ρ 1600.0 → 800.0 (s/r=2481.6, ‖r‖ converged)
[0mk= 60  obj=$2673.59  ‖r‖=3.33e-04  ‖s‖=8.25e-01  ρ=800.0  sp_max=3.428s  sp_med=2.540s
      [Progress] 931.5s elapsed, 4 iters/min
k= 61  obj=$2671.13  ‖r‖=3.28e-04  ‖s‖=8.21e-01  ρ=800.0  sp_max=3.788s  sp_med=2.583s
k= 62  obj=$2669.41  ‖r‖=3.24e-04  ‖s‖=8.01e-01  ρ=800.0  sp_max=3.822s  sp_med=2.716s
k= 63  obj=$2666.77  ‖r‖=3.21e-04  ‖s‖=7.63e-01  ρ=800.0  sp_max=4.601s  sp_med=2.792s
k= 64  obj=$2663.35  ‖r‖=3.18e-04  ‖s‖=7.12e-01  ρ=800.0  sp_max=5.311s  sp_med=2.955s
[36;1m  [k= 65] ρ 800.0 → 400.0 (s/r=2109.3, ‖r‖ converged)
[0mk= 65  obj=$2666.93  ‖r‖=3.12e-04  ‖s‖=6.58e-01  ρ=400.0  sp_max=4.490s  sp_med=2.918s
k= 66  obj=$2671.66  ‖r‖=3.03e-04  ‖s‖=5.45e-01  ρ=400.0  sp_max=5.778s  sp_med=3.032s
k= 67  obj=$2679.02  ‖r‖=3.02e-04  ‖s‖=4.22e-01  ρ=400.0  sp_max=4.290s  sp_med=2.917s
k= 68  obj=$2690.98  ‖r‖=3.03e-04  ‖s‖=3.32e-01  ρ=400.0  sp_max=4.897s  sp_med=2.818s
k= 69  obj=$2697.83  ‖r‖=3.02e-04  ‖s‖=2.53e-01  ρ=400.0  sp_max=4.236s  sp_med=2.661s
[36;1m  [k= 70] ρ 400.0 → 200.0 (s/r=686.7, ‖r‖ converged)
[0mk= 70  obj=$2703.07  ‖r‖=2.96e-04  ‖s‖=2.03e-01  ρ=200.0  sp_max=4.831s  sp_med=2.713s
      [Progress] 1117.8s elapsed, 4 iters/min
k= 71  obj=$2709.67  ‖r‖=3.09e-04  ‖s‖=1.59e-01  ρ=200.0  sp_max=4.817s  sp_med=2.681s
k= 72  obj=$2720.03  ‖r‖=3.21e-04  ‖s‖=1.20e-01  ρ=200.0  sp_max=5.286s  sp_med=2.539s
k= 73  obj=$2733.68  ‖r‖=3.17e-04  ‖s‖=9.14e-02  ρ=200.0  sp_max=5.060s  sp_med=2.556s
k= 74  obj=$2746.47  ‖r‖=3.08e-04  ‖s‖=7.06e-02  ρ=200.0  sp_max=7.588s  sp_med=3.261s
[36;1m  [k= 75] ρ 200.0 → 100.0 (s/r=199.2, ‖r‖ converged)
[0mk= 75  obj=$2756.02  ‖r‖=2.87e-04  ‖s‖=5.72e-02  ρ=100.0  sp_max=6.125s  sp_med=2.722s
k= 76  obj=$2764.07  ‖r‖=2.73e-04  ‖s‖=4.40e-02  ρ=100.0  sp_max=4.759s  sp_med=2.269s
k= 77  obj=$2768.84  ‖r‖=2.60e-04  ‖s‖=3.44e-02  ρ=100.0  sp_max=3.745s  sp_med=2.058s
k= 78  obj=$2770.99  ‖r‖=2.52e-04  ‖s‖=2.81e-02  ρ=100.0  sp_max=4.001s  sp_med=1.990s
k= 79  obj=$2772.99  ‖r‖=2.50e-04  ‖s‖=2.42e-02  ρ=100.0  sp_max=3.611s  sp_med=2.011s
[36;1m  [k= 80] ρ 100.0 → 50.0 (s/r=88.5, ‖r‖ converged)
[0mk= 80  obj=$2770.31  ‖r‖=2.50e-04  ‖s‖=2.21e-02  ρ=50.0  sp_max=3.892s  sp_med=2.059s
      [Progress] 1284.1s elapsed, 4 iters/min
k= 81  obj=$2765.96  ‖r‖=2.60e-04  ‖s‖=1.80e-02  ρ=50.0  sp_max=3.631s  sp_med=2.004s
k= 82  obj=$2759.75  ‖r‖=2.54e-04  ‖s‖=1.37e-02  ρ=50.0  sp_max=3.607s  sp_med=2.081s
k= 83  obj=$2751.89  ‖r‖=2.35e-04  ‖s‖=1.11e-02  ρ=50.0  sp_max=3.908s  sp_med=2.006s
k= 84  obj=$2746.48  ‖r‖=2.27e-04  ‖s‖=9.90e-03  ρ=50.0  sp_max=3.833s  sp_med=1.918s
[36;1m  [k= 85] ρ 50.0 → 25.0 (s/r=41.8, ‖r‖ converged)
[0mk= 85  obj=$2743.14  ‖r‖=2.29e-04  ‖s‖=9.57e-03  ρ=25.0  sp_max=3.210s  sp_med=1.951s
k= 86  obj=$2740.33  ‖r‖=2.31e-04  ‖s‖=7.71e-03  ρ=25.0  sp_max=4.160s  sp_med=1.910s
k= 87  obj=$2740.33  ‖r‖=2.29e-04  ‖s‖=6.09e-03  ρ=25.0  sp_max=4.659s  sp_med=2.016s
k= 88  obj=$2742.28  ‖r‖=2.40e-04  ‖s‖=5.12e-03  ρ=25.0  sp_max=3.768s  sp_med=2.043s
k= 89  obj=$2744.76  ‖r‖=2.51e-04  ‖s‖=4.15e-03  ρ=25.0  sp_max=3.374s  sp_med=1.957s
[36;1m  [k= 90] ρ 25.0 → 12.5 (s/r=12.7, ‖r‖ converged)
[0mk= 90  obj=$2746.96  ‖r‖=2.55e-04  ‖s‖=3.24e-03  ρ=12.5  sp_max=4.028s  sp_med=1.980s
      [Progress] 1417.4s elapsed, 4 iters/min
k= 91  obj=$2749.03  ‖r‖=2.67e-04  ‖s‖=2.45e-03  ρ=12.5  sp_max=4.544s  sp_med=1.980s
k= 92  obj=$2749.44  ‖r‖=2.70e-04  ‖s‖=1.64e-03  ρ=12.5  sp_max=4.058s  sp_med=2.045s
k= 93  obj=$2749.93  ‖r‖=2.66e-04  ‖s‖=1.12e-03  ρ=12.5  sp_max=5.230s  sp_med=2.823s
k= 94  obj=$2749.88  ‖r‖=2.58e-04  ‖s‖=1.09e-03  ρ=12.5  sp_max=6.286s  sp_med=2.926s
[36;1m  [k= 95] ρ 12.5 → 6.2 (s/r=5.5, ‖r‖ converged)
[0mk= 95  obj=$2749.86  ‖r‖=2.48e-04  ‖s‖=1.37e-03  ρ=6.2  sp_max=4.850s  sp_med=2.066s
k= 96  obj=$2749.92  ‖r‖=2.35e-04  ‖s‖=1.43e-03  ρ=6.2  sp_max=5.041s  sp_med=3.177s
k= 97  obj=$2749.60  ‖r‖=2.28e-04  ‖s‖=1.39e-03  ρ=6.2  sp_max=4.751s  sp_med=2.969s
k= 98  obj=$2749.20  ‖r‖=2.26e-04  ‖s‖=1.27e-03  ρ=6.2  sp_max=5.253s  sp_med=2.501s
k= 99  obj=$2747.06  ‖r‖=2.23e-04  ‖s‖=1.12e-03  ρ=6.2  sp_max=3.723s  sp_med=2.036s
k=100  obj=$2744.24  ‖r‖=2.22e-04  ‖s‖=9.78e-04  ρ=6.2  sp_max=4.958s  sp_med=2.033s
      [Progress] 1581.8s elapsed, 4 iters/min
[32;1m🎉 tADMM converged at iteration 100 (‖r‖=2.22e-04 ≤ 1.00e-03, ‖s‖=9.78e-04 ≤ 1.00e-03)
  Final objective: $2744.24
[0m
================================================================================
[36;1m📊 SOLVER PERFORMANCE ANALYSIS (optimize!() times only)[0m
================================================================================
Iterations:       99
Effective time:   459.82 seconds
Wall-clock time:  1582.39 seconds
Overhead:         70.9%
================================================================================

--- tADMM RESULT ---
[32;1mObjective: $2744.24
Wall-clock: 1582.39 seconds
Effective:  459.82 seconds (100 iterations)
[0m
================================================================================
[36;1mVALIDATING tADMM SOLUTION[0m
================================================================================

================================================================================
SOLUTION VALIDATION: tADMM SOCP
================================================================================
✓ All constraints satisfied!
================================================================================
[32;1m✓ Convergence CSV: C:\repos_addendum\MultiPeriodDistOPF\envs\tadmm\processedData\ieee123C_1ph_T96\convergence_data.csv[0m
[32;1m✓ Subproblem timing CSV: C:\repos_addendum\MultiPeriodDistOPF\envs\tadmm\processedData\ieee123C_1ph_T96\subproblem_timing_details.csv[0m
[36;1mLoaded BF results from C:\repos_addendum\MultiPeriodDistOPF\envs\tadmm\processedData\ieee123C_1ph_T96\results_socp_bf.txt[0m
[32;1m✓ Near-optimal summary: C:\repos_addendum\MultiPeriodDistOPF\envs\tadmm\processedData\ieee123C_1ph_T96\near_optimal_summary.csv[0m
[32;1m✓ Solution saved: C:\repos_addendum\MultiPeriodDistOPF\envs\tadmm\processedData\ieee123C_1ph_T96\sol_socp_tadmm.jls[0m
[32;1m✓ tADMM results written to C:\repos_addendum\MultiPeriodDistOPF\envs\tadmm\processedData\ieee123C_1ph_T96\results_socp_tadmm.txt[0m
[32;1m✓ Live log trimmed to last 100 lines: C:\repos_addendum\MultiPeriodDistOPF\envs\tadmm\processedData\ieee123C_1ph_T96\tadmm_run.log[0m

================================================================================
[35;1mtADMM PIPELINE COMPLETE[0m
================================================================================
