# tADMM live log — ieee123C_1ph T=96, ρ_init=50.0, adaptive=true
# k, objective, r_norm, s_norm, rho, sp_max, sp_med, elapsed_s, event
# ... trimmed 2 earlier lines ...
3,1322.331023,1.2738030958e-03,6.2192209129e-03,50.00,3.0620,1.8975,63.84,
4,1322.331060,1.2695702758e-03,6.9108850446e-03,50.00,3.3430,1.9215,76.67,
5,1322.331028,1.2664863877e-03,7.5502476716e-03,100.00,2.9070,1.9165,89.76,
6,1322.331029,1.2643748555e-03,9.1324768778e-03,100.00,5.3120,1.9290,103.26,
7,1322.331028,1.2620671771e-03,1.0839136517e-02,100.00,3.2970,1.8870,116.25,
8,1322.331470,1.2592630863e-03,1.2496974468e-02,100.00,6.7760,1.9585,131.69,
9,1322.331031,1.2568720657e-03,1.4062581112e-02,100.00,5.8730,2.1090,147.12,
10,1322.331022,1.2540343157e-03,1.5536366197e-02,200.00,3.8200,2.0415,161.59,
11,1322.331024,1.2523715484e-03,1.8516704139e-02,200.00,5.9620,2.0785,176.04,
12,1322.331291,1.2504080383e-03,2.1478105550e-02,200.00,5.4720,2.1770,190.78,
13,1322.331023,1.2484553003e-03,2.4344931134e-02,200.00,4.1280,2.0980,205.32,
14,1322.331032,1.2461253042e-03,2.7103112723e-02,200.00,5.4550,2.0165,219.77,
15,1322.331029,1.2437633231e-03,2.9756018510e-02,400.00,4.3690,2.1700,234.71,
16,1322.331074,1.2423726136e-03,3.5075092220e-02,400.00,3.5980,2.0140,248.92,
17,1322.331130,1.2407698165e-03,4.0388622914e-02,400.00,3.4370,2.1395,263.62,
18,1322.331072,1.2390089795e-03,4.5634988926e-02,400.00,3.6440,2.0690,277.81,
19,1322.331083,1.2370810758e-03,5.0775794938e-02,400.00,3.7510,2.1345,292.23,
20,1322.331081,1.2349982452e-03,5.5783511096e-02,800.00,4.0600,2.0695,306.43,
21,1322.331319,1.2338210649e-03,6.2473652185e-02,800.00,4.7960,1.9760,320.65,
22,1322.331360,1.2327282784e-03,6.5540312005e-02,800.00,4.1340,1.9820,334.22,
23,1322.331330,1.2316940687e-03,7.1210641229e-02,800.00,4.2450,1.9805,347.55,
24,1322.331364,1.2307503336e-03,7.6508501426e-02,800.00,4.2320,2.1280,361.98,
25,1322.331373,1.2298519488e-03,8.1272942301e-02,1600.00,4.1390,1.9745,375.81,
26,1322.331473,1.2293505789e-03,9.1190315201e-02,1600.00,4.2250,1.9950,389.73,
27,1322.331432,1.2288077426e-03,1.0126882168e-01,1600.00,4.3970,1.9785,403.87,
28,1322.331416,1.2282382165e-03,1.1094940192e-01,1600.00,3.5500,1.9470,417.35,
29,1322.331390,1.2276657853e-03,1.1998023441e-01,1600.00,5.7490,2.0050,431.26,
30,1322.331448,1.2270922704e-03,1.2827977604e-01,3200.00,3.6270,1.9755,444.91,
31,1322.331336,1.2267769891e-03,1.4496199440e-01,3200.00,4.2750,1.9800,458.64,
32,1322.331285,1.2264193219e-03,1.6161491607e-01,3200.00,3.7910,2.0180,472.18,
33,1322.331321,1.2260368555e-03,1.7775206409e-01,3200.00,3.4150,2.0600,485.70,
34,1322.331429,1.2256432525e-03,1.9309381633e-01,3200.00,3.6490,1.9930,499.03,
35,1322.331367,1.2252492924e-03,2.0750620404e-01,6400.00,5.2770,2.0240,512.76,
36,1322.331252,1.2250280330e-03,2.3616522497e-01,6400.00,4.0180,1.9575,526.70,
37,1322.331452,1.2247846840e-03,2.6455285573e-01,6400.00,5.0410,1.9695,541.05,
38,1332.345602,1.2104023053e-03,2.9562910589e-01,6400.00,5.4690,2.0085,555.57,
39,1374.569277,1.1737992595e-03,3.3209257044e-01,6400.00,6.7110,2.0585,573.15,
40,1423.139848,1.1382604935e-03,3.6970557625e-01,12800.00,5.5170,2.0600,590.32,
41,1495.312773,1.0832731285e-03,4.3497219182e-01,12800.00,5.9260,1.9320,606.19,
42,1596.385378,1.0182886919e-03,5.1189362008e-01,12800.00,4.8380,2.0250,621.96,
43,1723.485190,9.4209132636e-04,5.9397392073e-01,12800.00,5.9140,1.9455,639.25,
44,1897.362767,8.4311411331e-04,6.6721584748e-01,12800.00,5.5600,2.3940,657.83,
45,2136.695133,7.0378163450e-04,7.2442978088e-01,6400.00,6.5350,2.9015,680.49,
46,2268.703658,6.3795874597e-04,7.5486021821e-01,6400.00,4.9080,2.3455,697.98,
47,2379.115402,5.6529939813e-04,7.7683764173e-01,6400.00,4.7030,2.4240,715.57,
48,2442.150361,5.3097823475e-04,7.9701946207e-01,6400.00,4.0790,2.3570,732.10,
49,2488.828887,4.9831109240e-04,8.1469212438e-01,6400.00,4.8680,2.2275,748.31,
50,2549.874316,4.5156366495e-04,8.3066773783e-01,3200.00,4.7090,2.3540,764.92,
51,2614.219049,4.0954439083e-04,8.3559114263e-01,3200.00,3.9510,2.4120,781.28,
52,2623.232685,4.0099714892e-04,8.4132004639e-01,3200.00,4.0730,2.5200,797.44,
53,2632.356655,3.9151105959e-04,8.4371142815e-01,3200.00,3.7880,2.4915,813.46,
54,2640.727725,3.8202560072e-04,8.4244983997e-01,3200.00,5.6970,2.5295,830.39,
55,2650.633386,3.7114043270e-04,8.4258738802e-01,1600.00,4.8560,2.6020,847.07,
56,2655.017203,3.6319628699e-04,8.3722425731e-01,1600.00,4.7370,2.7225,864.48,
57,2661.615889,3.5557918115e-04,8.3513034806e-01,1600.00,3.9670,2.5170,881.16,
58,2666.624957,3.4806624050e-04,8.3504855472e-01,1600.00,4.5110,2.5970,898.22,
59,2670.490716,3.3907879562e-04,8.3052380534e-01,1600.00,3.6960,2.5365,914.93,
60,2673.587265,3.3250347386e-04,8.2512844526e-01,800.00,3.4280,2.5400,931.54,
61,2671.129739,3.2761103655e-04,8.2071479999e-01,800.00,3.7880,2.5830,948.60,
62,2669.414977,3.2369164646e-04,8.0135836623e-01,800.00,3.8220,2.7160,966.17,
63,2666.774037,3.2065718038e-04,7.6344221499e-01,800.00,4.6010,2.7920,984.89,
64,2663.348941,3.1763507147e-04,7.1249390917e-01,800.00,5.3110,2.9545,1004.71,
65,2666.927659,3.1190964139e-04,6.5789964737e-01,400.00,4.4900,2.9185,1024.48,
66,2671.664697,3.0318919001e-04,5.4545021232e-01,400.00,5.7780,3.0320,1043.93,
67,2679.018442,3.0153631640e-04,4.2213936063e-01,400.00,4.2900,2.9170,1063.18,
68,2690.981227,3.0306590403e-04,3.3187936257e-01,400.00,4.8970,2.8180,1081.75,
69,2697.829978,3.0212366221e-04,2.5286154110e-01,400.00,4.2360,2.6605,1099.78,
70,2703.068612,2.9621138639e-04,2.0340394341e-01,200.00,4.8310,2.7130,1117.78,
71,2709.670851,3.0915033844e-04,1.5864848137e-01,200.00,4.8170,2.6815,1135.81,
72,2720.026934,3.2139700509e-04,1.2033525502e-01,200.00,5.2860,2.5390,1153.49,
73,2733.683281,3.1731012027e-04,9.1384084189e-02,200.00,5.0600,2.5560,1170.86,
74,2746.469173,3.0808371205e-04,7.0568639365e-02,200.00,7.5880,3.2605,1194.92,
75,2756.018718,2.8697901828e-04,5.7167220929e-02,100.00,6.1250,2.7220,1213.59,
76,2764.069765,2.7317580234e-04,4.4015545058e-02,100.00,4.7590,2.2695,1228.72,
77,2768.838004,2.6018681462e-04,3.4358148508e-02,100.00,3.7450,2.0585,1242.93,
78,2770.990827,2.5185836935e-04,2.8114254636e-02,100.00,4.0010,1.9900,1256.68,
79,2772.993786,2.4971040903e-04,2.4179093803e-02,100.00,3.6110,2.0105,1270.53,
80,2770.308490,2.5026726170e-04,2.2137155353e-02,50.00,3.8920,2.0585,1284.10,
81,2765.957151,2.6041137860e-04,1.7986528032e-02,50.00,3.6310,2.0040,1297.81,
82,2759.754964,2.5371760569e-04,1.3699049328e-02,50.00,3.6070,2.0815,1311.19,
83,2751.892337,2.3517769011e-04,1.1143741617e-02,50.00,3.9080,2.0060,1324.30,
84,2746.483476,2.2698237062e-04,9.8985105758e-03,50.00,3.8330,1.9180,1337.63,
85,2743.143017,2.2877487899e-04,9.5697140862e-03,25.00,3.2100,1.9510,1351.00,
86,2740.334300,2.3122053814e-04,7.7105810206e-03,25.00,4.1600,1.9095,1364.15,
87,2740.327213,2.2888260155e-04,6.0853696521e-03,25.00,4.6590,2.0160,1377.58,
88,2742.278599,2.3987903749e-04,5.1189299227e-03,25.00,3.7680,2.0435,1390.90,
89,2744.763624,2.5074306599e-04,4.1478493834e-03,25.00,3.3740,1.9570,1404.28,
90,2746.961907,2.5462756835e-04,3.2354739256e-03,12.50,4.0280,1.9795,1417.43,
91,2749.030227,2.6721640046e-04,2.4542252453e-03,12.50,4.5440,1.9805,1431.13,
92,2749.439012,2.6999138014e-04,1.6430329236e-03,12.50,4.0580,2.0455,1445.38,
93,2749.932596,2.6647217656e-04,1.1152469072e-03,12.50,5.2300,2.8225,1463.83,
94,2749.878008,2.5773832932e-04,1.0876286305e-03,12.50,6.2860,2.9260,1483.17,
95,2749.855409,2.4836102426e-04,1.3739282468e-03,6.25,4.8500,2.0655,1496.78,
96,2749.915217,2.3525310877e-04,1.4337787953e-03,6.25,5.0410,3.1770,1517.92,
97,2749.595306,2.2846118001e-04,1.3854283943e-03,6.25,4.7510,2.9690,1536.97,
98,2749.202982,2.2582523316e-04,1.2679306418e-03,6.25,5.2530,2.5010,1553.69,
99,2747.055499,2.2324741304e-04,1.1244828989e-03,6.25,3.7230,2.0365,1567.48,
100,2744.239847,2.2245794997e-04,9.7822026267e-04,6.25,4.9580,2.0325,1581.76,
# CONVERGED at k=100 (r=2.22e-04 <= 1.00e-03, s=9.78e-04 <= 1.00e-03)
# Final objective: $2744.239847
