[2026-09-18 20:28:16] export: ieee123C_1ph T=6 (periodic profile)
[2026-09-18 20:28:43] run: ieee123C_1ph T=6 exact (factor_backed=0)
[2026-09-18 20:29:43] run: ieee123C_1ph T=6 diag (factor_backed=0)
[2026-09-18 20:30:34] pushed after ieee123C_1ph T=6
[2026-09-18 20:30:34] export: ieee123C_1ph T=12 (periodic profile)
[2026-09-18 20:30:56] run: ieee123C_1ph T=12 exact (factor_backed=0)
[2026-09-18 20:31:42] run: ieee123C_1ph T=12 diag (factor_backed=0)
[2026-09-18 20:32:37] pushed after ieee123C_1ph T=12
[2026-09-18 20:32:37] export: ieee123C_1ph T=24 (periodic profile)
[2026-09-18 20:32:58] run: ieee123C_1ph T=24 exact (factor_backed=0)
[2026-09-18 20:33:57] run: ieee123C_1ph T=24 diag (factor_backed=0)
[2026-09-18 20:35:01] pushed after ieee123C_1ph T=24
[2026-09-18 20:35:01] export: ieee2522C_1ph T=6 (periodic profile)
[2026-09-18 20:35:23] run: ieee2522C_1ph T=6 exact (factor_backed=0)
[2026-09-18 20:39:50] run: ieee2522C_1ph T=6 diag (factor_backed=0)
[2026-09-18 20:44:04] pushed after ieee2522C_1ph T=6
[2026-09-18 20:44:04] export: ieee123C_1ph T=48 (periodic profile)
[2026-09-18 20:44:25] run: ieee123C_1ph T=48 exact (factor_backed=0)
[2026-09-18 20:45:55] run: ieee123C_1ph T=48 diag (factor_backed=0)
[2026-09-18 20:47:31] pushed after ieee123C_1ph T=48
[2026-09-18 20:47:31] export: ieee2522C_1ph T=12 (periodic profile)
[2026-09-18 20:47:52] run: ieee2522C_1ph T=12 exact (factor_backed=0)
[2026-09-18 20:56:17] run: ieee2522C_1ph T=12 diag (factor_backed=0)
[2026-09-18 21:03:27] pushed after ieee2522C_1ph T=12
[2026-09-18 21:03:27] export: ieee123C_1ph T=96 (periodic profile)
[2026-09-18 21:03:48] run: ieee123C_1ph T=96 exact (factor_backed=0)
[2026-09-18 21:06:21] run: ieee123C_1ph T=96 diag (factor_backed=0)
[2026-09-18 21:08:39] pushed after ieee123C_1ph T=96
[2026-09-18 21:08:39] export: ieee2522C_1ph T=24 (periodic profile)
[2026-09-18 21:09:00] run: ieee2522C_1ph T=24 exact (factor_backed=0)
[2026-09-18 21:26:11] run: ieee2522C_1ph T=24 diag (factor_backed=0)
[2026-09-18 21:39:34] pushed after ieee2522C_1ph T=24
[2026-09-18 21:39:34] export: large10kC_1ph T=6 (periodic profile)
[2026-09-18 21:39:57] run: large10kC_1ph T=6 exact (factor_backed=0)
[2026-09-18 22:58:01] run: large10kC_1ph T=6 diag (factor_backed=0)
[2026-09-18 23:51:29] pushed after large10kC_1ph T=6
[2026-09-18 23:51:29] export: large10kC_1ph T=12 (periodic profile)
[2026-09-18 23:51:52] run: large10kC_1ph T=12 exact (factor_backed=1)
[2026-09-19 02:12:16] run: large10kC_1ph T=12 diag (factor_backed=1)
[2026-09-19 03:50:04] pushed after large10kC_1ph T=12
[2026-09-19 03:50:04] sweep finished
[2026-09-19 03:50:19] pushed after sweep finished
