
******************************************************************************
This program contains Ipopt, a library for large-scale nonlinear optimization.
 Ipopt is released as open source code under the Eclipse Public License (EPL).
         For more information visit https://github.com/coin-or/Ipopt
******************************************************************************

This is Ipopt version 3.14.19, running with linear solver MUMPS 5.8.2.

Number of nonzeros in equality constraint Jacobian...:   574310
Number of nonzeros in inequality constraint Jacobian.:   320544
Number of nonzeros in Lagrangian Hessian.............:   187512

Total number of variables............................:   260088
                     variables with only lower bounds:    60528
                variables with lower and upper bounds:        0
                     variables with only upper bounds:        0
Total number of equality constraints.................:   187584
Total number of inequality constraints...............:   139032
        inequality constraints with only lower bounds:        0
   inequality constraints with lower and upper bounds:    78528
        inequality constraints with only upper bounds:    60504

iter    objective    inf_pr   inf_du lg(mu)  ||d||  lg(rg) alpha_du alpha_pr  ls
   0  3.3599966e+01 1.10e+00 6.87e+00  -1.0 0.00e+00    -  0.00e+00 0.00e+00   0
   1  1.7313426e+02 1.09e+00 9.06e+00  -1.0 8.73e+00    -  1.15e-03 1.23e-02f  1
   2  2.8108670e+02 1.07e+00 8.94e+00  -1.0 3.10e+00    -  1.75e-02 1.41e-02f  1
   3  3.5567986e+02 1.06e+00 8.85e+00  -1.0 2.90e+00    -  1.99e-02 1.05e-02f  1
   4  4.0724015e+02 1.05e+00 8.78e+00  -1.0 4.93e+00    -  7.26e-03 7.81e-03f  1
   5  4.3394604e+02 1.05e+00 1.33e+01  -1.0 1.09e+01    -  5.20e-03 4.02e-03f  1
   6  4.5541134e+02 1.05e+00 8.72e+00  -1.0 2.16e+01    -  1.66e-03 2.63e-03f  1
   7  4.7463755e+02 1.04e+00 8.70e+00  -1.0 2.15e+01    -  2.61e-03 2.27e-03f  1
   8  5.5150768e+02 1.04e+00 6.10e+01  -1.0 1.82e+01    -  4.54e-03 9.17e-03f  1
   9  6.0217484e+02 1.03e+00 5.11e+01  -1.0 1.38e+01    -  7.89e-03 6.47e-03f  1
iter    objective    inf_pr   inf_du lg(mu)  ||d||  lg(rg) alpha_du alpha_pr  ls
  10  6.8064757e+02 1.02e+00 8.61e+01  -1.0 1.47e+01    -  6.32e-03 9.92e-03f  1
  11  8.1432847e+02 1.00e+00 1.33e+02  -1.0 1.49e+01    -  1.21e-02 1.68e-02f  1
  12  1.0244724e+03 9.74e-01 1.32e+02  -1.0 1.30e+01    -  2.53e-02 2.70e-02f  1
  13  1.2309147e+03 9.47e-01 1.35e+02  -1.0 1.11e+01    -  4.15e-02 2.74e-02f  1
  14  1.4573044e+03 9.18e-01 1.43e+02  -1.0 1.03e+01    -  5.87e-02 3.09e-02f  1
  15  1.6045003e+03 8.99e-01 1.34e+02  -1.0 1.16e+01    -  5.30e-03 2.08e-02f  1
  16  1.7477861e+03 8.80e-01 1.24e+02  -1.0 1.85e+02    -  4.73e-03 2.07e-02f  1
  17  1.7518112e+03 8.80e-01 1.23e+02  -1.0 3.88e+04    -  9.17e-05 5.83e-04f  1
  18  1.8658667e+03 8.65e-01 1.18e+02  -1.0 3.88e+02  -2.0 8.57e-03 1.68e-02f  1
  19  1.8895651e+03 8.62e-01 1.15e+02  -1.0 2.41e+03  -2.5 1.36e-03 3.55e-03f  1
iter    objective    inf_pr   inf_du lg(mu)  ||d||  lg(rg) alpha_du alpha_pr  ls
  20  1.9957262e+03 8.48e-01 1.14e+02  -1.0 6.47e+01  -1.1 1.66e-02 1.60e-02f  1
  21  2.0814607e+03 8.37e-01 1.10e+02  -1.0 3.96e+01  -0.7 2.00e-02 1.32e-02f  1
  22  2.1618304e+03 8.27e-01 1.04e+02  -1.0 1.03e+02  -1.2 7.02e-03 1.25e-02f  1
  23  2.2745081e+03 8.12e-01 9.99e+01  -1.0 4.02e+01  -0.8 2.63e-02 1.78e-02f  1
  24  2.3570791e+03 8.01e-01 9.50e+01  -1.0 3.24e+01  -0.3 1.69e-02 1.33e-02f  1
  25  2.5169140e+03 7.80e-01 9.23e+01  -1.0 3.87e+01  -0.8 2.67e-02 2.60e-02f  1
  26  2.6059935e+03 7.69e-01 8.78e+01  -1.0 3.05e+01  -0.4 1.87e-02 1.49e-02f  1
  27  2.7703097e+03 7.47e-01 8.52e+01  -1.0 3.84e+01  -0.9 2.86e-02 2.78e-02f  1
  28  2.8049223e+03 7.43e-01 9.21e+01  -1.0 1.74e+02  -1.4 9.28e-03 6.14e-03f  1
  29  2.8778221e+03 7.33e-01 9.06e+01  -1.0 3.94e+01  -0.9 1.44e-02 1.28e-02f  1
iter    objective    inf_pr   inf_du lg(mu)  ||d||  lg(rg) alpha_du alpha_pr  ls
  30  2.9586813e+03 7.23e-01 8.53e+01  -1.0 1.01e+02  -1.4 1.21e-02 1.44e-02f  1
  31  3.0159393e+03 7.15e-01 8.67e+01  -1.0 4.41e+01  -1.0 2.85e-03 1.03e-02f  1
  32  3.1225078e+03 7.01e-01 8.93e+01  -1.0 7.58e+01  -1.5 2.37e-02 1.93e-02f  1
  33  3.1520034e+03 6.98e-01 8.39e+01  -1.0 4.95e+01  -1.0 1.89e-02 5.47e-03f  1
  34  3.2831475e+03 6.80e-01 8.35e+01  -1.0 7.79e+01  -1.5 2.71e-02 2.44e-02f  1
  35  3.4065218e+03 6.64e-01 9.08e+01  -1.0 5.22e+01  -1.1 2.67e-02 2.36e-02f  1
  36  3.6126968e+03 6.38e-01 8.17e+01  -1.0 6.97e+01  -1.6 3.64e-02 4.03e-02f  1
  37  3.7063576e+03 6.26e-01 8.55e+01  -1.0 5.08e+02  -2.0 1.28e-02 1.88e-02f  1
  38  3.8539957e+03 6.06e-01 9.35e+01  -1.0 5.51e+01  -1.6 4.05e-02 3.08e-02f  1
  39  3.9674182e+03 5.92e-01 9.40e+01  -1.0 4.03e+02  -2.1 2.01e-02 2.42e-02f  1
iter    objective    inf_pr   inf_du lg(mu)  ||d||  lg(rg) alpha_du alpha_pr  ls
  40  4.1892802e+03 5.63e-01 8.42e+01  -1.0 4.99e+01  -1.7 4.03e-02 4.92e-02f  1
  41  4.3104971e+03 5.47e-01 8.37e+01  -1.0 2.84e+02  -2.1 2.54e-02 2.80e-02f  1
  42  4.3162838e+03 5.46e-01 8.35e+01  -1.0 2.19e+04  -2.6 1.22e-03 1.17e-03f  1
  43  4.4380777e+03 5.30e-01 8.44e+01  -1.0 2.39e+02  -2.2 2.47e-02 2.91e-02f  1
  44  4.4604787e+03 5.27e-01 8.01e+01  -1.0 3.46e+03  -2.7 7.72e-03 5.26e-03f  1
  45  4.6487942e+03 5.03e-01 9.79e+01  -1.0 1.84e+02  -2.2 2.08e-02 4.67e-02f  1
  46  4.6746547e+03 5.00e-01 9.05e+01  -1.0 1.29e+03  -2.7 1.17e-02 6.56e-03f  1
  47  4.7759019e+03 4.86e-01 7.31e+01  -1.0 1.44e+02  -2.3 4.39e-02 2.67e-02f  1
  48  4.8100990e+03 4.82e-01 7.74e+01  -1.0 8.64e+02  -2.8 5.07e-03 9.12e-03f  1
  49  4.9233526e+03 4.67e-01 7.99e+01  -1.0 1.84e+02  -2.3 2.56e-02 3.11e-02f  1
iter    objective    inf_pr   inf_du lg(mu)  ||d||  lg(rg) alpha_du alpha_pr  ls
  50  4.9766426e+03 4.60e-01 9.16e+01  -1.0 9.99e+02  -2.8 4.04e-03 1.51e-02f  1
  51  5.0204471e+03 4.54e-01 7.35e+01  -1.0 2.08e+02  -2.4 3.14e-02 1.27e-02f  1
  52  5.1126984e+03 4.41e-01 1.48e+02  -1.0 1.09e+03  -2.9 5.35e-03 2.74e-02f  1
  53  5.2339663e+03 4.25e-01 1.36e+02  -1.0 1.71e+02  -2.4 3.93e-02 3.70e-02f  1
  54  5.2710295e+03 4.20e-01 1.21e+02  -1.0 7.90e+02  -2.9 1.52e-02 1.21e-02f  1
  55  5.4686655e+03 3.93e-01 1.92e+02  -1.0 1.52e+02  -2.5 2.81e-02 6.36e-02f  1
  56  5.5142448e+03 3.87e-01 1.78e+02  -1.0 5.59e+02  -3.0 1.95e-02 1.60e-02f  1
  57  5.7018711e+03 3.62e-01 1.91e+02  -1.0 1.44e+02  -2.5 5.03e-02 6.52e-02f  1
  58  5.8696004e+03 3.39e-01 2.01e+02  -1.0 4.41e+02  -3.0 5.42e-02 6.33e-02f  1
  59  5.9116476e+03 3.33e-01 1.45e+02  -1.0 1.10e+02  -2.6 7.71e-02 1.65e-02f  1
iter    objective    inf_pr   inf_du lg(mu)  ||d||  lg(rg) alpha_du alpha_pr  ls
  60  6.0085569e+03 3.20e-01 1.78e+02  -1.0 3.99e+02  -3.1 1.45e-02 3.92e-02f  1
  61  6.0679658e+03 3.12e-01 1.53e+02  -1.0 1.36e+02  -2.6 6.11e-02 2.45e-02f  1
  62  6.2014125e+03 2.95e-01 2.17e+02  -1.0 3.90e+02  -3.1 1.84e-02 5.68e-02f  1
  63  6.2522556e+03 2.88e-01 2.58e+02  -1.0 1.32e+02  -2.7 7.80e-02 2.27e-02f  1
  64  6.3507643e+03 2.75e-01 2.75e+02  -1.0 4.33e+02  -3.2 2.74e-02 4.54e-02f  1
  65  6.3565043e+03 2.74e-01 9.25e+02  -1.0 1.37e+02  -2.8 3.51e-02 2.68e-03f  1
  66  6.3926761e+03 2.69e-01 7.49e+02  -1.0 4.79e+02  -3.2 3.96e-03 1.72e-02f  1
  67  6.4140737e+03 2.67e-01 7.13e+02  -1.0 1.67e+02  -2.8 8.62e-03 1.02e-02f  1
  68  6.4386097e+03 2.63e-01 8.30e+02  -1.0 5.85e+02  -3.3 1.96e-02 1.19e-02f  1
  69  6.4612368e+03 2.60e-01 7.51e+02  -1.0 2.45e+02  -2.9 6.81e-03 1.14e-02f  1
iter    objective    inf_pr   inf_du lg(mu)  ||d||  lg(rg) alpha_du alpha_pr  ls
  70  6.4952653e+03 2.56e-01 6.79e+02  -1.0 7.11e+02  -3.3 1.38e-02 1.75e-02f  1
  71  6.5045951e+03 2.55e-01 8.03e+02  -1.0 2.91e+02  -2.9 1.24e-02 5.07e-03f  1
  72  6.5437771e+03 2.49e-01 6.99e+02  -1.0 8.38e+02  -3.4 1.49e-02 2.07e-02f  1
  73  6.5684391e+03 2.46e-01 7.00e+02  -1.0 2.72e+02  -3.0 1.37e-02 1.33e-02f  1
  74  6.6179796e+03 2.40e-01 4.36e+02  -1.0 7.84e+02  -3.4 1.61e-02 2.64e-02f  1
  75  6.6336259e+03 2.37e-01 7.19e+02  -1.0 3.52e+02  -3.0 1.71e-02 8.74e-03f  1
  76  6.6826184e+03 2.31e-01 5.03e+02  -1.0 9.78e+02  -3.5 1.37e-02 2.74e-02f  1
  77  6.7074242e+03 2.28e-01 5.80e+02  -1.0 3.92e+02  -3.1 1.99e-02 1.48e-02f  1
  78  6.7636722e+03 2.20e-01 4.81e+02  -1.0 1.20e+03  -3.5 2.85e-02 3.28e-02f  1
  79  6.7863905e+03 2.17e-01 4.26e+02  -1.0 4.82e+02  -3.1 6.92e-03 1.40e-02f  1
iter    objective    inf_pr   inf_du lg(mu)  ||d||  lg(rg) alpha_du alpha_pr  ls
  80  6.8448473e+03 2.09e-01 3.95e+02  -1.0 1.19e+03  -3.6 3.68e-02 3.59e-02f  1
  81  6.8613389e+03 2.07e-01 3.57e+02  -1.0 5.36e+02  -3.2 1.54e-02 1.09e-02f  1
  82  6.9254961e+03 1.98e-01 3.49e+02  -1.0 1.24e+03  -3.6 2.83e-02 4.08e-02f  1
  83  6.9426174e+03 1.96e-01 3.26e+02  -1.0 5.64e+02  -3.2 1.25e-02 1.17e-02f  1
  84  6.9701992e+03 1.93e-01 3.80e+02  -1.0 1.16e+03  -3.7 3.45e-02 1.85e-02f  1
  85  6.9917389e+03 1.90e-01 2.92e+02  -1.0 5.89e+02  -3.3 1.17e-02 1.53e-02f  1
  86  7.0775264e+03 1.78e-01 6.68e+02  -1.0 1.17e+03  -3.7 1.75e-02 5.89e-02f  1
  87  7.0897232e+03 1.77e-01 4.45e+02  -1.0 6.18e+02  -3.3 1.63e-02 9.36e-03f  1
  88  7.1719346e+03 1.66e-01 7.83e+02  -1.0 1.17e+03  -3.8 3.21e-02 6.04e-02f  1
  89  7.1854216e+03 1.64e-01 6.20e+02  -1.0 5.61e+02  -3.4 1.70e-02 1.10e-02f  1
iter    objective    inf_pr   inf_du lg(mu)  ||d||  lg(rg) alpha_du alpha_pr  ls
  90  7.2290273e+03 1.59e-01 6.13e+02  -1.0 1.11e+03  -3.8 3.27e-02 3.41e-02f  1
  91  7.2493270e+03 1.56e-01 5.86e+02  -1.0 5.65e+02  -3.4 1.81e-02 1.71e-02f  1
  92  7.2913866e+03 1.51e-01 6.10e+02  -1.0 1.07e+03  -3.9 3.16e-02 3.40e-02f  1
  93  7.2999908e+03 1.50e-01 5.14e+02  -1.0 4.97e+02  -3.5 1.23e-02 7.35e-03f  1
  94  7.3068402e+03 1.49e-01 6.10e+02  -1.0 1.09e+03  -3.9 1.32e-02 5.58e-03f  1
  95  7.3159026e+03 1.48e-01 4.60e+02  -1.0 7.76e+02  -3.5 3.09e-03 7.67e-03f  1
  96  7.3271906e+03 1.46e-01 4.78e+02  -1.0 1.95e+03  -4.0 3.18e-03 1.07e-02f  1
  97  7.3401007e+03 1.44e-01 4.59e+02  -1.0 2.20e+03  -3.6 1.40e-02 1.34e-02f  1
  98  7.3942663e+03 1.36e-01 1.14e+03  -1.0 2.69e+03  -4.0 1.06e-02 5.83e-02f  1
  99  7.4136883e+03 1.33e-01 1.13e+03  -1.0 1.17e+03  -3.6 2.01e-02 2.07e-02f  1
iter    objective    inf_pr   inf_du lg(mu)  ||d||  lg(rg) alpha_du alpha_pr  ls
 100  7.4657222e+03 1.26e-01 1.16e+03  -1.0 1.05e+03  -4.1 2.37e-02 5.11e-02f  1
 101  7.5151488e+03 1.20e-01 1.10e+03  -1.0 6.84e+02  -3.7 4.16e-02 4.93e-02f  1
 102  7.6698883e+03 1.02e-01 1.43e+03  -1.0 6.53e+02  -4.1 1.01e-01 1.58e-01f  1
 103  7.7189504e+03 9.82e-02 1.35e+03  -1.0 5.14e+02  -3.7 5.80e-02 6.14e-02f  1
 104  7.7448710e+03 9.50e-02 1.77e+03  -1.0 5.49e+02  -4.2 2.19e-01 3.33e-02f  1
 105  7.8139660e+03 8.61e-02 1.41e+03  -1.0 5.32e+02  -3.8 2.03e-02 9.30e-02f  1
 106  7.8300792e+03 8.35e-02 1.70e+03  -1.0 5.99e+02  -4.3 7.86e-02 2.34e-02f  1
 107  7.8547601e+03 7.99e-02 1.67e+03  -1.0 5.10e+02  -3.8 1.09e-01 3.76e-02f  1
 108  7.8725210e+03 7.72e-02 1.66e+03  -1.0 6.49e+02  -4.3 8.21e-03 2.82e-02f  1
 109  7.8814372e+03 7.58e-02 1.54e+03  -1.0 6.80e+02  -3.9 2.46e-02 1.57e-02f  1
iter    objective    inf_pr   inf_du lg(mu)  ||d||  lg(rg) alpha_du alpha_pr  ls
 110  7.9033123e+03 7.22e-02 1.55e+03  -1.0 6.55e+02  -4.4 2.49e-02 3.90e-02f  1
 111  7.9123870e+03 7.07e-02 1.31e+03  -1.0 6.14e+02  -3.9 4.15e-02 1.82e-02f  1
 112  7.9369659e+03 6.71e-02 1.32e+03  -1.0 4.39e+02  -4.4 1.84e-02 4.70e-02f  1
 113  7.9955389e+03 6.22e-02 1.19e+03  -1.0 3.22e+02  -4.0 3.47e-02 1.06e-01f  1
 114  8.0052431e+03 6.09e-02 1.09e+03  -1.0 3.54e+02  -4.5 7.87e-02 1.86e-02f  1
 115  8.0174886e+03 5.94e-02 1.02e+03  -1.0 3.44e+02  -4.0 3.15e-02 2.39e-02f  1
 116  8.0320010e+03 5.75e-02 9.80e+02  -1.0 1.16e+03  -4.5 2.57e-02 2.91e-02f  1
 117  8.0398686e+03 5.65e-02 8.52e+02  -1.0 9.65e+02  -4.1 7.23e-02 1.61e-02f  1
 118  8.0503946e+03 5.56e-02 7.80e+02  -1.0 1.77e+03  -4.6 1.15e-02 2.18e-02f  1
 119  8.0563573e+03 5.51e-02 9.30e+02  -1.0 1.18e+03  -4.1 2.37e-02 1.32e-02f  1
iter    objective    inf_pr   inf_du lg(mu)  ||d||  lg(rg) alpha_du alpha_pr  ls
 120  8.0645036e+03 5.44e-02 8.89e+02  -1.0 1.02e+03  -4.6 9.28e-03 2.13e-02f  1
 121  8.0794975e+03 5.65e-02 1.43e+03  -1.0 2.50e+03  -4.2 1.32e-02 4.53e-02f  1
 122  8.0946761e+03 6.82e-02 1.31e+03  -1.0 3.39e+03  -4.7 6.14e-02 5.68e-02f  1
 123  8.1118210e+03 6.98e-02 1.64e+03  -1.0 2.17e+03  -4.2 2.33e-02 6.25e-02f  1
 124  8.1409191e+03 6.60e-02 1.58e+03  -1.0 1.82e+03  -4.7 4.85e-02 1.16e-01f  1
 125  8.1427429e+03 6.54e-02 1.41e+03  -1.0 1.32e+03  -4.3 4.92e-02 7.07e-03f  1
 126  8.1678065e+03 5.77e-02 1.19e+03  -1.0 1.37e+03  -4.8 4.07e-02 9.29e-02f  1
 127  8.1931453e+03 5.02e-02 1.08e+03  -1.0 7.33e+02  -4.3 7.54e-02 9.59e-02f  1
 128  8.2308129e+03 3.92e-02 1.25e+03  -1.0 6.48e+02  -4.8 1.17e-01 1.50e-01f  1
 129  8.2914072e+03 2.15e-02 1.86e+03  -1.0 8.52e+02  -5.3 1.67e-01 2.66e-01f  1
iter    objective    inf_pr   inf_du lg(mu)  ||d||  lg(rg) alpha_du alpha_pr  ls
 130  8.3644336e+03 1.18e-02 2.29e+03  -1.0 3.92e+02  -4.9 2.48e-01 3.98e-01f  1
 131  8.4396061e+03 4.81e-03 3.33e+03  -1.0 4.10e+02  -5.3 2.18e-01 5.94e-01f  1
 132  8.4544389e+03 3.68e-03 3.20e+03  -1.0 2.02e+03    -  1.15e-01 2.35e-01f  1
 133  8.4743664e+03 2.27e-03 2.11e+03  -1.0 1.03e+03    -  3.55e-01 3.83e-01f  1
 134  8.4841678e+03 1.73e-03 2.20e+03  -1.0 1.40e+03    -  5.94e-02 2.38e-01f  1
 135  8.4970502e+03 1.07e-03 1.72e+03  -1.0 1.23e+03    -  2.68e-01 3.79e-01f  1
 136  8.5068480e+03 6.94e-04 1.53e+03  -1.0 1.53e+03    -  1.78e-01 3.53e-01f  1
 137  8.5156121e+03 3.94e-04 1.33e+03  -1.0 1.63e+03    -  2.00e-01 4.33e-01f  1
 138  8.5185960e+03 3.19e-04 1.14e+03  -1.0 1.94e+03    -  1.52e-01 1.91e-01f  1
 139  8.5224747e+03 2.22e-04 9.13e+02  -1.0 2.21e+03    -  2.11e-01 3.03e-01f  1
iter    objective    inf_pr   inf_du lg(mu)  ||d||  lg(rg) alpha_du alpha_pr  ls
 140  8.5272067e+03 1.26e-04 1.12e+03  -1.0 2.63e+03    -  6.40e-02 4.31e-01f  1
 141  8.5317717e+03 6.63e-05 2.00e+03  -1.0 2.60e+03    -  1.54e-01 4.75e-01f  1
 142  8.5360126e+03 3.54e-05 2.51e+03  -1.0 2.73e+03    -  2.94e-01 4.66e-01f  1
 143  8.5432636e+03 2.41e-06 1.11e+04  -1.0 3.16e+03    -  2.34e-01 9.32e-01f  1
 144  8.5464894e+03 4.53e-07 5.25e+04  -1.0 3.93e+03    -  5.88e-01 8.13e-01f  1
 145  8.5499234e+03 2.26e-09 5.03e+05  -1.0 8.30e+03    -  5.24e-01 9.95e-01f  1
 146  8.5517907e+03 1.18e-09 1.41e+06  -1.0 1.31e+04    -  6.55e-01 8.18e-01f  1
 147  8.5539234e+03 6.40e-10 5.80e+05  -1.0 2.38e+04    -  8.11e-01 1.00e+00f  1
 148  8.5550199e+03 2.71e-10 2.25e+05  -1.0 3.08e+04    -  6.12e-01 5.76e-01f  1
 149  8.5567725e+03 9.25e-12 1.66e+05  -1.0 3.17e+04    -  6.74e-01 1.00e+00f  1
iter    objective    inf_pr   inf_du lg(mu)  ||d||  lg(rg) alpha_du alpha_pr  ls
 150  8.5573816e+03 2.82e-12 8.02e+04  -1.0 3.52e+04    -  5.82e-01 1.00e+00h  1
 151  8.5575488e+03 9.59e-14 1.77e+04  -1.0 2.27e+04    -  7.79e-01 1.00e+00h  1
 152  8.5575850e+03 3.02e-15 1.07e-01  -1.0 2.45e+04    -  1.00e+00 1.00e+00h  1
 153  8.5575889e+03 4.44e-16 9.76e-03  -1.0 9.10e+03    -  1.00e+00 1.00e+00h  1
 154  8.5575889e+03 4.44e-16 8.47e-06  -1.0 6.04e+01    -  1.00e+00 1.00e+00h  1
 155  8.4294678e+03 4.67e-09 2.57e+06  -3.8 8.17e+03    -  4.01e-01 6.84e-01f  1
 156  8.3795284e+03 3.26e-09 2.14e+06  -3.8 8.47e+03    -  2.39e-01 3.03e-01f  1
 157  8.3479822e+03 2.50e-09 1.32e+06  -3.8 6.77e+03    -  3.26e-01 2.33e-01f  1
 158  8.3205925e+03 1.98e-09 9.42e+05  -3.8 3.92e+03    -  5.35e-01 2.09e-01f  1
 159  8.2445374e+03 1.03e-09 7.36e+05  -3.8 5.30e+03    -  7.00e-01 4.77e-01f  1
iter    objective    inf_pr   inf_du lg(mu)  ||d||  lg(rg) alpha_du alpha_pr  ls
 160  8.1567160e+03 3.42e-10 2.45e+05  -3.8 5.65e+03    -  6.82e-01 6.69e-01f  1
 161  8.1367236e+03 1.73e-10 1.32e+05  -3.8 3.62e+03    -  7.30e-01 4.92e-01h  1
 162  8.1199199e+03 3.02e-11 2.28e+04  -3.8 4.40e+03    -  8.05e-01 8.26e-01h  1
 163  8.1170202e+03 8.53e-14 1.53e-05  -3.8 1.27e+03    -  1.00e+00 1.00e+00h  1
 164  8.1169597e+03 6.98e-15 9.67e-08  -3.8 4.78e+02    -  1.00e+00 1.00e+00h  1
 165  8.1169641e+03 5.84e-16 1.50e-09  -3.8 7.18e+00    -  1.00e+00 1.00e+00h  1
 166  8.1152732e+03 4.94e-15 1.70e+02  -5.7 3.07e+02    -  9.71e-01 9.58e-01f  1
 167  8.1151942e+03 1.65e-14 1.74e-08  -5.7 4.27e+01    -  1.00e+00 1.00e+00h  1
 168  8.1151942e+03 8.08e-16 8.32e-10  -5.7 5.61e-04  -5.8 1.00e+00 1.00e+00h  1
 169  8.1151722e+03 8.88e-16 1.25e+00  -8.6 1.90e-02  -6.3 9.93e-01 1.00e+00f  1
iter    objective    inf_pr   inf_du lg(mu)  ||d||  lg(rg) alpha_du alpha_pr  ls
 170  8.1151722e+03 6.61e-16 1.12e-11  -8.6 6.64e-05  -6.8 1.00e+00 1.00e+00h  1

Number of Iterations....: 170

                                   (scaled)                 (unscaled)
Objective...............:   4.0604258434053577e+03    8.1151722129153086e+03
Dual infeasibility......:   1.1174435765699347e-11    2.2333241418037490e-11
Constraint violation....:   6.6114648478166060e-16    6.6114648478166060e-16
Variable bound violation:   0.0000000000000000e+00    0.0000000000000000e+00
Complementarity.........:   2.5069805681974897e-09    5.0104545261913986e-09
Overall NLP error.......:   2.5069805681974897e-09    5.0104545261913986e-09


Number of objective function evaluations             = 171
Number of objective gradient evaluations             = 171
Number of equality constraint evaluations            = 171
Number of inequality constraint evaluations          = 171
Number of equality constraint Jacobian evaluations   = 171
Number of inequality constraint Jacobian evaluations = 171
Number of Lagrangian Hessian evaluations             = 170
Total seconds in IPOPT                               = 270.441

EXIT: Optimal Solution Found.
