
================================================================================
PARALLELIZATION STATUS
================================================================================
Julia threads:       16
Status:              Using 16 threads
================================================================================
RHO_OVERRIDE: using rho = 32000.0
EPS_PRI_OVERRIDE: using eps_pri = 0.0001
EPS_DUAL_OVERRIDE: using eps_dual = 0.001
ADAPTIVE_RHO_OVERRIDE: adaptive_rho = true

================================================================================
PARSING SYSTEM DATA
================================================================================
Loaded system: ieee123C_1ph from C:\repos_addendum\MultiPeriodDistOPF\envs\tadmm\..\..\rawData\ieee123C_1ph\Master.dss

========================================
Initial Powerflow
========================================
Powerflow completed successfully!

[OpenDSS] Total system load: 872.27 kW
[OpenDSS] Substation power: 877.20 kW
[OpenDSS] Total PV dispatch: 0.00 kW
[OpenDSS] Total battery dispatch: 0.00 kW
[OpenDSS] Total system losses: 4.94 kW


================================================================================
[35;1mSOLVING MPOPF WITH SOCP (tADMM)[0m
================================================================================
[36;1mUsing fixed rho = 32000.0[0m
  [tADMM hyperparams] mu_balance=5.00 tau_incr=2.00 tau_decr=2.00 update_interval=5 eps_pri=1.0e-04 eps_dual=1.0e-03 rho_init=32000.0 adaptive=true

================================================================================
[36;1m🎯 tADMM[SOCP]: T=48, ρ_init=32000.0, adaptive=true, warm_start=true, |Bset|=51, |Nset|=128, |Lset|=127
[0m================================================================================

******************************************************************************
This program contains Ipopt, a library for large-scale nonlinear optimization.
 Ipopt is released as open source code under the Eclipse Public License (EPL).
         For more information visit https://github.com/coin-or/Ipopt
******************************************************************************

k=  1  obj=$1337.83  ‖r‖=2.50e-03  ‖s‖=7.05e+00  ρ=32000.0  sp_max=3.605s  sp_med=2.518s
k=  2  obj=$1857.62  ‖r‖=1.69e-03  ‖s‖=8.71e+00  ρ=32000.0  sp_max=2.900s  sp_med=1.100s
k=  3  obj=$2634.06  ‖r‖=7.45e-04  ‖s‖=8.95e+00  ρ=32000.0  sp_max=2.267s  sp_med=0.837s
k=  4  obj=$2908.19  ‖r‖=2.60e-04  ‖s‖=6.33e+00  ρ=32000.0  sp_max=2.729s  sp_med=0.742s
[32;1m  [k=  5] Phase 1→2: primal converged
[0m[36;1m  [k=  5] ρ 32000.0 → 16000.0 (s/r=295022.1, ‖r‖ converged)
[0mk=  5  obj=$2965.23  ‖r‖=1.92e-05  ‖s‖=5.66e+00  ρ=16000.0  sp_max=1.637s  sp_med=0.772s
k=  6  obj=$2953.92  ‖r‖=1.19e-05  ‖s‖=5.54e+00  ρ=16000.0  sp_max=1.728s  sp_med=0.668s
k=  7  obj=$2944.11  ‖r‖=3.52e-05  ‖s‖=5.14e+00  ρ=16000.0  sp_max=1.840s  sp_med=0.666s
k=  8  obj=$2935.92  ‖r‖=3.39e-05  ‖s‖=4.56e+00  ρ=16000.0  sp_max=2.304s  sp_med=0.802s
k=  9  obj=$2928.64  ‖r‖=3.75e-05  ‖s‖=3.99e+00  ρ=16000.0  sp_max=2.235s  sp_med=0.656s
[36;1m  [k= 10] ρ 16000.0 → 8000.0 (s/r=117230.4, ‖r‖ converged)
[0mk= 10  obj=$2921.78  ‖r‖=3.05e-05  ‖s‖=3.58e+00  ρ=8000.0  sp_max=2.170s  sp_med=0.750s
      [Progress] 49.1s elapsed, 12 iters/min
k= 11  obj=$2910.73  ‖r‖=6.36e-05  ‖s‖=3.01e+00  ρ=8000.0  sp_max=1.931s  sp_med=0.692s
k= 12  obj=$2903.62  ‖r‖=8.25e-05  ‖s‖=2.13e+00  ρ=8000.0  sp_max=2.089s  sp_med=0.703s
k= 13  obj=$2900.40  ‖r‖=6.81e-05  ‖s‖=1.83e+00  ρ=8000.0  sp_max=1.960s  sp_med=0.613s
k= 14  obj=$2900.88  ‖r‖=4.72e-05  ‖s‖=1.81e+00  ρ=8000.0  sp_max=2.211s  sp_med=0.661s
[36;1m  [k= 15] ρ 8000.0 → 4000.0 (s/r=38493.3, ‖r‖ converged)
[0mk= 15  obj=$2902.05  ‖r‖=4.71e-05  ‖s‖=1.81e+00  ρ=4000.0  sp_max=2.151s  sp_med=0.677s
k= 16  obj=$2897.27  ‖r‖=5.37e-05  ‖s‖=1.80e+00  ρ=4000.0  sp_max=2.744s  sp_med=0.714s
k= 17  obj=$2889.92  ‖r‖=5.97e-05  ‖s‖=1.78e+00  ρ=4000.0  sp_max=1.999s  sp_med=0.646s
k= 18  obj=$2882.79  ‖r‖=5.98e-05  ‖s‖=1.75e+00  ρ=4000.0  sp_max=2.264s  sp_med=0.699s
k= 19  obj=$2877.08  ‖r‖=5.78e-05  ‖s‖=1.73e+00  ρ=4000.0  sp_max=2.181s  sp_med=0.824s
[36;1m  [k= 20] ρ 4000.0 → 2000.0 (s/r=41808.1, ‖r‖ converged)
[0mk= 20  obj=$2874.40  ‖r‖=4.13e-05  ‖s‖=1.73e+00  ρ=2000.0  sp_max=2.129s  sp_med=0.720s
      [Progress] 82.4s elapsed, 15 iters/min
k= 21  obj=$2869.21  ‖r‖=3.61e-05  ‖s‖=1.71e+00  ρ=2000.0  sp_max=2.048s  sp_med=0.790s
k= 22  obj=$2860.61  ‖r‖=5.05e-05  ‖s‖=1.69e+00  ρ=2000.0  sp_max=2.073s  sp_med=0.919s
k= 23  obj=$2851.13  ‖r‖=6.27e-05  ‖s‖=1.61e+00  ρ=2000.0  sp_max=2.300s  sp_med=0.839s
k= 24  obj=$2842.37  ‖r‖=6.87e-05  ‖s‖=1.52e+00  ρ=2000.0  sp_max=2.090s  sp_med=0.962s
[36;1m  [k= 25] ρ 2000.0 → 1000.0 (s/r=20462.5, ‖r‖ converged)
[0mk= 25  obj=$2834.81  ‖r‖=6.97e-05  ‖s‖=1.43e+00  ρ=1000.0  sp_max=2.490s  sp_med=1.159s
k= 26  obj=$2820.08  ‖r‖=8.80e-05  ‖s‖=1.26e+00  ρ=1000.0  sp_max=3.080s  sp_med=1.087s
k= 27  obj=$2811.56  ‖r‖=1.03e-04  ‖s‖=1.02e+00  ρ=1000.0  sp_max=2.816s  sp_med=0.983s
k= 28  obj=$2808.46  ‖r‖=9.03e-05  ‖s‖=7.82e-01  ρ=1000.0  sp_max=1.853s  sp_med=1.025s
k= 29  obj=$2807.29  ‖r‖=5.77e-05  ‖s‖=6.30e-01  ρ=1000.0  sp_max=2.444s  sp_med=1.130s
[36;1m  [k= 30] ρ 1000.0 → 500.0 (s/r=12478.0, ‖r‖ converged)
[0mk= 30  obj=$2806.92  ‖r‖=4.14e-05  ‖s‖=5.16e-01  ρ=500.0  sp_max=3.012s  sp_med=1.631s
      [Progress] 124.4s elapsed, 14 iters/min
k= 31  obj=$2809.23  ‖r‖=7.46e-05  ‖s‖=3.96e-01  ρ=500.0  sp_max=3.185s  sp_med=1.674s
k= 32  obj=$2810.98  ‖r‖=8.20e-05  ‖s‖=2.93e-01  ρ=500.0  sp_max=3.194s  sp_med=1.737s
k= 33  obj=$2812.11  ‖r‖=6.55e-05  ‖s‖=2.24e-01  ρ=500.0  sp_max=4.559s  sp_med=1.777s
k= 34  obj=$2812.91  ‖r‖=5.07e-05  ‖s‖=1.69e-01  ρ=500.0  sp_max=4.103s  sp_med=2.151s
[36;1m  [k= 35] ρ 500.0 → 250.0 (s/r=2274.0, ‖r‖ converged)
[0mk= 35  obj=$2813.01  ‖r‖=5.05e-05  ‖s‖=1.15e-01  ρ=250.0  sp_max=3.151s  sp_med=1.906s
k= 36  obj=$2813.67  ‖r‖=8.33e-05  ‖s‖=7.05e-02  ρ=250.0  sp_max=4.586s  sp_med=1.674s
k= 37  obj=$2811.33  ‖r‖=9.24e-05  ‖s‖=3.05e-02  ρ=250.0  sp_max=2.461s  sp_med=1.599s
k= 38  obj=$2808.64  ‖r‖=7.02e-05  ‖s‖=3.18e-02  ρ=250.0  sp_max=2.661s  sp_med=1.634s
k= 39  obj=$2806.76  ‖r‖=6.66e-05  ‖s‖=3.46e-02  ρ=250.0  sp_max=3.408s  sp_med=1.495s
[36;1m  [k= 40] ρ 250.0 → 125.0 (s/r=733.4, ‖r‖ converged)
[0mk= 40  obj=$2803.61  ‖r‖=4.67e-05  ‖s‖=3.43e-02  ρ=125.0  sp_max=2.068s  sp_med=1.274s
      [Progress] 186.5s elapsed, 13 iters/min
k= 41  obj=$2800.76  ‖r‖=8.34e-05  ‖s‖=2.25e-02  ρ=125.0  sp_max=2.149s  sp_med=1.294s
k= 42  obj=$2800.75  ‖r‖=9.50e-05  ‖s‖=1.07e-02  ρ=125.0  sp_max=2.123s  sp_med=1.360s
k= 43  obj=$2801.60  ‖r‖=6.61e-05  ‖s‖=8.69e-03  ρ=125.0  sp_max=2.040s  sp_med=1.275s
k= 44  obj=$2802.05  ‖r‖=4.39e-05  ‖s‖=7.36e-03  ρ=125.0  sp_max=1.971s  sp_med=1.278s
[36;1m  [k= 45] ρ 125.0 → 62.5 (s/r=123.1, ‖r‖ converged)
[0mk= 45  obj=$2801.89  ‖r‖=3.91e-05  ‖s‖=4.82e-03  ρ=62.5  sp_max=2.300s  sp_med=1.232s
k= 46  obj=$2801.10  ‖r‖=3.79e-05  ‖s‖=3.17e-03  ρ=62.5  sp_max=2.311s  sp_med=1.319s
k= 47  obj=$2800.12  ‖r‖=3.89e-05  ‖s‖=2.54e-03  ρ=62.5  sp_max=2.227s  sp_med=1.239s
k= 48  obj=$2799.34  ‖r‖=3.88e-05  ‖s‖=2.25e-03  ρ=62.5  sp_max=1.968s  sp_med=1.271s
k= 49  obj=$2798.95  ‖r‖=4.06e-05  ‖s‖=1.94e-03  ρ=62.5  sp_max=2.050s  sp_med=1.255s
[36;1m  [k= 50] ρ 62.5 → 31.2 (s/r=44.3, ‖r‖ converged)
[0mk= 50  obj=$2799.17  ‖r‖=3.85e-05  ‖s‖=1.71e-03  ρ=31.2  sp_max=2.283s  sp_med=1.574s
      [Progress] 232.7s elapsed, 13 iters/min
k= 51  obj=$2799.18  ‖r‖=3.63e-05  ‖s‖=1.46e-03  ρ=31.2  sp_max=2.402s  sp_med=1.461s
k= 52  obj=$2798.93  ‖r‖=3.56e-05  ‖s‖=1.26e-03  ρ=31.2  sp_max=2.056s  sp_med=1.345s
k= 53  obj=$2799.29  ‖r‖=3.07e-05  ‖s‖=1.07e-03  ρ=31.2  sp_max=2.300s  sp_med=1.457s
k= 54  obj=$2799.06  ‖r‖=2.93e-05  ‖s‖=8.71e-04  ρ=31.2  sp_max=2.029s  sp_med=1.432s
[32;1m🎉 tADMM converged at iteration 54 (‖r‖=2.93e-05 ≤ 1.00e-04, ‖s‖=8.71e-04 ≤ 1.00e-03)
  Final objective: $2799.06
[0m
================================================================================
[36;1m📊 SOLVER PERFORMANCE ANALYSIS (optimize!() times only)[0m
================================================================================
Iterations:       53
Effective time:   132.86 seconds
Wall-clock time:  252.72 seconds
Overhead:         47.4%
================================================================================

--- tADMM RESULT ---
[32;1mObjective: $2799.06
Wall-clock: 252.72 seconds
Effective:  132.86 seconds (54 iterations)
[0m
================================================================================
[36;1mVALIDATING tADMM SOLUTION[0m
================================================================================

================================================================================
SOLUTION VALIDATION: tADMM SOCP
================================================================================
✓ All constraints satisfied!
================================================================================
[32;1m✓ Convergence CSV: C:\repos_addendum\MultiPeriodDistOPF\envs\tadmm\processedData\ieee123C_1ph_T48\convergence_data.csv[0m
[32;1m✓ Subproblem timing CSV: C:\repos_addendum\MultiPeriodDistOPF\envs\tadmm\processedData\ieee123C_1ph_T48\subproblem_timing_details.csv[0m
[36;1mLoaded BF results from C:\repos_addendum\MultiPeriodDistOPF\envs\tadmm\processedData\ieee123C_1ph_T48\results_socp_bf.txt[0m
[36;1mNear-optimal at k=28 (63.82s eff): obj=$2808.46, gap=0.496% vs BF, r=9.03e-05, s=7.82e-01[0m
[32;1m✓ Near-optimal summary: C:\repos_addendum\MultiPeriodDistOPF\envs\tadmm\processedData\ieee123C_1ph_T48\near_optimal_summary.csv[0m
[32;1m✓ Solution saved: C:\repos_addendum\MultiPeriodDistOPF\envs\tadmm\processedData\ieee123C_1ph_T48\sol_socp_tadmm.jls[0m
[32;1m✓ tADMM results written to C:\repos_addendum\MultiPeriodDistOPF\envs\tadmm\processedData\ieee123C_1ph_T48\results_socp_tadmm.txt[0m
[32;1m✓ Live log trimmed to last 100 lines: C:\repos_addendum\MultiPeriodDistOPF\envs\tadmm\processedData\ieee123C_1ph_T48\tadmm_run.log[0m

================================================================================
[35;1mtADMM PIPELINE COMPLETE[0m
================================================================================
