
================================================================================
PARALLELIZATION STATUS
================================================================================
Julia threads:       16
Status:              Using 16 threads
================================================================================
RHO_OVERRIDE: using rho = 20000.0
EPS_PRI_OVERRIDE: using eps_pri = 0.0001
EPS_DUAL_OVERRIDE: using eps_dual = 0.0005
ADAPTIVE_RHO_OVERRIDE: adaptive_rho = true

================================================================================
PARSING SYSTEM DATA
================================================================================
Loaded system: ieee2552C_1ph from C:\repos_addendum\MultiPeriodDistOPF\envs\tadmm\..\..\rawData\ieee2552C_1ph\Master.dss

========================================
Initial Powerflow
========================================
Powerflow completed successfully!

[OpenDSS] Total system load: 2129.58 kW
[OpenDSS] Substation power: 2187.53 kW
[OpenDSS] Total PV dispatch: 0.00 kW
[OpenDSS] Total battery dispatch: 0.00 kW
[OpenDSS] Total system losses: 57.95 kW


================================================================================
[35;1mSOLVING MPOPF WITH SOCP (tADMM)[0m
================================================================================
[36;1mUsing fixed rho = 20000.0[0m
  [tADMM hyperparams] mu_balance=5.00 tau_incr=2.00 tau_decr=5.00 update_interval=5 eps_pri=1.0e-04 eps_dual=5.0e-04 rho_init=20000.0 adaptive=true

================================================================================
[36;1m🎯 tADMM[SOCP]: T=24, ρ_init=20000.0, adaptive=true, warm_start=true, |Bset|=250, |Nset|=2522, |Lset|=2521
[0m================================================================================

******************************************************************************
This program contains Ipopt, a library for large-scale nonlinear optimization.
 Ipopt is released as open source code under the Eclipse Public License (EPL).
         For more information visit https://github.com/coin-or/Ipopt
******************************************************************************


******************************************************************************
This program contains Ipopt, a library for large-scale nonlinear optimization.
 Ipopt is released as open source code under the Eclipse Public License (EPL).
         For more information visit https://github.com/coin-or/Ipopt
******************************************************************************

k=  1  obj=$4338.54  ‖r‖=2.64e-03  ‖s‖=5.68e+00  ρ=20000.0  sp_max=42.013s  sp_med=29.270s
k=  2  obj=$4602.44  ‖r‖=2.40e-03  ‖s‖=9.33e+00  ρ=20000.0  sp_max=27.840s  sp_med=15.760s
k=  3  obj=$5811.82  ‖r‖=1.75e-03  ‖s‖=9.96e+00  ρ=20000.0  sp_max=25.949s  sp_med=15.608s
k=  4  obj=$7393.67  ‖r‖=9.09e-04  ‖s‖=7.34e+00  ρ=20000.0  sp_max=32.932s  sp_med=16.196s
[33;1m  [PHASE1-UP] ρ: 20000.0 → 40000.0 (‖r‖=2.69e-04 > ε=1.0e-04)
[0mk=  5  obj=$8268.77  ‖r‖=2.69e-04  ‖s‖=4.08e+00  ρ=40000.0  sp_max=22.837s  sp_med=11.096s
k=  6  obj=$8420.38  ‖r‖=3.96e-05  ‖s‖=3.86e+00  ρ=40000.0  sp_max=19.039s  sp_med=9.257s
k=  7  obj=$8425.13  ‖r‖=1.84e-05  ‖s‖=3.91e+00  ρ=40000.0  sp_max=13.583s  sp_med=10.051s
k=  8  obj=$8424.14  ‖r‖=6.61e-06  ‖s‖=3.94e+00  ρ=40000.0  sp_max=14.461s  sp_med=9.214s
k=  9  obj=$8419.64  ‖r‖=6.55e-07  ‖s‖=3.93e+00  ρ=40000.0  sp_max=15.571s  sp_med=9.606s
[32;1m  [k= 10] Phase 1→2: primal converged
[0m[36;1m  [k= 10] ρ 40000.0 → 8000.0 (s/r=619095.5, ‖r‖ converged)
[0mk= 10  obj=$8413.39  ‖r‖=6.23e-06  ‖s‖=3.86e+00  ρ=8000.0  sp_max=11.799s  sp_med=8.132s
      [Progress] 302.8s elapsed, 2 iters/min
k= 11  obj=$8382.84  ‖r‖=2.59e-05  ‖s‖=3.81e+00  ρ=8000.0  sp_max=11.070s  sp_med=6.441s
k= 12  obj=$8352.26  ‖r‖=1.87e-05  ‖s‖=3.80e+00  ρ=8000.0  sp_max=12.189s  sp_med=6.521s
k= 13  obj=$8322.75  ‖r‖=6.88e-06  ‖s‖=3.80e+00  ρ=8000.0  sp_max=12.995s  sp_med=7.015s
k= 14  obj=$8290.35  ‖r‖=2.91e-05  ‖s‖=3.70e+00  ρ=8000.0  sp_max=13.559s  sp_med=8.039s
[36;1m  [k= 15] ρ 8000.0 → 1600.0 (s/r=39584.5, ‖r‖ converged)
[0mk= 15  obj=$8244.70  ‖r‖=8.69e-05  ‖s‖=3.44e+00  ρ=1600.0  sp_max=11.655s  sp_med=7.566s
k= 16  obj=$8133.22  ‖r‖=1.81e-04  ‖s‖=2.84e+00  ρ=1600.0  sp_max=15.861s  sp_med=8.846s
k= 17  obj=$8092.43  ‖r‖=1.83e-04  ‖s‖=1.52e+00  ρ=1600.0  sp_max=23.098s  sp_med=13.332s
k= 18  obj=$8081.09  ‖r‖=1.61e-04  ‖s‖=9.40e-01  ρ=1600.0  sp_max=19.309s  sp_med=10.163s
k= 19  obj=$8081.37  ‖r‖=1.29e-04  ‖s‖=6.63e-01  ρ=1600.0  sp_max=21.528s  sp_med=11.027s
[36;1m  [k= 20] ρ 1600.0 → 320.0 (s/r=5717.2, ‖r‖ converged)
[0mk= 20  obj=$8111.61  ‖r‖=7.88e-05  ‖s‖=4.51e-01  ρ=320.0  sp_max=20.152s  sp_med=8.884s
      [Progress] 508.2s elapsed, 2 iters/min
k= 21  obj=$8233.91  ‖r‖=1.92e-04  ‖s‖=1.29e-01  ρ=320.0  sp_max=18.426s  sp_med=10.214s
k= 22  obj=$8227.88  ‖r‖=2.15e-04  ‖s‖=2.52e-02  ρ=320.0  sp_max=13.146s  sp_med=6.597s
k= 23  obj=$8172.42  ‖r‖=1.29e-04  ‖s‖=4.78e-02  ρ=320.0  sp_max=13.218s  sp_med=6.660s
k= 24  obj=$8135.00  ‖r‖=6.75e-05  ‖s‖=5.22e-02  ρ=320.0  sp_max=13.718s  sp_med=6.623s
[36;1m  [k= 25] ρ 320.0 → 64.0 (s/r=898.9, ‖r‖ converged)
[0mk= 25  obj=$8114.75  ‖r‖=5.01e-05  ‖s‖=4.51e-02  ρ=64.0  sp_max=12.858s  sp_med=6.237s
k= 26  obj=$8048.51  ‖r‖=2.14e-04  ‖s‖=2.52e-02  ρ=64.0  sp_max=13.437s  sp_med=6.948s
k= 27  obj=$8036.91  ‖r‖=2.28e-04  ‖s‖=4.65e-03  ρ=64.0  sp_max=14.323s  sp_med=7.383s
k= 28  obj=$8060.47  ‖r‖=1.27e-04  ‖s‖=9.39e-03  ρ=64.0  sp_max=14.676s  sp_med=7.665s
k= 29  obj=$8102.00  ‖r‖=3.57e-05  ‖s‖=1.27e-02  ρ=64.0  sp_max=13.936s  sp_med=7.384s
[36;1m  [k= 30] ρ 64.0 → 12.8 (s/r=217.2, ‖r‖ converged)
[0mk= 30  obj=$8129.10  ‖r‖=4.29e-05  ‖s‖=9.32e-03  ρ=12.8  sp_max=20.972s  sp_med=9.939s
      [Progress] 693.6s elapsed, 3 iters/min
k= 31  obj=$8191.60  ‖r‖=2.15e-04  ‖s‖=4.83e-03  ρ=12.8  sp_max=21.417s  sp_med=11.475s
k= 32  obj=$8192.65  ‖r‖=2.18e-04  ‖s‖=3.88e-04  ρ=12.8  sp_max=22.355s  sp_med=11.502s
k= 33  obj=$8159.38  ‖r‖=1.21e-04  ‖s‖=2.29e-03  ρ=12.8  sp_max=14.497s  sp_med=9.413s
k= 34  obj=$8120.14  ‖r‖=2.74e-05  ‖s‖=2.83e-03  ρ=12.8  sp_max=20.183s  sp_med=10.635s
[36;1m  [k= 35] ρ 12.8 → 2.6 (s/r=45.1, ‖r‖ converged)
[0mk= 35  obj=$8099.35  ‖r‖=4.28e-05  ‖s‖=1.93e-03  ρ=2.6  sp_max=22.390s  sp_med=12.461s
k= 36  obj=$8098.34  ‖r‖=2.13e-04  ‖s‖=7.75e-04  ρ=2.6  sp_max=22.876s  sp_med=11.587s
k= 37  obj=$8083.59  ‖r‖=2.05e-04  ‖s‖=7.72e-05  ρ=2.6  sp_max=24.877s  sp_med=13.311s
k= 38  obj=$8136.57  ‖r‖=1.91e-04  ‖s‖=5.86e-04  ρ=2.6  sp_max=20.525s  sp_med=11.198s
k= 39  obj=$8079.76  ‖r‖=4.19e-05  ‖s‖=5.89e-04  ρ=2.6  sp_max=21.134s  sp_med=11.190s
k= 40  obj=$8065.16  ‖r‖=8.38e-05  ‖s‖=3.74e-04  ρ=2.6  sp_max=20.338s  sp_med=9.977s
      [Progress] 968.5s elapsed, 2 iters/min
[32;1m🎉 tADMM converged at iteration 40 (‖r‖=8.38e-05 ≤ 1.00e-04, ‖s‖=3.74e-04 ≤ 5.00e-04)
  Final objective: $8065.16
[0m
================================================================================
[36;1m📊 SOLVER PERFORMANCE ANALYSIS (optimize!() times only)[0m
================================================================================
Iterations:       39
Effective time:   746.74 seconds
Wall-clock time:  969.41 seconds
Overhead:         23.0%
================================================================================

--- tADMM RESULT ---
[32;1mObjective: $8065.16
Wall-clock: 969.41 seconds
Effective:  746.74 seconds (40 iterations)
[0m
================================================================================
[36;1mVALIDATING tADMM SOLUTION[0m
================================================================================

================================================================================
SOLUTION VALIDATION: tADMM SOCP
================================================================================
✓ All constraints satisfied!
================================================================================
[32;1m✓ Convergence CSV: C:\repos_addendum\MultiPeriodDistOPF\envs\tadmm\processedData\ieee2552C_1ph_T24\convergence_data.csv[0m
[32;1m✓ Subproblem timing CSV: C:\repos_addendum\MultiPeriodDistOPF\envs\tadmm\processedData\ieee2552C_1ph_T24\subproblem_timing_details.csv[0m
[36;1mLoaded BF results from C:\repos_addendum\MultiPeriodDistOPF\envs\tadmm\processedData\ieee2552C_1ph_T24\results_socp_bf.txt[0m
[36;1mNear-optimal at k=20 (387.44s eff): obj=$8111.61, gap=0.044% vs BF, r=7.88e-05, s=4.51e-01[0m
[32;1m✓ Near-optimal summary: C:\repos_addendum\MultiPeriodDistOPF\envs\tadmm\processedData\ieee2552C_1ph_T24\near_optimal_summary.csv[0m
[32;1m✓ Solution saved: C:\repos_addendum\MultiPeriodDistOPF\envs\tadmm\processedData\ieee2552C_1ph_T24\sol_socp_tadmm.jls[0m
[32;1m✓ tADMM results written to C:\repos_addendum\MultiPeriodDistOPF\envs\tadmm\processedData\ieee2552C_1ph_T24\results_socp_tadmm.txt[0m
[32;1m✓ Live log trimmed to last 100 lines: C:\repos_addendum\MultiPeriodDistOPF\envs\tadmm\processedData\ieee2552C_1ph_T24\tadmm_run.log[0m

================================================================================
[35;1mtADMM PIPELINE COMPLETE[0m
================================================================================
