
================================================================================
PARALLELIZATION STATUS
================================================================================
Julia threads:       16
Status:              Using 16 threads
================================================================================
RHO_OVERRIDE: using rho = 2000.0
EPS_PRI_OVERRIDE: using eps_pri = 0.0001
EPS_DUAL_OVERRIDE: using eps_dual = 0.0005
ADAPTIVE_RHO_OVERRIDE: adaptive_rho = true

================================================================================
PARSING SYSTEM DATA
================================================================================
Loaded system: ieee2552C_1ph from C:\repos_addendum\MultiPeriodDistOPF\envs\tadmm\..\..\rawData\ieee2552C_1ph\Master.dss

========================================
Initial Powerflow
========================================
Powerflow completed successfully!

[OpenDSS] Total system load: 2129.58 kW
[OpenDSS] Substation power: 2187.53 kW
[OpenDSS] Total PV dispatch: 0.00 kW
[OpenDSS] Total battery dispatch: 0.00 kW
[OpenDSS] Total system losses: 57.95 kW


================================================================================
[35;1mSOLVING MPOPF WITH SOCP (tADMM)[0m
================================================================================
[36;1mUsing fixed rho = 2000.0[0m
  [tADMM hyperparams] mu_balance=5.00 tau_incr=2.00 tau_decr=4.00 update_interval=5 eps_pri=1.0e-04 eps_dual=5.0e-04 rho_init=2000.0 adaptive=true

================================================================================
[36;1m🎯 tADMM[SOCP]: T=6, ρ_init=2000.0, adaptive=true, warm_start=true, |Bset|=250, |Nset|=2522, |Lset|=2521
[0m================================================================================

******************************************************************************
This program contains Ipopt, a library for large-scale nonlinear optimization.
 Ipopt is released as open source code under the Eclipse Public License (EPL).
         For more information visit https://github.com/coin-or/Ipopt
******************************************************************************

k=  1  obj=$6524.90  ‖r‖=6.34e-03  ‖s‖=2.87e+00  ρ=2000.0  sp_max=11.479s  sp_med=11.064s
k=  2  obj=$6476.77  ‖r‖=6.38e-03  ‖s‖=2.84e+00  ρ=2000.0  sp_max=7.871s  sp_med=5.820s
k=  3  obj=$6476.77  ‖r‖=6.38e-03  ‖s‖=2.02e-01  ρ=2000.0  sp_max=3.703s  sp_med=3.173s
k=  4  obj=$6476.77  ‖r‖=6.38e-03  ‖s‖=1.00e-01  ρ=2000.0  sp_max=4.537s  sp_med=3.133s
[33;1m  [PHASE1-UP] ρ: 2000.0 → 4000.0 (‖r‖=6.37e-03 > ε=1.0e-04)
[0mk=  5  obj=$6477.21  ‖r‖=6.37e-03  ‖s‖=2.98e-02  ρ=4000.0  sp_max=3.837s  sp_med=2.950s
k=  6  obj=$6658.07  ‖r‖=5.67e-03  ‖s‖=3.38e+00  ρ=4000.0  sp_max=3.128s  sp_med=2.863s
k=  7  obj=$7049.65  ‖r‖=4.65e-03  ‖s‖=6.23e+00  ρ=4000.0  sp_max=3.311s  sp_med=2.477s
k=  8  obj=$7453.82  ‖r‖=3.64e-03  ‖s‖=7.88e+00  ρ=4000.0  sp_max=3.485s  sp_med=2.632s
k=  9  obj=$7899.67  ‖r‖=2.54e-03  ‖s‖=6.98e+00  ρ=4000.0  sp_max=2.709s  sp_med=1.968s
[33;1m  [PHASE1-UP] ρ: 4000.0 → 8000.0 (‖r‖=1.54e-03 > ε=1.0e-04)
[0mk= 10  obj=$8253.78  ‖r‖=1.54e-03  ‖s‖=4.50e+00  ρ=8000.0  sp_max=2.789s  sp_med=2.284s
      [Progress] 59.4s elapsed, 10 iters/min
k= 11  obj=$8452.21  ‖r‖=5.66e-04  ‖s‖=4.01e+00  ρ=8000.0  sp_max=2.931s  sp_med=2.237s
k= 12  obj=$8512.15  ‖r‖=1.63e-08  ‖s‖=3.03e+00  ρ=8000.0  sp_max=2.709s  sp_med=2.452s
k= 13  obj=$8507.22  ‖r‖=1.20e-08  ‖s‖=2.96e+00  ρ=8000.0  sp_max=2.926s  sp_med=2.429s
k= 14  obj=$8502.28  ‖r‖=5.09e-08  ‖s‖=2.96e+00  ρ=8000.0  sp_max=2.700s  sp_med=2.465s
[32;1m  [k= 15] Phase 1→2: primal converged
[0m[36;1m  [k= 15] ρ 8000.0 → 2000.0 (s/r=8315751.6, ‖r‖ converged)
[0mk= 15  obj=$8498.53  ‖r‖=2.91e-07  ‖s‖=2.42e+00  ρ=2000.0  sp_max=2.608s  sp_med=2.478s
k= 16  obj=$8496.45  ‖r‖=1.05e-07  ‖s‖=4.51e-01  ρ=2000.0  sp_max=3.003s  sp_med=2.525s
k= 17  obj=$8496.46  ‖r‖=3.50e-08  ‖s‖=9.43e-05  ρ=2000.0  sp_max=2.829s  sp_med=2.351s
[32;1m🎉 tADMM converged at iteration 17 (‖r‖=3.50e-08 ≤ 1.00e-04, ‖s‖=9.43e-05 ≤ 5.00e-04)
  Final objective: $8496.46
[0m
================================================================================
[36;1m📊 SOLVER PERFORMANCE ANALYSIS (optimize!() times only)[0m
================================================================================
Iterations:       16
Effective time:   66.56 seconds
Wall-clock time:  82.85 seconds
Overhead:         19.7%
================================================================================

--- tADMM RESULT ---
[32;1mObjective: $8496.46
Wall-clock: 82.85 seconds
Effective:  66.56 seconds (17 iterations)
[0m
================================================================================
[36;1mVALIDATING tADMM SOLUTION[0m
================================================================================

================================================================================
SOLUTION VALIDATION: tADMM SOCP
================================================================================
✓ All constraints satisfied!
================================================================================
[32;1m✓ Convergence CSV: C:\repos_addendum\MultiPeriodDistOPF\envs\tadmm\processedData\ieee2552C_1ph_T6\convergence_data.csv[0m
[32;1m✓ Subproblem timing CSV: C:\repos_addendum\MultiPeriodDistOPF\envs\tadmm\processedData\ieee2552C_1ph_T6\subproblem_timing_details.csv[0m
[36;1mLoaded BF results from C:\repos_addendum\MultiPeriodDistOPF\envs\tadmm\processedData\ieee2552C_1ph_T6\results_socp_bf.txt[0m
[36;1mNear-optimal at k=12 (52.49s eff): obj=$8512.15, gap=0.185% vs BF, r=1.63e-08, s=3.03e+00[0m
[32;1m✓ Near-optimal summary: C:\repos_addendum\MultiPeriodDistOPF\envs\tadmm\processedData\ieee2552C_1ph_T6\near_optimal_summary.csv[0m
[32;1m✓ Solution saved: C:\repos_addendum\MultiPeriodDistOPF\envs\tadmm\processedData\ieee2552C_1ph_T6\sol_socp_tadmm.jls[0m
[32;1m✓ tADMM results written to C:\repos_addendum\MultiPeriodDistOPF\envs\tadmm\processedData\ieee2552C_1ph_T6\results_socp_tadmm.txt[0m
[32;1m✓ Live log trimmed to last 100 lines: C:\repos_addendum\MultiPeriodDistOPF\envs\tadmm\processedData\ieee2552C_1ph_T6\tadmm_run.log[0m

================================================================================
[35;1mtADMM PIPELINE COMPLETE[0m
================================================================================
