
================================================================================
PARALLELIZATION STATUS
================================================================================
Julia threads:       16
Status:              Using 16 threads
================================================================================
RHO_OVERRIDE: using rho = 12000.0
EPS_PRI_OVERRIDE: using eps_pri = 0.0001
EPS_DUAL_OVERRIDE: using eps_dual = 0.0005
ADAPTIVE_RHO_OVERRIDE: adaptive_rho = true

================================================================================
PARSING SYSTEM DATA
================================================================================
Loaded system: ieee2552C_1ph from C:\repos_addendum\MultiPeriodDistOPF\envs\tadmm\..\..\rawData\ieee2552C_1ph\Master.dss

========================================
Initial Powerflow
========================================
Powerflow completed successfully!

[OpenDSS] Total system load: 2129.58 kW
[OpenDSS] Substation power: 2187.53 kW
[OpenDSS] Total PV dispatch: 0.00 kW
[OpenDSS] Total battery dispatch: 0.00 kW
[OpenDSS] Total system losses: 57.95 kW


================================================================================
[35;1mSOLVING MPOPF WITH SOCP (tADMM)[0m
================================================================================
[36;1mUsing fixed rho = 12000.0[0m
  [tADMM hyperparams] mu_balance=5.00 tau_incr=2.00 tau_decr=4.00 update_interval=5 eps_pri=1.0e-04 eps_dual=5.0e-04 rho_init=12000.0 adaptive=true

================================================================================
[36;1m🎯 tADMM[SOCP]: T=24, ρ_init=12000.0, adaptive=true, warm_start=true, |Bset|=250, |Nset|=2522, |Lset|=2521
[0m================================================================================

******************************************************************************
This program contains Ipopt, a library for large-scale nonlinear optimization.
 Ipopt is released as open source code under the Eclipse Public License (EPL).
         For more information visit https://github.com/coin-or/Ipopt
******************************************************************************

k=  1  obj=$4253.41  ‖r‖=2.71e-03  ‖s‖=4.65e+00  ρ=12000.0  sp_max=37.341s  sp_med=27.562s
k=  2  obj=$4253.45  ‖r‖=2.69e-03  ‖s‖=5.42e+00  ρ=12000.0  sp_max=28.020s  sp_med=19.590s
k=  3  obj=$4530.33  ‖r‖=2.43e-03  ‖s‖=6.35e+00  ρ=12000.0  sp_max=16.135s  sp_med=8.895s
k=  4  obj=$5308.81  ‖r‖=1.99e-03  ‖s‖=5.27e+00  ρ=12000.0  sp_max=34.791s  sp_med=15.707s
[33;1m  [PHASE1-UP] ρ: 12000.0 → 24000.0 (‖r‖=1.64e-03 > ε=1.0e-04)
[0mk=  5  obj=$6041.98  ‖r‖=1.64e-03  ‖s‖=3.64e+00  ρ=24000.0  sp_max=17.711s  sp_med=9.536s
k=  6  obj=$7479.45  ‖r‖=8.29e-04  ‖s‖=3.87e+00  ρ=24000.0  sp_max=20.793s  sp_med=8.313s
k=  7  obj=$8378.96  ‖r‖=1.39e-04  ‖s‖=3.96e+00  ρ=24000.0  sp_max=17.010s  sp_med=7.564s
k=  8  obj=$8440.09  ‖r‖=6.17e-08  ‖s‖=3.96e+00  ρ=24000.0  sp_max=13.184s  sp_med=7.302s
k=  9  obj=$8429.04  ‖r‖=8.92e-09  ‖s‖=3.96e+00  ρ=24000.0  sp_max=11.520s  sp_med=8.195s
[32;1m  [k= 10] Phase 1→2: primal converged
[0m[36;1m  [k= 10] ρ 24000.0 → 6000.0 (s/r=1122168412.3, ‖r‖ converged)
[0mk= 10  obj=$8417.97  ‖r‖=3.53e-09  ‖s‖=3.96e+00  ρ=6000.0  sp_max=16.586s  sp_med=8.176s
      [Progress] 274.6s elapsed, 2 iters/min
k= 11  obj=$8374.68  ‖r‖=1.64e-05  ‖s‖=3.91e+00  ρ=6000.0  sp_max=16.974s  sp_med=9.275s
k= 12  obj=$8333.94  ‖r‖=5.59e-05  ‖s‖=3.81e+00  ρ=6000.0  sp_max=14.072s  sp_med=9.092s
k= 13  obj=$8291.85  ‖r‖=3.38e-05  ‖s‖=3.79e+00  ρ=6000.0  sp_max=14.861s  sp_med=9.418s
k= 14  obj=$8241.77  ‖r‖=9.08e-05  ‖s‖=3.55e+00  ρ=6000.0  sp_max=11.001s  sp_med=7.167s
k= 15  obj=$8188.09  ‖r‖=1.38e-04  ‖s‖=3.28e+00  ρ=6000.0  sp_max=15.056s  sp_med=10.094s
k= 16  obj=$8169.09  ‖r‖=1.07e-04  ‖s‖=3.03e+00  ρ=6000.0  sp_max=15.479s  sp_med=9.206s
k= 17  obj=$8165.98  ‖r‖=4.53e-05  ‖s‖=2.72e+00  ρ=6000.0  sp_max=17.353s  sp_med=10.393s
k= 18  obj=$8164.13  ‖r‖=2.33e-05  ‖s‖=2.30e+00  ρ=6000.0  sp_max=14.502s  sp_med=7.564s
k= 19  obj=$8156.91  ‖r‖=3.52e-05  ‖s‖=1.89e+00  ρ=6000.0  sp_max=16.622s  sp_med=8.353s
[36;1m  [k= 20] ρ 6000.0 → 1500.0 (s/r=55254.3, ‖r‖ converged)
[0mk= 20  obj=$8146.26  ‖r‖=2.79e-05  ‖s‖=1.54e+00  ρ=1500.0  sp_max=13.540s  sp_med=8.116s
      [Progress] 469.1s elapsed, 3 iters/min
k= 21  obj=$8121.74  ‖r‖=1.99e-05  ‖s‖=1.04e+00  ρ=1500.0  sp_max=15.570s  sp_med=9.075s
k= 22  obj=$8114.57  ‖r‖=2.53e-05  ‖s‖=6.80e-01  ρ=1500.0  sp_max=16.354s  sp_med=8.782s
k= 23  obj=$8128.46  ‖r‖=3.04e-05  ‖s‖=4.34e-01  ρ=1500.0  sp_max=16.588s  sp_med=7.651s
k= 24  obj=$8140.23  ‖r‖=2.74e-05  ‖s‖=2.30e-01  ρ=1500.0  sp_max=15.733s  sp_med=8.489s
[36;1m  [k= 25] ρ 1500.0 → 375.0 (s/r=2061.7, ‖r‖ converged)
[0mk= 25  obj=$8139.25  ‖r‖=2.70e-05  ‖s‖=5.56e-02  ρ=375.0  sp_max=19.737s  sp_med=9.141s
k= 26  obj=$8127.55  ‖r‖=2.90e-05  ‖s‖=3.65e-02  ρ=375.0  sp_max=18.670s  sp_med=9.038s
k= 27  obj=$8117.94  ‖r‖=3.33e-05  ‖s‖=2.18e-02  ρ=375.0  sp_max=18.544s  sp_med=8.873s
k= 28  obj=$8111.79  ‖r‖=2.97e-05  ‖s‖=1.22e-02  ρ=375.0  sp_max=17.184s  sp_med=7.432s
k= 29  obj=$8109.59  ‖r‖=1.80e-05  ‖s‖=1.27e-02  ρ=375.0  sp_max=18.168s  sp_med=9.414s
[36;1m  [k= 30] ρ 375.0 → 93.8 (s/r=1190.3, ‖r‖ converged)
[0mk= 30  obj=$8110.54  ‖r‖=9.89e-06  ‖s‖=1.18e-02  ρ=93.8  sp_max=16.893s  sp_med=9.118s
      [Progress] 688.5s elapsed, 3 iters/min
k= 31  obj=$8114.89  ‖r‖=3.30e-05  ‖s‖=6.80e-03  ρ=93.8  sp_max=16.055s  sp_med=8.207s
k= 32  obj=$8117.52  ‖r‖=3.65e-05  ‖s‖=1.36e-03  ρ=93.8  sp_max=18.190s  sp_med=9.233s
k= 33  obj=$8118.29  ‖r‖=2.33e-05  ‖s‖=2.75e-03  ρ=93.8  sp_max=20.142s  sp_med=11.002s
k= 34  obj=$8117.32  ‖r‖=6.57e-06  ‖s‖=3.63e-03  ρ=93.8  sp_max=17.824s  sp_med=8.877s
[36;1m  [k= 35] ρ 93.8 → 23.4 (s/r=372.8, ‖r‖ converged)
[0mk= 35  obj=$8115.73  ‖r‖=6.99e-06  ‖s‖=2.60e-03  ρ=23.4  sp_max=16.740s  sp_med=9.359s
k= 36  obj=$8112.55  ‖r‖=3.22e-05  ‖s‖=1.33e-03  ρ=23.4  sp_max=17.388s  sp_med=9.729s
k= 37  obj=$8111.30  ‖r‖=3.23e-05  ‖s‖=8.40e-05  ρ=23.4  sp_max=19.224s  sp_med=10.451s
[32;1m🎉 tADMM converged at iteration 37 (‖r‖=3.23e-05 ≤ 1.00e-04, ‖s‖=8.40e-05 ≤ 5.00e-04)
  Final objective: $8111.30
[0m
================================================================================
[36;1m📊 SOLVER PERFORMANCE ANALYSIS (optimize!() times only)[0m
================================================================================
Iterations:       36
Effective time:   661.56 seconds
Wall-clock time:  850.78 seconds
Overhead:         22.2%
================================================================================

--- tADMM RESULT ---
[32;1mObjective: $8111.30
Wall-clock: 850.78 seconds
Effective:  661.56 seconds (37 iterations)
[0m
================================================================================
[36;1mVALIDATING tADMM SOLUTION[0m
================================================================================

================================================================================
SOLUTION VALIDATION: tADMM SOCP
================================================================================
✓ All constraints satisfied!
================================================================================
[32;1m✓ Convergence CSV: C:\repos_addendum\MultiPeriodDistOPF\envs\tadmm\processedData\ieee2552C_1ph_T24\convergence_data.csv[0m
[32;1m✓ Subproblem timing CSV: C:\repos_addendum\MultiPeriodDistOPF\envs\tadmm\processedData\ieee2552C_1ph_T24\subproblem_timing_details.csv[0m
[36;1mLoaded BF results from C:\repos_addendum\MultiPeriodDistOPF\envs\tadmm\processedData\ieee2552C_1ph_T24\results_socp_bf.txt[0m
[36;1mNear-optimal at k=20 (362.55s eff): obj=$8146.26, gap=0.383% vs BF, r=2.79e-05, s=1.54e+00[0m
[32;1m✓ Near-optimal summary: C:\repos_addendum\MultiPeriodDistOPF\envs\tadmm\processedData\ieee2552C_1ph_T24\near_optimal_summary.csv[0m
[32;1m✓ Solution saved: C:\repos_addendum\MultiPeriodDistOPF\envs\tadmm\processedData\ieee2552C_1ph_T24\sol_socp_tadmm.jls[0m
[32;1m✓ tADMM results written to C:\repos_addendum\MultiPeriodDistOPF\envs\tadmm\processedData\ieee2552C_1ph_T24\results_socp_tadmm.txt[0m
[32;1m✓ Live log trimmed to last 100 lines: C:\repos_addendum\MultiPeriodDistOPF\envs\tadmm\processedData\ieee2552C_1ph_T24\tadmm_run.log[0m

================================================================================
[35;1mtADMM PIPELINE COMPLETE[0m
================================================================================
