
******************************************************************************
This program contains Ipopt, a library for large-scale nonlinear optimization.
 Ipopt is released as open source code under the Eclipse Public License (EPL).
         For more information visit https://github.com/coin-or/Ipopt
******************************************************************************

This is Ipopt version 3.14.19, running with linear solver MUMPS 5.8.2.

Number of nonzeros in equality constraint Jacobian...:    67197
Number of nonzeros in inequality constraint Jacobian.:    37872
Number of nonzeros in Lagrangian Hessian.............:    20736

Total number of variables............................:    31872
                     variables with only lower bounds:     6144
                variables with lower and upper bounds:        0
                     variables with only upper bounds:        0
Total number of equality constraints.................:    20880
Total number of inequality constraints...............:    19584
        inequality constraints with only lower bounds:        0
   inequality constraints with lower and upper bounds:    13488
        inequality constraints with only upper bounds:     6096

iter    objective    inf_pr   inf_du lg(mu)  ||d||  lg(rg) alpha_du alpha_pr  ls
   0  3.3599966e+01 1.10e+00 1.47e+01  -1.0 0.00e+00    -  0.00e+00 0.00e+00   0
   1  2.6448342e+02 1.03e+00 2.37e+01  -1.0 3.89e+00    -  2.62e-03 6.64e-02f  1
   2  3.3670266e+02 9.98e-01 2.30e+01  -1.0 1.27e+00    -  7.72e-02 2.99e-02f  1
   3  4.6017643e+02 9.48e-01 2.19e+01  -1.0 1.11e+00    -  3.26e-02 5.02e-02f  1
   4  6.9464898e+02 8.53e-01 1.97e+01  -1.0 3.25e+00    -  2.08e-02 1.00e-01f  1
   5  1.1443474e+03 6.81e-01 2.86e+01  -1.0 2.22e+00    -  9.75e-02 2.02e-01f  1
   6  1.5238002e+03 5.29e-01 3.17e+01  -1.0 1.13e+00    -  9.91e-02 2.23e-01f  1
   7  2.4802995e+03 1.58e-01 1.96e+01  -1.0 8.35e-01    -  4.93e-01 7.01e-01h  1
   8  2.8870212e+03 7.11e-03 1.89e+01  -1.0 2.48e+00    -  2.33e-01 9.55e-01f  1
   9  2.8993621e+03 7.10e-05 1.63e+01  -1.0 1.19e+00    -  7.82e-01 9.90e-01f  1
iter    objective    inf_pr   inf_du lg(mu)  ||d||  lg(rg) alpha_du alpha_pr  ls
  10  2.9010356e+03 6.49e-07 4.00e+03  -1.0 7.91e+00    -  4.81e-01 9.91e-01f  1
  11  2.9011283e+03 1.29e-14 3.06e+05  -1.0 1.42e+01    -  6.09e-01 1.00e+00f  1
  12  2.9012119e+03 8.67e-10 3.62e+06  -1.0 2.74e+01    -  5.78e-01 1.00e+00f  1
  13  2.9016243e+03 8.98e-11 1.30e+06  -1.0 6.45e+01    -  6.41e-01 1.00e+00f  1
  14  2.9021356e+03 2.32e-12 6.65e+05  -1.0 1.80e+02    -  5.51e-01 9.74e-01f  1
  15  2.9027872e+03 2.97e-13 2.74e+05  -1.0 3.98e+02    -  5.91e-01 9.60e-01f  1
  16  2.9031953e+03 4.28e-13 1.16e+05  -1.0 9.58e+02    -  5.82e-01 1.00e+00f  1
  17  2.9033838e+03 7.83e-16 4.75e+04  -1.0 2.24e+03    -  5.91e-01 1.00e+00f  1
  18  2.9034487e+03 3.58e-15 1.92e+04  -1.0 5.19e+03    -  5.95e-01 1.00e+00f  1
  19  2.9034615e+03 3.82e-16 7.52e+03  -1.0 1.13e+04    -  6.08e-01 1.00e+00f  1
iter    objective    inf_pr   inf_du lg(mu)  ||d||  lg(rg) alpha_du alpha_pr  ls
  20  2.9034681e+03 1.36e-15 2.77e+03  -1.0 2.13e+04    -  6.32e-01 1.00e+00f  1
  21  2.9034636e+03 4.80e-16 8.06e+02  -1.0 2.95e+04    -  7.09e-01 1.00e+00f  1
  22  2.9034672e+03 8.16e-16 1.07e+02  -1.0 3.44e+04    -  8.77e-01 1.00e+00f  1
  23  2.9034658e+03 3.96e-16 1.25e+02  -1.0 4.98e+04    -  8.15e-01 1.00e+00h  1
  24  2.9034660e+03 3.85e-16 3.14e-02  -1.0 2.03e+04    -  1.00e+00 1.00e+00h  1
  25  2.8748644e+03 4.16e-16 2.14e+06  -3.8 2.23e+02    -  8.10e-01 5.74e-01f  1
  26  2.8273311e+03 4.15e-16 7.15e+05  -3.8 4.37e+02    -  6.38e-01 6.53e-01f  1
  27  2.8072041e+03 3.96e-16 3.75e+05  -3.8 2.98e+02    -  7.63e-01 6.09e-01f  1
  28  2.7999210e+03 4.44e-16 1.66e+05  -3.8 2.70e+02    -  6.75e-01 5.90e-01h  1
  29  2.7962765e+03 4.14e-16 4.10e+04  -3.8 3.40e+02    -  6.61e-01 7.33e-01h  1
iter    objective    inf_pr   inf_du lg(mu)  ||d||  lg(rg) alpha_du alpha_pr  ls
  30  2.7952091e+03 3.78e-16 5.21e+03  -3.8 5.88e+02    -  7.57e-01 8.40e-01h  1
  31  2.7949699e+03 4.44e-16 8.28e-06  -3.8 6.18e+02    -  1.00e+00 1.00e+00h  1
  32  2.7949761e+03 4.18e-16 4.96e-09  -3.8 1.79e+02    -  1.00e+00 1.00e+00h  1
  33  2.7946196e+03 4.44e-16 4.40e+02  -5.7 3.25e+01    -  9.36e-01 9.69e-01f  1
  34  2.7946098e+03 3.90e-16 4.58e-09  -5.7 1.13e+00    -  1.00e+00 1.00e+00h  1
  35  2.7946098e+03 4.14e-16 1.85e-11  -5.7 6.39e-02    -  1.00e+00 1.00e+00h  1
  36  2.7946053e+03 3.82e-16 4.20e-02  -8.6 3.35e-01    -  1.00e+00 1.00e+00f  1
  37  2.7946053e+03 3.75e-16 3.76e-11  -8.6 3.76e-07  -4.0 1.00e+00 1.00e+00h  1

Number of Iterations....: 37

                                   (scaled)                 (unscaled)
Objective...............:   2.7946053160476858e+03    2.7946053160476858e+03
Dual infeasibility......:   3.7642922193104776e-11    3.7642922193104776e-11
Constraint violation....:   3.7470027081099033e-16    3.7470027081099033e-16
Variable bound violation:   0.0000000000000000e+00    0.0000000000000000e+00
Complementarity.........:   2.5059274724030423e-09    2.5059274724030423e-09
Overall NLP error.......:   2.5059274724030423e-09    2.5059274724030423e-09


Number of objective function evaluations             = 38
Number of objective gradient evaluations             = 38
Number of equality constraint evaluations            = 38
Number of inequality constraint evaluations          = 38
Number of equality constraint Jacobian evaluations   = 38
Number of inequality constraint Jacobian evaluations = 38
Number of Lagrangian Hessian evaluations             = 37
Total seconds in IPOPT                               = 5.976

EXIT: Optimal Solution Found.
