
================================================================================
PARALLELIZATION STATUS
================================================================================
Julia threads:       16
Status:              Using 16 threads
================================================================================
RHO_OVERRIDE: using rho = 24000.0
EPS_PRI_OVERRIDE: using eps_pri = 0.0001
EPS_DUAL_OVERRIDE: using eps_dual = 0.0005
ADAPTIVE_RHO_OVERRIDE: adaptive_rho = true

================================================================================
PARSING SYSTEM DATA
================================================================================
Loaded system: ieee2552C_1ph from C:\repos_addendum\MultiPeriodDistOPF\envs\tadmm\..\..\rawData\ieee2552C_1ph\Master.dss

========================================
Initial Powerflow
========================================
Powerflow completed successfully!

[OpenDSS] Total system load: 2129.58 kW
[OpenDSS] Substation power: 2187.53 kW
[OpenDSS] Total PV dispatch: 0.00 kW
[OpenDSS] Total battery dispatch: 0.00 kW
[OpenDSS] Total system losses: 57.95 kW


================================================================================
[35;1mSOLVING MPOPF WITH SOCP (tADMM)[0m
================================================================================
[36;1mUsing fixed rho = 24000.0[0m
  [tADMM hyperparams] mu_balance=5.00 tau_incr=2.00 tau_decr=4.00 update_interval=5 eps_pri=1.0e-04 eps_dual=5.0e-04 rho_init=24000.0 adaptive=true

================================================================================
[36;1m🎯 tADMM[SOCP]: T=24, ρ_init=24000.0, adaptive=true, warm_start=true, |Bset|=250, |Nset|=2522, |Lset|=2521
[0m================================================================================

******************************************************************************
This program contains Ipopt, a library for large-scale nonlinear optimization.
 Ipopt is released as open source code under the Eclipse Public License (EPL).
         For more information visit https://github.com/coin-or/Ipopt
******************************************************************************

k=  1  obj=$4257.46  ‖r‖=2.71e-03  ‖s‖=9.08e+00  ρ=24000.0  sp_max=38.711s  sp_med=28.345s
k=  2  obj=$4983.77  ‖r‖=2.16e-03  ‖s‖=1.04e+01  ρ=24000.0  sp_max=32.481s  sp_med=18.458s
k=  3  obj=$6656.61  ‖r‖=1.30e-03  ‖s‖=1.13e+01  ρ=24000.0  sp_max=23.642s  sp_med=12.437s
k=  4  obj=$8111.90  ‖r‖=4.40e-04  ‖s‖=8.14e+00  ρ=24000.0  sp_max=23.695s  sp_med=13.128s
[32;1m  [k=  5] Phase 1→2: primal converged
[0m[36;1m  [k=  5] ρ 24000.0 → 6000.0 (s/r=196491.7, ‖r‖ converged)
[0mk=  5  obj=$8441.23  ‖r‖=2.44e-05  ‖s‖=4.80e+00  ρ=6000.0  sp_max=16.395s  sp_med=8.858s
k=  6  obj=$8378.76  ‖r‖=1.39e-04  ‖s‖=3.92e+00  ρ=6000.0  sp_max=19.229s  sp_med=8.717s
k=  7  obj=$8327.40  ‖r‖=8.39e-05  ‖s‖=3.76e+00  ρ=6000.0  sp_max=18.910s  sp_med=10.242s
k=  8  obj=$8301.82  ‖r‖=5.58e-05  ‖s‖=3.77e+00  ρ=6000.0  sp_max=16.724s  sp_med=9.179s
k=  9  obj=$8269.62  ‖r‖=4.71e-05  ‖s‖=3.71e+00  ρ=6000.0  sp_max=14.010s  sp_med=9.233s
k= 10  obj=$8222.04  ‖r‖=1.15e-04  ‖s‖=3.47e+00  ρ=6000.0  sp_max=13.086s  sp_med=8.922s
      [Progress] 296.4s elapsed, 2 iters/min
k= 11  obj=$8189.41  ‖r‖=1.32e-04  ‖s‖=3.23e+00  ρ=6000.0  sp_max=15.001s  sp_med=8.817s
k= 12  obj=$8179.43  ‖r‖=8.51e-05  ‖s‖=2.99e+00  ρ=6000.0  sp_max=19.039s  sp_med=10.398s
k= 13  obj=$8173.44  ‖r‖=3.14e-05  ‖s‖=2.66e+00  ρ=6000.0  sp_max=18.127s  sp_med=10.289s
k= 14  obj=$8166.40  ‖r‖=2.79e-05  ‖s‖=2.18e+00  ρ=6000.0  sp_max=18.959s  sp_med=12.204s
[36;1m  [k= 15] ρ 6000.0 → 1500.0 (s/r=54844.0, ‖r‖ converged)
[0mk= 15  obj=$8154.96  ‖r‖=3.28e-05  ‖s‖=1.80e+00  ρ=1500.0  sp_max=16.400s  sp_med=10.992s
k= 16  obj=$8127.78  ‖r‖=4.56e-05  ‖s‖=1.17e+00  ρ=1500.0  sp_max=22.457s  sp_med=11.242s
k= 17  obj=$8117.41  ‖r‖=3.71e-05  ‖s‖=7.55e-01  ρ=1500.0  sp_max=20.439s  sp_med=11.427s
k= 18  obj=$8125.19  ‖r‖=2.75e-05  ‖s‖=4.91e-01  ρ=1500.0  sp_max=19.617s  sp_med=10.391s
k= 19  obj=$8138.05  ‖r‖=2.66e-05  ‖s‖=2.99e-01  ρ=1500.0  sp_max=25.988s  sp_med=14.033s
[36;1m  [k= 20] ρ 1500.0 → 375.0 (s/r=2283.7, ‖r‖ converged)
[0mk= 20  obj=$8139.47  ‖r‖=3.02e-05  ‖s‖=6.91e-02  ρ=375.0  sp_max=21.718s  sp_med=13.297s
      [Progress] 543.2s elapsed, 2 iters/min
k= 21  obj=$8131.84  ‖r‖=3.68e-05  ‖s‖=3.26e-02  ρ=375.0  sp_max=18.174s  sp_med=9.266s
k= 22  obj=$8122.55  ‖r‖=3.43e-05  ‖s‖=2.10e-02  ρ=375.0  sp_max=19.736s  sp_med=11.228s
k= 23  obj=$8115.27  ‖r‖=2.93e-05  ‖s‖=1.53e-02  ρ=375.0  sp_max=19.283s  sp_med=9.727s
k= 24  obj=$8111.37  ‖r‖=1.70e-05  ‖s‖=1.55e-02  ρ=375.0  sp_max=22.010s  sp_med=10.982s
[36;1m  [k= 25] ρ 375.0 → 93.8 (s/r=1187.6, ‖r‖ converged)
[0mk= 25  obj=$8110.63  ‖r‖=1.08e-05  ‖s‖=1.29e-02  ρ=93.8  sp_max=24.969s  sp_med=12.881s
k= 26  obj=$8109.81  ‖r‖=3.79e-05  ‖s‖=7.17e-03  ρ=93.8  sp_max=19.755s  sp_med=10.719s
k= 27  obj=$8111.40  ‖r‖=3.97e-05  ‖s‖=1.33e-03  ρ=93.8  sp_max=20.602s  sp_med=11.102s
k= 28  obj=$8114.12  ‖r‖=2.46e-05  ‖s‖=3.14e-03  ρ=93.8  sp_max=19.843s  sp_med=10.510s
k= 29  obj=$8116.16  ‖r‖=6.48e-06  ‖s‖=3.98e-03  ρ=93.8  sp_max=16.322s  sp_med=8.761s
[36;1m  [k= 30] ρ 93.8 → 23.4 (s/r=353.1, ‖r‖ converged)
[0mk= 30  obj=$8116.88  ‖r‖=7.89e-06  ‖s‖=2.79e-03  ρ=23.4  sp_max=16.450s  sp_med=8.210s
      [Progress] 787.7s elapsed, 2 iters/min
k= 31  obj=$8118.60  ‖r‖=3.46e-05  ‖s‖=1.41e-03  ρ=23.4  sp_max=15.184s  sp_med=9.101s
k= 32  obj=$8118.65  ‖r‖=3.49e-05  ‖s‖=7.79e-05  ρ=23.4  sp_max=16.224s  sp_med=9.331s
[32;1m🎉 tADMM converged at iteration 32 (‖r‖=3.49e-05 ≤ 1.00e-04, ‖s‖=7.79e-05 ≤ 5.00e-04)
  Final objective: $8118.65
[0m
================================================================================
[36;1m📊 SOLVER PERFORMANCE ANALYSIS (optimize!() times only)[0m
================================================================================
Iterations:       31
Effective time:   643.18 seconds
Wall-clock time:  831.20 seconds
Overhead:         22.6%
================================================================================

--- tADMM RESULT ---
[32;1mObjective: $8118.65
Wall-clock: 831.20 seconds
Effective:  643.18 seconds (32 iterations)
[0m
================================================================================
[36;1mVALIDATING tADMM SOLUTION[0m
================================================================================

================================================================================
SOLUTION VALIDATION: tADMM SOCP
================================================================================
✓ All constraints satisfied!
================================================================================
[32;1m✓ Convergence CSV: C:\repos_addendum\MultiPeriodDistOPF\envs\tadmm\processedData\ieee2552C_1ph_T24\convergence_data.csv[0m
[32;1m✓ Subproblem timing CSV: C:\repos_addendum\MultiPeriodDistOPF\envs\tadmm\processedData\ieee2552C_1ph_T24\subproblem_timing_details.csv[0m
[36;1mLoaded BF results from C:\repos_addendum\MultiPeriodDistOPF\envs\tadmm\processedData\ieee2552C_1ph_T24\results_socp_bf.txt[0m
[36;1mNear-optimal at k=15 (304.41s eff): obj=$8154.96, gap=0.490% vs BF, r=3.28e-05, s=1.80e+00[0m
[32;1m✓ Near-optimal summary: C:\repos_addendum\MultiPeriodDistOPF\envs\tadmm\processedData\ieee2552C_1ph_T24\near_optimal_summary.csv[0m
[32;1m✓ Solution saved: C:\repos_addendum\MultiPeriodDistOPF\envs\tadmm\processedData\ieee2552C_1ph_T24\sol_socp_tadmm.jls[0m
[32;1m✓ tADMM results written to C:\repos_addendum\MultiPeriodDistOPF\envs\tadmm\processedData\ieee2552C_1ph_T24\results_socp_tadmm.txt[0m
[32;1m✓ Live log trimmed to last 100 lines: C:\repos_addendum\MultiPeriodDistOPF\envs\tadmm\processedData\ieee2552C_1ph_T24\tadmm_run.log[0m

================================================================================
[35;1mtADMM PIPELINE COMPLETE[0m
================================================================================
