
================================================================================
PARALLELIZATION STATUS
================================================================================
Julia threads:       16
Status:              Using 16 threads
================================================================================
RHO_OVERRIDE: using rho = 500.0
EPS_PRI_OVERRIDE: using eps_pri = 0.001
EPS_DUAL_OVERRIDE: using eps_dual = 0.001
ADAPTIVE_RHO_OVERRIDE: adaptive_rho = true

================================================================================
PARSING SYSTEM DATA
================================================================================
Loaded system: ieee123C_1ph from C:\repos_addendum\MultiPeriodDistOPF\envs\tadmm\..\..\rawData\ieee123C_1ph\Master.dss

========================================
Initial Powerflow
========================================
Powerflow completed successfully!

[OpenDSS] Total system load: 872.27 kW
[OpenDSS] Substation power: 877.20 kW
[OpenDSS] Total PV dispatch: 0.00 kW
[OpenDSS] Total battery dispatch: 0.00 kW
[OpenDSS] Total system losses: 4.94 kW


================================================================================
[35;1mSOLVING MPOPF WITH SOCP (tADMM)[0m
================================================================================
[36;1mUsing fixed rho = 500.0[0m
  [tADMM hyperparams] mu_balance=5.00 tau_incr=2.00 tau_decr=2.00 update_interval=5 eps_pri=1.0e-03 eps_dual=1.0e-03 rho_init=500.0 adaptive=true

================================================================================
[36;1m🎯 tADMM[SOCP]: T=96, ρ_init=500.0, adaptive=true, warm_start=true, |Bset|=51, |Nset|=128, |Lset|=127
[0m================================================================================

******************************************************************************
This program contains Ipopt, a library for large-scale nonlinear optimization.
 Ipopt is released as open source code under the Eclipse Public License (EPL).
         For more information visit https://github.com/coin-or/Ipopt
******************************************************************************

k=  1  obj=$1322.33  ‖r‖=1.28e-03  ‖s‖=4.61e-02  ρ=500.0  sp_max=7.834s  sp_med=5.086s
k=  2  obj=$1322.33  ‖r‖=1.28e-03  ‖s‖=5.39e-02  ρ=500.0  sp_max=3.733s  sp_med=2.177s
k=  3  obj=$1322.33  ‖r‖=1.27e-03  ‖s‖=6.20e-02  ρ=500.0  sp_max=3.112s  sp_med=2.272s
k=  4  obj=$1322.33  ‖r‖=1.27e-03  ‖s‖=6.91e-02  ρ=500.0  sp_max=2.932s  sp_med=2.230s
[33;1m  [PHASE1-UP] ρ: 500.0 → 1000.0 (‖r‖=1.27e-03 > ε=1.0e-03)
[0mk=  5  obj=$1322.33  ‖r‖=1.27e-03  ‖s‖=7.55e-02  ρ=1000.0  sp_max=5.893s  sp_med=2.135s
k=  6  obj=$1322.33  ‖r‖=1.26e-03  ‖s‖=9.13e-02  ρ=1000.0  sp_max=6.640s  sp_med=2.185s
k=  7  obj=$1322.33  ‖r‖=1.26e-03  ‖s‖=1.08e-01  ρ=1000.0  sp_max=6.634s  sp_med=2.283s
k=  8  obj=$1322.33  ‖r‖=1.26e-03  ‖s‖=1.25e-01  ρ=1000.0  sp_max=5.727s  sp_med=2.250s
k=  9  obj=$1322.33  ‖r‖=1.26e-03  ‖s‖=1.41e-01  ρ=1000.0  sp_max=7.148s  sp_med=2.344s
[33;1m  [PHASE1-UP] ρ: 1000.0 → 2000.0 (‖r‖=1.25e-03 > ε=1.0e-03)
[0mk= 10  obj=$1322.33  ‖r‖=1.25e-03  ‖s‖=1.55e-01  ρ=2000.0  sp_max=6.414s  sp_med=2.225s
      [Progress] 183.2s elapsed, 3 iters/min
k= 11  obj=$1322.33  ‖r‖=1.25e-03  ‖s‖=1.85e-01  ρ=2000.0  sp_max=6.382s  sp_med=2.364s
k= 12  obj=$1322.33  ‖r‖=1.25e-03  ‖s‖=2.15e-01  ρ=2000.0  sp_max=5.950s  sp_med=2.301s
k= 13  obj=$1322.33  ‖r‖=1.25e-03  ‖s‖=2.43e-01  ρ=2000.0  sp_max=5.107s  sp_med=2.395s
k= 14  obj=$1322.33  ‖r‖=1.25e-03  ‖s‖=2.71e-01  ρ=2000.0  sp_max=6.016s  sp_med=2.380s
[33;1m  [PHASE1-UP] ρ: 2000.0 → 4000.0 (‖r‖=1.24e-03 > ε=1.0e-03)
[0mk= 15  obj=$1322.33  ‖r‖=1.24e-03  ‖s‖=2.98e-01  ρ=4000.0  sp_max=7.888s  sp_med=2.321s
k= 16  obj=$1322.33  ‖r‖=1.24e-03  ‖s‖=3.51e-01  ρ=4000.0  sp_max=3.721s  sp_med=2.372s
k= 17  obj=$1322.33  ‖r‖=1.24e-03  ‖s‖=4.04e-01  ρ=4000.0  sp_max=3.461s  sp_med=2.374s
k= 18  obj=$1322.33  ‖r‖=1.24e-03  ‖s‖=4.56e-01  ρ=4000.0  sp_max=6.030s  sp_med=2.267s
k= 19  obj=$1322.33  ‖r‖=1.24e-03  ‖s‖=5.08e-01  ρ=4000.0  sp_max=5.461s  sp_med=2.327s
[33;1m  [PHASE1-UP] ρ: 4000.0 → 8000.0 (‖r‖=1.23e-03 > ε=1.0e-03)
[0mk= 20  obj=$1322.33  ‖r‖=1.23e-03  ‖s‖=5.58e-01  ρ=8000.0  sp_max=3.740s  sp_med=2.314s
      [Progress] 345.6s elapsed, 3 iters/min
k= 21  obj=$1322.33  ‖r‖=1.23e-03  ‖s‖=6.28e-01  ρ=8000.0  sp_max=4.248s  sp_med=2.192s
k= 22  obj=$1343.40  ‖r‖=1.21e-03  ‖s‖=6.60e-01  ρ=8000.0  sp_max=6.813s  sp_med=2.209s
k= 23  obj=$1408.49  ‖r‖=1.15e-03  ‖s‖=7.30e-01  ρ=8000.0  sp_max=7.278s  sp_med=2.410s
k= 24  obj=$1477.87  ‖r‖=1.10e-03  ‖s‖=7.96e-01  ρ=8000.0  sp_max=5.383s  sp_med=2.470s
[33;1m  [PHASE1-UP] ρ: 8000.0 → 16000.0 (‖r‖=1.06e-03 > ε=1.0e-03)
[0mk= 25  obj=$1541.76  ‖r‖=1.06e-03  ‖s‖=8.48e-01  ρ=16000.0  sp_max=6.989s  sp_med=2.419s
k= 26  obj=$1650.19  ‖r‖=9.84e-04  ‖s‖=9.45e-01  ρ=16000.0  sp_max=6.776s  sp_med=2.465s
k= 27  obj=$1828.14  ‖r‖=8.77e-04  ‖s‖=1.02e+00  ρ=16000.0  sp_max=7.389s  sp_med=2.592s
k= 28  obj=$2084.06  ‖r‖=7.21e-04  ‖s‖=1.06e+00  ρ=16000.0  sp_max=6.933s  sp_med=3.156s
k= 29  obj=$2325.65  ‖r‖=5.81e-04  ‖s‖=1.04e+00  ρ=16000.0  sp_max=5.118s  sp_med=3.177s
[32;1m  [k= 30] Phase 1→2: primal converged
[0m[36;1m  [k= 30] ρ 16000.0 → 8000.0 (s/r=2084.4, ‖r‖ converged)
[0mk= 30  obj=$2483.35  ‖r‖=4.90e-04  ‖s‖=1.02e+00  ρ=8000.0  sp_max=7.415s  sp_med=3.477s
      [Progress] 551.5s elapsed, 3 iters/min
k= 31  obj=$2599.28  ‖r‖=4.13e-04  ‖s‖=9.92e-01  ρ=8000.0  sp_max=6.494s  sp_med=3.103s
k= 32  obj=$2635.42  ‖r‖=3.91e-04  ‖s‖=9.62e-01  ρ=8000.0  sp_max=5.859s  sp_med=2.726s
k= 33  obj=$2664.80  ‖r‖=3.68e-04  ‖s‖=9.37e-01  ρ=8000.0  sp_max=4.490s  sp_med=2.724s
k= 34  obj=$2704.46  ‖r‖=3.34e-04  ‖s‖=9.24e-01  ρ=8000.0  sp_max=6.797s  sp_med=3.046s
[36;1m  [k= 35] ρ 8000.0 → 4000.0 (s/r=3327.7, ‖r‖ converged)
[0mk= 35  obj=$2768.99  ‖r‖=2.76e-04  ‖s‖=9.17e-01  ρ=4000.0  sp_max=4.703s  sp_med=2.845s
k= 36  obj=$2785.66  ‖r‖=2.65e-04  ‖s‖=9.11e-01  ρ=4000.0  sp_max=4.622s  sp_med=2.920s
k= 37  obj=$2790.57  ‖r‖=2.59e-04  ‖s‖=9.05e-01  ρ=4000.0  sp_max=5.550s  sp_med=3.033s
k= 38  obj=$2795.54  ‖r‖=2.51e-04  ‖s‖=8.99e-01  ρ=4000.0  sp_max=4.870s  sp_med=3.255s
k= 39  obj=$2800.52  ‖r‖=2.41e-04  ‖s‖=8.85e-01  ρ=4000.0  sp_max=7.092s  sp_med=3.431s
[36;1m  [k= 40] ρ 4000.0 → 2000.0 (s/r=3759.4, ‖r‖ converged)
[0mk= 40  obj=$2804.51  ‖r‖=2.34e-04  ‖s‖=8.80e-01  ρ=2000.0  sp_max=5.046s  sp_med=3.120s
      [Progress] 756.3s elapsed, 3 iters/min
k= 41  obj=$2804.34  ‖r‖=2.29e-04  ‖s‖=8.74e-01  ρ=2000.0  sp_max=4.695s  sp_med=3.018s
k= 42  obj=$2804.10  ‖r‖=2.24e-04  ‖s‖=8.71e-01  ρ=2000.0  sp_max=4.655s  sp_med=3.135s
k= 43  obj=$2805.79  ‖r‖=2.15e-04  ‖s‖=8.72e-01  ρ=2000.0  sp_max=4.710s  sp_med=3.046s
k= 44  obj=$2809.08  ‖r‖=2.04e-04  ‖s‖=8.72e-01  ρ=2000.0  sp_max=4.560s  sp_med=2.974s
[36;1m  [k= 45] ρ 2000.0 → 1000.0 (s/r=4449.7, ‖r‖ converged)
[0mk= 45  obj=$2810.69  ‖r‖=1.96e-04  ‖s‖=8.71e-01  ρ=1000.0  sp_max=3.659s  sp_med=2.506s
k= 46  obj=$2805.49  ‖r‖=1.89e-04  ‖s‖=8.66e-01  ρ=1000.0  sp_max=4.535s  sp_med=2.484s
k= 47  obj=$2795.78  ‖r‖=1.87e-04  ‖s‖=8.59e-01  ρ=1000.0  sp_max=4.141s  sp_med=2.425s
k= 48  obj=$2790.79  ‖r‖=1.85e-04  ‖s‖=8.33e-01  ρ=1000.0  sp_max=4.472s  sp_med=2.884s
k= 49  obj=$2787.05  ‖r‖=1.84e-04  ‖s‖=7.99e-01  ρ=1000.0  sp_max=4.447s  sp_med=2.792s
[36;1m  [k= 50] ρ 1000.0 → 500.0 (s/r=4150.1, ‖r‖ converged)
[0mk= 50  obj=$2783.59  ‖r‖=1.82e-04  ‖s‖=7.55e-01  ρ=500.0  sp_max=4.410s  sp_med=2.528s
      [Progress] 940.0s elapsed, 3 iters/min
k= 51  obj=$2781.09  ‖r‖=1.82e-04  ‖s‖=6.79e-01  ρ=500.0  sp_max=3.862s  sp_med=2.777s
k= 52  obj=$2783.19  ‖r‖=1.84e-04  ‖s‖=5.64e-01  ρ=500.0  sp_max=4.552s  sp_med=2.774s
k= 53  obj=$2789.17  ‖r‖=1.88e-04  ‖s‖=4.34e-01  ρ=500.0  sp_max=4.427s  sp_med=2.757s
k= 54  obj=$2793.99  ‖r‖=1.94e-04  ‖s‖=3.38e-01  ρ=500.0  sp_max=4.436s  sp_med=2.469s
[36;1m  [k= 55] ρ 500.0 → 250.0 (s/r=1407.0, ‖r‖ converged)
[0mk= 55  obj=$2799.43  ‖r‖=1.97e-04  ‖s‖=2.76e-01  ρ=250.0  sp_max=3.849s  sp_med=2.488s
k= 56  obj=$2802.67  ‖r‖=2.07e-04  ‖s‖=2.12e-01  ρ=250.0  sp_max=4.541s  sp_med=2.669s
k= 57  obj=$2810.47  ‖r‖=2.23e-04  ‖s‖=1.62e-01  ρ=250.0  sp_max=5.181s  sp_med=2.866s
k= 58  obj=$2820.81  ‖r‖=2.27e-04  ‖s‖=1.26e-01  ρ=250.0  sp_max=7.101s  sp_med=3.007s
k= 59  obj=$2832.56  ‖r‖=2.12e-04  ‖s‖=9.93e-02  ρ=250.0  sp_max=6.249s  sp_med=2.729s
[36;1m  [k= 60] ρ 250.0 → 125.0 (s/r=419.6, ‖r‖ converged)
[0mk= 60  obj=$2845.20  ‖r‖=1.91e-04  ‖s‖=8.03e-02  ρ=125.0  sp_max=5.480s  sp_med=2.876s
      [Progress] 1128.8s elapsed, 3 iters/min
k= 61  obj=$2856.08  ‖r‖=1.82e-04  ‖s‖=6.10e-02  ρ=125.0  sp_max=6.362s  sp_med=3.099s
k= 62  obj=$2861.16  ‖r‖=1.75e-04  ‖s‖=4.29e-02  ρ=125.0  sp_max=6.220s  sp_med=2.817s
k= 63  obj=$2862.77  ‖r‖=1.61e-04  ‖s‖=2.98e-02  ρ=125.0  sp_max=4.894s  sp_med=2.818s
k= 64  obj=$2860.70  ‖r‖=1.33e-04  ‖s‖=2.39e-02  ρ=125.0  sp_max=5.380s  sp_med=2.914s
[36;1m  [k= 65] ρ 125.0 → 62.5 (s/r=191.5, ‖r‖ converged)
[0mk= 65  obj=$2856.86  ‖r‖=1.27e-04  ‖s‖=2.43e-02  ρ=62.5  sp_max=5.740s  sp_med=2.832s
k= 66  obj=$2855.13  ‖r‖=1.44e-04  ‖s‖=2.05e-02  ρ=62.5  sp_max=6.177s  sp_med=2.971s
k= 67  obj=$2852.32  ‖r‖=1.44e-04  ‖s‖=1.57e-02  ρ=62.5  sp_max=5.188s  sp_med=2.920s
k= 68  obj=$2850.41  ‖r‖=1.35e-04  ‖s‖=1.19e-02  ρ=62.5  sp_max=5.013s  sp_med=2.944s
k= 69  obj=$2845.20  ‖r‖=1.18e-04  ‖s‖=8.81e-03  ρ=62.5  sp_max=5.062s  sp_med=2.851s
[36;1m  [k= 70] ρ 62.5 → 31.2 (s/r=69.3, ‖r‖ converged)
[0mk= 70  obj=$2839.83  ‖r‖=1.12e-04  ‖s‖=7.78e-03  ρ=31.2  sp_max=5.228s  sp_med=2.946s
      [Progress] 1326.0s elapsed, 3 iters/min
k= 71  obj=$2835.93  ‖r‖=1.23e-04  ‖s‖=6.14e-03  ρ=31.2  sp_max=5.578s  sp_med=2.897s
k= 72  obj=$2833.79  ‖r‖=1.21e-04  ‖s‖=5.34e-03  ρ=31.2  sp_max=5.372s  sp_med=2.977s
k= 73  obj=$2833.73  ‖r‖=1.17e-04  ‖s‖=4.86e-03  ρ=31.2  sp_max=4.711s  sp_med=2.893s
k= 74  obj=$2834.76  ‖r‖=1.16e-04  ‖s‖=4.48e-03  ρ=31.2  sp_max=4.631s  sp_med=2.995s
[36;1m  [k= 75] ρ 31.2 → 15.6 (s/r=33.8, ‖r‖ converged)
[0mk= 75  obj=$2836.40  ‖r‖=1.17e-04  ‖s‖=3.97e-03  ρ=15.6  sp_max=4.656s  sp_med=2.887s
k= 76  obj=$2838.75  ‖r‖=1.29e-04  ‖s‖=3.15e-03  ρ=15.6  sp_max=5.918s  sp_med=3.105s
k= 77  obj=$2840.72  ‖r‖=1.39e-04  ‖s‖=2.14e-03  ρ=15.6  sp_max=4.548s  sp_med=2.926s
k= 78  obj=$2841.14  ‖r‖=1.43e-04  ‖s‖=1.35e-03  ρ=15.6  sp_max=5.228s  sp_med=3.049s
k= 79  obj=$2842.18  ‖r‖=1.37e-04  ‖s‖=1.20e-03  ρ=15.6  sp_max=7.178s  sp_med=3.093s
[36;1m  [k= 80] ρ 15.6 → 7.8 (s/r=9.9, ‖r‖ converged)
[0mk= 80  obj=$2841.94  ‖r‖=1.36e-04  ‖s‖=1.34e-03  ρ=7.8  sp_max=4.465s  sp_med=2.950s
      [Progress] 1527.9s elapsed, 3 iters/min
k= 81  obj=$2841.60  ‖r‖=1.33e-04  ‖s‖=1.27e-03  ρ=7.8  sp_max=4.548s  sp_med=3.013s
k= 82  obj=$2841.11  ‖r‖=1.24e-04  ‖s‖=1.17e-03  ρ=7.8  sp_max=5.460s  sp_med=2.849s
k= 83  obj=$2838.69  ‖r‖=1.06e-04  ‖s‖=1.11e-03  ρ=7.8  sp_max=4.672s  sp_med=2.913s
k= 84  obj=$2837.43  ‖r‖=8.61e-05  ‖s‖=1.04e-03  ρ=7.8  sp_max=4.684s  sp_med=3.048s
[36;1m  [k= 85] ρ 7.8 → 3.9 (s/r=12.1, ‖r‖ converged)
[0mk= 85  obj=$2835.49  ‖r‖=7.86e-05  ‖s‖=9.49e-04  ρ=3.9  sp_max=4.934s  sp_med=3.041s
[32;1m🎉 tADMM converged at iteration 85 (‖r‖=7.86e-05 ≤ 1.00e-03, ‖s‖=9.49e-04 ≤ 1.00e-03)
  Final objective: $2835.49
[0m
================================================================================
[36;1m📊 SOLVER PERFORMANCE ANALYSIS (optimize!() times only)[0m
================================================================================
Iterations:       84
Effective time:   455.50 seconds
Wall-clock time:  1630.05 seconds
Overhead:         72.1%
================================================================================

--- tADMM RESULT ---
[32;1mObjective: $2835.49
Wall-clock: 1630.05 seconds
Effective:  455.50 seconds (85 iterations)
[0m
================================================================================
[36;1mVALIDATING tADMM SOLUTION[0m
================================================================================

================================================================================
SOLUTION VALIDATION: tADMM SOCP
================================================================================
✓ All constraints satisfied!
================================================================================
[32;1m✓ Convergence CSV: C:\repos_addendum\MultiPeriodDistOPF\envs\tadmm\processedData\ieee123C_1ph_T96\convergence_data.csv[0m
[32;1m✓ Subproblem timing CSV: C:\repos_addendum\MultiPeriodDistOPF\envs\tadmm\processedData\ieee123C_1ph_T96\subproblem_timing_details.csv[0m
[36;1mLoaded BF results from C:\repos_addendum\MultiPeriodDistOPF\envs\tadmm\processedData\ieee123C_1ph_T96\results_socp_bf.txt[0m
[36;1mNear-optimal at k=38 (217.55s eff): obj=$2795.54, gap=0.398% vs BF, r=2.51e-04, s=8.99e-01[0m
[32;1m✓ Near-optimal summary: C:\repos_addendum\MultiPeriodDistOPF\envs\tadmm\processedData\ieee123C_1ph_T96\near_optimal_summary.csv[0m
[32;1m✓ Solution saved: C:\repos_addendum\MultiPeriodDistOPF\envs\tadmm\processedData\ieee123C_1ph_T96\sol_socp_tadmm.jls[0m
[32;1m✓ tADMM results written to C:\repos_addendum\MultiPeriodDistOPF\envs\tadmm\processedData\ieee123C_1ph_T96\results_socp_tadmm.txt[0m
[32;1m✓ Live log trimmed to last 100 lines: C:\repos_addendum\MultiPeriodDistOPF\envs\tadmm\processedData\ieee123C_1ph_T96\tadmm_run.log[0m

================================================================================
[35;1mtADMM PIPELINE COMPLETE[0m
================================================================================
