
================================================================================
PARALLELIZATION STATUS
================================================================================
Julia threads:       16
Status:              Using 16 threads
================================================================================
RHO_OVERRIDE: using rho = 2000.0
EPS_PRI_OVERRIDE: using eps_pri = 0.001
EPS_DUAL_OVERRIDE: using eps_dual = 0.001
ADAPTIVE_RHO_OVERRIDE: adaptive_rho = true

================================================================================
PARSING SYSTEM DATA
================================================================================
Loaded system: ieee2552C_1ph from C:\repos_addendum\MultiPeriodDistOPF\envs\tadmm\..\..\rawData\ieee2552C_1ph\Master.dss

========================================
Initial Powerflow
========================================
Powerflow completed successfully!

[OpenDSS] Total system load: 2129.58 kW
[OpenDSS] Substation power: 2187.53 kW
[OpenDSS] Total PV dispatch: 0.00 kW
[OpenDSS] Total battery dispatch: 0.00 kW
[OpenDSS] Total system losses: 57.95 kW


================================================================================
[35;1mSOLVING MPOPF WITH SOCP (tADMM)[0m
================================================================================
[36;1mUsing fixed rho = 2000.0[0m
  [tADMM hyperparams] mu_balance=5.00 tau_incr=2.00 tau_decr=5.00 update_interval=5 eps_pri=1.0e-03 eps_dual=1.0e-03 rho_init=2000.0 adaptive=true

================================================================================
[36;1m🎯 tADMM[SOCP]: T=48, ρ_init=2000.0, adaptive=true, warm_start=true, |Bset|=250, |Nset|=2522, |Lset|=2521
[0m================================================================================

******************************************************************************
This program contains Ipopt, a library for large-scale nonlinear optimization.
 Ipopt is released as open source code under the Eclipse Public License (EPL).
         For more information visit https://github.com/coin-or/Ipopt
******************************************************************************

k=  1  obj=$4299.55  ‖r‖=1.35e-03  ‖s‖=2.74e-01  ρ=2000.0  sp_max=47.729s  sp_med=31.423s
k=  2  obj=$4299.56  ‖r‖=1.34e-03  ‖s‖=3.21e-01  ρ=2000.0  sp_max=51.777s  sp_med=10.610s
k=  3  obj=$4299.56  ‖r‖=1.34e-03  ‖s‖=3.67e-01  ρ=2000.0  sp_max=35.822s  sp_med=10.785s
k=  4  obj=$4299.56  ‖r‖=1.33e-03  ‖s‖=4.10e-01  ρ=2000.0  sp_max=34.606s  sp_med=9.870s
[33;1m  [PHASE1-UP] ρ: 2000.0 → 4000.0 (‖r‖=1.32e-03 > ε=1.0e-03)
[0mk=  5  obj=$4299.56  ‖r‖=1.32e-03  ‖s‖=4.48e-01  ρ=4000.0  sp_max=26.858s  sp_med=10.337s
k=  6  obj=$4299.55  ‖r‖=1.32e-03  ‖s‖=5.42e-01  ρ=4000.0  sp_max=31.351s  sp_med=11.578s
k=  7  obj=$4299.55  ‖r‖=1.31e-03  ‖s‖=6.44e-01  ρ=4000.0  sp_max=33.595s  sp_med=10.258s
k=  8  obj=$4299.55  ‖r‖=1.30e-03  ‖s‖=7.42e-01  ρ=4000.0  sp_max=14.674s  sp_med=11.374s
k=  9  obj=$4299.55  ‖r‖=1.30e-03  ‖s‖=6.43e-01  ρ=4000.0  sp_max=27.143s  sp_med=10.281s
[33;1m  [PHASE1-UP] ρ: 4000.0 → 8000.0 (‖r‖=1.30e-03 > ε=1.0e-03)
[0mk= 10  obj=$4299.55  ‖r‖=1.30e-03  ‖s‖=6.29e-01  ρ=8000.0  sp_max=13.843s  sp_med=10.678s
      [Progress] 557.3s elapsed, 1 iters/min
k= 11  obj=$4299.56  ‖r‖=1.30e-03  ‖s‖=6.69e-01  ρ=8000.0  sp_max=22.985s  sp_med=11.777s
k= 12  obj=$4299.55  ‖r‖=1.30e-03  ‖s‖=7.31e-01  ρ=8000.0  sp_max=14.074s  sp_med=10.937s
k= 13  obj=$4328.30  ‖r‖=1.28e-03  ‖s‖=7.91e-01  ρ=8000.0  sp_max=19.099s  sp_med=11.010s
k= 14  obj=$4499.90  ‖r‖=1.22e-03  ‖s‖=8.68e-01  ρ=8000.0  sp_max=23.069s  sp_med=11.525s
[33;1m  [PHASE1-UP] ρ: 8000.0 → 16000.0 (‖r‖=1.16e-03 > ε=1.0e-03)
[0mk= 15  obj=$4706.54  ‖r‖=1.16e-03  ‖s‖=9.36e-01  ρ=16000.0  sp_max=24.986s  sp_med=12.533s
k= 16  obj=$4998.01  ‖r‖=1.09e-03  ‖s‖=1.06e+00  ρ=16000.0  sp_max=26.972s  sp_med=13.882s
k= 17  obj=$5400.28  ‖r‖=9.91e-04  ‖s‖=1.25e+00  ρ=16000.0  sp_max=31.697s  sp_med=12.245s
k= 18  obj=$5932.30  ‖r‖=8.70e-04  ‖s‖=1.47e+00  ρ=16000.0  sp_max=37.351s  sp_med=11.819s
k= 19  obj=$6740.81  ‖r‖=6.78e-04  ‖s‖=1.67e+00  ρ=16000.0  sp_max=34.017s  sp_med=12.511s
[32;1m  [k= 20] Phase 1→2: primal converged
[0m[36;1m  [k= 20] ρ 16000.0 → 3200.0 (s/r=3672.3, ‖r‖ converged)
[0mk= 20  obj=$7504.96  ‖r‖=4.90e-04  ‖s‖=1.80e+00  ρ=3200.0  sp_max=22.922s  sp_med=12.009s
      [Progress] 1045.7s elapsed, 1 iters/min
k= 21  obj=$7860.50  ‖r‖=3.90e-04  ‖s‖=1.81e+00  ρ=3200.0  sp_max=29.122s  sp_med=19.360s
k= 22  obj=$7874.49  ‖r‖=3.73e-04  ‖s‖=1.81e+00  ρ=3200.0  sp_max=38.086s  sp_med=15.635s
k= 23  obj=$7871.67  ‖r‖=3.57e-04  ‖s‖=1.77e+00  ρ=3200.0  sp_max=30.600s  sp_med=14.747s
k= 24  obj=$7887.57  ‖r‖=3.38e-04  ‖s‖=1.74e+00  ρ=3200.0  sp_max=21.771s  sp_med=13.284s
[36;1m  [k= 25] ρ 3200.0 → 640.0 (s/r=5884.9, ‖r‖ converged)
[0mk= 25  obj=$7963.23  ‖r‖=2.94e-04  ‖s‖=1.73e+00  ρ=640.0  sp_max=20.633s  sp_med=10.507s
k= 26  obj=$8027.85  ‖r‖=2.64e-04  ‖s‖=1.46e+00  ρ=640.0  sp_max=31.578s  sp_med=14.414s
k= 27  obj=$8066.70  ‖r‖=3.10e-04  ‖s‖=7.87e-01  ρ=640.0  sp_max=23.306s  sp_med=11.884s
k= 28  obj=$8096.81  ‖r‖=3.59e-04  ‖s‖=4.22e-01  ρ=640.0  sp_max=24.565s  sp_med=15.288s
k= 29  obj=$8097.70  ‖r‖=3.69e-04  ‖s‖=2.74e-01  ρ=640.0  sp_max=22.998s  sp_med=11.928s
[36;1m  [k= 30] ρ 640.0 → 128.0 (s/r=509.7, ‖r‖ converged)
[0mk= 30  obj=$8125.77  ‖r‖=3.47e-04  ‖s‖=1.77e-01  ρ=128.0  sp_max=32.214s  sp_med=13.564s
      [Progress] 1610.8s elapsed, 1 iters/min
k= 31  obj=$8151.98  ‖r‖=3.67e-04  ‖s‖=7.98e-02  ρ=128.0  sp_max=28.711s  sp_med=13.410s
k= 32  obj=$8153.77  ‖r‖=2.85e-04  ‖s‖=4.00e-02  ρ=128.0  sp_max=33.656s  sp_med=13.332s
k= 33  obj=$8172.33  ‖r‖=2.03e-04  ‖s‖=2.26e-02  ρ=128.0  sp_max=33.548s  sp_med=14.550s
k= 34  obj=$8172.50  ‖r‖=2.05e-04  ‖s‖=1.42e-02  ρ=128.0  sp_max=33.925s  sp_med=13.079s
[36;1m  [k= 35] ρ 128.0 → 25.6 (s/r=71.5, ‖r‖ converged)
[0mk= 35  obj=$8180.13  ‖r‖=2.10e-04  ‖s‖=1.50e-02  ρ=25.6  sp_max=29.868s  sp_med=12.913s
k= 36  obj=$8201.60  ‖r‖=3.32e-04  ‖s‖=9.40e-03  ρ=25.6  sp_max=37.595s  sp_med=14.966s
k= 37  obj=$8209.39  ‖r‖=3.25e-04  ‖s‖=5.19e-03  ρ=25.6  sp_max=39.135s  sp_med=16.881s
k= 38  obj=$8214.63  ‖r‖=2.93e-04  ‖s‖=2.70e-03  ρ=25.6  sp_max=37.820s  sp_med=13.239s
k= 39  obj=$8211.15  ‖r‖=2.64e-04  ‖s‖=2.85e-03  ρ=25.6  sp_max=39.416s  sp_med=14.723s
[36;1m  [k= 40] ρ 25.6 → 5.1 (s/r=11.6, ‖r‖ converged)
[0mk= 40  obj=$8199.58  ‖r‖=2.45e-04  ‖s‖=2.83e-03  ρ=5.1  sp_max=44.446s  sp_med=16.427s
      [Progress] 2304.2s elapsed, 1 iters/min
k= 41  obj=$8201.94  ‖r‖=2.84e-04  ‖s‖=1.44e-03  ρ=5.1  sp_max=36.768s  sp_med=15.567s
k= 42  obj=$8203.76  ‖r‖=2.72e-04  ‖s‖=6.61e-04  ρ=5.1  sp_max=44.379s  sp_med=18.311s
[32;1m🎉 tADMM converged at iteration 42 (‖r‖=2.72e-04 ≤ 1.00e-03, ‖s‖=6.61e-04 ≤ 1.00e-03)
  Final objective: $8203.76
[0m
================================================================================
[36;1m📊 SOLVER PERFORMANCE ANALYSIS (optimize!() times only)[0m
================================================================================
Iterations:       41
Effective time:   1288.71 seconds
Wall-clock time:  2462.22 seconds
Overhead:         47.7%
================================================================================

--- tADMM RESULT ---
[32;1mObjective: $8203.76
Wall-clock: 2462.22 seconds
Effective:  1288.71 seconds (42 iterations)
[0m
================================================================================
[36;1mVALIDATING tADMM SOLUTION[0m
================================================================================

================================================================================
SOLUTION VALIDATION: tADMM SOCP
================================================================================
✓ All constraints satisfied!
================================================================================
[32;1m✓ Convergence CSV: C:\repos_addendum\MultiPeriodDistOPF\envs\tadmm\processedData\ieee2552C_1ph_T48\convergence_data.csv[0m
[32;1m✓ Subproblem timing CSV: C:\repos_addendum\MultiPeriodDistOPF\envs\tadmm\processedData\ieee2552C_1ph_T48\subproblem_timing_details.csv[0m
[36;1mLoaded BF results from C:\repos_addendum\MultiPeriodDistOPF\envs\tadmm\processedData\ieee2552C_1ph_T48\results_socp_bf.txt[0m
[36;1mNear-optimal at k=31 (878.15s eff): obj=$8151.98, gap=0.293% vs BF, r=3.67e-04, s=7.98e-02[0m
[32;1m✓ Near-optimal summary: C:\repos_addendum\MultiPeriodDistOPF\envs\tadmm\processedData\ieee2552C_1ph_T48\near_optimal_summary.csv[0m
[32;1m✓ Solution saved: C:\repos_addendum\MultiPeriodDistOPF\envs\tadmm\processedData\ieee2552C_1ph_T48\sol_socp_tadmm.jls[0m
[32;1m✓ tADMM results written to C:\repos_addendum\MultiPeriodDistOPF\envs\tadmm\processedData\ieee2552C_1ph_T48\results_socp_tadmm.txt[0m
[32;1m✓ Live log trimmed to last 100 lines: C:\repos_addendum\MultiPeriodDistOPF\envs\tadmm\processedData\ieee2552C_1ph_T48\tadmm_run.log[0m

================================================================================
[35;1mtADMM PIPELINE COMPLETE[0m
================================================================================
