
******************************************************************************
This program contains Ipopt, a library for large-scale nonlinear optimization.
 Ipopt is released as open source code under the Eclipse Public License (EPL).
         For more information visit https://github.com/coin-or/Ipopt
******************************************************************************

This is Ipopt version 3.14.19, running with linear solver MUMPS 5.8.2.

Number of nonzeros in equality constraint Jacobian...:    16761
Number of nonzeros in inequality constraint Jacobian.:     9468
Number of nonzeros in Lagrangian Hessian.............:     5184

Total number of variables............................:     7968
                     variables with only lower bounds:     1536
                variables with lower and upper bounds:        0
                     variables with only upper bounds:        0
Total number of equality constraints.................:     5220
Total number of inequality constraints...............:     4896
        inequality constraints with only lower bounds:        0
   inequality constraints with lower and upper bounds:     3372
        inequality constraints with only upper bounds:     1524

iter    objective    inf_pr   inf_du lg(mu)  ||d||  lg(rg) alpha_du alpha_pr  ls
   0  3.3599966e+01 1.10e+00 1.18e+01  -1.0 0.00e+00    -  0.00e+00 0.00e+00   0
   1  6.1645044e+02 9.17e-01 4.17e+01  -1.0 2.68e+00    -  3.84e-03 1.68e-01f  1
   2  7.1829542e+02 8.49e-01 3.86e+01  -1.0 9.27e-01    -  3.74e-02 7.37e-02f  1
   3  8.5544256e+02 7.88e-01 3.58e+01  -1.0 9.56e-01    -  5.70e-02 7.21e-02f  1
   4  1.9936282e+03 3.42e-01 2.73e+01  -1.0 2.42e+00    -  4.77e-02 5.65e-01f  1
   5  2.1379605e+03 2.76e-01 2.26e+01  -1.0 4.39e-01   2.0 2.00e-01 1.95e-01h  1
   6  2.3983597e+03 1.73e-01 1.48e+01  -1.0 3.67e-01   1.5 9.88e-01 3.73e-01h  1
   7  2.8232399e+03 3.35e-02 7.69e+00  -1.0 4.27e-01    -  7.13e-01 9.42e-01f  1
   8  2.8554523e+03 9.99e-05 4.17e+01  -1.0 2.41e+00    -  2.40e-01 9.90e-01f  1
   9  2.8562221e+03 9.39e-07 1.03e+03  -1.0 1.28e+00    -  8.05e-01 9.91e-01f  1
iter    objective    inf_pr   inf_du lg(mu)  ||d||  lg(rg) alpha_du alpha_pr  ls
  10  2.8562720e+03 2.58e-14 2.68e+05  -1.0 7.55e+00    -  5.19e-01 1.00e+00f  1
  11  2.8564691e+03 1.67e-10 3.35e+06  -1.0 1.45e+01    -  6.18e-01 1.00e+00f  1
  12  2.8567478e+03 1.69e-11 1.44e+06  -1.0 3.90e+01    -  5.71e-01 1.00e+00f  1
  13  2.8573664e+03 1.08e-15 6.00e+05  -1.0 9.00e+01    -  5.91e-01 1.00e+00f  1
  14  2.8583059e+03 3.77e-15 2.50e+05  -1.0 2.20e+02    -  5.83e-01 1.00e+00f  1
  15  2.8590984e+03 5.12e-16 1.03e+05  -1.0 5.27e+02    -  5.89e-01 8.95e-01f  1
  16  2.8596527e+03 1.78e-15 4.37e+04  -1.0 1.26e+03    -  5.75e-01 1.00e+00f  1
  17  2.8598615e+03 5.70e-16 1.75e+04  -1.0 2.89e+03    -  5.98e-01 1.00e+00f  1
  18  2.8599298e+03 5.01e-16 7.04e+03  -1.0 6.68e+03    -  5.98e-01 1.00e+00f  1
  19  2.8599472e+03 3.87e-16 2.73e+03  -1.0 1.41e+04    -  6.13e-01 1.00e+00f  1
iter    objective    inf_pr   inf_du lg(mu)  ||d||  lg(rg) alpha_du alpha_pr  ls
  20  2.8599495e+03 1.78e-15 9.28e+02  -1.0 2.46e+04    -  6.59e-01 1.00e+00f  1
  21  2.8599478e+03 4.44e-16 3.03e+02  -1.0 3.08e+04    -  6.73e-01 1.00e+00f  1
  22  2.8599493e+03 4.06e-16 1.12e+02  -1.0 3.32e+04    -  8.68e-01 1.00e+00h  1
  23  2.8599489e+03 4.20e-16 4.66e-02  -1.0 3.65e+04    -  1.00e+00 1.00e+00h  1
  24  2.8599490e+03 3.89e-16 1.25e-03  -1.0 6.67e+03    -  1.00e+00 1.00e+00h  1
  25  2.8056041e+03 3.71e-16 6.06e+05  -3.8 2.35e+02    -  8.00e-01 8.67e-01f  1
  26  2.7483122e+03 3.89e-16 3.79e+05  -3.8 3.33e+02    -  6.86e-01 8.42e-01f  1
  27  2.7374764e+03 4.01e-16 4.97e+04  -3.8 2.43e+02    -  8.27e-01 7.44e-01h  1
  28  2.7337242e+03 3.83e-16 8.00e+03  -3.8 1.72e+02    -  8.77e-01 9.16e-01h  1
  29  2.7334678e+03 3.54e-16 1.66e-06  -3.8 2.07e+01    -  1.00e+00 1.00e+00h  1
iter    objective    inf_pr   inf_du lg(mu)  ||d||  lg(rg) alpha_du alpha_pr  ls
  30  2.7334780e+03 3.81e-16 4.34e-09  -3.8 1.15e+01    -  1.00e+00 1.00e+00h  1
  31  2.7331152e+03 3.82e-16 6.51e-07  -5.7 5.45e+00    -  1.00e+00 1.00e+00h  1
  32  2.7331152e+03 4.01e-16 1.85e-11  -5.7 6.99e-02    -  1.00e+00 1.00e+00h  1
  33  2.7331107e+03 3.54e-16 9.83e-11  -8.6 6.62e-02    -  1.00e+00 1.00e+00h  1

Number of Iterations....: 33

                                   (scaled)                 (unscaled)
Objective...............:   6.8537050720082402e+02    2.7331107285545304e+03
Dual infeasibility......:   9.8339296172910837e-11    3.9215604200186244e-10
Constraint violation....:   3.5388358909926865e-16    3.5388358909926865e-16
Variable bound violation:   0.0000000000000000e+00    0.0000000000000000e+00
Complementarity.........:   2.8431790820515727e-09    1.1337988971970798e-08
Overall NLP error.......:   2.8431790820515727e-09    1.1337988971970798e-08


Number of objective function evaluations             = 34
Number of objective gradient evaluations             = 34
Number of equality constraint evaluations            = 34
Number of inequality constraint evaluations          = 34
Number of equality constraint Jacobian evaluations   = 34
Number of inequality constraint Jacobian evaluations = 34
Number of Lagrangian Hessian evaluations             = 33
Total seconds in IPOPT                               = 1.071

EXIT: Optimal Solution Found.
