
================================================================================
PARALLELIZATION STATUS
================================================================================
Julia threads:       16
Status:              Using 16 threads
================================================================================
RHO_OVERRIDE: using rho = 2000.0
EPS_PRI_OVERRIDE: using eps_pri = 0.001
EPS_DUAL_OVERRIDE: using eps_dual = 0.001
ADAPTIVE_RHO_OVERRIDE: adaptive_rho = true

================================================================================
PARSING SYSTEM DATA
================================================================================
Loaded system: ieee123C_1ph from C:\repos_addendum\MultiPeriodDistOPF\envs\tadmm\..\..\rawData\ieee123C_1ph\Master.dss

========================================
Initial Powerflow
========================================
Powerflow completed successfully!

[OpenDSS] Total system load: 872.27 kW
[OpenDSS] Substation power: 877.20 kW
[OpenDSS] Total PV dispatch: 0.00 kW
[OpenDSS] Total battery dispatch: 0.00 kW
[OpenDSS] Total system losses: 4.94 kW


================================================================================
[35;1mSOLVING MPOPF WITH SOCP (tADMM)[0m
================================================================================
[36;1mUsing fixed rho = 2000.0[0m
  [tADMM hyperparams] mu_balance=5.00 tau_incr=2.00 tau_decr=2.00 update_interval=5 eps_pri=1.0e-03 eps_dual=1.0e-03 rho_init=2000.0 adaptive=true

================================================================================
[36;1m🎯 tADMM[SOCP]: T=12, ρ_init=2000.0, adaptive=true, warm_start=true, |Bset|=51, |Nset|=128, |Lset|=127
[0m================================================================================

******************************************************************************
This program contains Ipopt, a library for large-scale nonlinear optimization.
 Ipopt is released as open source code under the Eclipse Public License (EPL).
         For more information visit https://github.com/coin-or/Ipopt
******************************************************************************

k=  1  obj=$1316.32  ‖r‖=1.00e-02  ‖s‖=3.08e+00  ρ=2000.0  sp_max=1.302s  sp_med=1.194s
k=  2  obj=$1316.32  ‖r‖=9.87e-03  ‖s‖=3.91e+00  ρ=2000.0  sp_max=0.497s  sp_med=0.442s
k=  3  obj=$1316.32  ‖r‖=9.82e-03  ‖s‖=1.16e+00  ρ=2000.0  sp_max=0.519s  sp_med=0.449s
k=  4  obj=$1382.42  ‖r‖=9.20e-03  ‖s‖=1.34e+00  ρ=2000.0  sp_max=0.721s  sp_med=0.489s
[33;1m  [PHASE1-UP] ρ: 2000.0 → 4000.0 (‖r‖=8.40e-03 > ε=1.0e-03)
[0mk=  5  obj=$1506.85  ‖r‖=8.40e-03  ‖s‖=2.52e+00  ρ=4000.0  sp_max=0.783s  sp_med=0.529s
k=  6  obj=$1756.52  ‖r‖=6.99e-03  ‖s‖=5.64e+00  ρ=4000.0  sp_max=0.862s  sp_med=0.684s
k=  7  obj=$2244.72  ‖r‖=4.48e-03  ‖s‖=7.09e+00  ρ=4000.0  sp_max=0.899s  sp_med=0.777s
k=  8  obj=$2526.32  ‖r‖=2.86e-03  ‖s‖=7.82e+00  ρ=4000.0  sp_max=0.805s  sp_med=0.658s
k=  9  obj=$2661.57  ‖r‖=1.74e-03  ‖s‖=8.20e+00  ρ=4000.0  sp_max=0.692s  sp_med=0.626s
[32;1m  [k= 10] Phase 1→2: primal converged
[0m[36;1m  [k= 10] ρ 4000.0 → 2000.0 (s/r=8259.3, ‖r‖ converged)
[0mk= 10  obj=$2719.90  ‖r‖=8.72e-04  ‖s‖=7.20e+00  ρ=2000.0  sp_max=0.698s  sp_med=0.622s
      [Progress] 20.1s elapsed, 30 iters/min
k= 11  obj=$2752.48  ‖r‖=2.08e-04  ‖s‖=4.19e+00  ρ=2000.0  sp_max=0.740s  sp_med=0.686s
k= 12  obj=$2746.55  ‖r‖=2.12e-04  ‖s‖=2.88e+00  ρ=2000.0  sp_max=0.702s  sp_med=0.516s
k= 13  obj=$2739.97  ‖r‖=1.47e-04  ‖s‖=2.01e+00  ρ=2000.0  sp_max=0.652s  sp_med=0.543s
k= 14  obj=$2735.16  ‖r‖=4.08e-05  ‖s‖=1.21e+00  ρ=2000.0  sp_max=0.700s  sp_med=0.566s
[36;1m  [k= 15] ρ 2000.0 → 1000.0 (s/r=17320.4, ‖r‖ converged)
[0mk= 15  obj=$2733.19  ‖r‖=5.07e-05  ‖s‖=8.79e-01  ρ=1000.0  sp_max=0.797s  sp_med=0.725s
k= 16  obj=$2729.90  ‖r‖=1.09e-04  ‖s‖=5.27e-01  ρ=1000.0  sp_max=0.844s  sp_med=0.721s
k= 17  obj=$2729.15  ‖r‖=1.31e-04  ‖s‖=3.97e-01  ρ=1000.0  sp_max=0.796s  sp_med=0.681s
k= 18  obj=$2731.50  ‖r‖=1.16e-04  ‖s‖=2.69e-01  ρ=1000.0  sp_max=0.751s  sp_med=0.678s
k= 19  obj=$2733.40  ‖r‖=9.26e-05  ‖s‖=1.40e-01  ρ=1000.0  sp_max=0.746s  sp_med=0.635s
[36;1m  [k= 20] ρ 1000.0 → 500.0 (s/r=967.1, ‖r‖ converged)
[0mk= 20  obj=$2733.85  ‖r‖=6.45e-05  ‖s‖=6.24e-02  ρ=500.0  sp_max=0.799s  sp_med=0.738s
      [Progress] 28.3s elapsed, 42 iters/min
k= 21  obj=$2733.66  ‖r‖=4.56e-05  ‖s‖=3.08e-02  ρ=500.0  sp_max=0.767s  sp_med=0.701s
k= 22  obj=$2733.23  ‖r‖=2.92e-05  ‖s‖=1.55e-02  ρ=500.0  sp_max=0.732s  sp_med=0.648s
k= 23  obj=$2733.01  ‖r‖=1.31e-05  ‖s‖=1.17e-02  ρ=500.0  sp_max=0.751s  sp_med=0.674s
k= 24  obj=$2733.01  ‖r‖=8.01e-06  ‖s‖=6.43e-03  ρ=500.0  sp_max=0.822s  sp_med=0.759s
[36;1m  [k= 25] ρ 500.0 → 250.0 (s/r=517.1, ‖r‖ converged)
[0mk= 25  obj=$2733.08  ‖r‖=5.63e-06  ‖s‖=2.91e-03  ρ=250.0  sp_max=0.788s  sp_med=0.763s
k= 26  obj=$2733.14  ‖r‖=4.36e-06  ‖s‖=1.34e-03  ρ=250.0  sp_max=0.722s  sp_med=0.669s
k= 27  obj=$2733.15  ‖r‖=2.65e-06  ‖s‖=7.21e-04  ρ=250.0  sp_max=0.692s  sp_med=0.645s
[32;1m🎉 tADMM converged at iteration 27 (‖r‖=2.65e-06 ≤ 1.00e-03, ‖s‖=7.21e-04 ≤ 1.00e-03)
  Final objective: $2733.15
[0m
================================================================================
[36;1m📊 SOLVER PERFORMANCE ANALYSIS (optimize!() times only)[0m
================================================================================
Iterations:       26
Effective time:   20.58 seconds
Wall-clock time:  34.62 seconds
Overhead:         40.6%
================================================================================

--- tADMM RESULT ---
[32;1mObjective: $2733.15
Wall-clock: 34.62 seconds
Effective:  20.58 seconds (27 iterations)
[0m
================================================================================
[36;1mVALIDATING tADMM SOLUTION[0m
================================================================================

================================================================================
SOLUTION VALIDATION: tADMM SOCP
================================================================================
✓ All constraints satisfied!
================================================================================
[32;1m✓ Convergence CSV: C:\repos_addendum\MultiPeriodDistOPF\envs\tadmm\processedData\ieee123C_1ph_T12\convergence_data.csv[0m
[32;1m✓ Subproblem timing CSV: C:\repos_addendum\MultiPeriodDistOPF\envs\tadmm\processedData\ieee123C_1ph_T12\subproblem_timing_details.csv[0m
[36;1mLoaded BF results from C:\repos_addendum\MultiPeriodDistOPF\envs\tadmm\processedData\ieee123C_1ph_T12\results_socp_bf.txt[0m
[36;1mNear-optimal at k=10 (7.78s eff): obj=$2719.90, gap=0.483% vs BF, r=8.72e-04, s=7.20e+00[0m
[32;1m✓ Near-optimal summary: C:\repos_addendum\MultiPeriodDistOPF\envs\tadmm\processedData\ieee123C_1ph_T12\near_optimal_summary.csv[0m
[32;1m✓ Solution saved: C:\repos_addendum\MultiPeriodDistOPF\envs\tadmm\processedData\ieee123C_1ph_T12\sol_socp_tadmm.jls[0m
[32;1m✓ tADMM results written to C:\repos_addendum\MultiPeriodDistOPF\envs\tadmm\processedData\ieee123C_1ph_T12\results_socp_tadmm.txt[0m
[32;1m✓ Live log trimmed to last 100 lines: C:\repos_addendum\MultiPeriodDistOPF\envs\tadmm\processedData\ieee123C_1ph_T12\tadmm_run.log[0m

================================================================================
[35;1mtADMM PIPELINE COMPLETE[0m
================================================================================
