
================================================================================
PARALLELIZATION STATUS
================================================================================
Julia threads:       16
Status:              Using 16 threads
================================================================================
RHO_OVERRIDE: using rho = 250.0
EPS_PRI_OVERRIDE: using eps_pri = 0.001
EPS_DUAL_OVERRIDE: using eps_dual = 0.001
ADAPTIVE_RHO_OVERRIDE: adaptive_rho = true

================================================================================
PARSING SYSTEM DATA
================================================================================
Loaded system: ieee123C_1ph from C:\repos_addendum\MultiPeriodDistOPF\envs\tadmm\..\..\rawData\ieee123C_1ph\Master.dss

========================================
Initial Powerflow
========================================
Powerflow completed successfully!

[OpenDSS] Total system load: 872.27 kW
[OpenDSS] Substation power: 877.20 kW
[OpenDSS] Total PV dispatch: 0.00 kW
[OpenDSS] Total battery dispatch: 0.00 kW
[OpenDSS] Total system losses: 4.94 kW


================================================================================
[35;1mSOLVING MPOPF WITH SOCP (tADMM)[0m
================================================================================
[36;1mUsing fixed rho = 250.0[0m
  [tADMM hyperparams] mu_balance=5.00 tau_incr=2.00 tau_decr=2.00 update_interval=5 eps_pri=1.0e-03 eps_dual=1.0e-03 rho_init=250.0 adaptive=true

================================================================================
[36;1m🎯 tADMM[SOCP]: T=96, ρ_init=250.0, adaptive=true, warm_start=true, |Bset|=51, |Nset|=128, |Lset|=127
[0m================================================================================

******************************************************************************
This program contains Ipopt, a library for large-scale nonlinear optimization.
 Ipopt is released as open source code under the Eclipse Public License (EPL).
         For more information visit https://github.com/coin-or/Ipopt
******************************************************************************

k=  1  obj=$1322.33  ‖r‖=1.28e-03  ‖s‖=2.30e-02  ρ=250.0  sp_max=5.233s  sp_med=3.752s
k=  2  obj=$1322.33  ‖r‖=1.28e-03  ‖s‖=2.70e-02  ρ=250.0  sp_max=5.441s  sp_med=1.541s
k=  3  obj=$1322.33  ‖r‖=1.27e-03  ‖s‖=3.10e-02  ρ=250.0  sp_max=5.029s  sp_med=1.682s
k=  4  obj=$1322.33  ‖r‖=1.27e-03  ‖s‖=3.45e-02  ρ=250.0  sp_max=4.825s  sp_med=2.901s
[33;1m  [PHASE1-UP] ρ: 250.0 → 500.0 (‖r‖=1.27e-03 > ε=1.0e-03)
[0mk=  5  obj=$1322.33  ‖r‖=1.27e-03  ‖s‖=3.77e-02  ρ=500.0  sp_max=7.352s  sp_med=2.662s
k=  6  obj=$1322.33  ‖r‖=1.26e-03  ‖s‖=4.56e-02  ρ=500.0  sp_max=6.943s  sp_med=2.483s
k=  7  obj=$1322.33  ‖r‖=1.26e-03  ‖s‖=5.42e-02  ρ=500.0  sp_max=7.084s  sp_med=2.282s
k=  8  obj=$1322.33  ‖r‖=1.26e-03  ‖s‖=6.25e-02  ρ=500.0  sp_max=6.502s  sp_med=2.276s
k=  9  obj=$1322.33  ‖r‖=1.26e-03  ‖s‖=7.03e-02  ρ=500.0  sp_max=6.198s  sp_med=2.388s
[33;1m  [PHASE1-UP] ρ: 500.0 → 1000.0 (‖r‖=1.25e-03 > ε=1.0e-03)
[0mk= 10  obj=$1322.33  ‖r‖=1.25e-03  ‖s‖=7.77e-02  ρ=1000.0  sp_max=5.763s  sp_med=2.293s
      [Progress] 179.8s elapsed, 3 iters/min
k= 11  obj=$1322.33  ‖r‖=1.25e-03  ‖s‖=9.26e-02  ρ=1000.0  sp_max=4.812s  sp_med=2.175s
k= 12  obj=$1322.33  ‖r‖=1.25e-03  ‖s‖=1.07e-01  ρ=1000.0  sp_max=4.318s  sp_med=2.226s
k= 13  obj=$1322.33  ‖r‖=1.25e-03  ‖s‖=1.22e-01  ρ=1000.0  sp_max=5.018s  sp_med=2.340s
k= 14  obj=$1322.33  ‖r‖=1.25e-03  ‖s‖=1.36e-01  ρ=1000.0  sp_max=6.046s  sp_med=2.203s
[33;1m  [PHASE1-UP] ρ: 1000.0 → 2000.0 (‖r‖=1.24e-03 > ε=1.0e-03)
[0mk= 15  obj=$1322.33  ‖r‖=1.24e-03  ‖s‖=1.49e-01  ρ=2000.0  sp_max=2.776s  sp_med=2.103s
k= 16  obj=$1322.33  ‖r‖=1.24e-03  ‖s‖=1.75e-01  ρ=2000.0  sp_max=4.921s  sp_med=2.270s
k= 17  obj=$1322.33  ‖r‖=1.24e-03  ‖s‖=2.02e-01  ρ=2000.0  sp_max=4.202s  sp_med=2.269s
k= 18  obj=$1322.33  ‖r‖=1.24e-03  ‖s‖=2.28e-01  ρ=2000.0  sp_max=4.088s  sp_med=1.919s
k= 19  obj=$1322.33  ‖r‖=1.24e-03  ‖s‖=2.54e-01  ρ=2000.0  sp_max=2.475s  sp_med=1.537s
[33;1m  [PHASE1-UP] ρ: 2000.0 → 4000.0 (‖r‖=1.23e-03 > ε=1.0e-03)
[0mk= 20  obj=$1322.33  ‖r‖=1.23e-03  ‖s‖=2.79e-01  ρ=4000.0  sp_max=2.811s  sp_med=1.720s
      [Progress] 320.9s elapsed, 4 iters/min
k= 21  obj=$1322.33  ‖r‖=1.23e-03  ‖s‖=3.14e-01  ρ=4000.0  sp_max=4.391s  sp_med=2.180s
k= 22  obj=$1322.33  ‖r‖=1.23e-03  ‖s‖=3.28e-01  ρ=4000.0  sp_max=4.370s  sp_med=2.192s
k= 23  obj=$1322.33  ‖r‖=1.23e-03  ‖s‖=3.56e-01  ρ=4000.0  sp_max=4.194s  sp_med=2.328s
k= 24  obj=$1322.33  ‖r‖=1.23e-03  ‖s‖=3.83e-01  ρ=4000.0  sp_max=5.212s  sp_med=2.198s
[33;1m  [PHASE1-UP] ρ: 4000.0 → 8000.0 (‖r‖=1.23e-03 > ε=1.0e-03)
[0mk= 25  obj=$1322.33  ‖r‖=1.23e-03  ‖s‖=4.06e-01  ρ=8000.0  sp_max=5.934s  sp_med=2.311s
k= 26  obj=$1322.33  ‖r‖=1.23e-03  ‖s‖=4.56e-01  ρ=8000.0  sp_max=3.808s  sp_med=2.141s
k= 27  obj=$1351.15  ‖r‖=1.20e-03  ‖s‖=5.14e-01  ρ=8000.0  sp_max=7.776s  sp_med=2.304s
k= 28  obj=$1418.15  ‖r‖=1.14e-03  ‖s‖=5.78e-01  ρ=8000.0  sp_max=8.087s  sp_med=2.312s
k= 29  obj=$1484.54  ‖r‖=1.09e-03  ‖s‖=6.32e-01  ρ=8000.0  sp_max=5.901s  sp_med=2.314s
[33;1m  [PHASE1-UP] ρ: 8000.0 → 16000.0 (‖r‖=1.06e-03 > ε=1.0e-03)
[0mk= 30  obj=$1543.24  ‖r‖=1.06e-03  ‖s‖=6.78e-01  ρ=16000.0  sp_max=5.621s  sp_med=2.361s
      [Progress] 491.5s elapsed, 4 iters/min
k= 31  obj=$1650.91  ‖r‖=9.83e-04  ‖s‖=7.66e-01  ρ=16000.0  sp_max=7.354s  sp_med=2.223s
k= 32  obj=$1833.39  ‖r‖=8.74e-04  ‖s‖=8.25e-01  ρ=16000.0  sp_max=7.640s  sp_med=2.555s
k= 33  obj=$2095.63  ‖r‖=7.17e-04  ‖s‖=8.55e-01  ρ=16000.0  sp_max=8.157s  sp_med=3.685s
k= 34  obj=$2332.06  ‖r‖=5.80e-04  ‖s‖=8.72e-01  ρ=16000.0  sp_max=7.215s  sp_med=3.679s
[32;1m  [k= 35] Phase 1→2: primal converged
[0m[36;1m  [k= 35] ρ 16000.0 → 8000.0 (s/r=1803.2, ‖r‖ converged)
[0mk= 35  obj=$2489.33  ‖r‖=4.88e-04  ‖s‖=8.80e-01  ρ=8000.0  sp_max=6.760s  sp_med=3.688s
k= 36  obj=$2610.28  ‖r‖=4.09e-04  ‖s‖=8.84e-01  ρ=8000.0  sp_max=5.451s  sp_med=3.352s
k= 37  obj=$2644.81  ‖r‖=3.83e-04  ‖s‖=8.92e-01  ρ=8000.0  sp_max=4.845s  sp_med=2.826s
k= 38  obj=$2680.74  ‖r‖=3.55e-04  ‖s‖=8.95e-01  ρ=8000.0  sp_max=4.817s  sp_med=2.930s
k= 39  obj=$2724.27  ‖r‖=3.14e-04  ‖s‖=9.01e-01  ρ=8000.0  sp_max=5.402s  sp_med=2.962s
[36;1m  [k= 40] ρ 8000.0 → 4000.0 (s/r=3470.6, ‖r‖ converged)
[0mk= 40  obj=$2786.08  ‖r‖=2.61e-04  ‖s‖=9.06e-01  ρ=4000.0  sp_max=4.468s  sp_med=3.021s
      [Progress] 717.5s elapsed, 3 iters/min
k= 41  obj=$2796.69  ‖r‖=2.52e-04  ‖s‖=9.07e-01  ρ=4000.0  sp_max=5.901s  sp_med=3.006s
k= 42  obj=$2801.60  ‖r‖=2.45e-04  ‖s‖=9.06e-01  ρ=4000.0  sp_max=4.739s  sp_med=3.058s
k= 43  obj=$2806.58  ‖r‖=2.37e-04  ‖s‖=9.03e-01  ρ=4000.0  sp_max=4.172s  sp_med=3.032s
k= 44  obj=$2811.97  ‖r‖=2.28e-04  ‖s‖=9.00e-01  ρ=4000.0  sp_max=7.052s  sp_med=3.128s
[36;1m  [k= 45] ρ 4000.0 → 2000.0 (s/r=4077.2, ‖r‖ converged)
[0mk= 45  obj=$2816.96  ‖r‖=2.20e-04  ‖s‖=8.96e-01  ρ=2000.0  sp_max=4.646s  sp_med=3.334s
k= 46  obj=$2816.73  ‖r‖=2.13e-04  ‖s‖=8.88e-01  ρ=2000.0  sp_max=4.751s  sp_med=3.668s
k= 47  obj=$2816.56  ‖r‖=2.07e-04  ‖s‖=8.81e-01  ρ=2000.0  sp_max=5.266s  sp_med=3.160s
k= 48  obj=$2818.20  ‖r‖=2.02e-04  ‖s‖=8.80e-01  ρ=2000.0  sp_max=4.768s  sp_med=3.045s
k= 49  obj=$2819.60  ‖r‖=1.96e-04  ‖s‖=8.79e-01  ρ=2000.0  sp_max=5.090s  sp_med=3.018s
[36;1m  [k= 50] ρ 2000.0 → 1000.0 (s/r=4677.0, ‖r‖ converged)
[0mk= 50  obj=$2820.67  ‖r‖=1.88e-04  ‖s‖=8.77e-01  ρ=1000.0  sp_max=4.166s  sp_med=2.978s
      [Progress] 923.3s elapsed, 3 iters/min
k= 51  obj=$2815.39  ‖r‖=1.78e-04  ‖s‖=8.72e-01  ρ=1000.0  sp_max=4.585s  sp_med=2.888s
k= 52  obj=$2806.23  ‖r‖=1.75e-04  ‖s‖=8.67e-01  ρ=1000.0  sp_max=4.944s  sp_med=3.553s
k= 53  obj=$2801.71  ‖r‖=1.76e-04  ‖s‖=8.40e-01  ρ=1000.0  sp_max=5.423s  sp_med=3.747s
k= 54  obj=$2797.37  ‖r‖=1.75e-04  ‖s‖=8.06e-01  ρ=1000.0  sp_max=6.721s  sp_med=3.470s
[36;1m  [k= 55] ρ 1000.0 → 500.0 (s/r=4471.9, ‖r‖ converged)
[0mk= 55  obj=$2794.17  ‖r‖=1.70e-04  ‖s‖=7.62e-01  ρ=500.0  sp_max=4.806s  sp_med=3.237s
k= 56  obj=$2790.15  ‖r‖=1.73e-04  ‖s‖=6.87e-01  ρ=500.0  sp_max=6.215s  sp_med=3.691s
k= 57  obj=$2792.74  ‖r‖=1.79e-04  ‖s‖=5.70e-01  ρ=500.0  sp_max=5.929s  sp_med=3.978s
k= 58  obj=$2797.86  ‖r‖=1.87e-04  ‖s‖=4.43e-01  ρ=500.0  sp_max=4.486s  sp_med=2.848s
k= 59  obj=$2804.27  ‖r‖=1.86e-04  ‖s‖=3.50e-01  ρ=500.0  sp_max=3.734s  sp_med=2.520s
[36;1m  [k= 60] ρ 500.0 → 250.0 (s/r=1476.1, ‖r‖ converged)
[0mk= 60  obj=$2807.38  ‖r‖=1.87e-04  ‖s‖=2.76e-01  ρ=250.0  sp_max=4.053s  sp_med=2.572s
      [Progress] 1138.5s elapsed, 3 iters/min
k= 61  obj=$2813.16  ‖r‖=1.92e-04  ‖s‖=2.13e-01  ρ=250.0  sp_max=4.061s  sp_med=2.579s
k= 62  obj=$2817.41  ‖r‖=1.98e-04  ‖s‖=1.62e-01  ρ=250.0  sp_max=4.463s  sp_med=2.357s
k= 63  obj=$2831.44  ‖r‖=1.96e-04  ‖s‖=1.28e-01  ρ=250.0  sp_max=3.718s  sp_med=2.292s
k= 64  obj=$2842.44  ‖r‖=1.92e-04  ‖s‖=1.01e-01  ρ=250.0  sp_max=4.694s  sp_med=2.478s
[36;1m  [k= 65] ρ 250.0 → 125.0 (s/r=433.8, ‖r‖ converged)
[0mk= 65  obj=$2853.35  ‖r‖=1.83e-04  ‖s‖=7.93e-02  ρ=125.0  sp_max=5.370s  sp_med=2.990s
k= 66  obj=$2867.44  ‖r‖=1.81e-04  ‖s‖=5.80e-02  ρ=125.0  sp_max=5.234s  sp_med=2.847s
k= 67  obj=$2872.75  ‖r‖=1.82e-04  ‖s‖=3.79e-02  ρ=125.0  sp_max=5.706s  sp_med=2.860s
k= 68  obj=$2874.28  ‖r‖=1.70e-04  ‖s‖=2.54e-02  ρ=125.0  sp_max=4.296s  sp_med=2.847s
k= 69  obj=$2871.15  ‖r‖=1.46e-04  ‖s‖=2.16e-02  ρ=125.0  sp_max=4.748s  sp_med=2.911s
[36;1m  [k= 70] ρ 125.0 → 62.5 (s/r=177.3, ‖r‖ converged)
[0mk= 70  obj=$2866.63  ‖r‖=1.31e-04  ‖s‖=2.33e-02  ρ=62.5  sp_max=4.710s  sp_med=2.952s
      [Progress] 1324.2s elapsed, 3 iters/min
k= 71  obj=$2862.98  ‖r‖=1.43e-04  ‖s‖=2.07e-02  ρ=62.5  sp_max=4.740s  sp_med=2.926s
k= 72  obj=$2862.97  ‖r‖=1.29e-04  ‖s‖=1.70e-02  ρ=62.5  sp_max=4.730s  sp_med=2.891s
k= 73  obj=$2861.86  ‖r‖=1.34e-04  ‖s‖=1.32e-02  ρ=62.5  sp_max=4.402s  sp_med=2.870s
k= 74  obj=$2855.59  ‖r‖=1.19e-04  ‖s‖=1.06e-02  ρ=62.5  sp_max=4.795s  sp_med=3.092s
[36;1m  [k= 75] ρ 62.5 → 31.2 (s/r=83.9, ‖r‖ converged)
[0mk= 75  obj=$2848.51  ‖r‖=1.11e-04  ‖s‖=9.33e-03  ρ=31.2  sp_max=4.959s  sp_med=3.115s
k= 76  obj=$2843.01  ‖r‖=1.13e-04  ‖s‖=7.53e-03  ρ=31.2  sp_max=4.806s  sp_med=3.049s
k= 77  obj=$2840.88  ‖r‖=1.30e-04  ‖s‖=5.98e-03  ρ=31.2  sp_max=4.880s  sp_med=3.095s
k= 78  obj=$2841.25  ‖r‖=1.33e-04  ‖s‖=4.58e-03  ρ=31.2  sp_max=4.621s  sp_med=2.949s
k= 79  obj=$2843.52  ‖r‖=1.29e-04  ‖s‖=3.61e-03  ρ=31.2  sp_max=4.499s  sp_med=2.955s
[36;1m  [k= 80] ρ 31.2 → 15.6 (s/r=28.5, ‖r‖ converged)
[0mk= 80  obj=$2845.74  ‖r‖=1.23e-04  ‖s‖=3.50e-03  ρ=15.6  sp_max=4.902s  sp_med=3.216s
      [Progress] 1524.5s elapsed, 3 iters/min
k= 81  obj=$2848.74  ‖r‖=1.21e-04  ‖s‖=3.23e-03  ρ=15.6  sp_max=4.517s  sp_med=3.142s
k= 82  obj=$2850.33  ‖r‖=1.18e-04  ‖s‖=2.88e-03  ρ=15.6  sp_max=4.720s  sp_med=3.035s
k= 83  obj=$2851.11  ‖r‖=1.18e-04  ‖s‖=2.53e-03  ρ=15.6  sp_max=4.477s  sp_med=2.984s
k= 84  obj=$2851.67  ‖r‖=1.19e-04  ‖s‖=2.14e-03  ρ=15.6  sp_max=5.612s  sp_med=2.858s
[36;1m  [k= 85] ρ 15.6 → 7.8 (s/r=14.5, ‖r‖ converged)
[0mk= 85  obj=$2851.81  ‖r‖=1.20e-04  ‖s‖=1.74e-03  ρ=7.8  sp_max=4.815s  sp_med=3.056s
k= 86  obj=$2851.81  ‖r‖=1.26e-04  ‖s‖=1.42e-03  ρ=7.8  sp_max=4.658s  sp_med=3.003s
k= 87  obj=$2851.21  ‖r‖=1.27e-04  ‖s‖=1.07e-03  ρ=7.8  sp_max=4.313s  sp_med=3.030s
k= 88  obj=$2848.59  ‖r‖=1.24e-04  ‖s‖=8.44e-04  ρ=7.8  sp_max=5.335s  sp_med=3.193s
[32;1m🎉 tADMM converged at iteration 88 (‖r‖=1.24e-04 ≤ 1.00e-03, ‖s‖=8.44e-04 ≤ 1.00e-03)
  Final objective: $2848.59
[0m
================================================================================
[36;1m📊 SOLVER PERFORMANCE ANALYSIS (optimize!() times only)[0m
================================================================================
Iterations:       87
Effective time:   453.47 seconds
Wall-clock time:  1686.37 seconds
Overhead:         73.1%
================================================================================

--- tADMM RESULT ---
[32;1mObjective: $2848.59
Wall-clock: 1686.37 seconds
Effective:  453.47 seconds (88 iterations)
[0m
================================================================================
[36;1mVALIDATING tADMM SOLUTION[0m
================================================================================

================================================================================
SOLUTION VALIDATION: tADMM SOCP
================================================================================
✓ All constraints satisfied!
================================================================================
[32;1m✓ Convergence CSV: C:\repos_addendum\MultiPeriodDistOPF\envs\tadmm\processedData\ieee123C_1ph_T96\convergence_data.csv[0m
[32;1m✓ Subproblem timing CSV: C:\repos_addendum\MultiPeriodDistOPF\envs\tadmm\processedData\ieee123C_1ph_T96\subproblem_timing_details.csv[0m
[36;1mLoaded BF results from C:\repos_addendum\MultiPeriodDistOPF\envs\tadmm\processedData\ieee123C_1ph_T96\results_socp_bf.txt[0m
[36;1mNear-optimal at k=41 (225.14s eff): obj=$2796.69, gap=0.358% vs BF, r=2.52e-04, s=9.07e-01[0m
[32;1m✓ Near-optimal summary: C:\repos_addendum\MultiPeriodDistOPF\envs\tadmm\processedData\ieee123C_1ph_T96\near_optimal_summary.csv[0m
[32;1m✓ Solution saved: C:\repos_addendum\MultiPeriodDistOPF\envs\tadmm\processedData\ieee123C_1ph_T96\sol_socp_tadmm.jls[0m
[32;1m✓ tADMM results written to C:\repos_addendum\MultiPeriodDistOPF\envs\tadmm\processedData\ieee123C_1ph_T96\results_socp_tadmm.txt[0m
[32;1m✓ Live log trimmed to last 100 lines: C:\repos_addendum\MultiPeriodDistOPF\envs\tadmm\processedData\ieee123C_1ph_T96\tadmm_run.log[0m

================================================================================
[35;1mtADMM PIPELINE COMPLETE[0m
================================================================================
