
================================================================================
PARALLELIZATION STATUS
================================================================================
Julia threads:       16
Status:              Using 16 threads
================================================================================
RHO_OVERRIDE: using rho = 100.0
EPS_PRI_OVERRIDE: using eps_pri = 0.001
EPS_DUAL_OVERRIDE: using eps_dual = 0.001
ADAPTIVE_RHO_OVERRIDE: adaptive_rho = true

================================================================================
PARSING SYSTEM DATA
================================================================================
Loaded system: ieee123C_1ph from C:\repos_addendum\MultiPeriodDistOPF\envs\tadmm\..\..\rawData\ieee123C_1ph\Master.dss

========================================
Initial Powerflow
========================================
Powerflow completed successfully!

[OpenDSS] Total system load: 872.27 kW
[OpenDSS] Substation power: 877.20 kW
[OpenDSS] Total PV dispatch: 0.00 kW
[OpenDSS] Total battery dispatch: 0.00 kW
[OpenDSS] Total system losses: 4.94 kW


================================================================================
[35;1mSOLVING MPOPF WITH SOCP (tADMM)[0m
================================================================================
[36;1mUsing fixed rho = 100.0[0m
  [tADMM hyperparams] mu_balance=5.00 tau_incr=2.00 tau_decr=2.00 update_interval=5 eps_pri=1.0e-03 eps_dual=1.0e-03 rho_init=100.0 adaptive=true

================================================================================
[36;1m🎯 tADMM[SOCP]: T=96, ρ_init=100.0, adaptive=true, warm_start=true, |Bset|=51, |Nset|=128, |Lset|=127
[0m================================================================================

******************************************************************************
This program contains Ipopt, a library for large-scale nonlinear optimization.
 Ipopt is released as open source code under the Eclipse Public License (EPL).
         For more information visit https://github.com/coin-or/Ipopt
******************************************************************************

k=  1  obj=$1322.33  ‖r‖=1.28e-03  ‖s‖=9.22e-03  ρ=100.0  sp_max=7.349s  sp_med=3.466s
k=  2  obj=$1322.33  ‖r‖=1.28e-03  ‖s‖=1.08e-02  ρ=100.0  sp_max=3.300s  sp_med=1.466s
k=  3  obj=$1322.33  ‖r‖=1.27e-03  ‖s‖=1.24e-02  ρ=100.0  sp_max=3.612s  sp_med=1.642s
k=  4  obj=$1322.33  ‖r‖=1.27e-03  ‖s‖=1.38e-02  ρ=100.0  sp_max=2.573s  sp_med=1.458s
[33;1m  [PHASE1-UP] ρ: 100.0 → 200.0 (‖r‖=1.27e-03 > ε=1.0e-03)
[0mk=  5  obj=$1322.33  ‖r‖=1.27e-03  ‖s‖=1.51e-02  ρ=200.0  sp_max=5.077s  sp_med=1.518s
k=  6  obj=$1322.33  ‖r‖=1.26e-03  ‖s‖=1.83e-02  ρ=200.0  sp_max=3.364s  sp_med=1.513s
k=  7  obj=$1322.33  ‖r‖=1.26e-03  ‖s‖=2.17e-02  ρ=200.0  sp_max=4.381s  sp_med=1.528s
k=  8  obj=$1322.33  ‖r‖=1.26e-03  ‖s‖=2.50e-02  ρ=200.0  sp_max=5.072s  sp_med=1.526s
k=  9  obj=$1322.33  ‖r‖=1.26e-03  ‖s‖=2.81e-02  ρ=200.0  sp_max=4.863s  sp_med=1.713s
[33;1m  [PHASE1-UP] ρ: 200.0 → 400.0 (‖r‖=1.25e-03 > ε=1.0e-03)
[0mk= 10  obj=$1322.33  ‖r‖=1.25e-03  ‖s‖=3.11e-02  ρ=400.0  sp_max=9.887s  sp_med=3.653s
      [Progress] 145.3s elapsed, 4 iters/min
k= 11  obj=$1322.33  ‖r‖=1.25e-03  ‖s‖=3.70e-02  ρ=400.0  sp_max=9.539s  sp_med=3.802s
k= 12  obj=$1322.33  ‖r‖=1.25e-03  ‖s‖=4.30e-02  ρ=400.0  sp_max=5.242s  sp_med=2.825s
k= 13  obj=$1322.33  ‖r‖=1.25e-03  ‖s‖=4.87e-02  ρ=400.0  sp_max=4.390s  sp_med=2.670s
k= 14  obj=$1322.33  ‖r‖=1.25e-03  ‖s‖=5.42e-02  ρ=400.0  sp_max=7.497s  sp_med=2.319s
[33;1m  [PHASE1-UP] ρ: 400.0 → 800.0 (‖r‖=1.24e-03 > ε=1.0e-03)
[0mk= 15  obj=$1322.33  ‖r‖=1.24e-03  ‖s‖=5.95e-02  ρ=800.0  sp_max=3.985s  sp_med=2.442s
k= 16  obj=$1322.33  ‖r‖=1.24e-03  ‖s‖=7.01e-02  ρ=800.0  sp_max=3.729s  sp_med=2.267s
k= 17  obj=$1322.33  ‖r‖=1.24e-03  ‖s‖=8.08e-02  ρ=800.0  sp_max=4.512s  sp_med=2.544s
k= 18  obj=$1322.33  ‖r‖=1.24e-03  ‖s‖=9.13e-02  ρ=800.0  sp_max=4.870s  sp_med=2.958s
k= 19  obj=$1322.33  ‖r‖=1.24e-03  ‖s‖=1.02e-01  ρ=800.0  sp_max=4.210s  sp_med=2.405s
[33;1m  [PHASE1-UP] ρ: 800.0 → 1600.0 (‖r‖=1.23e-03 > ε=1.0e-03)
[0mk= 20  obj=$1322.33  ‖r‖=1.23e-03  ‖s‖=1.12e-01  ρ=1600.0  sp_max=4.052s  sp_med=2.333s
      [Progress] 326.2s elapsed, 4 iters/min
k= 21  obj=$1322.33  ‖r‖=1.23e-03  ‖s‖=1.26e-01  ρ=1600.0  sp_max=4.577s  sp_med=2.145s
k= 22  obj=$1322.33  ‖r‖=1.23e-03  ‖s‖=1.31e-01  ρ=1600.0  sp_max=4.791s  sp_med=2.234s
k= 23  obj=$1322.33  ‖r‖=1.23e-03  ‖s‖=1.42e-01  ρ=1600.0  sp_max=4.207s  sp_med=2.054s
k= 24  obj=$1322.33  ‖r‖=1.23e-03  ‖s‖=1.53e-01  ρ=1600.0  sp_max=3.928s  sp_med=1.598s
[33;1m  [PHASE1-UP] ρ: 1600.0 → 3200.0 (‖r‖=1.23e-03 > ε=1.0e-03)
[0mk= 25  obj=$1322.33  ‖r‖=1.23e-03  ‖s‖=1.63e-01  ρ=3200.0  sp_max=5.115s  sp_med=1.560s
k= 26  obj=$1322.33  ‖r‖=1.23e-03  ‖s‖=1.82e-01  ρ=3200.0  sp_max=2.858s  sp_med=1.594s
k= 27  obj=$1322.33  ‖r‖=1.23e-03  ‖s‖=2.03e-01  ρ=3200.0  sp_max=3.078s  sp_med=1.511s
k= 28  obj=$1322.33  ‖r‖=1.23e-03  ‖s‖=2.22e-01  ρ=3200.0  sp_max=3.255s  sp_med=1.612s
k= 29  obj=$1322.33  ‖r‖=1.23e-03  ‖s‖=2.40e-01  ρ=3200.0  sp_max=3.345s  sp_med=1.491s
[33;1m  [PHASE1-UP] ρ: 3200.0 → 6400.0 (‖r‖=1.23e-03 > ε=1.0e-03)
[0mk= 30  obj=$1322.33  ‖r‖=1.23e-03  ‖s‖=2.57e-01  ρ=6400.0  sp_max=3.662s  sp_med=1.565s
      [Progress] 449.1s elapsed, 4 iters/min
k= 31  obj=$1322.33  ‖r‖=1.23e-03  ‖s‖=2.90e-01  ρ=6400.0  sp_max=4.097s  sp_med=1.595s
k= 32  obj=$1322.33  ‖r‖=1.23e-03  ‖s‖=3.23e-01  ρ=6400.0  sp_max=4.519s  sp_med=1.508s
k= 33  obj=$1331.23  ‖r‖=1.21e-03  ‖s‖=3.58e-01  ρ=6400.0  sp_max=3.854s  sp_med=1.595s
k= 34  obj=$1374.46  ‖r‖=1.18e-03  ‖s‖=4.00e-01  ρ=6400.0  sp_max=5.132s  sp_med=1.615s
[33;1m  [PHASE1-UP] ρ: 6400.0 → 12800.0 (‖r‖=1.14e-03 > ε=1.0e-03)
[0mk= 35  obj=$1425.86  ‖r‖=1.14e-03  ‖s‖=4.40e-01  ρ=12800.0  sp_max=4.421s  sp_med=1.534s
k= 36  obj=$1499.52  ‖r‖=1.08e-03  ‖s‖=5.13e-01  ρ=12800.0  sp_max=4.090s  sp_med=1.390s
k= 37  obj=$1601.77  ‖r‖=1.01e-03  ‖s‖=5.84e-01  ρ=12800.0  sp_max=4.952s  sp_med=1.447s
k= 38  obj=$1728.13  ‖r‖=9.39e-04  ‖s‖=6.44e-01  ρ=12800.0  sp_max=4.102s  sp_med=1.454s
k= 39  obj=$1897.68  ‖r‖=8.42e-04  ‖s‖=7.09e-01  ρ=12800.0  sp_max=4.314s  sp_med=1.644s
[32;1m  [k= 40] Phase 1→2: primal converged
[0m[36;1m  [k= 40] ρ 12800.0 → 6400.0 (s/r=1068.6, ‖r‖ converged)
[0mk= 40  obj=$2132.42  ‖r‖=7.05e-04  ‖s‖=7.53e-01  ρ=6400.0  sp_max=4.985s  sp_med=2.403s
      [Progress] 586.7s elapsed, 4 iters/min
k= 41  obj=$2262.62  ‖r‖=6.41e-04  ‖s‖=7.71e-01  ρ=6400.0  sp_max=3.790s  sp_med=1.784s
k= 42  obj=$2368.47  ‖r‖=5.71e-04  ‖s‖=7.90e-01  ρ=6400.0  sp_max=3.998s  sp_med=1.894s
k= 43  obj=$2433.32  ‖r‖=5.36e-04  ‖s‖=8.05e-01  ρ=6400.0  sp_max=3.718s  sp_med=1.739s
k= 44  obj=$2480.18  ‖r‖=5.03e-04  ‖s‖=8.21e-01  ρ=6400.0  sp_max=4.078s  sp_med=1.758s
[36;1m  [k= 45] ρ 6400.0 → 3200.0 (s/r=1813.4, ‖r‖ converged)
[0mk= 45  obj=$2538.88  ‖r‖=4.60e-04  ‖s‖=8.34e-01  ρ=3200.0  sp_max=4.250s  sp_med=1.872s
k= 46  obj=$2605.06  ‖r‖=4.15e-04  ‖s‖=8.37e-01  ρ=3200.0  sp_max=3.585s  sp_med=1.937s
k= 47  obj=$2615.77  ‖r‖=4.06e-04  ‖s‖=8.43e-01  ρ=3200.0  sp_max=3.874s  sp_med=2.039s
k= 48  obj=$2626.52  ‖r‖=3.96e-04  ‖s‖=8.45e-01  ρ=3200.0  sp_max=3.401s  sp_med=1.978s
k= 49  obj=$2635.02  ‖r‖=3.87e-04  ‖s‖=8.43e-01  ρ=3200.0  sp_max=3.562s  sp_med=2.050s
[36;1m  [k= 50] ρ 3200.0 → 1600.0 (s/r=2224.1, ‖r‖ converged)
[0mk= 50  obj=$2644.52  ‖r‖=3.78e-04  ‖s‖=8.40e-01  ρ=1600.0  sp_max=3.336s  sp_med=1.898s
      [Progress] 722.2s elapsed, 4 iters/min
k= 51  obj=$2648.40  ‖r‖=3.71e-04  ‖s‖=8.34e-01  ρ=1600.0  sp_max=5.586s  sp_med=2.075s
k= 52  obj=$2654.36  ‖r‖=3.63e-04  ‖s‖=8.30e-01  ρ=1600.0  sp_max=3.490s  sp_med=2.030s
k= 53  obj=$2659.28  ‖r‖=3.52e-04  ‖s‖=8.27e-01  ρ=1600.0  sp_max=3.630s  sp_med=2.031s
k= 54  obj=$2662.89  ‖r‖=3.46e-04  ‖s‖=8.25e-01  ρ=1600.0  sp_max=3.390s  sp_med=1.876s
[36;1m  [k= 55] ρ 1600.0 → 800.0 (s/r=2421.1, ‖r‖ converged)
[0mk= 55  obj=$2666.27  ‖r‖=3.40e-04  ‖s‖=8.22e-01  ρ=800.0  sp_max=2.866s  sp_med=2.059s
k= 56  obj=$2664.10  ‖r‖=3.33e-04  ‖s‖=8.18e-01  ρ=800.0  sp_max=3.448s  sp_med=2.083s
k= 57  obj=$2662.67  ‖r‖=3.28e-04  ‖s‖=7.99e-01  ρ=800.0  sp_max=3.493s  sp_med=2.175s
k= 58  obj=$2660.19  ‖r‖=3.24e-04  ‖s‖=7.61e-01  ρ=800.0  sp_max=3.413s  sp_med=2.396s
k= 59  obj=$2657.25  ‖r‖=3.22e-04  ‖s‖=7.10e-01  ρ=800.0  sp_max=4.153s  sp_med=2.306s
[36;1m  [k= 60] ρ 800.0 → 400.0 (s/r=2062.2, ‖r‖ converged)
[0mk= 60  obj=$2660.11  ‖r‖=3.18e-04  ‖s‖=6.55e-01  ρ=400.0  sp_max=6.654s  sp_med=3.341s
      [Progress] 871.8s elapsed, 4 iters/min
k= 61  obj=$2666.01  ‖r‖=3.13e-04  ‖s‖=5.42e-01  ρ=400.0  sp_max=5.866s  sp_med=3.108s
k= 62  obj=$2674.55  ‖r‖=3.14e-04  ‖s‖=4.17e-01  ρ=400.0  sp_max=4.912s  sp_med=3.192s
k= 63  obj=$2685.35  ‖r‖=3.12e-04  ‖s‖=3.23e-01  ρ=400.0  sp_max=5.072s  sp_med=3.064s
k= 64  obj=$2692.61  ‖r‖=3.05e-04  ‖s‖=2.46e-01  ρ=400.0  sp_max=4.732s  sp_med=3.029s
[36;1m  [k= 65] ρ 400.0 → 200.0 (s/r=667.5, ‖r‖ converged)
[0mk= 65  obj=$2696.81  ‖r‖=3.03e-04  ‖s‖=2.02e-01  ρ=200.0  sp_max=4.154s  sp_med=2.835s
k= 66  obj=$2703.15  ‖r‖=3.15e-04  ‖s‖=1.59e-01  ρ=200.0  sp_max=5.021s  sp_med=2.697s
k= 67  obj=$2715.10  ‖r‖=3.22e-04  ‖s‖=1.22e-01  ρ=200.0  sp_max=4.225s  sp_med=2.826s
k= 68  obj=$2728.39  ‖r‖=3.19e-04  ‖s‖=9.20e-02  ρ=200.0  sp_max=5.448s  sp_med=2.680s
k= 69  obj=$2742.78  ‖r‖=3.15e-04  ‖s‖=6.97e-02  ρ=200.0  sp_max=4.031s  sp_med=2.814s
[36;1m  [k= 70] ρ 200.0 → 100.0 (s/r=180.0, ‖r‖ converged)
[0mk= 70  obj=$2750.66  ‖r‖=3.07e-04  ‖s‖=5.53e-02  ρ=100.0  sp_max=4.361s  sp_med=2.692s
      [Progress] 1065.6s elapsed, 4 iters/min
k= 71  obj=$2756.59  ‖r‖=2.94e-04  ‖s‖=4.12e-02  ρ=100.0  sp_max=3.911s  sp_med=2.846s
k= 72  obj=$2761.76  ‖r‖=2.71e-04  ‖s‖=3.19e-02  ρ=100.0  sp_max=4.674s  sp_med=2.784s
k= 73  obj=$2765.80  ‖r‖=2.59e-04  ‖s‖=2.70e-02  ρ=100.0  sp_max=4.572s  sp_med=2.774s
k= 74  obj=$2766.80  ‖r‖=2.60e-04  ‖s‖=2.44e-02  ρ=100.0  sp_max=4.780s  sp_med=2.792s
[36;1m  [k= 75] ρ 100.0 → 50.0 (s/r=88.7, ‖r‖ converged)
[0mk= 75  obj=$2763.41  ‖r‖=2.58e-04  ‖s‖=2.29e-02  ρ=50.0  sp_max=5.666s  sp_med=2.915s
k= 76  obj=$2760.85  ‖r‖=2.51e-04  ‖s‖=1.93e-02  ρ=50.0  sp_max=4.350s  sp_med=2.806s
k= 77  obj=$2755.99  ‖r‖=2.49e-04  ‖s‖=1.50e-02  ρ=50.0  sp_max=4.945s  sp_med=2.694s
k= 78  obj=$2749.62  ‖r‖=2.39e-04  ‖s‖=1.15e-02  ρ=50.0  sp_max=4.000s  sp_med=2.707s
k= 79  obj=$2744.19  ‖r‖=2.40e-04  ‖s‖=9.55e-03  ρ=50.0  sp_max=4.054s  sp_med=2.759s
[36;1m  [k= 80] ρ 50.0 → 25.0 (s/r=36.1, ‖r‖ converged)
[0mk= 80  obj=$2740.17  ‖r‖=2.41e-04  ‖s‖=8.71e-03  ρ=25.0  sp_max=3.749s  sp_med=2.683s
      [Progress] 1249.5s elapsed, 4 iters/min
k= 81  obj=$2736.64  ‖r‖=2.42e-04  ‖s‖=7.15e-03  ρ=25.0  sp_max=4.124s  sp_med=2.923s
k= 82  obj=$2736.63  ‖r‖=2.30e-04  ‖s‖=5.31e-03  ρ=25.0  sp_max=3.917s  sp_med=2.655s
k= 83  obj=$2738.85  ‖r‖=2.32e-04  ‖s‖=4.54e-03  ρ=25.0  sp_max=4.128s  sp_med=2.670s
k= 84  obj=$2741.74  ‖r‖=2.38e-04  ‖s‖=3.82e-03  ρ=25.0  sp_max=4.395s  sp_med=3.013s
[36;1m  [k= 85] ρ 25.0 → 12.5 (s/r=11.9, ‖r‖ converged)
[0mk= 85  obj=$2744.64  ‖r‖=2.46e-04  ‖s‖=2.92e-03  ρ=12.5  sp_max=4.401s  sp_med=2.764s
k= 86  obj=$2746.47  ‖r‖=2.60e-04  ‖s‖=2.10e-03  ρ=12.5  sp_max=4.435s  sp_med=2.305s
k= 87  obj=$2747.25  ‖r‖=2.67e-04  ‖s‖=1.29e-03  ρ=12.5  sp_max=3.416s  sp_med=2.069s
k= 88  obj=$2747.53  ‖r‖=2.64e-04  ‖s‖=9.27e-04  ρ=12.5  sp_max=3.044s  sp_med=1.961s
[32;1m🎉 tADMM converged at iteration 88 (‖r‖=2.64e-04 ≤ 1.00e-03, ‖s‖=9.27e-04 ≤ 1.00e-03)
  Final objective: $2747.53
[0m
================================================================================
[36;1m📊 SOLVER PERFORMANCE ANALYSIS (optimize!() times only)[0m
================================================================================
Iterations:       87
Effective time:   386.88 seconds
Wall-clock time:  1386.23 seconds
Overhead:         72.1%
================================================================================

--- tADMM RESULT ---
[32;1mObjective: $2747.53
Wall-clock: 1386.23 seconds
Effective:  386.88 seconds (88 iterations)
[0m
================================================================================
[36;1mVALIDATING tADMM SOLUTION[0m
================================================================================

================================================================================
SOLUTION VALIDATION: tADMM SOCP
================================================================================
✓ All constraints satisfied!
================================================================================
[32;1m✓ Convergence CSV: C:\repos_addendum\MultiPeriodDistOPF\envs\tadmm\processedData\ieee123C_1ph_T96\convergence_data.csv[0m
[32;1m✓ Subproblem timing CSV: C:\repos_addendum\MultiPeriodDistOPF\envs\tadmm\processedData\ieee123C_1ph_T96\subproblem_timing_details.csv[0m
[36;1mLoaded BF results from C:\repos_addendum\MultiPeriodDistOPF\envs\tadmm\processedData\ieee123C_1ph_T96\results_socp_bf.txt[0m
[32;1m✓ Near-optimal summary: C:\repos_addendum\MultiPeriodDistOPF\envs\tadmm\processedData\ieee123C_1ph_T96\near_optimal_summary.csv[0m
[32;1m✓ Solution saved: C:\repos_addendum\MultiPeriodDistOPF\envs\tadmm\processedData\ieee123C_1ph_T96\sol_socp_tadmm.jls[0m
[32;1m✓ tADMM results written to C:\repos_addendum\MultiPeriodDistOPF\envs\tadmm\processedData\ieee123C_1ph_T96\results_socp_tadmm.txt[0m
[32;1m✓ Live log trimmed to last 100 lines: C:\repos_addendum\MultiPeriodDistOPF\envs\tadmm\processedData\ieee123C_1ph_T96\tadmm_run.log[0m

================================================================================
[35;1mtADMM PIPELINE COMPLETE[0m
================================================================================
