
================================================================================
PARALLELIZATION STATUS
================================================================================
Julia threads:       16
Status:              Using 16 threads
================================================================================
RHO_OVERRIDE: using rho = 16000.0
EPS_PRI_OVERRIDE: using eps_pri = 0.0001
EPS_DUAL_OVERRIDE: using eps_dual = 0.001
ADAPTIVE_RHO_OVERRIDE: adaptive_rho = true

================================================================================
PARSING SYSTEM DATA
================================================================================
Loaded system: ieee123C_1ph from C:\repos_addendum\MultiPeriodDistOPF\envs\tadmm\..\..\rawData\ieee123C_1ph\Master.dss

========================================
Initial Powerflow
========================================
Powerflow completed successfully!

[OpenDSS] Total system load: 872.27 kW
[OpenDSS] Substation power: 877.20 kW
[OpenDSS] Total PV dispatch: 0.00 kW
[OpenDSS] Total battery dispatch: 0.00 kW
[OpenDSS] Total system losses: 4.94 kW


================================================================================
[35;1mSOLVING MPOPF WITH SOCP (tADMM)[0m
================================================================================
[36;1mUsing fixed rho = 16000.0[0m
  [tADMM hyperparams] mu_balance=5.00 tau_incr=2.00 tau_decr=2.00 update_interval=5 eps_pri=1.0e-04 eps_dual=1.0e-03 rho_init=16000.0 adaptive=true

================================================================================
[36;1m🎯 tADMM[SOCP]: T=24, ρ_init=16000.0, adaptive=true, warm_start=true, |Bset|=51, |Nset|=128, |Lset|=127
[0m================================================================================

******************************************************************************
This program contains Ipopt, a library for large-scale nonlinear optimization.
 Ipopt is released as open source code under the Eclipse Public License (EPL).
         For more information visit https://github.com/coin-or/Ipopt
******************************************************************************

k=  1  obj=$1326.61  ‖r‖=5.00e-03  ‖s‖=9.98e+00  ρ=16000.0  sp_max=1.889s  sp_med=1.640s
k=  2  obj=$1848.32  ‖r‖=3.34e-03  ‖s‖=1.25e+01  ρ=16000.0  sp_max=1.358s  sp_med=0.675s
k=  3  obj=$2595.17  ‖r‖=1.45e-03  ‖s‖=1.27e+01  ρ=16000.0  sp_max=1.295s  sp_med=0.710s
k=  4  obj=$2850.18  ‖r‖=5.10e-04  ‖s‖=8.42e+00  ρ=16000.0  sp_max=0.938s  sp_med=0.585s
[32;1m  [k=  5] Phase 1→2: primal converged
[0m[36;1m  [k=  5] ρ 16000.0 → 8000.0 (s/r=137051.7, ‖r‖ converged)
[0mk=  5  obj=$2900.94  ‖r‖=4.74e-05  ‖s‖=6.50e+00  ρ=8000.0  sp_max=0.904s  sp_med=0.442s
k=  6  obj=$2890.30  ‖r‖=1.34e-04  ‖s‖=4.65e+00  ρ=8000.0  sp_max=0.818s  sp_med=0.429s
k=  7  obj=$2882.42  ‖r‖=1.34e-04  ‖s‖=3.83e+00  ρ=8000.0  sp_max=0.813s  sp_med=0.434s
k=  8  obj=$2876.97  ‖r‖=6.96e-05  ‖s‖=3.87e+00  ρ=8000.0  sp_max=1.002s  sp_med=0.491s
k=  9  obj=$2872.98  ‖r‖=1.86e-05  ‖s‖=3.87e+00  ρ=8000.0  sp_max=0.795s  sp_med=0.421s
[36;1m  [k= 10] ρ 8000.0 → 4000.0 (s/r=162546.1, ‖r‖ converged)
[0mk= 10  obj=$2867.87  ‖r‖=2.35e-05  ‖s‖=3.83e+00  ρ=4000.0  sp_max=0.871s  sp_med=0.473s
      [Progress] 22.5s elapsed, 27 iters/min
k= 11  obj=$2856.15  ‖r‖=4.10e-05  ‖s‖=3.80e+00  ρ=4000.0  sp_max=1.001s  sp_med=0.484s
k= 12  obj=$2841.16  ‖r‖=1.08e-04  ‖s‖=3.68e+00  ρ=4000.0  sp_max=0.922s  sp_med=0.437s
k= 13  obj=$2826.61  ‖r‖=1.49e-04  ‖s‖=3.55e+00  ρ=4000.0  sp_max=1.149s  sp_med=0.463s
k= 14  obj=$2813.66  ‖r‖=1.65e-04  ‖s‖=3.30e+00  ρ=4000.0  sp_max=1.097s  sp_med=0.577s
k= 15  obj=$2807.27  ‖r‖=1.51e-04  ‖s‖=3.06e+00  ρ=4000.0  sp_max=1.112s  sp_med=0.459s
k= 16  obj=$2804.48  ‖r‖=9.81e-05  ‖s‖=2.89e+00  ρ=4000.0  sp_max=1.061s  sp_med=0.497s
k= 17  obj=$2801.51  ‖r‖=5.15e-05  ‖s‖=2.65e+00  ρ=4000.0  sp_max=0.980s  sp_med=0.522s
k= 18  obj=$2796.92  ‖r‖=4.28e-05  ‖s‖=2.47e+00  ρ=4000.0  sp_max=0.939s  sp_med=0.634s
k= 19  obj=$2791.68  ‖r‖=3.88e-05  ‖s‖=2.19e+00  ρ=4000.0  sp_max=1.141s  sp_med=0.624s
[36;1m  [k= 20] ρ 4000.0 → 2000.0 (s/r=75205.4, ‖r‖ converged)
[0mk= 20  obj=$2786.86  ‖r‖=2.57e-05  ‖s‖=1.93e+00  ρ=2000.0  sp_max=1.256s  sp_med=0.611s
      [Progress] 35.1s elapsed, 34 iters/min
k= 21  obj=$2780.76  ‖r‖=2.15e-05  ‖s‖=1.52e+00  ρ=2000.0  sp_max=1.160s  sp_med=0.534s
k= 22  obj=$2777.60  ‖r‖=2.23e-05  ‖s‖=1.22e+00  ρ=2000.0  sp_max=1.442s  sp_med=0.642s
k= 23  obj=$2776.73  ‖r‖=1.68e-05  ‖s‖=1.01e+00  ρ=2000.0  sp_max=1.232s  sp_med=0.666s
k= 24  obj=$2776.73  ‖r‖=1.35e-05  ‖s‖=8.51e-01  ρ=2000.0  sp_max=1.141s  sp_med=0.661s
[36;1m  [k= 25] ρ 2000.0 → 1000.0 (s/r=64004.4, ‖r‖ converged)
[0mk= 25  obj=$2775.85  ‖r‖=1.11e-05  ‖s‖=7.09e-01  ρ=1000.0  sp_max=1.407s  sp_med=0.699s
k= 26  obj=$2775.78  ‖r‖=3.02e-05  ‖s‖=5.78e-01  ρ=1000.0  sp_max=1.354s  sp_med=0.677s
k= 27  obj=$2776.35  ‖r‖=2.96e-05  ‖s‖=4.00e-01  ρ=1000.0  sp_max=1.327s  sp_med=0.637s
k= 28  obj=$2776.60  ‖r‖=3.13e-05  ‖s‖=2.99e-01  ρ=1000.0  sp_max=1.344s  sp_med=0.697s
k= 29  obj=$2777.06  ‖r‖=3.36e-05  ‖s‖=1.48e-01  ρ=1000.0  sp_max=1.269s  sp_med=0.672s
[36;1m  [k= 30] ρ 1000.0 → 500.0 (s/r=2228.9, ‖r‖ converged)
[0mk= 30  obj=$2775.21  ‖r‖=2.90e-05  ‖s‖=6.46e-02  ρ=500.0  sp_max=1.182s  sp_med=0.739s
      [Progress] 50.5s elapsed, 36 iters/min
k= 31  obj=$2771.98  ‖r‖=2.59e-05  ‖s‖=5.70e-02  ρ=500.0  sp_max=1.156s  sp_med=0.641s
k= 32  obj=$2770.34  ‖r‖=3.25e-05  ‖s‖=3.81e-02  ρ=500.0  sp_max=1.190s  sp_med=0.655s
k= 33  obj=$2770.03  ‖r‖=3.20e-05  ‖s‖=2.03e-02  ρ=500.0  sp_max=1.232s  sp_med=0.661s
k= 34  obj=$2770.64  ‖r‖=2.33e-05  ‖s‖=1.61e-02  ρ=500.0  sp_max=1.338s  sp_med=0.812s
[36;1m  [k= 35] ρ 500.0 → 250.0 (s/r=1328.7, ‖r‖ converged)
[0mk= 35  obj=$2771.59  ‖r‖=1.26e-05  ‖s‖=1.67e-02  ρ=250.0  sp_max=1.266s  sp_med=0.669s
k= 36  obj=$2772.89  ‖r‖=1.57e-05  ‖s‖=1.10e-02  ρ=250.0  sp_max=1.402s  sp_med=0.716s
k= 37  obj=$2773.28  ‖r‖=1.88e-05  ‖s‖=4.14e-03  ρ=250.0  sp_max=0.932s  sp_med=0.607s
k= 38  obj=$2772.97  ‖r‖=1.37e-05  ‖s‖=3.70e-03  ρ=250.0  sp_max=0.872s  sp_med=0.635s
k= 39  obj=$2772.40  ‖r‖=5.77e-06  ‖s‖=5.03e-03  ρ=250.0  sp_max=1.230s  sp_med=0.694s
[36;1m  [k= 40] ρ 250.0 → 125.0 (s/r=1119.1, ‖r‖ converged)
[0mk= 40  obj=$2771.93  ‖r‖=3.56e-06  ‖s‖=3.98e-03  ρ=125.0  sp_max=1.126s  sp_med=0.705s
      [Progress] 65.3s elapsed, 37 iters/min
k= 41  obj=$2771.45  ‖r‖=9.42e-06  ‖s‖=2.04e-03  ρ=125.0  sp_max=1.158s  sp_med=0.652s
k= 42  obj=$2771.45  ‖r‖=9.35e-06  ‖s‖=4.01e-04  ρ=125.0  sp_max=1.154s  sp_med=0.591s
[32;1m🎉 tADMM converged at iteration 42 (‖r‖=9.35e-06 ≤ 1.00e-04, ‖s‖=4.01e-04 ≤ 1.00e-03)
  Final objective: $2771.45
[0m
================================================================================
[36;1m📊 SOLVER PERFORMANCE ANALYSIS (optimize!() times only)[0m
================================================================================
Iterations:       41
Effective time:   48.25 seconds
Wall-clock time:  68.61 seconds
Overhead:         29.7%
================================================================================

--- tADMM RESULT ---
[32;1mObjective: $2771.45
Wall-clock: 68.61 seconds
Effective:  48.25 seconds (42 iterations)
[0m
================================================================================
[36;1mVALIDATING tADMM SOLUTION[0m
================================================================================

================================================================================
SOLUTION VALIDATION: tADMM SOCP
================================================================================
✓ All constraints satisfied!
================================================================================
[32;1m✓ Convergence CSV: C:\repos_addendum\MultiPeriodDistOPF\envs\tadmm\processedData\ieee123C_1ph_T24\convergence_data.csv[0m
[32;1m✓ Subproblem timing CSV: C:\repos_addendum\MultiPeriodDistOPF\envs\tadmm\processedData\ieee123C_1ph_T24\subproblem_timing_details.csv[0m
[36;1mLoaded BF results from C:\repos_addendum\MultiPeriodDistOPF\envs\tadmm\processedData\ieee123C_1ph_T24\results_socp_bf.txt[0m
[36;1mNear-optimal at k=21 (22.50s eff): obj=$2780.76, gap=0.314% vs BF, r=2.15e-05, s=1.52e+00[0m
[32;1m✓ Near-optimal summary: C:\repos_addendum\MultiPeriodDistOPF\envs\tadmm\processedData\ieee123C_1ph_T24\near_optimal_summary.csv[0m
[32;1m✓ Solution saved: C:\repos_addendum\MultiPeriodDistOPF\envs\tadmm\processedData\ieee123C_1ph_T24\sol_socp_tadmm.jls[0m
[32;1m✓ tADMM results written to C:\repos_addendum\MultiPeriodDistOPF\envs\tadmm\processedData\ieee123C_1ph_T24\results_socp_tadmm.txt[0m
[32;1m✓ Live log trimmed to last 100 lines: C:\repos_addendum\MultiPeriodDistOPF\envs\tadmm\processedData\ieee123C_1ph_T24\tadmm_run.log[0m

================================================================================
[35;1mtADMM PIPELINE COMPLETE[0m
================================================================================
