
================================================================================
PARALLELIZATION STATUS
================================================================================
Julia threads:       16
Status:              Using 16 threads
================================================================================
RHO_OVERRIDE: using rho = 4000.0
EPS_PRI_OVERRIDE: using eps_pri = 0.001
EPS_DUAL_OVERRIDE: using eps_dual = 0.001
ADAPTIVE_RHO_OVERRIDE: adaptive_rho = true

================================================================================
PARSING SYSTEM DATA
================================================================================
Loaded system: ieee123C_1ph from C:\repos_addendum\MultiPeriodDistOPF\envs\tadmm\..\..\rawData\ieee123C_1ph\Master.dss

========================================
Initial Powerflow
========================================
Powerflow completed successfully!

[OpenDSS] Total system load: 872.27 kW
[OpenDSS] Substation power: 877.20 kW
[OpenDSS] Total PV dispatch: 0.00 kW
[OpenDSS] Total battery dispatch: 0.00 kW
[OpenDSS] Total system losses: 4.94 kW


================================================================================
[35;1mSOLVING MPOPF WITH SOCP (tADMM)[0m
================================================================================
[36;1mUsing fixed rho = 4000.0[0m
  [tADMM hyperparams] mu_balance=5.00 tau_incr=2.00 tau_decr=2.00 update_interval=5 eps_pri=1.0e-03 eps_dual=1.0e-03 rho_init=4000.0 adaptive=true

================================================================================
[36;1m🎯 tADMM[SOCP]: T=24, ρ_init=4000.0, adaptive=true, warm_start=true, |Bset|=51, |Nset|=128, |Lset|=127
[0m================================================================================

******************************************************************************
This program contains Ipopt, a library for large-scale nonlinear optimization.
 Ipopt is released as open source code under the Eclipse Public License (EPL).
         For more information visit https://github.com/coin-or/Ipopt
******************************************************************************


******************************************************************************
This program contains Ipopt, a library for large-scale nonlinear optimization.
 Ipopt is released as open source code under the Eclipse Public License (EPL).
         For more information visit https://github.com/coin-or/Ipopt
******************************************************************************


******************************************************************************
This program contains Ipopt, a library for large-scale nonlinear optimization.
 Ipopt is released as open source code under the Eclipse Public License (EPL).
         For more information visit https://github.com/coin-or/Ipopt
******************************************************************************

k=  1  obj=$1296.35  ‖r‖=5.16e-03  ‖s‖=2.95e+00  ρ=4000.0  sp_max=1.971s  sp_med=1.601s
k=  2  obj=$1296.35  ‖r‖=5.12e-03  ‖s‖=3.44e+00  ρ=4000.0  sp_max=1.336s  sp_med=0.803s
k=  3  obj=$1296.35  ‖r‖=5.05e-03  ‖s‖=3.97e+00  ρ=4000.0  sp_max=1.179s  sp_med=0.828s
k=  4  obj=$1368.37  ‖r‖=4.70e-03  ‖s‖=3.23e+00  ρ=4000.0  sp_max=1.157s  sp_med=0.765s
[33;1m  [PHASE1-UP] ρ: 4000.0 → 8000.0 (‖r‖=4.25e-03 > ε=1.0e-03)
[0mk=  5  obj=$1516.60  ‖r‖=4.25e-03  ‖s‖=2.40e+00  ρ=8000.0  sp_max=1.803s  sp_med=0.856s
k=  6  obj=$1779.98  ‖r‖=3.53e-03  ‖s‖=2.85e+00  ρ=8000.0  sp_max=1.530s  sp_med=0.905s
k=  7  obj=$2255.82  ‖r‖=2.35e-03  ‖s‖=3.41e+00  ρ=8000.0  sp_max=1.691s  sp_med=0.939s
k=  8  obj=$2584.40  ‖r‖=1.52e-03  ‖s‖=3.74e+00  ρ=8000.0  sp_max=1.895s  sp_med=0.890s
k=  9  obj=$2755.39  ‖r‖=9.28e-04  ‖s‖=3.89e+00  ρ=8000.0  sp_max=1.386s  sp_med=0.758s
[32;1m  [k= 10] Phase 1→2: primal converged
[0m[36;1m  [k= 10] ρ 8000.0 → 4000.0 (s/r=7568.7, ‖r‖ converged)
[0mk= 10  obj=$2836.86  ‖r‖=5.24e-04  ‖s‖=3.97e+00  ρ=4000.0  sp_max=1.419s  sp_med=0.605s
      [Progress] 30.8s elapsed, 19 iters/min
k= 11  obj=$2879.28  ‖r‖=7.64e-08  ‖s‖=3.97e+00  ρ=4000.0  sp_max=1.471s  sp_med=0.697s
k= 12  obj=$2866.38  ‖r‖=5.86e-05  ‖s‖=3.87e+00  ρ=4000.0  sp_max=1.451s  sp_med=0.721s
k= 13  obj=$2853.88  ‖r‖=7.29e-05  ‖s‖=3.81e+00  ρ=4000.0  sp_max=1.588s  sp_med=0.788s
k= 14  obj=$2839.29  ‖r‖=7.13e-05  ‖s‖=3.77e+00  ρ=4000.0  sp_max=1.351s  sp_med=0.757s
[36;1m  [k= 15] ρ 4000.0 → 2000.0 (s/r=27832.8, ‖r‖ converged)
[0mk= 15  obj=$2822.61  ‖r‖=1.31e-04  ‖s‖=3.66e+00  ρ=2000.0  sp_max=1.317s  sp_med=0.839s
k= 16  obj=$2794.68  ‖r‖=2.49e-04  ‖s‖=3.24e+00  ρ=2000.0  sp_max=1.632s  sp_med=0.886s
k= 17  obj=$2783.82  ‖r‖=3.09e-04  ‖s‖=2.72e+00  ρ=2000.0  sp_max=1.865s  sp_med=0.914s
k= 18  obj=$2783.54  ‖r‖=2.51e-04  ‖s‖=2.17e+00  ρ=2000.0  sp_max=2.084s  sp_med=1.029s
k= 19  obj=$2786.98  ‖r‖=1.54e-04  ‖s‖=1.71e+00  ρ=2000.0  sp_max=1.845s  sp_med=1.042s
[36;1m  [k= 20] ρ 2000.0 → 1000.0 (s/r=11297.6, ‖r‖ converged)
[0mk= 20  obj=$2788.06  ‖r‖=1.20e-04  ‖s‖=1.35e+00  ρ=1000.0  sp_max=1.948s  sp_med=1.054s
      [Progress] 50.1s elapsed, 24 iters/min
k= 21  obj=$2785.43  ‖r‖=1.33e-04  ‖s‖=9.30e-01  ρ=1000.0  sp_max=1.792s  sp_med=0.987s
k= 22  obj=$2781.42  ‖r‖=1.12e-04  ‖s‖=6.63e-01  ρ=1000.0  sp_max=1.508s  sp_med=1.002s
k= 23  obj=$2776.68  ‖r‖=7.35e-05  ‖s‖=4.75e-01  ρ=1000.0  sp_max=1.628s  sp_med=1.033s
k= 24  obj=$2774.33  ‖r‖=5.56e-05  ‖s‖=3.46e-01  ρ=1000.0  sp_max=1.433s  sp_med=0.933s
[36;1m  [k= 25] ρ 1000.0 → 500.0 (s/r=4499.3, ‖r‖ converged)
[0mk= 25  obj=$2773.94  ‖r‖=5.13e-05  ‖s‖=2.31e-01  ρ=500.0  sp_max=1.469s  sp_med=0.923s
k= 26  obj=$2777.30  ‖r‖=6.93e-05  ‖s‖=7.77e-02  ρ=500.0  sp_max=1.598s  sp_med=0.962s
k= 27  obj=$2775.33  ‖r‖=5.18e-05  ‖s‖=4.57e-02  ρ=500.0  sp_max=1.422s  sp_med=0.948s
k= 28  obj=$2773.48  ‖r‖=4.73e-05  ‖s‖=3.51e-02  ρ=500.0  sp_max=1.411s  sp_med=0.814s
k= 29  obj=$2772.55  ‖r‖=3.00e-05  ‖s‖=3.56e-02  ρ=500.0  sp_max=1.683s  sp_med=1.038s
[36;1m  [k= 30] ρ 500.0 → 250.0 (s/r=1641.7, ‖r‖ converged)
[0mk= 30  obj=$2771.89  ‖r‖=1.91e-05  ‖s‖=3.13e-02  ρ=250.0  sp_max=1.516s  sp_med=1.027s
      [Progress] 69.9s elapsed, 26 iters/min
k= 31  obj=$2770.63  ‖r‖=3.52e-05  ‖s‖=1.79e-02  ρ=250.0  sp_max=1.532s  sp_med=1.118s
k= 32  obj=$2770.35  ‖r‖=3.59e-05  ‖s‖=5.17e-03  ρ=250.0  sp_max=1.491s  sp_med=0.843s
k= 33  obj=$2770.97  ‖r‖=2.28e-05  ‖s‖=7.72e-03  ρ=250.0  sp_max=1.508s  sp_med=0.813s
k= 34  obj=$2771.83  ‖r‖=7.74e-06  ‖s‖=9.55e-03  ρ=250.0  sp_max=1.507s  sp_med=0.866s
[36;1m  [k= 35] ρ 250.0 → 125.0 (s/r=909.2, ‖r‖ converged)
[0mk= 35  obj=$2772.43  ‖r‖=7.51e-06  ‖s‖=6.83e-03  ρ=125.0  sp_max=1.407s  sp_med=1.009s
k= 36  obj=$2772.94  ‖r‖=1.73e-05  ‖s‖=3.20e-03  ρ=125.0  sp_max=1.423s  sp_med=0.752s
k= 37  obj=$2772.85  ‖r‖=1.62e-05  ‖s‖=6.65e-04  ρ=125.0  sp_max=1.474s  sp_med=0.876s
[32;1m🎉 tADMM converged at iteration 37 (‖r‖=1.62e-05 ≤ 1.00e-03, ‖s‖=6.65e-04 ≤ 1.00e-03)
  Final objective: $2772.85
[0m
================================================================================
[36;1m📊 SOLVER PERFORMANCE ANALYSIS (optimize!() times only)[0m
================================================================================
Iterations:       36
Effective time:   57.72 seconds
Wall-clock time:  83.47 seconds
Overhead:         30.8%
================================================================================

--- tADMM RESULT ---
[32;1mObjective: $2772.85
Wall-clock: 83.47 seconds
Effective:  57.72 seconds (37 iterations)
[0m
================================================================================
[36;1mVALIDATING tADMM SOLUTION[0m
================================================================================

================================================================================
SOLUTION VALIDATION: tADMM SOCP
================================================================================
✓ All constraints satisfied!
================================================================================
[32;1m✓ Convergence CSV: C:\repos_addendum\MultiPeriodDistOPF\envs\tadmm\processedData\ieee123C_1ph_T24\convergence_data.csv[0m
[32;1m✓ Subproblem timing CSV: C:\repos_addendum\MultiPeriodDistOPF\envs\tadmm\processedData\ieee123C_1ph_T24\subproblem_timing_details.csv[0m
[36;1mLoaded BF results from C:\repos_addendum\MultiPeriodDistOPF\envs\tadmm\processedData\ieee123C_1ph_T24\results_socp_bf.txt[0m
[36;1mNear-optimal at k=17 (26.04s eff): obj=$2783.82, gap=0.424% vs BF, r=3.09e-04, s=2.72e+00[0m
[32;1m✓ Near-optimal summary: C:\repos_addendum\MultiPeriodDistOPF\envs\tadmm\processedData\ieee123C_1ph_T24\near_optimal_summary.csv[0m
[32;1m✓ Solution saved: C:\repos_addendum\MultiPeriodDistOPF\envs\tadmm\processedData\ieee123C_1ph_T24\sol_socp_tadmm.jls[0m
[32;1m✓ tADMM results written to C:\repos_addendum\MultiPeriodDistOPF\envs\tadmm\processedData\ieee123C_1ph_T24\results_socp_tadmm.txt[0m
[32;1m✓ Live log trimmed to last 100 lines: C:\repos_addendum\MultiPeriodDistOPF\envs\tadmm\processedData\ieee123C_1ph_T24\tadmm_run.log[0m

================================================================================
[35;1mtADMM PIPELINE COMPLETE[0m
================================================================================
