
================================================================================
PARALLELIZATION STATUS
================================================================================
Julia threads:       16
Status:              Using 16 threads
================================================================================
RHO_OVERRIDE: using rho = 16000.0
EPS_PRI_OVERRIDE: using eps_pri = 0.0001
EPS_DUAL_OVERRIDE: using eps_dual = 0.001
ADAPTIVE_RHO_OVERRIDE: adaptive_rho = true

================================================================================
PARSING SYSTEM DATA
================================================================================
Loaded system: ieee123C_1ph from C:\repos_addendum\MultiPeriodDistOPF\envs\tadmm\..\..\rawData\ieee123C_1ph\Master.dss

========================================
Initial Powerflow
========================================
Powerflow completed successfully!

[OpenDSS] Total system load: 872.27 kW
[OpenDSS] Substation power: 877.20 kW
[OpenDSS] Total PV dispatch: 0.00 kW
[OpenDSS] Total battery dispatch: 0.00 kW
[OpenDSS] Total system losses: 4.94 kW


================================================================================
[35;1mSOLVING MPOPF WITH SOCP (tADMM)[0m
================================================================================
[36;1mUsing fixed rho = 16000.0[0m
  [tADMM hyperparams] mu_balance=5.00 tau_incr=2.00 tau_decr=2.00 update_interval=5 eps_pri=1.0e-04 eps_dual=1.0e-03 rho_init=16000.0 adaptive=true

================================================================================
[36;1m🎯 tADMM[SOCP]: T=96, ρ_init=16000.0, adaptive=true, warm_start=true, |Bset|=51, |Nset|=128, |Lset|=127
[0m================================================================================

******************************************************************************
This program contains Ipopt, a library for large-scale nonlinear optimization.
 Ipopt is released as open source code under the Eclipse Public License (EPL).
         For more information visit https://github.com/coin-or/Ipopt
******************************************************************************

k=  1  obj=$1322.33  ‖r‖=1.28e-03  ‖s‖=1.47e+00  ρ=16000.0  sp_max=8.468s  sp_med=6.869s
k=  2  obj=$1322.33  ‖r‖=1.28e-03  ‖s‖=1.72e+00  ρ=16000.0  sp_max=6.311s  sp_med=1.948s
k=  3  obj=$1322.35  ‖r‖=1.27e-03  ‖s‖=1.99e+00  ρ=16000.0  sp_max=5.479s  sp_med=2.098s
k=  4  obj=$1396.50  ‖r‖=1.19e-03  ‖s‖=2.22e+00  ρ=16000.0  sp_max=7.126s  sp_med=1.868s
[33;1m  [PHASE1-UP] ρ: 16000.0 → 32000.0 (‖r‖=1.08e-03 > ε=1.0e-04)
[0mk=  5  obj=$1556.17  ‖r‖=1.08e-03  ‖s‖=2.43e+00  ρ=32000.0  sp_max=6.964s  sp_med=1.617s
k=  6  obj=$1827.00  ‖r‖=8.97e-04  ‖s‖=2.81e+00  ρ=32000.0  sp_max=5.131s  sp_med=1.841s
k=  7  obj=$2317.02  ‖r‖=5.97e-04  ‖s‖=3.04e+00  ρ=32000.0  sp_max=4.485s  sp_med=2.069s
k=  8  obj=$2649.44  ‖r‖=3.87e-04  ‖s‖=3.11e+00  ρ=32000.0  sp_max=4.694s  sp_med=2.138s
k=  9  obj=$2817.96  ‖r‖=2.46e-04  ‖s‖=3.08e+00  ρ=32000.0  sp_max=3.976s  sp_med=2.340s
[33;1m  [PHASE1-UP] ρ: 32000.0 → 64000.0 (‖r‖=1.55e-04 > ε=1.0e-04)
[0mk= 10  obj=$2902.07  ‖r‖=1.55e-04  ‖s‖=3.01e+00  ρ=64000.0  sp_max=5.326s  sp_med=3.537s
      [Progress] 213.8s elapsed, 3 iters/min
k= 11  obj=$2970.15  ‖r‖=5.84e-06  ‖s‖=2.89e+00  ρ=64000.0  sp_max=5.479s  sp_med=2.528s
k= 12  obj=$2968.86  ‖r‖=4.33e-06  ‖s‖=2.72e+00  ρ=64000.0  sp_max=3.833s  sp_med=2.220s
k= 13  obj=$2967.54  ‖r‖=3.12e-06  ‖s‖=2.62e+00  ρ=64000.0  sp_max=3.431s  sp_med=1.933s
k= 14  obj=$2966.04  ‖r‖=2.22e-06  ‖s‖=2.56e+00  ρ=64000.0  sp_max=4.260s  sp_med=2.529s
[32;1m  [k= 15] Phase 1→2: primal converged
[0m[36;1m  [k= 15] ρ 64000.0 → 32000.0 (s/r=1581403.5, ‖r‖ converged)
[0mk= 15  obj=$2964.45  ‖r‖=1.60e-06  ‖s‖=2.54e+00  ρ=32000.0  sp_max=5.986s  sp_med=3.461s
k= 16  obj=$2961.65  ‖r‖=2.83e-06  ‖s‖=2.50e+00  ρ=32000.0  sp_max=3.722s  sp_med=2.568s
k= 17  obj=$2959.21  ‖r‖=4.26e-06  ‖s‖=2.45e+00  ρ=32000.0  sp_max=3.454s  sp_med=2.502s
k= 18  obj=$2956.91  ‖r‖=3.03e-06  ‖s‖=2.43e+00  ρ=32000.0  sp_max=3.418s  sp_med=2.498s
k= 19  obj=$2954.73  ‖r‖=3.27e-06  ‖s‖=2.40e+00  ρ=32000.0  sp_max=4.898s  sp_med=2.981s
[36;1m  [k= 20] ρ 32000.0 → 16000.0 (s/r=834362.1, ‖r‖ converged)
[0mk= 20  obj=$2952.48  ‖r‖=2.82e-06  ‖s‖=2.36e+00  ρ=16000.0  sp_max=5.725s  sp_med=3.798s
      [Progress] 399.1s elapsed, 3 iters/min
k= 21  obj=$2948.76  ‖r‖=8.00e-06  ‖s‖=2.26e+00  ρ=16000.0  sp_max=4.915s  sp_med=3.781s
k= 22  obj=$2945.30  ‖r‖=9.99e-06  ‖s‖=2.14e+00  ρ=16000.0  sp_max=4.985s  sp_med=2.644s
k= 23  obj=$2941.52  ‖r‖=1.06e-05  ‖s‖=2.06e+00  ρ=16000.0  sp_max=3.276s  sp_med=2.248s
k= 24  obj=$2937.83  ‖r‖=1.24e-05  ‖s‖=1.93e+00  ρ=16000.0  sp_max=4.873s  sp_med=2.921s
[36;1m  [k= 25] ρ 16000.0 → 8000.0 (s/r=147795.0, ‖r‖ converged)
[0mk= 25  obj=$2934.25  ‖r‖=1.25e-05  ‖s‖=1.85e+00  ρ=8000.0  sp_max=4.720s  sp_med=3.347s
k= 26  obj=$2928.32  ‖r‖=2.75e-05  ‖s‖=1.69e+00  ρ=8000.0  sp_max=3.722s  sp_med=2.397s
k= 27  obj=$2923.12  ‖r‖=3.28e-05  ‖s‖=1.51e+00  ρ=8000.0  sp_max=3.534s  sp_med=2.394s
k= 28  obj=$2918.31  ‖r‖=3.78e-05  ‖s‖=1.32e+00  ρ=8000.0  sp_max=3.326s  sp_med=2.532s
k= 29  obj=$2913.77  ‖r‖=4.14e-05  ‖s‖=1.20e+00  ρ=8000.0  sp_max=6.304s  sp_med=3.217s
[36;1m  [k= 30] ρ 8000.0 → 4000.0 (s/r=23135.8, ‖r‖ converged)
[0mk= 30  obj=$2910.02  ‖r‖=4.72e-05  ‖s‖=1.09e+00  ρ=4000.0  sp_max=5.960s  sp_med=3.799s
      [Progress] 590.3s elapsed, 3 iters/min
k= 31  obj=$2902.67  ‖r‖=6.19e-05  ‖s‖=1.04e+00  ρ=4000.0  sp_max=4.614s  sp_med=2.645s
k= 32  obj=$2896.66  ‖r‖=7.01e-05  ‖s‖=9.79e-01  ρ=4000.0  sp_max=4.134s  sp_med=2.396s
k= 33  obj=$2891.92  ‖r‖=7.35e-05  ‖s‖=9.26e-01  ρ=4000.0  sp_max=4.768s  sp_med=3.151s
k= 34  obj=$2887.72  ‖r‖=7.97e-05  ‖s‖=8.93e-01  ρ=4000.0  sp_max=4.032s  sp_med=3.094s
[36;1m  [k= 35] ρ 4000.0 → 2000.0 (s/r=10570.1, ‖r‖ converged)
[0mk= 35  obj=$2883.99  ‖r‖=8.23e-05  ‖s‖=8.70e-01  ρ=2000.0  sp_max=4.078s  sp_med=2.594s
k= 36  obj=$2877.58  ‖r‖=8.69e-05  ‖s‖=8.57e-01  ρ=2000.0  sp_max=3.637s  sp_med=2.058s
k= 37  obj=$2871.88  ‖r‖=9.08e-05  ‖s‖=8.46e-01  ρ=2000.0  sp_max=3.358s  sp_med=2.312s
k= 38  obj=$2866.65  ‖r‖=8.76e-05  ‖s‖=8.41e-01  ρ=2000.0  sp_max=3.421s  sp_med=2.368s
k= 39  obj=$2861.56  ‖r‖=8.72e-05  ‖s‖=8.40e-01  ρ=2000.0  sp_max=3.573s  sp_med=2.269s
[36;1m  [k= 40] ρ 2000.0 → 1000.0 (s/r=9171.3, ‖r‖ converged)
[0mk= 40  obj=$2855.39  ‖r‖=9.13e-05  ‖s‖=8.38e-01  ρ=1000.0  sp_max=4.130s  sp_med=2.164s
      [Progress] 758.2s elapsed, 3 iters/min
k= 41  obj=$2843.14  ‖r‖=9.36e-05  ‖s‖=8.33e-01  ρ=1000.0  sp_max=3.574s  sp_med=2.135s
k= 42  obj=$2832.31  ‖r‖=9.18e-05  ‖s‖=8.15e-01  ρ=1000.0  sp_max=3.205s  sp_med=2.126s
k= 43  obj=$2825.28  ‖r‖=8.87e-05  ‖s‖=7.81e-01  ρ=1000.0  sp_max=5.945s  sp_med=2.254s
k= 44  obj=$2817.57  ‖r‖=8.79e-05  ‖s‖=7.39e-01  ρ=1000.0  sp_max=3.911s  sp_med=2.379s
[36;1m  [k= 45] ρ 1000.0 → 500.0 (s/r=8372.9, ‖r‖ converged)
[0mk= 45  obj=$2811.55  ‖r‖=8.36e-05  ‖s‖=7.00e-01  ρ=500.0  sp_max=3.412s  sp_med=2.313s
k= 46  obj=$2803.56  ‖r‖=7.53e-05  ‖s‖=6.18e-01  ρ=500.0  sp_max=4.620s  sp_med=2.491s
k= 47  obj=$2798.81  ‖r‖=7.74e-05  ‖s‖=5.03e-01  ρ=500.0  sp_max=6.775s  sp_med=3.865s
k= 48  obj=$2800.70  ‖r‖=8.53e-05  ‖s‖=3.94e-01  ρ=500.0  sp_max=5.377s  sp_med=2.975s
k= 49  obj=$2804.82  ‖r‖=9.07e-05  ‖s‖=3.23e-01  ρ=500.0  sp_max=4.245s  sp_med=2.954s
[36;1m  [k= 50] ρ 500.0 → 250.0 (s/r=3087.8, ‖r‖ converged)
[0mk= 50  obj=$2810.15  ‖r‖=8.80e-05  ‖s‖=2.72e-01  ρ=250.0  sp_max=4.176s  sp_med=2.768s
      [Progress] 934.9s elapsed, 3 iters/min
k= 51  obj=$2820.12  ‖r‖=9.66e-05  ‖s‖=2.11e-01  ρ=250.0  sp_max=5.422s  sp_med=2.782s
k= 52  obj=$2831.51  ‖r‖=1.02e-04  ‖s‖=1.60e-01  ρ=250.0  sp_max=7.801s  sp_med=3.605s
k= 53  obj=$2845.20  ‖r‖=1.09e-04  ‖s‖=1.24e-01  ρ=250.0  sp_max=6.763s  sp_med=3.308s
k= 54  obj=$2852.89  ‖r‖=1.12e-04  ‖s‖=9.43e-02  ρ=250.0  sp_max=4.416s  sp_med=2.813s
k= 55  obj=$2858.11  ‖r‖=1.08e-04  ‖s‖=6.88e-02  ρ=250.0  sp_max=5.008s  sp_med=2.961s
k= 56  obj=$2862.70  ‖r‖=9.73e-05  ‖s‖=5.50e-02  ρ=250.0  sp_max=4.112s  sp_med=1.882s
k= 57  obj=$2865.62  ‖r‖=8.69e-05  ‖s‖=4.65e-02  ρ=250.0  sp_max=3.185s  sp_med=1.980s
k= 58  obj=$2865.74  ‖r‖=7.84e-05  ‖s‖=4.28e-02  ρ=250.0  sp_max=3.029s  sp_med=2.086s
k= 59  obj=$2861.96  ‖r‖=6.78e-05  ‖s‖=4.18e-02  ρ=250.0  sp_max=3.449s  sp_med=2.035s
[36;1m  [k= 60] ρ 250.0 → 125.0 (s/r=723.9, ‖r‖ converged)
[0mk= 60  obj=$2855.98  ‖r‖=5.80e-05  ‖s‖=4.20e-02  ρ=125.0  sp_max=3.351s  sp_med=2.059s
      [Progress] 1111.6s elapsed, 3 iters/min
k= 61  obj=$2846.26  ‖r‖=7.47e-05  ‖s‖=3.72e-02  ρ=125.0  sp_max=3.532s  sp_med=1.902s
k= 62  obj=$2838.51  ‖r‖=9.46e-05  ‖s‖=3.05e-02  ρ=125.0  sp_max=4.029s  sp_med=1.901s
k= 63  obj=$2833.26  ‖r‖=8.40e-05  ‖s‖=2.51e-02  ρ=125.0  sp_max=3.031s  sp_med=1.794s
k= 64  obj=$2830.35  ‖r‖=9.28e-05  ‖s‖=1.94e-02  ρ=125.0  sp_max=3.659s  sp_med=1.905s
[36;1m  [k= 65] ρ 125.0 → 62.5 (s/r=167.4, ‖r‖ converged)
[0mk= 65  obj=$2830.13  ‖r‖=8.84e-05  ‖s‖=1.48e-02  ρ=62.5  sp_max=2.962s  sp_med=1.862s
k= 66  obj=$2829.83  ‖r‖=1.09e-04  ‖s‖=9.39e-03  ρ=62.5  sp_max=3.672s  sp_med=1.966s
k= 67  obj=$2829.64  ‖r‖=9.86e-05  ‖s‖=6.79e-03  ρ=62.5  sp_max=3.180s  sp_med=2.064s
k= 68  obj=$2829.16  ‖r‖=7.48e-05  ‖s‖=6.71e-03  ρ=62.5  sp_max=2.887s  sp_med=1.898s
k= 69  obj=$2829.39  ‖r‖=4.66e-05  ‖s‖=7.42e-03  ρ=62.5  sp_max=4.786s  sp_med=2.039s
[36;1m  [k= 70] ρ 62.5 → 31.2 (s/r=168.6, ‖r‖ converged)
[0mk= 70  obj=$2829.34  ‖r‖=4.40e-05  ‖s‖=7.42e-03  ρ=31.2  sp_max=3.600s  sp_med=2.150s
      [Progress] 1245.9s elapsed, 3 iters/min
k= 71  obj=$2829.02  ‖r‖=5.58e-05  ‖s‖=6.62e-03  ρ=31.2  sp_max=3.676s  sp_med=2.420s
k= 72  obj=$2828.46  ‖r‖=6.34e-05  ‖s‖=5.55e-03  ρ=31.2  sp_max=4.983s  sp_med=3.279s
k= 73  obj=$2827.88  ‖r‖=7.00e-05  ‖s‖=4.32e-03  ρ=31.2  sp_max=5.470s  sp_med=3.267s
k= 74  obj=$2827.37  ‖r‖=7.58e-05  ‖s‖=3.01e-03  ρ=31.2  sp_max=4.102s  sp_med=2.178s
[36;1m  [k= 75] ρ 31.2 → 15.6 (s/r=24.9, ‖r‖ converged)
[0mk= 75  obj=$2827.15  ‖r‖=7.62e-05  ‖s‖=1.90e-03  ρ=15.6  sp_max=5.550s  sp_med=3.002s
k= 76  obj=$2827.14  ‖r‖=7.57e-05  ‖s‖=1.48e-03  ρ=15.6  sp_max=5.827s  sp_med=3.536s
k= 77  obj=$2827.18  ‖r‖=6.86e-05  ‖s‖=1.47e-03  ρ=15.6  sp_max=5.854s  sp_med=3.322s
k= 78  obj=$2827.08  ‖r‖=5.92e-05  ‖s‖=1.64e-03  ρ=15.6  sp_max=5.574s  sp_med=2.904s
k= 79  obj=$2827.16  ‖r‖=5.13e-05  ‖s‖=1.77e-03  ρ=15.6  sp_max=6.482s  sp_med=3.507s
[36;1m  [k= 80] ρ 15.6 → 7.8 (s/r=37.7, ‖r‖ converged)
[0mk= 80  obj=$2827.08  ‖r‖=4.73e-05  ‖s‖=1.79e-03  ρ=7.8  sp_max=5.814s  sp_med=3.214s
      [Progress] 1451.1s elapsed, 3 iters/min
k= 81  obj=$2827.10  ‖r‖=5.41e-05  ‖s‖=1.62e-03  ρ=7.8  sp_max=7.380s  sp_med=3.424s
k= 82  obj=$2827.10  ‖r‖=6.78e-05  ‖s‖=1.33e-03  ρ=7.8  sp_max=6.018s  sp_med=3.370s
k= 83  obj=$2827.10  ‖r‖=7.78e-05  ‖s‖=9.73e-04  ρ=7.8  sp_max=6.678s  sp_med=3.598s
[32;1m🎉 tADMM converged at iteration 83 (‖r‖=7.78e-05 ≤ 1.00e-04, ‖s‖=9.73e-04 ≤ 1.00e-03)
  Final objective: $2827.10
[0m
================================================================================
[36;1m📊 SOLVER PERFORMANCE ANALYSIS (optimize!() times only)[0m
================================================================================
Iterations:       82
Effective time:   388.05 seconds
Wall-clock time:  1522.26 seconds
Overhead:         74.5%
================================================================================

--- tADMM RESULT ---
[32;1mObjective: $2827.10
Wall-clock: 1522.26 seconds
Effective:  388.05 seconds (83 iterations)
[0m
================================================================================
[36;1mVALIDATING tADMM SOLUTION[0m
================================================================================

================================================================================
SOLUTION VALIDATION: tADMM SOCP
================================================================================
✓ All constraints satisfied!
================================================================================
[32;1m✓ Convergence CSV: C:\repos_addendum\MultiPeriodDistOPF\envs\tadmm\processedData\ieee123C_1ph_T96\convergence_data.csv[0m
[32;1m✓ Subproblem timing CSV: C:\repos_addendum\MultiPeriodDistOPF\envs\tadmm\processedData\ieee123C_1ph_T96\subproblem_timing_details.csv[0m
[36;1mLoaded BF results from C:\repos_addendum\MultiPeriodDistOPF\envs\tadmm\processedData\ieee123C_1ph_T96\results_socp_bf.txt[0m
[36;1mNear-optimal at k=44 (204.16s eff): obj=$2817.57, gap=0.386% vs BF, r=8.79e-05, s=7.39e-01[0m
[32;1m✓ Near-optimal summary: C:\repos_addendum\MultiPeriodDistOPF\envs\tadmm\processedData\ieee123C_1ph_T96\near_optimal_summary.csv[0m
[32;1m✓ Solution saved: C:\repos_addendum\MultiPeriodDistOPF\envs\tadmm\processedData\ieee123C_1ph_T96\sol_socp_tadmm.jls[0m
[32;1m✓ tADMM results written to C:\repos_addendum\MultiPeriodDistOPF\envs\tadmm\processedData\ieee123C_1ph_T96\results_socp_tadmm.txt[0m
[32;1m✓ Live log trimmed to last 100 lines: C:\repos_addendum\MultiPeriodDistOPF\envs\tadmm\processedData\ieee123C_1ph_T96\tadmm_run.log[0m

================================================================================
[35;1mtADMM PIPELINE COMPLETE[0m
================================================================================
