
================================================================================
PARALLELIZATION STATUS
================================================================================
Julia threads:       16
Status:              Using 16 threads
================================================================================
RHO_OVERRIDE: using rho = 8000.0
EPS_PRI_OVERRIDE: using eps_pri = 0.0001
EPS_DUAL_OVERRIDE: using eps_dual = 0.0005
ADAPTIVE_RHO_OVERRIDE: adaptive_rho = true

================================================================================
PARSING SYSTEM DATA
================================================================================
Loaded system: ieee2552C_1ph from C:\repos_addendum\MultiPeriodDistOPF\envs\tadmm\..\..\rawData\ieee2552C_1ph\Master.dss

========================================
Initial Powerflow
========================================
Powerflow completed successfully!

[OpenDSS] Total system load: 2129.58 kW
[OpenDSS] Substation power: 2187.53 kW
[OpenDSS] Total PV dispatch: 0.00 kW
[OpenDSS] Total battery dispatch: 0.00 kW
[OpenDSS] Total system losses: 57.95 kW


================================================================================
[35;1mSOLVING MPOPF WITH SOCP (tADMM)[0m
================================================================================
[36;1mUsing fixed rho = 8000.0[0m
  [tADMM hyperparams] mu_balance=5.00 tau_incr=2.00 tau_decr=4.00 update_interval=5 eps_pri=1.0e-04 eps_dual=5.0e-04 rho_init=8000.0 adaptive=true

================================================================================
[36;1m🎯 tADMM[SOCP]: T=24, ρ_init=8000.0, adaptive=true, warm_start=true, |Bset|=250, |Nset|=2522, |Lset|=2521
[0m================================================================================

******************************************************************************
This program contains Ipopt, a library for large-scale nonlinear optimization.
 Ipopt is released as open source code under the Eclipse Public License (EPL).
         For more information visit https://github.com/coin-or/Ipopt
******************************************************************************

k=  1  obj=$4253.41  ‖r‖=2.71e-03  ‖s‖=3.10e+00  ρ=8000.0  sp_max=40.126s  sp_med=27.137s
k=  2  obj=$4253.43  ‖r‖=2.69e-03  ‖s‖=3.62e+00  ρ=8000.0  sp_max=26.432s  sp_med=9.597s
k=  3  obj=$4253.45  ‖r‖=2.66e-03  ‖s‖=4.17e+00  ρ=8000.0  sp_max=21.949s  sp_med=10.472s
k=  4  obj=$4410.80  ‖r‖=2.49e-03  ‖s‖=3.38e+00  ρ=8000.0  sp_max=17.597s  sp_med=8.941s
[33;1m  [PHASE1-UP] ρ: 8000.0 → 16000.0 (‖r‖=2.23e-03 > ε=1.0e-04)
[0mk=  5  obj=$4863.44  ‖r‖=2.23e-03  ‖s‖=2.55e+00  ρ=16000.0  sp_max=20.287s  sp_med=10.457s
k=  6  obj=$5599.31  ‖r‖=1.84e-03  ‖s‖=3.12e+00  ρ=16000.0  sp_max=24.014s  sp_med=14.369s
k=  7  obj=$6912.80  ‖r‖=1.18e-03  ‖s‖=3.70e+00  ρ=16000.0  sp_max=16.900s  sp_med=8.220s
k=  8  obj=$8002.96  ‖r‖=5.58e-04  ‖s‖=3.94e+00  ρ=16000.0  sp_max=13.405s  sp_med=7.702s
k=  9  obj=$8405.04  ‖r‖=9.61e-05  ‖s‖=3.96e+00  ρ=16000.0  sp_max=13.527s  sp_med=7.632s
[32;1m  [k= 10] Phase 1→2: primal converged
[0m[36;1m  [k= 10] ρ 16000.0 → 4000.0 (s/r=68272064.3, ‖r‖ converged)
[0mk= 10  obj=$8428.74  ‖r‖=5.80e-08  ‖s‖=3.96e+00  ρ=4000.0  sp_max=11.456s  sp_med=7.915s
      [Progress] 269.7s elapsed, 2 iters/min
k= 11  obj=$8364.69  ‖r‖=3.09e-05  ‖s‖=3.90e+00  ρ=4000.0  sp_max=20.120s  sp_med=10.305s
k= 12  obj=$8302.73  ‖r‖=8.15e-05  ‖s‖=3.81e+00  ρ=4000.0  sp_max=15.249s  sp_med=8.674s
k= 13  obj=$8215.57  ‖r‖=1.07e-04  ‖s‖=3.64e+00  ρ=4000.0  sp_max=17.284s  sp_med=10.957s
k= 14  obj=$8154.97  ‖r‖=1.68e-04  ‖s‖=3.15e+00  ρ=4000.0  sp_max=17.196s  sp_med=10.430s
k= 15  obj=$8128.66  ‖r‖=1.65e-04  ‖s‖=2.59e+00  ρ=4000.0  sp_max=21.071s  sp_med=11.805s
k= 16  obj=$8135.51  ‖r‖=1.01e-04  ‖s‖=2.03e+00  ρ=4000.0  sp_max=17.317s  sp_med=10.368s
k= 17  obj=$8149.65  ‖r‖=5.62e-05  ‖s‖=1.61e+00  ρ=4000.0  sp_max=16.388s  sp_med=10.704s
k= 18  obj=$8153.31  ‖r‖=5.27e-05  ‖s‖=1.23e+00  ρ=4000.0  sp_max=17.452s  sp_med=10.141s
k= 19  obj=$8144.02  ‖r‖=4.22e-05  ‖s‖=9.95e-01  ρ=4000.0  sp_max=16.973s  sp_med=10.299s
[36;1m  [k= 20] ρ 4000.0 → 1000.0 (s/r=39336.9, ‖r‖ converged)
[0mk= 20  obj=$8128.12  ‖r‖=2.21e-05  ‖s‖=8.68e-01  ρ=1000.0  sp_max=19.174s  sp_med=9.248s
      [Progress] 492.8s elapsed, 2 iters/min
k= 21  obj=$8099.48  ‖r‖=6.26e-05  ‖s‖=5.37e-01  ρ=1000.0  sp_max=17.155s  sp_med=8.434s
k= 22  obj=$8128.59  ‖r‖=7.81e-05  ‖s‖=2.15e-01  ρ=1000.0  sp_max=16.966s  sp_med=8.969s
k= 23  obj=$8134.30  ‖r‖=5.21e-05  ‖s‖=5.96e-02  ρ=1000.0  sp_max=16.202s  sp_med=8.649s
k= 24  obj=$8130.64  ‖r‖=3.56e-05  ‖s‖=7.54e-02  ρ=1000.0  sp_max=16.486s  sp_med=8.957s
[36;1m  [k= 25] ρ 1000.0 → 250.0 (s/r=2508.1, ‖r‖ converged)
[0mk= 25  obj=$8130.06  ‖r‖=2.79e-05  ‖s‖=7.00e-02  ρ=250.0  sp_max=17.097s  sp_med=9.220s
k= 26  obj=$8124.42  ‖r‖=6.70e-05  ‖s‖=4.48e-02  ρ=250.0  sp_max=14.664s  sp_med=8.821s
k= 27  obj=$8112.47  ‖r‖=8.23e-05  ‖s‖=1.37e-02  ρ=250.0  sp_max=14.970s  sp_med=8.548s
k= 28  obj=$8105.21  ‖r‖=5.63e-05  ‖s‖=1.37e-02  ρ=250.0  sp_max=16.979s  sp_med=8.551s
k= 29  obj=$8105.80  ‖r‖=2.07e-05  ‖s‖=2.04e-02  ρ=250.0  sp_max=16.968s  sp_med=9.426s
[36;1m  [k= 30] ρ 250.0 → 62.5 (s/r=1192.5, ‖r‖ converged)
[0mk= 30  obj=$8110.68  ‖r‖=1.35e-05  ‖s‖=1.61e-02  ρ=62.5  sp_max=19.593s  sp_med=9.931s
      [Progress] 706.5s elapsed, 3 iters/min
k= 31  obj=$8124.37  ‖r‖=7.14e-05  ‖s‖=8.61e-03  ρ=62.5  sp_max=17.971s  sp_med=9.147s
k= 32  obj=$8128.63  ‖r‖=7.53e-05  ‖s‖=8.32e-04  ρ=62.5  sp_max=18.064s  sp_med=8.766s
k= 33  obj=$8125.59  ‖r‖=4.51e-05  ‖s‖=4.20e-03  ρ=62.5  sp_max=16.123s  sp_med=7.811s
k= 34  obj=$8119.33  ‖r‖=9.09e-06  ‖s‖=5.12e-03  ρ=62.5  sp_max=16.911s  sp_med=8.502s
[36;1m  [k= 35] ρ 62.5 → 15.6 (s/r=215.9, ‖r‖ converged)
[0mk= 35  obj=$8113.67  ‖r‖=1.58e-05  ‖s‖=3.42e-03  ρ=15.6  sp_max=17.880s  sp_med=9.082s
k= 36  obj=$8138.49  ‖r‖=1.25e-04  ‖s‖=2.35e-03  ρ=15.6  sp_max=16.234s  sp_med=9.044s
k= 37  obj=$8104.77  ‖r‖=6.56e-05  ‖s‖=1.60e-03  ρ=15.6  sp_max=15.246s  sp_med=8.574s
k= 38  obj=$8089.08  ‖r‖=6.15e-05  ‖s‖=1.30e-03  ρ=15.6  sp_max=17.013s  sp_med=9.140s
k= 39  obj=$8094.05  ‖r‖=4.66e-05  ‖s‖=1.03e-03  ρ=15.6  sp_max=16.881s  sp_med=8.797s
[36;1m  [k= 40] ρ 15.6 → 3.9 (s/r=28.5, ‖r‖ converged)
[0mk= 40  obj=$8108.30  ‖r‖=2.68e-05  ‖s‖=7.64e-04  ρ=3.9  sp_max=17.413s  sp_med=9.126s
      [Progress] 923.2s elapsed, 3 iters/min
k= 41  obj=$8131.44  ‖r‖=5.26e-05  ‖s‖=3.49e-04  ρ=3.9  sp_max=16.946s  sp_med=9.558s
[32;1m🎉 tADMM converged at iteration 41 (‖r‖=5.26e-05 ≤ 1.00e-04, ‖s‖=3.49e-04 ≤ 5.00e-04)
  Final objective: $8131.44
[0m
================================================================================
[36;1m📊 SOLVER PERFORMANCE ANALYSIS (optimize!() times only)[0m
================================================================================
Iterations:       40
Effective time:   737.68 seconds
Wall-clock time:  946.58 seconds
Overhead:         22.1%
================================================================================

--- tADMM RESULT ---
[32;1mObjective: $8131.44
Wall-clock: 946.58 seconds
Effective:  737.68 seconds (41 iterations)
[0m
================================================================================
[36;1mVALIDATING tADMM SOLUTION[0m
================================================================================

================================================================================
SOLUTION VALIDATION: tADMM SOCP
================================================================================
✓ All constraints satisfied!
================================================================================
[32;1m✓ Convergence CSV: C:\repos_addendum\MultiPeriodDistOPF\envs\tadmm\processedData\ieee2552C_1ph_T24\convergence_data.csv[0m
[32;1m✓ Subproblem timing CSV: C:\repos_addendum\MultiPeriodDistOPF\envs\tadmm\processedData\ieee2552C_1ph_T24\subproblem_timing_details.csv[0m
[36;1mLoaded BF results from C:\repos_addendum\MultiPeriodDistOPF\envs\tadmm\processedData\ieee2552C_1ph_T24\results_socp_bf.txt[0m
[36;1mNear-optimal at k=17 (330.32s eff): obj=$8149.65, gap=0.425% vs BF, r=5.62e-05, s=1.61e+00[0m
[32;1m✓ Near-optimal summary: C:\repos_addendum\MultiPeriodDistOPF\envs\tadmm\processedData\ieee2552C_1ph_T24\near_optimal_summary.csv[0m
[32;1m✓ Solution saved: C:\repos_addendum\MultiPeriodDistOPF\envs\tadmm\processedData\ieee2552C_1ph_T24\sol_socp_tadmm.jls[0m
[32;1m✓ tADMM results written to C:\repos_addendum\MultiPeriodDistOPF\envs\tadmm\processedData\ieee2552C_1ph_T24\results_socp_tadmm.txt[0m
[32;1m✓ Live log trimmed to last 100 lines: C:\repos_addendum\MultiPeriodDistOPF\envs\tadmm\processedData\ieee2552C_1ph_T24\tadmm_run.log[0m

================================================================================
[35;1mtADMM PIPELINE COMPLETE[0m
================================================================================
