
================================================================================
PARALLELIZATION STATUS
================================================================================
Julia threads:       16
Status:              Using 16 threads
================================================================================
RHO_OVERRIDE: using rho = 64000.0
EPS_PRI_OVERRIDE: using eps_pri = 0.001
EPS_DUAL_OVERRIDE: using eps_dual = 0.001
ADAPTIVE_RHO_OVERRIDE: adaptive_rho = true

================================================================================
PARSING SYSTEM DATA
================================================================================
Loaded system: ieee123C_1ph from C:\repos_addendum\MultiPeriodDistOPF\envs\tadmm\..\..\rawData\ieee123C_1ph\Master.dss

========================================
Initial Powerflow
========================================
Powerflow completed successfully!

[OpenDSS] Total system load: 872.27 kW
[OpenDSS] Substation power: 877.20 kW
[OpenDSS] Total PV dispatch: 0.00 kW
[OpenDSS] Total battery dispatch: 0.00 kW
[OpenDSS] Total system losses: 4.94 kW


================================================================================
[35;1mSOLVING MPOPF WITH SOCP (tADMM)[0m
================================================================================
[36;1mUsing fixed rho = 64000.0[0m
  [tADMM hyperparams] mu_balance=5.00 tau_incr=2.00 tau_decr=2.00 update_interval=5 eps_pri=1.0e-03 eps_dual=1.0e-03 rho_init=64000.0 adaptive=true

================================================================================
[36;1m🎯 tADMM[SOCP]: T=96, ρ_init=64000.0, adaptive=true, warm_start=true, |Bset|=51, |Nset|=128, |Lset|=127
[0m================================================================================

******************************************************************************
This program contains Ipopt, a library for large-scale nonlinear optimization.
 Ipopt is released as open source code under the Eclipse Public License (EPL).
         For more information visit https://github.com/coin-or/Ipopt
******************************************************************************

k=  1  obj=$1344.01  ‖r‖=1.25e-03  ‖s‖=4.98e+00  ρ=64000.0  sp_max=8.038s  sp_med=6.007s
k=  2  obj=$1862.47  ‖r‖=8.53e-04  ‖s‖=6.11e+00  ρ=64000.0  sp_max=7.588s  sp_med=2.614s
k=  3  obj=$2653.78  ‖r‖=3.78e-04  ‖s‖=6.32e+00  ρ=64000.0  sp_max=6.492s  sp_med=2.645s
k=  4  obj=$2938.79  ‖r‖=1.30e-04  ‖s‖=4.53e+00  ρ=64000.0  sp_max=5.028s  sp_med=1.785s
[32;1m  [k=  5] Phase 1→2: primal converged
[0m[36;1m  [k=  5] ρ 64000.0 → 32000.0 (s/r=572135.3, ‖r‖ converged)
[0mk=  5  obj=$2999.54  ‖r‖=7.01e-06  ‖s‖=4.01e+00  ρ=32000.0  sp_max=3.684s  sp_med=1.668s
k=  6  obj=$2993.91  ‖r‖=3.78e-06  ‖s‖=3.93e+00  ρ=32000.0  sp_max=3.890s  sp_med=1.495s
k=  7  obj=$2988.95  ‖r‖=1.18e-05  ‖s‖=3.66e+00  ρ=32000.0  sp_max=4.117s  sp_med=1.590s
k=  8  obj=$2984.77  ‖r‖=1.20e-05  ‖s‖=3.34e+00  ρ=32000.0  sp_max=5.269s  sp_med=1.617s
k=  9  obj=$2981.08  ‖r‖=1.12e-05  ‖s‖=3.06e+00  ρ=32000.0  sp_max=4.072s  sp_med=1.618s
[36;1m  [k= 10] ρ 32000.0 → 16000.0 (s/r=377071.6, ‖r‖ converged)
[0mk= 10  obj=$2977.32  ‖r‖=7.77e-06  ‖s‖=2.93e+00  ρ=16000.0  sp_max=5.214s  sp_med=1.593s
      [Progress] 195.7s elapsed, 3 iters/min
k= 11  obj=$2970.73  ‖r‖=1.13e-05  ‖s‖=2.83e+00  ρ=16000.0  sp_max=6.008s  sp_med=1.706s
k= 12  obj=$2965.51  ‖r‖=1.30e-05  ‖s‖=2.68e+00  ρ=16000.0  sp_max=4.405s  sp_med=1.610s
k= 13  obj=$2961.19  ‖r‖=1.37e-05  ‖s‖=2.53e+00  ρ=16000.0  sp_max=4.258s  sp_med=1.655s
k= 14  obj=$2956.46  ‖r‖=1.18e-05  ‖s‖=2.43e+00  ρ=16000.0  sp_max=4.070s  sp_med=1.569s
[36;1m  [k= 15] ρ 16000.0 → 8000.0 (s/r=222449.1, ‖r‖ converged)
[0mk= 15  obj=$2951.78  ‖r‖=1.05e-05  ‖s‖=2.34e+00  ρ=8000.0  sp_max=5.231s  sp_med=1.594s
k= 16  obj=$2944.26  ‖r‖=2.62e-05  ‖s‖=2.15e+00  ρ=8000.0  sp_max=3.975s  sp_med=1.600s
k= 17  obj=$2938.09  ‖r‖=3.33e-05  ‖s‖=1.97e+00  ρ=8000.0  sp_max=5.258s  sp_med=1.599s
k= 18  obj=$2931.78  ‖r‖=3.76e-05  ‖s‖=1.78e+00  ρ=8000.0  sp_max=4.332s  sp_med=1.727s
k= 19  obj=$2926.15  ‖r‖=3.78e-05  ‖s‖=1.56e+00  ρ=8000.0  sp_max=4.958s  sp_med=1.840s
[36;1m  [k= 20] ρ 8000.0 → 4000.0 (s/r=37640.2, ‖r‖ converged)
[0mk= 20  obj=$2920.80  ‖r‖=3.60e-05  ‖s‖=1.35e+00  ρ=4000.0  sp_max=7.009s  sp_med=2.151s
      [Progress] 348.7s elapsed, 3 iters/min
k= 21  obj=$2910.98  ‖r‖=5.79e-05  ‖s‖=1.20e+00  ρ=4000.0  sp_max=6.222s  sp_med=1.760s
k= 22  obj=$2903.54  ‖r‖=6.50e-05  ‖s‖=1.07e+00  ρ=4000.0  sp_max=4.509s  sp_med=1.854s
k= 23  obj=$2896.80  ‖r‖=6.47e-05  ‖s‖=9.76e-01  ρ=4000.0  sp_max=4.658s  sp_med=1.810s
k= 24  obj=$2892.01  ‖r‖=6.11e-05  ‖s‖=9.22e-01  ρ=4000.0  sp_max=4.775s  sp_med=1.984s
[36;1m  [k= 25] ρ 4000.0 → 2000.0 (s/r=16153.9, ‖r‖ converged)
[0mk= 25  obj=$2888.86  ‖r‖=5.46e-05  ‖s‖=8.81e-01  ρ=2000.0  sp_max=6.032s  sp_med=1.969s
k= 26  obj=$2881.99  ‖r‖=5.19e-05  ‖s‖=8.65e-01  ρ=2000.0  sp_max=7.980s  sp_med=2.054s
k= 27  obj=$2875.96  ‖r‖=5.40e-05  ‖s‖=8.48e-01  ρ=2000.0  sp_max=6.395s  sp_med=1.917s
k= 28  obj=$2871.58  ‖r‖=5.26e-05  ‖s‖=8.42e-01  ρ=2000.0  sp_max=5.959s  sp_med=2.226s
k= 29  obj=$2868.56  ‖r‖=5.11e-05  ‖s‖=8.43e-01  ρ=2000.0  sp_max=4.149s  sp_med=2.025s
[36;1m  [k= 30] ρ 2000.0 → 1000.0 (s/r=15086.2, ‖r‖ converged)
[0mk= 30  obj=$2866.20  ‖r‖=5.59e-05  ‖s‖=8.43e-01  ρ=1000.0  sp_max=7.136s  sp_med=2.366s
      [Progress] 521.6s elapsed, 3 iters/min
k= 31  obj=$2858.79  ‖r‖=6.77e-05  ‖s‖=8.39e-01  ρ=1000.0  sp_max=5.952s  sp_med=2.230s
k= 32  obj=$2849.42  ‖r‖=6.44e-05  ‖s‖=8.26e-01  ρ=1000.0  sp_max=4.231s  sp_med=2.159s
k= 33  obj=$2841.36  ‖r‖=6.02e-05  ‖s‖=7.90e-01  ρ=1000.0  sp_max=4.675s  sp_med=1.992s
k= 34  obj=$2831.95  ‖r‖=6.18e-05  ‖s‖=7.50e-01  ρ=1000.0  sp_max=7.532s  sp_med=2.359s
[36;1m  [k= 35] ρ 1000.0 → 500.0 (s/r=11427.4, ‖r‖ converged)
[0mk= 35  obj=$2825.48  ‖r‖=6.23e-05  ‖s‖=7.12e-01  ρ=500.0  sp_max=6.003s  sp_med=2.239s
k= 36  obj=$2814.83  ‖r‖=6.82e-05  ‖s‖=6.30e-01  ρ=500.0  sp_max=7.474s  sp_med=2.589s
k= 37  obj=$2810.78  ‖r‖=7.16e-05  ‖s‖=5.16e-01  ρ=500.0  sp_max=9.406s  sp_med=3.215s
k= 38  obj=$2813.22  ‖r‖=8.74e-05  ‖s‖=4.03e-01  ρ=500.0  sp_max=6.981s  sp_med=2.955s
k= 39  obj=$2813.56  ‖r‖=1.02e-04  ‖s‖=3.24e-01  ρ=500.0  sp_max=8.263s  sp_med=3.445s
[36;1m  [k= 40] ρ 500.0 → 250.0 (s/r=2768.2, ‖r‖ converged)
[0mk= 40  obj=$2818.18  ‖r‖=9.66e-05  ‖s‖=2.67e-01  ρ=250.0  sp_max=8.275s  sp_med=3.457s
      [Progress] 728.9s elapsed, 3 iters/min
k= 41  obj=$2829.35  ‖r‖=9.93e-05  ‖s‖=2.08e-01  ρ=250.0  sp_max=7.348s  sp_med=3.269s
k= 42  obj=$2840.24  ‖r‖=1.06e-04  ‖s‖=1.58e-01  ρ=250.0  sp_max=7.306s  sp_med=3.043s
k= 43  obj=$2847.86  ‖r‖=1.17e-04  ‖s‖=1.20e-01  ρ=250.0  sp_max=6.826s  sp_med=2.972s
k= 44  obj=$2853.20  ‖r‖=1.16e-04  ‖s‖=9.19e-02  ρ=250.0  sp_max=5.838s  sp_med=3.261s
[36;1m  [k= 45] ρ 250.0 → 125.0 (s/r=686.1, ‖r‖ converged)
[0mk= 45  obj=$2858.93  ‖r‖=1.04e-04  ‖s‖=7.15e-02  ρ=125.0  sp_max=7.881s  sp_med=3.226s
k= 46  obj=$2867.05  ‖r‖=1.02e-04  ‖s‖=5.35e-02  ρ=125.0  sp_max=5.752s  sp_med=3.042s
k= 47  obj=$2870.70  ‖r‖=9.70e-05  ‖s‖=3.70e-02  ρ=125.0  sp_max=6.246s  sp_med=3.130s
k= 48  obj=$2873.02  ‖r‖=9.84e-05  ‖s‖=2.55e-02  ρ=125.0  sp_max=4.908s  sp_med=2.997s
k= 49  obj=$2871.31  ‖r‖=9.43e-05  ‖s‖=1.91e-02  ρ=125.0  sp_max=5.267s  sp_med=3.164s
[36;1m  [k= 50] ρ 125.0 → 62.5 (s/r=201.3, ‖r‖ converged)
[0mk= 50  obj=$2867.78  ‖r‖=9.02e-05  ‖s‖=1.82e-02  ρ=62.5  sp_max=6.878s  sp_med=3.566s
      [Progress] 953.8s elapsed, 3 iters/min
k= 51  obj=$2863.50  ‖r‖=1.16e-04  ‖s‖=1.51e-02  ρ=62.5  sp_max=5.071s  sp_med=2.973s
k= 52  obj=$2860.30  ‖r‖=1.20e-04  ‖s‖=1.07e-02  ρ=62.5  sp_max=5.527s  sp_med=3.055s
k= 53  obj=$2855.74  ‖r‖=1.06e-04  ‖s‖=8.51e-03  ρ=62.5  sp_max=5.113s  sp_med=3.071s
k= 54  obj=$2848.84  ‖r‖=9.60e-05  ‖s‖=7.85e-03  ρ=62.5  sp_max=5.562s  sp_med=2.954s
[36;1m  [k= 55] ρ 62.5 → 31.2 (s/r=91.0, ‖r‖ converged)
[0mk= 55  obj=$2842.02  ‖r‖=8.28e-05  ‖s‖=7.54e-03  ρ=31.2  sp_max=5.184s  sp_med=3.016s
k= 56  obj=$2834.82  ‖r‖=9.27e-05  ‖s‖=5.72e-03  ρ=31.2  sp_max=8.456s  sp_med=3.146s
k= 57  obj=$2832.14  ‖r‖=1.02e-04  ‖s‖=4.47e-03  ρ=31.2  sp_max=5.902s  sp_med=3.178s
k= 58  obj=$2833.02  ‖r‖=9.99e-05  ‖s‖=3.35e-03  ρ=31.2  sp_max=5.307s  sp_med=3.216s
k= 59  obj=$2835.48  ‖r‖=8.56e-05  ‖s‖=2.57e-03  ρ=31.2  sp_max=4.988s  sp_med=3.047s
[36;1m  [k= 60] ρ 31.2 → 15.6 (s/r=26.6, ‖r‖ converged)
[0mk= 60  obj=$2837.49  ‖r‖=7.71e-05  ‖s‖=2.05e-03  ρ=15.6  sp_max=4.582s  sp_med=3.082s
      [Progress] 1165.3s elapsed, 3 iters/min
k= 61  obj=$2840.18  ‖r‖=6.70e-05  ‖s‖=1.59e-03  ρ=15.6  sp_max=5.713s  sp_med=3.030s
k= 62  obj=$2840.15  ‖r‖=6.00e-05  ‖s‖=1.23e-03  ρ=15.6  sp_max=5.484s  sp_med=3.112s
k= 63  obj=$2841.61  ‖r‖=5.34e-05  ‖s‖=1.17e-03  ρ=15.6  sp_max=7.867s  sp_med=3.132s
k= 64  obj=$2840.83  ‖r‖=5.00e-05  ‖s‖=1.27e-03  ρ=15.6  sp_max=7.091s  sp_med=3.393s
[36;1m  [k= 65] ρ 15.6 → 7.8 (s/r=26.6, ‖r‖ converged)
[0mk= 65  obj=$2839.24  ‖r‖=5.03e-05  ‖s‖=1.34e-03  ρ=7.8  sp_max=4.834s  sp_med=3.197s
k= 66  obj=$2839.71  ‖r‖=6.02e-05  ‖s‖=1.20e-03  ρ=7.8  sp_max=5.212s  sp_med=3.342s
k= 67  obj=$2839.13  ‖r‖=6.49e-05  ‖s‖=9.93e-04  ρ=7.8  sp_max=5.853s  sp_med=3.182s
[32;1m🎉 tADMM converged at iteration 67 (‖r‖=6.49e-05 ≤ 1.00e-03, ‖s‖=9.93e-04 ≤ 1.00e-03)
  Final objective: $2839.13
[0m
================================================================================
[36;1m📊 SOLVER PERFORMANCE ANALYSIS (optimize!() times only)[0m
================================================================================
Iterations:       66
Effective time:   391.50 seconds
Wall-clock time:  1321.55 seconds
Overhead:         70.4%
================================================================================

--- tADMM RESULT ---
[32;1mObjective: $2839.13
Wall-clock: 1321.55 seconds
Effective:  391.50 seconds (67 iterations)
[0m
================================================================================
[36;1mVALIDATING tADMM SOLUTION[0m
================================================================================

================================================================================
SOLUTION VALIDATION: tADMM SOCP
================================================================================
✓ All constraints satisfied!
================================================================================
[32;1m✓ Convergence CSV: C:\repos_addendum\MultiPeriodDistOPF\envs\tadmm\processedData\ieee123C_1ph_T96\convergence_data.csv[0m
[32;1m✓ Subproblem timing CSV: C:\repos_addendum\MultiPeriodDistOPF\envs\tadmm\processedData\ieee123C_1ph_T96\subproblem_timing_details.csv[0m
[36;1mLoaded BF results from C:\repos_addendum\MultiPeriodDistOPF\envs\tadmm\processedData\ieee123C_1ph_T96\results_socp_bf.txt[0m
[36;1mNear-optimal at k=36 (196.58s eff): obj=$2814.83, gap=0.289% vs BF, r=6.82e-05, s=6.30e-01[0m
[32;1m✓ Near-optimal summary: C:\repos_addendum\MultiPeriodDistOPF\envs\tadmm\processedData\ieee123C_1ph_T96\near_optimal_summary.csv[0m
[32;1m✓ Solution saved: C:\repos_addendum\MultiPeriodDistOPF\envs\tadmm\processedData\ieee123C_1ph_T96\sol_socp_tadmm.jls[0m
[32;1m✓ tADMM results written to C:\repos_addendum\MultiPeriodDistOPF\envs\tadmm\processedData\ieee123C_1ph_T96\results_socp_tadmm.txt[0m
[32;1m✓ Live log trimmed to last 100 lines: C:\repos_addendum\MultiPeriodDistOPF\envs\tadmm\processedData\ieee123C_1ph_T96\tadmm_run.log[0m

================================================================================
[35;1mtADMM PIPELINE COMPLETE[0m
================================================================================
