OPENDSS_CHECK ieee2522C_1ph_T192_diag_jt8_cbsys_typed_tree3_screen_warm_blocked_w16_r1 | ieee2522C_1ph T=192 | converged=true | source 1.05 pu in the DSS file, 1.05 used | devices on the substation bus skipped: 0 | PV kW, DSS against instance: 8.9e-16 | line C1 0 nF
    t   P_opf kW   P_dss kW   diff %  loss_opf  loss_dss   fict kW    dV max Vmin dss Vmax dss    low   high
    1    4287.54    4279.25   0.1936   390.079   381.794     6.862  6.00e-04   0.9505   1.0500      0      0
    2    4275.05    4266.77   0.1941   387.652   379.369     6.863  6.02e-04   0.9505   1.0500      0      0
    3    4256.72    4248.45   0.1948   384.304   376.027     6.863  6.02e-04   0.9505   1.0500      0      0
    4    4230.26    4222.00   0.1958   379.761   371.495     6.862  6.02e-04   0.9505   1.0500      0      0
    5    4194.20    4185.96   0.1970   373.906   365.659     6.859  6.01e-04   0.9505   1.0500      0      0
    6    4147.64    4139.42   0.1985   366.629   358.411     6.848  5.98e-04   0.9506   1.0500      0      0
    7    4092.08    4083.91   0.2002   358.091   349.915     6.830  5.95e-04   0.9506   1.0500      0      0
    8    4029.51    4021.39   0.2020   348.462   340.337     6.806  5.91e-04   0.9507   1.0500      0      0
    9    3961.17    3953.11   0.2040   337.864   329.798     6.776  5.86e-04   0.9507   1.0500      0      0
   10    3888.75    3880.74   0.2062   326.618   318.618     6.741  5.81e-04   0.9509   1.0500      0      0
   11    3814.37    3806.44   0.2084   315.171   307.240     6.704  5.75e-04   0.9511   1.0500      0      0
   12    3739.38    3731.52   0.2107   303.796   295.935     6.664  5.70e-04   0.9515   1.0500      0      0
   13    3664.33    3656.54   0.2130   292.584   284.794     6.625  5.64e-04   0.9521   1.0500      0      0
   14    3589.72    3582.00   0.2155   281.587   273.869     6.585  5.58e-04   0.9530   1.0500      0      0
   15    3516.56    3508.91   0.2179   270.914   263.267     6.545  5.53e-04   0.9542   1.0500      0      0
   16    3446.37    3438.79   0.2203   260.720   253.144     6.505  5.47e-04   0.9555   1.0500      0      0
   17    3381.06    3373.55   0.2225   251.177   243.670     6.465  5.42e-04   0.9569   1.0500      0      0
   18    3322.59    3315.15   0.2244   242.452   235.014     6.424  5.37e-04   0.9583   1.0500      0      0
   19    3272.26    3264.89   0.2258   234.681   227.309     6.383  5.32e-04   0.9597   1.0500      0      0
   20    3230.10    3222.80   0.2267   227.905   220.598     6.342  5.27e-04   0.9610   1.0500      0      0
   21    3194.49    3187.25   0.2273   221.993   214.748     6.300  5.22e-04   0.9623   1.0500      0      0
   22    3162.32    3155.13   0.2277   216.610   209.425     6.259  5.18e-04   0.9635   1.0500      0      0
   23    3129.98    3122.85   0.2282   211.347   204.221     6.220  5.13e-04   0.9646   1.0500      0      0
   24    3094.87    3087.80   0.2290   205.942   198.871     6.184  5.09e-04   0.9658   1.0500      0      0
   25    3056.06    3049.04   0.2302   200.344   193.325     6.150  5.05e-04   0.9669   1.0500      0      0
   26    3013.94    3006.98   0.2317   194.635   187.666     6.119  5.01e-04   0.9681   1.0500      0      0
   27    2969.63    2962.71   0.2336   188.937   182.017     6.090  4.97e-04   0.9692   1.0500      0      0
   28    2924.38    2917.50   0.2357   183.363   176.487     6.063  4.94e-04   0.9704   1.0500      0      0
   29    2879.31    2872.47   0.2379   177.992   171.160     6.037  4.91e-04   0.9715   1.0500      0      0
   30    2835.22    2828.43   0.2401   172.877   166.085     6.013  4.87e-04   0.9725   1.0500      0      0
   31    2792.68    2785.93   0.2424   168.049   161.296     5.990  4.84e-04   0.9736   1.0500      0      0
   32    2752.04    2745.33   0.2447   163.523   156.806     5.968  4.82e-04   0.9745   1.0500      0      0
   33    2713.55    2706.87   0.2469   159.308   152.625     5.948  4.79e-04   0.9754   1.0500      0      0
   34    2677.37    2670.71   0.2490   155.406   148.755     5.929  4.77e-04   0.9763   1.0500      0      0
   35    2643.61    2636.99   0.2511   151.815   145.194     5.911  4.74e-04   0.9771   1.0500      0      0
   36    2612.36    2605.77   0.2530   148.533   141.940     5.894  4.72e-04   0.9779   1.0500      0      0
   37    2583.70    2577.13   0.2548   145.556   138.988     5.879  4.70e-04   0.9785   1.0500      0      0
   38    2557.66    2551.11   0.2565   142.879   136.335     5.864  4.68e-04   0.9792   1.0500      0      0
   39    2534.28    2527.76   0.2580   140.497   133.974     5.851  4.67e-04   0.9797   1.0500      0      0
   40    2513.59    2507.09   0.2594   138.405   131.902     5.839  4.65e-04   0.9802   1.0500      0      0
   41    2495.61    2489.12   0.2606   136.598   130.112     5.828  4.64e-04   0.9806   1.0500      0      0
   42    2480.34    2473.87   0.2616   135.072   128.601     5.818  4.63e-04   0.9810   1.0500      0      0
   43    2467.80    2461.34   0.2624   133.821   127.363     5.809  4.62e-04   0.9813   1.0500      0      0
   44    2457.98    2451.53   0.2630   132.842   126.396     5.801  4.61e-04   0.9815   1.0500      0      0
   45    2450.88    2444.44   0.2633   132.132   125.695     5.795  4.60e-04   0.9817   1.0500      0      0
   46    2446.48    2440.05   0.2635   131.687   125.257     5.790  4.60e-04   0.9818   1.0500      0      0
   47    2444.78    2438.35   0.2635   131.505   125.080     5.785  4.59e-04   0.9818   1.0500      0      0
   48    2445.75    2439.33   0.2633   131.583   125.162     5.782  4.59e-04   0.9818   1.0500      0      0
   49    2421.14    2414.72   0.2659   129.265   122.844     5.788  4.59e-04   0.9824   1.0500      0      0
   50    2399.23    2392.81   0.2684   127.228   120.806     5.794  4.59e-04   0.9829   1.0500      0      0
   51    2380.05    2373.63   0.2707   125.467   119.041     5.802  4.59e-04   0.9833   1.0500      0      0
   52    2363.63    2357.20   0.2728   123.980   117.549     5.811  4.59e-04   0.9837   1.0500      0      0
   53    2349.98    2343.55   0.2747   122.762   116.324     5.820  4.60e-04   0.9840   1.0500      0      0
   54    2339.14    2332.69   0.2764   121.812   115.364     5.831  4.60e-04   0.9843   1.0500      0      0
   55    2331.11    2324.65   0.2778   121.127   114.668     5.843  4.61e-04   0.9844   1.0500      0      0
   56    2325.89    2319.42   0.2790   120.704   114.232     5.857  4.62e-04   0.9845   1.0500      0      0
   57    2323.48    2317.00   0.2800   120.542   114.055     5.871  4.63e-04   0.9846   1.0500      0      0
   58    2323.88    2317.38   0.2807   120.639   114.135     5.886  4.64e-04   0.9845   1.0500      0      0
   59    2327.05    2320.53   0.2811   120.993   114.470     5.903  4.66e-04   0.9844   1.0500      0      0
   60    2332.96    2326.42   0.2813   121.601   115.057     5.920  4.67e-04   0.9843   1.0500      0      0
   61    2341.55    2334.99   0.2813   122.460   115.892     5.939  4.69e-04   0.9840   1.0500      0      0
   62    2352.74    2346.14   0.2810   123.563   116.969     5.959  4.71e-04   0.9837   1.0500      0      0
   63    2366.37    2359.75   0.2806   124.899   118.277     5.980  4.73e-04   0.9834   1.0500      0      0
   64    2382.27    2375.62   0.2799   126.452   119.802     6.003  4.75e-04   0.9829   1.0500      0      0
   65    2400.22    2393.53   0.2792   128.207   121.525     6.026  4.77e-04   0.9824   1.0500      0      0
   66    2419.84    2413.13   0.2784   130.132   123.415     6.052  4.80e-04   0.9819   1.0500      0      0
   67    2440.34    2433.58   0.2775   132.144   125.390     6.079  4.83e-04   0.9813   1.0500      0      0
   68    2460.62    2453.83   0.2768   134.134   127.342     6.107  4.86e-04   0.9807   1.0500      0      0
   69    2478.98    2472.15   0.2764   135.925   129.092     6.139  4.89e-04   0.9802   1.0500      0      0
   70    2492.78    2485.91   0.2766   137.241   130.364     6.173  4.92e-04   0.9797   1.0500      0      0
   71    2498.77    2491.85   0.2778   137.739   130.816     6.212  4.95e-04   0.9796   1.0500      0      0
   72    2494.10    2487.13   0.2803   137.132   130.160     6.257  4.99e-04   0.9796   1.0500      0      0
   73    2478.41    2471.39   0.2842   135.413   128.389     6.307  5.03e-04   0.9799   1.0500      0      0
   74    2454.64    2447.56   0.2892   132.925   125.846     6.362  5.07e-04   0.9804   1.0500      0      0
   75    2426.77    2419.63   0.2949   130.086   122.951     6.420  5.11e-04   0.9809   1.0500      0      0
   76    2397.54    2390.35   0.3010   127.167   119.972     6.481  5.15e-04   0.9814   1.0500      0      0
   77    2368.31    2361.06   0.3074   124.297   117.039     6.544  5.19e-04   0.9819   1.0500      0      0
   78    2339.67    2332.35   0.3140   121.529   114.206     6.609  5.24e-04   0.9824   1.0500      0      0
   79    2311.87    2304.47   0.3207   118.882   111.491     6.677  5.29e-04   0.9828   1.0500      0      0
   80    2284.99    2277.53   0.3276   116.366   108.904     6.746  5.34e-04   0.9832   1.0500      0      0
   81    2259.12    2251.58   0.3346   113.982   106.447     6.818  5.39e-04   0.9836   1.0500      0      0
   82    2234.27    2226.66   0.3418   111.730   104.119     6.892  5.45e-04   0.9839   1.0500      0      0
   83    2210.48    2202.79   0.3491   109.612   101.922     6.968  5.50e-04   0.9839   1.0500      0      0
   84    2187.78    2180.00   0.3565   107.624    99.852     7.047  5.56e-04   0.9839   1.0500      0      0
   85    2166.17    2158.32   0.3640   105.767    97.910     7.129  5.62e-04   0.9838   1.0500      0      0
   86    2145.70    2137.75   0.3717   104.037    96.092     7.212  5.69e-04   0.9837   1.0500      0      0
   87    2126.36    2118.32   0.3794   102.431    94.395     7.299  5.75e-04   0.9836   1.0500      0      0
   88    2108.18    2100.05   0.3872   100.948    92.817     7.389  5.82e-04   0.9835   1.0500      0      0
   89    2091.17    2082.95   0.3950    99.584    91.355     7.481  5.89e-04   0.9834   1.0500      0      0
   90    2075.36    2067.03   0.4030    98.336    90.006     7.576  5.97e-04   0.9834   1.0500      0      0
   91    2060.74    2052.31   0.4110    97.200    88.766     7.675  6.04e-04   0.9834   1.0500      0      0
   92    2047.34    2038.79   0.4190    96.173    87.631     7.776  6.12e-04   0.9835   1.0500      0      0
   93    2035.15    2026.50   0.4270    95.254    86.601     7.881  6.20e-04   0.9836   1.0500      0      0
   94    2024.21    2015.44   0.4351    94.440    85.671     7.990  6.28e-04   0.9838   1.0500      0      0
   95    2014.50    2005.62   0.4431    93.728    84.841     8.101  6.36e-04   0.9840   1.0500      0      0
   96    2006.05    1997.04   0.4511    93.119    84.110     8.216  6.45e-04   0.9843   1.0500      0      0
   97    1998.86    1989.72   0.4591    92.612    83.477     8.335  6.54e-04   0.9847   1.0500      0      0
   98    1992.94    1983.67   0.4671    92.207    82.942     8.457  6.63e-04   0.9851   1.0500      0      0
   99    1988.29    1978.89   0.4749    91.905    82.507     8.583  6.72e-04   0.9855   1.0500      0      0
  100    1984.92    1975.39   0.4827    91.708    82.172     8.711  6.82e-04   0.9861   1.0500      0      0
  101    1982.84    1973.17   0.4904    91.617    81.940     8.844  6.92e-04   0.9866   1.0500      0      0
  102    1982.05    1972.23   0.4980    91.634    81.813     8.979  7.02e-04   0.9872   1.0500      0      0
  103    1982.56    1972.59   0.5054    91.762    81.793     9.118  7.12e-04   0.9878   1.0500      0      0
  104    1984.37    1974.25   0.5126    92.003    81.882     9.260  7.22e-04   0.9885   1.0500      0      0
  105    1987.47    1977.19   0.5197    92.359    82.083     9.405  7.33e-04   0.9891   1.0500      0      0
  106    1991.87    1981.43   0.5266    92.832    82.397     9.552  7.44e-04   0.9897   1.0500      0      0
  107    1997.56    1986.97   0.5333    93.422    82.826     9.702  7.55e-04   0.9903   1.0500      0      0
  108    2004.55    1993.79   0.5397    94.132    83.371     9.855  7.66e-04   0.9906   1.0500      0      0
  109    2012.83    2001.90   0.5459    94.961    84.033    10.009  7.78e-04   0.9907   1.0500      0      0
  110    2022.39    2011.30   0.5519    95.912    84.812    10.166  7.90e-04   0.9909   1.0500      0      0
  111    2033.27    2021.99   0.5575    96.985    85.713    10.324  8.02e-04   0.9909   1.0500      0      0
  112    2045.49    2034.05   0.5628    98.188    86.740    10.483  8.14e-04   0.9910   1.0500      0      0
  113    2059.22    2047.59   0.5678    99.536    87.910    10.643  8.27e-04   0.9909   1.0500      0      0
  114    2074.83    2063.02   0.5723   101.071    89.265    10.804  8.39e-04   0.9908   1.0500      0      0
  115    2093.22    2081.24   0.5760   102.893    90.905    10.964  8.52e-04   0.9906   1.0500      0      0
  116    2116.21    2104.04   0.5784   105.201    93.031    11.122  8.65e-04   0.9903   1.0500      0      0
  117    2146.49    2134.14   0.5788   108.301    95.949    11.275  8.78e-04   0.9896   1.0500      0      0
  118    2186.50    2173.97   0.5766   112.468    99.932    11.422  8.91e-04   0.9887   1.0500      0      0
  119    2237.14    2224.42   0.5717   117.802   105.085    11.561  9.05e-04   0.9875   1.0500      0      0
  120    2297.76    2284.86   0.5644   124.229   111.332    11.693  9.18e-04   0.9860   1.0500      0      0
  121    2366.98    2353.90   0.5556   131.607   118.529    11.820  9.32e-04   0.9843   1.0500      0      0
  122    2442.84    2429.58   0.5456   139.748   126.492    11.941  9.45e-04   0.9824   1.0500      0      0
  123    2523.30    2509.87   0.5352   148.483   135.050    12.056  9.59e-04   0.9804   1.0500      0      0
  124    2606.54    2592.93   0.5248   157.674   144.066    12.168  9.72e-04   0.9784   1.0500      0      0
  125    2691.02    2677.24   0.5147   167.207   153.428    12.275  9.85e-04   0.9764   1.0500      0      0
  126    2775.62    2761.67   0.5050   176.991   163.044    12.378  9.98e-04   0.9743   1.0500      0      0
  127    2859.52    2845.41   0.4959   186.947   172.836    12.477  1.01e-03   0.9723   1.0500      0      0
  128    2942.14    2927.87   0.4874   197.010   182.740    12.571  1.02e-03   0.9704   1.0500      0      0
  129    3023.07    3008.64   0.4794   207.119   192.697    12.660  1.03e-03   0.9685   1.0500      0      0
  130    3101.95    3087.38   0.4719   217.219   202.650    12.744  1.04e-03   0.9667   1.0500      0      0
  131    3178.51    3163.81   0.4649   227.253   212.545    12.821  1.06e-03   0.9650   1.0500      0      0
  132    3252.52    3237.68   0.4583   237.169   222.330    12.893  1.07e-03   0.9634   1.0500      0      0
  133    3323.74    3308.78   0.4522   246.914   231.952    12.958  1.07e-03   0.9618   1.0500      0      0
  134    3391.99    3376.92   0.4464   256.433   241.358    13.017  1.08e-03   0.9604   1.0500      0      0
  135    3457.07    3441.90   0.4410   265.676   250.498    13.068  1.09e-03   0.9591   1.0500      0      0
  136    3518.82    3503.55   0.4359   274.589   259.319    13.112  1.10e-03   0.9579   1.0500      0      0
  137    3577.08    3561.73   0.4310   283.124   267.773    13.147  1.10e-03   0.9568   1.0500      0      0
  138    3631.70    3616.28   0.4264   291.233   275.812    13.174  1.11e-03   0.9558   1.0500      0      0
  139    3682.57    3667.10   0.4221   298.870   283.393    13.193  1.11e-03   0.9550   1.0500      0      0
  140    3729.59    3714.07   0.4179   305.996   290.475    13.204  1.12e-03   0.9543   1.0500      0      0
  141    3772.69    3757.14   0.4140   312.576   297.024    13.205  1.12e-03   0.9537   1.0500      0      0
  142    3811.81    3796.24   0.4102   318.580   303.009    13.198  1.12e-03   0.9532   1.0500      0      0
  143    3846.93    3831.35   0.4066   323.982   308.405    13.183  1.12e-03   0.9529   1.0500      0      0
  144    3878.04    3862.47   0.4031   328.764   313.194    13.159  1.12e-03   0.9525   1.0500      0      0
  145    3874.49    3858.90   0.4038   328.261   312.680    13.171  1.12e-03   0.9526   1.0500      0      0
  146    3867.63    3852.04   0.4046   327.227   311.643    13.177  1.12e-03   0.9527   1.0500      0      0
  147    3857.42    3841.84   0.4054   325.654   310.077    13.177  1.12e-03   0.9528   1.0500      0      0
  148    3843.81    3828.25   0.4064   323.535   307.976    13.171  1.12e-03   0.9529   1.0500      0      0
  149    3826.73    3811.20   0.4076   320.865   305.332    13.159  1.12e-03   0.9531   1.0500      0      0
  150    3806.13    3790.63   0.4088   317.638   302.143    13.139  1.12e-03   0.9534   1.0500      0      0
  151    3781.95    3766.50   0.4101   313.856   298.408    13.113  1.11e-03   0.9537   1.0500      0      0
  152    3754.15    3738.77   0.4116   309.521   294.132    13.079  1.11e-03   0.9540   1.0500      0      0
  153    3722.73    3707.41   0.4132   304.642   289.323    13.039  1.10e-03   0.9545   1.0500      0      0
  154    3687.68    3672.44   0.4150   299.234   283.995    12.991  1.10e-03   0.9550   1.0500      0      0
  155    3649.04    3633.89   0.4169   293.318   278.169    12.936  1.09e-03   0.9557   1.0500      0      0
  156    3606.88    3591.84   0.4189   286.921   271.874    12.874  1.08e-03   0.9564   1.0500      0      0
  157    3561.31    3546.37   0.4212   280.080   265.143    12.806  1.07e-03   0.9572   1.0500      0      0
  158    3512.46    3497.64   0.4236   272.833   258.015    12.731  1.07e-03   0.9582   1.0500      0      0
  159    3460.51    3445.82   0.4263   265.227   250.538    12.650  1.06e-03   0.9592   1.0500      0      0
  160    3405.69    3391.14   0.4291   257.316   242.763    12.564  1.05e-03   0.9604   1.0500      0      0
  161    3348.27    3333.86   0.4322   249.156   234.747    12.472  1.04e-03   0.9616   1.0500      0      0
  162    3288.62    3274.36   0.4355   240.815   226.556    12.375  1.02e-03   0.9629   1.0500      0      0
  163    3227.22    3213.11   0.4389   232.370   218.267    12.274  1.01e-03   0.9643   1.0500      0      0
  164    3164.75    3150.81   0.4425   223.917   209.975    12.167  1.00e-03   0.9657   1.0500      0      0
  165    3102.21    3088.43   0.4461   215.578   201.801    12.056  9.88e-04   0.9671   1.0500      0      0
  166    3041.03    3027.43   0.4494   207.512   193.906    11.940  9.75e-04   0.9686   1.0500      0      0
  167    2983.12    2969.69   0.4523   199.917   186.484    11.819  9.63e-04   0.9700   1.0500      0      0
  168    2930.42    2917.16   0.4544   192.979   179.723    11.692  9.49e-04   0.9713   1.0500      0      0
  169    2883.69    2870.61   0.4555   186.748   173.671    11.560  9.36e-04   0.9726   1.0500      0      0
  170    2840.81    2827.91   0.4560   180.946   168.050    11.425  9.23e-04   0.9737   1.0500      0      0
  171    2796.33    2783.61   0.4568   174.971   162.256    11.289  9.09e-04   0.9750   1.0500      0      0
  172    2744.31    2731.78   0.4588   168.266   155.733    11.157  8.96e-04   0.9763   1.0500      0      0
  173    2681.89    2669.54   0.4627   160.690   148.337    11.029  8.82e-04   0.9780   1.0500      0      0
  174    2609.81    2597.63   0.4686   152.449   140.276    10.905  8.69e-04   0.9798   1.0500      0      0
  175    2530.54    2518.54   0.4763   143.841   131.845    10.783  8.56e-04   0.9818   1.0500      0      0
  176    2446.43    2434.62   0.4854   135.106   123.287    10.663  8.42e-04   0.9838   1.0500      0      0
  177    2359.13    2347.49   0.4960   126.405   114.762    10.545  8.29e-04   0.9860   1.0500      0      0
  178    2269.68    2258.21   0.5079   117.846   106.377    10.428  8.16e-04   0.9882   1.0500      0      0
  179    2178.79    2167.50   0.5212   109.501    98.203    10.312  8.03e-04   0.9904   1.0500      0      0
  180    2087.03    2075.90   0.5361   101.424    90.296    10.197  7.90e-04   0.9927   1.0500      0      0
  181    1994.93    1983.97   0.5525    93.663    82.702    10.083  7.77e-04   0.9950   1.0500      0      0
  182    1903.15    1892.36   0.5706    86.265    75.469     9.971  7.65e-04   0.9972   1.0500      0      0
  183    1812.86    1802.23   0.5901    79.298    68.662     9.859  7.53e-04   0.9995   1.0500      0      0
  184    1726.37    1715.90   0.6106    72.877    62.400     9.748  7.41e-04   1.0016   1.0500      0      0
  185    1647.65    1637.32   0.6304    67.195    56.874     9.636  7.29e-04   1.0036   1.0500      0      0
  186    1581.17    1571.00   0.6473    62.467    52.297     9.521  7.18e-04   1.0053   1.0500      0      0
  187    1530.83    1520.81   0.6588    58.867    48.847     9.402  7.07e-04   1.0066   1.0500      0      0
  188    1499.05    1489.17   0.6630    56.511    46.638     9.278  6.96e-04   1.0075   1.0500      0      0
  189    1484.52    1474.79   0.6597    55.327    45.598     9.149  6.86e-04   1.0079   1.0500      0      0
  190    1481.24    1471.66   0.6515    54.928    45.340     9.018  6.76e-04   1.0079   1.0500      0      0
  191    1483.19    1473.74   0.6413    54.892    45.442     8.888  6.66e-04   1.0079   1.0500      0      0
  192    1487.56    1478.24   0.6302    55.023    45.706     8.760  6.57e-04   1.0078   1.0500      0      0
OPENDSS_SUMMARY ieee2522C_1ph_T192_diag_jt8_cbsys_typed_tree3_screen_warm_blocked_w16_r1 | import: optimizer 65478.27 kWh, OpenDSS 65237.12 kWh (+0.3697%) | losses: optimizer 4221.90, OpenDSS 3980.74 kWh, of which not physical 213.62 kWh
OPENDSS_SUMMARY ieee2522C_1ph_T192_diag_jt8_cbsys_typed_tree3_screen_warm_blocked_w16_r1 | voltage: largest difference 1.12e-03 pu | OpenDSS range 0.9505-1.0500 pu (optimizer lowest 0.9501) | below limit: 0 of 484032 bus-periods, worst 0.00e+00 pu | above limit: 0, worst 0.00e+00 pu (tolerance 1e-04)
OPENDSS_SUMMARY ieee2522C_1ph_T192_diag_jt8_cbsys_typed_tree3_screen_warm_blocked_w16_r1 | objective: optimizer 9048.735799, with OpenDSS import 9018.182432 (-0.3377%)
