OPENDSS_CHECK ieee123C_1ph_T96_diag_tableII_cbsys_typed_sd_screen_warm_strict_blocked_w16_r1 | ieee123C_1ph T=96 | converged=true | source 1.05 pu in the DSS file, 1.05 used | devices on the substation bus skipped: 0 | PV kW, DSS against instance: 3.6e-15 | line C1 0 nF
    t   P_opf kW   P_dss kW   diff %  loss_opf  loss_dss   fict kW    dV max Vmin dss Vmax dss    low   high
    1    1509.90    1509.90   0.0000    39.816    39.816     0.000  1.92e-08   1.0131   1.0500      0      0
    2    1514.80    1514.80   0.0000    40.069    40.069     0.000  1.86e-08   1.0130   1.0500      0      0
    3    1485.90    1485.90   0.0000    38.483    38.483     0.000  1.80e-08   1.0138   1.0500      0      0
    4    1416.69    1416.69   0.0000    34.991    34.991     0.000  1.76e-08   1.0155   1.0500      0      0
    5    1329.60    1329.60   0.0000    30.923    30.923     0.000  1.71e-08   1.0176   1.0500      0      0
    6    1245.03    1245.03   0.0000    27.221    27.221     0.000  1.66e-08   1.0197   1.0500      0      0
    7    1163.29    1163.29   0.0000    23.875    23.875     0.000  1.63e-08   1.0217   1.0500      0      0
    8    1089.88    1089.88   0.0000    21.038    21.038     0.000  1.60e-08   1.0235   1.0500      0      0
    9    1048.26    1048.26   0.0000    19.461    19.461     0.000  1.58e-08   1.0245   1.0500      0      0
   10    1041.72    1041.72   0.0000    19.193    19.193     0.000  1.54e-08   1.0246   1.0500      0      0
   11    1049.50    1049.50   0.0000    19.485    19.485     0.000  1.52e-08   1.0243   1.0500      0      0
   12    1057.36    1057.36   0.0000    19.783    19.782     0.000  1.48e-08   1.0240   1.0500      0      0
   13    1057.54    1057.54   0.0000    19.765    19.765     0.000  1.45e-08   1.0239   1.0500      0      0
   14    1034.99    1034.99   0.0000    18.902    18.902     0.000  1.44e-08   1.0244   1.0500      0      0
   15     997.56     997.56   0.0000    17.576    17.576     0.000  1.42e-08   1.0251   1.0500      0      0
   16     952.61     952.61   0.0000    16.083    16.083     0.000  1.41e-08   1.0260   1.0500      0      0
   17     911.39     911.39   0.0000    14.795    14.795     0.000  1.39e-08   1.0268   1.0500      0      0
   18     875.31     875.31   0.0000    13.716    13.716     0.000  1.36e-08   1.0275   1.0500      0      0
   19     844.48     844.48   0.0000    12.830    12.830     0.000  1.37e-08   1.0281   1.0500      0      0
   20     819.00     819.00   0.0000    12.123    12.123     0.000  1.34e-08   1.0285   1.0500      0      0
   21     798.92     798.92   0.0000    11.584    11.584     0.000  1.35e-08   1.0288   1.0500      0      0
   22     784.30     784.30   0.0000    11.203    11.203     0.000  1.34e-08   1.0290   1.0500      0      0
   23     775.18     775.18   0.0000    10.973    10.973     0.000  1.34e-08   1.0290   1.0500      0      0
   24     771.58     771.58   0.0000    10.891    10.890     0.000  1.32e-08   1.0290   1.0500      0      0
   25     744.71     744.71   0.0000    10.222    10.222     0.000  1.33e-08   1.0294   1.0500      0      0
   26     723.48     723.48   0.0000     9.717     9.717     0.000  1.33e-08   1.0296   1.0500      0      0
   27     707.96     707.96   0.0000     9.369     9.368     0.000  1.32e-08   1.0296   1.0500      0      0
   28     698.22     698.22   0.0000     9.169     9.169     0.000  1.34e-08   1.0294   1.0500      0      0
   29     694.28     694.28   0.0000     9.117     9.117     0.000  1.35e-08   1.0291   1.0500      0      0
   30     696.19     696.19   0.0000     9.212     9.212     0.000  1.35e-08   1.0285   1.0500      0      0
   31     703.95     703.95   0.0000     9.458     9.458     0.000  1.35e-08   1.0278   1.0500      0      0
   32     717.56     717.56   0.0000     9.862     9.862     0.000  1.37e-08   1.0268   1.0500      0      0
   33     736.98     736.98   0.0000    10.432    10.432     0.000  1.37e-08   1.0257   1.0500      0      0
   34     762.17     762.17   0.0000    11.182    11.182     0.000  1.39e-08   1.0244   1.0500      0      0
   35     786.37     786.37   0.0000    11.943    11.943     0.000  1.40e-08   1.0231   1.0500      0      0
   36     799.64     799.64   0.0000    12.445    12.445     0.000  1.42e-08   1.0219   1.0500      0      0
   37     794.71     794.71   0.0000    12.452    12.451     0.000  1.44e-08   1.0212   1.0500      0      0
   38     773.09     773.09   0.0000    11.992    11.991     0.000  1.45e-08   1.0209   1.0500      0      0
   39     752.74     752.74   0.0000    11.588    11.587     0.000  1.49e-08   1.0205   1.0500      0      0
   40     733.75     733.75   0.0000    11.236    11.236     0.000  1.49e-08   1.0202   1.0500      0      0
   41     716.20     716.20   0.0000    10.933    10.932     0.000  1.53e-08   1.0198   1.0500      0      0
   42     700.15     700.15   0.0000    10.671    10.671     0.000  1.57e-08   1.0195   1.0500      0      0
   43     685.67     685.67   0.0000    10.446    10.446     0.000  1.60e-08   1.0192   1.0500      0      0
   44     672.81     672.81   0.0000    10.248    10.248     0.000  1.64e-08   1.0190   1.0500      0      0
   45     661.61     661.61   0.0000    10.070    10.070     0.000  1.68e-08   1.0189   1.0500      0      0
   46     652.12     652.12   0.0000     9.905     9.905     0.000  1.72e-08   1.0189   1.0500      0      0
   47     644.37     644.37   0.0000     9.748     9.747     0.000  1.76e-08   1.0189   1.0500      0      0
   48     638.39     638.39   0.0000     9.594     9.593     0.000  1.81e-08   1.0191   1.0500      0      0
   49     634.20     634.20   0.0000     9.442     9.442     0.000  1.86e-08   1.0195   1.0500      0      0
   50     631.83     631.83   0.0000     9.296     9.296     0.000  1.91e-08   1.0199   1.0500      0      0
   51     631.28     631.28   0.0000     9.161     9.160     0.000  1.98e-08   1.0205   1.0500      0      0
   52     632.57     632.57   0.0000     9.042     9.042     0.000  2.04e-08   1.0211   1.0500      0      0
   53     635.69     635.69   0.0000     8.948     8.948     0.000  2.11e-08   1.0219   1.0500      0      0
   54     640.65     640.65   0.0000     8.888     8.888     0.000  2.18e-08   1.0226   1.0500      0      0
   55     647.43     647.43   0.0000     8.869     8.869     0.000  2.25e-08   1.0235   1.0500      0      0
   56     656.00     656.00   0.0000     8.897     8.897     0.000  2.32e-08   1.0243   1.0500      0      0
   57     666.34     666.34   0.0000     8.979     8.979     0.000  2.41e-08   1.0251   1.0500      0      0
   58     678.40     678.40   0.0000     9.118     9.117     0.000  2.47e-08   1.0258   1.0500      0      0
   59     692.14     692.14   0.0000     9.317     9.317     0.000  2.56e-08   1.0264   1.0500      0      0
   60     707.51     707.50   0.0000     9.579     9.578     0.000  2.65e-08   1.0270   1.0500      0      0
   61     729.16     729.16   0.0000    10.038    10.038     0.000  2.73e-08   1.0274   1.0500      0      0
   62     773.90     773.90   0.0000    11.173    11.173     0.000  2.81e-08   1.0272   1.0500      0      0
   63     836.25     836.25   0.0000    12.878    12.877     0.000  2.89e-08   1.0265   1.0500      0      0
   64     910.33     910.33   0.0000    15.082    15.081     0.000  2.97e-08   1.0255   1.0500      0      0
   65     983.21     983.21   0.0000    17.415    17.415     0.000  3.04e-08   1.0245   1.0500      0      0
   66    1051.90    1051.90   0.0000    19.779    19.779     0.000  3.10e-08   1.0235   1.0500      0      0
   67    1115.99    1115.99   0.0000    22.127    22.127     0.000  3.16e-08   1.0222   1.0500      0      0
   68    1175.15    1175.15   0.0000    24.415    24.415     0.000  3.21e-08   1.0210   1.0500      0      0
   69    1229.04    1229.04   0.0000    26.598    26.597     0.000  3.25e-08   1.0198   1.0500      0      0
   70    1277.35    1277.35   0.0000    28.633    28.632     0.000  3.30e-08   1.0188   1.0500      0      0
   71    1319.81    1319.81   0.0000    30.481    30.480     0.000  3.32e-08   1.0179   1.0500      0      0
   72    1356.17    1356.17   0.0000    32.106    32.105     0.000  3.34e-08   1.0171   1.0500      0      0
   73    1354.05    1354.05   0.0000    32.000    31.999     0.000  3.34e-08   1.0172   1.0500      0      0
   74    1345.60    1345.60   0.0000    31.601    31.601     0.000  3.34e-08   1.0174   1.0500      0      0
   75    1330.87    1330.87   0.0000    30.918    30.918     0.000  3.32e-08   1.0177   1.0500      0      0
   76    1309.95    1309.95   0.0000    29.965    29.964     0.000  3.30e-08   1.0183   1.0500      0      0
   77    1282.96    1282.96   0.0000    28.759    28.759     0.000  3.26e-08   1.0189   1.0500      0      0
   78    1250.07    1250.07   0.0000    27.326    27.326     0.000  3.23e-08   1.0197   1.0500      0      0
   79    1211.47    1211.47   0.0000    25.693    25.693     0.000  3.17e-08   1.0207   1.0500      0      0
   80    1167.39    1167.39   0.0000    23.892    23.892     0.000  3.10e-08   1.0218   1.0500      0      0
   81    1118.09    1118.09   0.0000    21.959    21.958     0.000  3.04e-08   1.0230   1.0500      0      0
   82    1063.85    1063.85   0.0000    19.929    19.928     0.000  2.96e-08   1.0243   1.0500      0      0
   83    1010.42    1010.42   0.0000    18.018    18.017     0.000  2.89e-08   1.0256   1.0500      0      0
   84     968.86     968.86   0.0000    16.580    16.580     0.000  2.82e-08   1.0266   1.0500      0      0
   85     947.29     947.29   0.0000    15.842    15.842     0.000  2.74e-08   1.0272   1.0500      0      0
   86     946.52     946.52   0.0000    15.813    15.813     0.000  2.65e-08   1.0273   1.0500      0      0
   87     927.32     927.31   0.0000    15.146    15.145     0.000  2.59e-08   1.0278   1.0500      0      0
   88     857.68     857.68   0.0000    12.991    12.990     0.000  2.50e-08   1.0293   1.0500      0      0
   89     777.57     777.57   0.0000    10.761    10.761     0.000  2.43e-08   1.0309   1.0500      0      0
   90     695.40     695.40   0.0000     8.701     8.701     0.000  2.36e-08   1.0327   1.0500      0      0
   91     611.58     611.58   0.0000     6.835     6.835     0.000  2.29e-08   1.0344   1.0500      0      0
   92     535.64     535.64   0.0000     5.342     5.342     0.000  2.21e-08   1.0361   1.0500      0      0
   93     479.27     479.27   0.0000     4.349     4.348     0.000  2.15e-08   1.0373   1.0500      0      0
   94     451.01     451.01   0.0001     3.878     3.878     0.000  2.07e-08   1.0380   1.0500      0      0
   95     450.80     450.80   0.0000     3.874     3.874     0.000  2.02e-08   1.0379   1.0500      0      0
   96     455.62     455.62   0.0000     3.955     3.954     0.000  1.97e-08   1.0378   1.0500      0      0
OPENDSS_SUMMARY ieee123C_1ph_T96_diag_tableII_cbsys_typed_sd_screen_warm_strict_blocked_w16_r1 | import: optimizer 21483.36 kWh, OpenDSS 21483.36 kWh (+0.0000%) | losses: optimizer 382.54, OpenDSS 382.54 kWh, of which not physical 0.01 kWh
OPENDSS_SUMMARY ieee123C_1ph_T96_diag_tableII_cbsys_typed_sd_screen_warm_strict_blocked_w16_r1 | voltage: largest difference 3.34e-08 pu | OpenDSS range 1.0130-1.0500 pu (optimizer lowest 1.0130) | below limit: 0 of 12192 bus-periods, worst 0.00e+00 pu | above limit: 0, worst 0.00e+00 pu (tolerance 1e-04)
OPENDSS_SUMMARY ieee123C_1ph_T96_diag_tableII_cbsys_typed_sd_screen_warm_strict_blocked_w16_r1 | objective: optimizer 2956.062250, with OpenDSS import 2956.061554 (-0.0000%)
