OPENDSS_CHECK ieee2522C_1ph_T96_diag_tableII_jt8_cbsys_typed_tree3_screen_warm_blocked_w16_r1 | ieee2522C_1ph T=96 | converged=true | source 1.05 pu in the DSS file, 1.05 used | devices on the substation bus skipped: 0 | PV kW, DSS against instance: 8.9e-16 | line C1 0 nF
    t   P_opf kW   P_dss kW   diff %  loss_opf  loss_dss   fict kW    dV max Vmin dss Vmax dss    low   high
    1    4302.59    4298.39   0.0977   389.867   385.668     3.473  3.06e-04   0.9502   1.0500      0      0
    2    4276.02    4271.82   0.0984   385.128   380.926     3.478  3.07e-04   0.9502   1.0500      0      0
    3    4206.44    4202.25   0.0996   373.812   369.625     3.476  3.07e-04   0.9502   1.0500      0      0
    4    4082.59    4078.46   0.1014   354.076   349.940     3.452  3.02e-04   0.9503   1.0500      0      0
    5    3933.44    3929.38   0.1035   330.384   326.317     3.415  2.97e-04   0.9503   1.0500      0      0
    6    3778.08    3774.09   0.1058   306.393   302.400     3.374  2.91e-04   0.9505   1.0500      0      0
    7    3623.99    3620.07   0.1083   283.487   279.568     3.333  2.85e-04   0.9511   1.0500      0      0
    8    3470.79    3466.95   0.1109   261.320   257.475     3.291  2.79e-04   0.9534   1.0500      0      0
    9    3333.32    3329.55   0.1133   241.314   237.542     3.250  2.73e-04   0.9565   1.0500      0      0
   10    3233.19    3229.49   0.1146   225.658   221.956     3.207  2.68e-04   0.9595   1.0500      0      0
   11    3174.35    3170.71   0.1147   215.551   211.915     3.162  2.63e-04   0.9621   1.0500      0      0
   12    3125.06    3121.49   0.1146   207.038   203.462     3.119  2.58e-04   0.9643   1.0500      0      0
   13    3052.83    3049.31   0.1155   196.133   192.611     3.083  2.54e-04   0.9667   1.0500      0      0
   14    2961.85    2958.38   0.1174   184.216   180.745     3.053  2.50e-04   0.9691   1.0500      0      0
   15    2866.17    2862.74   0.1197   172.820   169.393     3.027  2.47e-04   0.9714   1.0500      0      0
   16    2775.47    2772.09   0.1222   162.581   159.194     3.004  2.43e-04   0.9736   1.0500      0      0
   17    2693.42    2690.06   0.1246   153.654   150.303     2.983  2.41e-04   0.9756   1.0500      0      0
   18    2621.27    2617.95   0.1268   146.040   142.720     2.964  2.38e-04   0.9773   1.0500      0      0
   19    2559.62    2556.33   0.1288   139.697   136.404     2.948  2.36e-04   0.9788   1.0500      0      0
   20    2508.80    2505.53   0.1305   134.576   131.306     2.934  2.34e-04   0.9800   1.0500      0      0
   21    2468.98    2465.72   0.1319   130.630   127.378     2.923  2.33e-04   0.9809   1.0500      0      0
   22    2440.26    2437.02   0.1328   127.814   124.577     2.913  2.32e-04   0.9816   1.0500      0      0
   23    2422.67    2419.44   0.1334   126.095   122.868     2.906  2.31e-04   0.9821   1.0500      0      0
   24    2416.17    2412.95   0.1335   125.447   122.227     2.902  2.31e-04   0.9822   1.0500      0      0
   25    2364.35    2361.13   0.1363   120.649   117.430     2.906  2.30e-04   0.9834   1.0500      0      0
   26    2323.73    2320.51   0.1388   116.981   113.760     2.913  2.30e-04   0.9844   1.0500      0      0
   27    2294.51    2291.28   0.1408   114.409   111.182     2.922  2.31e-04   0.9851   1.0500      0      0
   28    2276.84    2273.60   0.1424   112.909   109.671     2.934  2.31e-04   0.9854   1.0500      0      0
   29    2270.79    2267.54   0.1434   112.464   109.213     2.947  2.32e-04   0.9855   1.0500      0      0
   30    2276.35    2273.08   0.1439   113.067   109.797     2.963  2.34e-04   0.9854   1.0500      0      0
   31    2293.39    2290.10   0.1438   114.713   111.420     2.981  2.35e-04   0.9848   1.0500      0      0
   32    2321.57    2318.25   0.1432   117.394   114.074     3.002  2.37e-04   0.9840   1.0500      0      0
   33    2360.09    2356.74   0.1422   121.068   117.716     3.025  2.40e-04   0.9829   1.0500      0      0
   34    2406.73    2403.34   0.1409   125.555   122.168     3.051  2.43e-04   0.9815   1.0500      0      0
   35    2454.09    2450.66   0.1399   130.132   126.704     3.080  2.46e-04   0.9802   1.0500      0      0
   36    2479.04    2475.57   0.1403   132.413   128.939     3.117  2.49e-04   0.9795   1.0500      0      0
   37    2451.25    2447.72   0.1440   129.317   125.792     3.166  2.53e-04   0.9801   1.0500      0      0
   38    2395.36    2391.78   0.1497   123.634   120.053     3.225  2.57e-04   0.9813   1.0500      0      0
   39    2337.99    2334.35   0.1560   117.997   114.355     3.287  2.61e-04   0.9824   1.0500      0      0
   40    2283.91    2280.20   0.1627   112.830   109.121     3.354  2.66e-04   0.9834   1.0500      0      0
   41    2233.80    2230.02   0.1696   108.174   104.392     3.426  2.71e-04   0.9842   1.0500      0      0
   42    2187.89    2184.03   0.1768   104.031   100.170     3.502  2.76e-04   0.9844   1.0500      0      0
   43    2146.38    2142.44   0.1841   100.394    96.450     3.582  2.83e-04   0.9842   1.0500      0      0
   44    2109.41    2105.38   0.1917    97.249    93.214     3.668  2.89e-04   0.9840   1.0500      0      0
   45    2077.11    2072.97   0.1993    94.572    90.440     3.760  2.96e-04   0.9839   1.0500      0      0
   46    2049.57    2045.34   0.2071    92.340    88.104     3.858  3.04e-04   0.9840   1.0500      0      0
   47    2026.89    2022.55   0.2149    90.530    86.183     3.962  3.11e-04   0.9843   1.0500      0      0
   48    2009.15    2004.69   0.2227    89.126    84.662     4.073  3.20e-04   0.9848   1.0500      0      0
   49    1996.40    1991.82   0.2304    88.125    83.535     4.190  3.29e-04   0.9856   1.0500      0      0
   50    1988.71    1983.99   0.2380    87.530    82.808     4.315  3.38e-04   0.9865   1.0500      0      0
   51    1986.13    1981.26   0.2454    87.356    82.494     4.446  3.47e-04   0.9877   1.0500      0      0
   52    1988.66    1983.66   0.2525    87.618    82.610     4.583  3.58e-04   0.9888   1.0500      0      0
   53    1996.34    1991.17   0.2593    88.332    83.170     4.726  3.68e-04   0.9900   1.0500      0      0
   54    2009.12    2003.80   0.2656    89.503    84.180     4.874  3.79e-04   0.9906   1.0500      0      0
   55    2026.97    2021.48   0.2716    91.133    85.644     5.026  3.91e-04   0.9908   1.0500      0      0
   56    2049.82    2044.16   0.2770    93.222    87.560     5.182  4.03e-04   0.9907   1.0500      0      0
   57    2077.68    2071.84   0.2819    95.781    89.941     5.340  4.16e-04   0.9904   1.0500      0      0
   58    2111.29    2105.27   0.2860    98.904    92.882     5.500  4.29e-04   0.9899   1.0500      0      0
   59    2157.26    2151.06   0.2885   103.349    97.144     5.658  4.42e-04   0.9890   1.0500      0      0
   60    2240.15    2233.76   0.2861   111.941   105.550     5.804  4.56e-04   0.9869   1.0500      0      0
   61    2370.85    2364.28   0.2781   125.888   119.313     5.934  4.70e-04   0.9835   1.0500      0      0
   62    2533.81    2527.06   0.2673   143.448   136.692     6.052  4.84e-04   0.9794   1.0500      0      0
   63    2709.63    2702.70   0.2565   162.981   156.049     6.161  4.97e-04   0.9751   1.0500      0      0
   64    2885.08    2877.98   0.2467   183.498   176.397     6.262  5.10e-04   0.9708   1.0500      0      0
   65    3054.46    3047.20   0.2383   204.430   197.169     6.354  5.23e-04   0.9668   1.0500      0      0
   66    3215.06    3207.65   0.2310   225.330   217.921     6.436  5.34e-04   0.9630   1.0500      0      0
   67    3365.00    3357.46   0.2246   245.775   238.233     6.507  5.44e-04   0.9596   1.0500      0      0
   68    3502.71    3495.05   0.2190   265.340   257.685     6.564  5.53e-04   0.9566   1.0500      0      0
   69    3626.59    3618.84   0.2141   283.574   275.825     6.607  5.60e-04   0.9542   1.0500      0      0
   70    3735.03    3727.21   0.2097   300.000   292.183     6.633  5.66e-04   0.9525   1.0500      0      0
   71    3826.86    3819.01   0.2058   314.221   306.363     6.642  5.69e-04   0.9515   1.0500      0      0
   72    3902.21    3894.33   0.2022   326.081   318.207     6.634  5.71e-04   0.9511   1.0500      0      0
   73    3897.91    3890.02   0.2028   325.469   317.580     6.648  5.72e-04   0.9511   1.0500      0      0
   74    3879.56    3871.68   0.2036   322.560   314.677     6.649  5.72e-04   0.9512   1.0500      0      0
   75    3846.95    3839.10   0.2047   317.346   309.490     6.636  5.69e-04   0.9514   1.0500      0      0
   76    3799.77    3791.96   0.2059   309.842   302.034     6.608  5.66e-04   0.9518   1.0500      0      0
   77    3737.65    3729.92   0.2075   300.085   292.347     6.566  5.60e-04   0.9525   1.0500      0      0
   78    3660.50    3652.86   0.2093   288.175   280.528     6.511  5.53e-04   0.9537   1.0500      0      0
   79    3568.79    3561.25   0.2116   274.329   266.795     6.441  5.45e-04   0.9554   1.0500      0      0
   80    3463.56    3456.16   0.2142   258.872   251.468     6.360  5.35e-04   0.9576   1.0500      0      0
   81    3346.31    3339.05   0.2174   242.193   234.935     6.269  5.24e-04   0.9602   1.0500      0      0
   82    3219.20    3212.10   0.2211   224.750   217.650     6.167  5.12e-04   0.9632   1.0500      0      0
   83    3086.50    3079.56   0.2251   207.191   200.259     6.058  4.99e-04   0.9664   1.0500      0      0
   84    2959.86    2953.10   0.2288   190.831   184.075     5.939  4.86e-04   0.9695   1.0500      0      0
   85    2862.03    2855.46   0.2302   178.009   171.435     5.807  4.73e-04   0.9722   1.0500      0      0
   86    2780.41    2774.02   0.2303   166.971   160.582     5.668  4.59e-04   0.9745   1.0500      0      0
   87    2654.61    2648.40   0.2343   151.651   145.446     5.539  4.45e-04   0.9779   1.0500      0      0
   88    2489.50    2483.48   0.2425   133.928   127.905     5.417  4.31e-04   0.9820   1.0500      0      0
   89    2310.01    2304.17   0.2536   116.257   110.413     5.297  4.17e-04   0.9865   1.0500      0      0
   90    2124.59    2118.92   0.2675    99.444    93.776     5.180  4.04e-04   0.9911   1.0500      0      0
   91    1936.76    1931.26   0.2847    83.843    78.346     5.064  3.91e-04   0.9958   1.0500      0      0
   92    1751.04    1745.71   0.3054    69.775    64.443     4.951  3.78e-04   1.0005   1.0500      0      0
   93    1587.57    1582.39   0.3269    58.246    53.073     4.838  3.66e-04   1.0047   1.0500      0      0
   94    1485.70    1480.68   0.3391    51.153    46.133     4.717  3.54e-04   1.0074   1.0500      0      0
   95    1461.86    1456.99   0.3345    49.257    44.383     4.584  3.44e-04   1.0081   1.0500      0      0
   96    1469.83    1465.09   0.3231    49.577    44.843     4.451  3.34e-04   1.0078   1.0500      0      0
OPENDSS_SUMMARY ieee2522C_1ph_T96_diag_tableII_jt8_cbsys_typed_tree3_screen_warm_blocked_w16_r1 | import: optimizer 65373.47 kWh, OpenDSS 65252.19 kWh (+0.1859%) | losses: optimizer 4109.70, OpenDSS 3988.42 kWh, of which not physical 107.29 kWh
OPENDSS_SUMMARY ieee2522C_1ph_T96_diag_tableII_jt8_cbsys_typed_tree3_screen_warm_blocked_w16_r1 | voltage: largest difference 5.72e-04 pu | OpenDSS range 0.9502-1.0500 pu (optimizer lowest 0.9500) | below limit: 0 of 242016 bus-periods, worst 0.00e+00 pu | above limit: 0, worst 0.00e+00 pu (tolerance 1e-04)
OPENDSS_SUMMARY ieee2522C_1ph_T96_diag_tableII_jt8_cbsys_typed_tree3_screen_warm_blocked_w16_r1 | objective: optimizer 9015.768203, with OpenDSS import 9000.413124 (-0.1703%)
