OPENDSS_CHECK ieee123C_1ph_T24_diag_tableII_cbsys_typed_sd_screen_warm_blocked_w16_r1 | ieee123C_1ph T=24 | converged=true | source 1.05 pu in the DSS file, 1.05 used | devices on the substation bus skipped: 0 | PV kW, DSS against instance: 1.8e-15 | line C1 0 nF
    t   P_opf kW   P_dss kW   diff %  loss_opf  loss_dss   fict kW    dV max Vmin dss Vmax dss    low   high
    1    1492.16    1492.10   0.0039    38.913    38.855     0.055  5.40e-06   1.0132   1.0500      0      0
    2    1180.18    1180.13   0.0044    24.574    24.522     0.050  4.85e-06   1.0210   1.0500      0      0
    3    1034.33    1034.28   0.0046    18.976    18.929     0.046  4.44e-06   1.0244   1.0500      0      0
    4    1051.85    1051.80   0.0042    19.596    19.551     0.043  4.14e-06   1.0236   1.0500      0      0
    5     903.54     903.50   0.0047    14.577    14.535     0.041  3.93e-06   1.0266   1.0500      0      0
    6     791.73     791.69   0.0052    11.416    11.375     0.040  3.81e-06   1.0286   1.0500      0      0
    7     652.60     652.56   0.0062     8.110     8.070     0.040  3.77e-06   1.0306   1.0500      0      0
    8     608.33     608.29   0.0067     7.356     7.315     0.040  3.81e-06   1.0294   1.0500      0      0
    9     661.86     661.82   0.0064     8.931     8.889     0.041  3.93e-06   1.0253   1.0500      0      0
   10     733.85     733.81   0.0061    11.311    11.266     0.043  4.15e-06   1.0200   1.0500      0      0
   11     680.81     680.76   0.0070    10.562    10.514     0.046  4.45e-06   1.0185   1.0500      0      0
   12     651.87     651.81   0.0080    10.073    10.021     0.050  4.87e-06   1.0184   1.0500      0      0
   13     650.59     650.53   0.0089     9.651     9.593     0.056  5.40e-06   1.0201   1.0500      0      0
   14     677.35     677.28   0.0096     9.598     9.533     0.063  6.07e-06   1.0230   1.0500      0      0
   15     730.75     730.68   0.0101    10.345    10.271     0.072  6.86e-06   1.0256   1.0500      0      0
   16     811.83     811.75   0.0103    12.201    12.118     0.081  7.73e-06   1.0269   1.0500      0      0
   17    1072.92    1072.83   0.0086    20.606    20.514     0.089  8.58e-06   1.0227   1.0500      0      0
   18    1324.69    1324.59   0.0075    30.812    30.712     0.094  9.21e-06   1.0171   1.0500      0      0
   19    1353.74    1353.64   0.0075    32.117    32.015     0.097  9.44e-06   1.0166   1.0500      0      0
   20    1282.96    1282.87   0.0077    28.884    28.785     0.095  9.21e-06   1.0185   1.0500      0      0
   21    1118.82    1118.73   0.0083    22.100    22.008     0.089  8.57e-06   1.0226   1.0500      0      0
   22     941.97     941.89   0.0088    15.750    15.666     0.081  7.73e-06   1.0270   1.0500      0      0
   23     658.83     658.76   0.0112     7.955     7.881     0.072  6.85e-06   1.0331   1.0500      0      0
   24     449.65     449.59   0.0145     3.933     3.867     0.064  6.05e-06   1.0377   1.0500      0      0
OPENDSS_SUMMARY ieee123C_1ph_T24_diag_tableII_cbsys_typed_sd_screen_warm_blocked_w16_r1 | import: optimizer 21517.23 kWh, OpenDSS 21515.68 kWh (+0.0072%) | losses: optimizer 388.35, OpenDSS 386.81 kWh, of which not physical 1.49 kWh
OPENDSS_SUMMARY ieee123C_1ph_T24_diag_tableII_cbsys_typed_sd_screen_warm_blocked_w16_r1 | voltage: largest difference 9.44e-06 pu | OpenDSS range 1.0132-1.0500 pu (optimizer lowest 1.0132) | below limit: 0 of 3048 bus-periods, worst 0.00e+00 pu | above limit: 0, worst 0.00e+00 pu (tolerance 1e-04)
OPENDSS_SUMMARY ieee123C_1ph_T24_diag_tableII_cbsys_typed_sd_screen_warm_blocked_w16_r1 | objective: optimizer 2924.770657, with OpenDSS import 2924.575598 (-0.0067%)
