OPENDSS_CHECK ieee2522C_1ph_T24_exact_tableII_jt8_cbsys_typed_tree4_screen_warm_blocked_w16_r1 | ieee2522C_1ph T=24 | converged=true | source 1.05 pu in the DSS file, 1.05 used | devices on the substation bus skipped: 0 | PV kW, DSS against instance: 8.9e-16 | line C1 0 nF
    t   P_opf kW   P_dss kW   diff %  loss_opf  loss_dss   fict kW    dV max Vmin dss Vmax dss    low   high
    1    4281.90    4281.88   0.0004   384.461   384.441     0.016  1.41e-06   0.9500   1.0500      0      0
    2    3654.87    3654.85   0.0005   285.385   285.367     0.015  1.29e-06   0.9500   1.0500      0      0
    3    3140.52    3140.50   0.0005   208.335   208.319     0.014  1.18e-06   0.9599   1.0500      0      0
    4    3019.06    3019.04   0.0005   187.166   187.151     0.013  1.10e-06   0.9674   1.0500      0      0
    5    2627.95    2627.94   0.0006   142.594   142.579     0.013  1.04e-06   0.9773   1.0500      0      0
    6    2396.73    2396.72   0.0006   119.689   119.675     0.013  1.01e-06   0.9828   1.0500      0      0
    7    2123.21    2123.19   0.0007    95.642    95.628     0.013  9.91e-07   0.9894   1.0500      0      0
    8    2044.51    2044.50   0.0007    89.409    89.395     0.013  1.00e-06   0.9913   1.0500      0      0
    9    2166.32    2166.31   0.0007    99.875    99.861     0.013  1.03e-06   0.9876   1.0500      0      0
   10    2286.50    2286.49   0.0007   109.637   109.622     0.014  1.09e-06   0.9838   1.0500      0      0
   11    2129.63    2129.62   0.0008    95.249    95.233     0.015  1.17e-06   0.9853   1.0500      0      0
   12    2045.15    2045.13   0.0009    87.982    87.964     0.016  1.28e-06   0.9851   1.0500      0      0
   13    2037.60    2037.58   0.0010    87.084    87.064     0.018  1.41e-06   0.9894   1.0500      0      0
   14    2107.93    2107.90   0.0011    93.049    93.027     0.020  1.59e-06   0.9892   1.0500      0      0
   15    2252.05    2252.02   0.0011   106.168   106.142     0.023  1.80e-06   0.9862   1.0500      0      0
   16    2520.69    2520.66   0.0011   134.336   134.308     0.025  2.04e-06   0.9790   1.0500      0      0
   17    3269.28    3269.25   0.0010   225.214   225.182     0.027  2.28e-06   0.9593   1.0499      0      0
   18    3857.27    3857.24   0.0009   311.368   311.335     0.028  2.44e-06   0.9500   1.0499      0      0
   19    3927.64    3927.60   0.0009   323.106   323.071     0.029  2.49e-06   0.9500   1.0500      0      0
   20    3764.09    3764.05   0.0009   296.986   296.953     0.028  2.45e-06   0.9500   1.0499      0      0
   21    3357.62    3357.59   0.0009   237.023   236.992     0.027  2.29e-06   0.9577   1.0499      0      0
   22    2797.05    2797.02   0.0010   163.766   163.738     0.025  2.05e-06   0.9725   1.0500      0      0
   23    2082.36    2082.34   0.0012    92.211    92.186     0.023  1.80e-06   0.9908   1.0500      0      0
   24    1466.91    1466.89   0.0015    45.626    45.604     0.021  1.58e-06   1.0071   1.0500      0      0
OPENDSS_SUMMARY ieee2522C_1ph_T24_exact_tableII_jt8_cbsys_typed_tree4_screen_warm_blocked_w16_r1 | import: optimizer 65356.83 kWh, OpenDSS 65356.31 kWh (+0.0008%) | losses: optimizer 4021.36, OpenDSS 4020.84 kWh, of which not physical 0.46 kWh
OPENDSS_SUMMARY ieee2522C_1ph_T24_exact_tableII_jt8_cbsys_typed_tree4_screen_warm_blocked_w16_r1 | voltage: largest difference 2.49e-06 pu | OpenDSS range 0.9500-1.0500 pu (optimizer lowest 0.9500) | below limit: 0 of 60504 bus-periods, worst 0.00e+00 pu | above limit: 0, worst 0.00e+00 pu (tolerance 1e-04)
OPENDSS_SUMMARY ieee2522C_1ph_T24_exact_tableII_jt8_cbsys_typed_tree4_screen_warm_blocked_w16_r1 | objective: optimizer 8910.866866, with OpenDSS import 8910.800526 (-0.0007%)
