OPENDSS_CHECK med2522 T=24 DDP near-opt | ieee2522C_1ph T=24 | converged=true | source 1.05 pu in the DSS file, 1.05 used | devices on the substation bus skipped: 0 | PV kW, DSS against instance: 8.9e-16
    t   P_opf kW   P_dss kW   diff %  loss_opf  loss_dss   fict kW    dV max Vmin dss Vmax dss    low   high
    1    4234.96    4231.12   0.0907   380.062   376.224     4.513  9.66e-03   0.9557   1.0505      0      1
    2    3674.09    3670.18   0.1066   292.772   288.860     4.342  9.71e-03   0.9562   1.0505      0      1
    3    3168.65    3164.84   0.1204   216.803   212.994     4.101  9.74e-03   0.9665   1.0505      0      1
    4    3002.85    2999.36   0.1166   189.679   186.183     3.863  9.74e-03   0.9741   1.0505      0      1
    5    2638.95    2635.62   0.1263   147.652   144.322     3.738  9.77e-03   0.9831   1.0505      0      1
    6    2416.22    2413.00   0.1334   125.323   122.104     3.662  9.79e-03   0.9885   1.0505      0      1
    7    2144.81    2141.63   0.1485   101.211    98.030     3.668  9.82e-03   0.9949   1.0505      0      1
    8    2061.95    2058.72   0.1565    94.622    91.400     3.717  9.83e-03   0.9967   1.0505      0      1
    9    2169.79    2166.35   0.1586   103.997   100.562     3.811  9.82e-03   0.9932   1.0504      0      1
   10    2277.60    2273.57   0.1772   112.950   108.922     3.982  9.82e-03   0.9890   1.0501      0      1
   11    2133.89    2128.89   0.2351   100.114    95.108     4.286  9.87e-03   0.9901   1.0500      0      0
   12    2050.36    2044.64   0.2801    93.380    87.654     4.694  9.92e-03   0.9912   1.0500      0      0
   13    2043.65    2037.82   0.2862    93.003    87.170     5.228  9.96e-03   0.9933   1.0500      0      0
   14    2115.04    2109.18   0.2779    99.661    93.800     5.880  9.98e-03   0.9943   1.0502      0      1
   15    2261.88    2255.55   0.2807   113.888   107.557     6.616  1.00e-02   0.9922   1.0504      0      1
   16    2565.42    2558.33   0.2770   146.753   139.667     7.347  1.01e-02   0.9847   1.0505      0      1
   17    3264.18    3256.39   0.2391   232.878   225.093     7.851  1.00e-02   0.9676   1.0505      0      1
   18    3833.50    3825.47   0.2098   316.291   308.267     8.125  9.99e-03   0.9572   1.0505      0      1
   19    3898.69    3890.54   0.2096   327.240   319.085     8.287  1.00e-02   0.9568   1.0505      0      1
   20    3740.10    3731.98   0.2178   302.145   294.018     8.190  1.00e-02   0.9584   1.0505      0      1
   21    3350.62    3342.83   0.2328   244.367   236.587     7.824  1.00e-02   0.9659   1.0505      0      1
   22    2809.22    2802.13   0.2533   173.186   166.088     7.271  1.00e-02   0.9791   1.0505      0      1
   23    2129.18    2122.89   0.2962   103.018    96.729     6.667  1.01e-02   0.9961   1.0505      0      1
   24    1511.55    1506.01   0.3680    54.646    49.104     6.065  1.01e-02   1.0122   1.0505      0      1
OPENDSS_SUMMARY med2522 T=24 DDP near-opt | import: optimizer 65497.16 kWh, OpenDSS 65367.04 kWh (+0.1991%) | losses: optimizer 4165.64, OpenDSS 4035.53 kWh, of which not physical 133.73 kWh
OPENDSS_SUMMARY med2522 T=24 DDP near-opt | voltage: largest difference 1.01e-02 pu | OpenDSS range 0.9557-1.0505 pu (optimizer lowest 0.9500) | below limit: 0 of 60504 bus-periods, worst 0.00e+00 pu | above limit: 21, worst 5.03e-04 pu (tolerance 1e-04)
OPENDSS_SUMMARY med2522 T=24 DDP near-opt | objective: optimizer 8932.078362, with OpenDSS import 8915.604630 (-0.1844%)
