OPENDSS_CHECK ieee2522C_1ph_T96_diag_tableII_jt8_cbsys_typed_tree3_screen_warm_strict_blocked_w16_r1 | ieee2522C_1ph T=96 | converged=true | source 1.05 pu in the DSS file, 1.05 used | devices on the substation bus skipped: 0 | PV kW, DSS against instance: 8.9e-16 | line C1 0 nF
    t   P_opf kW   P_dss kW   diff %  loss_opf  loss_dss   fict kW    dV max Vmin dss Vmax dss    low   high
    1    4323.21    4323.21   0.0000   390.274   390.274     0.001  4.83e-08   0.9500   1.0500      0      0
    2    4308.40    4308.40   0.0000   387.579   387.578     0.001  4.87e-08   0.9500   1.0500      0      0
    3    4239.90    4239.90   0.0000   376.263   376.263     0.001  4.87e-08   0.9500   1.0500      0      0
    4    4097.22    4097.22   0.0000   353.117   353.116     0.001  4.80e-08   0.9500   1.0500      0      0
    5    3940.58    3940.57   0.0000   328.164   328.163     0.001  4.69e-08   0.9500   1.0500      0      0
    6    3776.82    3776.82   0.0000   302.662   302.661     0.001  4.60e-08   0.9500   1.0500      0      0
    7    3618.47    3618.47   0.0000   279.177   279.176     0.001  4.50e-08   0.9500   1.0499      0      0
    8    3462.24    3462.24   0.0000   257.046   257.046     0.001  4.41e-08   0.9505   1.0499      0      0
    9    3310.02    3310.02   0.0000   235.128   235.127     0.001  4.31e-08   0.9547   1.0499      0      0
   10    3207.90    3207.90   0.0000   218.650   218.649     0.001  4.22e-08   0.9583   1.0499      0      0
   11    3167.88    3167.88   0.0000   211.294   211.294     0.000  4.14e-08   0.9611   1.0499      0      0
   12    3143.60    3143.60   0.0000   206.417   206.417     0.000  4.07e-08   0.9629   1.0499      0      0
   13    3069.98    3069.98   0.0000   194.644   194.643     0.000  4.00e-08   0.9654   1.0499      0      0
   14    2970.05    2970.05   0.0000   181.456   181.456     0.000  3.93e-08   0.9682   1.0500      0      0
   15    2864.62    2864.62   0.0000   169.193   169.193     0.000  3.88e-08   0.9709   1.0500      0      0
   16    2768.22    2768.22   0.0000   158.486   158.485     0.000  3.83e-08   0.9733   1.0500      0      0
   17    2682.71    2682.71   0.0000   149.287   149.286     0.000  3.78e-08   0.9754   1.0500      0      0
   18    2608.10    2608.10   0.0000   141.492   141.491     0.000  3.74e-08   0.9771   1.0500      0      0
   19    2544.56    2544.56   0.0000   135.022   135.021     0.000  3.71e-08   0.9787   1.0500      0      0
   20    2492.19    2492.19   0.0000   129.804   129.804     0.000  3.68e-08   0.9799   1.0500      0      0
   21    2451.08    2451.08   0.0000   125.779   125.779     0.000  3.66e-08   0.9809   1.0500      0      0
   22    2421.28    2421.28   0.0000   122.897   122.896     0.000  3.64e-08   0.9816   1.0500      0      0
   23    2402.87    2402.86   0.0000   121.126   121.125     0.000  3.63e-08   0.9820   1.0500      0      0
   24    2395.85    2395.85   0.0000   120.443   120.443     0.000  3.62e-08   0.9822   1.0500      0      0
   25    2344.13    2344.13   0.0000   115.698   115.697     0.000  3.62e-08   0.9834   1.0500      0      0
   26    2303.93    2303.93   0.0000   112.096   112.095     0.000  3.62e-08   0.9844   1.0500      0      0
   27    2275.43    2275.43   0.0000   109.601   109.600     0.000  3.62e-08   0.9850   1.0500      0      0
   28    2258.73    2258.73   0.0000   108.187   108.186     0.000  3.63e-08   0.9854   1.0500      0      0
   29    2253.92    2253.92   0.0000   107.841   107.840     0.000  3.65e-08   0.9855   1.0500      0      0
   30    2261.02    2261.02   0.0000   108.560   108.560     0.000  3.67e-08   0.9854   1.0500      0      0
   31    2280.09    2280.09   0.0000   110.365   110.364     0.000  3.70e-08   0.9849   1.0500      0      0
   32    2311.29    2311.29   0.0000   113.293   113.293     0.000  3.73e-08   0.9840   1.0500      0      0
   33    2354.52    2354.52   0.0000   117.387   117.387     0.000  3.77e-08   0.9827   1.0500      0      0
   34    2409.73    2409.73   0.0000   122.705   122.705     0.000  3.82e-08   0.9811   1.0500      0      0
   35    2474.28    2474.28   0.0000   128.980   128.979     0.000  3.86e-08   0.9792   1.0500      0      0
   36    2506.63    2506.63   0.0000   131.983   131.983     0.000  3.92e-08   0.9786   1.0500      0      0
   37    2454.62    2454.62   0.0000   126.321   126.320     0.000  3.96e-08   0.9799   1.0500      0      0
   38    2392.91    2392.91   0.0000   120.045   120.044     0.001  4.02e-08   0.9814   1.0500      0      0
   39    2334.80    2334.80   0.0000   114.287   114.286     0.001  4.09e-08   0.9827   1.0500      0      0
   40    2280.51    2280.51   0.0000   109.043   109.042     0.001  4.17e-08   0.9839   1.0500      0      0
   41    2230.25    2230.24   0.0000   104.305   104.304     0.001  4.25e-08   0.9851   1.0500      0      0
   42    2184.19    2184.19   0.0000   100.064   100.064     0.001  4.33e-08   0.9860   1.0500      0      0
   43    2142.51    2142.50   0.0000    96.311    96.310     0.001  4.43e-08   0.9866   1.0500      0      0
   44    2105.36    2105.36   0.0000    93.038    93.037     0.001  4.53e-08   0.9865   1.0500      0      0
   45    2072.88    2072.88   0.0000    90.236    90.235     0.001  4.64e-08   0.9862   1.0500      0      0
   46    2045.17    2045.17   0.0000    87.880    87.879     0.001  4.76e-08   0.9862   1.0500      0      0
   47    2022.32    2022.31   0.0000    85.944    85.944     0.001  4.88e-08   0.9865   1.0500      0      0
   48    2004.39    2004.39   0.0000    84.415    84.415     0.001  5.01e-08   0.9871   1.0500      0      0
   49    1991.46    1991.46   0.0000    83.288    83.287     0.001  5.15e-08   0.9880   1.0500      0      0
   50    1983.58    1983.58   0.0000    82.569    82.568     0.001  5.29e-08   0.9892   1.0500      0      0
   51    1980.81    1980.81   0.0000    82.277    82.276     0.001  5.44e-08   0.9905   1.0500      0      0
   52    1983.15    1983.15   0.0000    82.422    82.421     0.001  5.61e-08   0.9914   1.0500      0      0
   53    1990.61    1990.61   0.0000    83.001    83.000     0.001  5.78e-08   0.9917   1.0500      0      0
   54    2003.15    2003.15   0.0000    84.015    84.014     0.001  5.96e-08   0.9917   1.0500      0      0
   55    2020.72    2020.72   0.0000    85.469    85.468     0.001  6.15e-08   0.9915   1.0500      0      0
   56    2043.27    2043.27   0.0000    87.367    87.366     0.001  6.34e-08   0.9911   1.0500      0      0
   57    2070.70    2070.70   0.0000    89.715    89.714     0.001  6.55e-08   0.9906   1.0500      0      0
   58    2102.93    2102.93   0.0000    92.519    92.518     0.001  6.75e-08   0.9900   1.0500      0      0
   59    2139.83    2139.82   0.0000    95.790    95.789     0.001  6.97e-08   0.9892   1.0500      0      0
   60    2200.53    2200.53   0.0000   101.797   101.796     0.001  7.19e-08   0.9875   1.0500      0      0
   61    2328.93    2328.92   0.0000   115.594   115.593     0.001  7.41e-08   0.9837   1.0500      0      0
   62    2502.51    2502.51   0.0000   134.136   134.135     0.001  7.65e-08   0.9790   1.0500      0      0
   63    2690.84    2690.84   0.0000   154.520   154.519     0.001  7.88e-08   0.9741   1.0500      0      0
   64    2874.46    2874.46   0.0000   175.626   175.625     0.001  8.10e-08   0.9694   1.0499      0      0
   65    3049.79    3049.79   0.0000   197.068   197.067     0.001  8.31e-08   0.9649   1.0499      0      0
   66    3215.60    3215.60   0.0000   218.504   218.503     0.001  8.51e-08   0.9607   1.0499      0      0
   67    3370.66    3370.65   0.0000   239.569   239.568     0.001  8.69e-08   0.9567   1.0499      0      0
   68    3513.80    3513.80   0.0000   259.887   259.886     0.001  8.86e-08   0.9530   1.0499      0      0
   69    3642.97    3642.97   0.0000   278.916   278.914     0.001  8.98e-08   0.9500   1.0499      0      0
   70    3749.61    3749.61   0.0000   295.016   295.014     0.001  9.07e-08   0.9500   1.0499      0      0
   71    3841.31    3841.31   0.0000   309.270   309.269     0.001  9.12e-08   0.9500   1.0499      0      0
   72    3918.55    3918.55   0.0000   321.575   321.574     0.001  9.15e-08   0.9500   1.0499      0      0
   73    3914.13    3914.13   0.0000   320.902   320.901     0.001  9.15e-08   0.9500   1.0499      0      0
   74    3894.92    3894.91   0.0000   317.802   317.801     0.001  9.14e-08   0.9500   1.0499      0      0
   75    3861.06    3861.06   0.0000   312.345   312.343     0.001  9.11e-08   0.9500   1.0499      0      0
   76    3812.82    3812.82   0.0000   304.656   304.655     0.001  9.05e-08   0.9500   1.0499      0      0
   77    3750.48    3750.48   0.0000   294.893   294.891     0.001  8.96e-08   0.9500   1.0499      0      0
   78    3673.58    3673.58   0.0000   283.105   283.104     0.001  8.85e-08   0.9500   1.0499      0      0
   79    3577.51    3577.51   0.0000   268.667   268.666     0.001  8.70e-08   0.9520   1.0499      0      0
   80    3466.06    3466.06   0.0000   252.375   252.374     0.001  8.52e-08   0.9550   1.0499      0      0
   81    3342.16    3342.16   0.0000   234.886   234.885     0.001  8.33e-08   0.9583   1.0499      0      0
   82    3206.78    3206.78   0.0000   216.526   216.525     0.001  8.13e-08   0.9619   1.0500      0      0
   83    3061.00    3061.00   0.0000   197.626   197.625     0.001  7.91e-08   0.9657   1.0500      0      0
   84    2917.40    2917.40   0.0000   179.436   179.435     0.001  7.69e-08   0.9693   1.0500      0      0
   85    2832.61    2832.61   0.0000   168.361   168.360     0.001  7.47e-08   0.9718   1.0500      0      0
   86    2805.18    2805.18   0.0000   164.276   164.275     0.001  7.26e-08   0.9727   1.0500      0      0
   87    2674.65    2674.65   0.0000   147.622   147.622     0.001  7.02e-08   0.9764   1.0500      0      0
   88    2491.61    2491.61   0.0000   128.370   128.369     0.001  6.80e-08   0.9812   1.0500      0      0
   89    2303.59    2303.59   0.0000   110.110   110.109     0.001  6.57e-08   0.9859   1.0500      0      0
   90    2112.44    2112.44   0.0000    93.019    93.018     0.001  6.36e-08   0.9907   1.0500      0      0
   91    1919.39    1919.39   0.0000    77.252    77.251     0.001  6.14e-08   0.9957   1.0500      0      0
   92    1725.45    1725.45   0.0000    62.919    62.918     0.001  5.93e-08   1.0006   1.0500      0      0
   93    1549.83    1549.83   0.0001    50.898    50.898     0.001  5.74e-08   1.0050   1.0500      0      0
   94    1447.50    1447.50   0.0001    43.973    43.972     0.001  5.55e-08   1.0079   1.0500      0      0
   95    1443.57    1443.56   0.0001    43.492    43.492     0.001  5.39e-08   1.0081   1.0500      0      0
   96    1458.00    1458.00   0.0001    44.367    44.367     0.001  5.24e-08   1.0077   1.0500      0      0
OPENDSS_SUMMARY ieee2522C_1ph_T96_diag_tableII_jt8_cbsys_typed_tree3_screen_warm_strict_blocked_w16_r1 | import: optimizer 65255.71 kWh, OpenDSS 65255.69 kWh (+0.0000%) | losses: optimizer 3990.44, OpenDSS 3990.42 kWh, of which not physical 0.02 kWh
OPENDSS_SUMMARY ieee2522C_1ph_T96_diag_tableII_jt8_cbsys_typed_tree3_screen_warm_strict_blocked_w16_r1 | voltage: largest difference 9.15e-08 pu | OpenDSS range 0.9500-1.0500 pu (optimizer lowest 0.9500) | below limit: 0 of 242016 bus-periods, worst 0.00e+00 pu | above limit: 0, worst 0.00e+00 pu (tolerance 1e-04)
OPENDSS_SUMMARY ieee2522C_1ph_T96_diag_tableII_jt8_cbsys_typed_tree3_screen_warm_strict_blocked_w16_r1 | objective: optimizer 8998.816244, with OpenDSS import 8998.813832 (-0.0000%)
