OPENDSS_CHECK ieee2522C_1ph_T384_diag_jt8_cbsys_typed_tree3_screen_warm_blocked_w16_r1 | ieee2522C_1ph T=384 | converged=true | source 1.05 pu in the DSS file, 1.05 used | devices on the substation bus skipped: 0 | PV kW, DSS against instance: 8.9e-16 | line C1 0 nF
    t   P_opf kW   P_dss kW   diff %  loss_opf  loss_dss   fict kW    dV max Vmin dss Vmax dss    low   high
    1    4316.37    4313.95   0.0561   390.863   388.442     2.001  1.76e-04   0.9501   1.0500      0      0
    2    4313.22    4310.80   0.0562   390.185   387.763     2.002  1.76e-04   0.9501   1.0500      0      0
    3    4309.48    4307.06   0.0562   389.421   386.998     2.003  1.77e-04   0.9501   1.0500      0      0
    4    4304.98    4302.56   0.0563   388.555   386.131     2.004  1.77e-04   0.9501   1.0500      0      0
    5    4299.52    4297.09   0.0564   387.565   385.140     2.005  1.77e-04   0.9501   1.0500      0      0
    6    4292.73    4290.31   0.0565   386.416   383.991     2.006  1.78e-04   0.9501   1.0500      0      0
    7    4284.06    4281.63   0.0567   385.034   382.608     2.007  1.78e-04   0.9501   1.0500      0      0
    8    4272.51    4270.08   0.0568   383.240   380.814     2.008  1.78e-04   0.9501   1.0500      0      0
    9    4256.48    4254.05   0.0570   380.701   378.276     2.008  1.78e-04   0.9501   1.0500      0      0
   10    4234.94    4232.52   0.0572   377.191   374.769     2.007  1.78e-04   0.9501   1.0500      0      0
   11    4207.62    4205.21   0.0575   372.686   370.270     2.005  1.77e-04   0.9501   1.0500      0      0
   12    4175.86    4173.46   0.0577   367.451   365.043     2.001  1.77e-04   0.9501   1.0500      0      0
   13    4141.62    4139.22   0.0580   361.856   359.457     1.996  1.76e-04   0.9501   1.0500      0      0
   14    4106.10    4103.71   0.0582   356.109   353.719     1.992  1.75e-04   0.9501   1.0500      0      0
   15    4069.69    4067.31   0.0585   350.263   347.882     1.987  1.74e-04   0.9501   1.0500      0      0
   16    4032.39    4030.02   0.0588   344.300   341.929     1.981  1.74e-04   0.9502   1.0500      0      0
   17    3994.14    3991.78   0.0591   338.206   335.846     1.975  1.73e-04   0.9502   1.0500      0      0
   18    3955.17    3952.82   0.0594   332.019   329.670     1.970  1.72e-04   0.9502   1.0500      0      0
   19    3915.77    3913.43   0.0598   325.788   323.449     1.964  1.71e-04   0.9502   1.0500      0      0
   20    3876.38    3874.05   0.0601   319.621   317.293     1.958  1.70e-04   0.9502   1.0500      0      0
   21    3837.36    3835.04   0.0604   313.603   311.285     1.952  1.69e-04   0.9502   1.0500      0      0
   22    3798.66    3796.36   0.0608   307.717   305.410     1.946  1.68e-04   0.9502   1.0500      0      0
   23    3760.20    3757.90   0.0611   301.931   299.635     1.940  1.67e-04   0.9503   1.0500      0      0
   24    3721.90    3719.62   0.0614   296.226   293.941     1.934  1.66e-04   0.9503   1.0500      0      0
   25    3683.63    3681.35   0.0618   290.566   288.291     1.928  1.66e-04   0.9504   1.0500      0      0
   26    3645.19    3642.92   0.0622   284.908   282.644     1.923  1.65e-04   0.9506   1.0500      0      0
   27    3606.50    3604.25   0.0625   279.248   276.994     1.917  1.64e-04   0.9509   1.0500      0      0
   28    3567.73    3565.49   0.0629   273.617   271.374     1.911  1.63e-04   0.9513   1.0500      0      0
   29    3528.98    3526.74   0.0633   268.026   265.793     1.905  1.62e-04   0.9519   1.0500      0      0
   30    3490.48    3488.26   0.0637   262.501   260.279     1.899  1.61e-04   0.9526   1.0500      0      0
   31    3452.64    3450.43   0.0641   257.087   254.876     1.893  1.61e-04   0.9534   1.0500      0      0
   32    3415.89    3413.69   0.0645   251.825   249.624     1.888  1.60e-04   0.9542   1.0500      0      0
   33    3380.71    3378.52   0.0648   246.750   244.559     1.882  1.59e-04   0.9550   1.0500      0      0
   34    3347.53    3345.35   0.0652   241.898   239.718     1.876  1.58e-04   0.9558   1.0500      0      0
   35    3316.73    3314.56   0.0655   237.305   235.134     1.870  1.57e-04   0.9567   1.0500      0      0
   36    3288.60    3286.44   0.0657   233.005   230.845     1.864  1.57e-04   0.9575   1.0500      0      0
   37    3263.35    3261.20   0.0659   229.037   226.887     1.858  1.56e-04   0.9583   1.0500      0      0
   38    3241.09    3238.95   0.0661   225.435   223.294     1.852  1.55e-04   0.9590   1.0500      0      0
   39    3221.81    3219.68   0.0662   222.223   220.092     1.846  1.54e-04   0.9597   1.0500      0      0
   40    3205.35    3203.23   0.0662   219.407   217.286     1.840  1.54e-04   0.9604   1.0500      0      0
   41    3191.34    3189.22   0.0662   216.952   214.839     1.833  1.53e-04   0.9611   1.0500      0      0
   42    3179.06    3176.96   0.0662   214.763   212.660     1.827  1.52e-04   0.9617   1.0500      0      0
   43    3167.48    3165.39   0.0662   212.688   210.594     1.820  1.52e-04   0.9623   1.0500      0      0
   44    3155.47    3153.39   0.0661   210.564   208.478     1.814  1.51e-04   0.9628   1.0500      0      0
   45    3142.18    3140.11   0.0661   208.279   206.202     1.808  1.50e-04   0.9634   1.0500      0      0
   46    3127.17    3125.11   0.0662   205.793   203.724     1.803  1.50e-04   0.9640   1.0500      0      0
   47    3110.31    3108.25   0.0663   203.113   201.053     1.797  1.49e-04   0.9645   1.0500      0      0
   48    3091.63    3089.58   0.0664   200.274   198.221     1.792  1.48e-04   0.9651   1.0500      0      0
   49    3071.31    3069.27   0.0666   197.317   195.272     1.788  1.48e-04   0.9658   1.0500      0      0
   50    3049.59    3047.55   0.0669   194.284   192.247     1.783  1.47e-04   0.9664   1.0500      0      0
   51    3026.72    3024.69   0.0671   191.212   189.182     1.779  1.47e-04   0.9670   1.0500      0      0
   52    3002.99    3000.96   0.0674   188.133   186.110     1.775  1.46e-04   0.9677   1.0500      0      0
   53    2978.68    2976.66   0.0677   185.072   183.056     1.771  1.45e-04   0.9683   1.0500      0      0
   54    2954.05    2952.04   0.0681   182.051   180.042     1.767  1.45e-04   0.9689   1.0500      0      0
   55    2929.35    2927.35   0.0684   179.085   177.082     1.763  1.44e-04   0.9695   1.0500      0      0
   56    2904.78    2902.79   0.0688   176.186   174.190     1.759  1.44e-04   0.9701   1.0500      0      0
   57    2880.49    2878.50   0.0691   173.363   171.373     1.755  1.43e-04   0.9707   1.0500      0      0
   58    2856.60    2854.61   0.0695   170.620   168.636     1.752  1.43e-04   0.9713   1.0500      0      0
   59    2833.17    2831.19   0.0699   167.960   165.982     1.749  1.42e-04   0.9719   1.0500      0      0
   60    2810.25    2808.28   0.0702   165.386   163.414     1.745  1.42e-04   0.9724   1.0500      0      0
   61    2787.90    2785.93   0.0706   162.897   160.931     1.742  1.42e-04   0.9730   1.0500      0      0
   62    2766.13    2764.17   0.0709   160.496   158.534     1.739  1.41e-04   0.9735   1.0500      0      0
   63    2744.96    2743.01   0.0713   158.180   156.224     1.736  1.41e-04   0.9740   1.0500      0      0
   64    2724.42    2722.47   0.0716   155.950   153.999     1.733  1.40e-04   0.9745   1.0500      0      0
   65    2704.50    2702.56   0.0720   153.805   151.860     1.730  1.40e-04   0.9749   1.0500      0      0
   66    2685.23    2683.29   0.0723   151.745   149.804     1.727  1.40e-04   0.9754   1.0500      0      0
   67    2666.61    2664.67   0.0727   149.769   147.833     1.724  1.39e-04   0.9759   1.0500      0      0
   68    2648.65    2646.72   0.0730   147.876   145.944     1.722  1.39e-04   0.9763   1.0500      0      0
   69    2631.35    2629.42   0.0733   146.064   144.137     1.719  1.38e-04   0.9767   1.0500      0      0
   70    2614.72    2612.80   0.0736   144.334   142.411     1.717  1.38e-04   0.9771   1.0500      0      0
   71    2598.76    2596.85   0.0739   142.685   140.765     1.714  1.38e-04   0.9775   1.0500      0      0
   72    2583.49    2581.57   0.0742   141.114   139.199     1.712  1.38e-04   0.9778   1.0500      0      0
   73    2568.89    2566.98   0.0745   139.622   137.710     1.710  1.37e-04   0.9782   1.0500      0      0
   74    2554.99    2553.08   0.0747   138.208   136.300     1.708  1.37e-04   0.9785   1.0500      0      0
   75    2541.76    2539.86   0.0750   136.870   134.965     1.706  1.37e-04   0.9788   1.0500      0      0
   76    2529.23    2527.33   0.0752   135.608   133.707     1.704  1.36e-04   0.9791   1.0500      0      0
   77    2517.40    2515.50   0.0755   134.422   132.523     1.702  1.36e-04   0.9794   1.0500      0      0
   78    2506.25    2504.36   0.0757   133.309   131.414     1.700  1.36e-04   0.9797   1.0500      0      0
   79    2495.81    2493.92   0.0759   132.271   130.378     1.698  1.36e-04   0.9799   1.0500      0      0
   80    2486.06    2484.17   0.0761   131.305   129.415     1.697  1.36e-04   0.9802   1.0500      0      0
   81    2477.01    2475.13   0.0763   130.411   128.524     1.695  1.35e-04   0.9804   1.0500      0      0
   82    2468.67    2466.78   0.0764   129.589   127.704     1.694  1.35e-04   0.9806   1.0500      0      0
   83    2461.02    2459.14   0.0766   128.838   126.955     1.692  1.35e-04   0.9808   1.0500      0      0
   84    2454.07    2452.19   0.0767   128.157   126.276     1.691  1.35e-04   0.9810   1.0500      0      0
   85    2447.83    2445.95   0.0768   127.546   125.667     1.690  1.35e-04   0.9811   1.0500      0      0
   86    2442.29    2440.41   0.0769   127.004   125.127     1.688  1.35e-04   0.9812   1.0500      0      0
   87    2437.45    2435.58   0.0770   126.531   124.655     1.687  1.34e-04   0.9814   1.0500      0      0
   88    2433.32    2431.44   0.0771   126.127   124.253     1.686  1.34e-04   0.9815   1.0500      0      0
   89    2429.89    2428.01   0.0771   125.791   123.918     1.686  1.34e-04   0.9815   1.0500      0      0
   90    2427.15    2425.28   0.0772   125.523   123.651     1.685  1.34e-04   0.9816   1.0500      0      0
   91    2425.13    2423.25   0.0772   125.322   123.451     1.684  1.34e-04   0.9816   1.0500      0      0
   92    2423.80    2421.93   0.0772   125.189   123.319     1.683  1.34e-04   0.9817   1.0500      0      0
   93    2423.17    2421.30   0.0772   125.123   123.253     1.683  1.34e-04   0.9817   1.0500      0      0
   94    2423.24    2421.37   0.0772   125.124   123.255     1.682  1.34e-04   0.9817   1.0500      0      0
   95    2424.01    2422.14   0.0771   125.192   123.323     1.682  1.34e-04   0.9817   1.0500      0      0
   96    2425.48    2423.61   0.0771   125.327   123.458     1.682  1.34e-04   0.9816   1.0500      0      0
   97    2413.58    2411.71   0.0775   124.214   122.346     1.682  1.34e-04   0.9819   1.0500      0      0
   98    2402.38    2400.51   0.0778   123.174   121.305     1.683  1.34e-04   0.9822   1.0500      0      0
   99    2391.88    2390.02   0.0782   122.204   120.335     1.684  1.34e-04   0.9824   1.0500      0      0
  100    2382.09    2380.22   0.0785   121.304   119.435     1.685  1.34e-04   0.9827   1.0500      0      0
  101    2373.00    2371.13   0.0789   120.474   118.605     1.686  1.34e-04   0.9829   1.0500      0      0
  102    2364.63    2362.76   0.0792   119.714   117.844     1.688  1.34e-04   0.9831   1.0500      0      0
  103    2356.96    2355.09   0.0795   119.023   117.152     1.689  1.34e-04   0.9832   1.0500      0      0
  104    2350.01    2348.14   0.0797   118.400   116.528     1.690  1.34e-04   0.9834   1.0500      0      0
  105    2343.78    2341.90   0.0800   117.846   115.973     1.692  1.34e-04   0.9835   1.0500      0      0
  106    2338.26    2336.39   0.0802   117.360   115.485     1.693  1.34e-04   0.9837   1.0500      0      0
  107    2333.47    2331.59   0.0805   116.941   115.065     1.695  1.34e-04   0.9838   1.0500      0      0
  108    2329.39    2327.52   0.0807   116.589   114.712     1.697  1.34e-04   0.9839   1.0500      0      0
  109    2326.04    2324.16   0.0809   116.305   114.426     1.698  1.35e-04   0.9839   1.0500      0      0
  110    2323.42    2321.53   0.0810   116.088   114.207     1.700  1.35e-04   0.9840   1.0500      0      0
  111    2321.51    2319.63   0.0812   115.938   114.055     1.702  1.35e-04   0.9840   1.0500      0      0
  112    2320.34    2318.45   0.0813   115.854   113.969     1.704  1.35e-04   0.9841   1.0500      0      0
  113    2319.89    2318.00   0.0814   115.838   113.950     1.706  1.35e-04   0.9841   1.0500      0      0
  114    2320.16    2318.27   0.0815   115.888   113.998     1.709  1.35e-04   0.9840   1.0500      0      0
  115    2321.16    2319.27   0.0816   116.005   114.112     1.711  1.35e-04   0.9840   1.0500      0      0
  116    2322.89    2320.99   0.0817   116.189   114.293     1.713  1.36e-04   0.9839   1.0500      0      0
  117    2325.34    2323.44   0.0817   116.440   114.541     1.716  1.36e-04   0.9839   1.0500      0      0
  118    2328.51    2326.61   0.0817   116.757   114.856     1.718  1.36e-04   0.9838   1.0500      0      0
  119    2332.40    2330.50   0.0817   117.142   115.238     1.721  1.36e-04   0.9837   1.0500      0      0
  120    2337.01    2335.10   0.0817   117.594   115.686     1.723  1.37e-04   0.9835   1.0500      0      0
  121    2342.34    2340.42   0.0817   118.114   116.202     1.726  1.37e-04   0.9834   1.0500      0      0
  122    2348.37    2346.46   0.0816   118.700   116.785     1.729  1.37e-04   0.9832   1.0500      0      0
  123    2355.12    2353.20   0.0816   119.355   117.436     1.732  1.37e-04   0.9830   1.0500      0      0
  124    2362.56    2360.64   0.0815   120.076   118.153     1.735  1.38e-04   0.9828   1.0500      0      0
  125    2370.69    2368.77   0.0814   120.866   118.938     1.738  1.38e-04   0.9825   1.0500      0      0
  126    2379.51    2377.58   0.0812   121.722   119.790     1.741  1.38e-04   0.9823   1.0500      0      0
  127    2388.99    2387.05   0.0811   122.644   120.708     1.745  1.39e-04   0.9820   1.0500      0      0
  128    2399.12    2397.18   0.0810   123.631   121.691     1.748  1.39e-04   0.9817   1.0500      0      0
  129    2409.88    2407.94   0.0808   124.683   122.737     1.751  1.39e-04   0.9814   1.0500      0      0
  130    2421.24    2419.29   0.0806   125.795   123.845     1.755  1.40e-04   0.9811   1.0500      0      0
  131    2433.14    2431.19   0.0804   126.965   125.010     1.759  1.40e-04   0.9807   1.0500      0      0
  132    2445.53    2443.57   0.0803   128.187   126.226     1.762  1.41e-04   0.9804   1.0500      0      0
  133    2458.32    2456.36   0.0801   129.452   127.485     1.766  1.41e-04   0.9800   1.0500      0      0
  134    2471.37    2469.40   0.0799   130.746   128.774     1.770  1.41e-04   0.9796   1.0500      0      0
  135    2484.48    2482.50   0.0797   132.048   130.070     1.774  1.42e-04   0.9793   1.0500      0      0
  136    2497.34    2495.35   0.0795   133.326   131.342     1.779  1.42e-04   0.9789   1.0500      0      0
  137    2509.50    2507.51   0.0794   134.533   132.543     1.783  1.43e-04   0.9786   1.0500      0      0
  138    2520.36    2518.37   0.0793   135.606   133.609     1.788  1.43e-04   0.9783   1.0500      0      0
  139    2529.19    2527.19   0.0793   136.465   134.462     1.793  1.44e-04   0.9781   1.0500      0      0
  140    2535.14    2533.13   0.0794   137.022   135.011     1.799  1.44e-04   0.9779   1.0500      0      0
  141    2537.36    2535.35   0.0796   137.181   135.164     1.805  1.45e-04   0.9779   1.0500      0      0
  142    2535.13    2533.11   0.0799   136.864   134.840     1.811  1.45e-04   0.9780   1.0500      0      0
  143    2528.18    2526.14   0.0804   136.049   134.018     1.818  1.46e-04   0.9782   1.0500      0      0
  144    2517.11    2515.07   0.0811   134.818   132.779     1.826  1.46e-04   0.9785   1.0500      0      0
  145    2503.26    2501.21   0.0818   133.325   131.279     1.834  1.47e-04   0.9788   1.0500      0      0
  146    2487.95    2485.90   0.0827   131.710   129.656     1.842  1.47e-04   0.9792   1.0500      0      0
  147    2472.07    2470.01   0.0835   130.057   127.994     1.851  1.48e-04   0.9795   1.0500      0      0
  148    2456.07    2454.00   0.0844   128.406   126.335     1.860  1.49e-04   0.9799   1.0500      0      0
  149    2440.13    2438.05   0.0853   126.776   124.697     1.869  1.49e-04   0.9803   1.0500      0      0
  150    2424.36    2422.27   0.0862   125.175   123.087     1.878  1.50e-04   0.9806   1.0500      0      0
  151    2408.78    2406.69   0.0871   123.604   121.507     1.887  1.50e-04   0.9810   1.0500      0      0
  152    2393.42    2391.31   0.0881   122.066   119.960     1.896  1.51e-04   0.9813   1.0500      0      0
  153    2378.28    2376.16   0.0890   120.561   118.446     1.906  1.52e-04   0.9816   1.0500      0      0
  154    2363.36    2361.24   0.0900   119.088   116.963     1.915  1.52e-04   0.9819   1.0500      0      0
  155    2348.68    2346.55   0.0910   117.648   115.514     1.925  1.53e-04   0.9823   1.0500      0      0
  156    2334.23    2332.09   0.0919   116.241   114.097     1.935  1.54e-04   0.9826   1.0500      0      0
  157    2320.03    2317.87   0.0929   114.867   112.713     1.946  1.54e-04   0.9828   1.0500      0      0
  158    2306.07    2303.90   0.0939   113.525   111.360     1.956  1.55e-04   0.9831   1.0500      0      0
  159    2292.35    2290.17   0.0950   112.215   110.040     1.966  1.56e-04   0.9834   1.0500      0      0
  160    2278.88    2276.70   0.0960   110.938   108.753     1.977  1.57e-04   0.9837   1.0500      0      0
  161    2265.67    2263.47   0.0970   109.693   107.497     1.988  1.57e-04   0.9839   1.0500      0      0
  162    2252.71    2250.50   0.0981   108.480   106.273     1.999  1.58e-04   0.9841   1.0500      0      0
  163    2240.00    2237.79   0.0992   107.299   105.081     2.010  1.59e-04   0.9844   1.0500      0      0
  164    2227.57    2225.33   0.1002   106.151   103.920     2.021  1.60e-04   0.9846   1.0500      0      0
  165    2215.39    2213.15   0.1013   105.034   102.791     2.033  1.61e-04   0.9848   1.0500      0      0
  166    2203.48    2201.23   0.1024   103.948   101.694     2.044  1.61e-04   0.9850   1.0500      0      0
  167    2191.85    2189.58   0.1035   102.895   100.629     2.056  1.62e-04   0.9851   1.0500      0      0
  168    2180.48    2178.20   0.1046   101.874    99.595     2.068  1.63e-04   0.9851   1.0500      0      0
  169    2169.39    2167.10   0.1057   100.884    98.593     2.080  1.64e-04   0.9851   1.0500      0      0
  170    2158.59    2156.28   0.1069    99.925    97.621     2.093  1.65e-04   0.9851   1.0500      0      0
  171    2148.06    2145.74   0.1080    98.998    96.681     2.105  1.66e-04   0.9850   1.0500      0      0
  172    2137.81    2135.48   0.1091    98.103    95.772     2.118  1.67e-04   0.9850   1.0500      0      0
  173    2127.86    2125.51   0.1103    97.238    94.894     2.131  1.68e-04   0.9850   1.0500      0      0
  174    2118.19    2115.83   0.1114    96.403    94.046     2.144  1.69e-04   0.9850   1.0500      0      0
  175    2108.81    2106.44   0.1126    95.599    93.228     2.157  1.70e-04   0.9850   1.0500      0      0
  176    2099.72    2097.33   0.1138    94.825    92.439     2.171  1.71e-04   0.9849   1.0500      0      0
  177    2090.93    2088.53   0.1149    94.081    91.680     2.185  1.72e-04   0.9849   1.0500      0      0
  178    2082.43    2080.01   0.1161    93.365    90.950     2.198  1.73e-04   0.9849   1.0500      0      0
  179    2074.23    2071.80   0.1173    92.679    90.249     2.213  1.74e-04   0.9849   1.0500      0      0
  180    2066.33    2063.88   0.1185    92.021    89.575     2.227  1.75e-04   0.9849   1.0500      0      0
  181    2058.73    2056.27   0.1197    91.390    88.930     2.242  1.76e-04   0.9849   1.0500      0      0
  182    2051.43    2048.95   0.1209    90.788    88.311     2.256  1.77e-04   0.9849   1.0500      0      0
  183    2044.44    2041.94   0.1221    90.213    87.720     2.272  1.79e-04   0.9850   1.0500      0      0
  184    2037.75    2035.24   0.1233    89.664    87.156     2.287  1.80e-04   0.9850   1.0500      0      0
  185    2031.36    2028.84   0.1245    89.142    86.617     2.302  1.81e-04   0.9851   1.0500      0      0
  186    2025.29    2022.75   0.1257    88.647    86.105     2.318  1.82e-04   0.9852   1.0500      0      0
  187    2019.52    2016.96   0.1269    88.178    85.619     2.334  1.83e-04   0.9852   1.0500      0      0
  188    2014.07    2011.49   0.1281    87.734    85.158     2.350  1.85e-04   0.9853   1.0500      0      0
  189    2008.92    2006.33   0.1293    87.316    84.723     2.367  1.86e-04   0.9855   1.0500      0      0
  190    2004.09    2001.48   0.1305    86.924    84.312     2.384  1.87e-04   0.9856   1.0500      0      0
  191    1999.57    1996.94   0.1317    86.557    83.927     2.401  1.88e-04   0.9857   1.0500      0      0
  192    1995.36    1992.72   0.1329    86.215    83.567     2.418  1.90e-04   0.9859   1.0500      0      0
  193    1991.47    1988.81   0.1341    85.898    83.232     2.435  1.91e-04   0.9861   1.0500      0      0
  194    1987.90    1985.22   0.1352    85.607    82.922     2.453  1.92e-04   0.9863   1.0500      0      0
  195    1984.65    1981.94   0.1364    85.342    82.638     2.471  1.94e-04   0.9865   1.0500      0      0
  196    1981.71    1978.99   0.1376    85.102    82.378     2.489  1.95e-04   0.9867   1.0500      0      0
  197    1979.09    1976.35   0.1388    84.887    82.144     2.508  1.96e-04   0.9869   1.0500      0      0
  198    1976.80    1974.03   0.1400    84.698    81.936     2.527  1.98e-04   0.9872   1.0500      0      0
  199    1974.82    1972.04   0.1411    84.536    81.753     2.546  1.99e-04   0.9875   1.0500      0      0
  200    1973.17    1970.36   0.1423    84.399    81.596     2.565  2.00e-04   0.9877   1.0500      0      0
  201    1971.83    1969.01   0.1434    84.289    81.465     2.584  2.02e-04   0.9880   1.0500      0      0
  202    1970.82    1967.98   0.1446    84.206    81.361     2.604  2.03e-04   0.9883   1.0500      0      0
  203    1970.14    1967.27   0.1457    84.150    81.284     2.624  2.05e-04   0.9886   1.0500      0      0
  204    1969.78    1966.89   0.1468    84.121    81.233     2.644  2.06e-04   0.9889   1.0500      0      0
  205    1969.74    1966.83   0.1479    84.119    81.210     2.665  2.08e-04   0.9891   1.0500      0      0
  206    1970.02    1967.09   0.1490    84.145    81.214     2.685  2.09e-04   0.9894   1.0500      0      0
  207    1970.64    1967.68   0.1501    84.199    81.245     2.706  2.11e-04   0.9897   1.0500      0      0
  208    1971.57    1968.59   0.1512    84.281    81.305     2.727  2.12e-04   0.9900   1.0500      0      0
  209    1972.83    1969.83   0.1522    84.391    81.392     2.748  2.14e-04   0.9903   1.0500      0      0
  210    1974.41    1971.39   0.1533    84.529    81.507     2.769  2.16e-04   0.9905   1.0500      0      0
  211    1976.32    1973.28   0.1543    84.695    81.650     2.791  2.17e-04   0.9908   1.0500      0      0
  212    1978.55    1975.48   0.1553    84.889    81.821     2.813  2.19e-04   0.9910   1.0500      0      0
  213    1981.10    1978.01   0.1563    85.111    82.019     2.835  2.21e-04   0.9912   1.0500      0      0
  214    1983.98    1980.86   0.1573    85.362    82.246     2.857  2.22e-04   0.9913   1.0500      0      0
  215    1987.18    1984.04   0.1583    85.640    82.500     2.879  2.24e-04   0.9914   1.0500      0      0
  216    1990.69    1987.53   0.1592    85.947    82.783     2.901  2.26e-04   0.9914   1.0500      0      0
  217    1994.53    1991.34   0.1602    86.282    83.093     2.923  2.27e-04   0.9914   1.0500      0      0
  218    1998.68    1995.47   0.1611    86.644    83.430     2.946  2.29e-04   0.9914   1.0500      0      0
  219    2003.16    1999.92   0.1620    87.035    83.796     2.969  2.31e-04   0.9914   1.0500      0      0
  220    2007.95    2004.68   0.1628    87.454    84.190     2.991  2.33e-04   0.9914   1.0500      0      0
  221    2013.05    2009.76   0.1637    87.901    84.611     3.014  2.34e-04   0.9914   1.0500      0      0
  222    2018.47    2015.16   0.1645    88.376    85.061     3.037  2.36e-04   0.9914   1.0500      0      0
  223    2024.21    2020.87   0.1653    88.879    85.538     3.060  2.38e-04   0.9913   1.0500      0      0
  224    2030.26    2026.89   0.1661    89.411    86.044     3.084  2.40e-04   0.9912   1.0500      0      0
  225    2036.62    2033.22   0.1669    89.972    86.579     3.107  2.42e-04   0.9912   1.0500      0      0
  226    2043.29    2039.87   0.1676    90.561    87.142     3.130  2.44e-04   0.9911   1.0500      0      0
  227    2050.28    2046.84   0.1683    91.181    87.735     3.154  2.46e-04   0.9910   1.0500      0      0
  228    2057.61    2054.14   0.1690    91.832    88.360     3.177  2.47e-04   0.9909   1.0500      0      0
  229    2065.30    2061.80   0.1697    92.518    89.019     3.201  2.49e-04   0.9907   1.0500      0      0
  230    2073.43    2069.90   0.1703    93.248    89.723     3.224  2.51e-04   0.9906   1.0500      0      0
  231    2082.19    2078.64   0.1709    94.043    90.491     3.247  2.53e-04   0.9905   1.0500      0      0
  232    2091.95    2088.37   0.1714    94.944    91.365     3.271  2.55e-04   0.9903   1.0500      0      0
  233    2103.35    2099.74   0.1717    96.025    92.419     3.294  2.57e-04   0.9900   1.0500      0      0
  234    2117.20    2113.57   0.1719    97.378    93.745     3.316  2.59e-04   0.9897   1.0500      0      0
  235    2134.19    2130.53   0.1718    99.079    95.419     3.338  2.61e-04   0.9893   1.0500      0      0
  236    2154.69    2151.00   0.1714   101.171    97.484     3.360  2.63e-04   0.9888   1.0500      0      0
  237    2178.78    2175.07   0.1708   103.661    99.947     3.380  2.65e-04   0.9881   1.0500      0      0
  238    2206.35    2202.61   0.1699   106.532   102.791     3.400  2.67e-04   0.9874   1.0500      0      0
  239    2237.15    2233.38   0.1687   109.754   105.986     3.420  2.69e-04   0.9865   1.0500      0      0
  240    2270.89    2267.09   0.1674   113.287   109.491     3.438  2.71e-04   0.9856   1.0500      0      0
  241    2307.22    2303.39   0.1659   117.089   113.267     3.456  2.73e-04   0.9846   1.0500      0      0
  242    2345.77    2341.92   0.1643   121.123   117.274     3.474  2.75e-04   0.9836   1.0500      0      0
  243    2386.17    2382.30   0.1627   125.353   121.478     3.492  2.77e-04   0.9826   1.0500      0      0
  244    2428.06    2424.16   0.1609   129.750   125.849     3.509  2.80e-04   0.9815   1.0500      0      0
  245    2471.08    2467.15   0.1592   134.287   130.359     3.525  2.82e-04   0.9804   1.0500      0      0
  246    2514.89    2510.94   0.1575   138.941   134.987     3.542  2.84e-04   0.9793   1.0500      0      0
  247    2559.18    2555.20   0.1558   143.691   139.711     3.558  2.86e-04   0.9782   1.0500      0      0
  248    2603.71    2599.70   0.1541   148.522   144.516     3.574  2.88e-04   0.9771   1.0500      0      0
  249    2648.26    2644.23   0.1525   153.419   149.388     3.589  2.90e-04   0.9760   1.0500      0      0
  250    2692.69    2688.64   0.1509   158.373   154.316     3.605  2.92e-04   0.9750   1.0500      0      0
  251    2736.90    2732.81   0.1494   163.373   159.291     3.620  2.94e-04   0.9739   1.0500      0      0
  252    2780.79    2776.69   0.1479   168.412   164.306     3.635  2.95e-04   0.9728   1.0500      0      0
  253    2824.32    2820.19   0.1465   173.483   169.352     3.649  2.97e-04   0.9718   1.0500      0      0
  254    2867.43    2863.28   0.1451   178.578   174.423     3.663  2.99e-04   0.9708   1.0500      0      0
  255    2910.09    2905.91   0.1438   183.693   179.514     3.677  3.01e-04   0.9697   1.0500      0      0
  256    2952.25    2948.05   0.1425   188.820   184.618     3.690  3.03e-04   0.9687   1.0500      0      0
  257    2993.90    2989.67   0.1413   193.954   189.729     3.703  3.05e-04   0.9678   1.0500      0      0
  258    3034.99    3030.74   0.1401   199.089   194.841     3.716  3.06e-04   0.9668   1.0500      0      0
  259    3075.50    3071.23   0.1390   204.218   199.948     3.729  3.08e-04   0.9658   1.0500      0      0
  260    3115.41    3111.12   0.1379   209.336   205.045     3.741  3.10e-04   0.9649   1.0500      0      0
  261    3154.70    3150.39   0.1369   214.436   210.124     3.752  3.11e-04   0.9640   1.0500      0      0
  262    3193.33    3189.00   0.1359   219.513   215.180     3.764  3.13e-04   0.9631   1.0500      0      0
  263    3231.29    3226.94   0.1349   224.560   220.207     3.774  3.15e-04   0.9622   1.0500      0      0
  264    3268.55    3264.18   0.1339   229.571   225.199     3.785  3.16e-04   0.9613   1.0500      0      0
  265    3305.09    3300.70   0.1330   234.539   230.149     3.795  3.18e-04   0.9605   1.0500      0      0
  266    3340.89    3336.49   0.1321   239.459   235.050     3.804  3.19e-04   0.9597   1.0500      0      0
  267    3375.93    3371.51   0.1313   244.324   239.897     3.813  3.20e-04   0.9589   1.0500      0      0
  268    3410.19    3405.74   0.1305   249.127   244.684     3.821  3.22e-04   0.9581   1.0500      0      0
  269    3443.64    3439.18   0.1296   253.863   249.404     3.829  3.23e-04   0.9574   1.0500      0      0
  270    3476.26    3471.79   0.1289   258.524   254.050     3.837  3.24e-04   0.9567   1.0500      0      0
  271    3508.05    3503.56   0.1281   263.105   258.617     3.843  3.25e-04   0.9560   1.0500      0      0
  272    3538.96    3534.46   0.1274   267.599   263.097     3.850  3.26e-04   0.9553   1.0500      0      0
  273    3568.99    3564.48   0.1267   271.999   267.484     3.855  3.27e-04   0.9547   1.0500      0      0
  274    3598.11    3593.58   0.1260   276.297   271.770     3.860  3.28e-04   0.9541   1.0500      0      0
  275    3626.28    3621.74   0.1253   280.485   275.947     3.865  3.29e-04   0.9535   1.0500      0      0
  276    3653.49    3648.94   0.1247   284.557   280.008     3.869  3.30e-04   0.9530   1.0500      0      0
  277    3679.69    3675.13   0.1240   288.502   283.944     3.873  3.31e-04   0.9526   1.0500      0      0
  278    3704.87    3700.30   0.1234   292.315   287.748     3.875  3.31e-04   0.9521   1.0500      0      0
  279    3728.98    3724.41   0.1228   295.985   291.411     3.878  3.32e-04   0.9518   1.0500      0      0
  280    3751.99    3747.41   0.1222   299.502   294.921     3.880  3.33e-04   0.9515   1.0500      0      0
  281    3773.86    3769.27   0.1217   302.856   298.270     3.880  3.33e-04   0.9512   1.0500      0      0
  282    3794.63    3790.04   0.1211   306.058   301.468     3.880  3.34e-04   0.9510   1.0500      0      0
  283    3814.38    3809.79   0.1206   309.117   304.523     3.880  3.34e-04   0.9509   1.0500      0      0
  284    3833.14    3828.55   0.1201   312.036   307.439     3.879  3.34e-04   0.9508   1.0500      0      0
  285    3850.95    3846.35   0.1196   314.820   310.221     3.878  3.34e-04   0.9507   1.0500      0      0
  286    3867.78    3863.18   0.1191   317.463   312.864     3.876  3.35e-04   0.9506   1.0500      0      0
  287    3883.63    3879.03   0.1186   319.959   315.360     3.873  3.35e-04   0.9506   1.0500      0      0
  288    3898.50    3893.91   0.1181   322.304   317.706     3.870  3.35e-04   0.9506   1.0500      0      0
  289    3896.06    3891.46   0.1182   321.922   317.323     3.871  3.35e-04   0.9506   1.0500      0      0
  290    3892.73    3888.13   0.1183   321.395   316.796     3.872  3.35e-04   0.9506   1.0500      0      0
  291    3888.50    3883.90   0.1184   320.722   316.123     3.872  3.35e-04   0.9506   1.0500      0      0
  292    3883.37    3878.77   0.1185   319.903   315.305     3.872  3.34e-04   0.9506   1.0500      0      0
  293    3877.35    3872.75   0.1187   318.938   314.343     3.871  3.34e-04   0.9506   1.0500      0      0
  294    3870.42    3865.82   0.1188   317.829   313.236     3.870  3.34e-04   0.9506   1.0500      0      0
  295    3862.58    3857.99   0.1190   316.574   311.985     3.868  3.34e-04   0.9507   1.0500      0      0
  296    3853.84    3849.26   0.1191   315.176   310.591     3.866  3.33e-04   0.9507   1.0500      0      0
  297    3844.18    3839.60   0.1193   313.633   309.053     3.863  3.33e-04   0.9507   1.0500      0      0
  298    3833.61    3829.04   0.1194   311.947   307.374     3.860  3.32e-04   0.9508   1.0500      0      0
  299    3822.11    3817.54   0.1196   310.119   305.552     3.856  3.32e-04   0.9509   1.0500      0      0
  300    3809.68    3805.12   0.1198   308.149   303.590     3.851  3.31e-04   0.9509   1.0500      0      0
  301    3796.32    3791.77   0.1200   306.038   301.488     3.846  3.31e-04   0.9510   1.0500      0      0
  302    3782.01    3777.47   0.1202   303.786   299.246     3.840  3.30e-04   0.9512   1.0500      0      0
  303    3766.74    3762.21   0.1204   301.393   296.862     3.834  3.29e-04   0.9513   1.0500      0      0
  304    3750.49    3745.97   0.1207   298.856   294.336     3.828  3.28e-04   0.9515   1.0500      0      0
  305    3733.27    3728.76   0.1209   296.177   291.669     3.821  3.27e-04   0.9517   1.0500      0      0
  306    3715.07    3710.57   0.1212   293.357   288.862     3.813  3.26e-04   0.9520   1.0500      0      0
  307    3695.89    3691.40   0.1214   290.401   285.918     3.805  3.25e-04   0.9523   1.0500      0      0
  308    3675.74    3671.27   0.1217   287.310   282.842     3.797  3.24e-04   0.9526   1.0500      0      0
  309    3654.63    3650.17   0.1220   284.090   279.636     3.788  3.23e-04   0.9530   1.0500      0      0
  310    3632.58    3628.14   0.1223   280.745   276.307     3.778  3.22e-04   0.9534   1.0500      0      0
  311    3609.62    3605.19   0.1226   277.282   272.860     3.768  3.21e-04   0.9539   1.0500      0      0
  312    3585.75    3581.35   0.1230   273.706   269.302     3.758  3.19e-04   0.9544   1.0500      0      0
  313    3561.01    3556.63   0.1233   270.024   265.637     3.747  3.18e-04   0.9549   1.0500      0      0
  314    3535.42    3531.05   0.1237   266.242   261.873     3.736  3.17e-04   0.9554   1.0500      0      0
  315    3508.99    3504.64   0.1241   262.365   258.016     3.724  3.15e-04   0.9560   1.0500      0      0
  316    3481.75    3477.42   0.1245   258.400   254.070     3.712  3.14e-04   0.9566   1.0500      0      0
  317    3453.72    3449.41   0.1249   254.353   250.044     3.699  3.12e-04   0.9572   1.0500      0      0
  318    3424.93    3420.64   0.1254   250.231   245.942     3.686  3.11e-04   0.9579   1.0500      0      0
  319    3395.40    3391.13   0.1258   246.039   241.772     3.673  3.09e-04   0.9586   1.0500      0      0
  320    3365.15    3360.91   0.1263   241.785   237.539     3.659  3.07e-04   0.9593   1.0500      0      0
  321    3334.23    3330.00   0.1268   237.475   233.251     3.645  3.06e-04   0.9600   1.0500      0      0
  322    3302.65    3298.45   0.1274   233.116   228.915     3.631  3.04e-04   0.9607   1.0500      0      0
  323    3270.47    3266.29   0.1279   228.715   224.538     3.616  3.02e-04   0.9615   1.0500      0      0
  324    3237.73    3233.57   0.1285   224.282   220.128     3.601  3.00e-04   0.9623   1.0500      0      0
  325    3204.48    3200.35   0.1291   219.826   215.695     3.586  2.99e-04   0.9631   1.0500      0      0
  326    3170.80    3166.69   0.1297   215.356   211.250     3.571  2.97e-04   0.9639   1.0500      0      0
  327    3136.79    3132.71   0.1303   210.888   206.806     3.555  2.95e-04   0.9647   1.0500      0      0
  328    3102.60    3098.55   0.1309   206.438   202.381     3.539  2.93e-04   0.9655   1.0500      0      0
  329    3068.44    3064.41   0.1316   202.030   197.998     3.523  2.91e-04   0.9664   1.0500      0      0
  330    3034.60    3030.60   0.1322   197.696   193.689     3.506  2.89e-04   0.9672   1.0500      0      0
  331    3001.52    2997.54   0.1328   193.480   189.500     3.489  2.87e-04   0.9680   1.0500      0      0
  332    2969.76    2965.80   0.1333   189.443   185.488     3.471  2.85e-04   0.9689   1.0500      0      0
  333    2939.98    2936.05   0.1338   185.657   181.728     3.453  2.83e-04   0.9696   1.0500      0      0
  334    2912.89    2908.99   0.1341   182.202   178.300     3.434  2.81e-04   0.9703   1.0500      0      0
  335    2889.19    2885.31   0.1343   179.157   175.282     3.415  2.79e-04   0.9710   1.0500      0      0
  336    2869.41    2865.56   0.1343   176.591   172.742     3.395  2.77e-04   0.9715   1.0500      0      0
  337    2853.83    2850.01   0.1341   174.535   170.714     3.373  2.75e-04   0.9720   1.0500      0      0
  338    2842.09    2838.30   0.1337   172.949   169.154     3.352  2.73e-04   0.9723   1.0500      0      0
  339    2832.83    2829.06   0.1332   171.655   167.887     3.329  2.71e-04   0.9726   1.0500      0      0
  340    2823.63    2819.89   0.1326   170.338   166.597     3.307  2.69e-04   0.9729   1.0500      0      0
  341    2811.90    2808.18   0.1322   168.656   164.943     3.285  2.67e-04   0.9732   1.0500      0      0
  342    2795.73    2792.05   0.1320   166.392   162.705     3.264  2.65e-04   0.9737   1.0500      0      0
  343    2774.29    2770.63   0.1321   163.491   159.831     3.244  2.63e-04   0.9743   1.0500      0      0
  344    2747.52    2743.88   0.1324   160.021   156.389     3.225  2.61e-04   0.9750   1.0500      0      0
  345    2715.83    2712.23   0.1329   156.106   152.501     3.206  2.59e-04   0.9759   1.0500      0      0
  346    2679.98    2676.40   0.1337   151.875   148.296     3.188  2.57e-04   0.9768   1.0500      0      0
  347    2640.84    2637.29   0.1347   147.442   143.890     3.170  2.55e-04   0.9779   1.0500      0      0
  348    2599.33    2595.80   0.1358   142.896   139.370     3.152  2.53e-04   0.9789   1.0500      0      0
  349    2556.19    2552.69   0.1371   138.299   134.800     3.135  2.51e-04   0.9800   1.0500      0      0
  350    2511.94    2508.46   0.1384   133.692   130.219     3.117  2.49e-04   0.9811   1.0500      0      0
  351    2466.88    2463.43   0.1399   129.102   125.655     3.100  2.47e-04   0.9823   1.0500      0      0
  352    2421.22    2417.79   0.1415   124.545   121.125     3.083  2.45e-04   0.9834   1.0500      0      0
  353    2375.09    2371.69   0.1431   120.035   116.641     3.066  2.43e-04   0.9846   1.0500      0      0
  354    2328.58    2325.21   0.1449   115.580   112.211     3.049  2.41e-04   0.9857   1.0500      0      0
  355    2281.76    2278.42   0.1467   111.186   107.844     3.031  2.39e-04   0.9869   1.0500      0      0
  356    2234.69    2231.38   0.1487   106.861   103.544     3.015  2.37e-04   0.9881   1.0500      0      0
  357    2187.41    2184.12   0.1507   102.607    99.316     2.998  2.35e-04   0.9893   1.0500      0      0
  358    2139.96    2136.69   0.1529    98.430    95.164     2.981  2.33e-04   0.9905   1.0500      0      0
  359    2092.37    2089.12   0.1551    94.333    91.092     2.964  2.31e-04   0.9917   1.0500      0      0
  360    2044.67    2041.46   0.1576    90.319    87.103     2.948  2.29e-04   0.9929   1.0500      0      0
  361    1996.92    1993.73   0.1601    86.392    83.200     2.931  2.27e-04   0.9941   1.0500      0      0
  362    1949.14    1945.97   0.1628    82.554    79.386     2.915  2.25e-04   0.9953   1.0500      0      0
  363    1901.38    1898.24   0.1656    78.809    75.666     2.898  2.23e-04   0.9965   1.0500      0      0
  364    1853.73    1850.61   0.1685    75.161    72.042     2.882  2.22e-04   0.9977   1.0500      0      0
  365    1806.28    1803.19   0.1716    71.617    68.522     2.866  2.20e-04   0.9989   1.0500      0      0
  366    1759.28    1756.21   0.1749    68.187    65.116     2.850  2.18e-04   1.0001   1.0500      0      0
  367    1713.17    1710.12   0.1782    64.892    61.843     2.834  2.16e-04   1.0013   1.0500      0      0
  368    1668.73    1665.71   0.1816    61.767    58.742     2.818  2.14e-04   1.0024   1.0500      0      0
  369    1626.84    1623.84   0.1849    58.859    55.857     2.802  2.13e-04   1.0035   1.0500      0      0
  370    1588.31    1585.33   0.1880    56.212    53.233     2.785  2.11e-04   1.0045   1.0500      0      0
  371    1553.76    1550.80   0.1907    53.854    50.897     2.769  2.09e-04   1.0054   1.0500      0      0
  372    1523.79    1520.86   0.1930    51.811    48.876     2.752  2.07e-04   1.0062   1.0500      0      0
  373    1499.01    1496.10   0.1947    50.108    47.194     2.734  2.06e-04   1.0069   1.0500      0      0
  374    1479.96    1477.07   0.1958    48.772    45.880     2.717  2.04e-04   1.0074   1.0500      0      0
  375    1466.99    1464.12   0.1960    47.828    44.958     2.698  2.03e-04   1.0078   1.0500      0      0
  376    1459.89    1457.04   0.1955    47.279    44.430     2.679  2.01e-04   1.0080   1.0500      0      0
  377    1457.60    1454.77   0.1944    47.067    44.238     2.660  2.00e-04   1.0080   1.0500      0      0
  378    1458.17    1455.36   0.1929    47.058    44.251     2.640  1.98e-04   1.0080   1.0500      0      0
  379    1460.05    1457.27   0.1913    47.143    44.356     2.621  1.97e-04   1.0079   1.0500      0      0
  380    1462.60    1459.83   0.1895    47.273    44.507     2.602  1.95e-04   1.0079   1.0500      0      0
  381    1465.53    1462.78   0.1878    47.431    44.684     2.583  1.94e-04   1.0078   1.0500      0      0
  382    1468.73    1466.00   0.1860    47.606    44.878     2.564  1.93e-04   1.0077   1.0500      0      0
  383    1472.13    1469.42   0.1843    47.795    45.087     2.545  1.91e-04   1.0076   1.0500      0      0
  384    1475.69    1473.00   0.1825    47.994    45.305     2.527  1.90e-04   1.0075   1.0500      0      0
OPENDSS_SUMMARY ieee2522C_1ph_T384_diag_jt8_cbsys_typed_tree3_screen_warm_blocked_w16_r1 | import: optimizer 65306.30 kWh, OpenDSS 65235.79 kWh (+0.1081%) | losses: optimizer 4050.43, OpenDSS 3979.92 kWh, of which not physical 62.37 kWh
OPENDSS_SUMMARY ieee2522C_1ph_T384_diag_jt8_cbsys_typed_tree3_screen_warm_blocked_w16_r1 | voltage: largest difference 3.35e-04 pu | OpenDSS range 0.9501-1.0500 pu (optimizer lowest 0.9500) | below limit: 0 of 968064 bus-periods, worst 0.00e+00 pu | above limit: 0, worst 0.00e+00 pu (tolerance 1e-04)
OPENDSS_SUMMARY ieee2522C_1ph_T384_diag_jt8_cbsys_typed_tree3_screen_warm_blocked_w16_r1 | objective: optimizer 9032.916360, with OpenDSS import 9023.991501 (-0.0988%)
