OPENDSS_CHECK ieee2522C_1ph_T96_exact_tableII_jt8_cbsys_typed_tree4_screen_warm_blocked_w16_r1 | ieee2522C_1ph T=96 | converged=true | source 1.05 pu in the DSS file, 1.05 used | devices on the substation bus skipped: 0 | PV kW, DSS against instance: 8.9e-16 | line C1 0 nF
    t   P_opf kW   P_dss kW   diff %  loss_opf  loss_dss   fict kW    dV max Vmin dss Vmax dss    low   high
    1    4322.84    4322.78   0.0014   390.263   390.203     0.050  4.41e-06   0.9500   1.0500      0      0
    2    4307.69    4307.63   0.0014   387.513   387.453     0.050  4.45e-06   0.9500   1.0500      0      0
    3    4239.55    4239.49   0.0014   376.284   376.224     0.050  4.44e-06   0.9500   1.0500      0      0
    4    4096.87    4096.82   0.0015   353.079   353.020     0.049  4.38e-06   0.9500   1.0500      0      0
    5    3940.33    3940.27   0.0015   328.157   328.099     0.049  4.29e-06   0.9500   1.0500      0      0
    6    3776.84    3776.79   0.0015   302.718   302.661     0.048  4.19e-06   0.9500   1.0500      0      0
    7    3618.54    3618.48   0.0016   279.236   279.180     0.048  4.11e-06   0.9500   1.0499      0      0
    8    3462.17    3462.12   0.0016   257.067   257.012     0.047  4.02e-06   0.9506   1.0499      0      0
    9    3310.65    3310.60   0.0016   235.237   235.182     0.047  3.94e-06   0.9547   1.0499      0      0
   10    3208.62    3208.56   0.0017   218.803   218.750     0.046  3.85e-06   0.9583   1.0499      0      0
   11    3168.22    3168.17   0.0016   211.396   211.344     0.045  3.78e-06   0.9611   1.0499      0      0
   12    3142.83    3142.78   0.0016   206.349   206.298     0.045  3.72e-06   0.9630   1.0499      0      0
   13    3069.40    3069.35   0.0016   194.636   194.586     0.044  3.65e-06   0.9654   1.0499      0      0
   14    2969.80    2969.75   0.0017   181.492   181.443     0.044  3.59e-06   0.9682   1.0500      0      0
   15    2864.72    2864.67   0.0017   169.253   169.204     0.043  3.54e-06   0.9709   1.0500      0      0
   16    2768.43    2768.38   0.0018   158.555   158.506     0.043  3.49e-06   0.9733   1.0500      0      0
   17    2682.96    2682.91   0.0018   149.358   149.310     0.043  3.45e-06   0.9754   1.0500      0      0
   18    2608.39    2608.34   0.0018   141.566   141.518     0.042  3.42e-06   0.9771   1.0500      0      0
   19    2544.87    2544.82   0.0019   135.097   135.049     0.042  3.39e-06   0.9787   1.0500      0      0
   20    2492.51    2492.47   0.0019   129.879   129.833     0.042  3.36e-06   0.9799   1.0500      0      0
   21    2451.41    2451.37   0.0019   125.854   125.808     0.042  3.34e-06   0.9809   1.0500      0      0
   22    2421.64    2421.59   0.0019   122.974   122.928     0.042  3.32e-06   0.9816   1.0500      0      0
   23    2403.24    2403.19   0.0019   121.204   121.158     0.042  3.31e-06   0.9820   1.0500      0      0
   24    2396.24    2396.19   0.0019   120.522   120.476     0.041  3.31e-06   0.9822   1.0500      0      0
   25    2344.51    2344.47   0.0020   115.777   115.731     0.042  3.30e-06   0.9834   1.0500      0      0
   26    2304.31    2304.27   0.0020   112.174   112.128     0.042  3.30e-06   0.9844   1.0500      0      0
   27    2275.80    2275.75   0.0020   109.677   109.631     0.042  3.31e-06   0.9850   1.0500      0      0
   28    2259.08    2259.04   0.0020   108.262   108.215     0.042  3.32e-06   0.9854   1.0500      0      0
   29    2254.25    2254.20   0.0021   107.913   107.867     0.042  3.33e-06   0.9855   1.0500      0      0
   30    2261.32    2261.28   0.0021   108.631   108.585     0.042  3.35e-06   0.9854   1.0500      0      0
   31    2280.39    2280.35   0.0021   110.435   110.388     0.043  3.37e-06   0.9849   1.0500      0      0
   32    2311.55    2311.50   0.0021   113.361   113.313     0.043  3.40e-06   0.9839   1.0500      0      0
   33    2354.70    2354.65   0.0020   117.448   117.400     0.043  3.44e-06   0.9827   1.0500      0      0
   34    2409.73    2409.68   0.0020   122.748   122.699     0.044  3.48e-06   0.9811   1.0500      0      0
   35    2473.47    2473.42   0.0020   128.951   128.902     0.044  3.52e-06   0.9792   1.0500      0      0
   36    2505.57    2505.52   0.0020   131.919   131.869     0.045  3.57e-06   0.9786   1.0500      0      0
   37    2454.63    2454.58   0.0021   126.370   126.320     0.045  3.62e-06   0.9799   1.0500      0      0
   38    2392.96    2392.91   0.0021   120.098   120.047     0.046  3.68e-06   0.9814   1.0500      0      0
   39    2334.85    2334.80   0.0022   114.341   114.289     0.047  3.74e-06   0.9827   1.0500      0      0
   40    2280.56    2280.51   0.0023   109.099   109.045     0.048  3.80e-06   0.9839   1.0500      0      0
   41    2230.30    2230.24   0.0024   104.362   104.308     0.049  3.87e-06   0.9850   1.0500      0      0
   42    2184.24    2184.19   0.0025   100.123   100.068     0.050  3.95e-06   0.9860   1.0500      0      0
   43    2142.56    2142.51   0.0026    96.372    96.315     0.051  4.04e-06   0.9865   1.0500      0      0
   44    2105.42    2105.36   0.0027    93.101    93.043     0.053  4.14e-06   0.9864   1.0500      0      0
   45    2072.94    2072.88   0.0029    90.300    90.241     0.054  4.24e-06   0.9861   1.0500      0      0
   46    2045.23    2045.17   0.0030    87.945    87.885     0.055  4.35e-06   0.9861   1.0500      0      0
   47    2022.38    2022.32   0.0031    86.012    85.950     0.057  4.46e-06   0.9864   1.0500      0      0
   48    2004.46    2004.40   0.0032    84.485    84.421     0.058  4.58e-06   0.9870   1.0500      0      0
   49    1991.53    1991.47   0.0033    83.359    83.293     0.060  4.71e-06   0.9879   1.0500      0      0
   50    1983.66    1983.59   0.0034    82.643    82.575     0.062  4.84e-06   0.9890   1.0500      0      0
   51    1980.89    1980.82   0.0035    82.352    82.283     0.064  4.97e-06   0.9904   1.0500      0      0
   52    1983.24    1983.16   0.0036    82.499    82.428     0.066  5.11e-06   0.9913   1.0500      0      0
   53    1990.69    1990.62   0.0037    83.080    83.006     0.068  5.27e-06   0.9916   1.0500      0      0
   54    2003.24    2003.16   0.0038    84.096    84.020     0.070  5.44e-06   0.9916   1.0500      0      0
   55    2020.81    2020.73   0.0039    85.552    85.473     0.072  5.61e-06   0.9914   1.0500      0      0
   56    2043.36    2043.28   0.0040    87.453    87.372     0.074  5.79e-06   0.9911   1.0500      0      0
   57    2070.80    2070.72   0.0040    89.803    89.719     0.076  5.97e-06   0.9906   1.0500      0      0
   58    2103.03    2102.95   0.0041    92.610    92.524     0.079  6.16e-06   0.9899   1.0500      0      0
   59    2140.01    2139.92   0.0042    95.892    95.803     0.081  6.36e-06   0.9891   1.0500      0      0
   60    2201.69    2201.60   0.0042   102.010   101.918     0.083  6.55e-06   0.9875   1.0500      0      0
   61    2330.11    2330.02   0.0040   115.795   115.701     0.085  6.76e-06   0.9837   1.0500      0      0
   62    2503.20    2503.11   0.0039   134.282   134.185     0.087  6.98e-06   0.9790   1.0500      0      0
   63    2691.07    2690.97   0.0037   154.635   154.535     0.088  7.18e-06   0.9741   1.0500      0      0
   64    2874.52    2874.42   0.0036   175.727   175.625     0.090  7.38e-06   0.9694   1.0499      0      0
   65    3049.74    3049.64   0.0034   197.157   197.053     0.091  7.57e-06   0.9650   1.0499      0      0
   66    3215.44    3215.33   0.0033   218.580   218.473     0.092  7.75e-06   0.9607   1.0499      0      0
   67    3370.38    3370.27   0.0032   239.627   239.518     0.093  7.91e-06   0.9568   1.0499      0      0
   68    3513.35    3513.24   0.0031   259.916   259.806     0.094  8.05e-06   0.9531   1.0499      0      0
   69    3642.42    3642.31   0.0031   278.926   278.815     0.095  8.16e-06   0.9501   1.0499      0      0
   70    3749.37    3749.26   0.0030   295.080   294.967     0.095  8.24e-06   0.9500   1.0499      0      0
   71    3841.10    3840.98   0.0029   309.340   309.226     0.095  8.28e-06   0.9500   1.0499      0      0
   72    3918.29    3918.18   0.0029   321.636   321.523     0.095  8.30e-06   0.9500   1.0500      0      0
   73    3913.87    3913.76   0.0029   320.964   320.851     0.095  8.31e-06   0.9500   1.0500      0      0
   74    3894.68    3894.57   0.0029   317.868   317.754     0.095  8.30e-06   0.9500   1.0499      0      0
   75    3860.85    3860.74   0.0029   312.415   312.302     0.095  8.28e-06   0.9500   1.0499      0      0
   76    3812.64    3812.52   0.0030   304.729   304.617     0.095  8.23e-06   0.9500   1.0499      0      0
   77    3750.24    3750.13   0.0030   294.954   294.843     0.094  8.15e-06   0.9500   1.0499      0      0
   78    3673.30    3673.19   0.0030   283.159   283.049     0.093  8.05e-06   0.9500   1.0499      0      0
   79    3577.04    3576.93   0.0030   268.689   268.581     0.092  7.92e-06   0.9521   1.0499      0      0
   80    3465.80    3465.69   0.0031   252.430   252.324     0.091  7.77e-06   0.9550   1.0499      0      0
   81    3342.06    3341.95   0.0031   234.965   234.861     0.090  7.60e-06   0.9583   1.0499      0      0
   82    3206.85    3206.75   0.0032   216.629   216.527     0.088  7.41e-06   0.9619   1.0500      0      0
   83    3061.44    3061.34   0.0033   197.768   197.668     0.087  7.22e-06   0.9657   1.0500      0      0
   84    2918.64    2918.54   0.0033   179.671   179.574     0.085  7.02e-06   0.9693   1.0500      0      0
   85    2833.69    2833.60   0.0033   168.585   168.491     0.083  6.82e-06   0.9718   1.0500      0      0
   86    2803.86    2803.77   0.0033   164.179   164.088     0.081  6.62e-06   0.9727   1.0500      0      0
   87    2673.83    2673.74   0.0033   147.641   147.552     0.079  6.41e-06   0.9764   1.0500      0      0
   88    2491.55    2491.46   0.0035   128.444   128.358     0.078  6.20e-06   0.9812   1.0500      0      0
   89    2303.64    2303.55   0.0036   110.192   110.108     0.076  6.00e-06   0.9859   1.0500      0      0
   90    2112.62    2112.54   0.0038    93.109    93.028     0.074  5.80e-06   0.9908   1.0500      0      0
   91    1919.66    1919.58   0.0041    77.347    77.268     0.072  5.60e-06   0.9957   1.0500      0      0
   92    1725.88    1725.80   0.0044    63.019    62.943     0.071  5.42e-06   1.0006   1.0500      0      0
   93    1550.71    1550.63   0.0048    51.021    50.947     0.069  5.24e-06   1.0050   1.0500      0      0
   94    1448.53    1448.46   0.0050    44.104    44.032     0.067  5.07e-06   1.0079   1.0500      0      0
   95    1443.83    1443.76   0.0048    43.574    43.504     0.066  4.92e-06   1.0081   1.0500      0      0
   96    1458.16    1458.10   0.0046    44.441    44.373     0.064  4.78e-06   1.0078   1.0500      0      0
OPENDSS_SUMMARY ieee2522C_1ph_T96_exact_tableII_jt8_cbsys_typed_tree4_screen_warm_blocked_w16_r1 | import: optimizer 65257.33 kWh, OpenDSS 65255.59 kWh (+0.0027%) | losses: optimizer 3992.09, OpenDSS 3990.35 kWh, of which not physical 1.54 kWh
OPENDSS_SUMMARY ieee2522C_1ph_T96_exact_tableII_jt8_cbsys_typed_tree4_screen_warm_blocked_w16_r1 | voltage: largest difference 8.31e-06 pu | OpenDSS range 0.9500-1.0500 pu (optimizer lowest 0.9500) | below limit: 0 of 242016 bus-periods, worst 0.00e+00 pu | above limit: 0, worst 0.00e+00 pu (tolerance 1e-04)
OPENDSS_SUMMARY ieee2522C_1ph_T96_exact_tableII_jt8_cbsys_typed_tree4_screen_warm_blocked_w16_r1 | objective: optimizer 8999.055588, with OpenDSS import 8998.835366 (-0.0024%)
