OPENDSS_CHECK ieee2522C_1ph_T24_diag_tableII_jt8_cbsys_typed_tree3_screen_warm_strict_blocked_w16_r1 | ieee2522C_1ph T=24 | converged=true | source 1.05 pu in the DSS file, 1.05 used | devices on the substation bus skipped: 0 | PV kW, DSS against instance: 8.9e-16 | line C1 0 nF
    t   P_opf kW   P_dss kW   diff %  loss_opf  loss_dss   fict kW    dV max Vmin dss Vmax dss    low   high
    1    4282.09    4282.09   0.0000   384.469   384.469     0.000  1.29e-08   0.9500   1.0500      0      0
    2    3654.87    3654.87   0.0000   285.382   285.382     0.000  1.17e-08   0.9500   1.0500      0      0
    3    3140.32    3140.32   0.0000   208.290   208.290     0.000  1.08e-08   0.9599   1.0500      0      0
    4    3019.24    3019.23   0.0000   187.166   187.166     0.000  9.99e-09   0.9673   1.0500      0      0
    5    2627.89    2627.89   0.0000   142.574   142.574     0.000  9.46e-09   0.9773   1.0500      0      0
    6    2396.64    2396.64   0.0000   119.669   119.669     0.000  9.14e-09   0.9828   1.0500      0      0
    7    2123.11    2123.11   0.0000    95.622    95.622     0.000  9.02e-09   0.9895   1.0500      0      0
    8    2044.43    2044.43   0.0000    89.390    89.390     0.000  9.08e-09   0.9913   1.0500      0      0
    9    2166.29    2166.29   0.0000    99.860    99.860     0.000  9.47e-09   0.9876   1.0500      0      0
   10    2286.54    2286.54   0.0000   109.625   109.625     0.000  9.92e-09   0.9838   1.0500      0      0
   11    2129.62    2129.62   0.0000    95.231    95.231     0.000  1.06e-08   0.9853   1.0500      0      0
   12    2045.13    2045.13   0.0000    87.963    87.962     0.000  1.16e-08   0.9851   1.0500      0      0
   13    2037.57    2037.57   0.0000    87.062    87.062     0.000  1.28e-08   0.9894   1.0500      0      0
   14    2107.90    2107.90   0.0000    93.025    93.025     0.000  1.44e-08   0.9892   1.0500      0      0
   15    2252.02    2252.01   0.0000   106.140   106.140     0.000  1.65e-08   0.9862   1.0500      0      0
   16    2520.25    2520.25   0.0000   134.264   134.264     0.000  1.86e-08   0.9790   1.0500      0      0
   17    3269.46    3269.46   0.0000   225.210   225.210     0.000  2.09e-08   0.9593   1.0499      0      0
   18    3857.46    3857.46   0.0000   311.368   311.368     0.000  2.24e-08   0.9500   1.0499      0      0
   19    3927.86    3927.86   0.0000   323.111   323.111     0.000  2.30e-08   0.9500   1.0500      0      0
   20    3764.28    3764.28   0.0000   296.987   296.987     0.000  2.23e-08   0.9500   1.0499      0      0
   21    3357.80    3357.80   0.0000   237.022   237.021     0.000  2.08e-08   0.9577   1.0499      0      0
   22    2797.06    2797.06   0.0000   163.732   163.732     0.000  1.86e-08   0.9725   1.0500      0      0
   23    2081.94    2081.94   0.0000    92.158    92.158     0.000  1.64e-08   0.9908   1.0500      0      0
   24    1466.65    1466.65   0.0000    45.588    45.588     0.000  1.43e-08   1.0071   1.0500      0      0
OPENDSS_SUMMARY ieee2522C_1ph_T24_diag_tableII_jt8_cbsys_typed_tree3_screen_warm_strict_blocked_w16_r1 | import: optimizer 65356.41 kWh, OpenDSS 65356.41 kWh (+0.0000%) | losses: optimizer 4020.91, OpenDSS 4020.91 kWh, of which not physical 0.00 kWh
OPENDSS_SUMMARY ieee2522C_1ph_T24_diag_tableII_jt8_cbsys_typed_tree3_screen_warm_strict_blocked_w16_r1 | voltage: largest difference 2.30e-08 pu | OpenDSS range 0.9500-1.0500 pu (optimizer lowest 0.9500) | below limit: 0 of 60504 bus-periods, worst 0.00e+00 pu | above limit: 0, worst 0.00e+00 pu (tolerance 1e-04)
OPENDSS_SUMMARY ieee2522C_1ph_T24_diag_tableII_jt8_cbsys_typed_tree3_screen_warm_strict_blocked_w16_r1 | objective: optimizer 8910.793825, with OpenDSS import 8910.793222 (-0.0000%)
