OPENDSS_CHECK ieee123 T=24 DDP strict | ieee123C_1ph T=24 | converged=true | source 1.03 pu in the DSS file, 1.05 used | devices on the substation bus skipped: 0 | PV kW, DSS against instance: 1.8e-15
    t   P_opf kW   P_dss kW   diff %  loss_opf  loss_dss   fict kW    dV max Vmin dss Vmax dss    low   high
    1    1493.91    1493.91   0.0001    38.935    38.934     0.000  4.76e-05   1.0137   1.0500      0      0
    2    1178.80    1178.80   0.0001    24.453    24.452     0.000  4.79e-05   1.0214   1.0500      0      0
    3    1034.04    1034.04   0.0001    18.907    18.906     0.000  4.80e-05   1.0249   1.0500      0      0
    4    1053.52    1053.52   0.0001    19.599    19.598     0.000  4.79e-05   1.0241   1.0500      0      0
    5     903.02     903.02   0.0001    14.506    14.505     0.000  4.81e-05   1.0271   1.0500      0      0
    6     790.61     790.61   0.0002    11.332    11.331     0.000  4.81e-05   1.0291   1.0500      0      0
    7     651.27     651.27   0.0003     8.026     8.024     0.000  4.82e-05   1.0310   1.0500      0      0
    8     607.26     607.26   0.0006     7.277     7.274     0.000  4.83e-05   1.0297   1.0500      0      0
    9     661.49     661.48   0.0009     8.864     8.858     0.000  4.83e-05   1.0255   1.0500      0      0
   10     735.69     735.68   0.0012    11.298    11.290     0.000  4.83e-05   1.0201   1.0500      0      0
   11     680.77     680.76   0.0016    10.496    10.485     0.000  4.83e-05   1.0187   1.0500      0      0
   12     651.81     651.79   0.0017    10.001     9.989     0.000  4.84e-05   1.0185   1.0500      0      0
   13     650.51     650.50   0.0016     9.570     9.559     0.000  4.83e-05   1.0202   1.0500      0      0
   14     677.24     677.23   0.0011     9.507     9.499     0.000  4.83e-05   1.0232   1.0500      0      0
   15     730.61     730.60   0.0007    10.242    10.237     0.000  4.82e-05   1.0259   1.0500      0      0
   16     809.68     809.68   0.0003    12.028    12.025     0.000  4.81e-05   1.0275   1.0500      0      0
   17    1073.32    1073.32   0.0001    20.509    20.508     0.000  4.79e-05   1.0234   1.0500      0      0
   18    1325.82    1325.82   0.0001    30.745    30.743     0.000  4.78e-05   1.0178   1.0500      0      0
   19    1355.19    1355.19   0.0001    32.064    32.063     0.000  4.77e-05   1.0172   1.0500      0      0
   20    1284.09    1284.09   0.0001    28.820    28.819     0.000  4.78e-05   1.0190   1.0500      0      0
   21    1119.21    1119.21   0.0001    22.011    22.010     0.000  4.79e-05   1.0230   1.0500      0      0
   22     943.36     943.36   0.0001    15.697    15.697     0.000  4.80e-05   1.0274   1.0500      0      0
   23     655.95     655.95   0.0001     7.804     7.803     0.000  4.82e-05   1.0336   1.0500      0      0
   24     448.39     448.39   0.0001     3.839     3.838     0.000  4.84e-05   1.0381   1.0500      0      0
OPENDSS_SUMMARY ieee123 T=24 DDP strict | import: optimizer 21515.57 kWh, OpenDSS 21515.49 kWh (+0.0004%) | losses: optimizer 386.53, OpenDSS 386.45 kWh, of which not physical 0.00 kWh
OPENDSS_SUMMARY ieee123 T=24 DDP strict | voltage: largest difference 4.84e-05 pu | OpenDSS range 1.0137-1.0500 pu (optimizer lowest 1.0136) | below limit: 0 of 3048 bus-periods, worst 0.00e+00 pu | above limit: 0, worst 0.00e+00 pu (tolerance 1e-04)
OPENDSS_SUMMARY ieee123 T=24 DDP strict | objective: optimizer 2924.472284, with OpenDSS import 2924.459761 (-0.0004%)
