OPENDSS_CHECK ieee2522C_1ph_T96_diag_tableII_jt8_cb0_typed_tree3_screen_warm_blocked_w16_r1 | ieee2522C_1ph T=96 | converged=true | source 1.05 pu in the DSS file, 1.05 used | devices on the substation bus skipped: 0 | PV kW, DSS against instance: 8.9e-16 | line C1 0 nF
    t   P_opf kW   P_dss kW   diff %  loss_opf  loss_dss   fict kW    dV max Vmin dss Vmax dss    low   high
    1    4353.60    4349.59   0.0924   398.789   394.772     3.315  2.89e-04   0.9502   1.0500      0      0
    2    4348.90    4344.88   0.0925   396.899   392.880     3.315  2.91e-04   0.9502   1.0500      0      0
    3    4330.31    4326.29   0.0929   392.089   388.069     3.320  2.92e-04   0.9502   1.0500      0      0
    4    4289.35    4285.32   0.0940   382.965   378.936     3.336  2.94e-04   0.9502   1.0500      0      0
    5    4180.36    4176.34   0.0962   361.399   357.380     3.349  2.94e-04   0.9503   1.0500      0      0
    6    3751.84    3747.86   0.1060   315.172   311.199     3.350  2.90e-04   0.9503   1.0500      0      0
    7    3471.47    3467.56   0.1128   274.210   270.299     3.337  2.85e-04   0.9504   1.0500      0      0
    8    3302.11    3298.27   0.1166   241.808   237.962     3.314  2.79e-04   0.9509   1.0500      0      0
    9    3196.09    3192.32   0.1182   221.801   218.027     3.275  2.72e-04   0.9534   1.0500      0      0
   10    3174.08    3170.38   0.1168   216.831   213.127     3.219  2.67e-04   0.9575   1.0500      0      0
   11    3179.78    3176.14   0.1145   216.781   213.145     3.160  2.63e-04   0.9596   1.0500      0      0
   12    3189.39    3185.81   0.1122   217.350   213.775     3.106  2.58e-04   0.9620   1.0500      0      0
   13    3203.74    3200.22   0.1099   218.869   215.351     3.055  2.54e-04   0.9631   1.0500      0      0
   14    3197.92    3194.45   0.1085   217.156   213.689     3.013  2.51e-04   0.9631   1.0500      0      0
   15    3111.14    3107.71   0.1101   201.424   198.000     2.992  2.47e-04   0.9663   1.0500      0      0
   16    2996.72    2993.34   0.1130   182.293   178.909     2.979  2.43e-04   0.9707   1.0500      0      0
   17    2875.32    2871.97   0.1166   164.126   160.777     2.970  2.40e-04   0.9748   1.0500      0      0
   18    2743.44    2740.13   0.1211   147.452   144.134     2.963  2.38e-04   0.9785   1.0500      0      0
   19    2572.37    2569.07   0.1282   131.949   128.657     2.959  2.36e-04   0.9818   1.0500      0      0
   20    2323.76    2320.49   0.1410   118.207   114.935     2.957  2.34e-04   0.9844   1.0500      0      0
   21    2199.99    2196.73   0.1481   108.718   105.465     2.954  2.33e-04   0.9867   1.0500      0      0
   22    2139.04    2135.80   0.1516   102.390    99.151     2.950  2.31e-04   0.9886   1.0500      0      0
   23    2104.57    2101.34   0.1536    98.379    95.151     2.946  2.30e-04   0.9899   1.0500      0      0
   24    2089.03    2085.81   0.1545    96.321    93.099     2.944  2.30e-04   0.9906   1.0500      0      0
   25    2054.94    2051.72   0.1570    94.371    91.151     2.945  2.30e-04   0.9910   1.0500      0      0
   26    2038.86    2035.64   0.1583    94.352    91.129     2.947  2.30e-04   0.9908   1.0500      0      0
   27    2042.67    2039.44   0.1583    96.308    93.080     2.950  2.30e-04   0.9900   1.0500      0      0
   28    2070.71    2067.48   0.1567   100.379    97.140     2.953  2.31e-04   0.9887   1.0500      0      0
   29    2136.24    2132.99   0.1525   106.904   103.651     2.956  2.33e-04   0.9869   1.0500      0      0
   30    2285.75    2282.48   0.1433   116.590   113.320     2.958  2.34e-04   0.9847   1.0500      0      0
   31    2507.98    2504.69   0.1314   129.281   125.989     2.961  2.36e-04   0.9818   1.0500      0      0
   32    2616.81    2613.49   0.1270   141.863   138.545     2.967  2.38e-04   0.9785   1.0500      0      0
   33    2678.27    2674.92   0.1252   152.268   148.919     2.981  2.40e-04   0.9754   1.0500      0      0
   34    2655.35    2651.97   0.1277   150.954   147.568     3.015  2.43e-04   0.9756   1.0500      0      0
   35    2589.95    2586.52   0.1325   143.849   140.422     3.060  2.46e-04   0.9771   1.0500      0      0
   36    2522.36    2518.89   0.1379   136.634   133.161     3.111  2.49e-04   0.9786   1.0500      0      0
   37    2457.51    2453.99   0.1436   129.902   126.378     3.166  2.53e-04   0.9800   1.0500      0      0
   38    2395.99    2392.41   0.1497   123.692   120.111     3.224  2.57e-04   0.9813   1.0500      0      0
   39    2338.05    2334.41   0.1560   118.003   114.360     3.287  2.61e-04   0.9824   1.0500      0      0
   40    2283.92    2280.21   0.1627   112.831   109.121     3.354  2.66e-04   0.9834   1.0500      0      0
   41    2233.80    2230.02   0.1696   108.174   104.392     3.426  2.71e-04   0.9842   1.0500      0      0
   42    2187.89    2184.03   0.1768   104.031   100.170     3.502  2.76e-04   0.9844   1.0500      0      0
   43    2146.38    2142.44   0.1841   100.394    96.450     3.582  2.83e-04   0.9842   1.0500      0      0
   44    2109.41    2105.38   0.1917    97.249    93.214     3.668  2.89e-04   0.9840   1.0500      0      0
   45    2077.11    2072.97   0.1993    94.572    90.440     3.760  2.96e-04   0.9839   1.0500      0      0
   46    2049.57    2045.34   0.2071    92.340    88.104     3.858  3.04e-04   0.9840   1.0500      0      0
   47    2026.89    2022.55   0.2149    90.529    86.183     3.962  3.11e-04   0.9843   1.0500      0      0
   48    2009.15    2004.69   0.2227    89.126    84.662     4.072  3.20e-04   0.9848   1.0500      0      0
   49    1996.40    1991.82   0.2304    88.125    83.535     4.190  3.29e-04   0.9856   1.0500      0      0
   50    1988.71    1983.99   0.2380    87.530    82.808     4.315  3.38e-04   0.9865   1.0500      0      0
   51    1986.12    1981.26   0.2454    87.356    82.494     4.446  3.47e-04   0.9877   1.0500      0      0
   52    1988.66    1983.66   0.2525    87.618    82.610     4.583  3.58e-04   0.9888   1.0500      0      0
   53    1996.34    1991.17   0.2593    88.332    83.170     4.726  3.68e-04   0.9900   1.0500      0      0
   54    2009.12    2003.80   0.2656    89.503    84.180     4.874  3.79e-04   0.9906   1.0500      0      0
   55    2026.96    2021.47   0.2716    91.133    85.644     5.026  3.91e-04   0.9908   1.0500      0      0
   56    2049.81    2044.14   0.2770    93.221    87.559     5.182  4.03e-04   0.9907   1.0500      0      0
   57    2077.57    2071.73   0.2819    95.769    89.929     5.340  4.16e-04   0.9904   1.0500      0      0
   58    2110.15    2104.13   0.2862    98.783    92.762     5.500  4.29e-04   0.9899   1.0500      0      0
   59    2147.46    2141.25   0.2898   102.272    96.066     5.661  4.42e-04   0.9893   1.0500      0      0
   60    2189.37    2182.98   0.2928   106.247    99.854     5.822  4.55e-04   0.9885   1.0500      0      0
   61    2235.95    2229.38   0.2951   110.739   104.160     5.980  4.69e-04   0.9876   1.0500      0      0
   62    2290.74    2283.98   0.2961   116.171   109.408     6.134  4.82e-04   0.9863   1.0500      0      0
   63    2393.44    2386.50   0.2909   127.776   120.833     6.265  4.96e-04   0.9807   1.0500      0      0
   64    2604.21    2597.09   0.2739   155.360   148.246     6.342  5.11e-04   0.9727   1.0500      0      0
   65    2848.98    2841.71   0.2559   190.400   183.127     6.394  5.24e-04   0.9654   1.0500      0      0
   66    3095.16    3087.75   0.2401   227.380   219.965     6.432  5.36e-04   0.9588   1.0500      0      0
   67    3357.50    3349.96   0.2249   264.066   256.534     6.456  5.46e-04   0.9538   1.0500      0      0
   68    3742.32    3734.71   0.2039   300.190   292.575     6.462  5.51e-04   0.9517   1.0500      0      0
   69    3943.46    3935.78   0.1952   326.706   319.023     6.471  5.57e-04   0.9511   1.0500      0      0
   70    4057.92    4050.19   0.1909   345.306   337.573     6.480  5.61e-04   0.9510   1.0500      0      0
   71    4136.44    4128.68   0.1880   357.929   350.166     6.483  5.63e-04   0.9509   1.0500      0      0
   72    4189.40    4181.62   0.1860   365.540   357.763     6.482  5.64e-04   0.9509   1.0500      0      0
   73    4194.68    4186.90   0.1859   367.430   359.645     6.485  5.65e-04   0.9509   1.0500      0      0
   74    4183.22    4175.44   0.1864   365.827   358.043     6.487  5.65e-04   0.9509   1.0500      0      0
   75    4152.27    4144.49   0.1875   360.182   352.410     6.488  5.64e-04   0.9509   1.0500      0      0
   76    4093.67    4085.93   0.1895   349.149   341.407     6.483  5.61e-04   0.9510   1.0500      0      0
   77    3992.08    3984.39   0.1931   331.118   323.426     6.474  5.57e-04   0.9511   1.0500      0      0
   78    3782.88    3775.25   0.2020   303.903   296.279     6.464  5.52e-04   0.9516   1.0500      0      0
   79    3419.21    3411.67   0.2210   268.640   261.102     6.454  5.46e-04   0.9532   1.0500      0      0
   80    3200.78    3193.36   0.2323   234.300   226.881     6.423  5.36e-04   0.9574   1.0500      0      0
   81    3003.57    2996.30   0.2428   201.186   193.911     6.373  5.24e-04   0.9635   1.0500      0      0
   82    2873.87    2866.75   0.2482   180.491   173.377     6.281  5.11e-04   0.9703   1.0500      0      0
   83    2843.34    2836.40   0.2447   175.949   169.009     6.137  4.99e-04   0.9728   1.0500      0      0
   84    2838.10    2831.34   0.2387   175.125   168.366     5.978  4.86e-04   0.9730   1.0500      0      0
   85    2836.29    2829.71   0.2323   174.735   168.160     5.815  4.72e-04   0.9730   1.0500      0      0
   86    2836.23    2829.84   0.2257   174.553   168.165     5.649  4.59e-04   0.9730   1.0500      0      0
   87    2837.09    2830.89   0.2191   174.470   168.268     5.484  4.46e-04   0.9729   1.0500      0      0
   88    2820.39    2814.37   0.2138   171.840   165.822     5.326  4.32e-04   0.9733   1.0500      0      0
   89    2598.10    2592.26   0.2253   140.357   134.517     5.237  4.17e-04   0.9808   1.0500      0      0
   90    2036.86    2031.19   0.2791    92.721    87.051     5.198  4.03e-04   0.9929   1.0500      0      0
   91    1536.66    1531.16   0.3593    56.383    50.882     5.152  3.89e-04   1.0056   1.0500      0      0
   92    1430.47    1425.13   0.3744    47.841    42.505     5.026  3.76e-04   1.0089   1.0500      0      0
   93    1432.04    1426.86   0.3627    47.718    42.543     4.874  3.65e-04   1.0089   1.0500      0      0
   94    1440.95    1435.93   0.3497    48.093    43.072     4.727  3.54e-04   1.0086   1.0500      0      0
   95    1452.59    1447.71   0.3367    48.652    43.778     4.587  3.44e-04   1.0083   1.0500      0      0
   96    1466.03    1461.30   0.3240    49.336    44.602     4.452  3.34e-04   1.0079   1.0500      0      0
OPENDSS_SUMMARY ieee2522C_1ph_T96_diag_tableII_jt8_cb0_typed_tree3_screen_warm_blocked_w16_r1 | import: optimizer 65400.86 kWh, OpenDSS 65279.95 kWh (+0.1852%) | losses: optimizer 4172.86, OpenDSS 4051.94 kWh, of which not physical 106.96 kWh
OPENDSS_SUMMARY ieee2522C_1ph_T96_diag_tableII_jt8_cb0_typed_tree3_screen_warm_blocked_w16_r1 | voltage: largest difference 5.65e-04 pu | OpenDSS range 0.9502-1.0500 pu (optimizer lowest 0.9500) | below limit: 0 of 242016 bus-periods, worst 0.00e+00 pu | above limit: 0, worst 0.00e+00 pu (tolerance 1e-04)
OPENDSS_SUMMARY ieee2522C_1ph_T96_diag_tableII_jt8_cb0_typed_tree3_screen_warm_blocked_w16_r1 | objective: optimizer 9028.732247, with OpenDSS import 9013.417748 (-0.1696%)
