OPENDSS_CHECK ieee2522C_1ph_T24_diag_tableII_jt8_cbsys_typed_tree3_screen_warm_calib1006_blocked_w16_r1 | ieee2522C_1ph T=24 | converged=true | source 1.05 pu in the DSS file, 1.05 used | devices on the substation bus skipped: 0 | PV kW, DSS against instance: 8.9e-16 | line C1 0 nF
    t   P_opf kW   P_dss kW   diff %  loss_opf  loss_dss   fict kW    dV max Vmin dss Vmax dss    low   high
    1    4234.96    4229.52   0.1286   380.062   374.621     4.513  3.98e-04   0.9503   1.0500      0      0
    2    3674.09    3668.98   0.1394   292.772   287.658     4.342  3.71e-04   0.9508   1.0500      0      0
    3    3168.65    3163.93   0.1490   216.803   212.088     4.101  3.40e-04   0.9610   1.0500      0      0
    4    3002.85    2998.45   0.1467   189.679   185.280     3.863  3.17e-04   0.9687   1.0500      0      0
    5    2638.95    2634.76   0.1589   147.652   143.466     3.738  3.00e-04   0.9776   1.0500      0      0
    6    2416.22    2412.16   0.1684   125.323   121.261     3.662  2.91e-04   0.9829   1.0500      0      0
    7    2144.81    2140.79   0.1879   101.211    97.189     3.668  2.87e-04   0.9894   1.0500      0      0
    8    2061.95    2057.88   0.1974    94.622    90.560     3.717  2.89e-04   0.9911   1.0500      0      0
    9    2169.79    2165.60   0.1934   103.997    99.810     3.811  2.99e-04   0.9877   1.0500      0      0
   10    2277.60    2273.19   0.1937   112.950   108.548     3.982  3.15e-04   0.9835   1.0500      0      0
   11    2133.89    2129.17   0.2218   100.114    95.393     4.286  3.39e-04   0.9828   1.0500      0      0
   12    2050.36    2045.21   0.2522    93.380    88.221     4.694  3.70e-04   0.9829   1.0500      0      0
   13    2043.65    2037.92   0.2812    93.003    87.273     5.228  4.10e-04   0.9865   1.0500      0      0
   14    2115.04    2108.60   0.3056    99.661    93.216     5.880  4.59e-04   0.9887   1.0500      0      0
   15    2261.88    2254.60   0.3232   113.888   106.601     6.616  5.19e-04   0.9867   1.0500      0      0
   16    2565.42    2557.21   0.3208   146.753   138.549     7.347  5.87e-04   0.9792   1.0500      0      0
   17    3264.18    3255.13   0.2781   232.878   223.826     7.851  6.52e-04   0.9622   1.0500      0      0
   18    3833.50    3823.89   0.2513   316.291   306.683     8.125  6.95e-04   0.9518   1.0500      0      0
   19    3898.69    3888.86   0.2527   327.240   317.413     8.287  7.12e-04   0.9514   1.0500      0      0
   20    3740.10    3730.46   0.2586   302.145   292.500     8.190  6.97e-04   0.9529   1.0500      0      0
   21    3350.62    3341.56   0.2710   244.367   235.313     7.824  6.53e-04   0.9605   1.0500      0      0
   22    2809.22    2801.02   0.2930   173.186   164.979     7.271  5.89e-04   0.9736   1.0500      0      0
   23    2129.18    2121.88   0.3441   103.018    95.718     6.667  5.20e-04   0.9906   1.0500      0      0
   24    1511.55    1505.09   0.4294    54.646    48.183     6.065  4.56e-04   1.0067   1.0500      0      0
OPENDSS_SUMMARY ieee2522C_1ph_T24_diag_tableII_jt8_cbsys_typed_tree3_screen_warm_calib1006_blocked_w16_r1 | import: optimizer 65497.16 kWh, OpenDSS 65345.86 kWh (+0.2315%) | losses: optimizer 4165.64, OpenDSS 4014.35 kWh, of which not physical 133.73 kWh
OPENDSS_SUMMARY ieee2522C_1ph_T24_diag_tableII_jt8_cbsys_typed_tree3_screen_warm_calib1006_blocked_w16_r1 | voltage: largest difference 7.12e-04 pu | OpenDSS range 0.9503-1.0500 pu (optimizer lowest 0.9500) | below limit: 0 of 60504 bus-periods, worst 0.00e+00 pu | above limit: 0, worst 0.00e+00 pu (tolerance 1e-04)
OPENDSS_SUMMARY ieee2522C_1ph_T24_diag_tableII_jt8_cbsys_typed_tree3_screen_warm_calib1006_blocked_w16_r1 | objective: optimizer 8932.078362, with OpenDSS import 8912.914101 (-0.2146%)
