OPENDSS_CHECK ieee123C_1ph_T96_exact_tableII_cbsys_typed_tree4_screen_warm_blocked_w16_r1 | ieee123C_1ph T=96 | converged=true | source 1.05 pu in the DSS file, 1.05 used | devices on the substation bus skipped: 0 | PV kW, DSS against instance: 3.6e-15 | line C1 0 nF
    t   P_opf kW   P_dss kW   diff %  loss_opf  loss_dss   fict kW    dV max Vmin dss Vmax dss    low   high
    1    1509.87    1509.87   0.0002    39.819    39.816     0.003  3.08e-07   1.0131   1.0500      0      0
    2    1514.62    1514.62   0.0002    40.064    40.060     0.003  3.00e-07   1.0129   1.0500      0      0
    3    1485.77    1485.77   0.0002    38.481    38.478     0.003  2.92e-07   1.0137   1.0500      0      0
    4    1416.63    1416.62   0.0002    34.992    34.989     0.003  2.84e-07   1.0155   1.0500      0      0
    5    1329.59    1329.59   0.0002    30.926    30.923     0.003  2.77e-07   1.0176   1.0500      0      0
    6    1245.04    1245.04   0.0002    27.225    27.222     0.003  2.71e-07   1.0197   1.0500      0      0
    7    1163.34    1163.34   0.0002    23.880    23.878     0.003  2.65e-07   1.0217   1.0500      0      0
    8    1090.03    1090.02   0.0003    21.047    21.044     0.003  2.59e-07   1.0234   1.0500      0      0
    9    1048.40    1048.40   0.0003    19.469    19.466     0.003  2.54e-07   1.0245   1.0500      0      0
   10    1041.74    1041.74   0.0003    19.197    19.194     0.003  2.49e-07   1.0246   1.0500      0      0
   11    1049.50    1049.50   0.0003    19.488    19.486     0.003  2.44e-07   1.0243   1.0500      0      0
   12    1057.34    1057.34   0.0002    19.785    19.783     0.002  2.40e-07   1.0240   1.0500      0      0
   13    1057.40    1057.40   0.0002    19.763    19.760     0.002  2.36e-07   1.0239   1.0500      0      0
   14    1034.84    1034.84   0.0002    18.901    18.898     0.002  2.33e-07   1.0243   1.0500      0      0
   15     997.44     997.44   0.0002    17.575    17.572     0.002  2.30e-07   1.0251   1.0500      0      0
   16     952.61     952.60   0.0003    16.086    16.084     0.002  2.27e-07   1.0260   1.0500      0      0
   17     911.41     911.41   0.0003    14.799    14.797     0.002  2.25e-07   1.0268   1.0500      0      0
   18     875.35     875.35   0.0003    13.720    13.718     0.002  2.22e-07   1.0275   1.0500      0      0
   19     844.53     844.53   0.0003    12.834    12.832     0.002  2.20e-07   1.0280   1.0500      0      0
   20     819.05     819.05   0.0003    12.128    12.125     0.002  2.19e-07   1.0285   1.0500      0      0
   21     798.98     798.98   0.0003    11.589    11.587     0.002  2.18e-07   1.0288   1.0500      0      0
   22     784.37     784.36   0.0003    11.208    11.206     0.002  2.17e-07   1.0290   1.0500      0      0
   23     775.25     775.25   0.0003    10.978    10.976     0.002  2.16e-07   1.0290   1.0500      0      0
   24     771.66     771.66   0.0003    10.896    10.893     0.002  2.16e-07   1.0289   1.0500      0      0
   25     744.79     744.79   0.0003    10.227    10.225     0.002  2.15e-07   1.0294   1.0500      0      0
   26     723.56     723.56   0.0003     9.722     9.720     0.002  2.15e-07   1.0296   1.0500      0      0
   27     708.04     708.03   0.0003     9.373     9.371     0.002  2.16e-07   1.0296   1.0500      0      0
   28     698.28     698.28   0.0003     9.174     9.172     0.002  2.17e-07   1.0294   1.0500      0      0
   29     694.35     694.35   0.0003     9.122     9.119     0.002  2.18e-07   1.0291   1.0500      0      0
   30     696.25     696.25   0.0003     9.217     9.214     0.002  2.19e-07   1.0285   1.0500      0      0
   31     704.01     704.00   0.0003     9.463     9.460     0.002  2.20e-07   1.0277   1.0500      0      0
   32     717.60     717.60   0.0003     9.866     9.864     0.002  2.22e-07   1.0268   1.0500      0      0
   33     737.00     737.00   0.0003    10.436    10.434     0.002  2.25e-07   1.0257   1.0500      0      0
   34     762.13     762.13   0.0003    11.184    11.181     0.002  2.27e-07   1.0244   1.0500      0      0
   35     786.25     786.25   0.0003    11.943    11.941     0.002  2.30e-07   1.0231   1.0500      0      0
   36     799.54     799.53   0.0003    12.445    12.442     0.002  2.33e-07   1.0219   1.0500      0      0
   37     794.60     794.60   0.0003    12.452    12.449     0.002  2.37e-07   1.0212   1.0500      0      0
   38     773.09     773.09   0.0003    11.995    11.992     0.002  2.40e-07   1.0209   1.0500      0      0
   39     752.74     752.74   0.0003    11.591    11.588     0.003  2.44e-07   1.0205   1.0500      0      0
   40     733.75     733.75   0.0004    11.240    11.237     0.003  2.49e-07   1.0202   1.0500      0      0
   41     716.20     716.20   0.0004    10.936    10.933     0.003  2.54e-07   1.0198   1.0500      0      0
   42     700.15     700.15   0.0004    10.675    10.672     0.003  2.59e-07   1.0195   1.0500      0      0
   43     685.67     685.67   0.0004    10.449    10.447     0.003  2.65e-07   1.0192   1.0500      0      0
   44     672.81     672.81   0.0004    10.252    10.249     0.003  2.71e-07   1.0190   1.0500      0      0
   45     661.61     661.61   0.0005    10.074    10.071     0.003  2.78e-07   1.0189   1.0500      0      0
   46     652.12     652.12   0.0005     9.909     9.906     0.003  2.85e-07   1.0189   1.0500      0      0
   47     644.37     644.37   0.0005     9.752     9.749     0.003  2.92e-07   1.0189   1.0500      0      0
   48     638.39     638.39   0.0005     9.598     9.595     0.003  3.00e-07   1.0191   1.0500      0      0
   49     634.21     634.20   0.0005     9.447     9.443     0.003  3.08e-07   1.0195   1.0500      0      0
   50     631.83     631.83   0.0005     9.301     9.297     0.003  3.17e-07   1.0199   1.0500      0      0
   51     631.28     631.28   0.0006     9.165     9.162     0.003  3.27e-07   1.0205   1.0500      0      0
   52     632.57     632.57   0.0006     9.047     9.043     0.003  3.36e-07   1.0211   1.0500      0      0
   53     635.70     635.69   0.0006     8.953     8.950     0.004  3.47e-07   1.0219   1.0500      0      0
   54     640.66     640.65   0.0006     8.893     8.889     0.004  3.57e-07   1.0226   1.0500      0      0
   55     647.43     647.43   0.0006     8.874     8.870     0.004  3.69e-07   1.0234   1.0500      0      0
   56     656.01     656.00   0.0006     8.903     8.899     0.004  3.80e-07   1.0243   1.0500      0      0
   57     666.35     666.34   0.0006     8.984     8.980     0.004  3.92e-07   1.0251   1.0500      0      0
   58     678.41     678.41   0.0006     9.124     9.119     0.004  4.04e-07   1.0258   1.0500      0      0
   59     692.15     692.15   0.0006     9.323     9.319     0.004  4.17e-07   1.0264   1.0500      0      0
   60     707.52     707.52   0.0007     9.585     9.580     0.004  4.29e-07   1.0270   1.0500      0      0
   61     729.28     729.28   0.0007    10.048    10.043     0.005  4.42e-07   1.0274   1.0500      0      0
   62     774.03     774.03   0.0006    11.183    11.178     0.005  4.54e-07   1.0271   1.0500      0      0
   63     836.38     836.38   0.0006    12.888    12.883     0.005  4.66e-07   1.0265   1.0500      0      0
   64     910.36     910.35   0.0006    15.089    15.083     0.005  4.78e-07   1.0255   1.0500      0      0
   65     983.20     983.19   0.0005    17.421    17.416     0.005  4.90e-07   1.0245   1.0500      0      0
   66    1051.86    1051.86   0.0005    19.785    19.779     0.005  5.00e-07   1.0234   1.0500      0      0
   67    1115.95    1115.94   0.0005    22.132    22.127     0.005  5.10e-07   1.0221   1.0500      0      0
   68    1175.10    1175.09   0.0005    24.419    24.414     0.005  5.19e-07   1.0209   1.0500      0      0
   69    1228.97    1228.97   0.0005    26.602    26.596     0.005  5.26e-07   1.0198   1.0500      0      0
   70    1277.28    1277.27   0.0004    28.636    28.631     0.005  5.32e-07   1.0187   1.0500      0      0
   71    1319.73    1319.72   0.0004    30.484    30.478     0.006  5.36e-07   1.0178   1.0500      0      0
   72    1356.09    1356.08   0.0004    32.109    32.103     0.006  5.39e-07   1.0170   1.0500      0      0
   73    1353.96    1353.96   0.0004    32.003    31.997     0.006  5.39e-07   1.0171   1.0500      0      0
   74    1345.52    1345.51   0.0004    31.604    31.599     0.006  5.38e-07   1.0173   1.0500      0      0
   75    1330.79    1330.78   0.0004    30.922    30.916     0.006  5.36e-07   1.0177   1.0500      0      0
   76    1309.88    1309.87   0.0004    29.968    29.963     0.005  5.32e-07   1.0182   1.0500      0      0
   77    1282.90    1282.89   0.0004    28.763    28.758     0.005  5.26e-07   1.0189   1.0500      0      0
   78    1250.01    1250.01   0.0004    27.330    27.325     0.005  5.19e-07   1.0197   1.0500      0      0
   79    1211.42    1211.42   0.0005    25.698    25.692     0.005  5.10e-07   1.0207   1.0500      0      0
   80    1167.35    1167.35   0.0005    23.897    23.892     0.005  5.00e-07   1.0217   1.0500      0      0
   81    1118.07    1118.07   0.0005    21.964    21.959     0.005  4.90e-07   1.0229   1.0500      0      0
   82    1063.89    1063.89   0.0005    19.936    19.931     0.005  4.78e-07   1.0243   1.0500      0      0
   83    1010.52    1010.51   0.0005    18.027    18.022     0.005  4.67e-07   1.0256   1.0500      0      0
   84     969.13     969.12   0.0005    16.595    16.590     0.005  4.54e-07   1.0266   1.0500      0      0
   85     947.49     947.49   0.0005    15.854    15.849     0.005  4.42e-07   1.0272   1.0500      0      0
   86     946.47     946.46   0.0005    15.817    15.812     0.004  4.29e-07   1.0272   1.0500      0      0
   87     927.01     927.01   0.0005    15.142    15.137     0.004  4.16e-07   1.0277   1.0500      0      0
   88     857.62     857.62   0.0005    12.994    12.990     0.004  4.04e-07   1.0292   1.0500      0      0
   89     777.57     777.56   0.0005    10.766    10.762     0.004  3.92e-07   1.0309   1.0500      0      0
   90     695.42     695.42   0.0006     8.707     8.702     0.004  3.80e-07   1.0326   1.0500      0      0
   91     611.63     611.62   0.0006     6.841     6.837     0.004  3.68e-07   1.0344   1.0500      0      0
   92     535.72     535.72   0.0007     5.348     5.344     0.004  3.56e-07   1.0360   1.0500      0      0
   93     479.49     479.49   0.0008     4.356     4.352     0.004  3.45e-07   1.0373   1.0500      0      0
   94     451.10     451.10   0.0008     3.884     3.880     0.004  3.35e-07   1.0379   1.0500      0      0
   95     450.83     450.83   0.0008     3.879     3.876     0.003  3.25e-07   1.0379   1.0500      0      0
   96     455.64     455.64   0.0007     3.959     3.955     0.003  3.16e-07   1.0378   1.0500      0      0
OPENDSS_SUMMARY ieee123C_1ph_T96_exact_tableII_cbsys_typed_tree4_screen_warm_blocked_w16_r1 | import: optimizer 21483.47 kWh, OpenDSS 21483.38 kWh (+0.0004%) | losses: optimizer 382.65, OpenDSS 382.56 kWh, of which not physical 0.08 kWh
OPENDSS_SUMMARY ieee123C_1ph_T96_exact_tableII_cbsys_typed_tree4_screen_warm_blocked_w16_r1 | voltage: largest difference 5.39e-07 pu | OpenDSS range 1.0129-1.0500 pu (optimizer lowest 1.0129) | below limit: 0 of 12192 bus-periods, worst 0.00e+00 pu | above limit: 0, worst 0.00e+00 pu (tolerance 1e-04)
OPENDSS_SUMMARY ieee123C_1ph_T96_exact_tableII_cbsys_typed_tree4_screen_warm_blocked_w16_r1 | objective: optimizer 2956.078396, with OpenDSS import 2956.067250 (-0.0004%)
