OPENDSS_CHECK med2522 T=24 DDP strict | ieee2522C_1ph T=24 | converged=true | source 1.05 pu in the DSS file, 1.05 used | devices on the substation bus skipped: 0 | PV kW, DSS against instance: 8.9e-16 | line C1 3.4 nF
    t   P_opf kW   P_dss kW   diff %  loss_opf  loss_dss   fict kW    dV max Vmin dss Vmax dss    low   high
    1    4282.09    4283.60  -0.0351   384.469   385.974     0.000  9.27e-03   0.9554   1.0505      0      1
    2    3654.87    3655.57  -0.0194   285.382   286.090     0.000  9.37e-03   0.9555   1.0505      0      1
    3    3140.32    3140.71  -0.0125   208.290   208.684     0.000  9.43e-03   0.9654   1.0504      0      1
    4    3019.24    3019.68  -0.0148   187.166   187.612     0.000  9.45e-03   0.9728   1.0504      0      1
    5    2627.89    2628.39  -0.0193   142.574   143.081     0.000  9.50e-03   0.9828   1.0505      0      1
    6    2396.64    2397.14  -0.0208   119.669   120.167     0.000  9.53e-03   0.9883   1.0505      0      1
    7    2123.11    2123.66  -0.0257    95.622    96.168     0.000  9.56e-03   0.9950   1.0505      0      1
    8    2044.43    2045.02  -0.0287    89.390    89.977     0.000  9.56e-03   0.9968   1.0505      0      1
    9    2166.29    2166.84  -0.0255    99.860   100.413     0.000  9.54e-03   0.9931   1.0504      0      1
   10    2286.54    2286.95  -0.0182   109.625   110.040     0.000  9.51e-03   0.9893   1.0502      0      1
   11    2129.62    2129.70  -0.0040    95.231    95.316     0.000  9.53e-03   0.9919   1.0501      0      0
   12    2045.13    2044.89   0.0117    87.963    87.723     0.000  9.55e-03   0.9927   1.0500      0      0
   13    2037.57    2037.90  -0.0159    87.062    87.387     0.000  9.54e-03   0.9954   1.0502      0      1
   14    2107.90    2108.42  -0.0246    93.025    93.545     0.000  9.54e-03   0.9947   1.0503      0      1
   15    2252.02    2252.57  -0.0246   106.140   106.694     0.000  9.53e-03   0.9917   1.0504      0      1
   16    2520.25    2520.78  -0.0212   134.264   134.798     0.000  9.50e-03   0.9845   1.0505      0      1
   17    3269.46    3269.78  -0.0099   225.210   225.533     0.000  9.42e-03   0.9648   1.0504      0      1
   18    3857.46    3858.14  -0.0176   311.368   312.046     0.000  9.35e-03   0.9554   1.0504      0      1
   19    3927.86    3928.70  -0.0214   323.111   323.953     0.000  9.34e-03   0.9554   1.0504      0      1
   20    3764.28    3764.73  -0.0119   296.987   297.434     0.000  9.36e-03   0.9554   1.0504      0      1
   21    3357.80    3358.13  -0.0097   237.022   237.348     0.000  9.41e-03   0.9632   1.0504      0      1
   22    2797.06    2797.47  -0.0147   163.732   164.145     0.000  9.48e-03   0.9780   1.0505      0      1
   23    2081.94    2082.48  -0.0258    92.158    92.694     0.000  9.57e-03   0.9963   1.0505      0      1
   24    1466.65    1467.29  -0.0436    45.588    46.228     0.000  9.64e-03   1.0128   1.0505      0      1
OPENDSS_SUMMARY med2522 T=24 DDP strict | import: optimizer 65356.41 kWh, OpenDSS 65368.55 kWh (-0.0186%) | losses: optimizer 4020.91, OpenDSS 4033.05 kWh, of which not physical 0.00 kWh
OPENDSS_SUMMARY med2522 T=24 DDP strict | voltage: largest difference 9.64e-03 pu | OpenDSS range 0.9554-1.0505 pu (optimizer lowest 0.9500) | below limit: 0 of 60504 bus-periods, worst 0.00e+00 pu | above limit: 22, worst 5.03e-04 pu (tolerance 1e-04)
OPENDSS_SUMMARY med2522 T=24 DDP strict | objective: optimizer 8910.793825, with OpenDSS import 8912.461855 (+0.0187%)
