OPENDSS_CHECK ieee123 T=24 DDP near-opt | ieee123C_1ph T=24 | converged=true | source 1.03 pu in the DSS file, 1.05 used | devices on the substation bus skipped: 0 | PV kW, DSS against instance: 1.8e-15
    t   P_opf kW   P_dss kW   diff %  loss_opf  loss_dss   fict kW    dV max Vmin dss Vmax dss    low   high
    1    1492.16    1492.10   0.0040    38.913    38.854     0.055  5.30e-05   1.0133   1.0500      0      0
    2    1180.18    1180.12   0.0045    24.574    24.521     0.050  5.27e-05   1.0210   1.0500      0      0
    3    1034.33    1034.28   0.0047    18.976    18.927     0.046  5.24e-05   1.0244   1.0500      0      0
    4    1051.85    1051.80   0.0044    19.596    19.549     0.043  5.21e-05   1.0237   1.0500      0      0
    5     903.54     903.50   0.0049    14.577    14.533     0.041  5.20e-05   1.0266   1.0500      0      0
    6     791.73     791.69   0.0054    11.416    11.373     0.040  5.20e-05   1.0286   1.0500      0      0
    7     652.60     652.56   0.0066     8.110     8.067     0.040  5.20e-05   1.0306   1.0500      0      0
    8     608.33     608.29   0.0074     7.356     7.311     0.040  5.21e-05   1.0295   1.0500      0      0
    9     661.86     661.81   0.0073     8.931     8.882     0.041  5.22e-05   1.0253   1.0500      0      0
   10     733.85     733.80   0.0073    11.311    11.257     0.043  5.24e-05   1.0201   1.0500      0      0
   11     680.81     680.75   0.0086    10.562    10.503     0.046  5.28e-05   1.0186   1.0500      0      0
   12     651.87     651.80   0.0097    10.073    10.010     0.050  5.32e-05   1.0184   1.0500      0      0
   13     650.59     650.52   0.0105     9.651     9.582     0.056  5.37e-05   1.0201   1.0500      0      0
   14     677.35     677.27   0.0108     9.598     9.525     0.063  5.44e-05   1.0230   1.0500      0      0
   15     730.75     730.68   0.0108    10.345    10.266     0.072  5.51e-05   1.0257   1.0500      0      0
   16     811.83     811.75   0.0106    12.201    12.115     0.081  5.59e-05   1.0269   1.0500      0      0
   17    1072.92    1072.83   0.0088    20.606    20.512     0.089  5.65e-05   1.0227   1.0500      0      0
   18    1324.69    1324.59   0.0076    30.812    30.711     0.094  5.70e-05   1.0171   1.0500      0      0
   19    1353.74    1353.64   0.0076    32.117    32.014     0.097  5.72e-05   1.0166   1.0500      0      0
   20    1282.96    1282.86   0.0078    28.884    28.784     0.095  5.70e-05   1.0185   1.0500      0      0
   21    1118.82    1118.73   0.0083    22.100    22.007     0.089  5.65e-05   1.0226   1.0500      0      0
   22     941.97     941.89   0.0089    15.750    15.666     0.081  5.58e-05   1.0271   1.0500      0      0
   23     658.83     658.76   0.0113     7.955     7.880     0.072  5.51e-05   1.0332   1.0500      0      0
   24     449.65     449.59   0.0147     3.933     3.867     0.064  5.44e-05   1.0377   1.0500      0      0
OPENDSS_SUMMARY ieee123 T=24 DDP near-opt | import: optimizer 21517.23 kWh, OpenDSS 21515.60 kWh (+0.0076%) | losses: optimizer 388.35, OpenDSS 386.72 kWh, of which not physical 1.49 kWh
OPENDSS_SUMMARY ieee123 T=24 DDP near-opt | voltage: largest difference 5.72e-05 pu | OpenDSS range 1.0133-1.0500 pu (optimizer lowest 1.0132) | below limit: 0 of 3048 bus-periods, worst 0.00e+00 pu | above limit: 0, worst 0.00e+00 pu (tolerance 1e-04)
OPENDSS_SUMMARY ieee123 T=24 DDP near-opt | objective: optimizer 2924.770657, with OpenDSS import 2924.562333 (-0.0071%)
