OPENDSS_CHECK ieee123C_1ph_T24_exact_tableII_cbsys_typed_tree4_screen_warm_blocked_w16_r1 | ieee123C_1ph T=24 | converged=true | source 1.05 pu in the DSS file, 1.05 used | devices on the substation bus skipped: 0 | PV kW, DSS against instance: 1.8e-15 | line C1 0 nF
    t   P_opf kW   P_dss kW   diff %  loss_opf  loss_dss   fict kW    dV max Vmin dss Vmax dss    low   high
    1    1493.91    1493.91   0.0000    38.935    38.935     0.000  4.64e-09   1.0136   1.0500      0      0
    2    1178.80    1178.80   0.0000    24.453    24.453     0.000  4.27e-09   1.0213   1.0500      0      0
    3    1034.04    1034.04   0.0000    18.907    18.907     0.000  3.92e-09   1.0248   1.0500      0      0
    4    1053.52    1053.52   0.0000    19.599    19.599     0.000  3.75e-09   1.0240   1.0500      0      0
    5     903.02     903.02   0.0000    14.506    14.506     0.000  3.55e-09   1.0270   1.0500      0      0
    6     790.61     790.61   0.0000    11.332    11.332     0.000  3.33e-09   1.0290   1.0500      0      0
    7     651.27     651.27   0.0000     8.026     8.026     0.000  3.34e-09   1.0309   1.0500      0      0
    8     607.26     607.26   0.0000     7.277     7.277     0.000  3.28e-09   1.0296   1.0500      0      0
    9     661.49     661.49   0.0000     8.864     8.864     0.000  3.30e-09   1.0254   1.0500      0      0
   10     735.69     735.69   0.0000    11.298    11.298     0.000  3.31e-09   1.0201   1.0500      0      0
   11     680.77     680.77   0.0000    10.496    10.496     0.000  3.54e-09   1.0186   1.0500      0      0
   12     651.81     651.81   0.0000    10.001    10.001     0.000  3.77e-09   1.0184   1.0500      0      0
   13     650.51     650.51   0.0000     9.570     9.569     0.000  4.24e-09   1.0202   1.0500      0      0
   14     677.24     677.24   0.0000     9.507     9.507     0.000  4.98e-09   1.0232   1.0500      0      0
   15     730.61     730.61   0.0000    10.242    10.242     0.000  5.89e-09   1.0259   1.0500      0      0
   16     809.68     809.68   0.0000    12.028    12.028     0.000  6.74e-09   1.0274   1.0500      0      0
   17    1073.32    1073.32   0.0000    20.509    20.509     0.000  7.57e-09   1.0234   1.0500      0      0
   18    1325.82    1325.82   0.0000    30.745    30.744     0.000  7.95e-09   1.0177   1.0500      0      0
   19    1355.19    1355.19   0.0000    32.064    32.064     0.000  8.28e-09   1.0171   1.0500      0      0
   20    1284.09    1284.09   0.0000    28.820    28.820     0.000  8.14e-09   1.0189   1.0500      0      0
   21    1119.21    1119.21   0.0000    22.011    22.011     0.000  7.52e-09   1.0230   1.0500      0      0
   22     943.36     943.36   0.0000    15.697    15.697     0.000  6.78e-09   1.0274   1.0500      0      0
   23     655.95     655.95   0.0000     7.804     7.804     0.000  6.04e-09   1.0335   1.0500      0      0
   24     448.39     448.39   0.0000     3.839     3.839     0.000  5.37e-09   1.0380   1.0500      0      0
OPENDSS_SUMMARY ieee123C_1ph_T24_exact_tableII_cbsys_typed_tree4_screen_warm_blocked_w16_r1 | import: optimizer 21515.57 kWh, OpenDSS 21515.57 kWh (+0.0000%) | losses: optimizer 386.53, OpenDSS 386.53 kWh, of which not physical 0.00 kWh
OPENDSS_SUMMARY ieee123C_1ph_T24_exact_tableII_cbsys_typed_tree4_screen_warm_blocked_w16_r1 | voltage: largest difference 8.28e-09 pu | OpenDSS range 1.0136-1.0500 pu (optimizer lowest 1.0136) | below limit: 0 of 3048 bus-periods, worst 0.00e+00 pu | above limit: 0, worst 0.00e+00 pu (tolerance 1e-04)
OPENDSS_SUMMARY ieee123C_1ph_T24_exact_tableII_cbsys_typed_tree4_screen_warm_blocked_w16_r1 | objective: optimizer 2924.472284, with OpenDSS import 2924.472106 (-0.0000%)
