OPENDSS_CHECK large10kC_1ph_T48_diag_tableII_jt8_cbsys_typed_tree3_screen_warm_pv_blocked_w16_r1 | large10kC_1ph T=48 | converged=true | source 1.05 pu in the DSS file, 1.05 used | devices on the substation bus skipped: 0 | PV kW, DSS against instance: 5.7e-14 | line C1 0 nF
    t   P_opf kW   P_dss kW   diff %  loss_opf  loss_dss   fict kW    dV max Vmin dss Vmax dss    low   high
    1 1295337.76 1295101.89   0.0182 16161.042 15925.169   230.168  1.48e-05   0.9728   1.0500      0      0
    2 1259241.95 1259018.56   0.0177 15155.767 14932.385   218.145  1.40e-05   0.9752   1.0500      0      0
    3 1112627.59 1112415.26   0.0191 11846.239 11633.910   207.924  1.33e-05   0.9816   1.0500      0      0
    4  972180.77  971978.12   0.0208  9099.196  8896.549   198.964  1.27e-05   0.9877   1.0500      0      0
    5  909287.85  909093.60   0.0214  7909.946  7715.689   190.967  1.22e-05   0.9912   1.0500      0      0
    6  921898.82  921711.75   0.0203  8116.953  7929.878   183.863  1.18e-05   0.9904   1.0500      0      0
    7  934006.50  933825.47   0.0194  8312.950  8131.926   177.877  1.14e-05   0.9900   1.0500      0      0
    8  890982.16  890806.13   0.0198  7511.600  7335.570   173.125  1.11e-05   0.9929   1.0500      0      0
    9  817103.49  816931.45   0.0211  6375.197  6203.166   169.424  1.08e-05   0.9958   1.0500      0      0
   10  759740.80  759571.82   0.0222  5574.734  5405.758   166.591  1.06e-05   0.9981   1.0500      0      0
   11  720809.40  720642.57   0.0231  5072.491  4905.669   164.586  1.05e-05   0.9995   1.0500      0      0
   12  700946.01  700780.47   0.0236  4831.715  4666.173   163.382  1.04e-05   1.0002   1.0500      0      0
   13  656361.36  656196.24   0.0252  4324.357  4159.240   163.087  1.04e-05   1.0022   1.0500      0      0
   14  631780.19  631614.64   0.0262  4066.079  3900.537   163.571  1.04e-05   1.0033   1.0500      0      0
   15  627636.86  627470.04   0.0266  4039.928  3873.105   164.839  1.05e-05   1.0037   1.0500      0      0
   16  644060.63  643891.65   0.0262  4249.612  4080.636   166.907  1.06e-05   1.0032   1.0500      0      0
   17  680745.56  680573.53   0.0253  4718.090  4546.059   169.802  1.08e-05   1.0018   1.0500      0      0
   18  735616.69  735440.66   0.0239  5469.359  5293.329   173.563  1.11e-05   0.9997   1.0500      0      0
   19  753121.34  752940.32   0.0240  5788.771  5607.747   178.412  1.14e-05   0.9996   1.0500      0      0
   20  726925.13  726738.06   0.0257  5452.861  5265.786   184.460  1.18e-05   1.0012   1.0500      0      0
   21  703517.30  703323.05   0.0276  5160.295  4966.039   191.620  1.22e-05   1.0026   1.0500      0      0
   22  684100.87  683898.22   0.0296  4924.561  4721.914   199.965  1.28e-05   1.0038   1.0500      0      0
   23  669009.98  668797.65   0.0317  4746.044  4533.715   209.576  1.34e-05   1.0047   1.0500      0      0
   24  658501.00  658277.61   0.0339  4624.712  4401.330   220.529  1.41e-05   1.0054   1.0500      0      0
   25  652752.39  652516.52   0.0361  4560.413  4324.540   232.886  1.48e-05   1.0058   1.0500      0      0
   26  651862.08  651612.24   0.0383  4553.059  4303.217   246.686  1.57e-05   1.0059   1.0500      0      0
   27  655845.97  655580.69   0.0405  4602.694  4337.412   261.917  1.67e-05   1.0058   1.0500      0      0
   28  664637.82  664355.70   0.0425  4709.469  4427.351   278.501  1.78e-05   1.0053   1.0500      0      0
   29  678090.50  677790.36   0.0443  4873.528  4573.380   296.236  1.89e-05   1.0046   1.0500      0      0
   30  695983.56  695664.46   0.0459  5095.021  4775.922   314.849  2.01e-05   1.0037   1.0500      0      0
   31  719027.83  718689.10   0.0471  5390.462  5051.735   334.090  2.13e-05   1.0023   1.0500      0      0
   32  796047.08  795688.71   0.0450  6532.495  6174.132   352.951  2.25e-05   0.9976   1.0500      0      0
   33  914162.39  913785.68   0.0412  8413.946  8037.240   370.231  2.36e-05   0.9920   1.0500      0      0
   34 1018367.26 1017974.60   0.0386 10272.339  9879.686   385.187  2.45e-05   0.9869   1.0500      0      0
   35 1105177.53 1104772.45   0.0367 11953.452 11548.374   396.763  2.53e-05   0.9827   1.0500      0      0
   36 1172741.80 1172328.81   0.0352 13330.315 12917.325   404.033  2.58e-05   0.9793   1.0500      0      0
   37 1173505.70 1173089.99   0.0354 13355.147 12939.437   406.689  2.59e-05   0.9794   1.0500      0      0
   38 1153633.63 1153220.64   0.0358 12917.826 12504.835   404.178  2.57e-05   0.9805   1.0500      0      0
   39 1113487.09 1113082.02   0.0364 12050.443 11645.366   396.728  2.53e-05   0.9825   1.0500      0      0
   40 1053861.12 1053468.47   0.0373 10818.786 10426.134   384.981  2.45e-05   0.9854   1.0500      0      0
   41  976103.77  975727.06   0.0386  9319.084  8942.379   369.874  2.36e-05   0.9892   1.0500      0      0
   42  883373.94  883015.58   0.0406  7686.384  7328.022   352.464  2.25e-05   0.9936   1.0500      0      0
   43  833088.34  832749.62   0.0407  6809.336  6470.612   333.475  2.13e-05   0.9964   1.0500      0      0
   44  797213.39  796894.29   0.0400  6211.021  5891.920   314.377  2.01e-05   0.9989   1.0500      0      0
   45  665959.19  665659.04   0.0451  4456.640  4156.493   296.429  1.89e-05   1.0049   1.0500      0      0
   46  525273.01  524990.89   0.0537  2968.036  2685.917   279.350  1.78e-05   1.0111   1.0500      0      0
   47  423046.28  422781.00   0.0627  2100.376  1835.092   263.202  1.67e-05   1.0160   1.0500      0      0
   48  423470.41  423220.56   0.0590  2088.458  1838.614   247.886  1.57e-05   1.0160   1.0500      0      0
OPENDSS_SUMMARY large10kC_1ph_T48_diag_tableII_jt8_cbsys_typed_tree3_screen_warm_pv_blocked_w16_r1 | import: optimizer 19606126.04 kWh, OpenDSS 19599848.63 kWh (+0.0320%) | losses: optimizer 169300.61, OpenDSS 163023.21 kWh, of which not physical 6177.66 kWh
OPENDSS_SUMMARY large10kC_1ph_T48_diag_tableII_jt8_cbsys_typed_tree3_screen_warm_pv_blocked_w16_r1 | voltage: largest difference 2.59e-05 pu | OpenDSS range 0.9728-1.0500 pu (optimizer lowest 0.9728) | below limit: 0 of 495360 bus-periods, worst 0.00e+00 pu | above limit: 0, worst 0.00e+00 pu (tolerance 1e-04)
OPENDSS_SUMMARY large10kC_1ph_T48_diag_tableII_jt8_cbsys_typed_tree3_screen_warm_pv_blocked_w16_r1 | objective: optimizer 2697895.010389, with OpenDSS import 2697101.476365 (-0.0294%)
