OPENDSS_CHECK large10kC_1ph_T24_exact_tableII_jt8_cbsys_typed_tree4_screen_warm_pv_blocked_w16_r1 | large10kC_1ph T=24 | converged=true | source 1.05 pu in the DSS file, 1.05 used | devices on the substation bus skipped: 0 | PV kW, DSS against instance: 2.8e-14 | line C1 0 nF
    t   P_opf kW   P_dss kW   diff %  loss_opf  loss_dss   fict kW    dV max Vmin dss Vmax dss    low   high
    1 1290593.29 1290592.61   0.0001 15787.994 15787.311     0.667  4.31e-08   0.9733   1.0500      0      0
    2 1018082.76 1018082.14   0.0001  9728.708  9728.093     0.604  3.87e-08   0.9860   1.0500      0      0
    3  908339.04  908338.47   0.0001  7701.379  7700.816     0.554  3.54e-08   0.9913   1.0500      0      0
    4  935096.79  935096.27   0.0001  8154.503  8153.979     0.515  3.30e-08   0.9901   1.0500      0      0
    5  814696.78  814696.28   0.0001  6158.721  6158.223     0.491  3.14e-08   0.9963   1.0500      0      0
    6  717765.06  717764.58   0.0001  4859.477  4858.994     0.477  3.04e-08   1.0000   1.0500      0      0
    7  609865.34  609864.86   0.0001  3649.422  3648.944     0.473  3.01e-08   1.0047   1.0500      0      0
    8  585072.55  585072.07   0.0001  3421.364  3420.880     0.478  3.04e-08   1.0060   1.0500      0      0
    9  645167.83  645167.33   0.0001  4130.200  4129.702     0.493  3.14e-08   1.0038   1.0500      0      0
   10  727483.53  727483.00   0.0001  5276.629  5276.104     0.517  3.30e-08   1.0012   1.0500      0      0
   11  688129.70  688129.14   0.0001  4778.550  4777.988     0.555  3.54e-08   1.0035   1.0500      0      0
   12  665715.03  665714.42   0.0001  4497.354  4496.740     0.606  3.86e-08   1.0049   1.0500      0      0
   13  661752.47  661751.79   0.0001  4432.989  4432.306     0.674  4.29e-08   1.0052   1.0500      0      0
   14  676507.75  676506.98   0.0001  4585.519  4584.751     0.759  4.84e-08   1.0045   1.0500      0      0
   15  708987.13  708986.26   0.0001  4956.331  4955.461     0.858  5.48e-08   1.0028   1.0500      0      0
   16  757014.40  757013.41   0.0001  5545.478  5544.497     0.967  6.17e-08   1.0001   1.0500      0      0
   17  958013.51  958012.42   0.0001  8763.617  8762.529     1.068  6.84e-08   0.9895   1.0500      0      0
   18 1152298.32 1152297.15   0.0001 12483.021 12481.855     1.142  7.34e-08   0.9800   1.0500      0      0
   19 1174723.58 1174722.38   0.0001 12988.170 12986.973     1.170  7.52e-08   0.9791   1.0500      0      0
   20 1114453.68 1114452.52   0.0001 11686.298 11685.132     1.143  7.33e-08   0.9823   1.0500      0      0
   21  976363.96  976362.87   0.0001  8965.150  8964.062     1.068  6.83e-08   0.9890   1.0500      0      0
   22  829647.75  829646.77   0.0001  6413.606  6412.626     0.965  6.16e-08   0.9968   1.0500      0      0
   23  586061.84  586060.97   0.0001  3274.579  3273.711     0.859  5.47e-08   1.0083   1.0500      0      0
   24  415470.30  415469.53   0.0002  1779.284  1778.515     0.763  4.84e-08   1.0165   1.0500      0      0
OPENDSS_SUMMARY large10kC_1ph_T24_exact_tableII_jt8_cbsys_typed_tree4_screen_warm_pv_blocked_w16_r1 | import: optimizer 19617302.39 kWh, OpenDSS 19617284.23 kWh (+0.0001%) | losses: optimizer 164018.35, OpenDSS 164000.19 kWh, of which not physical 17.87 kWh
OPENDSS_SUMMARY large10kC_1ph_T24_exact_tableII_jt8_cbsys_typed_tree4_screen_warm_pv_blocked_w16_r1 | voltage: largest difference 7.52e-08 pu | OpenDSS range 0.9733-1.0500 pu (optimizer lowest 0.9733) | below limit: 0 of 247680 bus-periods, worst 0.00e+00 pu | above limit: 0, worst 0.00e+00 pu (tolerance 1e-04)
OPENDSS_SUMMARY large10kC_1ph_T24_exact_tableII_jt8_cbsys_typed_tree4_screen_warm_pv_blocked_w16_r1 | objective: optimizer 2682724.411645, with OpenDSS import 2682722.114812 (-0.0001%)
