OPENDSS_CHECK large10kC_1ph_T24_diag_tableII_jt8_cbsys_typed_tree3_screen_warm_strict_pv_blocked_w16_r1 | large10kC_1ph T=24 | converged=true | source 1.05 pu in the DSS file, 1.05 used | devices on the substation bus skipped: 0 | PV kW, DSS against instance: 2.8e-14 | line C1 0 nF
    t   P_opf kW   P_dss kW   diff %  loss_opf  loss_dss   fict kW    dV max Vmin dss Vmax dss    low   high
    1 1290628.82 1290628.82   0.0000 15788.051 15788.050     0.001  1.86e-10   0.9733   1.0500      0      0
    2 1018047.31 1018047.31   0.0000  9727.547  9727.546     0.001  5.81e-11   0.9860   1.0500      0      0
    3  908338.02  908338.02   0.0000  7700.808  7700.808     0.001  1.94e-11   0.9913   1.0500      0      0
    4  935172.53  935172.53   0.0000  8155.625  8155.625     0.001  5.39e-11   0.9901   1.0500      0      0
    5  814680.92  814680.92   0.0000  6157.941  6157.940     0.001  9.12e-12   0.9963   1.0500      0      0
    6  717747.51  717747.51   0.0000  4858.729  4858.729     0.001  1.95e-11   1.0000   1.0500      0      0
    7  609847.22  609847.22   0.0000  3648.713  3648.713     0.001  3.04e-11   1.0047   1.0500      0      0
    8  585055.13  585055.13   0.0000  3420.662  3420.661     0.001  3.32e-11   1.0060   1.0500      0      0
    9  645152.19  645152.19   0.0000  4129.475  4129.474     0.001  3.09e-11   1.0038   1.0500      0      0
   10  727487.89  727487.89   0.0000  5276.180  5276.180     0.001  6.18e-11   1.0012   1.0500      0      0
   11  688129.24  688129.24   0.0000  4777.990  4777.989     0.001  2.28e-11   1.0035   1.0500      0      0
   12  665714.46  665714.46   0.0000  4496.741  4496.741     0.001  2.45e-11   1.0049   1.0500      0      0
   13  661751.79  661751.79   0.0000  4432.307  4432.306     0.001  2.41e-11   1.0052   1.0500      0      0
   14  676506.94  676506.94   0.0000  4584.751  4584.750     0.001  3.64e-11   1.0045   1.0500      0      0
   15  708986.15  708986.15   0.0000  4955.461  4955.460     0.001  6.42e-11   1.0028   1.0500      0      0
   16  757006.36  757006.36   0.0000  5544.337  5544.336     0.001  5.91e-11   1.0001   1.0500      0      0
   17  958017.92  958017.92   0.0000  8762.677  8762.676     0.001  9.81e-11   0.9895   1.0500      0      0
   18 1152304.65 1152304.65   0.0000 12482.076 12482.075     0.001  1.49e-10   0.9800   1.0500      0      0
   19 1174730.64 1174730.64   0.0000 12987.217 12987.215     0.001  1.58e-10   0.9791   1.0500      0      0
   20 1114460.01 1114460.01   0.0000 11685.346 11685.345     0.001  8.34e-11   0.9823   1.0500      0      0
   21  976368.37  976368.37   0.0000  8964.211  8964.210     0.001  5.42e-11   0.9890   1.0500      0      0
   22  829745.51  829745.51   0.0000  6414.032  6414.031     0.001  5.08e-11   0.9968   1.0500      0      0
   23  585945.60  585945.60   0.0000  3272.542  3272.541     0.001  3.04e-11   1.0083   1.0500      0      0
   24  415467.58  415467.58   0.0000  1778.502  1778.501     0.001  3.58e-11   1.0165   1.0500      0      0
OPENDSS_SUMMARY large10kC_1ph_T24_diag_tableII_jt8_cbsys_typed_tree3_screen_warm_strict_pv_blocked_w16_r1 | import: optimizer 19617292.80 kWh, OpenDSS 19617292.78 kWh (+0.0000%) | losses: optimizer 164001.92, OpenDSS 164001.90 kWh, of which not physical 0.02 kWh
OPENDSS_SUMMARY large10kC_1ph_T24_diag_tableII_jt8_cbsys_typed_tree3_screen_warm_strict_pv_blocked_w16_r1 | voltage: largest difference 1.86e-10 pu | OpenDSS range 0.9733-1.0500 pu (optimizer lowest 0.9733) | below limit: 0 of 247680 bus-periods, worst 0.00e+00 pu | above limit: 0, worst 0.00e+00 pu (tolerance 1e-04)
OPENDSS_SUMMARY large10kC_1ph_T24_diag_tableII_jt8_cbsys_typed_tree3_screen_warm_strict_pv_blocked_w16_r1 | objective: optimizer 2682721.967037, with OpenDSS import 2682721.964420 (-0.0000%)
