OPENDSS_CHECK large10k T=24 DDP near-opt (PV restored) | large10kC_1ph T=24 | converged=true | source 1.05 pu in the DSS file, 1.05 used | devices on the substation bus skipped: 0 | PV kW, DSS against instance: 2.8e-14 | line C1 3.4 nF
    t   P_opf kW   P_dss kW   diff %  loss_opf  loss_dss   fict kW    dV max Vmin dss Vmax dss    low   high
    1 1286584.82 1285995.10   0.0459 16259.328 15669.611   575.460  5.60e-05   0.9736   1.0500      0      0
    2 1022110.00 1021579.12   0.0520 10328.504  9797.627   520.657  5.25e-05   0.9859   1.0500      0      0
    3  909231.92  908746.20   0.0534  8193.809  7708.097   477.395  4.98e-05   0.9913   1.0500      0      0
    4  931656.87  931204.23   0.0486  8532.500  8079.861   444.699  4.77e-05   0.9903   1.0500      0      0
    5  815757.69  815327.53   0.0528  6600.207  6170.046   423.563  4.64e-05   0.9963   1.0500      0      0
    6  720298.68  719881.54   0.0579  5304.185  4887.044   411.463  4.56e-05   0.9999   1.0500      0      0
    7  612902.14  612489.25   0.0674  4090.677  3677.789   408.014  4.54e-05   1.0046   1.0500      0      0
    8  587522.94  587105.76   0.0711  3860.353  3443.180   412.373  4.57e-05   1.0059   1.0500      0      0
    9  646070.04  645639.80   0.0666  4567.450  4137.210   424.747  4.65e-05   1.0038   1.0500      0      0
   10  725233.12  724780.32   0.0625  5689.445  5236.647   446.232  4.78e-05   1.0013   1.0500      0      0
   11  688520.54  688034.55   0.0706  5263.315  4777.325   479.147  5.00e-05   1.0035   1.0500      0      0
   12  666210.41  665679.17   0.0798  5028.452  4497.212   523.918  5.28e-05   1.0049   1.0500      0      0
   13  662344.03  661753.99   0.0892  5023.137  4433.100   582.046  5.65e-05   1.0052   1.0500      0      0
   14  677210.46  676547.02   0.0981  5249.137  4585.700   654.449  6.11e-05   1.0045   1.0500      0      0
   15  709839.16  709087.96   0.1059  5708.275  4957.074   740.757  6.66e-05   1.0028   1.0500      0      0
   16  760814.09  759963.72   0.1119  6441.300  5590.930   837.959  7.25e-05   0.9999   1.0500      0      0
   17  958263.58  957318.17   0.0988  9691.511  8746.097   928.332  7.81e-05   0.9896   1.0500      0      0
   18 1150985.11 1149968.85   0.0884 13443.952 12427.691   994.506  8.22e-05   0.9801   1.0500      0      0
   19 1172812.23 1171769.42   0.0890 13961.127 12918.323  1020.087  8.38e-05   0.9793   1.0500      0      0
   20 1113132.94 1112116.69   0.0914 12648.797 11632.549   995.212  8.22e-05   0.9824   1.0500      0      0
   21  976606.11  975660.73   0.0969  9892.605  8947.231   928.131  7.81e-05   0.9891   1.0500      0      0
   22  827266.62  826416.33   0.1029  7215.033  6364.746   837.128  7.25e-05   0.9970   1.0500      0      0
   23  593103.83  592352.75   0.1268  4093.170  3342.090   742.657  6.67e-05   1.0080   1.0500      0      0
   24  417984.63  417321.39   0.1589  2455.178  1791.936   657.992  6.13e-05   1.0164   1.0500      0      0
OPENDSS_SUMMARY large10k T=24 DDP near-opt (PV restored) | import: optimizer 19632461.94 kWh, OpenDSS 19616739.61 kWh (+0.0801%) | losses: optimizer 179541.45, OpenDSS 163819.11 kWh, of which not physical 15466.92 kWh
OPENDSS_SUMMARY large10k T=24 DDP near-opt (PV restored) | voltage: largest difference 8.38e-05 pu | OpenDSS range 0.9736-1.0500 pu (optimizer lowest 0.9735) | below limit: 0 of 247680 bus-periods, worst 0.00e+00 pu | above limit: 0, worst 0.00e+00 pu (tolerance 1e-04)
OPENDSS_SUMMARY large10k T=24 DDP near-opt (PV restored) | objective: optimizer 2684824.917345, with OpenDSS import 2682838.332504 (-0.0740%)
