OPENDSS_CHECK large10kC_1ph_T96_diag_jt8_cbsys_typed_tree3_screen_warm_pv_blocked_w16_r1 | large10kC_1ph T=96 | converged=true | source 1.05 pu in the DSS file, 1.05 used | devices on the substation bus skipped: 0 | PV kW, DSS against instance: 5.7e-14 | line C1 0 nF
    t   P_opf kW   P_dss kW   diff %  loss_opf  loss_dss   fict kW    dV max Vmin dss Vmax dss    low   high
    1 1293750.90 1291371.12   0.1843 18210.707 15830.930  2322.831  1.47e-04   0.9730   1.0500      0      0
    2 1294013.83 1291698.45   0.1793 18142.153 15826.767  2259.993  1.43e-04   0.9730   1.0500      0      0
    3 1275222.34 1272967.69   0.1771 17565.003 15310.355  2201.577  1.40e-04   0.9743   1.0500      0      0
    4 1220099.03 1217901.50   0.1804 16153.896 13956.371  2148.090  1.36e-04   0.9771   1.0500      0      0
    5 1151062.49 1148918.58   0.1866 14549.496 12405.586  2098.388  1.33e-04   0.9801   1.0500      0      0
    6 1082113.24 1080019.53   0.1939 13053.569 10959.865  2051.875  1.30e-04   0.9830   1.0500      0      0
    7 1016600.67 1014553.85   0.2017 11721.428  9674.617  2008.359  1.27e-04   0.9859   1.0500      0      0
    8  959577.04  957573.91   0.2092 10619.713  8616.583  1967.598  1.24e-04   0.9884   1.0500      0      0
    9  925232.43  923269.88   0.2126  9945.686  7983.138  1929.035  1.22e-04   0.9902   1.0500      0      0
   10  918767.83  916842.87   0.2100  9776.582  7851.619  1892.365  1.20e-04   0.9907   1.0500      0      0
   11  923227.39  921337.10   0.2052  9814.717  7924.425  1858.137  1.17e-04   0.9905   1.0500      0      0
   12  928400.71  926542.26   0.2006  9868.993  8010.546  1826.665  1.15e-04   0.9902   1.0500      0      0
   13  928038.41  926209.07   0.1975  9818.762  7989.420  1798.102  1.14e-04   0.9905   1.0500      0      0
   14  913277.77  911474.87   0.1978  9514.479  7711.578  1772.654  1.12e-04   0.9915   1.0500      0      0
   15  885039.70  883260.66   0.2014  9010.250  7231.210  1750.146  1.11e-04   0.9929   1.0500      0      0
   16  852023.41  850265.73   0.2067  8466.659  6708.980  1730.197  1.09e-04   0.9943   1.0500      0      0
   17  819956.35  818217.60   0.2125  7967.738  6228.991  1712.572  1.08e-04   0.9956   1.0500      0      0
   18  790979.80  789257.61   0.2182  7537.600  5815.417  1697.159  1.07e-04   0.9967   1.0500      0      0
   19  765928.50  764220.57   0.2235  7180.732  5472.799  1683.888  1.06e-04   0.9977   1.0500      0      0
   20  745194.72  743498.77   0.2281  6895.744  5199.790  1672.711  1.05e-04   0.9985   1.0500      0      0
   21  728984.06  727297.85   0.2318  6679.525  4993.319  1663.588  1.05e-04   0.9991   1.0500      0      0
   22  717397.40  715718.74   0.2345  6528.695  4850.040  1656.489  1.04e-04   0.9995   1.0500      0      0
   23  710462.04  708788.76   0.2361  6440.209  4766.928  1651.394  1.04e-04   0.9997   1.0500      0      0
   24  708154.08  706484.01   0.2364  6411.712  4741.649  1648.286  1.04e-04   0.9998   1.0500      0      0
   25  688311.17  686642.18   0.2431  6180.176  4511.184  1647.775  1.04e-04   1.0007   1.0500      0      0
   26  673116.80  671446.74   0.2487  6011.221  4341.157  1649.240  1.04e-04   1.0014   1.0500      0      0
   27  662659.85  660986.57   0.2531  5902.538  4229.256  1652.682  1.04e-04   1.0019   1.0500      0      0
   28  657034.09  655355.43   0.2561  5853.110  4174.452  1658.110  1.04e-04   1.0022   1.0500      0      0
   29  656306.15  654619.94   0.2576  5862.950  4176.742  1665.539  1.05e-04   1.0023   1.0500      0      0
   30  660487.55  658791.59   0.2574  5932.867  4236.909  1674.991  1.06e-04   1.0022   1.0500      0      0
   31  669512.16  667804.22   0.2558  6064.195  4356.257  1686.495  1.06e-04   1.0019   1.0500      0      0
   32  683200.10  681477.92   0.2527  6258.244  4536.056  1700.092  1.07e-04   1.0014   1.0500      0      0
   33  701159.44  699420.68   0.2486  6514.824  4776.070  1715.832  1.08e-04   1.0008   1.0500      0      0
   34  722476.32  720718.63   0.2439  6827.783  5070.096  1733.788  1.09e-04   1.0000   1.0500      0      0
   35  744668.67  742889.62   0.2395  7170.068  5391.019  1754.089  1.11e-04   0.9992   1.0500      0      0
   36  761222.66  759419.75   0.2374  7454.970  5652.058  1777.001  1.12e-04   0.9987   1.0500      0      0
   37  763771.28  761941.93   0.2401  7548.468  5719.112  1802.904  1.14e-04   0.9989   1.0500      0      0
   38  753954.74  752096.28   0.2471  7456.983  5598.527  1831.864  1.16e-04   0.9996   1.0500      0      0
   39  740572.88  738682.59   0.2559  7313.709  5423.418  1863.664  1.18e-04   1.0005   1.0500      0      0
   40  727271.49  725346.54   0.2654  7175.207  5250.256  1898.264  1.20e-04   1.0013   1.0500      0      0
   41  714761.64  712799.11   0.2753  7051.901  5089.372  1935.733  1.22e-04   1.0020   1.0500      0      0
   42  703190.99  701187.87   0.2857  6945.445  4942.322  1976.162  1.25e-04   1.0027   1.0500      0      0
   43  692622.94  690576.11   0.2964  6856.206  4809.371  2019.649  1.27e-04   1.0033   1.0500      0      0
   44  683105.93  681012.17   0.3074  6784.333  4690.569  2066.291  1.30e-04   1.0039   1.0500      0      0
   45  674682.29  672538.28   0.3188  6729.903  4585.891  2116.184  1.33e-04   1.0044   1.0500      0      0
   46  667389.28  665191.60   0.3304  6692.945  4495.273  2169.421  1.37e-04   1.0049   1.0500      0      0
   47  661259.12  659004.29   0.3422  6673.465  4418.633  2226.084  1.40e-04   1.0053   1.0500      0      0
   48  656319.00  654003.43   0.3541  6671.460  4355.892  2286.246  1.44e-04   1.0056   1.0500      0      0
   49  652591.01  650211.07   0.3660  6686.939  4307.000  2349.964  1.48e-04   1.0059   1.0500      0      0
   50  650092.10  647644.12   0.3780  6719.927  4271.942  2417.270  1.52e-04   1.0060   1.0500      0      0
   51  648834.06  646314.34   0.3899  6770.459  4250.745  2488.169  1.57e-04   1.0062   1.0500      0      0
   52  648823.47  646228.37   0.4016  6838.566  4243.467  2562.630  1.62e-04   1.0062   1.0500      0      0
   53  650061.74  647387.67   0.4131  6924.254  4250.185  2640.577  1.67e-04   1.0062   1.0500      0      0
   54  652545.13  649788.63   0.4242  7027.486  4270.991  2721.879  1.72e-04   1.0061   1.0500      0      0
   55  656264.81  653422.63   0.4350  7148.165  4305.977  2806.341  1.77e-04   1.0059   1.0500      0      0
   56  661207.21  658276.33   0.4452  7286.120  4355.245  2893.690  1.83e-04   1.0057   1.0500      0      0
   57  667355.40  664333.20   0.4549  7441.117  4418.917  2983.566  1.88e-04   1.0054   1.0500      0      0
   58  674700.19  671584.49   0.4639  7613.003  4497.303  3075.509  1.94e-04   1.0050   1.0500      0      0
   59  683323.73  680112.93   0.4721  7802.959  4592.153  3168.941  2.00e-04   1.0046   1.0500      0      0
   60  693964.88  690658.06   0.4788  8022.043  4715.224  3263.118  2.06e-04   1.0039   1.0500      0      0
   61  710626.60  707223.68   0.4812  8330.414  4927.495  3356.936  2.12e-04   1.0028   1.0500      0      0
   62  742031.61  738533.47   0.4737  8858.258  5360.117  3448.838  2.18e-04   1.0009   1.0500      0      0
   63  788813.67  785222.25   0.4574  9623.981  6032.568  3537.725  2.24e-04   0.9984   1.0500      0      0
   64  842306.02  838624.46   0.4390 10521.521  6839.964  3622.977  2.29e-04   0.9958   1.0500      0      0
   65  896064.38  892297.08   0.4222 11466.027  7698.725  3703.736  2.35e-04   0.9932   1.0500      0      0
   66  947535.11  943687.80   0.4077 12413.985  8566.675  3778.864  2.40e-04   0.9907   1.0500      0      0
   67  995640.94  991720.72   0.3953 13337.898  9417.683  3847.122  2.44e-04   0.9884   1.0500      0      0
   68 1039802.78 1035818.10   0.3847 14216.157 10231.483  3907.263  2.48e-04   0.9863   1.0500      0      0
   69 1079651.76 1075612.34   0.3755 15030.292 10990.875  3958.106  2.52e-04   0.9843   1.0500      0      0
   70 1114938.87 1110855.57   0.3676 15764.405 11681.102  3998.585  2.54e-04   0.9826   1.0500      0      0
   71 1145501.24 1141385.86   0.3606 16405.173 12289.795  4027.809  2.56e-04   0.9811   1.0500      0      0
   72 1171236.90 1167101.98   0.3543 16941.782 12806.862  4045.108  2.57e-04   0.9798   1.0500      0      0
   73 1168887.09 1164745.60   0.3556 16898.812 12757.322  4051.715  2.58e-04   0.9799   1.0500      0      0
   74 1161655.40 1157520.48   0.3572 16735.009 12600.084  4045.846  2.57e-04   0.9803   1.0500      0      0
   75 1149555.78 1145440.40   0.3593 16452.921 12337.546  4027.641  2.56e-04   0.9810   1.0500      0      0
   76 1132596.03 1128512.74   0.3618 16056.792 11973.499  3997.524  2.54e-04   0.9818   1.0500      0      0
   77 1110813.93 1106774.53   0.3650 15553.199 11513.800  3956.181  2.51e-04   0.9829   1.0500      0      0
   78 1084311.17 1080326.51   0.3688 14951.554 10966.903  3904.512  2.48e-04   0.9842   1.0500      0      0
   79 1053278.91 1049358.72   0.3736 14264.298 10344.112  3843.591  2.44e-04   0.9857   1.0500      0      0
   80 1018033.59 1014186.31   0.3793 13507.090  9659.814  3774.609  2.40e-04   0.9874   1.0500      0      0
   81  979114.27  975347.00   0.3862 12699.748  8932.485  3698.815  2.35e-04   0.9893   1.0500      0      0
   82  937594.61  933913.10   0.3942 11870.003  8188.489  3617.449  2.29e-04   0.9913   1.0500      0      0
   83  896143.91  892552.54   0.4024 11066.926  7475.563  3531.638  2.24e-04   0.9933   1.0500      0      0
   84  861510.22  858012.13   0.4077 10393.095  6895.013  3442.213  2.18e-04   0.9950   1.0500      0      0
   85  841795.56  838392.71   0.4059  9968.604  6565.755  3349.825  2.12e-04   0.9961   1.0500      0      0
   86  832059.06  828752.33   0.3990  9710.025  6403.290  3255.867  2.06e-04   0.9968   1.0500      0      0
   87  810258.08  807047.35   0.3978  9266.458  6055.729  3162.714  2.00e-04   0.9983   1.0500      0      0
   88  762161.98  759046.32   0.4105  8472.653  5356.994  3071.864  1.94e-04   1.0007   1.0500      0      0
   89  700643.19  697620.99   0.4332  7568.458  4546.256  2983.131  1.88e-04   1.0035   1.0500      0      0
   90  634083.47  631152.55   0.4644  6688.836  3757.913  2896.595  1.83e-04   1.0064   1.0500      0      0
   91  565516.27  562673.99   0.5051  5881.538  3039.254  2812.550  1.77e-04   1.0094   1.0500      0      0
   92  499247.82  496491.16   0.5552  5187.218  2430.565  2731.169  1.72e-04   1.0124   1.0500      0      0
   93  450269.25  447594.95   0.5975  4699.279  2024.986  2652.076  1.67e-04   1.0147   1.0500      0      0
   94  430889.02  428293.66   0.6060  4470.256  1874.897  2574.813  1.62e-04   1.0157   1.0500      0      0
   95  429739.83  427219.88   0.5899  4388.354  1868.395  2500.087  1.57e-04   1.0158   1.0500      0      0
   96  432386.92  429938.71   0.5694  4339.138  1890.929  2428.789  1.53e-04   1.0156   1.0500      0      0
OPENDSS_SUMMARY large10kC_1ph_T96_diag_jt8_cbsys_typed_tree3_screen_warm_pv_blocked_w16_r1 | import: optimizer 19657254.90 kWh, OpenDSS 19594151.07 kWh (+0.3221%) | losses: optimizer 225522.05, OpenDSS 162418.22 kWh, of which not physical 62106.53 kWh
OPENDSS_SUMMARY large10kC_1ph_T96_diag_jt8_cbsys_typed_tree3_screen_warm_pv_blocked_w16_r1 | voltage: largest difference 2.58e-04 pu | OpenDSS range 0.9730-1.0500 pu (optimizer lowest 0.9728) | below limit: 0 of 990720 bus-periods, worst 0.00e+00 pu | above limit: 0, worst 0.00e+00 pu (tolerance 1e-04)
OPENDSS_SUMMARY large10kC_1ph_T96_diag_jt8_cbsys_typed_tree3_screen_warm_pv_blocked_w16_r1 | objective: optimizer 2713200.703194, with OpenDSS import 2705211.656581 (-0.2945%)
