OPENDSS_CHECK large10kC_1ph_T48_diag_tableII_jt8_cbsys_typed_tree3_screen_warm_strict_pv_blocked_w16_r1 | large10kC_1ph T=48 | converged=true | source 1.05 pu in the DSS file, 1.05 used | devices on the substation bus skipped: 0 | PV kW, DSS against instance: 5.7e-14 | line C1 0 nF
    t   P_opf kW   P_dss kW   diff %  loss_opf  loss_dss   fict kW    dV max Vmin dss Vmax dss    low   high
    1 1295702.71 1295702.71   0.0000 15940.666 15940.664     0.001  2.40e-10   0.9727   1.0500      0      0
    2 1261379.51 1261379.51   0.0000 14982.483 14982.482     0.001  9.22e-11   0.9751   1.0500      0      0
    3 1112188.56 1112188.56   0.0000 11632.020 11632.018     0.001  1.18e-10   0.9816   1.0500      0      0
    4  970516.74  970516.74   0.0000  8874.494  8874.493     0.001  5.14e-11   0.9877   1.0500      0      0
    5  908338.02  908338.02   0.0000  7700.809  7700.808     0.001  6.62e-11   0.9913   1.0500      0      0
    6  921768.02  921768.01   0.0000  7930.848  7930.847     0.001  1.36e-10   0.9904   1.0500      0      0
    7  935384.72  935384.72   0.0000  8163.544  8163.543     0.001  1.20e-10   0.9898   1.0500      0      0
    8  892234.34  892234.33   0.0000  7354.048  7354.047     0.001  5.98e-11   0.9929   1.0500      0      0
    9  816655.62  816655.61   0.0000  6198.905  6198.904     0.001  5.17e-11   0.9959   1.0500      0      0
   10  758881.73  758881.73   0.0000  5396.602  5396.601     0.001  4.62e-11   0.9981   1.0500      0      0
   11  719711.93  719711.93   0.0000  4894.163  4894.162     0.001  1.92e-11   0.9996   1.0500      0      0
   12  699679.03  699679.03   0.0000  4653.077  4653.076     0.001  2.82e-11   1.0003   1.0500      0      0
   13  655039.01  655039.01   0.0000  4146.394  4146.393     0.001  2.64e-11   1.0022   1.0500      0      0
   14  630536.42  630536.42   0.0000  3888.930  3888.929     0.001  2.90e-11   1.0034   1.0500      0      0
   15  626564.89  626564.89   0.0000  3863.273  3863.272     0.001  3.07e-11   1.0037   1.0500      0      0
   16  643234.07  643234.07   0.0000  4073.153  4073.152     0.001  4.40e-11   1.0032   1.0500      0      0
   17  680365.72  680365.72   0.0000  4543.387  4543.386     0.001  6.34e-11   1.0018   1.0500      0      0
   18  737487.50  737487.50   0.0000  5317.917  5317.916     0.001  9.58e-11   0.9996   1.0500      0      0
   19  753827.90  753827.90   0.0000  5621.401  5621.400     0.001  8.87e-11   0.9996   1.0500      0      0
   20  726792.01  726792.01   0.0000  5266.414  5266.412     0.001  2.77e-11   1.0012   1.0500      0      0
   21  703357.54  703357.54   0.0000  4966.325  4966.324     0.001  3.58e-11   1.0026   1.0500      0      0
   22  683921.15  683921.15   0.0000  4721.965  4721.964     0.001  4.26e-11   1.0038   1.0500      0      0
   23  668811.46  668811.46   0.0000  4533.568  4533.567     0.001  4.99e-11   1.0047   1.0500      0      0
   24  658283.69  658283.69   0.0000  4401.037  4401.036     0.001  5.64e-11   1.0054   1.0500      0      0
   25  652515.49  652515.48   0.0000  4324.165  4324.164     0.001  6.42e-11   1.0058   1.0500      0      0
   26  651604.09  651604.09   0.0000  4302.804  4302.802     0.002  5.96e-11   1.0059   1.0500      0      0
   27  655564.73  655564.73   0.0000  4336.965  4336.963     0.002  9.93e-11   1.0058   1.0500      0      0
   28  664330.43  664330.42   0.0000  4426.840  4426.838     0.002  9.18e-11   1.0053   1.0500      0      0
   29  677753.05  677753.05   0.0000  4572.751  4572.749     0.002  1.04e-10   1.0046   1.0500      0      0
   30  695605.75  695605.75   0.0000  4775.016  4775.014     0.002  1.18e-10   1.0037   1.0500      0      0
   31  717599.47  717599.47   0.0000  5034.583  5034.581     0.002  1.35e-10   1.0024   1.0500      0      0
   32  793840.98  793840.98   0.0000  6150.442  6150.440     0.002  1.45e-10   0.9976   1.0500      0      0
   33  914003.57  914003.57   0.0000  8040.899  8040.896     0.002  1.85e-10   0.9920   1.0500      0      0
   34 1018649.89 1018649.89   0.0000  9892.206  9892.204     0.002  2.25e-10   0.9869   1.0500      0      0
   35 1105709.26 1105709.26   0.0000 11567.250 11567.247     0.002  2.60e-10   0.9826   1.0500      0      0
   36 1173447.85 1173447.85   0.0000 12941.180 12941.178     0.003  2.85e-10   0.9792   1.0500      0      0
   37 1174285.58 1174285.58   0.0000 12964.928 12964.926     0.003  2.12e-10   0.9793   1.0500      0      0
   38 1154341.07 1154341.07   0.0000 12528.337 12528.335     0.003  1.98e-10   0.9804   1.0500      0      0
   39 1114016.83 1114016.83   0.0000 11664.278 11664.276     0.002  1.78e-10   0.9824   1.0500      0      0
   40 1054138.70 1054138.70   0.0000 10438.898 10438.896     0.002  1.61e-10   0.9854   1.0500      0      0
   41  975930.00  975930.00   0.0000  8945.957  8945.955     0.002  1.48e-10   0.9892   1.0500      0      0
   42  880973.74  880973.74   0.0000  7298.908  7298.906     0.002  1.34e-10   0.9937   1.0500      0      0
   43  832069.99  832069.99   0.0000  6458.982  6458.980     0.002  1.30e-10   0.9964   1.0500      0      0
   44  799372.88  799372.88   0.0000  5926.386  5926.384     0.002  1.19e-10   0.9989   1.0500      0      0
   45  665800.04  665800.04   0.0000  4159.243  4159.241     0.002  9.71e-11   1.0049   1.0500      0      0
   46  524343.69  524343.69   0.0000  2681.341  2681.339     0.002  5.63e-11   1.0111   1.0500      0      0
   47  420403.12  420403.12   0.0000  1817.876  1817.874     0.002  5.92e-11   1.0161   1.0500      0      0
   48  422860.18  422860.18   0.0000  1836.034  1836.032     0.002  8.05e-11   1.0160   1.0500      0      0
OPENDSS_SUMMARY large10kC_1ph_T48_diag_tableII_jt8_cbsys_typed_tree3_screen_warm_strict_pv_blocked_w16_r1 | import: optimizer 19599911.35 kWh, OpenDSS 19599911.30 kWh (+0.0000%) | losses: optimizer 163075.85, OpenDSS 163075.81 kWh, of which not physical 0.04 kWh
OPENDSS_SUMMARY large10kC_1ph_T48_diag_tableII_jt8_cbsys_typed_tree3_screen_warm_strict_pv_blocked_w16_r1 | voltage: largest difference 2.85e-10 pu | OpenDSS range 0.9727-1.0500 pu (optimizer lowest 0.9727) | below limit: 0 of 495360 bus-periods, worst 0.00e+00 pu | above limit: 0, worst 0.00e+00 pu (tolerance 1e-04)
OPENDSS_SUMMARY large10kC_1ph_T48_diag_tableII_jt8_cbsys_typed_tree3_screen_warm_strict_pv_blocked_w16_r1 | objective: optimizer 2697063.260213, with OpenDSS import 2697063.254994 (-0.0000%)
