OPENDSS_CHECK large10kC_1ph_T192_diag_jt8_cbsys_typed_tree3_screen_warm_pv_blocked_w16_r1 | large10kC_1ph T=192 | converged=true | source 1.05 pu in the DSS file, 1.05 used | devices on the substation bus skipped: 0 | PV kW, DSS against instance: 5.7e-14 | line C1 0 nF
    t   P_opf kW   P_dss kW   diff %  loss_opf  loss_dss   fict kW    dV max Vmin dss Vmax dss    low   high
    1 1295286.78 1294144.13   0.0883 17043.823 15901.182  1119.828  5.91e-05   0.9728   1.0500      0      0
    2 1297229.46 1296100.34   0.0871 17076.890 15947.772  1106.586  5.83e-05   0.9727   1.0500      0      0
    3 1298766.51 1297650.56   0.0860 17098.828 15982.875  1093.703  5.75e-05   0.9726   1.0500      0      0
    4 1298566.92 1297463.77   0.0850 17070.598 15967.448  1081.207  5.68e-05   0.9727   1.0500      0      0
    5 1291166.77 1290076.06   0.0845 16841.234 15750.518  1069.205  5.60e-05   0.9733   1.0500      0      0
    6 1271690.66 1270612.01   0.0849 16306.784 15228.126  1057.771  5.53e-05   0.9745   1.0500      0      0
    7 1241540.72 1240473.76   0.0860 15547.884 14480.916  1046.848  5.46e-05   0.9760   1.0500      0      0
    8 1206539.61 1205483.98   0.0876 14719.233 13663.597  1036.323  5.39e-05   0.9776   1.0500      0      0
    9 1170763.37 1169718.72   0.0893 13903.985 12859.336  1026.130  5.33e-05   0.9791   1.0500      0      0
   10 1135156.66 1134122.66   0.0912 13119.912 12085.909  1016.253  5.27e-05   0.9807   1.0500      0      0
   11 1100006.30 1098982.61   0.0931 12371.746 11348.054  1006.685  5.21e-05   0.9822   1.0500      0      0
   12 1065487.45 1064473.73   0.0952 11661.670 10647.956   997.420  5.15e-05   0.9837   1.0500      0      0
   13 1031796.44 1030792.37   0.0974 10991.796  9987.732   988.452  5.09e-05   0.9851   1.0500      0      0
   14  999282.93  998288.20   0.0996 10366.196  9371.460   979.773  5.04e-05   0.9865   1.0500      0      0
   15  968824.52  967838.80   0.1018  9796.041  8810.316   971.368  4.98e-05   0.9878   1.0500      0      0
   16  942919.35  941942.32   0.1037  9314.663  8337.636   963.202  4.93e-05   0.9890   1.0500      0      0
   17  925355.83  924387.20   0.1048  8978.484  8009.854   955.215  4.88e-05   0.9900   1.0500      0      0
   18  917369.16  916408.63   0.1048  8812.736  7852.206   947.378  4.83e-05   0.9906   1.0500      0      0
   19  916795.96  915843.23   0.1040  8785.161  7832.435   939.716  4.79e-05   0.9908   1.0500      0      0
   20  919310.57  918365.35   0.1029  8818.335  7873.116   932.296  4.75e-05   0.9906   1.0500      0      0
   21  922524.17  921586.16   0.1018  8866.088  7928.079   925.155  4.70e-05   0.9904   1.0500      0      0
   22  925849.67  924918.58   0.1007  8916.550  7985.461   918.302  4.66e-05   0.9902   1.0500      0      0
   23  929082.97  928158.51   0.0996  8965.407  8040.947   911.734  4.62e-05   0.9900   1.0500      0      0
   24  931749.80  930831.69   0.0986  9002.494  8084.379   905.458  4.59e-05   0.9899   1.0500      0      0
   25  932347.01  931434.96   0.0979  8997.708  8085.654   899.493  4.55e-05   0.9901   1.0500      0      0
   26  928545.23  927638.95   0.0977  8909.760  8003.486   893.871  4.52e-05   0.9905   1.0500      0      0
   27  919418.96  918518.18   0.0981  8729.792  7829.017   888.596  4.49e-05   0.9912   1.0500      0      0
   28  905686.18  904790.63   0.0990  8479.977  7584.425   883.647  4.46e-05   0.9919   1.0500      0      0
   29  888955.34  888064.74   0.1003  8193.814  7303.216   878.994  4.43e-05   0.9927   1.0500      0      0
   30  871042.88  870156.97   0.1018  7900.984  7015.075   874.609  4.40e-05   0.9935   1.0500      0      0
   31  853130.36  852248.88   0.1034  7617.774  6736.294   870.475  4.37e-05   0.9942   1.0500      0      0
   32  835770.99  834893.68   0.1051  7350.891  6473.583   866.584  4.35e-05   0.9949   1.0500      0      0
   33  819220.93  818347.54   0.1067  7102.851  6229.461   862.930  4.33e-05   0.9956   1.0500      0      0
   34  803612.42  802742.70   0.1083  6874.449  6004.727   859.509  4.31e-05   0.9962   1.0500      0      0
   35  789022.35  788156.05   0.1099  6665.729  5799.427   856.318  4.29e-05   0.9967   1.0500      0      0
   36  775500.15  774637.02   0.1114  6476.393  5613.264   853.355  4.27e-05   0.9973   1.0500      0      0
   37  763080.23  762220.03   0.1129  6305.979  5445.779   850.617  4.25e-05   0.9977   1.0500      0      0
   38  751787.90  750930.39   0.1142  6153.958  5296.445   848.103  4.24e-05   0.9982   1.0500      0      0
   39  741642.44  740787.37   0.1154  6019.783  5164.717   845.812  4.22e-05   0.9986   1.0500      0      0
   40  732658.71  731805.85   0.1165  5902.916  5050.060   843.740  4.21e-05   0.9989   1.0500      0      0
   41  724848.06  723997.17   0.1175  5802.851  4951.966   841.888  4.20e-05   0.9992   1.0500      0      0
   42  718218.81  717369.66   0.1184  5719.117  4869.969   840.253  4.19e-05   0.9994   1.0500      0      0
   43  712776.59  711928.94   0.1191  5651.294  4803.648   838.835  4.18e-05   0.9996   1.0500      0      0
   44  708524.51  707678.14   0.1196  5599.013  4752.636   837.633  4.17e-05   0.9998   1.0500      0      0
   45  705463.53  704618.19   0.1200  5561.965  4716.624   836.645  4.17e-05   0.9999   1.0500      0      0
   46  703592.74  702748.20   0.1202  5539.903  4695.367   835.873  4.16e-05   0.9999   1.0500      0      0
   47  702909.90  702065.94   0.1202  5532.651  4688.689   835.314  4.16e-05   0.9999   1.0500      0      0
   48  703412.09  702568.47   0.1201  5540.109  4696.491   834.969  4.16e-05   0.9999   1.0500      0      0
   49  694048.61  693205.11   0.1217  5431.401  4587.897   834.957  4.16e-05   1.0003   1.0500      0      0
   50  685877.15  685033.53   0.1231  5338.462  4494.843   835.159  4.16e-05   1.0006   1.0500      0      0
   51  678907.08  678063.12   0.1245  5260.937  4416.973   835.574  4.16e-05   1.0010   1.0500      0      0
   52  673148.01  672303.47   0.1256  5198.554  4354.013   836.203  4.16e-05   1.0012   1.0500      0      0
   53  668609.20  667763.85   0.1266  5151.117  4305.768   837.046  4.17e-05   1.0015   1.0500      0      0
   54  665298.96  664452.57   0.1274  5118.506  4272.118   838.104  4.17e-05   1.0016   1.0500      0      0
   55  663224.10  662376.44   0.1280  5100.673  4253.012   839.377  4.18e-05   1.0018   1.0500      0      0
   56  662389.45  661540.29   0.1284  5097.634  4248.466   840.866  4.19e-05   1.0018   1.0500      0      0
   57  662797.52  661946.61   0.1285  5109.472  4258.563   842.573  4.20e-05   1.0019   1.0500      0      0
   58  664448.21  663595.32   0.1285  5136.330  4283.443   844.498  4.21e-05   1.0018   1.0500      0      0
   59  667338.62  666483.52   0.1283  5178.410  4323.308   846.643  4.22e-05   1.0018   1.0500      0      0
   60  671462.64  670605.09   0.1279  5235.965  4378.407   849.009  4.24e-05   1.0016   1.0500      0      0
   61  676810.38  675950.12   0.1273  5309.289  4449.036   851.598  4.25e-05   1.0014   1.0500      0      0
   62  683367.04  682503.85   0.1265  5398.701  4535.509   854.411  4.27e-05   1.0012   1.0500      0      0
   63  691111.02  690244.64   0.1255  5504.517  4638.140   857.452  4.29e-05   1.0009   1.0500      0      0
   64  700010.14  699140.33   0.1244  5626.990  4757.182   860.721  4.31e-05   1.0006   1.0500      0      0
   65  710014.33  709140.84   0.1232  5766.217  4892.728   864.222  4.33e-05   1.0003   1.0500      0      0
   66  721040.05  720162.63   0.1218  5921.919  5044.496   867.958  4.35e-05   0.9998   1.0500      0      0
   67  732934.44  732052.83   0.1204  6092.966  5211.354   871.934  4.38e-05   0.9994   1.0500      0      0
   68  745385.78  744499.72   0.1190  6276.192  5390.134   876.155  4.40e-05   0.9989   1.0500      0      0
   69  757700.72  756809.96   0.1177  6463.421  5572.653   880.632  4.43e-05   0.9985   1.0500      0      0
   70  768444.40  767548.65   0.1167  6636.054  5740.310   885.387  4.46e-05   0.9981   1.0500      0      0
   71  775683.58  774782.59   0.1163  6765.233  5864.241   890.452  4.49e-05   0.9979   1.0500      0      0
   72  778014.55  777108.03   0.1167  6824.567  5918.049   895.852  4.52e-05   0.9980   1.0500      0      0
   73  775229.07  774316.75   0.1178  6804.976  5892.652   901.602  4.55e-05   0.9983   1.0500      0      0
   74  769022.60  768104.19   0.1196  6730.916  5812.504   907.681  4.59e-05   0.9987   1.0500      0      0
   75  761663.07  760738.28   0.1216  6638.824  5714.037   914.059  4.63e-05   0.9992   1.0500      0      0
   76  754167.68  753236.23   0.1237  6545.164  5613.717   920.725  4.67e-05   0.9996   1.0500      0      0
   77  746801.46  745863.06   0.1258  6454.135  5515.735   927.679  4.71e-05   1.0001   1.0500      0      0
   78  739626.09  738680.45   0.1280  6366.633  5420.986   934.923  4.75e-05   1.0005   1.0500      0      0
   79  732659.82  731706.63   0.1303  6282.862  5329.667   942.462  4.79e-05   1.0009   1.0500      0      0
   80  725912.19  724951.15   0.1326  6202.884  5241.838   950.299  4.84e-05   1.0013   1.0500      0      0
   81  719390.90  718421.70   0.1349  6126.733  5157.527   958.440  4.89e-05   1.0017   1.0500      0      0
   82  713103.11  712125.43   0.1373  6054.435  5076.756   966.888  4.94e-05   1.0021   1.0500      0      0
   83  707055.63  706069.16   0.1397  5986.010  4999.540   975.648  4.99e-05   1.0024   1.0500      0      0
   84  701255.01  700259.43   0.1422  5921.475  4925.892   984.725  5.04e-05   1.0028   1.0500      0      0
   85  695707.53  694702.51   0.1447  5860.843  4855.821   994.122  5.10e-05   1.0031   1.0500      0      0
   86  690419.16  689404.37   0.1472  5804.124  4789.332  1003.845  5.16e-05   1.0034   1.0500      0      0
   87  685395.60  684370.70   0.1498  5751.326  4726.427  1013.896  5.22e-05   1.0038   1.0500      0      0
   88  680642.25  679606.90   0.1523  5702.453  4667.108  1024.282  5.28e-05   1.0040   1.0500      0      0
   89  676164.22  675118.09   0.1550  5657.507  4611.371  1035.004  5.34e-05   1.0043   1.0500      0      0
   90  671966.33  670909.05   0.1576  5616.488  4559.212  1046.069  5.41e-05   1.0046   1.0500      0      0
   91  668053.08  666984.31   0.1602  5579.393  4510.626  1057.479  5.48e-05   1.0048   1.0500      0      0
   92  664428.68  663348.06   0.1629  5546.221  4465.606  1069.237  5.55e-05   1.0050   1.0500      0      0
   93  661097.01  660004.19   0.1656  5516.965  4424.144  1081.347  5.62e-05   1.0053   1.0500      0      0
   94  658061.66  656956.27   0.1683  5491.621  4386.231  1093.812  5.69e-05   1.0054   1.0500      0      0
   95  655325.90  654207.58   0.1709  5470.185  4351.861  1106.635  5.77e-05   1.0056   1.0500      0      0
   96  652892.67  651761.04   0.1736  5452.651  4321.026  1119.816  5.85e-05   1.0058   1.0500      0      0
   97  650764.59  649619.30   0.1763  5439.015  4293.721  1133.357  5.93e-05   1.0059   1.0500      0      0
   98  648943.98  647784.65   0.1790  5429.274  4269.940  1147.260  6.02e-05   1.0061   1.0500      0      0
   99  647432.81  646259.07   0.1816  5423.424  4249.682  1161.523  6.10e-05   1.0062   1.0500      0      0
  100  646232.74  645044.22   0.1843  5421.464  4232.945  1176.147  6.19e-05   1.0063   1.0500      0      0
  101  645345.10  644141.44   0.1869  5423.392  4219.728  1191.129  6.28e-05   1.0063   1.0500      0      0
  102  644770.89  643551.71   0.1894  5429.208  4210.034  1206.466  6.38e-05   1.0064   1.0500      0      0
  103  644510.77  643275.73   0.1920  5438.909  4203.864  1222.155  6.47e-05   1.0064   1.0500      0      0
  104  644565.09  643313.82   0.1945  5452.495  4201.222  1238.191  6.57e-05   1.0064   1.0500      0      0
  105  644933.87  643666.02   0.1970  5469.964  4202.114  1254.567  6.67e-05   1.0064   1.0500      0      0
  106  645616.78  644332.01   0.1994  5491.313  4206.544  1271.275  6.77e-05   1.0064   1.0500      0      0
  107  646613.18  645311.16   0.2018  5516.540  4214.519  1288.305  6.88e-05   1.0064   1.0500      0      0
  108  647922.11  646602.52   0.2041  5545.641  4226.046  1305.647  6.99e-05   1.0063   1.0500      0      0
  109  649542.27  648204.80   0.2063  5578.608  4241.131  1323.286  7.09e-05   1.0063   1.0500      0      0
  110  651472.05  650116.40   0.2085  5615.435  4259.783  1341.208  7.21e-05   1.0062   1.0500      0      0
  111  653709.52  652335.42   0.2106  5656.112  4282.010  1359.394  7.32e-05   1.0061   1.0500      0      0
  112  656252.43  654859.63   0.2127  5700.629  4307.821  1377.826  7.43e-05   1.0059   1.0500      0      0
  113  659098.24  657686.50   0.2147  5748.973  4337.225  1396.480  7.55e-05   1.0058   1.0500      0      0
  114  662244.11  660813.21   0.2165  5801.129  4370.233  1415.331  7.67e-05   1.0056   1.0500      0      0
  115  665686.97  664236.74   0.2183  5857.080  4406.855  1434.353  7.78e-05   1.0055   1.0500      0      0
  116  669423.86  667954.16   0.2200  5916.812  4447.109  1453.513  7.90e-05   1.0053   1.0500      0      0
  117  673453.73  671964.43   0.2216  5980.347  4491.050  1472.779  8.02e-05   1.0051   1.0500      0      0
  118  677786.83  676277.86   0.2231  6047.888  4538.917  1492.114  8.14e-05   1.0048   1.0500      0      0
  119  682491.40  680962.72   0.2245  6120.573  4591.890  1511.475  8.26e-05   1.0046   1.0500      0      0
  120  687899.88  686351.49   0.2256  6203.740  4655.351  1530.809  8.39e-05   1.0042   1.0500      0      0
  121  695225.33  693657.28   0.2261  6316.078  4748.033  1550.033  8.51e-05   1.0037   1.0500      0      0
  122  706769.87  705182.28   0.2251  6491.374  4903.779  1569.031  8.63e-05   1.0028   1.0500      0      0
  123  723902.08  722295.09   0.2225  6748.886  5141.900  1587.714  8.75e-05   1.0017   1.0500      0      0
  124  746240.28  744614.11   0.2184  7083.464  5457.301  1606.042  8.86e-05   1.0005   1.0500      0      0
  125  772293.59  770648.53   0.2135  7475.862  5830.794  1623.999  8.98e-05   0.9991   1.0500      0      0
  126  800117.88  798454.24   0.2084  7902.498  6238.855  1641.574  9.09e-05   0.9978   1.0500      0      0
  127  828340.83  826659.01   0.2034  8346.782  6664.959  1658.738  9.20e-05   0.9964   1.0500      0      0
  128  856299.93  854600.38   0.1989  8799.765  7100.219  1675.441  9.31e-05   0.9951   1.0500      0      0
  129  883681.61  881964.87   0.1946  9256.200  7539.456  1691.628  9.42e-05   0.9938   1.0500      0      0
  130  910317.37  908584.02   0.1908  9712.405  7979.056  1707.236  9.52e-05   0.9925   1.0500      0      0
  131  936102.70  934353.41   0.1872 10165.403  8416.109  1722.204  9.62e-05   0.9913   1.0500      0      0
  132  960964.39  959199.88   0.1840 10612.573  8848.064  1736.467  9.71e-05   0.9901   1.0500      0      0
  133  984846.25  983067.32   0.1810 11051.502  9272.577  1749.962  9.80e-05   0.9889   1.0500      0      0
  134 1007702.36 1005909.89   0.1782 11479.922  9687.445  1762.626  9.88e-05   0.9878   1.0500      0      0
  135 1029493.67 1027688.57   0.1756 11895.679 10090.580  1774.397  9.96e-05   0.9867   1.0500      0      0
  136 1050186.18 1048369.45   0.1733 12296.728 10480.000  1785.219  1.00e-04   0.9857   1.0500      0      0
  137 1069750.03 1067922.72   0.1711 12681.129 10853.823  1795.035  1.01e-04   0.9848   1.0500      0      0
  138 1088158.98 1086322.20   0.1691 13047.056 11210.278  1803.793  1.02e-04   0.9839   1.0500      0      0
  139 1105390.12 1103545.03   0.1672 13392.800 11547.709  1811.447  1.02e-04   0.9830   1.0500      0      0
  140 1121423.60 1119571.40   0.1654 13716.780 11864.579  1817.954  1.02e-04   0.9822   1.0500      0      0
  141 1136242.36 1134384.30   0.1638 14017.543 12159.474  1823.278  1.03e-04   0.9815   1.0500      0      0
  142 1149831.71 1147969.05   0.1623 14293.767 12431.104  1827.388  1.03e-04   0.9808   1.0500      0      0
  143 1162178.72 1160312.77   0.1608 14544.251 12678.296  1830.260  1.03e-04   0.9801   1.0500      0      0
  144 1173271.60 1171403.67   0.1595 14767.914 12899.987  1831.877  1.03e-04   0.9796   1.0500      0      0
  145 1171507.89 1169639.28   0.1598 14730.618 12862.011  1832.598  1.03e-04   0.9797   1.0500      0      0
  146 1168479.42 1166611.47   0.1601 14663.944 12795.990  1832.051  1.03e-04   0.9799   1.0500      0      0
  147 1164189.16 1162323.19   0.1605 14568.180 12702.211  1830.240  1.03e-04   0.9801   1.0500      0      0
  148 1158640.12 1156777.46   0.1610 14443.726 12581.063  1827.175  1.03e-04   0.9804   1.0500      0      0
  149 1151835.89 1149977.83   0.1616 14291.102 12433.046  1822.874  1.03e-04   0.9807   1.0500      0      0
  150 1143781.26 1141929.08   0.1622 14110.960 12258.784  1817.361  1.02e-04   0.9812   1.0500      0      0
  151 1134482.93 1132637.87   0.1629 13904.089 12059.036  1810.669  1.02e-04   0.9816   1.0500      0      0
  152 1123950.09 1122113.37   0.1637 13671.429 11834.701  1802.834  1.02e-04   0.9822   1.0500      0      0
  153 1112194.86 1110367.61   0.1646 13414.071 11586.824  1793.899  1.01e-04   0.9828   1.0500      0      0
  154 1099232.52 1097415.86   0.1655 13133.254 11316.594  1783.912  1.00e-04   0.9834   1.0500      0      0
  155 1085081.85 1083276.83   0.1666 12830.366 11025.343  1772.925  9.96e-05   0.9841   1.0500      0      0
  156 1069765.41 1067973.02   0.1678 12506.938 10714.544  1760.995  9.88e-05   0.9848   1.0500      0      0
  157 1053310.12 1051531.28   0.1692 12164.646 10385.808  1748.180  9.79e-05   0.9856   1.0500      0      0
  158 1035748.29 1033983.87   0.1706 11805.310 10040.893  1734.542  9.71e-05   0.9865   1.0500      0      0
  159 1017119.61 1015370.41   0.1723 11430.921  9681.719  1720.143  9.61e-05   0.9874   1.0500      0      0
  160  997474.86  995741.60   0.1741 11043.673  9310.414  1705.048  9.52e-05   0.9883   1.0500      0      0
  161  976883.39  975166.73   0.1760 10646.059  8929.403  1689.320  9.41e-05   0.9893   1.0500      0      0
  162  955449.06  953749.60   0.1782 10241.076  8541.614  1673.023  9.31e-05   0.9904   1.0500      0      0
  163  933347.04  931665.29   0.1805  9832.699  8150.951  1656.218  9.20e-05   0.9914   1.0500      0      0
  164  910915.95  909252.38   0.1830  9427.067  7763.491  1638.960  9.09e-05   0.9925   1.0500      0      0
  165  888888.52  887243.50   0.1854  9035.447  7390.433  1621.296  8.97e-05   0.9935   1.0500      0      0
  166  868767.12  867141.00   0.1875  8679.249  7053.126  1603.251  8.86e-05   0.9945   1.0500      0      0
  167  852555.33  850948.36   0.1888  8387.796  6780.835  1584.833  8.74e-05   0.9954   1.0500      0      0
  168  841646.50  840058.91   0.1890  8183.772  6596.186  1566.060  8.62e-05   0.9960   1.0500      0      0
  169  836160.35  834592.30   0.1879  8070.561  6502.507  1546.980  8.50e-05   0.9963   1.0500      0      0
  170  834313.05  832764.63   0.1859  8019.260  6470.841  1527.697  8.38e-05   0.9964   1.0500      0      0
  171  833588.40  832059.67   0.1837  7986.887  6458.151  1508.334  8.26e-05   0.9965   1.0500      0      0
  172  831739.90  830230.85   0.1818  7934.271  6425.220  1489.000  8.14e-05   0.9967   1.0500      0      0
  173  824519.04  823029.62   0.1810  7791.981  6302.566  1469.851  8.02e-05   0.9974   1.0500      0      0
  174  807115.25  805645.38   0.1824  7497.164  6027.294  1451.027  7.90e-05   0.9984   1.0500      0      0
  175  780733.87  779283.42   0.1861  7088.849  5638.396  1432.507  7.78e-05   0.9998   1.0500      0      0
  176  750024.42  748593.23   0.1912  6641.472  5210.282  1414.209  7.66e-05   1.0012   1.0500      0      0
  177  717362.24  715950.13   0.1972  6189.985  4777.873  1396.110  7.55e-05   1.0027   1.0500      0      0
  178  683602.46  682209.21   0.2042  5747.503  4354.261  1378.218  7.43e-05   1.0042   1.0500      0      0
  179  649108.67  647734.07   0.2122  5320.082  3945.476  1360.549  7.32e-05   1.0057   1.0500      0      0
  180  614085.85  612729.62   0.2213  4911.319  3555.095  1343.119  7.21e-05   1.0072   1.0500      0      0
  181  578701.03  577362.91   0.2318  4523.914  3185.795  1325.946  7.10e-05   1.0088   1.0500      0      0
  182  543183.85  541863.55   0.2437  4160.587  2840.284  1309.040  6.99e-05   1.0103   1.0500      0      0
  183  508166.84  506864.05   0.2570  3826.244  2523.450  1292.407  6.89e-05   1.0119   1.0500      0      0
  184  476228.11  474942.51   0.2707  3536.869  2251.268  1276.018  6.78e-05   1.0133   1.0500      0      0
  185  450979.30  449710.56   0.2821  3313.644  2044.910  1259.817  6.68e-05   1.0145   1.0500      0      0
  186  434107.80  432855.60   0.2893  3164.026  1911.827  1243.772  6.58e-05   1.0154   1.0500      0      0
  187  426261.39  425025.39   0.2908  3087.142  1851.141  1227.870  6.48e-05   1.0159   1.0500      0      0
  188  425114.17  423894.03   0.2878  3062.915  1842.767  1212.165  6.39e-05   1.0160   1.0500      0      0
  189  426085.05  424880.40   0.2835  3055.576  1850.928  1196.766  6.29e-05   1.0159   1.0500      0      0
  190  427656.30  426466.79   0.2789  3053.229  1863.722  1181.711  6.20e-05   1.0158   1.0500      0      0
  191  429510.76  428336.03   0.2743  3053.456  1878.731  1167.008  6.11e-05   1.0157   1.0500      0      0
  192  431547.28  430386.98   0.2696  3055.508  1895.208  1152.657  6.03e-05   1.0155   1.0500      0      0
OPENDSS_SUMMARY large10kC_1ph_T192_diag_jt8_cbsys_typed_tree3_screen_warm_pv_blocked_w16_r1 | import: optimizer 19622365.60 kWh, OpenDSS 19592477.73 kWh (+0.1525%) | losses: optimizer 192319.71, OpenDSS 162431.84 kWh, of which not physical 29490.08 kWh
OPENDSS_SUMMARY large10kC_1ph_T192_diag_jt8_cbsys_typed_tree3_screen_warm_pv_blocked_w16_r1 | voltage: largest difference 1.03e-04 pu | OpenDSS range 0.9726-1.0500 pu (optimizer lowest 0.9725) | below limit: 0 of 1981440 bus-periods, worst 0.00e+00 pu | above limit: 0, worst 0.00e+00 pu (tolerance 1e-04)
OPENDSS_SUMMARY large10kC_1ph_T192_diag_jt8_cbsys_typed_tree3_screen_warm_pv_blocked_w16_r1 | objective: optimizer 2712805.479270, with OpenDSS import 2708972.650744 (-0.1413%)
