OPENDSS_CHECK large10kC_1ph_T24_diag_tableII_jt8_cbsys_typed_tree3_screen_warm_pv_blocked_w16_r1 | large10kC_1ph T=24 | converged=true | source 1.05 pu in the DSS file, 1.05 used | devices on the substation bus skipped: 0 | PV kW, DSS against instance: 2.8e-14 | line C1 0 nF
    t   P_opf kW   P_dss kW   diff %  loss_opf  loss_dss   fict kW    dV max Vmin dss Vmax dss    low   high
    1 1286584.82 1285995.20   0.0458 16259.328 15669.715   575.460  3.70e-05   0.9735   1.0500      0      0
    2 1022110.00 1021579.22   0.0520 10328.504  9797.725   520.657  3.33e-05   0.9858   1.0500      0      0
    3  909231.92  908746.30   0.0534  8193.809  7708.192   477.395  3.05e-05   0.9913   1.0500      0      0
    4  931656.87  931204.32   0.0486  8532.500  8079.956   444.699  2.85e-05   0.9903   1.0500      0      0
    5  815757.69  815327.62   0.0527  6600.207  6170.141   423.563  2.71e-05   0.9962   1.0500      0      0
    6  720298.68  719881.64   0.0579  5304.185  4887.141   411.463  2.63e-05   0.9999   1.0500      0      0
    7  612902.14  612489.36   0.0674  4090.677  3677.895   408.014  2.60e-05   1.0046   1.0500      0      0
    8  587522.94  587105.89   0.0710  3860.353  3443.308   412.373  2.63e-05   1.0059   1.0500      0      0
    9  646070.04  645639.98   0.0666  4567.450  4137.383   424.747  2.71e-05   1.0038   1.0500      0      0
   10  725233.12  724780.57   0.0624  5689.445  5236.901   446.232  2.85e-05   1.0012   1.0500      0      0
   11  688520.54  688034.92   0.0706  5263.315  4777.697   479.147  3.06e-05   1.0035   1.0500      0      0
   12  666210.41  665679.62   0.0797  5028.452  4497.670   523.918  3.34e-05   1.0049   1.0500      0      0
   13  662344.03  661754.41   0.0891  5023.137  4433.520   582.046  3.71e-05   1.0052   1.0500      0      0
   14  677210.46  676547.35   0.0980  5249.137  4586.027   654.449  4.17e-05   1.0045   1.0500      0      0
   15  709839.16  709088.22   0.1059  5708.275  4957.325   740.757  4.72e-05   1.0028   1.0500      0      0
   16  760814.09  759963.93   0.1119  6441.300  5591.137   837.959  5.32e-05   0.9999   1.0500      0      0
   17  958263.58  957318.35   0.0987  9691.511  8746.280   928.332  5.89e-05   0.9895   1.0500      0      0
   18 1150985.11 1149969.03   0.0884 13443.952 12427.867   994.506  6.31e-05   0.9801   1.0500      0      0
   19 1172812.23 1171769.60   0.0890 13961.127 12918.497  1020.087  6.47e-05   0.9793   1.0500      0      0
   20 1113132.94 1112116.86   0.0914 12648.797 11632.713   995.212  6.31e-05   0.9824   1.0500      0      0
   21  976606.11  975660.88   0.0969  9892.605  8947.381   928.131  5.89e-05   0.9891   1.0500      0      0
   22  827266.62  826416.47   0.1029  7215.033  6364.883   837.128  5.32e-05   0.9970   1.0500      0      0
   23  593103.83  592352.87   0.1268  4093.170  3342.214   742.657  4.72e-05   1.0080   1.0500      0      0
   24  417984.63  417321.51   0.1589  2455.178  1792.054   657.992  4.18e-05   1.0164   1.0500      0      0
OPENDSS_SUMMARY large10kC_1ph_T24_diag_tableII_jt8_cbsys_typed_tree3_screen_warm_pv_blocked_w16_r1 | import: optimizer 19632461.94 kWh, OpenDSS 19616744.11 kWh (+0.0801%) | losses: optimizer 179541.45, OpenDSS 163823.62 kWh, of which not physical 15466.92 kWh
OPENDSS_SUMMARY large10kC_1ph_T24_diag_tableII_jt8_cbsys_typed_tree3_screen_warm_pv_blocked_w16_r1 | voltage: largest difference 6.47e-05 pu | OpenDSS range 0.9735-1.0500 pu (optimizer lowest 0.9735) | below limit: 0 of 247680 bus-periods, worst 0.00e+00 pu | above limit: 0, worst 0.00e+00 pu (tolerance 1e-04)
OPENDSS_SUMMARY large10kC_1ph_T24_diag_tableII_jt8_cbsys_typed_tree3_screen_warm_pv_blocked_w16_r1 | objective: optimizer 2684824.917345, with OpenDSS import 2682838.953718 (-0.0740%)
