
******************************************************************************
This program contains Ipopt, a library for large-scale nonlinear optimization.
 Ipopt is released as open source code under the Eclipse Public License (EPL).
         For more information visit https://github.com/coin-or/Ipopt
******************************************************************************

This is Ipopt version 3.14.19, running with linear solver MUMPS 5.8.2.

Number of nonzeros in equality constraint Jacobian...:     1350
Number of nonzeros in inequality constraint Jacobian.:      789
Number of nonzeros in Lagrangian Hessian.............:      432

Total number of variables............................:      664
                     variables with only lower bounds:      128
                variables with lower and upper bounds:        0
                     variables with only upper bounds:        0
Total number of equality constraints.................:      435
Total number of inequality constraints...............:      408
        inequality constraints with only lower bounds:        0
   inequality constraints with lower and upper bounds:      281
        inequality constraints with only upper bounds:      127

iter    objective    inf_pr   inf_du lg(mu)  ||d||  lg(rg) alpha_du alpha_pr  ls
   0  3.3599966e+01 1.10e+00 3.19e+00  -1.0 0.00e+00    -  0.00e+00 0.00e+00   0
   1  4.9997286e+02 9.09e-01 8.68e+00  -1.0 1.10e+00    -  1.41e-02 1.75e-01f  1
   2  6.5960544e+02 7.89e-01 7.55e+00  -1.0 9.22e-01    -  1.61e-01 1.32e-01f  1
   3  1.2230796e+03 4.75e-01 5.15e+00  -1.0 1.03e+00    -  9.09e-02 3.98e-01f  1
   4  1.6376694e+03 2.42e-01 2.68e+00  -1.0 7.83e-01    -  5.50e-01 4.90e-01h  1
   5  2.0685326e+03 2.42e-03 2.60e+00  -1.0 3.87e+00    -  2.10e-01 9.90e-01f  1
   6  2.0716773e+03 2.42e-05 3.29e+01  -1.0 1.63e+00    -  8.47e-01 9.90e-01f  1
   7  2.0718323e+03 1.81e-07 1.45e+04  -1.0 1.19e+01    -  3.60e-01 9.93e-01f  1
   8  2.0720753e+03 3.80e-16 7.12e+05  -1.0 1.64e+01    -  6.90e-01 1.00e+00f  1
   9  2.0722701e+03 1.31e-09 2.03e+06  -1.0 5.42e+01    -  5.41e-01 1.00e+00f  1
iter    objective    inf_pr   inf_du lg(mu)  ||d||  lg(rg) alpha_du alpha_pr  ls
  10  2.0725942e+03 3.61e-16 7.03e+05  -1.0 1.16e+02    -  5.96e-01 1.00e+00f  1
  11  2.0732056e+03 2.81e-16 1.70e+06  -1.0 2.89e+02    -  5.81e-01 1.00e+00f  1
  12  2.0737655e+03 3.40e-16 7.00e+05  -1.0 6.83e+02    -  5.88e-01 9.47e-01f  1
  13  2.0741610e+03 3.33e-15 2.95e+05  -1.0 1.63e+03    -  5.79e-01 1.00e+00f  1
  14  2.0742998e+03 3.20e-16 1.21e+05  -1.0 3.74e+03    -  5.89e-01 1.00e+00h  1
  15  2.0743627e+03 3.06e-16 4.95e+04  -1.0 8.31e+03    -  5.91e-01 1.00e+00h  1
  16  2.0743664e+03 3.30e-16 1.99e+04  -1.0 1.66e+04    -  5.99e-01 1.00e+00f  1
  17  2.0743782e+03 8.88e-16 7.61e+03  -1.0 2.63e+04    -  6.17e-01 1.00e+00f  1
  18  2.0743701e+03 3.33e-16 2.55e+03  -1.0 2.78e+04    -  6.64e-01 1.00e+00h  1
  19  2.0743761e+03 3.19e-16 6.75e+02  -1.0 3.15e+04    -  7.35e-01 1.00e+00h  1
iter    objective    inf_pr   inf_du lg(mu)  ||d||  lg(rg) alpha_du alpha_pr  ls
  20  2.0743730e+03 3.92e-16 3.22e+01  -1.0 3.50e+04    -  9.52e-01 1.00e+00h  1
  21  2.0568715e+03 3.48e-16 4.66e-03  -1.7 3.92e+03    -  1.00e+00 1.00e+00h  1
  22  2.0271131e+03 2.95e-16 8.45e-04  -1.7 1.62e+04    -  1.00e+00 1.00e+00h  1
  23  2.0316872e+03 2.67e-16 2.00e-07  -1.7 4.88e+00    -  1.00e+00 1.00e+00h  1
  24  2.0089761e+03 2.88e-16 2.89e+05  -5.7 1.19e+01    -  8.41e-01 1.00e+00f  1
  25  2.0033937e+03 3.19e-16 1.46e+04  -5.7 2.92e+00    -  9.49e-01 9.93e-01f  1
  26  2.0033538e+03 2.94e-16 4.43e-11  -5.7 1.84e-02    -  1.00e+00 1.00e+00h  1
  27  2.0033506e+03 4.06e-16 2.50e-12  -8.6 1.64e-03    -  1.00e+00 1.00e+00h  1

Number of Iterations....: 27

                                   (scaled)                 (unscaled)
Objective...............:   5.9623530177008845e+01    2.0033506139474973e+03
Dual infeasibility......:   2.4996507049376218e-12    8.3988263685904094e-11
Constraint violation....:   4.0592529337857286e-16    4.0592529337857286e-16
Variable bound violation:   0.0000000000000000e+00    0.0000000000000000e+00
Complementarity.........:   2.5503204045375432e-09    8.5690765592461461e-08
Overall NLP error.......:   2.5503204045375432e-09    8.5690765592461461e-08


Number of objective function evaluations             = 28
Number of objective gradient evaluations             = 28
Number of equality constraint evaluations            = 28
Number of inequality constraint evaluations          = 28
Number of equality constraint Jacobian evaluations   = 28
Number of inequality constraint Jacobian evaluations = 28
Number of Lagrangian Hessian evaluations             = 27
Total seconds in IPOPT                               = 0.094

EXIT: Optimal Solution Found.
