
******************************************************************************
This program contains Ipopt, a library for large-scale nonlinear optimization.
 Ipopt is released as open source code under the Eclipse Public License (EPL).
         For more information visit https://github.com/coin-or/Ipopt
******************************************************************************

This is Ipopt version 3.14.19, running with linear solver MUMPS 5.8.2.

Number of nonzeros in equality constraint Jacobian...:    96965
Number of nonzeros in inequality constraint Jacobian.:    54663
Number of nonzeros in Lagrangian Hessian.............:    31980

Total number of variables............................:    44345
                     variables with only lower bounds:    10321
                variables with lower and upper bounds:        0
                     variables with only upper bounds:        0
Total number of equality constraints.................:    31983
Total number of inequality constraints...............:    23703
        inequality constraints with only lower bounds:        0
   inequality constraints with lower and upper bounds:    13383
        inequality constraints with only upper bounds:    10320

iter    objective    inf_pr   inf_du lg(mu)  ||d||  lg(rg) alpha_du alpha_pr  ls
   0  3.3599966e+01 1.25e+00 9.90e+01  -1.0 0.00e+00    -  0.00e+00 0.00e+00   0
   1  8.3691654e+02 1.25e+00 7.60e+01  -1.0 2.00e+03    -  2.72e-05 6.57e-04h  1
   2  6.3932847e+03 1.25e+00 7.58e+01  -1.0 5.93e+03    -  2.53e-04 1.68e-03h  2
   3  6.9457804e+03 1.25e+00 8.37e+01  -1.0 1.01e+03    -  1.26e-02 1.68e-04h  1
   4  8.0656409e+03 1.25e+00 1.85e+02  -1.0 9.75e+02    -  9.56e-04 3.42e-04h  1
   5  8.1880900e+03 1.25e+00 1.49e+02  -1.0 5.37e+03    -  2.59e-06 3.75e-05h  1
   6  8.2435478e+03 1.25e+00 1.49e+02  -1.0 5.67e+03    -  1.67e-05 1.70e-05h  1
   7  8.3659780e+03 1.25e+00 1.76e+02  -1.0 5.32e+03    -  1.95e-05 3.75e-05h  1
   8r 8.3659780e+03 1.25e+00 9.99e+02   0.1 0.00e+00    -  0.00e+00 3.17e-07R  5
   9r 1.3936739e+04 8.36e-01 9.98e+02   0.1 2.37e+03    -  8.61e-04 6.98e-04f  1
iter    objective    inf_pr   inf_du lg(mu)  ||d||  lg(rg) alpha_du alpha_pr  ls
  10  1.3978716e+04 8.36e-01 9.91e+01  -1.0 1.06e+03    -  5.85e-04 1.29e-05h  1
  11  1.5342068e+04 8.36e-01 1.20e+02  -1.0 1.03e+03    -  2.00e-04 4.18e-04h  1
  12  1.5863055e+04 8.36e-01 1.30e+02  -1.0 1.06e+03    -  2.54e-04 1.60e-04h  1
  13  1.7169883e+04 8.36e-01 1.63e+02  -1.0 1.16e+03    -  1.82e-04 4.02e-04h  1
  14  1.7865471e+04 8.35e-01 1.64e+02  -1.0 1.41e+03    -  2.93e-04 2.14e-04h  1
  15  1.8295661e+04 8.35e-01 1.63e+02  -1.0 1.63e+03    -  2.56e-04 1.32e-04h  1
  16  1.8737960e+04 8.35e-01 1.63e+02  -1.0 1.54e+03    -  1.75e-04 1.36e-04h  1
  17  2.0640964e+04 8.35e-01 1.64e+02  -1.0 1.45e+03    -  3.38e-04 5.83e-04h  1
  18  2.1553454e+04 8.35e-01 1.63e+02  -1.0 1.54e+03    -  4.24e-04 2.79e-04h  1
  19  2.4952093e+04 8.34e-01 1.63e+02  -1.0 1.86e+03    -  7.13e-04 1.04e-03h  1
iter    objective    inf_pr   inf_du lg(mu)  ||d||  lg(rg) alpha_du alpha_pr  ls
  20  2.6641460e+04 8.33e-01 1.63e+02  -1.0 2.60e+03    -  6.70e-04 5.17e-04h  1
  21  2.9204084e+04 8.33e-01 1.63e+02  -1.0 3.00e+03    -  5.33e-04 7.85e-04h  1
  22  3.3078504e+04 8.32e-01 1.63e+02  -1.0 3.21e+03    -  1.43e-03 1.19e-03h  1
  23  3.5647990e+04 8.31e-01 1.63e+02  -1.0 3.53e+03    -  9.06e-04 7.88e-04h  1
  24  3.9007022e+04 8.30e-01 1.63e+02  -1.0 3.66e+03    -  4.86e-04 1.03e-03h  1
  25  4.1820221e+04 8.29e-01 1.63e+02  -1.0 3.77e+03    -  1.38e-03 8.65e-04f  1
  26  4.6248926e+04 8.28e-01 1.62e+02  -1.0 3.89e+03    -  1.16e-03 1.36e-03f  1
  27  5.1778739e+04 8.27e-01 1.62e+02  -1.0 3.99e+03    -  2.08e-03 1.70e-03f  1
  28  5.8610790e+04 8.25e-01 1.62e+02  -1.0 4.03e+03    -  1.25e-03 2.11e-03f  1
  29  6.3886173e+04 8.24e-01 1.61e+02  -1.0 4.08e+03    -  2.03e-03 1.63e-03f  1
iter    objective    inf_pr   inf_du lg(mu)  ||d||  lg(rg) alpha_du alpha_pr  ls
  30  8.1452316e+04 8.19e-01 3.23e+02  -1.0 4.14e+03    -  2.25e-03 5.44e-03f  1
  31  9.9274757e+04 8.15e-01 3.62e+02  -1.0 4.26e+03    -  1.05e-03 5.55e-03f  1
  32  1.0595453e+05 8.13e-01 3.57e+02  -1.0 4.29e+03    -  1.66e-03 2.09e-03f  1
  33  1.1636342e+05 8.10e-01 3.31e+02  -1.0 4.31e+03    -  1.19e-03 3.27e-03f  1
  34  1.2766028e+05 8.07e-01 3.57e+02  -1.0 4.30e+03    -  5.32e-03 3.56e-03h  1
  35  1.3927512e+05 8.04e-01 3.60e+02  -1.0 4.32e+03    -  3.89e-03 3.67e-03h  2
  36  1.5339634e+05 8.01e-01 4.12e+02  -1.0 4.30e+03    -  6.85e-03 4.48e-03h  2
  37  1.6751812e+05 7.97e-01 3.44e+02  -1.0 4.27e+03    -  1.33e-03 4.50e-03h  2
  38  1.8609641e+05 7.93e-01 3.42e+02  -1.0 4.21e+03    -  5.81e-03 5.94e-03h  1
  39  2.0228808e+05 7.88e-01 3.35e+02  -1.0 4.16e+03    -  2.67e-02 5.21e-03h  1
iter    objective    inf_pr   inf_du lg(mu)  ||d||  lg(rg) alpha_du alpha_pr  ls
  40  2.1828123e+05 7.84e-01 3.93e+02  -1.0 4.20e+03    -  8.85e-03 5.18e-03h  1
  41  2.2703222e+05 7.82e-01 3.32e+02  -1.0 4.26e+03    -  1.41e-03 2.85e-03h  1
  42  2.3025622e+05 7.81e-01 3.31e+02  -1.0 4.40e+03    -  1.30e-04 1.05e-03h  1
  43  2.3218445e+05 7.81e-01 6.52e+02  -1.0 4.53e+03    -  1.98e-04 6.30e-04h  1
  44  2.3383503e+05 7.80e-01 1.03e+03  -1.0 4.62e+03    -  1.95e-04 5.39e-04h  1
  45  2.3550504e+05 7.80e-01 1.32e+03  -1.0 4.73e+03    -  1.83e-04 5.46e-04h  1
  46  2.3720636e+05 7.80e-01 1.48e+03  -1.0 4.81e+03    -  1.95e-04 5.57e-04h  1
  47  2.3758787e+05 7.79e-01 1.47e+03  -1.0 9.85e+03    -  1.88e-04 1.25e-04h  1
  48  2.3795706e+05 7.79e-01 1.46e+03  -1.0 1.94e+04    -  1.53e-04 1.21e-04h  1
  49  2.3803637e+05 7.79e-01 1.44e+03  -1.0 2.04e+04    -  9.87e-05 2.60e-05h  1
iter    objective    inf_pr   inf_du lg(mu)  ||d||  lg(rg) alpha_du alpha_pr  ls
  50  2.3856285e+05 7.79e-01 1.48e+03  -1.0 2.13e+04    -  1.55e-05 1.72e-04f  1
  51  2.3862448e+05 7.79e-01 1.48e+03  -1.0 5.64e+03    -  6.64e-06 2.02e-05h  1
  52  2.4062544e+05 7.79e-01 1.61e+03  -1.0 5.50e+03    -  2.08e-05 6.55e-04h  1
  53r 2.4062544e+05 7.79e-01 9.99e+02  -0.1 0.00e+00    -  0.00e+00 4.39e-07R  5
  54r 2.4576243e+05 7.52e-01 9.98e+02  -0.1 3.38e+04    -  1.84e-03 1.24e-04f  1
  55r 3.0234004e+05 5.58e+00 9.97e+02  -0.1 1.73e+04    -  1.43e-03 1.29e-03f  1
  56r 3.9282000e+05 7.78e+00 9.93e+02  -0.1 1.38e+04    -  5.02e-03 1.95e-03f  1
  57r 5.1909792e+05 7.90e+00 9.93e+02  -0.1 7.99e+03    -  1.08e-03 4.70e-03f  1
  58r 6.2650348e+05 7.87e+00 9.93e+02  -0.1 7.99e+03    -  1.89e-03 4.00e-03f  1
  59r 6.7093016e+05 7.86e+00 9.90e+02  -0.1 6.74e+03    -  3.45e-03 1.96e-03f  1
iter    objective    inf_pr   inf_du lg(mu)  ||d||  lg(rg) alpha_du alpha_pr  ls
  60r 6.8671801e+05 7.83e+00 9.76e+02  -0.1 1.84e+03    -  1.44e-02 2.56e-03f  1
  61r 6.9298574e+05 7.80e+00 9.72e+02  -0.1 4.82e+02    -  1.62e-02 3.91e-03f  1
  62r 7.0647026e+05 7.79e+00 9.61e+02  -0.1 4.11e+02    -  2.50e-03 1.17e-02f  1
  63r 7.3235517e+05 7.59e+00 9.35e+02  -0.1 4.01e+02    -  8.79e-02 2.87e-02f  1
  64r 7.6655332e+05 6.88e+00 8.36e+02  -0.1 2.07e+02    -  7.14e-02 1.05e-01f  1
  65r 9.2102322e+05 6.13e+00 1.13e+03  -0.1 4.45e+02    -  1.00e-02 1.03e-01f  1
  66r 1.0387155e+06 5.96e+00 1.12e+03  -0.1 1.39e+03    -  1.26e-02 2.51e-02f  1
  67r 1.1311702e+06 5.84e+00 1.11e+03  -0.1 1.45e+03    -  1.14e-02 1.90e-02f  1
  68r 1.2142359e+06 5.73e+00 1.10e+03  -0.1 1.44e+03    -  9.30e-03 1.72e-02f  1
  69r 1.2558192e+06 5.67e+00 1.10e+03  -0.1 1.41e+03    -  6.28e-03 8.80e-03f  1
iter    objective    inf_pr   inf_du lg(mu)  ||d||  lg(rg) alpha_du alpha_pr  ls
  70r 1.2628986e+06 5.66e+00 1.09e+03  -0.1 1.02e+03    -  1.02e-02 2.08e-03f  1
  71r 1.2707844e+06 5.63e+00 1.07e+03  -0.1 4.29e+02    -  1.06e-02 5.47e-03f  1
  72r 1.2771865e+06 5.55e+00 1.01e+03  -0.1 1.58e+02    -  7.81e-02 1.20e-02f  1
  73r 1.3705329e+06 5.35e+00 1.00e+03  -0.1 7.88e+02    -  5.78e-03 3.53e-02f  1
  74r 1.4362158e+06 5.29e+00 9.80e+02  -0.1 1.20e+03    -  1.99e-02 1.62e-02f  1
  75r 1.5305482e+06 5.23e+00 9.70e+02  -0.1 1.34e+03    -  1.20e-02 2.09e-02f  1
  76r 1.6357256e+06 5.16e+00 9.67e+02  -0.1 1.22e+03    -  5.50e-03 2.56e-02f  1
  77r 1.6937778e+06 5.08e+00 9.57e+02  -0.1 9.81e+02    -  1.04e-02 1.76e-02f  1
  78r 1.7584686e+06 4.99e+00 9.46e+02  -0.1 9.10e+02    -  1.17e-02 2.12e-02f  1
  79r 1.8145969e+06 4.91e+00 9.36e+02  -0.1 8.95e+02    -  1.08e-02 1.87e-02f  1
iter    objective    inf_pr   inf_du lg(mu)  ||d||  lg(rg) alpha_du alpha_pr  ls
  80r 1.8242586e+06 4.88e+00 9.22e+02  -0.1 7.32e+02    -  1.54e-02 3.93e-03f  1
  81r 1.8373358e+06 4.84e+00 9.07e+02  -0.1 4.60e+02    -  1.74e-02 8.47e-03f  1
  82r 1.8437633e+06 4.77e+00 8.40e+02  -0.1 1.76e+02    -  8.52e-02 1.09e-02f  1
  83r 1.9496680e+06 4.35e+00 8.10e+02  -0.1 3.15e+02    -  2.89e-02 1.00e-01f  1
  84r 2.0369445e+06 4.17e+00 7.71e+02  -0.1 5.75e+02    -  4.71e-02 4.52e-02f  1
  85r 2.1349815e+06 4.00e+00 7.45e+02  -0.1 6.37e+02    -  3.50e-02 4.58e-02f  1
  86r 2.2282267e+06 3.82e+00 7.28e+02  -0.1 5.81e+02    -  2.35e-02 4.78e-02f  1
  87r 2.3133878e+06 3.61e+00 7.10e+02  -0.1 5.03e+02    -  2.58e-02 5.03e-02f  1
  88r 2.4008454e+06 3.39e+00 6.90e+02  -0.1 4.48e+02    -  2.83e-02 5.81e-02f  1
  89r 2.4693101e+06 3.20e+00 6.70e+02  -0.1 4.19e+02    -  2.98e-02 4.86e-02f  1
iter    objective    inf_pr   inf_du lg(mu)  ||d||  lg(rg) alpha_du alpha_pr  ls
  90r 2.4831641e+06 3.14e+00 6.34e+02  -0.1 3.43e+02    -  5.31e-02 1.20e-02f  1
  91r 2.5048552e+06 3.02e+00 5.91e+02  -0.1 2.44e+02    -  6.74e-02 2.65e-02f  1
  92r 2.5609338e+06 2.64e+00 5.49e+02  -0.1 1.99e+02    -  7.22e-02 8.39e-02f  1
  93r 2.6106531e+06 2.21e+00 5.03e+02  -0.1 1.51e+02    -  8.34e-02 9.81e-02f  1
  94r 2.6632486e+06 1.79e+00 4.55e+02  -0.1 1.55e+02    -  9.47e-02 1.01e-01f  1
  95r 2.7754014e+06 1.21e+00 5.77e+02  -0.1 1.66e+02    -  7.07e-02 2.02e-01f  1
  96r 2.8120277e+06 1.01e+00 5.29e+02  -0.1 1.31e+02    -  9.94e-02 8.31e-02f  1
  97r 2.8566040e+06 7.21e-01 4.43e+02  -0.1 1.06e+02    -  1.80e-01 1.25e-01f  1
  98r 2.9198118e+06 3.35e-01 3.75e+02  -0.1 1.06e+02    -  1.26e-01 1.77e-01f  1
  99r 3.0346438e+06 3.41e-01 5.98e+02  -0.1 9.32e+01    -  1.28e-01 3.67e-01f  1
iter    objective    inf_pr   inf_du lg(mu)  ||d||  lg(rg) alpha_du alpha_pr  ls
 100r 3.0619171e+06 3.43e-01 4.60e+02  -0.1 4.34e+01    -  2.62e-01 1.87e-01f  1
 101r 3.0951874e+06 3.44e-01 3.01e+02  -0.1 2.87e+01    -  2.93e-01 3.45e-01f  1
 102  3.0950243e+06 3.44e-01 9.89e+01  -1.0 2.91e+03    -  1.16e-03 1.01e-03h  1
 103  3.0950032e+06 3.44e-01 1.45e+02  -1.0 3.23e+03    -  4.74e-03 8.99e-05h  1
 104  3.0946909e+06 3.44e-01 1.00e+03  -1.0 4.69e+03    -  4.57e-03 6.66e-04h  1
 105  3.0943744e+06 3.44e-01 3.24e+03  -1.0 6.87e+03    -  2.39e-03 4.10e-04h  2
 106  3.0937981e+06 3.43e-01 5.35e+03  -1.0 7.85e+03    -  2.88e-03 6.61e-04h  2
 107  3.0933636e+06 3.43e-01 7.55e+03  -1.0 7.08e+03    -  4.77e-03 5.70e-04h  2
 108  3.0929970e+06 3.43e-01 7.84e+03  -1.0 3.25e+03    -  5.22e-03 1.32e-03h  1
 109  3.0930520e+06 3.43e-01 6.76e+03  -1.0 1.98e+03    -  4.96e-03 6.64e-04h  1
iter    objective    inf_pr   inf_du lg(mu)  ||d||  lg(rg) alpha_du alpha_pr  ls
 110  3.0932602e+06 3.42e-01 7.29e+03  -1.0 2.56e+03    -  3.72e-03 1.34e-03h  1
 111  3.0933809e+06 3.42e-01 6.88e+03  -1.0 2.24e+03    -  3.99e-03 7.02e-04h  1
 112  3.0935529e+06 3.42e-01 7.10e+03  -1.0 2.69e+03    -  4.36e-03 9.65e-04h  1
 113  3.0937250e+06 3.41e-01 7.15e+03  -1.0 4.40e+03    -  4.10e-03 9.44e-04h  1
 114  3.0938147e+06 3.41e-01 7.09e+03  -1.0 6.50e+03    -  3.65e-03 4.86e-04h  1
 115  3.0939447e+06 3.41e-01 7.05e+03  -1.0 1.99e+04    -  1.55e-03 7.03e-04f  1
 116  3.0940046e+06 3.41e-01 6.98e+03  -1.0 2.88e+04    -  1.65e-03 3.27e-04f  1
 117  3.0940482e+06 3.41e-01 7.20e+03  -1.0 1.29e+04    -  3.80e-03 2.41e-04f  1
 118  3.0941728e+06 3.40e-01 7.42e+03  -1.0 1.71e+04    -  2.20e-03 7.07e-04f  1
 119  3.0943049e+06 3.40e-01 7.70e+03  -1.0 1.03e+04    -  3.03e-03 7.71e-04f  1
iter    objective    inf_pr   inf_du lg(mu)  ||d||  lg(rg) alpha_du alpha_pr  ls
 120  3.0944998e+06 3.40e-01 7.80e+03  -1.0 2.05e+04    -  2.17e-03 1.17e-03f  1
 121  3.0946128e+06 3.39e-01 8.19e+03  -1.0 1.13e+04    -  5.25e-03 7.02e-04f  1
 122  3.0948551e+06 3.39e-01 8.31e+03  -1.0 1.22e+04    -  3.52e-03 1.45e-03f  1
 123  3.0950128e+06 3.39e-01 8.47e+03  -1.0 8.51e+03    -  4.30e-03 9.26e-04f  1
 124  3.0953048e+06 3.38e-01 8.48e+03  -1.0 2.10e+04    -  2.36e-03 1.66e-03f  1
 125  3.0955183e+06 3.38e-01 8.65e+03  -1.0 1.60e+04    -  6.57e-03 1.19e-03f  1
 126  3.0962479e+06 3.36e-01 8.67e+03  -1.0 4.80e+03    -  5.59e-03 3.91e-03f  1
 127  3.0985069e+06 3.32e-01 8.50e+03  -1.0 4.89e+03    -  7.75e-03 1.19e-02f  1
 128  3.1003159e+06 3.29e-01 8.42e+03  -1.0 2.48e+03    -  1.14e-02 9.47e-03f  1
 129  3.1015739e+06 3.27e-01 8.36e+03  -1.0 2.92e+03    -  7.61e-03 6.61e-03f  1
iter    objective    inf_pr   inf_du lg(mu)  ||d||  lg(rg) alpha_du alpha_pr  ls
 130  3.1033511e+06 3.24e-01 8.27e+03  -1.0 2.44e+03    -  1.12e-02 9.38e-03f  1
 131  3.1053612e+06 3.21e-01 8.17e+03  -1.0 2.82e+03    -  1.19e-02 1.07e-02f  1
 132  3.1068369e+06 3.18e-01 8.02e+03  -1.0 2.56e+03    -  1.51e-02 7.92e-03f  1
 133  3.1093557e+06 3.14e-01 7.82e+03  -1.0 2.76e+03  -4.0 2.19e-02 1.36e-02f  1
 134  3.1127696e+06 3.08e-01 7.68e+03  -1.0 3.46e+03  -4.5 1.78e-02 1.87e-02f  1
 135  3.1149997e+06 3.04e-01 7.55e+03  -1.0 3.16e+03  -5.0 1.64e-02 1.24e-02f  1
 136  3.1177602e+06 2.99e-01 7.36e+03  -1.0 3.17e+03  -4.5 2.18e-02 1.56e-02f  1
 137  3.1193563e+06 2.97e-01 7.20e+03  -1.0 2.88e+03  -5.0 1.86e-02 9.13e-03f  2
 138  3.1213594e+06 2.93e-01 7.00e+03  -1.0 3.11e+03  -4.6 2.39e-02 1.16e-02f  2
 139  3.1226874e+06 2.91e-01 6.85e+03  -1.0 3.16e+03  -5.1 1.81e-02 7.75e-03f  2
iter    objective    inf_pr   inf_du lg(mu)  ||d||  lg(rg) alpha_du alpha_pr  ls
 140  3.1245616e+06 2.88e-01 6.66e+03  -1.0 2.41e+03  -4.6 2.32e-02 1.10e-02f  2
 141  3.1259923e+06 2.85e-01 6.61e+03  -1.0 1.48e+04  -5.1 7.19e-03 8.50e-03f  1
 142  3.1272258e+06 2.83e-01 6.38e+03  -1.0 2.94e+03  -4.7 2.75e-02 7.39e-03f  3
 143  3.1303157e+06 2.78e-01 6.15e+03  -1.0 2.75e+03  -4.3 3.11e-02 1.87e-02f  2
 144  3.1319498e+06 2.75e-01 5.91e+03  -1.0 3.17e+03  -4.7 3.04e-02 1.00e-02f  3
 145  3.1357869e+06 2.68e-01 5.65e+03  -1.0 2.75e+03  -4.3 3.81e-02 2.38e-02f  2
 146  3.1361716e+06 2.68e-01 5.38e+03  -1.0 3.14e+03  -4.8 3.51e-02 2.45e-03h  5
 147  3.1386602e+06 2.64e-01 5.09e+03  -1.0 2.63e+03  -4.4 4.25e-02 1.59e-02f  3
 148  3.1397514e+06 2.62e-01 4.83e+03  -1.0 3.41e+03  -4.8 3.62e-02 7.06e-03f  4
 149  3.1423587e+06 2.57e-01 4.51e+03  -1.0 2.38e+03  -4.4 5.07e-02 1.70e-02f  3
iter    objective    inf_pr   inf_du lg(mu)  ||d||  lg(rg) alpha_du alpha_pr  ls
 150  3.1430219e+06 2.56e-01 4.32e+03  -1.0 4.21e+03  -4.9 2.91e-02 4.40e-03h  5
 151  3.1460819e+06 2.51e-01 3.99e+03  -1.0 2.39e+03  -4.5 5.80e-02 2.04e-02f  3
 152  3.1590944e+06 2.29e-01 3.74e+03  -1.0 1.67e+03  -4.0 7.16e-02 8.85e-02w  1
 153  3.1688855e+06 2.12e-01 3.34e+03  -1.0 2.13e+03  -4.5 9.56e-02 7.30e-02w  1
 154  3.1777510e+06 1.97e-01 2.86e+03  -1.0 1.36e+03  -4.1 1.17e-01 7.13e-02w  1
 155  3.1525881e+06 2.40e-01 3.64e+03  -1.0 1.78e+03  -4.6 7.16e-02 4.43e-02f  1
 156  3.1597891e+06 2.28e-01 3.24e+03  -1.0 1.63e+03  -4.1 8.94e-02 5.12e-02f  2
 157  3.1606517e+06 2.26e-01 3.05e+03  -1.0 2.35e+03  -4.6 4.96e-02 6.46e-03h  5
 158  3.1629604e+06 2.22e-01 3.00e+03  -1.0 1.52e+03  -4.2 1.06e-01 1.74e-02h  4
 159  3.1642356e+06 2.20e-01 2.96e+03  -1.0 2.42e+03  -4.7 7.98e-02 9.78e-03h  5
iter    objective    inf_pr   inf_du lg(mu)  ||d||  lg(rg) alpha_du alpha_pr  ls
 160  3.1677077e+06 2.14e-01 3.03e+03  -1.0 1.47e+03  -4.2 1.18e-01 2.69e-02f  4
 161  3.1688969e+06 2.12e-01 3.06e+03  -1.0 2.46e+03  -4.7 2.66e-02 9.46e-03h  3
 162  3.1724524e+06 2.06e-01 3.42e+03  -1.0 1.42e+03  -4.3 1.54e-01 2.86e-02h  4
 163  3.1838308e+06 1.87e-01 3.39e+03  -1.0 1.09e+03  -3.9 1.86e-01 9.43e-02h  3
 164  3.1904500e+06 1.75e-01 3.94e+03  -1.0 1.24e+03  -4.3 3.84e-01 6.04e-02h  4
 165  3.2074109e+06 1.46e-01 3.54e+03  -1.0 9.02e+02  -3.9 3.24e-01 1.65e-01h  3
 166  3.2926517e+06 5.92e+00 7.24e+02  -1.0 9.64e+02  -4.4 2.75e-01 9.90e-01w  1
 167  3.2938604e+06 9.60e-06 1.22e+04  -1.0 1.35e+02  -4.9 6.04e-01 9.93e-01h  1
 168  3.2944474e+06 5.28e-11 1.63e+06  -1.0 2.90e+02    -  4.76e-01 1.00e+00F  1
 169  3.2950029e+06 1.72e-13 4.22e+06  -1.0 3.32e+02    -  4.42e-01 1.00e+00f  1
iter    objective    inf_pr   inf_du lg(mu)  ||d||  lg(rg) alpha_du alpha_pr  ls
 170  3.2953733e+06 1.79e-13 2.36e+06  -1.0 4.25e+02    -  4.42e-01 1.00e+00f  1
 171  3.2955361e+06 4.39e-12 1.47e+06  -1.0 5.23e+02    -  3.75e-01 1.00e+00F  1
 172  3.2955738e+06 2.44e-11 4.06e+05  -1.0 4.61e+02    -  7.24e-01 1.00e+00F  1
 173  3.2955774e+06 1.02e-11 8.85e+04  -1.0 3.05e+02    -  7.82e-01 5.70e-01F  1
 174  3.2955788e+06 7.98e-12 5.24e+04  -1.0 8.86e+02    -  4.08e-01 2.17e-01f  1
 175  3.2955820e+06 4.99e-12 2.94e+04  -1.0 1.25e+03    -  4.40e-01 3.75e-01f  1
 176  3.2955852e+06 2.22e-12 1.73e+04  -1.0 2.30e+03    -  4.10e-01 5.55e-01f  1
 177  3.2955878e+06 1.47e-13 7.74e+03  -1.0 3.60e+03    -  5.53e-01 1.00e+00h  1
 178  3.2955879e+06 5.40e-13 3.00e+03  -1.0 7.40e+03    -  6.13e-01 1.00e+00f  1
 179  3.2955879e+06 2.66e-15 1.01e+03  -1.0 1.56e+04    -  6.64e-01 1.00e+00f  1
iter    objective    inf_pr   inf_du lg(mu)  ||d||  lg(rg) alpha_du alpha_pr  ls
 180  3.2955879e+06 3.98e-13 2.30e+02  -1.0 2.79e+04    -  7.71e-01 1.00e+00f  1
 181  3.2955879e+06 2.43e-13 5.59e-01  -1.0 3.15e+04    -  1.00e+00 1.00e+00f  1
 182  3.2928794e+06 1.75e-13 1.24e-02  -1.7 2.19e+03    -  1.00e+00 1.00e+00f  1
 183  3.2921867e+06 2.08e-13 2.30e-05  -3.8 6.51e+01    -  1.00e+00 1.00e+00f  1
 184  3.2921810e+06 2.44e-14 4.43e-07  -5.7 1.06e+02    -  1.00e+00 1.00e+00f  1
 185  3.2921809e+06 1.14e-13 5.62e-10  -8.6 1.17e+01    -  1.00e+00 1.00e+00f  1

Number of Iterations....: 185

                                   (scaled)                 (unscaled)
Objective...............:   9.7981574454438552e+04    3.2921809016691353e+06
Dual infeasibility......:   5.6158108718840083e-10    1.8869124529530269e-08
Constraint violation....:   1.1368683772161603e-13    1.1368683772161603e-13
Variable bound violation:   0.0000000000000000e+00    0.0000000000000000e+00
Complementarity.........:   2.5361922437208629e-09    8.5216059389020993e-08
Overall NLP error.......:   2.5361922437208629e-09    8.5216059389020993e-08


Number of objective function evaluations             = 309
Number of objective gradient evaluations             = 139
Number of equality constraint evaluations            = 309
Number of inequality constraint evaluations          = 309
Number of equality constraint Jacobian evaluations   = 188
Number of inequality constraint Jacobian evaluations = 188
Number of Lagrangian Hessian evaluations             = 185
Total seconds in IPOPT                               = 37.304

EXIT: Optimal Solution Found.
