
================================================================================
PARALLELIZATION STATUS
================================================================================
Julia threads:       16
Status:              Using 16 threads
================================================================================
RHO_OVERRIDE: using rho = 10000.0
EPS_PRI_OVERRIDE: using eps_pri = 0.0005
EPS_DUAL_OVERRIDE: using eps_dual = 0.0005
ADAPTIVE_RHO_OVERRIDE: adaptive_rho = true

================================================================================
PARSING SYSTEM DATA
================================================================================
Loaded system: ieee2552C_1ph from C:\repos_addendum\MultiPeriodDistOPF\envs\tadmm\..\..\rawData\ieee2552C_1ph\Master.dss

========================================
Initial Powerflow
========================================
Powerflow completed successfully!

[OpenDSS] Total system load: 2129.58 kW
[OpenDSS] Substation power: 2187.53 kW
[OpenDSS] Total PV dispatch: 0.00 kW
[OpenDSS] Total battery dispatch: 0.00 kW
[OpenDSS] Total system losses: 57.95 kW


================================================================================
[35;1mSOLVING MPOPF WITH SOCP (tADMM)[0m
================================================================================
[36;1mUsing fixed rho = 10000.0[0m
  [tADMM hyperparams] mu_balance=5.00 tau_incr=2.00 tau_decr=4.00 update_interval=3 eps_pri=5.0e-04 eps_dual=5.0e-04 rho_init=10000.0 adaptive=true

================================================================================
[36;1m🎯 tADMM[SOCP]: T=48, ρ_init=10000.0, adaptive=true, warm_start=true, |Bset|=250, |Nset|=2522, |Lset|=2521
[0m================================================================================

******************************************************************************
This program contains Ipopt, a library for large-scale nonlinear optimization.
 Ipopt is released as open source code under the Eclipse Public License (EPL).
         For more information visit https://github.com/coin-or/Ipopt
******************************************************************************


******************************************************************************
This program contains Ipopt, a library for large-scale nonlinear optimization.
 Ipopt is released as open source code under the Eclipse Public License (EPL).
         For more information visit https://github.com/coin-or/Ipopt
******************************************************************************


******************************************************************************
This program contains Ipopt, a library for large-scale nonlinear optimization.
 Ipopt is released as open source code under the Eclipse Public License (EPL).
         For more information visit https://github.com/coin-or/Ipopt
******************************************************************************

k=  1  obj=$4431.77  ‖r‖=1.33e-03  ‖s‖=2.14e+00  ρ=10000.0  sp_max=85.530s  sp_med=52.102s
k=  2  obj=$4299.55  ‖r‖=1.35e-03  ‖s‖=2.23e+00  ρ=10000.0  sp_max=58.449s  sp_med=13.440s
[33;1m  [PHASE1-UP] ρ: 10000.0 → 20000.0 (‖r‖=1.33e-03 > ε=5.0e-04)
[0mk=  3  obj=$4299.58  ‖r‖=1.33e-03  ‖s‖=2.28e+00  ρ=20000.0  sp_max=38.784s  sp_med=14.149s
k=  4  obj=$4299.56  ‖r‖=1.33e-03  ‖s‖=2.65e+00  ρ=20000.0  sp_max=59.453s  sp_med=17.601s
k=  5  obj=$4569.52  ‖r‖=1.22e-03  ‖s‖=3.18e+00  ρ=20000.0  sp_max=28.325s  sp_med=13.496s
[33;1m  [PHASE1-UP] ρ: 20000.0 → 40000.0 (‖r‖=1.05e-03 > ε=5.0e-04)
[0mk=  6  obj=$5203.55  ‖r‖=1.05e-03  ‖s‖=3.77e+00  ρ=40000.0  sp_max=29.600s  sp_med=12.936s
k=  7  obj=$6177.11  ‖r‖=7.91e-04  ‖s‖=4.51e+00  ρ=40000.0  sp_max=27.512s  sp_med=8.893s
k=  8  obj=$7753.31  ‖r‖=3.79e-04  ‖s‖=4.89e+00  ρ=40000.0  sp_max=26.406s  sp_med=11.810s
[32;1m  [k=  9] Phase 1→2: primal converged
[0m[36;1m  [k=  9] ρ 40000.0 → 10000.0 (s/r=62698.7, ‖r‖ converged)
[0mk=  9  obj=$8443.51  ‖r‖=7.90e-05  ‖s‖=4.96e+00  ρ=10000.0  sp_max=24.411s  sp_med=11.226s
k= 10  obj=$8480.66  ‖r‖=6.74e-05  ‖s‖=2.61e+00  ρ=10000.0  sp_max=32.445s  sp_med=9.942s
      [Progress] 729.3s elapsed, 1 iters/min
k= 11  obj=$8456.11  ‖r‖=1.00e-04  ‖s‖=2.07e+00  ρ=10000.0  sp_max=17.331s  sp_med=8.355s
[36;1m  [k= 12] ρ 10000.0 → 2500.0 (s/r=21746.0, ‖r‖ converged)
[0mk= 12  obj=$8432.97  ‖r‖=8.85e-05  ‖s‖=1.92e+00  ρ=2500.0  sp_max=17.547s  sp_med=7.122s
k= 13  obj=$8365.36  ‖r‖=8.64e-05  ‖s‖=1.82e+00  ρ=2500.0  sp_max=29.235s  sp_med=11.295s
k= 14  obj=$8285.92  ‖r‖=1.29e-04  ‖s‖=1.73e+00  ρ=2500.0  sp_max=20.981s  sp_med=10.674s
[36;1m  [k= 15] ρ 2500.0 → 625.0 (s/r=10712.4, ‖r‖ converged)
[0mk= 15  obj=$8229.17  ‖r‖=1.56e-04  ‖s‖=1.67e+00  ρ=625.0  sp_max=24.687s  sp_med=11.012s
k= 16  obj=$8107.68  ‖r‖=2.18e-04  ‖s‖=1.40e+00  ρ=625.0  sp_max=19.955s  sp_med=9.800s
k= 17  obj=$8119.25  ‖r‖=1.79e-04  ‖s‖=6.77e-01  ρ=625.0  sp_max=21.713s  sp_med=10.938s
[36;1m  [k= 18] ρ 625.0 → 156.2 (s/r=2722.5, ‖r‖ converged)
[0mk= 18  obj=$8126.56  ‖r‖=1.52e-04  ‖s‖=4.13e-01  ρ=156.2  sp_max=24.448s  sp_med=10.408s
k= 19  obj=$8211.22  ‖r‖=3.05e-04  ‖s‖=1.63e-01  ρ=156.2  sp_max=18.790s  sp_med=10.245s
k= 20  obj=$8215.74  ‖r‖=3.92e-04  ‖s‖=3.28e-02  ρ=156.2  sp_max=30.204s  sp_med=10.661s
      [Progress] 1141.6s elapsed, 1 iters/min
[36;1m  [k= 21] ρ 156.2 → 39.1 (s/r=95.3, ‖r‖ converged)
[0mk= 21  obj=$8200.74  ‖r‖=2.94e-04  ‖s‖=2.80e-02  ρ=39.1  sp_max=33.151s  sp_med=15.480s
k= 22  obj=$8218.38  ‖r‖=3.18e-04  ‖s‖=1.56e-02  ρ=39.1  sp_max=26.095s  sp_med=13.022s
k= 23  obj=$8218.38  ‖r‖=2.39e-04  ‖s‖=8.48e-03  ρ=39.1  sp_max=28.931s  sp_med=13.758s
[36;1m  [k= 24] ρ 39.1 → 9.8 (s/r=14.2, ‖r‖ converged)
[0mk= 24  obj=$8218.37  ‖r‖=2.03e-04  ‖s‖=2.88e-03  ρ=9.8  sp_max=31.310s  sp_med=13.740s
k= 25  obj=$8218.38  ‖r‖=2.02e-04  ‖s‖=1.37e-03  ρ=9.8  sp_max=23.859s  sp_med=10.788s
k= 26  obj=$8218.39  ‖r‖=1.82e-04  ‖s‖=1.00e-03  ρ=9.8  sp_max=22.287s  sp_med=9.723s
[36;1m  [k= 27] ρ 9.8 → 2.4 (s/r=6.8, ‖r‖ converged)
[0mk= 27  obj=$8218.42  ‖r‖=1.54e-04  ‖s‖=1.06e-03  ρ=2.4  sp_max=21.336s  sp_med=9.957s
k= 28  obj=$8218.39  ‖r‖=2.05e-04  ‖s‖=6.07e-04  ρ=2.4  sp_max=24.330s  sp_med=9.737s
k= 29  obj=$8218.38  ‖r‖=2.14e-04  ‖s‖=1.29e-04  ρ=2.4  sp_max=22.438s  sp_med=10.222s
[32;1m🎉 tADMM converged at iteration 29 (‖r‖=2.14e-04 ≤ 5.00e-04, ‖s‖=1.29e-04 ≤ 5.00e-04)
  Final objective: $8218.38
[0m
================================================================================
[36;1m📊 SOLVER PERFORMANCE ANALYSIS (optimize!() times only)[0m
================================================================================
Iterations:       28
Effective time:   869.54 seconds
Wall-clock time:  1601.98 seconds
Overhead:         45.7%
================================================================================

--- tADMM RESULT ---
[32;1mObjective: $8218.38
Wall-clock: 1601.98 seconds
Effective:  869.54 seconds (29 iterations)
[0m
================================================================================
[36;1mVALIDATING tADMM SOLUTION[0m
================================================================================

================================================================================
SOLUTION VALIDATION: tADMM SOCP
================================================================================
✓ All constraints satisfied!
================================================================================
[32;1m✓ Convergence CSV: C:\repos_addendum\MultiPeriodDistOPF\envs\tadmm\processedData\ieee2552C_1ph_T48\convergence_data.csv[0m
[32;1m✓ Subproblem timing CSV: C:\repos_addendum\MultiPeriodDistOPF\envs\tadmm\processedData\ieee2552C_1ph_T48\subproblem_timing_details.csv[0m
[36;1mLoaded BF results from C:\repos_addendum\MultiPeriodDistOPF\envs\tadmm\processedData\ieee2552C_1ph_T48\results_socp_bf.txt[0m
[36;1mNear-optimal at k=19 (605.60s eff): obj=$8211.22, gap=0.432% vs BF, r=3.05e-04, s=1.63e-01[0m
[32;1m✓ Near-optimal summary: C:\repos_addendum\MultiPeriodDistOPF\envs\tadmm\processedData\ieee2552C_1ph_T48\near_optimal_summary.csv[0m
[32;1m✓ Solution saved: C:\repos_addendum\MultiPeriodDistOPF\envs\tadmm\processedData\ieee2552C_1ph_T48\sol_socp_tadmm.jls[0m
[32;1m✓ tADMM results written to C:\repos_addendum\MultiPeriodDistOPF\envs\tadmm\processedData\ieee2552C_1ph_T48\results_socp_tadmm.txt[0m
[32;1m✓ Live log trimmed to last 100 lines: C:\repos_addendum\MultiPeriodDistOPF\envs\tadmm\processedData\ieee2552C_1ph_T48\tadmm_run.log[0m

================================================================================
[35;1mtADMM PIPELINE COMPLETE[0m
================================================================================
