
================================================================================
PARALLELIZATION STATUS
================================================================================
Julia threads:       16
Status:              Using 16 threads
================================================================================
RHO_OVERRIDE: using rho = 16000.0
EPS_PRI_OVERRIDE: using eps_pri = 0.0001
EPS_DUAL_OVERRIDE: using eps_dual = 0.0005
ADAPTIVE_RHO_OVERRIDE: adaptive_rho = true

================================================================================
PARSING SYSTEM DATA
================================================================================
Loaded system: ieee2552C_1ph from C:\repos_addendum\MultiPeriodDistOPF\envs\tadmm\..\..\rawData\ieee2552C_1ph\Master.dss

========================================
Initial Powerflow
========================================
Powerflow completed successfully!

[OpenDSS] Total system load: 2129.58 kW
[OpenDSS] Substation power: 2187.53 kW
[OpenDSS] Total PV dispatch: 0.00 kW
[OpenDSS] Total battery dispatch: 0.00 kW
[OpenDSS] Total system losses: 57.95 kW


================================================================================
[35;1mSOLVING MPOPF WITH SOCP (tADMM)[0m
================================================================================
[36;1mUsing fixed rho = 16000.0[0m
  [tADMM hyperparams] mu_balance=5.00 tau_incr=2.00 tau_decr=4.00 update_interval=5 eps_pri=1.0e-04 eps_dual=5.0e-04 rho_init=16000.0 adaptive=true

================================================================================
[36;1m🎯 tADMM[SOCP]: T=24, ρ_init=16000.0, adaptive=true, warm_start=true, |Bset|=250, |Nset|=2522, |Lset|=2521
[0m================================================================================

******************************************************************************
This program contains Ipopt, a library for large-scale nonlinear optimization.
 Ipopt is released as open source code under the Eclipse Public License (EPL).
         For more information visit https://github.com/coin-or/Ipopt
******************************************************************************

k=  1  obj=$4253.42  ‖r‖=2.71e-03  ‖s‖=6.20e+00  ρ=16000.0  sp_max=24.828s  sp_med=20.164s
k=  2  obj=$4338.12  ‖r‖=2.61e-03  ‖s‖=7.19e+00  ρ=16000.0  sp_max=16.950s  sp_med=8.394s
k=  3  obj=$5219.92  ‖r‖=2.04e-03  ‖s‖=8.37e+00  ρ=16000.0  sp_max=20.144s  sp_med=11.412s
k=  4  obj=$6266.39  ‖r‖=1.52e-03  ‖s‖=6.33e+00  ρ=16000.0  sp_max=16.738s  sp_med=8.387s
[33;1m  [PHASE1-UP] ρ: 16000.0 → 32000.0 (‖r‖=8.46e-04 > ε=1.0e-04)
[0mk=  5  obj=$7526.99  ‖r‖=8.46e-04  ‖s‖=3.94e+00  ρ=32000.0  sp_max=20.034s  sp_med=9.018s
k=  6  obj=$8316.46  ‖r‖=1.78e-04  ‖s‖=3.92e+00  ρ=32000.0  sp_max=11.231s  sp_med=6.094s
k=  7  obj=$8435.90  ‖r‖=1.10e-05  ‖s‖=3.96e+00  ρ=32000.0  sp_max=11.534s  sp_med=6.487s
k=  8  obj=$8430.50  ‖r‖=3.33e-08  ‖s‖=3.96e+00  ρ=32000.0  sp_max=8.729s  sp_med=6.008s
k=  9  obj=$8422.21  ‖r‖=8.45e-09  ‖s‖=3.96e+00  ρ=32000.0  sp_max=10.557s  sp_med=5.975s
[32;1m  [k= 10] Phase 1→2: primal converged
[0m[36;1m  [k= 10] ρ 32000.0 → 8000.0 (s/r=905735.3, ‖r‖ converged)
[0mk= 10  obj=$8414.05  ‖r‖=4.33e-06  ‖s‖=3.93e+00  ρ=8000.0  sp_max=9.874s  sp_med=6.013s
      [Progress] 206.4s elapsed, 3 iters/min
k= 11  obj=$8382.67  ‖r‖=2.80e-05  ‖s‖=3.85e+00  ρ=8000.0  sp_max=11.509s  sp_med=6.184s
k= 12  obj=$8352.16  ‖r‖=3.28e-05  ‖s‖=3.81e+00  ρ=8000.0  sp_max=11.813s  sp_med=7.399s
k= 13  obj=$8321.75  ‖r‖=1.55e-05  ‖s‖=3.80e+00  ρ=8000.0  sp_max=11.040s  sp_med=6.114s
k= 14  obj=$8294.75  ‖r‖=1.97e-05  ‖s‖=3.72e+00  ρ=8000.0  sp_max=11.834s  sp_med=7.856s
[36;1m  [k= 15] ρ 8000.0 → 2000.0 (s/r=50276.1, ‖r‖ converged)
[0mk= 15  obj=$8255.48  ‖r‖=7.02e-05  ‖s‖=3.53e+00  ρ=2000.0  sp_max=9.937s  sp_med=6.493s
k= 16  obj=$8135.36  ‖r‖=1.73e-04  ‖s‖=3.00e+00  ρ=2000.0  sp_max=16.477s  sp_med=9.851s
k= 17  obj=$8094.77  ‖r‖=1.73e-04  ‖s‖=1.85e+00  ρ=2000.0  sp_max=15.973s  sp_med=8.002s
k= 18  obj=$8077.08  ‖r‖=1.60e-04  ‖s‖=1.15e+00  ρ=2000.0  sp_max=16.354s  sp_med=8.965s
k= 19  obj=$8074.11  ‖r‖=1.39e-04  ‖s‖=8.37e-01  ρ=2000.0  sp_max=13.069s  sp_med=7.591s
[36;1m  [k= 20] ρ 2000.0 → 500.0 (s/r=6847.3, ‖r‖ converged)
[0mk= 20  obj=$8093.78  ‖r‖=9.10e-05  ‖s‖=6.23e-01  ρ=500.0  sp_max=15.247s  sp_med=7.885s
      [Progress] 377.1s elapsed, 3 iters/min
k= 21  obj=$8209.99  ‖r‖=1.30e-04  ‖s‖=2.36e-01  ρ=500.0  sp_max=22.630s  sp_med=11.509s
k= 22  obj=$8223.24  ‖r‖=1.52e-04  ‖s‖=3.71e-02  ρ=500.0  sp_max=15.547s  sp_med=7.977s
k= 23  obj=$8176.04  ‖r‖=9.88e-05  ‖s‖=5.27e-02  ρ=500.0  sp_max=20.231s  sp_med=12.857s
k= 24  obj=$8138.46  ‖r‖=6.00e-05  ‖s‖=5.58e-02  ρ=500.0  sp_max=17.382s  sp_med=9.060s
[36;1m  [k= 25] ρ 500.0 → 125.0 (s/r=1347.7, ‖r‖ converged)
[0mk= 25  obj=$8118.25  ‖r‖=3.93e-05  ‖s‖=5.30e-02  ρ=125.0  sp_max=16.458s  sp_med=8.116s
k= 26  obj=$8064.28  ‖r‖=1.29e-04  ‖s‖=3.18e-02  ρ=125.0  sp_max=20.971s  sp_med=10.802s
k= 27  obj=$8051.61  ‖r‖=1.37e-04  ‖s‖=8.58e-03  ρ=125.0  sp_max=22.826s  sp_med=13.661s
k= 28  obj=$8073.76  ‖r‖=8.33e-05  ‖s‖=1.05e-02  ρ=125.0  sp_max=21.063s  sp_med=11.834s
k= 29  obj=$8104.64  ‖r‖=2.73e-05  ‖s‖=1.49e-02  ρ=125.0  sp_max=19.669s  sp_med=10.274s
[36;1m  [k= 30] ρ 125.0 → 31.2 (s/r=419.8, ‖r‖ converged)
[0mk= 30  obj=$8125.89  ‖r‖=2.70e-05  ‖s‖=1.14e-02  ρ=31.2  sp_max=20.030s  sp_med=9.863s
      [Progress] 625.0s elapsed, 3 iters/min
k= 31  obj=$8166.69  ‖r‖=1.07e-04  ‖s‖=5.97e-03  ρ=31.2  sp_max=19.629s  sp_med=10.273s
k= 32  obj=$8165.59  ‖r‖=1.09e-04  ‖s‖=5.99e-04  ρ=31.2  sp_max=20.550s  sp_med=10.605s
k= 33  obj=$8143.25  ‖r‖=6.28e-05  ‖s‖=2.98e-03  ρ=31.2  sp_max=18.686s  sp_med=11.024s
k= 34  obj=$8118.49  ‖r‖=1.36e-05  ‖s‖=3.56e-03  ρ=31.2  sp_max=19.149s  sp_med=11.164s
[36;1m  [k= 35] ρ 31.2 → 7.8 (s/r=98.6, ‖r‖ converged)
[0mk= 35  obj=$8105.56  ‖r‖=2.38e-05  ‖s‖=2.34e-03  ρ=7.8  sp_max=17.713s  sp_med=9.171s
k= 36  obj=$8079.61  ‖r‖=8.86e-05  ‖s‖=1.14e-03  ρ=7.8  sp_max=14.928s  sp_med=9.484s
k= 37  obj=$8128.94  ‖r‖=1.57e-04  ‖s‖=1.13e-03  ρ=7.8  sp_max=17.583s  sp_med=9.987s
k= 38  obj=$8092.43  ‖r‖=4.88e-05  ‖s‖=1.24e-03  ρ=7.8  sp_max=18.231s  sp_med=9.650s
k= 39  obj=$8082.96  ‖r‖=7.21e-05  ‖s‖=8.86e-04  ρ=7.8  sp_max=18.783s  sp_med=10.016s
[36;1m  [k= 40] ρ 7.8 → 2.0 (s/r=7.6, ‖r‖ converged)
[0mk= 40  obj=$8099.00  ‖r‖=6.30e-05  ‖s‖=4.81e-04  ρ=2.0  sp_max=17.152s  sp_med=9.481s
      [Progress] 854.5s elapsed, 3 iters/min
[32;1m🎉 tADMM converged at iteration 40 (‖r‖=6.30e-05 ≤ 1.00e-04, ‖s‖=4.81e-04 ≤ 5.00e-04)
  Final objective: $8099.00
[0m
================================================================================
[36;1m📊 SOLVER PERFORMANCE ANALYSIS (optimize!() times only)[0m
================================================================================
Iterations:       39
Effective time:   663.08 seconds
Wall-clock time:  855.21 seconds
Overhead:         22.5%
================================================================================

--- tADMM RESULT ---
[32;1mObjective: $8099.00
Wall-clock: 855.21 seconds
Effective:  663.08 seconds (40 iterations)
[0m
================================================================================
[36;1mVALIDATING tADMM SOLUTION[0m
================================================================================

================================================================================
SOLUTION VALIDATION: tADMM SOCP
================================================================================
✓ All constraints satisfied!
================================================================================
[32;1m✓ Convergence CSV: C:\repos_addendum\MultiPeriodDistOPF\envs\tadmm\processedData\ieee2552C_1ph_T24\convergence_data.csv[0m
[32;1m✓ Subproblem timing CSV: C:\repos_addendum\MultiPeriodDistOPF\envs\tadmm\processedData\ieee2552C_1ph_T24\subproblem_timing_details.csv[0m
[36;1mLoaded BF results from C:\repos_addendum\MultiPeriodDistOPF\envs\tadmm\processedData\ieee2552C_1ph_T24\results_socp_bf.txt[0m
[36;1mNear-optimal at k=20 (283.87s eff): obj=$8093.78, gap=0.264% vs BF, r=9.10e-05, s=6.23e-01[0m
[32;1m✓ Near-optimal summary: C:\repos_addendum\MultiPeriodDistOPF\envs\tadmm\processedData\ieee2552C_1ph_T24\near_optimal_summary.csv[0m
[32;1m✓ Solution saved: C:\repos_addendum\MultiPeriodDistOPF\envs\tadmm\processedData\ieee2552C_1ph_T24\sol_socp_tadmm.jls[0m
[32;1m✓ tADMM results written to C:\repos_addendum\MultiPeriodDistOPF\envs\tadmm\processedData\ieee2552C_1ph_T24\results_socp_tadmm.txt[0m
[32;1m✓ Live log trimmed to last 100 lines: C:\repos_addendum\MultiPeriodDistOPF\envs\tadmm\processedData\ieee2552C_1ph_T24\tadmm_run.log[0m

================================================================================
[35;1mtADMM PIPELINE COMPLETE[0m
================================================================================
