QUIET_WAIT waited_s=18 other_cores=0.78 timed_out=0

******************************************************************************
This program contains Ipopt, a library for large-scale nonlinear optimization.
 Ipopt is released as open source code under the Eclipse Public License (EPL).
         For more information visit https://github.com/coin-or/Ipopt
******************************************************************************

This is Ipopt version 3.14.19, running with linear solver MUMPS 5.9.0.

Number of nonzeros in equality constraint Jacobian...:   695247
Number of nonzeros in inequality constraint Jacobian.:   242016
Number of nonzeros in Lagrangian Hessian.............:   181761

Total number of variables............................:   260016
                     variables with only lower bounds:    60528
                variables with lower and upper bounds:    78456
                     variables with only upper bounds:        0
Total number of equality constraints.................:   187560
Total number of inequality constraints...............:    60504
        inequality constraints with only lower bounds:        0
   inequality constraints with lower and upper bounds:        0
        inequality constraints with only upper bounds:    60504

iter    objective    inf_pr   inf_du lg(mu)  ||d||  lg(rg) alpha_du alpha_pr  ls
   0  4.1810895e+02 1.98e-01 9.46e+00  -1.0 0.00e+00    -  0.00e+00 0.00e+00   0
   1  4.6651121e+02 1.97e-01 1.18e+01  -1.0 1.20e+01    -  8.33e-04 6.84e-03f  1
   2  7.0047775e+02 1.92e-01 1.38e+01  -1.0 6.48e+00    -  7.69e-03 2.46e-02f  1
   3  1.1972574e+03 1.82e-01 1.72e+01  -1.0 4.39e+00    -  7.47e-03 5.29e-02f  1
   4  1.4826170e+03 1.77e-01 2.19e+01  -1.0 7.86e+00    -  3.68e-03 2.66e-02f  1
   5  1.6110906e+03 1.74e-01 1.84e+01  -1.0 5.60e+00    -  4.07e-02 1.35e-02f  1
   6  2.9951257e+03 2.76e-01 6.86e+01  -1.0 3.14e+00    -  4.45e-02 1.60e-01f  1
   7  3.8887406e+03 2.82e-01 6.82e+01  -1.0 4.89e+00    -  1.06e-01 1.18e-01f  1
   8  5.4853176e+03 4.37e-01 6.08e+01  -1.0 5.71e+00    -  2.15e-01 2.36e-01f  1
   9  6.5830843e+03 4.38e-01 6.66e+01  -1.0 6.67e+00    -  4.33e-01 1.97e-01f  1
iter    objective    inf_pr   inf_du lg(mu)  ||d||  lg(rg) alpha_du alpha_pr  ls
  10  7.9635583e+03 4.33e-01 1.73e+02  -1.0 7.13e+00    -  5.34e-01 2.81e-01f  1
  11  9.2968577e+03 3.31e-01 2.11e+02  -1.0 7.46e+00    -  6.59e-01 3.32e-01f  1
  12  1.0459493e+04 1.95e-01 6.64e+01  -1.0 7.68e+00    -  2.11e-01 4.34e-01f  1
  13  1.1858017e+04 2.16e-04 1.57e+02  -1.0 6.86e+00    -  6.80e-01 9.90e-01h  1
  14  1.1802435e+04 2.26e-06 2.31e+02  -1.0 4.11e+01    -  4.92e-01 9.90e-01f  1
  15  1.1864256e+04 1.17e-08 1.10e+04  -1.0 4.39e+01    -  7.44e-01 9.95e-01f  1
  16  1.1881923e+04 7.24e-16 1.49e+06  -1.0 1.35e+02    -  6.60e-01 1.00e+00f  1
  17  1.1895056e+04 7.74e-16 9.07e+05  -1.0 1.93e+02    -  8.52e-01 1.00e+00f  1
  18  1.1903911e+04 7.96e-16 6.34e-02  -1.0 3.20e+02    -  1.00e+00 1.00e+00f  1
  19  1.1757225e+04 6.28e-16 3.66e+06  -3.8 6.47e+02    -  5.85e-01 9.90e-01f  1
iter    objective    inf_pr   inf_du lg(mu)  ||d||  lg(rg) alpha_du alpha_pr  ls
  20  1.1599548e+04 1.71e-15 2.59e+06  -3.8 6.40e+01    -  3.03e-01 6.67e-01f  1
  21  1.1329612e+04 3.58e-03 1.87e+06  -3.8 4.77e+01    -  2.84e-01 9.64e-01f  1
  22  1.1016873e+04 9.94e-03 1.32e+06  -3.8 2.93e+01    -  2.96e-01 1.00e+00f  1
  23  1.0693957e+04 1.88e-02 9.49e+05  -3.8 1.42e+01    -  2.81e-01 1.00e+00f  1
  24  1.0376023e+04 2.99e-02 5.48e+05  -3.8 9.57e+00    -  4.22e-01 1.00e+00f  1
  25  1.0099049e+04 4.81e-02 2.45e+05  -3.8 1.13e+01    -  5.53e-01 6.33e-01f  1
  26  9.8719042e+03 1.32e-01 2.24e+05  -3.8 1.90e+01    -  8.47e-02 3.03e-01f  1
  27  9.8139188e+03 1.31e-01 1.73e+05  -3.8 2.20e+01    -  2.30e-01 8.77e-02f  1
  28  9.7029543e+03 1.65e-01 1.35e+05  -3.8 2.73e+01    -  2.19e-01 1.58e-01f  1
  29  9.6097379e+03 1.70e-01 1.19e+05  -3.8 2.59e+01    -  1.20e-01 1.40e-01f  1
iter    objective    inf_pr   inf_du lg(mu)  ||d||  lg(rg) alpha_du alpha_pr  ls
  30  9.5359239e+03 1.60e-01 8.03e+04  -3.8 2.24e+01    -  3.23e-01 1.23e-01f  1
  31  9.3339424e+03 1.63e-01 7.12e+04  -3.8 2.11e+01    -  1.14e-01 3.52e-01f  1
  32  9.2909333e+03 1.49e-01 4.26e+04  -3.8 1.40e+01    -  4.01e-01 1.12e-01f  1
  33  9.1939907e+03 1.21e-01 2.93e+04  -3.8 1.26e+01    -  3.13e-01 2.74e-01f  1
  34  9.0966261e+03 8.05e-02 1.70e+04  -3.8 9.58e+00    -  4.20e-01 3.71e-01f  1
  35  9.0137130e+03 3.91e-02 6.45e+03  -3.8 6.31e+00    -  6.20e-01 4.95e-01f  1
  36  8.9487403e+03 4.20e-03 4.82e+00  -3.8 3.33e+00    -  1.00e+00 7.65e-01f  1
  37  8.9288995e+03 6.86e-16 7.83e-05  -3.8 7.60e-01    -  1.00e+00 1.00e+00h  1
  38  8.9290214e+03 7.76e-16 5.84e-06  -3.8 1.67e-02    -  1.00e+00 1.00e+00h  1
  39  8.8866903e+03 1.35e-03 6.40e+02  -5.7 3.07e+00    -  3.99e-01 4.47e-01f  1
iter    objective    inf_pr   inf_du lg(mu)  ||d||  lg(rg) alpha_du alpha_pr  ls
  40  8.8659534e+03 3.07e-03 1.21e+03  -5.7 1.70e+00    -  2.95e-01 3.96e-01f  1
  41  8.8564516e+03 2.81e-03 4.17e+02  -5.7 1.04e+00    -  3.78e-01 3.04e-01f  1
  42  8.8513707e+03 2.37e-03 4.03e+02  -5.7 7.32e-01    -  2.11e-01 2.35e-01h  1
  43  8.8460535e+03 2.33e-03 5.80e+02  -5.7 5.62e-01    -  2.14e-01 3.24e-01h  1
  44  8.8438791e+03 2.02e-03 3.19e+02  -5.7 3.81e-01    -  2.64e-01 1.98e-01h  1
  45  8.8414830e+03 1.71e-03 4.90e+02  -5.7 3.19e-01    -  1.15e-01 2.74e-01h  1
  46  8.8402779e+03 1.45e-03 5.20e+01  -5.7 2.50e-01    -  4.32e-01 1.92e-01h  1
  47  8.8389739e+03 1.17e-03 1.42e+01  -5.7 2.27e-01    -  2.90e-01 2.60e-01h  1
  48  8.8381030e+03 9.40e-04 4.80e+01  -5.7 1.80e-01    -  1.74e-01 2.38e-01h  1
  49  8.8368883e+03 6.34e-04 1.27e+02  -5.7 1.40e-01    -  2.29e-01 4.38e-01h  1
iter    objective    inf_pr   inf_du lg(mu)  ||d||  lg(rg) alpha_du alpha_pr  ls
  50  8.8358402e+03 2.73e-04 1.39e+02  -5.7 7.53e-02    -  4.17e-01 6.84e-01h  1
  51  8.8354947e+03 2.49e-05 1.35e+02  -5.7 1.80e-02    -  2.81e-01 7.47e-01h  1
  52  8.8353930e+03 8.56e-16 1.39e+01  -5.7 1.79e-02    -  8.98e-01 9.03e-01f  1
  53  8.8353828e+03 8.44e-16 1.03e-06  -5.7 3.51e-03    -  1.00e+00 1.00e+00h  1
  54  8.8349224e+03 1.20e-15 1.39e+01  -8.6 3.87e-02    -  5.23e-01 4.40e-01f  1
  55  8.8348273e+03 1.65e-15 3.20e+01  -8.6 2.17e-02    -  4.24e-01 1.68e-01h  1
  56  8.8345873e+03 2.56e-06 6.52e+00  -8.6 1.80e-02    -  3.23e-01 5.17e-01h  1
  57  8.8345057e+03 2.68e-06 9.25e+00  -8.6 1.08e-02    -  5.50e-01 3.82e-01h  1
  58  8.8344233e+03 2.40e-06 6.36e-01  -8.6 8.80e-03    -  3.84e-01 6.56e-01h  1
  59  8.8343963e+03 1.17e-06 2.02e+00  -8.6 4.80e-03    -  5.04e-01 7.17e-01h  1
iter    objective    inf_pr   inf_du lg(mu)  ||d||  lg(rg) alpha_du alpha_pr  ls
  60  8.8343905e+03 5.38e-07 2.02e+00  -8.6 2.74e-03    -  3.92e-01 7.42e-01h  1
  61  8.8343889e+03 8.32e-08 1.05e+00  -8.6 1.50e-03    -  5.97e-01 1.00e+00f  1
  62  8.8343889e+03 8.24e-16 1.77e-01  -8.6 6.46e-04    -  8.31e-01 1.00e+00h  1
  63  8.8343889e+03 1.00e-15 2.43e-07  -8.6 1.82e-04    -  1.00e+00 1.00e+00h  1
  64  8.8343889e+03 9.42e-16 1.44e-09  -8.6 7.70e-05    -  1.00e+00 1.00e+00h  1

Number of Iterations....: 64

                                   (scaled)                 (unscaled)
Objective...............:   1.6175710719146614e+03    8.8343889154636636e+03
Dual infeasibility......:   1.4352723034662227e-09    7.8387614297561731e-09
Constraint violation....:   9.4152116658641205e-16    9.4152116658641205e-16
Variable bound violation:   1.0862901245189960e-08    1.0862901245189960e-08
Complementarity.........:   2.9021411920407106e-09    1.5850088087769403e-08
Overall NLP error.......:   2.9021411920407106e-09    1.5850088087769403e-08


Number of objective function evaluations             = 65
Number of objective gradient evaluations             = 65
Number of equality constraint evaluations            = 65
Number of inequality constraint evaluations          = 65
Number of equality constraint Jacobian evaluations   = 65
Number of inequality constraint Jacobian evaluations = 65
Number of Lagrangian Hessian evaluations             = 64
Total seconds in IPOPT (w/o function evaluations)    =     41.868
Total seconds in NLP function evaluations            =      2.006


Timing Statistics:

OverallAlgorithm....................:     43.876 (sys:      0.000 wall:     43.874)
 PrintProblemStatistics.............:      0.001 (sys:      0.000 wall:      0.003)
 InitializeIterates.................:      1.643 (sys:      0.000 wall:      1.641)
 UpdateHessian......................:      0.368 (sys:      0.000 wall:      0.399)
 OutputIteration....................:      0.004 (sys:      0.000 wall:      0.007)
 UpdateBarrierParameter.............:      0.069 (sys:      0.000 wall:      0.079)
 ComputeSearchDirection.............:     38.190 (sys:      0.000 wall:     38.178)
 ComputeAcceptableTrialPoint........:      1.943 (sys:      0.000 wall:      1.966)
 AcceptTrialPoint...................:      0.114 (sys:      0.000 wall:      0.108)
 CheckConvergence...................:      1.537 (sys:      0.000 wall:      1.493)
PDSystemSolverTotal.................:     38.040 (sys:      0.000 wall:     38.006)
 PDSystemSolverSolveOnce............:     36.607 (sys:      0.000 wall:     36.605)
 ComputeResiduals...................:      0.981 (sys:      0.000 wall:      0.995)
 StdAugSystemSolverMultiSolve.......:     37.682 (sys:      0.000 wall:     37.681)
 LinearSystemScaling................:      0.000 (sys:      0.000 wall:      0.000)
 LinearSystemSymbolicFactorization..:      1.091 (sys:      0.000 wall:      1.091)
 LinearSystemFactorization..........:      0.000 (sys:      0.000 wall:      0.000)
 LinearSystemBackSolve..............:     12.570 (sys:      0.000 wall:     12.571)
 LinearSystemStructureConverter.....:      0.000 (sys:      0.000 wall:      0.000)
  LinearSystemStructureConverterInit:      0.000 (sys:      0.000 wall:      0.000)
QualityFunctionSearch...............:      0.000 (sys:      0.000 wall:      0.000)
TryCorrector........................:      0.000 (sys:      0.000 wall:      0.000)
Task1...............................:      0.000 (sys:      0.000 wall:      0.000)
Task2...............................:      0.000 (sys:      0.000 wall:      0.000)
Task3...............................:      0.000 (sys:      0.000 wall:      0.000)
Task4...............................:      0.000 (sys:      0.000 wall:      0.000)
Task5...............................:      0.000 (sys:      0.000 wall:      0.000)
Task6...............................:      0.000 (sys:      0.000 wall:      0.000)
Function Evaluations................:      2.019 (sys:      0.000 wall:      2.006)
 Objective function.................:      0.000 (sys:      0.000 wall:      0.001)
 Objective function gradient........:      0.037 (sys:      0.000 wall:      0.033)
 Equality constraints...............:      0.743 (sys:      0.000 wall:      0.754)
 Inequality constraints.............:      0.034 (sys:      0.000 wall:      0.022)
 Equality constraint Jacobian.......:      0.112 (sys:      0.000 wall:      0.135)
 Inequality constraint Jacobian.....:      0.725 (sys:      0.000 wall:      0.670)
 Lagrangian Hessian.................:      0.368 (sys:      0.000 wall:      0.390)

EXIT: Optimal Solution Found.
CENTRAL_IPOPT system=ieee2522C_1ph T=24 profile=periodic C_B=0.000000e+00 gamma=3.290000e+04 status=LOCALLY_SOLVED iterations=64 objective=8834.388915463664 solve_time_s=44.058 build_s=8.530 wall_s=55.170 variables=260016 solver=3.14.19
CENTRAL_IPOPT_BATTERY at_power_limit=0.171 mean_utilization=0.343 energy_window_used=1.000 throughput_pu_h=1.089178e+01 energy_term=8.807363e+03 cb_term=0.000000e+00 terminal_term=2.702545e+01
