QUIET_WAIT waited_s=18 other_cores=1.00 timed_out=0

******************************************************************************
This program contains Ipopt, a library for large-scale nonlinear optimization.
 Ipopt is released as open source code under the Eclipse Public License (EPL).
         For more information visit https://github.com/coin-or/Ipopt
******************************************************************************

This is Ipopt version 3.14.19, running with linear solver MUMPS 5.9.0.

Number of nonzeros in equality constraint Jacobian...:  2845980
Number of nonzeros in inequality constraint Jacobian.:   990720
Number of nonzeros in Lagrangian Hessian.............:   744060

Total number of variables............................:  1064280
                     variables with only lower bounds:   247704
                variables with lower and upper bounds:   321192
                     variables with only upper bounds:        0
Total number of equality constraints.................:   767592
Total number of inequality constraints...............:   247680
        inequality constraints with only lower bounds:        0
   inequality constraints with lower and upper bounds:        0
        inequality constraints with only upper bounds:   247680

iter    objective    inf_pr   inf_du lg(mu)  ||d||  lg(rg) alpha_du alpha_pr  ls
   0  1.2375691e+05 6.40e-01 5.63e+01  -1.0 0.00e+00    -  0.00e+00 0.00e+00   0
   1  1.2821351e+05 6.40e-01 6.22e+01  -1.0 2.43e+02    -  4.08e-05 5.21e-04h  1
   2  1.2982964e+05 6.39e-01 6.34e+01  -1.0 1.15e+03    -  1.10e-04 4.17e-04f  1
   3  7.1890879e+05 5.29e+00 4.33e+02  -1.0 1.03e+03    -  2.21e-04 1.92e-01f  3
   4  7.1963449e+05 5.29e+00 4.33e+02  -1.0 1.14e+04    -  3.43e-03 1.96e-04h  1
   5  7.2140916e+05 5.29e+00 4.32e+02  -1.0 1.07e+04    -  5.46e-04 6.01e-04h  1
   6  7.2489984e+05 5.28e+00 4.32e+02  -1.0 5.45e+03    -  5.10e-04 1.22e-03h  1
   7  7.3082166e+05 5.27e+00 4.31e+02  -1.0 5.41e+03    -  9.50e-04 2.24e-03h  1
   8  7.4016389e+05 5.25e+00 4.34e+02  -1.0 5.54e+03    -  2.01e-03 3.80e-03h  1
   9  7.4649005e+05 5.24e+00 4.28e+02  -1.0 4.58e+03    -  3.99e-03 2.59e-03f  1
iter    objective    inf_pr   inf_du lg(mu)  ||d||  lg(rg) alpha_du alpha_pr  ls
  10  7.6037600e+05 5.21e+00 4.27e+02  -1.0 3.15e+03    -  4.15e-03 5.65e-03f  1
  11  7.9646362e+05 5.14e+00 4.39e+02  -1.0 1.99e+03    -  7.52e-03 1.47e-02h  1
  12  8.6308749e+05 5.04e+00 4.46e+02  -1.0 1.37e+03    -  1.41e-02 2.77e-02h  1
  13  8.7417145e+05 5.02e+00 4.10e+02  -1.0 7.66e+02   0.0 2.02e-02 4.71e-03h  1
  14  9.5368512e+05 4.91e+00 4.04e+02  -1.0 7.77e+02  -0.5 2.93e-02 3.41e-02h  1
  15  9.8825611e+05 4.85e+00 3.98e+02  -1.0 9.75e+02    -  3.57e-02 1.54e-02h  3
  16  1.0029002e+06 4.82e+00 3.95e+02  -1.0 9.56e+02    -  6.43e-02 6.63e-03h  5
  17  1.0129715e+06 4.80e+00 3.93e+02  -1.0 9.50e+02    -  7.34e-02 4.59e-03h  6
  18  1.0194527e+06 4.78e+00 3.92e+02  -1.0 9.47e+02    -  1.02e-01 2.97e-03h  7
  19  1.1961439e+06 4.72e+00 3.60e+02  -1.0 9.45e+02    -  8.11e-02 8.11e-02s 20
iter    objective    inf_pr   inf_du lg(mu)  ||d||  lg(rg) alpha_du alpha_pr  ls
  20  1.5719376e+06 5.30e+00 4.09e+02  -1.0 8.59e+02    -  1.87e-01 1.87e-01s 20
  21  1.8234459e+06 5.26e+00 5.61e+02  -1.0 6.76e+02    -  1.54e-01 1.54e-01s 20
  22  2.0372544e+06 5.26e+00 6.48e+02  -1.0 5.63e+02    -  1.55e-01 1.55e-01s 20
  23  2.1208928e+06 4.99e+00 6.30e+02  -1.0 4.73e+02    -  7.18e-02 7.18e-02s 20
  24  2.1782589e+06 4.78e+00 6.11e+02  -1.0 4.39e+02    -  5.31e-02 5.31e-02s 20
  25  2.2506449e+06 4.52e+00 5.91e+02  -1.0 4.16e+02    -  7.09e-02 7.09e-02s 20
  26  2.3083002e+06 4.29e+00 5.70e+02  -1.0 3.87e+02    -  6.11e-02 6.11e-02s 20
  27  2.3768740e+06 4.02e+00 5.48e+02  -1.0 3.65e+02    -  7.77e-02 7.77e-02s 20
  28  2.4397077e+06 3.76e+00 5.25e+02  -1.0 3.38e+02    -  7.77e-02 7.77e-02s 20
  29  2.4951930e+06 3.51e+00 5.01e+02  -1.0 3.14e+02    -  7.48e-02 7.48e-02s 20
iter    objective    inf_pr   inf_du lg(mu)  ||d||  lg(rg) alpha_du alpha_pr  ls
  30r 2.4951930e+06 3.51e+00 9.99e+02   0.6 0.00e+00    -  0.00e+00 0.00e+00R  1
  31r 2.4976102e+06 8.01e-01 9.97e+02   0.6 3.61e+03    -  6.39e-02 9.91e-04f  1
  32r 2.6820418e+06 8.73e-01 9.28e+02   0.6 1.12e+03    -  1.39e-01 6.47e-02f  1
  33  2.7998880e+06 1.18e+00 2.78e+02  -1.0 4.27e+02    -  7.28e-02 2.66e-01H  1
  34  2.8885323e+06 1.11e+00 2.40e+02  -1.0 2.70e+02    -  1.26e-01 2.72e-01h  1
  35  2.9423849e+06 1.80e+00 1.98e+02  -1.0 1.05e+02  -1.0 1.77e-01 1.77e-01h  1
  36  2.9949744e+06 1.11e+00 1.89e+02  -1.0 1.36e+02    -  1.11e-01 3.02e-01h  1
  37  3.0373114e+06 4.27e-01 1.71e+02  -1.0 1.34e+02    -  1.62e-01 4.04e-01h  1
  38  3.0434065e+06 2.87e-01 1.41e+02  -1.0 2.17e+02    -  1.67e-01 1.18e-01f  1
  39  3.0477791e+06 1.71e-01 1.03e+02  -1.0 2.74e+02    -  2.42e-01 1.01e-01f  1
iter    objective    inf_pr   inf_du lg(mu)  ||d||  lg(rg) alpha_du alpha_pr  ls
  40  3.0560172e+06 3.34e-01 9.23e+01  -1.0 3.08e+02    -  1.27e-01 2.13e-01f  1
  41  3.0606822e+06 2.61e-01 8.37e+01  -1.0 3.16e+02    -  1.04e-01 1.53e-01f  1
  42  3.0664532e+06 9.31e-03 7.90e+01  -1.0 2.84e+02    -  7.94e-02 2.09e-01f  1
  43  3.0722194e+06 4.13e-03 7.36e+01  -1.0 1.76e+02    -  8.74e-02 2.21e-01f  1
  44  3.0821796e+06 2.63e-03 6.56e+01  -1.0 1.33e+02    -  1.31e-01 3.65e-01f  1
  45  3.0929154e+06 1.53e-03 5.17e+01  -1.0 1.05e+02    -  2.11e-01 4.16e-01f  1
  46  3.0994340e+06 1.07e-03 3.94e+01  -1.0 8.26e+01    -  1.47e-01 3.01e-01f  1
  47  3.1083159e+06 5.97e-04 3.24e+01  -1.0 5.92e+01    -  2.30e-01 4.43e-01f  1
  48  3.1207178e+06 2.21e-04 5.22e+01  -1.0 3.90e+01    -  4.03e-01 6.30e-01f  1
  49  3.1273382e+06 1.63e-04 5.48e+01  -1.0 4.12e+01    -  4.55e-01 2.64e-01f  1
iter    objective    inf_pr   inf_du lg(mu)  ||d||  lg(rg) alpha_du alpha_pr  ls
  50  3.1475935e+06 8.00e-05 2.36e+02  -1.0 4.17e+01    -  8.29e-01 5.08e-01f  1
  51  3.2607391e+06 7.89e-07 1.02e+03  -1.0 1.72e+02    -  2.53e-01 9.90e-01f  1
  52  3.3183281e+06 6.25e-13 3.10e+04  -1.0 1.20e+02    -  7.65e-01 1.00e+00f  1
  53  3.3517289e+06 8.81e-13 4.12e+06  -1.0 5.60e+02    -  5.40e-01 1.00e+00f  1
  54  3.3571607e+06 9.89e-13 1.57e+06  -1.0 1.11e+03    -  6.18e-01 1.00e+00f  1
  55  3.3577136e+06 1.71e-12 6.23e+05  -1.0 2.76e+03    -  6.04e-01 1.00e+00f  1
  56  3.3579741e+06 8.10e-13 2.12e+05  -1.0 5.71e+03    -  6.59e-01 1.00e+00f  1
  57  3.3584243e+06 7.96e-13 6.02e+04  -1.0 1.15e+04    -  7.17e-01 1.00e+00f  1
  58  3.3589661e+06 7.62e-13 7.63e+03  -1.0 1.67e+04    -  8.73e-01 1.00e+00f  1
  59  3.3592356e+06 5.77e-13 2.68e+00  -1.0 1.27e+04    -  1.00e+00 1.00e+00f  1
iter    objective    inf_pr   inf_du lg(mu)  ||d||  lg(rg) alpha_du alpha_pr  ls
  60  3.1726756e+06 6.31e-13 1.14e+06  -1.7 2.03e+04    -  9.41e-01 7.83e-01f  1
  61  3.1270646e+06 9.38e-13 2.02e-01  -1.7 1.61e+04    -  1.00e+00 1.00e+00f  1
  62  3.1279094e+06 1.11e-12 5.24e-03  -1.7 5.86e+02    -  1.00e+00 1.00e+00h  1
  63  3.0842806e+06 5.56e-13 1.02e+05  -2.5 1.16e+04    -  8.53e-01 9.19e-01f  1
  64  3.0818559e+06 9.24e-13 4.57e-03  -2.5 2.61e+03    -  1.00e+00 1.00e+00f  1
  65  3.0819263e+06 4.22e-13 5.67e-05  -2.5 5.66e+01    -  1.00e+00 1.00e+00h  1
  66  3.0762013e+06 2.83e-02 8.67e+03  -3.8 2.38e+03    -  8.31e-01 8.66e-01f  1
  67  3.0758023e+06 6.20e-13 7.56e-03  -3.8 3.63e+02    -  1.00e+00 1.00e+00f  1
  68  3.0758325e+06 9.49e-13 1.48e-03  -3.8 3.52e+01    -  1.00e+00 1.00e+00h  1
  69  3.0756010e+06 6.18e-05 1.06e+03  -5.7 1.19e+02    -  9.19e-01 8.40e-01f  1
iter    objective    inf_pr   inf_du lg(mu)  ||d||  lg(rg) alpha_du alpha_pr  ls
  70  3.0755794e+06 6.16e-05 4.91e+02  -5.7 1.08e+01    -  9.56e-01 7.50e-01f  1
  71  3.0755732e+06 3.62e-05 6.25e+00  -5.7 7.30e-01    -  1.00e+00 9.88e-01h  1
  72  3.0755733e+06 1.35e-12 2.10e-06  -5.7 4.86e-02    -  1.00e+00 1.00e+00h  1
  73  3.0755710e+06 7.04e-08 1.59e+01  -8.6 8.84e-01    -  9.30e-01 8.35e-01f  1
  74  3.0755707e+06 2.80e-07 7.78e+00  -8.6 1.78e-01    -  9.49e-01 6.96e-01f  1
  75  3.0755706e+06 8.35e-08 1.86e+00  -8.6 3.06e-01    -  1.00e+00 7.78e-01h  1
  76  3.0755705e+06 1.78e-08 1.62e-01  -8.6 1.49e-01    -  1.00e+00 9.13e-01f  1
  77  3.0755705e+06 7.23e-13 8.81e-09  -8.6 1.90e-02    -  1.00e+00 1.00e+00f  1

Number of Iterations....: 77

                                   (scaled)                 (unscaled)
Objective...............:   5.6329130633599288e+05    3.0755705325945215e+06
Dual infeasibility......:   8.8123317885196691e-09    4.8115331565317393e-08
Constraint violation....:   7.2297723363590194e-13    7.2297723363590194e-13
Variable bound violation:   1.8059629347533246e-08    1.8059629347533246e-08
Complementarity.........:   2.6414042416374916e-09    1.4422067159340705e-08
Overall NLP error.......:   8.8123317885196691e-09    4.8115331565317393e-08


Number of objective function evaluations             = 127
Number of objective gradient evaluations             = 76
Number of equality constraint evaluations            = 127
Number of inequality constraint evaluations          = 127
Number of equality constraint Jacobian evaluations   = 78
Number of inequality constraint Jacobian evaluations = 78
Number of Lagrangian Hessian evaluations             = 77
Total seconds in IPOPT (w/o function evaluations)    =    293.070
Total seconds in NLP function evaluations            =     12.664


Timing Statistics:

OverallAlgorithm....................:    305.732 (sys:      0.000 wall:    305.734)
 PrintProblemStatistics.............:      0.013 (sys:      0.000 wall:      0.012)
 InitializeIterates.................:     55.469 (sys:      0.000 wall:     55.472)
 UpdateHessian......................:      1.888 (sys:      0.000 wall:      1.896)
 OutputIteration....................:      0.004 (sys:      0.000 wall:      0.007)
 UpdateBarrierParameter.............:      0.445 (sys:      0.000 wall:      0.434)
 ComputeSearchDirection.............:    213.975 (sys:      0.000 wall:    213.988)
 ComputeAcceptableTrialPoint........:     27.202 (sys:      0.000 wall:     27.184)
 AcceptTrialPoint...................:      0.481 (sys:      0.000 wall:      0.507)
 CheckConvergence...................:      6.255 (sys:      0.000 wall:      6.233)
PDSystemSolverTotal.................:    218.272 (sys:      0.000 wall:    218.283)
 PDSystemSolverSolveOnce............:    210.669 (sys:      0.000 wall:    210.697)
 ComputeResiduals...................:      5.369 (sys:      0.000 wall:      5.409)
 StdAugSystemSolverMultiSolve.......:    268.010 (sys:      0.000 wall:    268.021)
 LinearSystemScaling................:      0.000 (sys:      0.000 wall:      0.000)
 LinearSystemSymbolicFactorization..:     52.984 (sys:      0.000 wall:     52.985)
 LinearSystemFactorization..........:      0.000 (sys:      0.000 wall:      0.000)
 LinearSystemBackSolve..............:     71.191 (sys:      0.000 wall:     71.173)
 LinearSystemStructureConverter.....:      0.000 (sys:      0.000 wall:      0.000)
  LinearSystemStructureConverterInit:      0.000 (sys:      0.000 wall:      0.000)
QualityFunctionSearch...............:      0.000 (sys:      0.000 wall:      0.000)
TryCorrector........................:      0.000 (sys:      0.000 wall:      0.000)
Task1...............................:      0.000 (sys:      0.000 wall:      0.000)
Task2...............................:      0.000 (sys:      0.000 wall:      0.000)
Task3...............................:      0.000 (sys:      0.000 wall:      0.000)
Task4...............................:      0.000 (sys:      0.000 wall:      0.000)
Task5...............................:      0.000 (sys:      0.000 wall:      0.000)
Task6...............................:      0.000 (sys:      0.000 wall:      0.000)
Function Evaluations................:     12.673 (sys:      0.000 wall:     12.664)
 Objective function.................:      0.036 (sys:      0.000 wall:      0.039)
 Objective function gradient........:      0.116 (sys:      0.000 wall:      0.139)
 Equality constraints...............:      6.424 (sys:      0.000 wall:      6.419)
 Inequality constraints.............:      0.153 (sys:      0.000 wall:      0.126)
 Equality constraint Jacobian.......:      0.577 (sys:      0.000 wall:      0.589)
 Inequality constraint Jacobian.....:      3.493 (sys:      0.000 wall:      3.476)
 Lagrangian Hessian.................:      1.874 (sys:      0.000 wall:      1.876)

EXIT: Optimal Solution Found.
CENTRAL_IPOPT system=large10kC_1ph T=24 profile=periodic C_B=0.000000e+00 gamma=4.200000e+02 status=LOCALLY_SOLVED iterations=77 objective=3075570.532594521530 solve_time_s=306.187 build_s=23.662 wall_s=334.780 variables=1064280 solver=3.14.19
CENTRAL_IPOPT_BATTERY at_power_limit=0.167 mean_utilization=0.338 energy_window_used=1.000 throughput_pu_h=3.449868e+03 energy_term=3.068075e+06 cb_term=0.000000e+00 terminal_term=7.495829e+03
