QUIET_WAIT waited_s=18 other_cores=0.72 timed_out=0

******************************************************************************
This program contains Ipopt, a library for large-scale nonlinear optimization.
 Ipopt is released as open source code under the Eclipse Public License (EPL).
         For more information visit https://github.com/coin-or/Ipopt
******************************************************************************

This is Ipopt version 3.14.19, running with linear solver MUMPS 5.9.0.

Number of nonzeros in equality constraint Jacobian...:  5692980
Number of nonzeros in inequality constraint Jacobian.:  1981440
Number of nonzeros in Lagrangian Hessian.............:  1487100

Total number of variables............................:  2128560
                     variables with only lower bounds:   495408
                variables with lower and upper bounds:   642384
                     variables with only upper bounds:        0
Total number of equality constraints.................:  1535184
Total number of inequality constraints...............:   495360
        inequality constraints with only lower bounds:        0
   inequality constraints with lower and upper bounds:        0
        inequality constraints with only upper bounds:   495360

iter    objective    inf_pr   inf_du lg(mu)  ||d||  lg(rg) alpha_du alpha_pr  ls
   0  1.2375691e+05 6.40e-01 2.87e+01  -1.0 0.00e+00    -  0.00e+00 0.00e+00   0
   1  1.2818954e+05 6.40e-01 3.41e+01  -1.0 2.29e+02    -  4.32e-05 5.12e-04h  1
   2  1.2950455e+05 6.39e-01 3.49e+01  -1.0 1.18e+03    -  1.02e-04 3.24e-04f  1
   3  1.3044191e+05 6.39e-01 3.50e+01  -1.0 1.04e+03    -  1.73e-04 3.03e-04f  1
   4  1.0661049e+06 1.32e+01 3.29e+02  -1.0 1.06e+03    -  2.06e-04 3.04e-01f  1
   5  1.0680461e+06 1.32e+01 3.26e+02  -1.0 1.25e+04    -  2.13e-03 4.20e-04h  1
   6  1.0686899e+06 1.32e+01 3.26e+02  -1.0 1.14e+04    -  6.44e-04 1.77e-04h  1
   7  1.0698441e+06 1.32e+01 3.26e+02  -1.0 1.15e+04    -  4.13e-04 3.58e-04h  1
   8  1.0719737e+06 1.32e+01 3.26e+02  -1.0 1.01e+04    -  4.52e-04 7.32e-04f  1
   9  1.0755800e+06 1.32e+01 3.87e+02  -1.0 1.29e+04    -  5.71e-04 1.42e-03f  1
iter    objective    inf_pr   inf_du lg(mu)  ||d||  lg(rg) alpha_du alpha_pr  ls
  10  1.0793942e+06 1.32e+01 4.20e+02  -1.0 1.39e+04    -  1.10e-03 1.77e-03f  1
  11  1.0828146e+06 1.31e+01 4.22e+02  -1.0 1.25e+04    -  1.56e-03 1.66e-03f  1
  12  1.0870155e+06 1.31e+01 4.27e+02  -1.0 1.04e+04    -  1.77e-03 2.05e-03f  1
  13  1.0914587e+06 1.31e+01 4.32e+02  -1.0 8.09e+03    -  1.76e-03 2.18e-03f  1
  14  1.0953120e+06 1.31e+01 4.20e+02  -1.0 6.17e+03    -  2.92e-03 1.90e-03f  1
  15  1.1034571e+06 1.30e+01 4.12e+02  -1.0 4.52e+03    -  4.71e-03 4.02e-03f  1
  16  1.1103649e+06 1.30e+01 3.91e+02  -1.0 2.90e+03    -  6.28e-03 3.40e-03f  1
  17  1.1365151e+06 1.28e+01 4.22e+02  -1.0 2.10e+03    -  5.66e-03 1.28e-02f  1
  18  1.1570950e+06 1.27e+01 4.04e+02  -1.0 1.67e+03    -  1.39e-02 1.01e-02f  1
  19  1.1851865e+06 1.25e+01 4.08e+02  -1.0 1.47e+03    -  9.89e-03 1.38e-02f  1
iter    objective    inf_pr   inf_du lg(mu)  ||d||  lg(rg) alpha_du alpha_pr  ls
  20  1.2042198e+06 1.24e+01 3.92e+02  -1.0 1.37e+03    -  1.55e-02 9.48e-03f  1
  21  1.2382794e+06 1.22e+01 3.89e+02  -1.0 1.31e+03    -  1.48e-02 1.71e-02f  1
  22  1.2966282e+06 1.19e+01 3.94e+02  -1.0 1.25e+03    -  2.00e-02 2.98e-02f  1
  23  1.3299608e+06 1.17e+01 3.73e+02  -1.0 1.17e+03    -  2.73e-02 1.75e-02f  1
  24  1.3753920e+06 1.14e+01 3.59e+02  -1.0 1.13e+03    -  2.85e-02 2.43e-02f  1
  25  1.4396089e+06 1.10e+01 3.56e+02  -1.0 1.08e+03    -  2.61e-02 3.52e-02f  1
  26  1.5213210e+06 1.06e+01 3.55e+02  -1.0 1.02e+03    -  2.91e-02 4.63e-02h  1
  27  1.5978653e+06 1.01e+01 3.38e+02  -1.0 9.48e+02    -  4.75e-02 4.55e-02h  1
  28  1.7342871e+06 9.44e+00 3.28e+02  -1.0 8.83e+02    -  4.72e-02 8.49e-02h  1
  29  1.9043785e+06 8.60e+00 3.34e+02  -1.0 7.77e+02    -  8.33e-02 1.16e-01h  1
iter    objective    inf_pr   inf_du lg(mu)  ||d||  lg(rg) alpha_du alpha_pr  ls
  30  2.0558556e+06 7.79e+00 4.33e+02  -1.0 6.51e+02    -  8.90e-02 1.16e-01h  1
  31  2.1935217e+06 7.02e+00 5.00e+02  -1.0 5.49e+02    -  2.11e-01 1.19e-01h  1
  32  2.3479555e+06 6.13e+00 5.80e+02  -1.0 4.62e+02    -  1.59e-01 1.52e-01h  1
  33  2.4857551e+06 5.29e+00 6.17e+02  -1.0 3.73e+02    -  1.41e-01 1.60e-01h  1
  34  2.6610213e+06 4.22e+00 6.87e+02  -1.0 2.99e+02    -  5.51e-02 2.42e-01h  1
  35  2.8189179e+06 3.14e+00 6.80e+02  -1.0 2.18e+02    -  9.97e-02 2.90e-01h  1
  36  2.9923524e+06 1.86e+00 6.32e+02  -1.0 1.60e+02    -  9.91e-02 4.56e-01h  1
  37  3.1425515e+06 4.35e-01 4.60e+02  -1.0 1.01e+02    -  1.50e-01 7.61e-01h  1
  38  3.1625862e+06 3.09e-03 4.51e+02  -1.0 7.00e+01    -  1.46e-01 7.05e-01f  1
  39  3.1609890e+06 2.58e-03 3.75e+02  -1.0 1.89e+01  -2.0 1.68e-01 1.63e-01f  1
iter    objective    inf_pr   inf_du lg(mu)  ||d||  lg(rg) alpha_du alpha_pr  ls
  40  3.1522550e+06 1.97e-03 3.34e+02  -1.0 1.27e+02    -  1.18e-01 2.37e-01f  1
  41  3.1425998e+06 1.53e-03 2.79e+02  -1.0 1.40e+02    -  1.68e-01 2.25e-01f  1
  42  3.1362876e+06 3.52e-01 2.27e+02  -1.0 1.88e+02    -  1.84e-01 1.56e-01f  1
  43  3.1265762e+06 6.09e-04 2.11e+02  -1.0 4.71e+01  -2.5 9.35e-02 5.28e-01f  1
  44  3.1241867e+06 5.27e-04 1.52e+02  -1.0 2.89e+02    -  2.79e-01 1.35e-01f  1
  45  3.1212203e+06 2.90e-01 1.33e+02  -1.0 2.68e+02    -  1.27e-01 1.78e-01f  1
  46  3.1192892e+06 3.37e-01 1.16e+02  -1.0 2.31e+02    -  1.28e-01 1.48e-01f  1
  47  3.1162508e+06 4.40e-01 2.14e+02  -1.0 1.98e+02    -  1.30e-01 3.30e-01f  1
  48  3.1157595e+06 1.72e-04 4.26e+02  -1.0 1.33e+02    -  9.23e-02 3.04e-01f  1
  49  3.1172581e+06 9.67e-05 7.99e+02  -1.0 7.53e+01    -  1.40e-01 4.38e-01f  1
iter    objective    inf_pr   inf_du lg(mu)  ||d||  lg(rg) alpha_du alpha_pr  ls
  50  3.1199783e+06 6.55e-05 8.23e+02  -1.0 4.27e+01    -  2.39e-01 3.23e-01f  1
  51  3.1258825e+06 3.38e-05 2.10e+03  -1.0 3.32e+01    -  1.44e-01 4.84e-01f  1
  52  3.1325665e+06 1.84e-05 2.97e+03  -1.0 2.24e+01    -  2.65e-01 4.57e-01f  1
  53  3.1431588e+06 8.51e-06 4.81e+02  -1.0 2.38e+01    -  5.96e-01 5.36e-01f  1
  54  3.1764484e+06 2.35e-06 1.46e+02  -1.0 3.58e+01    -  7.23e-01 7.24e-01f  1
  55  3.3036330e+06 1.00e-12 3.36e+04  -1.0 6.53e+01    -  7.51e-01 1.00e+00f  1
  56  3.5102588e+06 9.09e-13 4.86e+06  -1.0 3.54e+02    -  4.55e-01 1.00e+00f  1
  57  3.6163069e+06 1.16e-12 1.85e+06  -1.0 4.89e+02    -  6.19e-01 1.00e+00f  1
  58  3.6540698e+06 1.03e-12 7.64e+05  -1.0 1.34e+03    -  5.88e-01 1.00e+00f  1
  59  3.6602090e+06 1.06e-12 3.10e+05  -1.0 2.95e+03    -  5.95e-01 1.00e+00f  1
iter    objective    inf_pr   inf_du lg(mu)  ||d||  lg(rg) alpha_du alpha_pr  ls
  60  3.6609148e+06 1.08e-12 1.13e+05  -1.0 6.43e+03    -  6.36e-01 1.00e+00f  1
  61  3.6615050e+06 1.29e-12 3.45e+04  -1.0 1.33e+04    -  6.94e-01 1.00e+00f  1
  62  3.6623158e+06 1.30e-12 4.11e+03  -1.0 2.15e+04    -  8.81e-01 1.00e+00f  1
  63  3.6629047e+06 1.32e-12 3.34e+00  -1.0 1.98e+04    -  1.00e+00 1.00e+00f  1
  64  3.6629620e+06 1.36e-12 7.36e-02  -1.0 2.48e+03    -  1.00e+00 1.00e+00f  1
  65  3.3053849e+06 9.49e-13 6.96e+05  -2.5 2.55e+04    -  6.71e-01 5.92e-01f  1
  66  3.1664169e+06 5.77e-13 5.69e+05  -2.5 3.13e+04    -  7.16e-01 6.13e-01f  1
  67  3.1092286e+06 7.82e-13 2.94e+05  -2.5 2.52e+04    -  8.54e-01 7.03e-01f  1
  68  3.0912061e+06 8.44e-13 7.69e+04  -2.5 1.11e+04    -  1.00e+00 8.14e-01f  1
  69  3.0876411e+06 9.27e-13 1.42e-03  -2.5 2.32e+03    -  1.00e+00 1.00e+00h  1
iter    objective    inf_pr   inf_du lg(mu)  ||d||  lg(rg) alpha_du alpha_pr  ls
  70  3.0876894e+06 8.63e-13 4.41e-06  -2.5 2.30e+00    -  1.00e+00 1.00e+00h  1
  71  3.0760920e+06 3.92e-02 7.06e+02  -3.8 4.54e+03    -  8.32e-01 8.29e-01f  1
  72  3.0745306e+06 7.11e-03 7.07e+03  -3.8 9.83e+02    -  7.91e-01 9.64e-01f  1
  73  3.0746297e+06 9.61e-13 2.41e-04  -3.8 3.70e+01    -  1.00e+00 1.00e+00f  1
  74  3.0746144e+06 1.05e-12 1.50e-06  -3.8 2.62e+00    -  1.00e+00 1.00e+00h  1
  75  3.0741378e+06 7.89e-04 9.12e+02  -5.7 2.58e+02    -  7.47e-01 8.14e-01f  1
  76  3.0740875e+06 1.79e-03 6.71e+02  -5.7 3.40e+01    -  5.94e-01 7.15e-01f  1
  77  3.0740738e+06 6.46e-04 2.26e+02  -5.7 6.68e+00    -  7.52e-01 8.37e-01h  1
  78  3.0740717e+06 1.06e-12 1.96e+01  -5.7 1.20e+00    -  9.43e-01 1.00e+00h  1
  79  3.0740717e+06 1.28e-12 1.40e-06  -5.7 3.33e-01    -  1.00e+00 1.00e+00h  1
iter    objective    inf_pr   inf_du lg(mu)  ||d||  lg(rg) alpha_du alpha_pr  ls
  80  3.0740717e+06 9.98e-13 1.80e-08  -5.7 3.94e-02    -  1.00e+00 1.00e+00h  1
  81  3.0740672e+06 1.25e-05 1.54e+00  -8.6 1.76e+00    -  8.12e-01 8.03e-01f  1
  82  3.0740665e+06 9.09e-06 1.76e+00  -8.6 3.98e-01    -  7.26e-01 6.86e-01h  1
  83  3.0740663e+06 6.11e-06 8.80e-01  -8.6 1.65e-01    -  7.69e-01 7.23e-01h  1
  84  3.0740662e+06 2.47e-06 3.41e-01  -8.6 1.38e-01    -  8.62e-01 7.86e-01h  1
  85  3.0740662e+06 7.98e-13 1.26e-07  -8.6 2.11e-01    -  1.00e+00 1.00e+00f  1
  86  3.0740662e+06 1.71e-12 2.30e-08  -8.6 6.42e-02    -  1.00e+00 1.00e+00h  1
  87  3.0740662e+06 9.11e-13 3.37e-10  -8.6 4.77e-03    -  1.00e+00 1.00e+00h  1

Number of Iterations....: 87

                                   (scaled)                 (unscaled)
Objective...............:   5.6301578204367915e+05    3.0740661699584886e+06
Dual infeasibility......:   3.3708559861552378e-10    1.8404873684407598e-09
Constraint violation....:   9.1127105861232849e-13    9.1127105861232849e-13
Variable bound violation:   1.7270917807010733e-08    1.7270917807010733e-08
Complementarity.........:   2.6574910130063199e-09    1.4509900931014507e-08
Overall NLP error.......:   2.6574910130063199e-09    1.4509900931014507e-08


Number of objective function evaluations             = 88
Number of objective gradient evaluations             = 88
Number of equality constraint evaluations            = 88
Number of inequality constraint evaluations          = 88
Number of equality constraint Jacobian evaluations   = 88
Number of inequality constraint Jacobian evaluations = 88
Number of Lagrangian Hessian evaluations             = 87
Total seconds in IPOPT (w/o function evaluations)    =    659.123
Total seconds in NLP function evaluations            =     27.156


Timing Statistics:

OverallAlgorithm....................:    686.278 (sys:      0.000 wall:    686.279)
 PrintProblemStatistics.............:      0.029 (sys:      0.000 wall:      0.031)
 InitializeIterates.................:     61.370 (sys:      0.000 wall:     61.370)
 UpdateHessian......................:      4.998 (sys:      0.000 wall:      5.012)
 OutputIteration....................:      0.010 (sys:      0.000 wall:      0.016)
 UpdateBarrierParameter.............:      1.033 (sys:      0.000 wall:      1.030)
 ComputeSearchDirection.............:    574.696 (sys:      0.000 wall:    574.688)
 ComputeAcceptableTrialPoint........:     24.518 (sys:      0.000 wall:     24.527)
 AcceptTrialPoint...................:      1.442 (sys:      0.000 wall:      1.392)
 CheckConvergence...................:     18.182 (sys:      0.000 wall:     18.213)
PDSystemSolverTotal.................:    572.686 (sys:      0.000 wall:    572.707)
 PDSystemSolverSolveOnce............:    554.357 (sys:      0.000 wall:    554.378)
 ComputeResiduals...................:     13.278 (sys:      0.000 wall:     13.334)
 StdAugSystemSolverMultiSolve.......:    609.170 (sys:      0.000 wall:    609.183)
 LinearSystemScaling................:      0.000 (sys:      0.000 wall:      0.000)
 LinearSystemSymbolicFactorization..:     55.984 (sys:      0.000 wall:     55.984)
 LinearSystemFactorization..........:      0.000 (sys:      0.000 wall:      0.000)
 LinearSystemBackSolve..............:    161.530 (sys:      0.000 wall:    161.571)
 LinearSystemStructureConverter.....:      0.000 (sys:      0.000 wall:      0.000)
  LinearSystemStructureConverterInit:      0.000 (sys:      0.000 wall:      0.000)
QualityFunctionSearch...............:      0.000 (sys:      0.000 wall:      0.000)
TryCorrector........................:      0.000 (sys:      0.000 wall:      0.000)
Task1...............................:      0.000 (sys:      0.000 wall:      0.000)
Task2...............................:      0.000 (sys:      0.000 wall:      0.000)
Task3...............................:      0.000 (sys:      0.000 wall:      0.000)
Task4...............................:      0.000 (sys:      0.000 wall:      0.000)
Task5...............................:      0.000 (sys:      0.000 wall:      0.000)
Task6...............................:      0.000 (sys:      0.000 wall:      0.000)
Function Evaluations................:     27.176 (sys:      0.000 wall:     27.156)
 Objective function.................:      0.000 (sys:      0.000 wall:      0.002)
 Objective function gradient........:      0.346 (sys:      0.000 wall:      0.346)
 Equality constraints...............:     11.175 (sys:      0.000 wall:     11.184)
 Inequality constraints.............:      0.259 (sys:      0.000 wall:      0.245)
 Equality constraint Jacobian.......:      1.422 (sys:      0.000 wall:      1.448)
 Inequality constraint Jacobian.....:      9.035 (sys:      0.000 wall:      9.005)
 Lagrangian Hessian.................:      4.939 (sys:      0.000 wall:      4.925)

EXIT: Optimal Solution Found.
CENTRAL_IPOPT system=large10kC_1ph T=48 profile=periodic C_B=0.000000e+00 gamma=4.200000e+02 status=LOCALLY_SOLVED iterations=87 objective=3074066.169958488550 solve_time_s=687.300 build_s=46.418 wall_s=741.798 variables=2128560 solver=3.14.19
CENTRAL_IPOPT_BATTERY at_power_limit=0.311 mean_utilization=0.339 energy_window_used=1.000 throughput_pu_h=3.450334e+03 energy_term=3.066518e+06 cb_term=0.000000e+00 terminal_term=7.547807e+03
