
================================================================================
PARALLELIZATION STATUS
================================================================================
Julia threads:       16
Status:              Using 16 threads
================================================================================
RHO_OVERRIDE: using rho = 4000.0
EPS_PRI_OVERRIDE: using eps_pri = 0.0001
EPS_DUAL_OVERRIDE: using eps_dual = 0.0005
ADAPTIVE_RHO_OVERRIDE: adaptive_rho = true

================================================================================
PARSING SYSTEM DATA
================================================================================
Loaded system: ieee2552C_1ph from C:\repos_addendum\MultiPeriodDistOPF\envs\tadmm\..\..\rawData\ieee2552C_1ph\Master.dss

========================================
Initial Powerflow
========================================
Powerflow completed successfully!

[OpenDSS] Total system load: 2129.58 kW
[OpenDSS] Substation power: 2187.53 kW
[OpenDSS] Total PV dispatch: 0.00 kW
[OpenDSS] Total battery dispatch: 0.00 kW
[OpenDSS] Total system losses: 57.95 kW


================================================================================
[35;1mSOLVING MPOPF WITH SOCP (tADMM)[0m
================================================================================
[36;1mUsing fixed rho = 4000.0[0m
  [tADMM hyperparams] mu_balance=5.00 tau_incr=2.00 tau_decr=4.00 update_interval=5 eps_pri=1.0e-04 eps_dual=5.0e-04 rho_init=4000.0 adaptive=true

================================================================================
[36;1m🎯 tADMM[SOCP]: T=12, ρ_init=4000.0, adaptive=true, warm_start=true, |Bset|=250, |Nset|=2522, |Lset|=2521
[0m================================================================================

******************************************************************************
This program contains Ipopt, a library for large-scale nonlinear optimization.
 Ipopt is released as open source code under the Eclipse Public License (EPL).
         For more information visit https://github.com/coin-or/Ipopt
******************************************************************************


******************************************************************************
This program contains Ipopt, a library for large-scale nonlinear optimization.
 Ipopt is released as open source code under the Eclipse Public License (EPL).
         For more information visit https://github.com/coin-or/Ipopt
******************************************************************************

k=  1  obj=$4302.26  ‖r‖=5.27e-03  ‖s‖=3.23e+00  ρ=4000.0  sp_max=21.283s  sp_med=19.291s
k=  2  obj=$4302.27  ‖r‖=5.18e-03  ‖s‖=4.11e+00  ρ=4000.0  sp_max=12.168s  sp_med=10.862s
k=  3  obj=$4302.26  ‖r‖=5.16e-03  ‖s‖=1.22e+00  ρ=4000.0  sp_max=6.688s  sp_med=5.043s
k=  4  obj=$4448.58  ‖r‖=4.88e-03  ‖s‖=1.26e+00  ρ=4000.0  sp_max=6.613s  sp_med=4.595s
[33;1m  [PHASE1-UP] ρ: 4000.0 → 8000.0 (‖r‖=4.41e-03 > ε=1.0e-04)
[0mk=  5  obj=$4824.81  ‖r‖=4.41e-03  ‖s‖=2.66e+00  ρ=8000.0  sp_max=7.218s  sp_med=4.962s
k=  6  obj=$5536.16  ‖r‖=3.63e-03  ‖s‖=6.12e+00  ρ=8000.0  sp_max=8.512s  sp_med=5.621s
k=  7  obj=$6869.85  ‖r‖=2.22e-03  ‖s‖=7.88e+00  ρ=8000.0  sp_max=8.555s  sp_med=7.715s
k=  8  obj=$7827.66  ‖r‖=1.01e-03  ‖s‖=8.35e+00  ρ=8000.0  sp_max=7.068s  sp_med=5.955s
k=  9  obj=$8131.93  ‖r‖=7.97e-05  ‖s‖=8.31e+00  ρ=8000.0  sp_max=6.421s  sp_med=5.059s
[33;1m  [PHASE1-UP] ρ: 8000.0 → 16000.0 (‖r‖=1.23e-04 > ε=1.0e-04)
[0mk= 10  obj=$8094.04  ‖r‖=1.23e-04  ‖s‖=6.98e+00  ρ=16000.0  sp_max=5.706s  sp_med=4.732s
      [Progress] 109.1s elapsed, 5 iters/min
k= 11  obj=$8085.69  ‖r‖=4.13e-05  ‖s‖=5.02e+00  ρ=16000.0  sp_max=5.596s  sp_med=4.631s
k= 12  obj=$8072.80  ‖r‖=3.73e-05  ‖s‖=4.62e+00  ρ=16000.0  sp_max=6.313s  sp_med=5.629s
k= 13  obj=$8057.03  ‖r‖=1.02e-05  ‖s‖=4.42e+00  ρ=16000.0  sp_max=6.369s  sp_med=5.900s
k= 14  obj=$8048.40  ‖r‖=1.38e-05  ‖s‖=3.62e+00  ρ=16000.0  sp_max=6.939s  sp_med=6.156s
[32;1m  [k= 15] Phase 1→2: primal converged
[0m[36;1m  [k= 15] ρ 16000.0 → 4000.0 (s/r=371127.8, ‖r‖ converged)
[0mk= 15  obj=$8042.99  ‖r‖=8.06e-06  ‖s‖=2.99e+00  ρ=4000.0  sp_max=5.888s  sp_med=5.477s
k= 16  obj=$8023.57  ‖r‖=1.14e-05  ‖s‖=2.74e+00  ρ=4000.0  sp_max=5.640s  sp_med=4.804s
k= 17  obj=$8016.09  ‖r‖=6.81e-06  ‖s‖=1.73e+00  ρ=4000.0  sp_max=4.971s  sp_med=4.050s
k= 18  obj=$8013.43  ‖r‖=2.41e-06  ‖s‖=1.14e+00  ρ=4000.0  sp_max=6.169s  sp_med=4.782s
k= 19  obj=$8009.88  ‖r‖=1.48e-05  ‖s‖=7.13e-01  ρ=4000.0  sp_max=5.823s  sp_med=4.556s
[36;1m  [k= 20] ρ 4000.0 → 1000.0 (s/r=19389.7, ‖r‖ converged)
[0mk= 20  obj=$8006.17  ‖r‖=2.72e-05  ‖s‖=5.28e-01  ρ=1000.0  sp_max=5.686s  sp_med=4.798s
      [Progress] 177.5s elapsed, 7 iters/min
k= 21  obj=$7994.61  ‖r‖=9.61e-05  ‖s‖=4.03e-01  ρ=1000.0  sp_max=5.479s  sp_med=4.501s
k= 22  obj=$8000.74  ‖r‖=1.46e-04  ‖s‖=1.37e-01  ρ=1000.0  sp_max=6.061s  sp_med=4.775s
k= 23  obj=$8008.87  ‖r‖=8.76e-05  ‖s‖=7.22e-02  ρ=1000.0  sp_max=5.728s  sp_med=4.715s
k= 24  obj=$8012.23  ‖r‖=2.20e-05  ‖s‖=7.67e-02  ρ=1000.0  sp_max=8.274s  sp_med=6.879s
[36;1m  [k= 25] ρ 1000.0 → 250.0 (s/r=1436.3, ‖r‖ converged)
[0mk= 25  obj=$8011.76  ‖r‖=2.37e-05  ‖s‖=3.40e-02  ρ=250.0  sp_max=5.939s  sp_med=4.807s
k= 26  obj=$8009.87  ‖r‖=5.17e-05  ‖s‖=8.69e-03  ρ=250.0  sp_max=6.322s  sp_med=4.671s
k= 27  obj=$8009.22  ‖r‖=2.84e-05  ‖s‖=6.00e-03  ρ=250.0  sp_max=6.457s  sp_med=5.108s
k= 28  obj=$8009.43  ‖r‖=3.26e-06  ‖s‖=6.70e-03  ρ=250.0  sp_max=5.634s  sp_med=4.631s
k= 29  obj=$8009.78  ‖r‖=8.49e-06  ‖s‖=2.53e-03  ρ=250.0  sp_max=6.527s  sp_med=5.482s
[36;1m  [k= 30] ρ 250.0 → 62.5 (s/r=108.2, ‖r‖ converged)
[0mk= 30  obj=$8009.94  ‖r‖=6.13e-06  ‖s‖=6.63e-04  ρ=62.5  sp_max=6.504s  sp_med=5.554s
      [Progress] 249.4s elapsed, 7 iters/min
k= 31  obj=$8010.11  ‖r‖=2.14e-06  ‖s‖=4.60e-04  ρ=62.5  sp_max=6.669s  sp_med=5.660s
[32;1m🎉 tADMM converged at iteration 31 (‖r‖=2.14e-06 ≤ 1.00e-04, ‖s‖=4.60e-04 ≤ 5.00e-04)
  Final objective: $8010.11
[0m
================================================================================
[36;1m📊 SOLVER PERFORMANCE ANALYSIS (optimize!() times only)[0m
================================================================================
Iterations:       30
Effective time:   219.22 seconds
Wall-clock time:  257.51 seconds
Overhead:         14.9%
================================================================================

--- tADMM RESULT ---
[32;1mObjective: $8010.11
Wall-clock: 257.51 seconds
Effective:  219.22 seconds (31 iterations)
[0m
================================================================================
[36;1mVALIDATING tADMM SOLUTION[0m
================================================================================

================================================================================
SOLUTION VALIDATION: tADMM SOCP
================================================================================
✓ All constraints satisfied!
================================================================================
[32;1m✓ Convergence CSV: C:\repos_addendum\MultiPeriodDistOPF\envs\tadmm\processedData\ieee2552C_1ph_T12\convergence_data.csv[0m
[32;1m✓ Subproblem timing CSV: C:\repos_addendum\MultiPeriodDistOPF\envs\tadmm\processedData\ieee2552C_1ph_T12\subproblem_timing_details.csv[0m
[36;1mLoaded BF results from C:\repos_addendum\MultiPeriodDistOPF\envs\tadmm\processedData\ieee2552C_1ph_T12\results_socp_bf.txt[0m
[36;1mNear-optimal at k=14 (115.45s eff): obj=$8048.40, gap=0.481% vs BF, r=1.38e-05, s=3.62e+00[0m
[32;1m✓ Near-optimal summary: C:\repos_addendum\MultiPeriodDistOPF\envs\tadmm\processedData\ieee2552C_1ph_T12\near_optimal_summary.csv[0m
[32;1m✓ Solution saved: C:\repos_addendum\MultiPeriodDistOPF\envs\tadmm\processedData\ieee2552C_1ph_T12\sol_socp_tadmm.jls[0m
[32;1m✓ tADMM results written to C:\repos_addendum\MultiPeriodDistOPF\envs\tadmm\processedData\ieee2552C_1ph_T12\results_socp_tadmm.txt[0m
[32;1m✓ Live log trimmed to last 100 lines: C:\repos_addendum\MultiPeriodDistOPF\envs\tadmm\processedData\ieee2552C_1ph_T12\tadmm_run.log[0m

================================================================================
[35;1mtADMM PIPELINE COMPLETE[0m
================================================================================
