
================================================================================
PARALLELIZATION STATUS
================================================================================
Julia threads:       16
Status:              Using 16 threads
================================================================================
RHO_OVERRIDE: using rho = 16000.0
EPS_PRI_OVERRIDE: using eps_pri = 0.0001
EPS_DUAL_OVERRIDE: using eps_dual = 0.0005
ADAPTIVE_RHO_OVERRIDE: adaptive_rho = true

================================================================================
PARSING SYSTEM DATA
================================================================================
Loaded system: ieee2552C_1ph from C:\repos_addendum\MultiPeriodDistOPF\envs\tadmm\..\..\rawData\ieee2552C_1ph\Master.dss

========================================
Initial Powerflow
========================================
Powerflow completed successfully!

[OpenDSS] Total system load: 2129.58 kW
[OpenDSS] Substation power: 2187.53 kW
[OpenDSS] Total PV dispatch: 0.00 kW
[OpenDSS] Total battery dispatch: 0.00 kW
[OpenDSS] Total system losses: 57.95 kW


================================================================================
[35;1mSOLVING MPOPF WITH SOCP (tADMM)[0m
================================================================================
[36;1mUsing fixed rho = 16000.0[0m
  [tADMM hyperparams] mu_balance=5.00 tau_incr=2.00 tau_decr=5.00 update_interval=5 eps_pri=1.0e-04 eps_dual=5.0e-04 rho_init=16000.0 adaptive=true

================================================================================
[36;1m🎯 tADMM[SOCP]: T=24, ρ_init=16000.0, adaptive=true, warm_start=true, |Bset|=250, |Nset|=2522, |Lset|=2521
[0m================================================================================

******************************************************************************
This program contains Ipopt, a library for large-scale nonlinear optimization.
 Ipopt is released as open source code under the Eclipse Public License (EPL).
         For more information visit https://github.com/coin-or/Ipopt
******************************************************************************


******************************************************************************
This program contains Ipopt, a library for large-scale nonlinear optimization.
 Ipopt is released as open source code under the Eclipse Public License (EPL).
         For more information visit https://github.com/coin-or/Ipopt
******************************************************************************

k=  1  obj=$4253.42  ‖r‖=2.71e-03  ‖s‖=6.20e+00  ρ=16000.0  sp_max=36.368s  sp_med=26.008s
k=  2  obj=$4338.12  ‖r‖=2.61e-03  ‖s‖=7.19e+00  ρ=16000.0  sp_max=22.315s  sp_med=10.577s
k=  3  obj=$5219.92  ‖r‖=2.04e-03  ‖s‖=8.37e+00  ρ=16000.0  sp_max=21.703s  sp_med=14.130s
k=  4  obj=$6266.39  ‖r‖=1.52e-03  ‖s‖=6.33e+00  ρ=16000.0  sp_max=20.287s  sp_med=9.752s
[33;1m  [PHASE1-UP] ρ: 16000.0 → 32000.0 (‖r‖=8.46e-04 > ε=1.0e-04)
[0mk=  5  obj=$7526.99  ‖r‖=8.46e-04  ‖s‖=3.94e+00  ρ=32000.0  sp_max=23.583s  sp_med=9.161s
k=  6  obj=$8316.46  ‖r‖=1.78e-04  ‖s‖=3.92e+00  ρ=32000.0  sp_max=13.630s  sp_med=6.737s
k=  7  obj=$8435.90  ‖r‖=1.10e-05  ‖s‖=3.96e+00  ρ=32000.0  sp_max=14.796s  sp_med=7.390s
k=  8  obj=$8430.50  ‖r‖=3.33e-08  ‖s‖=3.96e+00  ρ=32000.0  sp_max=10.961s  sp_med=6.841s
k=  9  obj=$8422.21  ‖r‖=8.45e-09  ‖s‖=3.96e+00  ρ=32000.0  sp_max=14.092s  sp_med=7.186s
[32;1m  [k= 10] Phase 1→2: primal converged
[0m[36;1m  [k= 10] ρ 32000.0 → 6400.0 (s/r=905735.3, ‖r‖ converged)
[0mk= 10  obj=$8414.05  ‖r‖=4.33e-06  ‖s‖=3.93e+00  ρ=6400.0  sp_max=12.230s  sp_med=8.476s
      [Progress] 257.4s elapsed, 2 iters/min
k= 11  obj=$8375.04  ‖r‖=3.72e-05  ‖s‖=3.84e+00  ρ=6400.0  sp_max=16.197s  sp_med=8.485s
k= 12  obj=$8337.14  ‖r‖=3.97e-05  ‖s‖=3.80e+00  ρ=6400.0  sp_max=19.637s  sp_med=11.015s
k= 13  obj=$8303.88  ‖r‖=2.51e-05  ‖s‖=3.77e+00  ρ=6400.0  sp_max=23.108s  sp_med=12.304s
k= 14  obj=$8255.69  ‖r‖=7.65e-05  ‖s‖=3.56e+00  ρ=6400.0  sp_max=12.208s  sp_med=8.887s
k= 15  obj=$8204.30  ‖r‖=1.18e-04  ‖s‖=3.35e+00  ρ=6400.0  sp_max=19.740s  sp_med=11.080s
k= 16  obj=$8176.79  ‖r‖=1.06e-04  ‖s‖=3.14e+00  ρ=6400.0  sp_max=16.244s  sp_med=10.117s
k= 17  obj=$8168.49  ‖r‖=5.66e-05  ‖s‖=2.88e+00  ρ=6400.0  sp_max=15.842s  sp_med=9.371s
k= 18  obj=$8165.73  ‖r‖=2.39e-05  ‖s‖=2.48e+00  ρ=6400.0  sp_max=11.111s  sp_med=6.845s
k= 19  obj=$8160.34  ‖r‖=3.05e-05  ‖s‖=2.06e+00  ρ=6400.0  sp_max=13.427s  sp_med=7.606s
[36;1m  [k= 20] ρ 6400.0 → 1280.0 (s/r=62288.5, ‖r‖ converged)
[0mk= 20  obj=$8151.85  ‖r‖=2.72e-05  ‖s‖=1.69e+00  ρ=1280.0  sp_max=14.639s  sp_med=9.397s
      [Progress] 463.1s elapsed, 3 iters/min
k= 21  obj=$8129.86  ‖r‖=3.19e-05  ‖s‖=1.07e+00  ρ=1280.0  sp_max=20.364s  sp_med=11.837s
k= 22  obj=$8127.71  ‖r‖=3.54e-05  ‖s‖=6.43e-01  ρ=1280.0  sp_max=21.457s  sp_med=10.497s
k= 23  obj=$8134.16  ‖r‖=3.47e-05  ‖s‖=3.96e-01  ρ=1280.0  sp_max=20.372s  sp_med=10.277s
k= 24  obj=$8147.15  ‖r‖=3.39e-05  ‖s‖=1.21e-01  ρ=1280.0  sp_max=18.099s  sp_med=9.698s
[36;1m  [k= 25] ρ 1280.0 → 256.0 (s/r=1854.1, ‖r‖ converged)
[0mk= 25  obj=$8135.48  ‖r‖=2.64e-05  ‖s‖=4.89e-02  ρ=256.0  sp_max=17.203s  sp_med=7.671s
k= 26  obj=$8110.20  ‖r‖=3.98e-05  ‖s‖=3.28e-02  ρ=256.0  sp_max=20.860s  sp_med=9.713s
k= 27  obj=$8104.80  ‖r‖=4.52e-05  ‖s‖=1.70e-02  ρ=256.0  sp_max=21.125s  sp_med=13.135s
k= 28  obj=$8104.22  ‖r‖=3.91e-05  ‖s‖=8.91e-03  ρ=256.0  sp_max=18.559s  sp_med=9.589s
k= 29  obj=$8107.01  ‖r‖=2.19e-05  ‖s‖=1.13e-02  ρ=256.0  sp_max=21.096s  sp_med=13.182s
[36;1m  [k= 30] ρ 256.0 → 51.2 (s/r=974.8, ‖r‖ converged)
[0mk= 30  obj=$8112.07  ‖r‖=1.08e-05  ‖s‖=1.05e-02  ρ=51.2  sp_max=17.450s  sp_med=7.947s
      [Progress] 711.6s elapsed, 3 iters/min
k= 31  obj=$8129.25  ‖r‖=5.35e-05  ‖s‖=6.00e-03  ρ=51.2  sp_max=16.025s  sp_med=8.644s
k= 32  obj=$8133.33  ‖r‖=5.97e-05  ‖s‖=9.92e-04  ρ=51.2  sp_max=24.087s  sp_med=11.555s
k= 33  obj=$8128.10  ‖r‖=3.76e-05  ‖s‖=2.48e-03  ρ=51.2  sp_max=21.022s  sp_med=10.811s
k= 34  obj=$8119.37  ‖r‖=9.75e-06  ‖s‖=3.25e-03  ρ=51.2  sp_max=19.415s  sp_med=9.040s
[36;1m  [k= 35] ρ 51.2 → 10.2 (s/r=201.4, ‖r‖ converged)
[0mk= 35  obj=$8112.74  ‖r‖=1.14e-05  ‖s‖=2.30e-03  ρ=10.2  sp_max=19.753s  sp_med=10.609s
k= 36  obj=$8133.53  ‖r‖=1.33e-04  ‖s‖=1.69e-03  ρ=10.2  sp_max=20.970s  sp_med=11.309s
k= 37  obj=$8100.28  ‖r‖=6.99e-05  ‖s‖=1.16e-03  ρ=10.2  sp_max=20.698s  sp_med=11.924s
k= 38  obj=$8080.76  ‖r‖=6.51e-05  ‖s‖=8.37e-04  ρ=10.2  sp_max=18.984s  sp_med=11.493s
k= 39  obj=$8092.03  ‖r‖=5.03e-05  ‖s‖=6.88e-04  ρ=10.2  sp_max=19.390s  sp_med=10.863s
[36;1m  [k= 40] ρ 10.2 → 2.0 (s/r=19.7, ‖r‖ converged)
[0mk= 40  obj=$8108.95  ‖r‖=2.69e-05  ‖s‖=5.30e-04  ρ=2.0  sp_max=18.605s  sp_med=10.977s
      [Progress] 966.3s elapsed, 2 iters/min
k= 41  obj=$8213.33  ‖r‖=2.01e-04  ‖s‖=4.92e-04  ρ=2.0  sp_max=19.512s  sp_med=10.931s
k= 42  obj=$8142.60  ‖r‖=8.23e-05  ‖s‖=3.36e-04  ρ=2.0  sp_max=21.059s  sp_med=11.877s
[32;1m🎉 tADMM converged at iteration 42 (‖r‖=8.23e-05 ≤ 1.00e-04, ‖s‖=3.36e-04 ≤ 5.00e-04)
  Final objective: $8142.60
[0m
================================================================================
[36;1m📊 SOLVER PERFORMANCE ANALYSIS (optimize!() times only)[0m
================================================================================
Iterations:       41
Effective time:   788.22 seconds
Wall-clock time:  1018.09 seconds
Overhead:         22.6%
================================================================================

--- tADMM RESULT ---
[32;1mObjective: $8142.60
Wall-clock: 1018.09 seconds
Effective:  788.22 seconds (42 iterations)
[0m
================================================================================
[36;1mVALIDATING tADMM SOLUTION[0m
================================================================================

================================================================================
SOLUTION VALIDATION: tADMM SOCP
================================================================================
✓ All constraints satisfied!
================================================================================
[32;1m✓ Convergence CSV: C:\repos_addendum\MultiPeriodDistOPF\envs\tadmm\processedData\ieee2552C_1ph_T24\convergence_data.csv[0m
[32;1m✓ Subproblem timing CSV: C:\repos_addendum\MultiPeriodDistOPF\envs\tadmm\processedData\ieee2552C_1ph_T24\subproblem_timing_details.csv[0m
[36;1mLoaded BF results from C:\repos_addendum\MultiPeriodDistOPF\envs\tadmm\processedData\ieee2552C_1ph_T24\results_socp_bf.txt[0m
[36;1mNear-optimal at k=20 (352.12s eff): obj=$8151.85, gap=0.452% vs BF, r=2.72e-05, s=1.69e+00[0m
[32;1m✓ Near-optimal summary: C:\repos_addendum\MultiPeriodDistOPF\envs\tadmm\processedData\ieee2552C_1ph_T24\near_optimal_summary.csv[0m
[32;1m✓ Solution saved: C:\repos_addendum\MultiPeriodDistOPF\envs\tadmm\processedData\ieee2552C_1ph_T24\sol_socp_tadmm.jls[0m
[32;1m✓ tADMM results written to C:\repos_addendum\MultiPeriodDistOPF\envs\tadmm\processedData\ieee2552C_1ph_T24\results_socp_tadmm.txt[0m
[32;1m✓ Live log trimmed to last 100 lines: C:\repos_addendum\MultiPeriodDistOPF\envs\tadmm\processedData\ieee2552C_1ph_T24\tadmm_run.log[0m

================================================================================
[35;1mtADMM PIPELINE COMPLETE[0m
================================================================================
