C_B OVERRIDE: 2.4e-05
large10kC_1ph T=6: nx=1020, nu=54665, nc=42303, dense nu^2=2988262225, reduced=12362
TERMINAL_SOC soft=1 gamma=4.200000e+02
BOUND_SCREEN ell,psubs,substation,vupper: voltage limits dropped 1 lower, 10291 upper of 10321 buses; ell >= 0 dropped on 10320 lines; P_Subs >= 0 dropped: true (lossless lower bound 245.390 p.u.)
build complete: 23.833 s, nc=42303
constructing dynamic Solver storage...
optimality_tolerance=1.000e-07 max_iterations=400
Solver construction complete: 0.428 s
LOADFLOW_START sweeps=6 max_equality_residual=1.164e-06 lowest_voltage=0.9833 pu
entering solve! ...
   
 _____ _ _ _            ____  ____  ____  
|  ___(_) | |_ ___ _ __|  _ \|  _ \|  _ \ 
| |_  | | | __/ _ \ '__| | | | | | | |_) |
|  _| | | | ||  __/ |  | |_| | |_| |  __/ 
|_|   |_|_|\__\___|_|  |____/|____/|_|                 
    
TREE_KKT layout: nodes=10321 feeders=102 nE=2040 groups=102 max_own=10 max_iface=3
FILTERDDP_TIMING iteration=0 barrier_iteration=0 stage=6 derivative_s=0.288711800 first_order_s=0.085052200 second_order_s=0.109938500 algebra_s=1.481788200 kkt_assembly_s=1.561596700 factor_s=4.608284700 solve_s=1.426150700 update_s=0.462277000 K_nnz=393075 rhs_cols=1 Vxx_nnz=1040400
FILTERDDP_TIMING iteration=0 barrier_iteration=0 stage=5 derivative_s=0.043075100 first_order_s=0.025329600 second_order_s=0.017427000 algebra_s=0.144917600 kkt_assembly_s=0.120645200 factor_s=0.037597000 solve_s=0.253075900 update_s=0.007006700 K_nnz=393075 rhs_cols=1 Vxx_nnz=1040400
FILTERDDP_TIMING iteration=0 barrier_iteration=0 stage=4 derivative_s=0.015652100 first_order_s=0.005418100 second_order_s=0.009908100 algebra_s=0.131480500 kkt_assembly_s=0.093476200 factor_s=0.032671200 solve_s=0.258436100 update_s=0.008628700 K_nnz=393075 rhs_cols=1 Vxx_nnz=1040400
FILTERDDP_TIMING iteration=0 barrier_iteration=0 stage=3 derivative_s=0.015861700 first_order_s=0.005603500 second_order_s=0.009938400 algebra_s=0.137759400 kkt_assembly_s=0.091117500 factor_s=0.036821500 solve_s=0.185633900 update_s=0.008606200 K_nnz=393075 rhs_cols=1 Vxx_nnz=1040400
FILTERDDP_TIMING iteration=0 barrier_iteration=0 stage=2 derivative_s=0.112921300 first_order_s=0.005243600 second_order_s=0.107375400 algebra_s=0.130361400 kkt_assembly_s=0.095235500 factor_s=0.055218800 solve_s=0.119151800 update_s=0.009227000 K_nnz=393075 rhs_cols=1 Vxx_nnz=1040400
FILTERDDP_TIMING iteration=0 barrier_iteration=0 stage=1 derivative_s=0.014109600 first_order_s=0.005316700 second_order_s=0.008495900 algebra_s=0.283598000 kkt_assembly_s=0.088876500 factor_s=0.040802400 solve_s=0.134296200 update_s=0.009721300 K_nnz=393075 rhs_cols=1 Vxx_nnz=1040400
FILTERDDP_FEASIBILITY iteration=0 barrier_iteration=0 equality_count=253818 equality_rms=5.153014035376e-07 equality_max=1.163983322949e-06 equality_worst_stage=4 equality_worst_index=221 dynamics_count=5100 dynamics_rms=0.000000000000e+00 dynamics_max=0.000000000000e+00 dynamics_worst_stage=0 dynamics_worst_index=0 bound_count=160764 bound_rms=0.000000000000e+00 bound_max=0.000000000000e+00 bound_worst_stage=0 bound_worst_index=0 bound_worst_kind=none
  iter     objective        pr_inf       du_inf       cs_inf     lg(μ)   lg(reg)    alpha     ls
     0   2.92262424e+06   1.1640e-06   7.6785e+02   1.0000e+00    0.00      -     0.0000e+00   0
FILTERDDP_ITER_TIMING iteration=0 barrier_iteration=0 backward_s=21.554249200 forward_s=2.190176400 total_s=23.744425600 outcome=accepted step_size=6.250000000e-02 backtracks=0 mu=1.000000000e+00
FILTERDDP_TIMING iteration=1 barrier_iteration=0 stage=6 derivative_s=0.066224200 first_order_s=0.005505400 second_order_s=0.060421100 algebra_s=0.203465400 kkt_assembly_s=0.012132200 factor_s=0.034967500 solve_s=0.121078400 update_s=0.009015600 K_nnz=393075 rhs_cols=1 Vxx_nnz=1040400
FILTERDDP_TIMING iteration=1 barrier_iteration=0 stage=5 derivative_s=0.016055100 first_order_s=0.005506600 second_order_s=0.010236800 algebra_s=0.087201500 kkt_assembly_s=0.002855800 factor_s=0.039124900 solve_s=0.145275400 update_s=0.009462100 K_nnz=393075 rhs_cols=1 Vxx_nnz=1040400
FILTERDDP_TIMING iteration=1 barrier_iteration=0 stage=4 derivative_s=0.033893400 first_order_s=0.013263600 second_order_s=0.019741300 algebra_s=0.199474300 kkt_assembly_s=0.003111900 factor_s=0.033863000 solve_s=0.126319800 update_s=0.007708300 K_nnz=393075 rhs_cols=1 Vxx_nnz=1040400
FILTERDDP_TIMING iteration=1 barrier_iteration=0 stage=3 derivative_s=0.015025900 first_order_s=0.005005800 second_order_s=0.009697300 algebra_s=0.124890000 kkt_assembly_s=0.002937400 factor_s=0.033434200 solve_s=0.227364300 update_s=0.008382200 K_nnz=393075 rhs_cols=1 Vxx_nnz=1040400
FILTERDDP_TIMING iteration=1 barrier_iteration=0 stage=2 derivative_s=0.017241800 first_order_s=0.005420600 second_order_s=0.011508400 algebra_s=0.090150100 kkt_assembly_s=0.003062000 factor_s=0.034787300 solve_s=0.104860200 update_s=0.059521900 K_nnz=393075 rhs_cols=1 Vxx_nnz=1040400
FILTERDDP_TIMING iteration=1 barrier_iteration=0 stage=1 derivative_s=0.014799700 first_order_s=0.005265300 second_order_s=0.009190300 algebra_s=0.200199000 kkt_assembly_s=0.002888300 factor_s=0.033268000 solve_s=0.104693800 update_s=0.009133700 K_nnz=393075 rhs_cols=1 Vxx_nnz=1040400
FILTERDDP_FEASIBILITY iteration=1 barrier_iteration=0 equality_count=253818 equality_rms=2.071209320955e-02 equality_max=5.034898091353e-01 equality_worst_stage=2 equality_worst_index=31063 dynamics_count=5100 dynamics_rms=0.000000000000e+00 dynamics_max=0.000000000000e+00 dynamics_worst_stage=0 dynamics_worst_index=0 bound_count=160764 bound_rms=0.000000000000e+00 bound_max=0.000000000000e+00 bound_worst_stage=0 bound_worst_index=0 bound_worst_kind=none
     1   2.88732441e+06   5.0349e-01   7.1986e+02   1.0000e+00    0.00      -     6.2500e-02   0
FILTERDDP_ITER_TIMING iteration=1 barrier_iteration=0 backward_s=2.244683900 forward_s=0.379878700 total_s=2.624562600 outcome=accepted step_size=3.125000000e-02 backtracks=0 mu=1.000000000e+00
FILTERDDP_TIMING iteration=2 barrier_iteration=0 stage=6 derivative_s=0.016485200 first_order_s=0.005462300 second_order_s=0.010718700 algebra_s=0.102891700 kkt_assembly_s=0.002934500 factor_s=0.032557400 solve_s=0.156930500 update_s=0.011190600 K_nnz=393075 rhs_cols=1 Vxx_nnz=1040400
FILTERDDP_TIMING iteration=2 barrier_iteration=0 stage=5 derivative_s=0.015251500 first_order_s=0.005251600 second_order_s=0.009688800 algebra_s=0.196270200 kkt_assembly_s=0.003053200 factor_s=0.032031800 solve_s=0.107205400 update_s=0.026153100 K_nnz=393075 rhs_cols=1 Vxx_nnz=1040400
FILTERDDP_TIMING iteration=2 barrier_iteration=0 stage=4 derivative_s=0.016628400 first_order_s=0.005668500 second_order_s=0.010649900 algebra_s=0.079381100 kkt_assembly_s=0.003247700 factor_s=0.055534600 solve_s=0.107443800 update_s=0.057637400 K_nnz=393075 rhs_cols=1 Vxx_nnz=1040400
FILTERDDP_TIMING iteration=2 barrier_iteration=0 stage=3 derivative_s=0.015163000 first_order_s=0.005209600 second_order_s=0.009655100 algebra_s=0.179444700 kkt_assembly_s=0.002897400 factor_s=0.033649400 solve_s=0.106254400 update_s=0.007225300 K_nnz=393075 rhs_cols=1 Vxx_nnz=1040400
FILTERDDP_TIMING iteration=2 barrier_iteration=0 stage=2 derivative_s=0.015178300 first_order_s=0.005128800 second_order_s=0.009727500 algebra_s=0.098209800 kkt_assembly_s=0.002807800 factor_s=0.033241000 solve_s=0.156037900 update_s=0.009132400 K_nnz=393075 rhs_cols=1 Vxx_nnz=1040400
FILTERDDP_TIMING iteration=2 barrier_iteration=0 stage=1 derivative_s=0.015710800 first_order_s=0.005343100 second_order_s=0.010063000 algebra_s=0.197495600 kkt_assembly_s=0.002931700 factor_s=0.033791900 solve_s=0.107481500 update_s=0.009006000 K_nnz=393075 rhs_cols=1 Vxx_nnz=1040400
FILTERDDP_FEASIBILITY iteration=2 barrier_iteration=0 equality_count=253818 equality_rms=2.277054241797e-02 equality_max=5.311484868712e-01 equality_worst_stage=2 equality_worst_index=31063 dynamics_count=5100 dynamics_rms=0.000000000000e+00 dynamics_max=0.000000000000e+00 dynamics_worst_stage=0 dynamics_worst_index=0 bound_count=160764 bound_rms=0.000000000000e+00 bound_max=0.000000000000e+00 bound_worst_stage=0 bound_worst_index=0 bound_worst_kind=none
     2   2.87509710e+06   5.3115e-01   6.9736e+02   1.0000e+00    0.00      -     3.1250e-02   0
FILTERDDP_ITER_TIMING iteration=2 barrier_iteration=0 backward_s=2.073131700 forward_s=0.287642500 total_s=2.360774200 outcome=accepted step_size=6.250000000e-02 backtracks=0 mu=1.000000000e+00
FILTERDDP_TIMING iteration=3 barrier_iteration=0 stage=6 derivative_s=0.019089300 first_order_s=0.005605800 second_order_s=0.013185300 algebra_s=0.092659200 kkt_assembly_s=0.002884300 factor_s=0.034527500 solve_s=0.156118500 update_s=0.008973300 K_nnz=393075 rhs_cols=1 Vxx_nnz=1040400
FILTERDDP_TIMING iteration=3 barrier_iteration=0 stage=5 derivative_s=0.014783100 first_order_s=0.005287300 second_order_s=0.009189000 algebra_s=0.190036700 kkt_assembly_s=0.003005000 factor_s=0.034549300 solve_s=0.131916800 update_s=0.009006400 K_nnz=393075 rhs_cols=1 Vxx_nnz=1040400
FILTERDDP_TIMING iteration=3 barrier_iteration=0 stage=4 derivative_s=0.039876100 first_order_s=0.005396200 second_order_s=0.034167800 algebra_s=0.074500900 kkt_assembly_s=0.003137300 factor_s=0.033014400 solve_s=0.160405600 update_s=0.008124800 K_nnz=393075 rhs_cols=1 Vxx_nnz=1040400
FILTERDDP_TIMING iteration=3 barrier_iteration=0 stage=3 derivative_s=0.015445000 first_order_s=0.005534000 second_order_s=0.009610600 algebra_s=0.199789800 kkt_assembly_s=0.002880100 factor_s=0.034776700 solve_s=0.105900000 update_s=0.008613400 K_nnz=393075 rhs_cols=1 Vxx_nnz=1040400
FILTERDDP_TIMING iteration=3 barrier_iteration=0 stage=2 derivative_s=0.015310900 first_order_s=0.005226300 second_order_s=0.009775100 algebra_s=0.095684800 kkt_assembly_s=0.003045400 factor_s=0.033545000 solve_s=0.102836200 update_s=0.075325500 K_nnz=393075 rhs_cols=1 Vxx_nnz=1040400
FILTERDDP_TIMING iteration=3 barrier_iteration=0 stage=1 derivative_s=0.019997200 first_order_s=0.007483100 second_order_s=0.012102300 algebra_s=0.077446200 kkt_assembly_s=0.003045400 factor_s=0.160810200 solve_s=0.114056200 update_s=0.009217500 K_nnz=393075 rhs_cols=1 Vxx_nnz=1040400
FILTERDDP_FEASIBILITY iteration=3 barrier_iteration=0 equality_count=253818 equality_rms=2.721467188548e-02 equality_max=6.003436076567e-01 equality_worst_stage=2 equality_worst_index=31063 dynamics_count=5100 dynamics_rms=0.000000000000e+00 dynamics_max=0.000000000000e+00 dynamics_worst_stage=0 dynamics_worst_index=0 bound_count=160764 bound_rms=0.000000000000e+00 bound_max=0.000000000000e+00 bound_worst_stage=0 bound_worst_index=0 bound_worst_kind=none
     3   2.85918081e+06   6.0034e-01   6.5378e+02   1.0000e+00    0.00      -     6.2500e-02   0
FILTERDDP_ITER_TIMING iteration=3 barrier_iteration=0 backward_s=2.102091200 forward_s=0.201150600 total_s=2.303241800 outcome=accepted step_size=1.250000000e-01 backtracks=0 mu=1.000000000e+00
FILTERDDP_TIMING iteration=4 barrier_iteration=0 stage=6 derivative_s=0.049060100 first_order_s=0.005392300 second_order_s=0.043380800 algebra_s=0.100428700 kkt_assembly_s=0.003179000 factor_s=0.033722500 solve_s=0.129717800 update_s=0.009028100 K_nnz=393075 rhs_cols=1 Vxx_nnz=1040400
FILTERDDP_TIMING iteration=4 barrier_iteration=0 stage=5 derivative_s=0.017331600 first_order_s=0.005578200 second_order_s=0.011435100 algebra_s=0.134613700 kkt_assembly_s=0.002875900 factor_s=0.035223300 solve_s=0.234621600 update_s=0.009895500 K_nnz=393075 rhs_cols=1 Vxx_nnz=1040400
FILTERDDP_TIMING iteration=4 barrier_iteration=0 stage=4 derivative_s=0.023617700 first_order_s=0.008721700 second_order_s=0.014306200 algebra_s=0.077360600 kkt_assembly_s=0.003593200 factor_s=0.034090800 solve_s=0.148757700 update_s=0.010015100 K_nnz=393075 rhs_cols=1 Vxx_nnz=1040400
FILTERDDP_TIMING iteration=4 barrier_iteration=0 stage=3 derivative_s=0.017075700 first_order_s=0.005913900 second_order_s=0.010813400 algebra_s=0.088269400 kkt_assembly_s=0.003156700 factor_s=0.034491700 solve_s=0.166076300 update_s=0.010153900 K_nnz=393075 rhs_cols=1 Vxx_nnz=1040400
FILTERDDP_TIMING iteration=4 barrier_iteration=0 stage=2 derivative_s=0.015909300 first_order_s=0.005634300 second_order_s=0.009952300 algebra_s=0.206711500 kkt_assembly_s=0.003071000 factor_s=0.032348700 solve_s=0.112066000 update_s=0.007379700 K_nnz=393075 rhs_cols=1 Vxx_nnz=1040400
FILTERDDP_TIMING iteration=4 barrier_iteration=0 stage=1 derivative_s=0.019376200 first_order_s=0.006467200 second_order_s=0.012447700 algebra_s=0.112237200 kkt_assembly_s=0.002893400 factor_s=0.032899500 solve_s=0.111120200 update_s=0.009731800 K_nnz=393075 rhs_cols=1 Vxx_nnz=1040400
FILTERDDP_FEASIBILITY iteration=4 barrier_iteration=0 equality_count=253818 equality_rms=3.550242983712e-02 equality_max=6.900178753602e-01 equality_worst_stage=2 equality_worst_index=31063 dynamics_count=5100 dynamics_rms=0.000000000000e+00 dynamics_max=0.000000000000e+00 dynamics_worst_stage=0 dynamics_worst_index=0 bound_count=160764 bound_rms=0.000000000000e+00 bound_max=0.000000000000e+00 bound_worst_stage=0 bound_worst_index=0 bound_worst_kind=none
     4   2.84737000e+06   6.9002e-01   5.7205e+02   1.0000e+00    0.00      -     1.2500e-01   0
FILTERDDP_ITER_TIMING iteration=4 barrier_iteration=0 backward_s=2.051370400 forward_s=0.270261100 total_s=2.321631500 outcome=accepted step_size=1.250000000e-01 backtracks=0 mu=1.000000000e+00
FILTERDDP_TIMING iteration=5 barrier_iteration=0 stage=6 derivative_s=0.032501200 first_order_s=0.008788800 second_order_s=0.023346100 algebra_s=0.205589100 kkt_assembly_s=0.003998600 factor_s=0.040541100 solve_s=0.115671700 update_s=0.011282900 K_nnz=393075 rhs_cols=1 Vxx_nnz=1040400
FILTERDDP_TIMING iteration=5 barrier_iteration=0 stage=5 derivative_s=0.037631500 first_order_s=0.005160600 second_order_s=0.032167600 algebra_s=0.072776600 kkt_assembly_s=0.003123600 factor_s=0.032702000 solve_s=0.162996200 update_s=0.009370900 K_nnz=393075 rhs_cols=1 Vxx_nnz=1040400
FILTERDDP_TIMING iteration=5 barrier_iteration=0 stage=4 derivative_s=0.015286700 first_order_s=0.005214100 second_order_s=0.009704300 algebra_s=0.075153000 kkt_assembly_s=0.003220600 factor_s=0.160248500 solve_s=0.113937300 update_s=0.010464000 K_nnz=393075 rhs_cols=1 Vxx_nnz=1040400
FILTERDDP_TIMING iteration=5 barrier_iteration=0 stage=3 derivative_s=0.020092400 first_order_s=0.008104500 second_order_s=0.011555200 algebra_s=0.095136700 kkt_assembly_s=0.003133500 factor_s=0.066876100 solve_s=0.107829600 update_s=0.009342500 K_nnz=393075 rhs_cols=1 Vxx_nnz=1040400
FILTERDDP_TIMING iteration=5 barrier_iteration=0 stage=2 derivative_s=0.015056900 first_order_s=0.005192500 second_order_s=0.009366000 algebra_s=0.124009000 kkt_assembly_s=0.002981600 factor_s=0.033685900 solve_s=0.230569200 update_s=0.006668800 K_nnz=393075 rhs_cols=1 Vxx_nnz=1040400
FILTERDDP_TIMING iteration=5 barrier_iteration=0 stage=1 derivative_s=0.017627800 first_order_s=0.005749100 second_order_s=0.011546700 algebra_s=0.074659600 kkt_assembly_s=0.003130400 factor_s=0.034559300 solve_s=0.107576600 update_s=0.010059200 K_nnz=393075 rhs_cols=1 Vxx_nnz=1040400
FILTERDDP_FEASIBILITY iteration=5 barrier_iteration=0 equality_count=253818 equality_rms=3.373137555760e-02 equality_max=6.310763893720e-01 equality_worst_stage=2 equality_worst_index=31063 dynamics_count=5100 dynamics_rms=0.000000000000e+00 dynamics_max=0.000000000000e+00 dynamics_worst_stage=0 dynamics_worst_index=0 bound_count=160764 bound_rms=0.000000000000e+00 bound_max=0.000000000000e+00 bound_worst_stage=0 bound_worst_index=0 bound_worst_kind=none
     5   2.84396315e+06   6.3108e-01   5.0055e+02   1.0000e+00    0.00      -     1.2500e-01   0
FILTERDDP_ITER_TIMING iteration=5 barrier_iteration=0 backward_s=2.078680900 forward_s=0.242128200 total_s=2.320809100 outcome=accepted step_size=1.250000000e-01 backtracks=0 mu=1.000000000e+00
FILTERDDP_TIMING iteration=6 barrier_iteration=0 stage=6 derivative_s=0.017901200 first_order_s=0.005343000 second_order_s=0.012267000 algebra_s=0.145262500 kkt_assembly_s=0.003027900 factor_s=0.034408000 solve_s=0.118217600 update_s=0.008914000 K_nnz=393075 rhs_cols=1 Vxx_nnz=1040400
FILTERDDP_TIMING iteration=6 barrier_iteration=0 stage=5 derivative_s=0.126290100 first_order_s=0.005580300 second_order_s=0.120395400 algebra_s=0.074266700 kkt_assembly_s=0.003006100 factor_s=0.033475400 solve_s=0.116847400 update_s=0.035143000 K_nnz=393075 rhs_cols=1 Vxx_nnz=1040400
FILTERDDP_TIMING iteration=6 barrier_iteration=0 stage=4 derivative_s=0.014869200 first_order_s=0.005273800 second_order_s=0.009280900 algebra_s=0.107120000 kkt_assembly_s=0.003427200 factor_s=0.032838300 solve_s=0.171689100 update_s=0.010454000 K_nnz=393075 rhs_cols=1 Vxx_nnz=1040400
FILTERDDP_TIMING iteration=6 barrier_iteration=0 stage=3 derivative_s=0.015496200 first_order_s=0.005349800 second_order_s=0.009831300 algebra_s=0.073815400 kkt_assembly_s=0.128255000 factor_s=0.033937900 solve_s=0.106610400 update_s=0.009180600 K_nnz=393075 rhs_cols=1 Vxx_nnz=1040400
FILTERDDP_TIMING iteration=6 barrier_iteration=0 stage=2 derivative_s=0.015043500 first_order_s=0.004992100 second_order_s=0.009736700 algebra_s=0.073746800 kkt_assembly_s=0.003081500 factor_s=0.057879500 solve_s=0.104017400 update_s=0.009338300 K_nnz=393075 rhs_cols=1 Vxx_nnz=1040400
FILTERDDP_TIMING iteration=6 barrier_iteration=0 stage=1 derivative_s=0.017123100 first_order_s=0.005460200 second_order_s=0.011360700 algebra_s=0.128113900 kkt_assembly_s=0.003233800 factor_s=0.035177100 solve_s=0.113495700 update_s=0.129385700 K_nnz=393075 rhs_cols=1 Vxx_nnz=1040400
FILTERDDP_FEASIBILITY iteration=6 barrier_iteration=0 equality_count=253818 equality_rms=2.971803540077e-02 equality_max=5.550697410008e-01 equality_worst_stage=2 equality_worst_index=31063 dynamics_count=5100 dynamics_rms=0.000000000000e+00 dynamics_max=0.000000000000e+00 dynamics_worst_stage=0 dynamics_worst_index=0 bound_count=160764 bound_rms=0.000000000000e+00 bound_max=0.000000000000e+00 bound_worst_stage=0 bound_worst_index=0 bound_worst_kind=none
     6   2.84374790e+06   5.5507e-01   4.3798e+02   1.0000e+00    0.00      -     1.2500e-01   0
FILTERDDP_ITER_TIMING iteration=6 barrier_iteration=0 backward_s=2.122521200 forward_s=0.150719000 total_s=2.273240200 outcome=accepted step_size=5.000000000e-01 backtracks=0 mu=1.000000000e+00
FILTERDDP_TIMING iteration=7 barrier_iteration=0 stage=6 derivative_s=0.016993600 first_order_s=0.005640700 second_order_s=0.011055100 algebra_s=0.101974600 kkt_assembly_s=0.003845900 factor_s=0.034591300 solve_s=0.145906700 update_s=0.008096400 K_nnz=393075 rhs_cols=1 Vxx_nnz=1040400
FILTERDDP_TIMING iteration=7 barrier_iteration=0 stage=5 derivative_s=0.015905500 first_order_s=0.005355900 second_order_s=0.010238600 algebra_s=0.136751100 kkt_assembly_s=0.003462700 factor_s=0.036129000 solve_s=0.118048800 update_s=0.010206000 K_nnz=393075 rhs_cols=1 Vxx_nnz=1040400
FILTERDDP_TIMING iteration=7 barrier_iteration=0 stage=4 derivative_s=0.148064400 first_order_s=0.008936000 second_order_s=0.138777500 algebra_s=0.075391100 kkt_assembly_s=0.003012300 factor_s=0.034775400 solve_s=0.105444100 update_s=0.009127600 K_nnz=393075 rhs_cols=1 Vxx_nnz=1040400
FILTERDDP_TIMING iteration=7 barrier_iteration=0 stage=3 derivative_s=0.043097100 first_order_s=0.005538900 second_order_s=0.037255700 algebra_s=0.072778600 kkt_assembly_s=0.002943000 factor_s=0.039640900 solve_s=0.106465300 update_s=0.071269300 K_nnz=393075 rhs_cols=1 Vxx_nnz=1040400
FILTERDDP_TIMING iteration=7 barrier_iteration=0 stage=2 derivative_s=0.018590400 first_order_s=0.005518000 second_order_s=0.012715500 algebra_s=0.074157200 kkt_assembly_s=0.003386700 factor_s=0.035890600 solve_s=0.242864300 update_s=0.008118400 K_nnz=393075 rhs_cols=1 Vxx_nnz=1040400
FILTERDDP_TIMING iteration=7 barrier_iteration=0 stage=1 derivative_s=0.013567200 first_order_s=0.006026900 second_order_s=0.007223700 algebra_s=0.072788600 kkt_assembly_s=0.002968900 factor_s=0.034304600 solve_s=0.135107200 update_s=0.008117300 K_nnz=393075 rhs_cols=1 Vxx_nnz=1040400
FILTERDDP_FEASIBILITY iteration=7 barrier_iteration=0 equality_count=253818 equality_rms=1.642566616804e-02 equality_max=2.936610230060e-01 equality_worst_stage=2 equality_worst_index=31063 dynamics_count=5100 dynamics_rms=0.000000000000e+00 dynamics_max=0.000000000000e+00 dynamics_worst_stage=0 dynamics_worst_index=0 bound_count=160764 bound_rms=0.000000000000e+00 bound_max=0.000000000000e+00 bound_worst_stage=0 bound_worst_index=0 bound_worst_kind=none
     7   2.84534778e+06   2.9366e-01   2.1899e+02   9.9999e-01    0.00      -     5.0000e-01   0
FILTERDDP_ITER_TIMING iteration=7 barrier_iteration=0 backward_s=2.001419900 forward_s=0.162043900 total_s=2.163463800 outcome=accepted step_size=5.000000000e-01 backtracks=0 mu=1.000000000e+00
FILTERDDP_TIMING iteration=8 barrier_iteration=0 stage=6 derivative_s=0.028903400 first_order_s=0.006988200 second_order_s=0.021598300 algebra_s=0.151756900 kkt_assembly_s=0.003062600 factor_s=0.034415400 solve_s=0.105175300 update_s=0.138410700 K_nnz=393075 rhs_cols=1 Vxx_nnz=1040400
FILTERDDP_TIMING iteration=8 barrier_iteration=0 stage=5 derivative_s=0.015304100 first_order_s=0.005222400 second_order_s=0.009770400 algebra_s=0.076212200 kkt_assembly_s=0.003060200 factor_s=0.034521300 solve_s=0.109170500 update_s=0.009297400 K_nnz=393075 rhs_cols=1 Vxx_nnz=1040400
FILTERDDP_TIMING iteration=8 barrier_iteration=0 stage=4 derivative_s=0.042971900 first_order_s=0.032852400 second_order_s=0.009796200 algebra_s=0.075874300 kkt_assembly_s=0.003004400 factor_s=0.038703900 solve_s=0.167006100 update_s=0.007688000 K_nnz=393075 rhs_cols=1 Vxx_nnz=1040400
FILTERDDP_TIMING iteration=8 barrier_iteration=0 stage=3 derivative_s=0.013602100 first_order_s=0.005291600 second_order_s=0.007996300 algebra_s=0.076286100 kkt_assembly_s=0.003177600 factor_s=0.036381200 solve_s=0.240577700 update_s=0.008948000 K_nnz=393075 rhs_cols=1 Vxx_nnz=1040400
FILTERDDP_TIMING iteration=8 barrier_iteration=0 stage=2 derivative_s=0.015464700 first_order_s=0.005357700 second_order_s=0.009798200 algebra_s=0.072784300 kkt_assembly_s=0.003049100 factor_s=0.035403700 solve_s=0.140225000 update_s=0.008700000 K_nnz=393075 rhs_cols=1 Vxx_nnz=1040400
FILTERDDP_TIMING iteration=8 barrier_iteration=0 stage=1 derivative_s=0.015489300 first_order_s=0.005274300 second_order_s=0.009899700 algebra_s=0.147013100 kkt_assembly_s=0.002824000 factor_s=0.034789700 solve_s=0.107595000 update_s=0.013612000 K_nnz=393075 rhs_cols=1 Vxx_nnz=1040400
FILTERDDP_FEASIBILITY iteration=8 barrier_iteration=0 equality_count=253818 equality_rms=8.339244279375e-03 equality_max=1.469562188776e-01 equality_worst_stage=2 equality_worst_index=31063 dynamics_count=5100 dynamics_rms=0.000000000000e+00 dynamics_max=0.000000000000e+00 dynamics_worst_stage=0 dynamics_worst_index=0 bound_count=160764 bound_rms=0.000000000000e+00 bound_max=0.000000000000e+00 bound_worst_stage=0 bound_worst_index=0 bound_worst_kind=none
     8   2.85009701e+06   1.4696e-01   1.0949e+02   1.0000e+00    0.00      -     5.0000e-01   0
FILTERDDP_ITER_TIMING iteration=8 barrier_iteration=0 backward_s=2.029805200 forward_s=0.282971400 total_s=2.312776600 outcome=accepted step_size=5.000000000e-01 backtracks=0 mu=1.000000000e+00
FILTERDDP_TIMING iteration=9 barrier_iteration=0 stage=6 derivative_s=0.016544700 first_order_s=0.005071400 second_order_s=0.011157000 algebra_s=0.102884400 kkt_assembly_s=0.003281300 factor_s=0.033067700 solve_s=0.132121900 update_s=0.008044200 K_nnz=393075 rhs_cols=1 Vxx_nnz=1040400
FILTERDDP_TIMING iteration=9 barrier_iteration=0 stage=5 derivative_s=0.015303000 first_order_s=0.005259000 second_order_s=0.009727800 algebra_s=0.072324400 kkt_assembly_s=0.002899600 factor_s=0.032718700 solve_s=0.166718200 update_s=0.008657000 K_nnz=393075 rhs_cols=1 Vxx_nnz=1040400
FILTERDDP_TIMING iteration=9 barrier_iteration=0 stage=4 derivative_s=0.015193300 first_order_s=0.005141300 second_order_s=0.009758400 algebra_s=0.206561300 kkt_assembly_s=0.003222600 factor_s=0.035638500 solve_s=0.112287900 update_s=0.008088900 K_nnz=393075 rhs_cols=1 Vxx_nnz=1040400
FILTERDDP_TIMING iteration=9 barrier_iteration=0 stage=3 derivative_s=0.015185900 first_order_s=0.005348600 second_order_s=0.009542300 algebra_s=0.076522500 kkt_assembly_s=0.003254100 factor_s=0.075865600 solve_s=0.109165100 update_s=0.010434000 K_nnz=393075 rhs_cols=1 Vxx_nnz=1040400
FILTERDDP_TIMING iteration=9 barrier_iteration=0 stage=2 derivative_s=0.029412100 first_order_s=0.010541100 second_order_s=0.018101100 algebra_s=0.140431200 kkt_assembly_s=0.002989900 factor_s=0.034920400 solve_s=0.107755000 update_s=0.137653700 K_nnz=393075 rhs_cols=1 Vxx_nnz=1040400
FILTERDDP_TIMING iteration=9 barrier_iteration=0 stage=1 derivative_s=0.017341000 first_order_s=0.005410500 second_order_s=0.011614000 algebra_s=0.078628800 kkt_assembly_s=0.003109700 factor_s=0.033782100 solve_s=0.106492100 update_s=0.010277500 K_nnz=393075 rhs_cols=1 Vxx_nnz=1040400
FILTERDDP_FEASIBILITY iteration=9 barrier_iteration=0 equality_count=253818 equality_rms=4.240615481194e-03 equality_max=7.366940106090e-02 equality_worst_stage=2 equality_worst_index=31063 dynamics_count=5100 dynamics_rms=0.000000000000e+00 dynamics_max=0.000000000000e+00 dynamics_worst_stage=0 dynamics_worst_index=0 bound_count=160764 bound_rms=0.000000000000e+00 bound_max=0.000000000000e+00 bound_worst_stage=0 bound_worst_index=0 bound_worst_kind=none
     9   2.85760396e+06   7.3669e-02   5.4747e+01   1.0000e+00    0.00      -     5.0000e-01   0
FILTERDDP_ITER_TIMING iteration=9 barrier_iteration=0 backward_s=1.977803600 forward_s=0.189353300 total_s=2.167156900 outcome=accepted step_size=5.000000000e-01 backtracks=0 mu=1.000000000e+00
FILTERDDP_TIMING iteration=10 barrier_iteration=0 stage=6 derivative_s=0.037300900 first_order_s=0.010974100 second_order_s=0.025807900 algebra_s=0.105860500 kkt_assembly_s=0.002926800 factor_s=0.034112200 solve_s=0.104332900 update_s=0.008896400 K_nnz=393075 rhs_cols=1 Vxx_nnz=1040400
FILTERDDP_TIMING iteration=10 barrier_iteration=0 stage=5 derivative_s=0.067466700 first_order_s=0.005234600 second_order_s=0.061939900 algebra_s=0.072594700 kkt_assembly_s=0.002860800 factor_s=0.032667300 solve_s=0.227224600 update_s=0.009380100 K_nnz=393075 rhs_cols=1 Vxx_nnz=1040400
FILTERDDP_TIMING iteration=10 barrier_iteration=0 stage=4 derivative_s=0.015618900 first_order_s=0.005194300 second_order_s=0.010091500 algebra_s=0.072870100 kkt_assembly_s=0.002856100 factor_s=0.033835000 solve_s=0.106303500 update_s=0.042624700 K_nnz=393075 rhs_cols=1 Vxx_nnz=1040400
FILTERDDP_TIMING iteration=10 barrier_iteration=0 stage=3 derivative_s=0.027724500 first_order_s=0.010441400 second_order_s=0.016788900 algebra_s=0.078035800 kkt_assembly_s=0.003140700 factor_s=0.035493100 solve_s=0.157875700 update_s=0.008946600 K_nnz=393075 rhs_cols=1 Vxx_nnz=1040400
FILTERDDP_TIMING iteration=10 barrier_iteration=0 stage=2 derivative_s=0.015931100 first_order_s=0.005935500 second_order_s=0.009634800 algebra_s=0.072860300 kkt_assembly_s=0.003242200 factor_s=0.169245000 solve_s=0.119124000 update_s=0.010780000 K_nnz=393075 rhs_cols=1 Vxx_nnz=1040400
FILTERDDP_TIMING iteration=10 barrier_iteration=0 stage=1 derivative_s=0.015611900 first_order_s=0.005409500 second_order_s=0.009850300 algebra_s=0.075341300 kkt_assembly_s=0.002951600 factor_s=0.060783200 solve_s=0.106233800 update_s=0.014606500 K_nnz=393075 rhs_cols=1 Vxx_nnz=1040400
FILTERDDP_FEASIBILITY iteration=10 barrier_iteration=0 equality_count=253818 equality_rms=2.233178669967e-03 equality_max=3.733957735414e-02 equality_worst_stage=2 equality_worst_index=31063 dynamics_count=5100 dynamics_rms=0.000000000000e+00 dynamics_max=0.000000000000e+00 dynamics_worst_stage=0 dynamics_worst_index=0 bound_count=160764 bound_rms=0.000000000000e+00 bound_max=0.000000000000e+00 bound_worst_stage=0 bound_worst_index=0 bound_worst_kind=none
  iter     objective        pr_inf       du_inf       cs_inf     lg(μ)   lg(reg)    alpha     ls
    10   2.86735837e+06   3.7340e-02   2.6633e+01   1.0000e+00    0.00      -     5.0000e-01   0
FILTERDDP_ITER_TIMING iteration=10 barrier_iteration=0 backward_s=1.967350400 forward_s=0.152557900 total_s=2.119908300 outcome=accepted step_size=5.000000000e-01 backtracks=0 mu=1.000000000e+00
FILTERDDP_TIMING iteration=11 barrier_iteration=0 stage=6 derivative_s=0.079464300 first_order_s=0.005879800 second_order_s=0.073283700 algebra_s=0.074589300 kkt_assembly_s=0.002884200 factor_s=0.033798500 solve_s=0.246233400 update_s=0.008812500 K_nnz=393075 rhs_cols=1 Vxx_nnz=1040400
FILTERDDP_TIMING iteration=11 barrier_iteration=0 stage=5 derivative_s=0.031891400 first_order_s=0.010389400 second_order_s=0.020866800 algebra_s=0.106552100 kkt_assembly_s=0.004653700 factor_s=0.037674100 solve_s=0.139509900 update_s=0.007569300 K_nnz=393075 rhs_cols=1 Vxx_nnz=1040400
FILTERDDP_TIMING iteration=11 barrier_iteration=0 stage=4 derivative_s=0.015212300 first_order_s=0.005468700 second_order_s=0.009446800 algebra_s=0.073411700 kkt_assembly_s=0.003162200 factor_s=0.035385800 solve_s=0.163499800 update_s=0.009737400 K_nnz=393075 rhs_cols=1 Vxx_nnz=1040400
FILTERDDP_TIMING iteration=11 barrier_iteration=0 stage=3 derivative_s=0.015141000 first_order_s=0.005651100 second_order_s=0.009109600 algebra_s=0.073843700 kkt_assembly_s=0.003024300 factor_s=0.172308500 solve_s=0.108026500 update_s=0.009662100 K_nnz=393075 rhs_cols=1 Vxx_nnz=1040400
FILTERDDP_TIMING iteration=11 barrier_iteration=0 stage=2 derivative_s=0.015132900 first_order_s=0.005024000 second_order_s=0.009797700 algebra_s=0.074500800 kkt_assembly_s=0.003020600 factor_s=0.033957200 solve_s=0.132142600 update_s=0.007950200 K_nnz=393075 rhs_cols=1 Vxx_nnz=1040400
FILTERDDP_TIMING iteration=11 barrier_iteration=0 stage=1 derivative_s=0.015660500 first_order_s=0.005417100 second_order_s=0.009798000 algebra_s=0.124538300 kkt_assembly_s=0.002848900 factor_s=0.034089300 solve_s=0.111689100 update_s=0.008905900 K_nnz=393075 rhs_cols=1 Vxx_nnz=1040400
FILTERDDP_FEASIBILITY iteration=11 barrier_iteration=0 equality_count=253818 equality_rms=1.273631073901e-03 equality_max=1.915837591107e-02 equality_worst_stage=2 equality_worst_index=31063 dynamics_count=5100 dynamics_rms=0.000000000000e+00 dynamics_max=0.000000000000e+00 dynamics_worst_stage=0 dynamics_worst_index=0 bound_count=160764 bound_rms=0.000000000000e+00 bound_max=0.000000000000e+00 bound_worst_stage=0 bound_worst_index=0 bound_worst_kind=none
    11   2.87764372e+06   1.9158e-02   1.3031e+01   1.0000e+00    0.00      -     5.0000e-01   0
FILTERDDP_ITER_TIMING iteration=11 barrier_iteration=0 backward_s=2.029454500 forward_s=0.275977900 total_s=2.305432400 outcome=accepted step_size=5.000000000e-01 backtracks=0 mu=1.000000000e+00
FILTERDDP_TIMING iteration=12 barrier_iteration=0 stage=6 derivative_s=0.016047000 first_order_s=0.005209500 second_order_s=0.010531600 algebra_s=0.078281900 kkt_assembly_s=0.003194100 factor_s=0.033309600 solve_s=0.129237300 update_s=0.009006700 K_nnz=393075 rhs_cols=1 Vxx_nnz=1040400
FILTERDDP_TIMING iteration=12 barrier_iteration=0 stage=5 derivative_s=0.014969000 first_order_s=0.005162600 second_order_s=0.009498700 algebra_s=0.075182500 kkt_assembly_s=0.002894400 factor_s=0.032283100 solve_s=0.162609500 update_s=0.008987400 K_nnz=393075 rhs_cols=1 Vxx_nnz=1040400
FILTERDDP_TIMING iteration=12 barrier_iteration=0 stage=4 derivative_s=0.015479200 first_order_s=0.005168000 second_order_s=0.010008800 algebra_s=0.202782100 kkt_assembly_s=0.002891900 factor_s=0.033110100 solve_s=0.106858800 update_s=0.008956500 K_nnz=393075 rhs_cols=1 Vxx_nnz=1040400
FILTERDDP_TIMING iteration=12 barrier_iteration=0 stage=3 derivative_s=0.021833900 first_order_s=0.005841800 second_order_s=0.015683200 algebra_s=0.078521800 kkt_assembly_s=0.003080500 factor_s=0.063634300 solve_s=0.102661300 update_s=0.009564500 K_nnz=393075 rhs_cols=1 Vxx_nnz=1040400
FILTERDDP_TIMING iteration=12 barrier_iteration=0 stage=2 derivative_s=0.017466300 first_order_s=0.005682400 second_order_s=0.011465400 algebra_s=0.131032300 kkt_assembly_s=0.002941300 factor_s=0.034388500 solve_s=0.108100800 update_s=0.010616000 K_nnz=393075 rhs_cols=1 Vxx_nnz=1040400
FILTERDDP_TIMING iteration=12 barrier_iteration=0 stage=1 derivative_s=0.120438600 first_order_s=0.005140200 second_order_s=0.114996100 algebra_s=0.076496500 kkt_assembly_s=0.002989600 factor_s=0.033613700 solve_s=0.103838100 update_s=0.010228300 K_nnz=393075 rhs_cols=1 Vxx_nnz=1040400
FILTERDDP_FEASIBILITY iteration=12 barrier_iteration=0 equality_count=253818 equality_rms=7.969572183555e-04 equality_max=9.902966652326e-03 equality_worst_stage=5 equality_worst_index=31063 dynamics_count=5100 dynamics_rms=0.000000000000e+00 dynamics_max=0.000000000000e+00 dynamics_worst_stage=0 dynamics_worst_index=0 bound_count=160764 bound_rms=0.000000000000e+00 bound_max=0.000000000000e+00 bound_worst_stage=0 bound_worst_index=0 bound_worst_kind=none
FILTERDDP_ITER_TIMING iteration=12 barrier_iteration=0 backward_s=1.876383400 forward_s=0.000000000 total_s=1.876383400 outcome=barrier_update step_size=5.000000000e-01 backtracks=0 mu=1.000000000e+00
FILTERDDP_TIMING iteration=12 barrier_iteration=1 stage=6 derivative_s=0.045564600 first_order_s=0.005232100 second_order_s=0.040039700 algebra_s=0.079346800 kkt_assembly_s=0.002939800 factor_s=0.034413000 solve_s=0.157146000 update_s=0.010192900 K_nnz=393075 rhs_cols=1 Vxx_nnz=1040400
FILTERDDP_TIMING iteration=12 barrier_iteration=1 stage=5 derivative_s=0.015358800 first_order_s=0.005539300 second_order_s=0.009522000 algebra_s=0.074228400 kkt_assembly_s=0.003141100 factor_s=0.158245100 solve_s=0.103440300 update_s=0.009108500 K_nnz=393075 rhs_cols=1 Vxx_nnz=1040400
FILTERDDP_TIMING iteration=12 barrier_iteration=1 stage=4 derivative_s=0.015370100 first_order_s=0.005338600 second_order_s=0.009718300 algebra_s=0.075482600 kkt_assembly_s=0.003089300 factor_s=0.059612100 solve_s=0.102970000 update_s=0.009150500 K_nnz=393075 rhs_cols=1 Vxx_nnz=1040400
FILTERDDP_TIMING iteration=12 barrier_iteration=1 stage=3 derivative_s=0.015084200 first_order_s=0.005139200 second_order_s=0.009627600 algebra_s=0.137853800 kkt_assembly_s=0.003093100 factor_s=0.035072700 solve_s=0.117651500 update_s=0.008522900 K_nnz=393075 rhs_cols=1 Vxx_nnz=1040400
FILTERDDP_TIMING iteration=12 barrier_iteration=1 stage=2 derivative_s=0.143378400 first_order_s=0.131713700 second_order_s=0.011359300 algebra_s=0.073943600 kkt_assembly_s=0.003181300 factor_s=0.032963300 solve_s=0.115639100 update_s=0.009588600 K_nnz=393075 rhs_cols=1 Vxx_nnz=1040400
FILTERDDP_TIMING iteration=12 barrier_iteration=1 stage=1 derivative_s=0.016891000 first_order_s=0.006032100 second_order_s=0.010555900 algebra_s=0.104441100 kkt_assembly_s=0.002993100 factor_s=0.032002800 solve_s=0.107694000 update_s=0.070218100 K_nnz=393075 rhs_cols=1 Vxx_nnz=1040400
FILTERDDP_FEASIBILITY iteration=12 barrier_iteration=1 equality_count=253818 equality_rms=7.969572183555e-04 equality_max=9.902966652326e-03 equality_worst_stage=5 equality_worst_index=31063 dynamics_count=5100 dynamics_rms=0.000000000000e+00 dynamics_max=0.000000000000e+00 dynamics_worst_stage=0 dynamics_worst_index=0 bound_count=160764 bound_rms=0.000000000000e+00 bound_max=0.000000000000e+00 bound_worst_stage=0 bound_worst_index=0 bound_worst_kind=none
    12   2.88641761e+06   9.9030e-03   6.4311e+00   1.0000e+00   -0.70      -     5.0000e-01   0
FILTERDDP_ITER_TIMING iteration=12 barrier_iteration=1 backward_s=1.995631800 forward_s=0.174532200 total_s=2.170164000 outcome=accepted step_size=5.000000000e-01 backtracks=0 mu=2.000000000e-01
FILTERDDP_TIMING iteration=13 barrier_iteration=1 stage=6 derivative_s=0.021723900 first_order_s=0.006202900 second_order_s=0.015220300 algebra_s=0.211669400 kkt_assembly_s=0.002860600 factor_s=0.033082500 solve_s=0.105463700 update_s=0.012578400 K_nnz=393075 rhs_cols=1 Vxx_nnz=1040400
FILTERDDP_TIMING iteration=13 barrier_iteration=1 stage=5 derivative_s=0.015239400 first_order_s=0.005228500 second_order_s=0.009716500 algebra_s=0.099559800 kkt_assembly_s=0.043844900 factor_s=0.033123300 solve_s=0.103622300 update_s=0.008173800 K_nnz=393075 rhs_cols=1 Vxx_nnz=1040400
FILTERDDP_TIMING iteration=13 barrier_iteration=1 stage=4 derivative_s=0.015307800 first_order_s=0.005503600 second_order_s=0.009500200 algebra_s=0.133044900 kkt_assembly_s=0.003097100 factor_s=0.033487700 solve_s=0.112224000 update_s=0.009020300 K_nnz=393075 rhs_cols=1 Vxx_nnz=1040400
FILTERDDP_TIMING iteration=13 barrier_iteration=1 stage=3 derivative_s=0.121983700 first_order_s=0.114644500 second_order_s=0.007015500 algebra_s=0.072249800 kkt_assembly_s=0.002839400 factor_s=0.033264200 solve_s=0.103444700 update_s=0.036282000 K_nnz=393075 rhs_cols=1 Vxx_nnz=1040400
FILTERDDP_TIMING iteration=13 barrier_iteration=1 stage=2 derivative_s=0.014729900 first_order_s=0.004962500 second_order_s=0.009446200 algebra_s=0.099702100 kkt_assembly_s=0.002994100 factor_s=0.033107600 solve_s=0.149954800 update_s=0.008876200 K_nnz=393075 rhs_cols=1 Vxx_nnz=1040400
FILTERDDP_TIMING iteration=13 barrier_iteration=1 stage=1 derivative_s=0.015792400 first_order_s=0.005338400 second_order_s=0.010144500 algebra_s=0.073290900 kkt_assembly_s=0.003182500 factor_s=0.163707000 solve_s=0.101387300 update_s=0.009629600 K_nnz=393075 rhs_cols=1 Vxx_nnz=1040400
FILTERDDP_FEASIBILITY iteration=13 barrier_iteration=1 equality_count=253818 equality_rms=1.691995266319e-03 equality_max=1.837398570495e-02 equality_worst_stage=5 equality_worst_index=35783 dynamics_count=5100 dynamics_rms=0.000000000000e+00 dynamics_max=0.000000000000e+00 dynamics_worst_stage=0 dynamics_worst_index=0 bound_count=160764 bound_rms=0.000000000000e+00 bound_max=0.000000000000e+00 bound_worst_stage=0 bound_worst_index=0 bound_worst_kind=none
    13   2.87021139e+06   1.8374e-02   3.4217e+00   6.2474e-01   -0.70      -     5.0000e-01   0
FILTERDDP_ITER_TIMING iteration=13 barrier_iteration=1 backward_s=2.052491400 forward_s=0.135817200 total_s=2.188308600 outcome=accepted step_size=1.000000000e+00 backtracks=0 mu=2.000000000e-01
FILTERDDP_TIMING iteration=14 barrier_iteration=1 stage=6 derivative_s=0.017184500 first_order_s=0.005397300 second_order_s=0.011446500 algebra_s=0.117603100 kkt_assembly_s=0.002883000 factor_s=0.034104200 solve_s=0.108703200 update_s=0.009648900 K_nnz=393075 rhs_cols=1 Vxx_nnz=1040400
FILTERDDP_TIMING iteration=14 barrier_iteration=1 stage=5 derivative_s=0.066665800 first_order_s=0.005223200 second_order_s=0.061121200 algebra_s=0.091950000 kkt_assembly_s=0.002856800 factor_s=0.033961800 solve_s=0.220439100 update_s=0.008310500 K_nnz=393075 rhs_cols=1 Vxx_nnz=1040400
FILTERDDP_TIMING iteration=14 barrier_iteration=1 stage=4 derivative_s=0.015281000 first_order_s=0.005456200 second_order_s=0.009516000 algebra_s=0.073373300 kkt_assembly_s=0.002863200 factor_s=0.034262000 solve_s=0.109490200 update_s=0.009575300 K_nnz=393075 rhs_cols=1 Vxx_nnz=1040400
FILTERDDP_TIMING iteration=14 barrier_iteration=1 stage=3 derivative_s=0.047776200 first_order_s=0.037871200 second_order_s=0.009603100 algebra_s=0.070876300 kkt_assembly_s=0.002952800 factor_s=0.032364200 solve_s=0.176266000 update_s=0.009407000 K_nnz=393075 rhs_cols=1 Vxx_nnz=1040400
FILTERDDP_TIMING iteration=14 barrier_iteration=1 stage=2 derivative_s=0.017473000 first_order_s=0.006311300 second_order_s=0.010707600 algebra_s=0.074756500 kkt_assembly_s=0.003197000 factor_s=0.036506600 solve_s=0.231830700 update_s=0.008470800 K_nnz=393075 rhs_cols=1 Vxx_nnz=1040400
FILTERDDP_TIMING iteration=14 barrier_iteration=1 stage=1 derivative_s=0.014649300 first_order_s=0.005454100 second_order_s=0.008900800 algebra_s=0.072268200 kkt_assembly_s=0.002938200 factor_s=0.033875900 solve_s=0.131909500 update_s=0.013413100 K_nnz=393075 rhs_cols=1 Vxx_nnz=1040400
FILTERDDP_FEASIBILITY iteration=14 barrier_iteration=1 equality_count=253818 equality_rms=3.468339525642e-03 equality_max=4.229369366816e-02 equality_worst_stage=5 equality_worst_index=35783 dynamics_count=5100 dynamics_rms=0.000000000000e+00 dynamics_max=0.000000000000e+00 dynamics_worst_stage=0 dynamics_worst_index=0 bound_count=160764 bound_rms=0.000000000000e+00 bound_max=0.000000000000e+00 bound_worst_stage=0 bound_worst_index=0 bound_worst_kind=none
FILTERDDP_ITER_TIMING iteration=14 barrier_iteration=1 backward_s=1.947959800 forward_s=0.000000000 total_s=1.947959800 outcome=barrier_update step_size=1.000000000e+00 backtracks=0 mu=2.000000000e-01
FILTERDDP_TIMING iteration=14 barrier_iteration=2 stage=6 derivative_s=0.017581500 first_order_s=0.005601900 second_order_s=0.011671300 algebra_s=0.076895900 kkt_assembly_s=0.059427000 factor_s=0.033657200 solve_s=0.102180500 update_s=0.009543200 K_nnz=393075 rhs_cols=1 Vxx_nnz=1040400
FILTERDDP_TIMING iteration=14 barrier_iteration=2 stage=5 derivative_s=0.143186900 first_order_s=0.005388400 second_order_s=0.137482400 algebra_s=0.072573500 kkt_assembly_s=0.002863600 factor_s=0.031018300 solve_s=0.105010800 update_s=0.008178700 K_nnz=393075 rhs_cols=1 Vxx_nnz=1040400
FILTERDDP_TIMING iteration=14 barrier_iteration=2 stage=4 derivative_s=0.015261300 first_order_s=0.005182500 second_order_s=0.009758800 algebra_s=0.101662600 kkt_assembly_s=0.002909800 factor_s=0.033905200 solve_s=0.108102000 update_s=0.008639600 K_nnz=393075 rhs_cols=1 Vxx_nnz=1040400
FILTERDDP_TIMING iteration=14 barrier_iteration=2 stage=3 derivative_s=0.015583000 first_order_s=0.005346400 second_order_s=0.009925300 algebra_s=0.136255700 kkt_assembly_s=0.002846200 factor_s=0.033758700 solve_s=0.223762800 update_s=0.008647600 K_nnz=393075 rhs_cols=1 Vxx_nnz=1040400
FILTERDDP_TIMING iteration=14 barrier_iteration=2 stage=2 derivative_s=0.018386600 first_order_s=0.005134500 second_order_s=0.012952800 algebra_s=0.073197100 kkt_assembly_s=0.002880100 factor_s=0.033701700 solve_s=0.110854400 update_s=0.040768800 K_nnz=393075 rhs_cols=1 Vxx_nnz=1040400
FILTERDDP_TIMING iteration=14 barrier_iteration=2 stage=1 derivative_s=0.020562300 first_order_s=0.006314600 second_order_s=0.013902500 algebra_s=0.073923100 kkt_assembly_s=0.003012900 factor_s=0.033321500 solve_s=0.153065600 update_s=0.009035300 K_nnz=393075 rhs_cols=1 Vxx_nnz=1040400
FILTERDDP_FEASIBILITY iteration=14 barrier_iteration=2 equality_count=253818 equality_rms=3.468339525642e-03 equality_max=4.229369366816e-02 equality_worst_stage=5 equality_worst_index=35783 dynamics_count=5100 dynamics_rms=0.000000000000e+00 dynamics_max=0.000000000000e+00 dynamics_worst_stage=0 dynamics_worst_index=0 bound_count=160764 bound_rms=0.000000000000e+00 bound_max=0.000000000000e+00 bound_worst_stage=0 bound_worst_index=0 bound_worst_kind=none
    14   2.85088063e+06   4.2294e-02   7.2876e-01   2.5119e-01   -1.40      -     1.0000e+00   0
FILTERDDP_ITER_TIMING iteration=14 barrier_iteration=2 backward_s=1.934520200 forward_s=0.147412300 total_s=2.081932500 outcome=accepted step_size=1.000000000e+00 backtracks=0 mu=4.000000000e-02
FILTERDDP_TIMING iteration=15 barrier_iteration=2 stage=6 derivative_s=0.023531600 first_order_s=0.006438800 second_order_s=0.016727100 algebra_s=0.184832900 kkt_assembly_s=0.003010500 factor_s=0.033954700 solve_s=0.117151400 update_s=0.009781700 K_nnz=393075 rhs_cols=1 Vxx_nnz=1040400
FILTERDDP_TIMING iteration=15 barrier_iteration=2 stage=5 derivative_s=0.015298300 first_order_s=0.005115900 second_order_s=0.009870700 algebra_s=0.110245000 kkt_assembly_s=0.002955000 factor_s=0.034754500 solve_s=0.105137200 update_s=0.068789800 K_nnz=393075 rhs_cols=1 Vxx_nnz=1040400
FILTERDDP_TIMING iteration=15 barrier_iteration=2 stage=4 derivative_s=0.015213900 first_order_s=0.005371200 second_order_s=0.009531700 algebra_s=0.072815900 kkt_assembly_s=0.003743700 factor_s=0.035924400 solve_s=0.238691400 update_s=0.009355000 K_nnz=393075 rhs_cols=1 Vxx_nnz=1040400
FILTERDDP_TIMING iteration=15 barrier_iteration=2 stage=3 derivative_s=0.015607500 first_order_s=0.005503000 second_order_s=0.009802500 algebra_s=0.075001700 kkt_assembly_s=0.003019400 factor_s=0.035642000 solve_s=0.166315700 update_s=0.008127100 K_nnz=393075 rhs_cols=1 Vxx_nnz=1040400
FILTERDDP_TIMING iteration=15 barrier_iteration=2 stage=2 derivative_s=0.016416600 first_order_s=0.005506700 second_order_s=0.010585800 algebra_s=0.072642600 kkt_assembly_s=0.002981700 factor_s=0.033411500 solve_s=0.172905900 update_s=0.008751800 K_nnz=393075 rhs_cols=1 Vxx_nnz=1040400
FILTERDDP_TIMING iteration=15 barrier_iteration=2 stage=1 derivative_s=0.017786000 first_order_s=0.005692500 second_order_s=0.011780500 algebra_s=0.202070200 kkt_assembly_s=0.002875300 factor_s=0.032903600 solve_s=0.128893700 update_s=0.008159400 K_nnz=393075 rhs_cols=1 Vxx_nnz=1040400
FILTERDDP_FEASIBILITY iteration=15 barrier_iteration=2 equality_count=253818 equality_rms=4.077539745328e-03 equality_max=6.042244906208e-02 equality_worst_stage=3 equality_worst_index=34183 dynamics_count=5100 dynamics_rms=0.000000000000e+00 dynamics_max=0.000000000000e+00 dynamics_worst_stage=0 dynamics_worst_index=0 bound_count=160764 bound_rms=0.000000000000e+00 bound_max=0.000000000000e+00 bound_worst_stage=0 bound_worst_index=0 bound_worst_kind=none
    15   2.83919133e+06   6.0422e-02   3.2195e+00   6.8747e-02   -1.40      -     1.0000e+00   0
FILTERDDP_ITER_TIMING iteration=15 barrier_iteration=2 backward_s=2.097539000 forward_s=0.134781400 total_s=2.232320400 outcome=accepted step_size=1.000000000e+00 backtracks=0 mu=4.000000000e-02
FILTERDDP_TIMING iteration=16 barrier_iteration=2 stage=6 derivative_s=0.017171300 first_order_s=0.005496400 second_order_s=0.011378000 algebra_s=0.101033500 kkt_assembly_s=0.003124800 factor_s=0.032521900 solve_s=0.106482800 update_s=0.008686900 K_nnz=393075 rhs_cols=1 Vxx_nnz=1040400
FILTERDDP_TIMING iteration=16 barrier_iteration=2 stage=5 derivative_s=0.077361100 first_order_s=0.065834000 second_order_s=0.011203300 algebra_s=0.084956200 kkt_assembly_s=0.003140900 factor_s=0.034962100 solve_s=0.236063200 update_s=0.009118800 K_nnz=393075 rhs_cols=1 Vxx_nnz=1040400
FILTERDDP_TIMING iteration=16 barrier_iteration=2 stage=4 derivative_s=0.014624800 first_order_s=0.005339900 second_order_s=0.008975600 algebra_s=0.077333200 kkt_assembly_s=0.003075300 factor_s=0.034499000 solve_s=0.106177700 update_s=0.040561100 K_nnz=393075 rhs_cols=1 Vxx_nnz=1040400
FILTERDDP_TIMING iteration=16 barrier_iteration=2 stage=3 derivative_s=0.016530600 first_order_s=0.004989600 second_order_s=0.011246300 algebra_s=0.073388500 kkt_assembly_s=0.002848100 factor_s=0.033027600 solve_s=0.154216100 update_s=0.008852900 K_nnz=393075 rhs_cols=1 Vxx_nnz=1040400
FILTERDDP_TIMING iteration=16 barrier_iteration=2 stage=2 derivative_s=0.015676900 first_order_s=0.005405600 second_order_s=0.009977000 algebra_s=0.072787600 kkt_assembly_s=0.003083600 factor_s=0.035284800 solve_s=0.240601800 update_s=0.009628800 K_nnz=393075 rhs_cols=1 Vxx_nnz=1040400
FILTERDDP_TIMING iteration=16 barrier_iteration=2 stage=1 derivative_s=0.017836700 first_order_s=0.006195900 second_order_s=0.011322400 algebra_s=0.079498400 kkt_assembly_s=0.003026000 factor_s=0.035778900 solve_s=0.134779900 update_s=0.007939300 K_nnz=393075 rhs_cols=1 Vxx_nnz=1040400
FILTERDDP_FEASIBILITY iteration=16 barrier_iteration=2 equality_count=253818 equality_rms=6.625293130765e-04 equality_max=1.511113187971e-02 equality_worst_stage=3 equality_worst_index=34183 dynamics_count=5100 dynamics_rms=0.000000000000e+00 dynamics_max=0.000000000000e+00 dynamics_worst_stage=0 dynamics_worst_index=0 bound_count=160764 bound_rms=0.000000000000e+00 bound_max=0.000000000000e+00 bound_worst_stage=0 bound_worst_index=0 bound_worst_kind=none
FILTERDDP_ITER_TIMING iteration=16 barrier_iteration=2 backward_s=1.943496600 forward_s=0.000000000 total_s=1.943496600 outcome=barrier_update step_size=1.000000000e+00 backtracks=0 mu=4.000000000e-02
FILTERDDP_TIMING iteration=16 barrier_iteration=3 stage=6 derivative_s=0.017004700 first_order_s=0.005335100 second_order_s=0.011324000 algebra_s=0.077714800 kkt_assembly_s=0.059153900 factor_s=0.033025000 solve_s=0.106460300 update_s=0.010408500 K_nnz=393075 rhs_cols=1 Vxx_nnz=1040400
FILTERDDP_TIMING iteration=16 barrier_iteration=3 stage=5 derivative_s=0.138947300 first_order_s=0.005071400 second_order_s=0.133522400 algebra_s=0.071657700 kkt_assembly_s=0.002960600 factor_s=0.031445900 solve_s=0.104025200 update_s=0.009714100 K_nnz=393075 rhs_cols=1 Vxx_nnz=1040400
FILTERDDP_TIMING iteration=16 barrier_iteration=3 stage=4 derivative_s=0.015160700 first_order_s=0.005472200 second_order_s=0.009315600 algebra_s=0.101158600 kkt_assembly_s=0.002945400 factor_s=0.035049000 solve_s=0.107246500 update_s=0.008916200 K_nnz=393075 rhs_cols=1 Vxx_nnz=1040400
FILTERDDP_TIMING iteration=16 barrier_iteration=3 stage=3 derivative_s=0.015007200 first_order_s=0.005330500 second_order_s=0.009364500 algebra_s=0.130846700 kkt_assembly_s=0.002866000 factor_s=0.033543100 solve_s=0.226731900 update_s=0.009022000 K_nnz=393075 rhs_cols=1 Vxx_nnz=1040400
FILTERDDP_TIMING iteration=16 barrier_iteration=3 stage=2 derivative_s=0.015103500 first_order_s=0.005170100 second_order_s=0.009600500 algebra_s=0.077299300 kkt_assembly_s=0.002926000 factor_s=0.033336000 solve_s=0.103052300 update_s=0.009225100 K_nnz=393075 rhs_cols=1 Vxx_nnz=1040400
FILTERDDP_TIMING iteration=16 barrier_iteration=3 stage=1 derivative_s=0.047147500 first_order_s=0.005635700 second_order_s=0.041183200 algebra_s=0.073393300 kkt_assembly_s=0.002930000 factor_s=0.033430300 solve_s=0.156970900 update_s=0.007763400 K_nnz=393075 rhs_cols=1 Vxx_nnz=1040400
FILTERDDP_FEASIBILITY iteration=16 barrier_iteration=3 equality_count=253818 equality_rms=6.625293130765e-04 equality_max=1.511113187971e-02 equality_worst_stage=3 equality_worst_index=34183 dynamics_count=5100 dynamics_rms=0.000000000000e+00 dynamics_max=0.000000000000e+00 dynamics_worst_stage=0 dynamics_worst_index=0 bound_count=160764 bound_rms=0.000000000000e+00 bound_max=0.000000000000e+00 bound_worst_stage=0 bound_worst_index=0 bound_worst_kind=none
FILTERDDP_ITER_TIMING iteration=16 barrier_iteration=3 backward_s=1.922903200 forward_s=0.000000000 total_s=1.922903200 outcome=barrier_update step_size=1.000000000e+00 backtracks=0 mu=8.000000000e-03
FILTERDDP_TIMING iteration=16 barrier_iteration=4 stage=6 derivative_s=0.016655700 first_order_s=0.005132800 second_order_s=0.011188200 algebra_s=0.078852600 kkt_assembly_s=0.003338700 factor_s=0.168284900 solve_s=0.126576900 update_s=0.009085700 K_nnz=393075 rhs_cols=1 Vxx_nnz=1040400
FILTERDDP_TIMING iteration=16 barrier_iteration=4 stage=5 derivative_s=0.015603900 first_order_s=0.005448500 second_order_s=0.009845600 algebra_s=0.076503000 kkt_assembly_s=0.002893000 factor_s=0.032253900 solve_s=0.132804000 update_s=0.008995700 K_nnz=393075 rhs_cols=1 Vxx_nnz=1040400
FILTERDDP_TIMING iteration=16 barrier_iteration=4 stage=4 derivative_s=0.015480200 first_order_s=0.005225700 second_order_s=0.009945400 algebra_s=0.077933900 kkt_assembly_s=0.057104100 factor_s=0.033905900 solve_s=0.107749200 update_s=0.009148500 K_nnz=393075 rhs_cols=1 Vxx_nnz=1040400
FILTERDDP_TIMING iteration=16 barrier_iteration=4 stage=3 derivative_s=0.015253000 first_order_s=0.005357100 second_order_s=0.009580400 algebra_s=0.181734500 kkt_assembly_s=0.003011400 factor_s=0.033332700 solve_s=0.106465000 update_s=0.008862000 K_nnz=393075 rhs_cols=1 Vxx_nnz=1040400
FILTERDDP_TIMING iteration=16 barrier_iteration=4 stage=2 derivative_s=0.014878700 first_order_s=0.005163500 second_order_s=0.009399600 algebra_s=0.117341000 kkt_assembly_s=0.002985300 factor_s=0.037566900 solve_s=0.108223200 update_s=0.009278800 K_nnz=393075 rhs_cols=1 Vxx_nnz=1040400
FILTERDDP_TIMING iteration=16 barrier_iteration=4 stage=1 derivative_s=0.069395300 first_order_s=0.005188300 second_order_s=0.063912300 algebra_s=0.073149700 kkt_assembly_s=0.003078100 factor_s=0.034989500 solve_s=0.213361400 update_s=0.008752900 K_nnz=393075 rhs_cols=1 Vxx_nnz=1040400
FILTERDDP_FEASIBILITY iteration=16 barrier_iteration=4 equality_count=253818 equality_rms=6.625293130765e-04 equality_max=1.511113187971e-02 equality_worst_stage=3 equality_worst_index=34183 dynamics_count=5100 dynamics_rms=0.000000000000e+00 dynamics_max=0.000000000000e+00 dynamics_worst_stage=0 dynamics_worst_index=0 bound_count=160764 bound_rms=0.000000000000e+00 bound_max=0.000000000000e+00 bound_worst_stage=0 bound_worst_index=0 bound_worst_kind=none
    16   2.83918777e+06   1.5111e-02   6.7831e-02   4.2160e-02   -2.80      -     1.0000e+00   0
FILTERDDP_ITER_TIMING iteration=16 barrier_iteration=4 backward_s=2.024257700 forward_s=0.193826900 total_s=2.218084600 outcome=accepted step_size=5.000000000e-01 backtracks=0 mu=1.600000000e-03
FILTERDDP_TIMING iteration=17 barrier_iteration=4 stage=6 derivative_s=0.017928100 first_order_s=0.005575300 second_order_s=0.012054000 algebra_s=0.102695100 kkt_assembly_s=0.003351200 factor_s=0.034368200 solve_s=0.152264700 update_s=0.014740600 K_nnz=393075 rhs_cols=1 Vxx_nnz=1040400
FILTERDDP_TIMING iteration=17 barrier_iteration=4 stage=5 derivative_s=0.031981400 first_order_s=0.012072500 second_order_s=0.019224600 algebra_s=0.142654800 kkt_assembly_s=0.002966700 factor_s=0.033929500 solve_s=0.103929200 update_s=0.008933300 K_nnz=393075 rhs_cols=1 Vxx_nnz=1040400
FILTERDDP_TIMING iteration=17 barrier_iteration=4 stage=4 derivative_s=0.143166800 first_order_s=0.004968200 second_order_s=0.137892900 algebra_s=0.073175600 kkt_assembly_s=0.002893600 factor_s=0.033261800 solve_s=0.115583600 update_s=0.011692800 K_nnz=393075 rhs_cols=1 Vxx_nnz=1040400
FILTERDDP_TIMING iteration=17 barrier_iteration=4 stage=3 derivative_s=0.019691400 first_order_s=0.006656700 second_order_s=0.012627600 algebra_s=0.105802200 kkt_assembly_s=0.002861500 factor_s=0.032998800 solve_s=0.107422100 update_s=0.009390700 K_nnz=393075 rhs_cols=1 Vxx_nnz=1040400
FILTERDDP_TIMING iteration=17 barrier_iteration=4 stage=2 derivative_s=0.072286300 first_order_s=0.005187300 second_order_s=0.066803200 algebra_s=0.072045100 kkt_assembly_s=0.002989300 factor_s=0.033241800 solve_s=0.222250600 update_s=0.008175900 K_nnz=393075 rhs_cols=1 Vxx_nnz=1040400
FILTERDDP_TIMING iteration=17 barrier_iteration=4 stage=1 derivative_s=0.018598800 first_order_s=0.005355500 second_order_s=0.012937000 algebra_s=0.074847300 kkt_assembly_s=0.002849700 factor_s=0.033762800 solve_s=0.109008600 update_s=0.008072900 K_nnz=393075 rhs_cols=1 Vxx_nnz=1040400
FILTERDDP_FEASIBILITY iteration=17 barrier_iteration=4 equality_count=253818 equality_rms=4.663435862965e-04 equality_max=1.045987855775e-02 equality_worst_stage=3 equality_worst_index=31093 dynamics_count=5100 dynamics_rms=0.000000000000e+00 dynamics_max=0.000000000000e+00 dynamics_worst_stage=0 dynamics_worst_index=0 bound_count=160764 bound_rms=0.000000000000e+00 bound_max=0.000000000000e+00 bound_worst_stage=0 bound_worst_index=0 bound_worst_kind=none
    17   2.83794014e+06   1.0460e-02   1.7016e+00   2.3305e-02   -2.80      -     5.0000e-01   0
FILTERDDP_ITER_TIMING iteration=17 barrier_iteration=4 backward_s=1.974098900 forward_s=0.234719900 total_s=2.208818800 outcome=accepted step_size=5.000000000e-01 backtracks=0 mu=1.600000000e-03
FILTERDDP_TIMING iteration=18 barrier_iteration=4 stage=6 derivative_s=0.021225200 first_order_s=0.005899400 second_order_s=0.015011100 algebra_s=0.145627800 kkt_assembly_s=0.002883600 factor_s=0.034283100 solve_s=0.114496600 update_s=0.009304300 K_nnz=393075 rhs_cols=1 Vxx_nnz=1040400
FILTERDDP_TIMING iteration=18 barrier_iteration=4 stage=5 derivative_s=0.137907100 first_order_s=0.005252300 second_order_s=0.132335800 algebra_s=0.074360400 kkt_assembly_s=0.002982800 factor_s=0.035150800 solve_s=0.105090100 update_s=0.009112800 K_nnz=393075 rhs_cols=1 Vxx_nnz=1040400
FILTERDDP_TIMING iteration=18 barrier_iteration=4 stage=4 derivative_s=0.045392700 first_order_s=0.005455500 second_order_s=0.039620700 algebra_s=0.075167100 kkt_assembly_s=0.002955900 factor_s=0.031823500 solve_s=0.102629400 update_s=0.068390000 K_nnz=393075 rhs_cols=1 Vxx_nnz=1040400
FILTERDDP_TIMING iteration=18 barrier_iteration=4 stage=3 derivative_s=0.015199600 first_order_s=0.005296600 second_order_s=0.009550400 algebra_s=0.072180500 kkt_assembly_s=0.002911500 factor_s=0.034225500 solve_s=0.236823600 update_s=0.008930000 K_nnz=393075 rhs_cols=1 Vxx_nnz=1040400
FILTERDDP_TIMING iteration=18 barrier_iteration=4 stage=2 derivative_s=0.015295900 first_order_s=0.005536400 second_order_s=0.009468100 algebra_s=0.074787600 kkt_assembly_s=0.003106000 factor_s=0.036498400 solve_s=0.134932400 update_s=0.007924100 K_nnz=393075 rhs_cols=1 Vxx_nnz=1040400
FILTERDDP_TIMING iteration=18 barrier_iteration=4 stage=1 derivative_s=0.015731000 first_order_s=0.005222400 second_order_s=0.010200000 algebra_s=0.074239500 kkt_assembly_s=0.003070300 factor_s=0.033702500 solve_s=0.162282300 update_s=0.009269400 K_nnz=393075 rhs_cols=1 Vxx_nnz=1040400
FILTERDDP_FEASIBILITY iteration=18 barrier_iteration=4 equality_count=253818 equality_rms=2.887935836534e-04 equality_max=6.537753265647e-03 equality_worst_stage=3 equality_worst_index=31093 dynamics_count=5100 dynamics_rms=0.000000000000e+00 dynamics_max=0.000000000000e+00 dynamics_worst_stage=0 dynamics_worst_index=0 bound_count=160764 bound_rms=0.000000000000e+00 bound_max=0.000000000000e+00 bound_worst_stage=0 bound_worst_index=0 bound_worst_kind=none
    18   2.83731590e+06   6.5378e-03   1.7511e+00   1.3154e-02   -2.80      -     5.0000e-01   0
FILTERDDP_ITER_TIMING iteration=18 barrier_iteration=4 backward_s=1.969699500 forward_s=0.132100400 total_s=2.101799900 outcome=accepted step_size=1.000000000e+00 backtracks=0 mu=1.600000000e-03
FILTERDDP_TIMING iteration=19 barrier_iteration=4 stage=6 derivative_s=0.018407500 first_order_s=0.005753400 second_order_s=0.012338300 algebra_s=0.203078900 kkt_assembly_s=0.002809100 factor_s=0.034324800 solve_s=0.132854600 update_s=0.009026200 K_nnz=393075 rhs_cols=1 Vxx_nnz=1040400
FILTERDDP_TIMING iteration=19 barrier_iteration=4 stage=5 derivative_s=0.015379200 first_order_s=0.005181900 second_order_s=0.009898900 algebra_s=0.103336200 kkt_assembly_s=0.002873300 factor_s=0.032210600 solve_s=0.104209400 update_s=0.008503200 K_nnz=393075 rhs_cols=1 Vxx_nnz=1040400
FILTERDDP_TIMING iteration=19 barrier_iteration=4 stage=4 derivative_s=0.072355700 first_order_s=0.005173600 second_order_s=0.066884000 algebra_s=0.073626600 kkt_assembly_s=0.002911500 factor_s=0.035055800 solve_s=0.223479500 update_s=0.009331900 K_nnz=393075 rhs_cols=1 Vxx_nnz=1040400
FILTERDDP_TIMING iteration=19 barrier_iteration=4 stage=3 derivative_s=0.013607500 first_order_s=0.005783900 second_order_s=0.007489600 algebra_s=0.072247100 kkt_assembly_s=0.002912600 factor_s=0.034189900 solve_s=0.102584900 update_s=0.041469500 K_nnz=393075 rhs_cols=1 Vxx_nnz=1040400
FILTERDDP_TIMING iteration=19 barrier_iteration=4 stage=2 derivative_s=0.021379000 first_order_s=0.007093500 second_order_s=0.013938000 algebra_s=0.072383200 kkt_assembly_s=0.002963400 factor_s=0.033077700 solve_s=0.164858800 update_s=0.010858400 K_nnz=393075 rhs_cols=1 Vxx_nnz=1040400
FILTERDDP_TIMING iteration=19 barrier_iteration=4 stage=1 derivative_s=0.020018000 first_order_s=0.006882700 second_order_s=0.012773700 algebra_s=0.075267700 kkt_assembly_s=0.003004700 factor_s=0.036339600 solve_s=0.242678100 update_s=0.007746500 K_nnz=393075 rhs_cols=1 Vxx_nnz=1040400
FILTERDDP_FEASIBILITY iteration=19 barrier_iteration=4 equality_count=253818 equality_rms=8.458169251525e-05 equality_max=2.088786687006e-03 equality_worst_stage=3 equality_worst_index=31093 dynamics_count=5100 dynamics_rms=0.000000000000e+00 dynamics_max=0.000000000000e+00 dynamics_worst_stage=0 dynamics_worst_index=0 bound_count=160764 bound_rms=0.000000000000e+00 bound_max=0.000000000000e+00 bound_worst_stage=0 bound_worst_index=0 bound_worst_kind=none
    19   2.83669169e+06   2.0888e-03   9.9098e-01   2.8385e-03   -2.80      -     1.0000e+00   0
FILTERDDP_ITER_TIMING iteration=19 barrier_iteration=4 backward_s=2.048179800 forward_s=0.132474500 total_s=2.180654300 outcome=accepted step_size=1.000000000e+00 backtracks=0 mu=1.600000000e-03
FILTERDDP_TIMING iteration=20 barrier_iteration=4 stage=6 derivative_s=0.017163000 first_order_s=0.005781700 second_order_s=0.011079800 algebra_s=0.099091100 kkt_assembly_s=0.002982800 factor_s=0.032494100 solve_s=0.113382800 update_s=0.008854400 K_nnz=393075 rhs_cols=1 Vxx_nnz=1040400
FILTERDDP_TIMING iteration=20 barrier_iteration=4 stage=5 derivative_s=0.068713500 first_order_s=0.005314600 second_order_s=0.063090400 algebra_s=0.090473500 kkt_assembly_s=0.002958800 factor_s=0.034002500 solve_s=0.228356700 update_s=0.008091800 K_nnz=393075 rhs_cols=1 Vxx_nnz=1040400
FILTERDDP_TIMING iteration=20 barrier_iteration=4 stage=4 derivative_s=0.015283900 first_order_s=0.005257100 second_order_s=0.009705100 algebra_s=0.074827700 kkt_assembly_s=0.002872100 factor_s=0.035584900 solve_s=0.109490200 update_s=0.009500600 K_nnz=393075 rhs_cols=1 Vxx_nnz=1040400
FILTERDDP_TIMING iteration=20 barrier_iteration=4 stage=3 derivative_s=0.045480700 first_order_s=0.005474700 second_order_s=0.039695300 algebra_s=0.093420800 kkt_assembly_s=0.002977500 factor_s=0.033985800 solve_s=0.161502400 update_s=0.008966200 K_nnz=393075 rhs_cols=1 Vxx_nnz=1040400
FILTERDDP_TIMING iteration=20 barrier_iteration=4 stage=2 derivative_s=0.015263300 first_order_s=0.005099200 second_order_s=0.009862000 algebra_s=0.075354900 kkt_assembly_s=0.003147600 factor_s=0.036913700 solve_s=0.240032200 update_s=0.008654200 K_nnz=393075 rhs_cols=1 Vxx_nnz=1040400
FILTERDDP_TIMING iteration=20 barrier_iteration=4 stage=1 derivative_s=0.015483900 first_order_s=0.005239900 second_order_s=0.009938300 algebra_s=0.090849300 kkt_assembly_s=0.002971000 factor_s=0.037532600 solve_s=0.151954800 update_s=0.008604400 K_nnz=393075 rhs_cols=1 Vxx_nnz=1040400
FILTERDDP_FEASIBILITY iteration=20 barrier_iteration=4 equality_count=253818 equality_rms=5.146268895704e-06 equality_max=2.498811166040e-04 equality_worst_stage=3 equality_worst_index=31164 dynamics_count=5100 dynamics_rms=0.000000000000e+00 dynamics_max=0.000000000000e+00 dynamics_worst_stage=0 dynamics_worst_index=0 bound_count=160764 bound_rms=0.000000000000e+00 bound_max=0.000000000000e+00 bound_worst_stage=0 bound_worst_index=0 bound_worst_kind=none
  iter     objective        pr_inf       du_inf       cs_inf     lg(μ)   lg(reg)    alpha     ls
    20   2.83669185e+06   2.4988e-04   2.0647e-02   1.6528e-03   -2.80      -     1.0000e+00   0
FILTERDDP_ITER_TIMING iteration=20 barrier_iteration=4 backward_s=1.995336100 forward_s=0.185074800 total_s=2.180410900 outcome=accepted step_size=1.000000000e+00 backtracks=0 mu=1.600000000e-03
FILTERDDP_TIMING iteration=21 barrier_iteration=4 stage=6 derivative_s=0.018991400 first_order_s=0.005586900 second_order_s=0.013087100 algebra_s=0.144708500 kkt_assembly_s=0.003281000 factor_s=0.037534800 solve_s=0.238220200 update_s=0.008273100 K_nnz=393075 rhs_cols=1 Vxx_nnz=1040400
FILTERDDP_TIMING iteration=21 barrier_iteration=4 stage=5 derivative_s=0.021071500 first_order_s=0.008605600 second_order_s=0.012135300 algebra_s=0.094843700 kkt_assembly_s=0.003100300 factor_s=0.034519500 solve_s=0.110380700 update_s=0.008606700 K_nnz=393075 rhs_cols=1 Vxx_nnz=1040400
FILTERDDP_TIMING iteration=21 barrier_iteration=4 stage=4 derivative_s=0.045673500 first_order_s=0.005546100 second_order_s=0.039788800 algebra_s=0.075722200 kkt_assembly_s=0.002967900 factor_s=0.035633100 solve_s=0.169176100 update_s=0.008699500 K_nnz=393075 rhs_cols=1 Vxx_nnz=1040400
FILTERDDP_TIMING iteration=21 barrier_iteration=4 stage=3 derivative_s=0.013201100 first_order_s=0.005438300 second_order_s=0.007443200 algebra_s=0.104280900 kkt_assembly_s=0.002928700 factor_s=0.035471300 solve_s=0.244140900 update_s=0.008655300 K_nnz=393075 rhs_cols=1 Vxx_nnz=1040400
FILTERDDP_TIMING iteration=21 barrier_iteration=4 stage=2 derivative_s=0.015841000 first_order_s=0.005298500 second_order_s=0.010220700 algebra_s=0.077234800 kkt_assembly_s=0.002838700 factor_s=0.034224000 solve_s=0.136000500 update_s=0.008548800 K_nnz=393075 rhs_cols=1 Vxx_nnz=1040400
FILTERDDP_TIMING iteration=21 barrier_iteration=4 stage=1 derivative_s=0.012518700 first_order_s=0.005288700 second_order_s=0.006914800 algebra_s=0.073291400 kkt_assembly_s=0.003230000 factor_s=0.033173500 solve_s=0.158877200 update_s=0.008338400 K_nnz=393075 rhs_cols=1 Vxx_nnz=1040400
FILTERDDP_FEASIBILITY iteration=21 barrier_iteration=4 equality_count=253818 equality_rms=3.028359237188e-09 equality_max=2.008019779308e-07 equality_worst_stage=3 equality_worst_index=31234 dynamics_count=5100 dynamics_rms=0.000000000000e+00 dynamics_max=0.000000000000e+00 dynamics_worst_stage=0 dynamics_worst_index=0 bound_count=160764 bound_rms=0.000000000000e+00 bound_max=0.000000000000e+00 bound_worst_stage=0 bound_worst_index=0 bound_worst_kind=none
FILTERDDP_ITER_TIMING iteration=21 barrier_iteration=4 backward_s=2.040736300 forward_s=0.000000000 total_s=2.040736300 outcome=near_optimal step_size=1.000000000e+00 backtracks=0 mu=1.600000000e-03
    21   2.83669186e+06   2.0080e-07   6.1683e-04   1.6002e-03   -2.80      -     1.0000e+00   0
FILTERDDP_NEAR_OPT iteration=21 elapsed_s=78.891 objective=2836691.860741125885 reference=2836587.883745584637 rel_gap=3.666e-05 primal_inf=2.008e-07 dual_inf=6.168e-04 mu=1.600e-03
    21   2.83669186e+06   2.0080e-07   6.1683e-04   1.6002e-03   -2.80      -     1.0000e+00   0


EXIT: Near-optimal: feasible and within the gap of the centralized reference.

solve complete: 81.299 s, iterations=21, status=9
FILTERDDP_MEMORY_PEAK maxrss_mib=1706.8
final residuals: primal=2.008019779308e-07 dual=6.168293652991e-04 complementarity=1.600212342169e-03
solution_write_skipped=1
FilterDDP objective=2836691.860741122160 max_equality_residual=2.008e-07
BOUND_CHECK screen=substation,vupper,ell,psubs voltages below=0 above=0 worst_violation=0.000e+00 min_ell=1.825e-02 min_P_Subs=5.445e+02
Ipopt objective=2944457.008670624811 objective_gap=1.078e+05
max_abs_diff[P_Subs]=4.966e+02
max_abs_diff[Q_Subs]=2.255e+00
max_abs_diff[P]=5.592e+00
max_abs_diff[Q]=7.367e-02
max_abs_diff[v]=5.298e-02
max_abs_diff[ell]=9.771e+01
max_abs_diff[P_B]=3.981e-01
max_abs_diff[B]=1.061e+00
max_abs_diff[q_D]=3.353e-02
