
================================================================================
PARALLELIZATION STATUS
================================================================================
Julia threads:       16
Status:              Using 16 threads
================================================================================
RHO_OVERRIDE: using rho = 24000.0
EPS_PRI_OVERRIDE: using eps_pri = 0.001
EPS_DUAL_OVERRIDE: using eps_dual = 0.001
ADAPTIVE_RHO_OVERRIDE: adaptive_rho = true

================================================================================
PARSING SYSTEM DATA
================================================================================
Loaded system: ieee123C_1ph from C:\repos_addendum\MultiPeriodDistOPF\envs\tadmm\..\..\rawData\ieee123C_1ph\Master.dss

========================================
Initial Powerflow
========================================
Powerflow completed successfully!

[OpenDSS] Total system load: 872.27 kW
[OpenDSS] Substation power: 877.20 kW
[OpenDSS] Total PV dispatch: 0.00 kW
[OpenDSS] Total battery dispatch: 0.00 kW
[OpenDSS] Total system losses: 4.94 kW


================================================================================
[35;1mSOLVING MPOPF WITH SOCP (tADMM)[0m
================================================================================
[36;1mUsing fixed rho = 24000.0[0m
  [tADMM hyperparams] mu_balance=5.00 tau_incr=2.00 tau_decr=2.00 update_interval=5 eps_pri=1.0e-03 eps_dual=1.0e-03 rho_init=24000.0 adaptive=true

================================================================================
[36;1m🎯 tADMM[SOCP]: T=144, ρ_init=24000.0, adaptive=true, warm_start=true, |Bset|=51, |Nset|=128, |Lset|=127
[0m================================================================================

******************************************************************************
This program contains Ipopt, a library for large-scale nonlinear optimization.
 Ipopt is released as open source code under the Eclipse Public License (EPL).
         For more information visit https://github.com/coin-or/Ipopt
******************************************************************************


******************************************************************************
This program contains Ipopt, a library for large-scale nonlinear optimization.
 Ipopt is released as open source code under the Eclipse Public License (EPL).
         For more information visit https://github.com/coin-or/Ipopt
******************************************************************************


******************************************************************************
This program contains Ipopt, a library for large-scale nonlinear optimization.
 Ipopt is released as open source code under the Eclipse Public License (EPL).
         For more information visit https://github.com/coin-or/Ipopt
******************************************************************************

k=  1  obj=$1325.41  ‖r‖=8.53e-04  ‖s‖=1.20e+00  ρ=24000.0  sp_max=10.069s  sp_med=7.511s
k=  2  obj=$1325.41  ‖r‖=8.52e-04  ‖s‖=1.41e+00  ρ=24000.0  sp_max=4.629s  sp_med=2.562s
k=  3  obj=$1325.42  ‖r‖=8.50e-04  ‖s‖=1.62e+00  ρ=24000.0  sp_max=10.816s  sp_med=3.111s
k=  4  obj=$1399.86  ‖r‖=7.98e-04  ‖s‖=1.81e+00  ρ=24000.0  sp_max=11.690s  sp_med=3.102s
[32;1m  [k=  5] Phase 1→2: primal converged
[0m[36;1m  [k=  5] ρ 24000.0 → 12000.0 (s/r=2740.4, ‖r‖ converged)
[0mk=  5  obj=$1558.73  ‖r‖=7.22e-04  ‖s‖=1.98e+00  ρ=12000.0  sp_max=9.799s  sp_med=3.172s
k=  6  obj=$1690.12  ‖r‖=6.71e-04  ‖s‖=2.00e+00  ρ=12000.0  sp_max=9.920s  sp_med=3.000s
k=  7  obj=$1769.21  ‖r‖=6.39e-04  ‖s‖=1.95e+00  ρ=12000.0  sp_max=7.609s  sp_med=2.885s
k=  8  obj=$1867.75  ‖r‖=5.99e-04  ‖s‖=1.86e+00  ρ=12000.0  sp_max=8.431s  sp_med=3.202s
k=  9  obj=$1975.86  ‖r‖=5.56e-04  ‖s‖=1.80e+00  ρ=12000.0  sp_max=8.861s  sp_med=3.684s
[36;1m  [k= 10] ρ 12000.0 → 6000.0 (s/r=3412.3, ‖r‖ converged)
[0mk= 10  obj=$2111.13  ‖r‖=5.00e-04  ‖s‖=1.71e+00  ρ=6000.0  sp_max=9.486s  sp_med=4.031s
      [Progress] 442.1s elapsed, 1 iters/min
k= 11  obj=$2248.90  ‖r‖=4.51e-04  ‖s‖=1.66e+00  ρ=6000.0  sp_max=10.894s  sp_med=3.479s
k= 12  obj=$2284.23  ‖r‖=4.35e-04  ‖s‖=1.58e+00  ρ=6000.0  sp_max=10.122s  sp_med=3.599s
k= 13  obj=$2324.70  ‖r‖=4.15e-04  ‖s‖=1.46e+00  ρ=6000.0  sp_max=9.506s  sp_med=3.998s
k= 14  obj=$2376.07  ‖r‖=3.91e-04  ‖s‖=1.28e+00  ρ=6000.0  sp_max=8.815s  sp_med=3.928s
[36;1m  [k= 15] ρ 6000.0 → 3000.0 (s/r=3310.7, ‖r‖ converged)
[0mk= 15  obj=$2453.02  ‖r‖=3.55e-04  ‖s‖=1.18e+00  ρ=3000.0  sp_max=9.261s  sp_med=3.770s
k= 16  obj=$2471.13  ‖r‖=3.49e-04  ‖s‖=1.03e+00  ρ=3000.0  sp_max=9.401s  sp_med=3.974s
k= 17  obj=$2476.37  ‖r‖=3.46e-04  ‖s‖=9.16e-01  ρ=3000.0  sp_max=5.882s  sp_med=3.864s
k= 18  obj=$2481.01  ‖r‖=3.41e-04  ‖s‖=8.10e-01  ρ=3000.0  sp_max=6.816s  sp_med=4.138s
k= 19  obj=$2485.91  ‖r‖=3.37e-04  ‖s‖=7.34e-01  ρ=3000.0  sp_max=8.934s  sp_med=4.154s
[36;1m  [k= 20] ρ 3000.0 → 1500.0 (s/r=2063.5, ‖r‖ converged)
[0mk= 20  obj=$2493.86  ‖r‖=3.31e-04  ‖s‖=6.83e-01  ρ=1500.0  sp_max=9.856s  sp_med=4.041s
      [Progress] 832.6s elapsed, 1 iters/min
k= 21  obj=$2497.79  ‖r‖=3.27e-04  ‖s‖=6.38e-01  ρ=1500.0  sp_max=6.970s  sp_med=4.117s
k= 22  obj=$2499.94  ‖r‖=3.24e-04  ‖s‖=5.96e-01  ρ=1500.0  sp_max=7.015s  sp_med=4.366s
k= 23  obj=$2501.16  ‖r‖=3.20e-04  ‖s‖=5.64e-01  ρ=1500.0  sp_max=10.759s  sp_med=5.166s
k= 24  obj=$2501.29  ‖r‖=3.17e-04  ‖s‖=5.44e-01  ρ=1500.0  sp_max=12.962s  sp_med=4.690s
[36;1m  [k= 25] ρ 1500.0 → 750.0 (s/r=1681.5, ‖r‖ converged)
[0mk= 25  obj=$2502.38  ‖r‖=3.14e-04  ‖s‖=5.28e-01  ρ=750.0  sp_max=11.850s  sp_med=5.132s
k= 26  obj=$2502.57  ‖r‖=3.11e-04  ‖s‖=5.14e-01  ρ=750.0  sp_max=10.018s  sp_med=4.828s
k= 27  obj=$2499.31  ‖r‖=3.08e-04  ‖s‖=5.01e-01  ρ=750.0  sp_max=8.586s  sp_med=4.927s
k= 28  obj=$2496.65  ‖r‖=3.05e-04  ‖s‖=4.91e-01  ρ=750.0  sp_max=7.348s  sp_med=4.742s
k= 29  obj=$2495.22  ‖r‖=3.01e-04  ‖s‖=4.85e-01  ρ=750.0  sp_max=7.350s  sp_med=4.810s
[36;1m  [k= 30] ρ 750.0 → 375.0 (s/r=1597.7, ‖r‖ converged)
[0mk= 30  obj=$2493.47  ‖r‖=2.97e-04  ‖s‖=4.75e-01  ρ=375.0  sp_max=8.492s  sp_med=4.903s
      [Progress] 1304.8s elapsed, 1 iters/min
k= 31  obj=$2487.36  ‖r‖=2.96e-04  ‖s‖=4.42e-01  ρ=375.0  sp_max=11.316s  sp_med=5.936s
k= 32  obj=$2482.91  ‖r‖=2.95e-04  ‖s‖=3.91e-01  ρ=375.0  sp_max=5.930s  sp_med=3.931s
k= 33  obj=$2480.31  ‖r‖=2.95e-04  ‖s‖=3.22e-01  ρ=375.0  sp_max=9.311s  sp_med=5.073s
k= 34  obj=$2482.60  ‖r‖=2.94e-04  ‖s‖=2.56e-01  ρ=375.0  sp_max=12.576s  sp_med=6.000s
[36;1m  [k= 35] ρ 375.0 → 187.5 (s/r=747.7, ‖r‖ converged)
[0mk= 35  obj=$2485.10  ‖r‖=2.89e-04  ‖s‖=2.16e-01  ρ=187.5  sp_max=7.686s  sp_med=4.034s
k= 36  obj=$2489.74  ‖r‖=2.86e-04  ‖s‖=1.72e-01  ρ=187.5  sp_max=10.066s  sp_med=4.466s
k= 37  obj=$2498.47  ‖r‖=2.77e-04  ‖s‖=1.35e-01  ρ=187.5  sp_max=10.438s  sp_med=4.804s
k= 38  obj=$2503.19  ‖r‖=2.71e-04  ‖s‖=1.11e-01  ρ=187.5  sp_max=8.789s  sp_med=4.709s
k= 39  obj=$2505.69  ‖r‖=2.66e-04  ‖s‖=9.43e-02  ρ=187.5  sp_max=6.645s  sp_med=4.049s
[36;1m  [k= 40] ρ 187.5 → 93.8 (s/r=315.1, ‖r‖ converged)
[0mk= 40  obj=$2506.58  ‖r‖=2.59e-04  ‖s‖=8.17e-02  ρ=93.8  sp_max=11.691s  sp_med=4.425s
      [Progress] 1782.8s elapsed, 1 iters/min
k= 41  obj=$2518.12  ‖r‖=2.63e-04  ‖s‖=6.74e-02  ρ=93.8  sp_max=9.139s  sp_med=3.772s
k= 42  obj=$2526.91  ‖r‖=2.68e-04  ‖s‖=5.40e-02  ρ=93.8  sp_max=9.007s  sp_med=3.737s
k= 43  obj=$2534.36  ‖r‖=2.67e-04  ‖s‖=4.30e-02  ρ=93.8  sp_max=6.053s  sp_med=3.616s
k= 44  obj=$2543.97  ‖r‖=2.67e-04  ‖s‖=3.36e-02  ρ=93.8  sp_max=7.870s  sp_med=3.486s
[36;1m  [k= 45] ρ 93.8 → 46.9 (s/r=93.9, ‖r‖ converged)
[0mk= 45  obj=$2550.31  ‖r‖=2.71e-04  ‖s‖=2.54e-02  ρ=46.9  sp_max=6.652s  sp_med=3.485s
k= 46  obj=$2557.55  ‖r‖=2.83e-04  ‖s‖=2.02e-02  ρ=46.9  sp_max=5.935s  sp_med=3.466s
k= 47  obj=$2563.63  ‖r‖=2.83e-04  ‖s‖=1.58e-02  ρ=46.9  sp_max=9.196s  sp_med=5.015s
k= 48  obj=$2567.82  ‖r‖=2.80e-04  ‖s‖=1.29e-02  ρ=46.9  sp_max=8.964s  sp_med=4.769s
k= 49  obj=$2569.15  ‖r‖=2.80e-04  ‖s‖=1.14e-02  ρ=46.9  sp_max=9.151s  sp_med=4.996s
[36;1m  [k= 50] ρ 46.9 → 23.4 (s/r=40.1, ‖r‖ converged)
[0mk= 50  obj=$2567.63  ‖r‖=2.78e-04  ‖s‖=1.11e-02  ρ=23.4  sp_max=7.868s  sp_med=4.928s
      [Progress] 2193.3s elapsed, 1 iters/min
k= 51  obj=$2565.19  ‖r‖=2.85e-04  ‖s‖=9.88e-03  ρ=23.4  sp_max=9.661s  sp_med=5.403s
k= 52  obj=$2565.30  ‖r‖=2.93e-04  ‖s‖=8.33e-03  ρ=23.4  sp_max=8.106s  sp_med=4.998s
k= 53  obj=$2560.94  ‖r‖=2.86e-04  ‖s‖=7.42e-03  ρ=23.4  sp_max=11.709s  sp_med=5.441s
k= 54  obj=$2558.10  ‖r‖=2.70e-04  ‖s‖=7.36e-03  ρ=23.4  sp_max=8.410s  sp_med=5.077s
[36;1m  [k= 55] ρ 23.4 → 11.7 (s/r=29.0, ‖r‖ converged)
[0mk= 55  obj=$2559.68  ‖r‖=2.59e-04  ‖s‖=7.52e-03  ρ=11.7  sp_max=8.991s  sp_med=4.960s
k= 56  obj=$2561.15  ‖r‖=2.62e-04  ‖s‖=7.22e-03  ρ=11.7  sp_max=8.030s  sp_med=5.153s
k= 57  obj=$2560.73  ‖r‖=2.66e-04  ‖s‖=6.69e-03  ρ=11.7  sp_max=13.088s  sp_med=6.023s
k= 58  obj=$2560.73  ‖r‖=2.70e-04  ‖s‖=5.94e-03  ρ=11.7  sp_max=7.806s  sp_med=3.979s
k= 59  obj=$2561.71  ‖r‖=2.68e-04  ‖s‖=5.07e-03  ρ=11.7  sp_max=7.906s  sp_med=4.362s
[36;1m  [k= 60] ρ 11.7 → 5.9 (s/r=15.5, ‖r‖ converged)
[0mk= 60  obj=$2561.76  ‖r‖=2.73e-04  ‖s‖=4.23e-03  ρ=5.9  sp_max=7.567s  sp_med=3.949s
      [Progress] 2676.0s elapsed, 1 iters/min
k= 61  obj=$2562.00  ‖r‖=2.82e-04  ‖s‖=3.56e-03  ρ=5.9  sp_max=6.941s  sp_med=4.089s
k= 62  obj=$2561.13  ‖r‖=2.99e-04  ‖s‖=2.77e-03  ρ=5.9  sp_max=11.011s  sp_med=5.689s
k= 63  obj=$2561.57  ‖r‖=3.00e-04  ‖s‖=2.10e-03  ρ=5.9  sp_max=14.012s  sp_med=6.453s
k= 64  obj=$2562.39  ‖r‖=3.06e-04  ‖s‖=1.66e-03  ρ=5.9  sp_max=9.099s  sp_med=4.252s
k= 65  obj=$2563.03  ‖r‖=3.11e-04  ‖s‖=1.46e-03  ρ=5.9  sp_max=10.184s  sp_med=4.219s
k= 66  obj=$2563.12  ‖r‖=3.11e-04  ‖s‖=1.41e-03  ρ=5.9  sp_max=9.089s  sp_med=6.015s
k= 67  obj=$2564.01  ‖r‖=3.10e-04  ‖s‖=1.51e-03  ρ=5.9  sp_max=9.171s  sp_med=5.739s
k= 68  obj=$2565.51  ‖r‖=3.01e-04  ‖s‖=1.66e-03  ρ=5.9  sp_max=6.139s  sp_med=4.016s
k= 69  obj=$2565.88  ‖r‖=2.88e-04  ‖s‖=1.79e-03  ρ=5.9  sp_max=5.719s  sp_med=3.917s
[36;1m  [k= 70] ρ 5.9 → 2.9 (s/r=6.5, ‖r‖ converged)
[0mk= 70  obj=$2566.41  ‖r‖=2.86e-04  ‖s‖=1.86e-03  ρ=2.9  sp_max=5.845s  sp_med=4.001s
      [Progress] 3155.9s elapsed, 1 iters/min
k= 71  obj=$2566.51  ‖r‖=2.85e-04  ‖s‖=1.74e-03  ρ=2.9  sp_max=7.579s  sp_med=4.245s
k= 72  obj=$2567.36  ‖r‖=2.91e-04  ‖s‖=1.55e-03  ρ=2.9  sp_max=8.506s  sp_med=4.092s
k= 73  obj=$2568.78  ‖r‖=3.00e-04  ‖s‖=1.33e-03  ρ=2.9  sp_max=5.979s  sp_med=3.797s
k= 74  obj=$2570.03  ‖r‖=2.94e-04  ‖s‖=1.10e-03  ρ=2.9  sp_max=7.267s  sp_med=3.844s
k= 75  obj=$2570.55  ‖r‖=2.98e-04  ‖s‖=9.15e-04  ρ=2.9  sp_max=7.272s  sp_med=3.859s
[32;1m🎉 tADMM converged at iteration 75 (‖r‖=2.98e-04 ≤ 1.00e-03, ‖s‖=9.15e-04 ≤ 1.00e-03)
  Final objective: $2570.55
[0m
================================================================================
[36;1m📊 SOLVER PERFORMANCE ANALYSIS (optimize!() times only)[0m
================================================================================
Iterations:       74
Effective time:   661.52 seconds
Wall-clock time:  3354.33 seconds
Overhead:         80.3%
================================================================================

--- tADMM RESULT ---
[32;1mObjective: $2570.55
Wall-clock: 3354.33 seconds
Effective:  661.52 seconds (75 iterations)
[0m
================================================================================
[36;1mVALIDATING tADMM SOLUTION[0m
================================================================================

================================================================================
SOLUTION VALIDATION: tADMM SOCP
================================================================================
✓ All constraints satisfied!
================================================================================
[32;1m✓ Convergence CSV: C:\repos_addendum\MultiPeriodDistOPF\envs\tadmm\processedData\ieee123C_1ph_T144\convergence_data.csv[0m
[32;1m✓ Subproblem timing CSV: C:\repos_addendum\MultiPeriodDistOPF\envs\tadmm\processedData\ieee123C_1ph_T144\subproblem_timing_details.csv[0m
[36;1mLoaded BF results from C:\repos_addendum\MultiPeriodDistOPF\envs\tadmm\processedData\ieee123C_1ph_T144\results_socp_bf.txt[0m
[32;1m✓ Near-optimal summary: C:\repos_addendum\MultiPeriodDistOPF\envs\tadmm\processedData\ieee123C_1ph_T144\near_optimal_summary.csv[0m
[32;1m✓ Solution saved: C:\repos_addendum\MultiPeriodDistOPF\envs\tadmm\processedData\ieee123C_1ph_T144\sol_socp_tadmm.jls[0m
[32;1m✓ tADMM results written to C:\repos_addendum\MultiPeriodDistOPF\envs\tadmm\processedData\ieee123C_1ph_T144\results_socp_tadmm.txt[0m
[32;1m✓ Live log trimmed to last 100 lines: C:\repos_addendum\MultiPeriodDistOPF\envs\tadmm\processedData\ieee123C_1ph_T144\tadmm_run.log[0m

================================================================================
[35;1mtADMM PIPELINE COMPLETE[0m
================================================================================
