
================================================================================
PARALLELIZATION STATUS
================================================================================
Julia threads:       16
Status:              Using 16 threads
================================================================================
RHO_OVERRIDE: using rho = 2000.0
EPS_PRI_OVERRIDE: using eps_pri = 0.0001
EPS_DUAL_OVERRIDE: using eps_dual = 0.001
ADAPTIVE_RHO_OVERRIDE: adaptive_rho = true

================================================================================
PARSING SYSTEM DATA
================================================================================
Loaded system: ieee123C_1ph from C:\repos_addendum\MultiPeriodDistOPF\envs\tadmm\..\..\rawData\ieee123C_1ph\Master.dss

========================================
Initial Powerflow
========================================
Powerflow completed successfully!

[OpenDSS] Total system load: 872.27 kW
[OpenDSS] Substation power: 877.20 kW
[OpenDSS] Total PV dispatch: 0.00 kW
[OpenDSS] Total battery dispatch: 0.00 kW
[OpenDSS] Total system losses: 4.94 kW


================================================================================
[35;1mSOLVING MPOPF WITH SOCP (tADMM)[0m
================================================================================
[36;1mUsing fixed rho = 2000.0[0m
  [tADMM hyperparams] mu_balance=5.00 tau_incr=2.00 tau_decr=2.00 update_interval=5 eps_pri=1.0e-04 eps_dual=1.0e-03 rho_init=2000.0 adaptive=true

================================================================================
[36;1m🎯 tADMM[SOCP]: T=48, ρ_init=2000.0, adaptive=true, warm_start=true, |Bset|=51, |Nset|=128, |Lset|=127
[0m================================================================================

******************************************************************************
This program contains Ipopt, a library for large-scale nonlinear optimization.
 Ipopt is released as open source code under the Eclipse Public License (EPL).
         For more information visit https://github.com/coin-or/Ipopt
******************************************************************************

k=  1  obj=$1313.33  ‖r‖=2.57e-03  ‖s‖=5.21e-01  ρ=2000.0  sp_max=5.692s  sp_med=3.590s
k=  2  obj=$1313.33  ‖r‖=2.56e-03  ‖s‖=6.08e-01  ρ=2000.0  sp_max=3.830s  sp_med=1.276s
k=  3  obj=$1313.33  ‖r‖=2.54e-03  ‖s‖=7.02e-01  ρ=2000.0  sp_max=2.789s  sp_med=1.521s
k=  4  obj=$1313.33  ‖r‖=2.53e-03  ‖s‖=7.82e-01  ρ=2000.0  sp_max=2.852s  sp_med=1.347s
[33;1m  [PHASE1-UP] ρ: 2000.0 → 4000.0 (‖r‖=2.51e-03 > ε=1.0e-04)
[0mk=  5  obj=$1313.33  ‖r‖=2.51e-03  ‖s‖=8.54e-01  ρ=4000.0  sp_max=3.949s  sp_med=1.421s
k=  6  obj=$1313.33  ‖r‖=2.50e-03  ‖s‖=1.03e+00  ρ=4000.0  sp_max=3.880s  sp_med=1.553s
k=  7  obj=$1313.33  ‖r‖=2.49e-03  ‖s‖=1.23e+00  ρ=4000.0  sp_max=5.024s  sp_med=1.526s
k=  8  obj=$1313.33  ‖r‖=2.48e-03  ‖s‖=1.41e+00  ρ=4000.0  sp_max=2.614s  sp_med=1.048s
k=  9  obj=$1326.17  ‖r‖=2.44e-03  ‖s‖=1.23e+00  ρ=4000.0  sp_max=3.477s  sp_med=1.316s
[33;1m  [PHASE1-UP] ρ: 4000.0 → 8000.0 (‖r‖=2.33e-03 > ε=1.0e-04)
[0mk= 10  obj=$1385.20  ‖r‖=2.33e-03  ‖s‖=1.23e+00  ρ=8000.0  sp_max=4.003s  sp_med=1.337s
      [Progress] 74.0s elapsed, 8 iters/min
k= 11  obj=$1488.26  ‖r‖=2.17e-03  ‖s‖=1.35e+00  ρ=8000.0  sp_max=3.170s  sp_med=1.248s
k= 12  obj=$1633.00  ‖r‖=1.98e-03  ‖s‖=1.48e+00  ρ=8000.0  sp_max=3.238s  sp_med=1.551s
k= 13  obj=$1807.04  ‖r‖=1.77e-03  ‖s‖=1.55e+00  ρ=8000.0  sp_max=5.401s  sp_med=2.319s
k= 14  obj=$2050.92  ‖r‖=1.48e-03  ‖s‖=1.55e+00  ρ=8000.0  sp_max=4.300s  sp_med=1.799s
[33;1m  [k= 15] 🐕 RNORM WATCHDOG: ρ 8000.0 → 20000.0 (‖r‖=1.20e-03 > 1.0e-04 for 15 iters)
[0m[33;1m  [PHASE1-UP] ρ: 20000.0 → 40000.0 (‖r‖=1.20e-03 > ε=1.0e-04)
[0mk= 15  obj=$2292.30  ‖r‖=1.20e-03  ‖s‖=1.63e+00  ρ=40000.0  sp_max=3.436s  sp_med=1.667s
k= 16  obj=$2683.37  ‖r‖=5.83e-04  ‖s‖=1.88e+00  ρ=40000.0  sp_max=3.488s  sp_med=2.133s
k= 17  obj=$2916.35  ‖r‖=7.40e-05  ‖s‖=1.92e+00  ρ=40000.0  sp_max=2.906s  sp_med=1.543s
k= 18  obj=$2930.63  ‖r‖=2.92e-09  ‖s‖=1.92e+00  ρ=40000.0  sp_max=2.128s  sp_med=1.355s
k= 19  obj=$2929.97  ‖r‖=1.73e-09  ‖s‖=1.92e+00  ρ=40000.0  sp_max=2.035s  sp_med=1.243s
[32;1m  [k= 20] Phase 1→2: primal converged
[0m[36;1m  [k= 20] ρ 40000.0 → 20000.0 (s/r=1319784399.1, ‖r‖ converged)
[0mk= 20  obj=$2929.32  ‖r‖=1.45e-09  ‖s‖=1.92e+00  ρ=20000.0  sp_max=2.676s  sp_med=1.411s
      [Progress] 138.0s elapsed, 9 iters/min
k= 21  obj=$2928.01  ‖r‖=1.78e-09  ‖s‖=1.92e+00  ρ=20000.0  sp_max=2.751s  sp_med=1.441s
k= 22  obj=$2926.70  ‖r‖=1.50e-09  ‖s‖=1.92e+00  ρ=20000.0  sp_max=3.002s  sp_med=1.484s
k= 23  obj=$2925.39  ‖r‖=1.49e-09  ‖s‖=1.92e+00  ρ=20000.0  sp_max=2.855s  sp_med=1.503s
k= 24  obj=$2924.08  ‖r‖=3.68e-09  ‖s‖=1.92e+00  ρ=20000.0  sp_max=2.496s  sp_med=1.581s
[36;1m  [k= 25] ρ 20000.0 → 10000.0 (s/r=753084229.9, ‖r‖ converged)
[0mk= 25  obj=$2922.77  ‖r‖=2.55e-09  ‖s‖=1.92e+00  ρ=10000.0  sp_max=2.854s  sp_med=1.686s
k= 26  obj=$2920.15  ‖r‖=1.46e-08  ‖s‖=1.92e+00  ρ=10000.0  sp_max=2.818s  sp_med=1.985s
k= 27  obj=$2917.55  ‖r‖=5.57e-06  ‖s‖=1.91e+00  ρ=10000.0  sp_max=2.467s  sp_med=1.734s
k= 28  obj=$2915.05  ‖r‖=5.94e-06  ‖s‖=1.90e+00  ρ=10000.0  sp_max=2.489s  sp_med=1.851s
k= 29  obj=$2912.53  ‖r‖=6.55e-06  ‖s‖=1.90e+00  ρ=10000.0  sp_max=2.508s  sp_med=1.704s
[36;1m  [k= 30] ρ 10000.0 → 5000.0 (s/r=290131.7, ‖r‖ converged)
[0mk= 30  obj=$2909.96  ‖r‖=6.51e-06  ‖s‖=1.89e+00  ρ=5000.0  sp_max=2.570s  sp_med=1.817s
      [Progress] 198.5s elapsed, 9 iters/min
k= 31  obj=$2904.87  ‖r‖=1.27e-05  ‖s‖=1.88e+00  ρ=5000.0  sp_max=2.658s  sp_med=1.664s
k= 32  obj=$2899.56  ‖r‖=1.00e-05  ‖s‖=1.88e+00  ρ=5000.0  sp_max=3.220s  sp_med=2.109s
k= 33  obj=$2893.19  ‖r‖=2.86e-05  ‖s‖=1.85e+00  ρ=5000.0  sp_max=4.016s  sp_med=1.980s
k= 34  obj=$2886.86  ‖r‖=4.39e-05  ‖s‖=1.82e+00  ρ=5000.0  sp_max=3.035s  sp_med=1.995s
[36;1m  [k= 35] ρ 5000.0 → 2500.0 (s/r=40302.0, ‖r‖ converged)
[0mk= 35  obj=$2882.49  ‖r‖=4.47e-05  ‖s‖=1.80e+00  ρ=2500.0  sp_max=2.976s  sp_med=1.824s
k= 36  obj=$2874.12  ‖r‖=6.32e-05  ‖s‖=1.78e+00  ρ=2500.0  sp_max=2.855s  sp_med=1.775s
k= 37  obj=$2868.16  ‖r‖=6.85e-05  ‖s‖=1.76e+00  ρ=2500.0  sp_max=3.295s  sp_med=1.793s
k= 38  obj=$2862.78  ‖r‖=5.58e-05  ‖s‖=1.75e+00  ρ=2500.0  sp_max=2.947s  sp_med=1.898s
k= 39  obj=$2855.10  ‖r‖=5.66e-05  ‖s‖=1.71e+00  ρ=2500.0  sp_max=3.227s  sp_med=2.141s
[36;1m  [k= 40] ρ 2500.0 → 1250.0 (s/r=25967.5, ‖r‖ converged)
[0mk= 40  obj=$2847.09  ‖r‖=6.36e-05  ‖s‖=1.65e+00  ρ=1250.0  sp_max=2.516s  sp_med=1.942s
      [Progress] 264.2s elapsed, 9 iters/min
k= 41  obj=$2833.78  ‖r‖=7.95e-05  ‖s‖=1.52e+00  ρ=1250.0  sp_max=3.450s  sp_med=2.103s
k= 42  obj=$2823.15  ‖r‖=9.84e-05  ‖s‖=1.34e+00  ρ=1250.0  sp_max=3.379s  sp_med=1.838s
k= 43  obj=$2818.53  ‖r‖=1.21e-04  ‖s‖=1.11e+00  ρ=1250.0  sp_max=3.129s  sp_med=2.005s
k= 44  obj=$2819.22  ‖r‖=1.40e-04  ‖s‖=8.93e-01  ρ=1250.0  sp_max=3.464s  sp_med=2.053s
k= 45  obj=$2821.23  ‖r‖=1.42e-04  ‖s‖=7.33e-01  ρ=1250.0  sp_max=3.166s  sp_med=2.067s
k= 46  obj=$2822.11  ‖r‖=1.43e-04  ‖s‖=5.95e-01  ρ=1250.0  sp_max=3.110s  sp_med=2.178s
k= 47  obj=$2820.92  ‖r‖=1.40e-04  ‖s‖=5.13e-01  ρ=1250.0  sp_max=2.896s  sp_med=2.037s
k= 48  obj=$2817.61  ‖r‖=1.25e-04  ‖s‖=4.59e-01  ρ=1250.0  sp_max=2.880s  sp_med=1.961s
k= 49  obj=$2813.23  ‖r‖=9.79e-05  ‖s‖=4.30e-01  ρ=1250.0  sp_max=4.242s  sp_med=1.971s
[36;1m  [k= 50] ρ 1250.0 → 625.0 (s/r=6003.9, ‖r‖ converged)
[0mk= 50  obj=$2807.47  ‖r‖=6.66e-05  ‖s‖=4.00e-01  ρ=625.0  sp_max=3.027s  sp_med=1.943s
      [Progress] 331.4s elapsed, 9 iters/min
k= 51  obj=$2803.54  ‖r‖=7.10e-05  ‖s‖=3.30e-01  ρ=625.0  sp_max=3.264s  sp_med=2.023s
k= 52  obj=$2804.11  ‖r‖=9.42e-05  ‖s‖=2.43e-01  ρ=625.0  sp_max=2.407s  sp_med=1.703s
k= 53  obj=$2804.70  ‖r‖=9.04e-05  ‖s‖=1.80e-01  ρ=625.0  sp_max=3.332s  sp_med=1.898s
k= 54  obj=$2802.98  ‖r‖=5.95e-05  ‖s‖=1.39e-01  ρ=625.0  sp_max=2.613s  sp_med=1.618s
[36;1m  [k= 55] ρ 625.0 → 312.5 (s/r=1452.9, ‖r‖ converged)
[0mk= 55  obj=$2802.92  ‖r‖=6.81e-05  ‖s‖=9.89e-02  ρ=312.5  sp_max=2.718s  sp_med=1.678s
k= 56  obj=$2806.43  ‖r‖=8.69e-05  ‖s‖=6.53e-02  ρ=312.5  sp_max=2.662s  sp_med=1.584s
k= 57  obj=$2807.80  ‖r‖=7.79e-05  ‖s‖=3.85e-02  ρ=312.5  sp_max=2.279s  sp_med=1.716s
k= 58  obj=$2808.01  ‖r‖=4.93e-05  ‖s‖=3.71e-02  ρ=312.5  sp_max=2.635s  sp_med=1.725s
k= 59  obj=$2804.88  ‖r‖=3.81e-05  ‖s‖=3.82e-02  ρ=312.5  sp_max=2.638s  sp_med=1.525s
[36;1m  [k= 60] ρ 312.5 → 156.2 (s/r=792.2, ‖r‖ converged)
[0mk= 60  obj=$2801.58  ‖r‖=4.28e-05  ‖s‖=3.39e-02  ρ=156.2  sp_max=2.672s  sp_med=1.904s
      [Progress] 392.8s elapsed, 9 iters/min
k= 61  obj=$2799.15  ‖r‖=7.64e-05  ‖s‖=1.72e-02  ρ=156.2  sp_max=2.396s  sp_med=1.663s
k= 62  obj=$2800.13  ‖r‖=6.40e-05  ‖s‖=7.16e-03  ρ=156.2  sp_max=2.585s  sp_med=1.819s
k= 63  obj=$2801.05  ‖r‖=3.85e-05  ‖s‖=5.97e-03  ρ=156.2  sp_max=2.684s  sp_med=2.079s
k= 64  obj=$2801.18  ‖r‖=2.44e-05  ‖s‖=6.10e-03  ρ=156.2  sp_max=2.918s  sp_med=1.929s
[36;1m  [k= 65] ρ 156.2 → 78.1 (s/r=315.7, ‖r‖ converged)
[0mk= 65  obj=$2800.65  ‖r‖=1.83e-05  ‖s‖=5.79e-03  ρ=78.1  sp_max=2.764s  sp_med=1.704s
k= 66  obj=$2799.24  ‖r‖=1.76e-05  ‖s‖=5.22e-03  ρ=78.1  sp_max=2.786s  sp_med=1.697s
k= 67  obj=$2797.52  ‖r‖=1.98e-05  ‖s‖=5.04e-03  ρ=78.1  sp_max=2.712s  sp_med=1.834s
k= 68  obj=$2795.84  ‖r‖=2.19e-05  ‖s‖=4.82e-03  ρ=78.1  sp_max=2.675s  sp_med=1.784s
k= 69  obj=$2794.41  ‖r‖=2.36e-05  ‖s‖=4.36e-03  ρ=78.1  sp_max=2.801s  sp_med=1.720s
[36;1m  [k= 70] ρ 78.1 → 39.1 (s/r=154.0, ‖r‖ converged)
[0mk= 70  obj=$2793.32  ‖r‖=2.42e-05  ‖s‖=3.73e-03  ρ=39.1  sp_max=2.790s  sp_med=1.724s
      [Progress] 455.6s elapsed, 9 iters/min
k= 71  obj=$2791.82  ‖r‖=2.61e-05  ‖s‖=3.24e-03  ρ=39.1  sp_max=2.503s  sp_med=1.739s
k= 72  obj=$2790.73  ‖r‖=2.89e-05  ‖s‖=2.62e-03  ρ=39.1  sp_max=2.767s  sp_med=1.654s
k= 73  obj=$2790.25  ‖r‖=3.18e-05  ‖s‖=1.92e-03  ρ=39.1  sp_max=2.387s  sp_med=1.596s
k= 74  obj=$2790.15  ‖r‖=3.33e-05  ‖s‖=1.26e-03  ρ=39.1  sp_max=2.526s  sp_med=1.699s
[36;1m  [k= 75] ρ 39.1 → 19.5 (s/r=29.1, ‖r‖ converged)
[0mk= 75  obj=$2790.50  ‖r‖=3.26e-05  ‖s‖=9.49e-04  ρ=19.5  sp_max=2.587s  sp_med=1.832s
[32;1m🎉 tADMM converged at iteration 75 (‖r‖=3.26e-05 ≤ 1.00e-04, ‖s‖=9.49e-04 ≤ 1.00e-03)
  Final objective: $2790.50
[0m
================================================================================
[36;1m📊 SOLVER PERFORMANCE ANALYSIS (optimize!() times only)[0m
================================================================================
Iterations:       74
Effective time:   228.29 seconds
Wall-clock time:  486.74 seconds
Overhead:         53.1%
================================================================================

--- tADMM RESULT ---
[32;1mObjective: $2790.50
Wall-clock: 486.74 seconds
Effective:  228.29 seconds (75 iterations)
[0m
================================================================================
[36;1mVALIDATING tADMM SOLUTION[0m
================================================================================

================================================================================
SOLUTION VALIDATION: tADMM SOCP
================================================================================
✓ All constraints satisfied!
================================================================================
[32;1m✓ Convergence CSV: C:\repos_addendum\MultiPeriodDistOPF\envs\tadmm\processedData\ieee123C_1ph_T48\convergence_data.csv[0m
[32;1m✓ Subproblem timing CSV: C:\repos_addendum\MultiPeriodDistOPF\envs\tadmm\processedData\ieee123C_1ph_T48\subproblem_timing_details.csv[0m
[36;1mLoaded BF results from C:\repos_addendum\MultiPeriodDistOPF\envs\tadmm\processedData\ieee123C_1ph_T48\results_socp_bf.txt[0m
[36;1mNear-optimal at k=50 (161.19s eff): obj=$2807.47, gap=0.460% vs BF, r=6.66e-05, s=4.00e-01[0m
[32;1m✓ Near-optimal summary: C:\repos_addendum\MultiPeriodDistOPF\envs\tadmm\processedData\ieee123C_1ph_T48\near_optimal_summary.csv[0m
[32;1m✓ Solution saved: C:\repos_addendum\MultiPeriodDistOPF\envs\tadmm\processedData\ieee123C_1ph_T48\sol_socp_tadmm.jls[0m
[32;1m✓ tADMM results written to C:\repos_addendum\MultiPeriodDistOPF\envs\tadmm\processedData\ieee123C_1ph_T48\results_socp_tadmm.txt[0m
[32;1m✓ Live log trimmed to last 100 lines: C:\repos_addendum\MultiPeriodDistOPF\envs\tadmm\processedData\ieee123C_1ph_T48\tadmm_run.log[0m

================================================================================
[35;1mtADMM PIPELINE COMPLETE[0m
================================================================================
