# tADMM live log — ieee123C_1ph T=48, ρ_init=2000.0, adaptive=true
# k, objective, r_norm, s_norm, rho, sp_max, sp_med, elapsed_s, event
# tADMM live log — ieee123C_1ph T=48, ρ_init=2000.0, adaptive=true
# k, objective, r_norm, s_norm, rho, sp_max, sp_med, elapsed_s, event
1,1313.329207,2.5669500788e-03,5.2129058711e-01,2000.00,5.6920,3.5900,23.55,
2,1313.329220,2.5563591466e-03,6.0841826063e-01,2000.00,3.8300,1.2765,30.09,
3,1313.329264,2.5405645090e-03,7.0233018585e-01,2000.00,2.7890,1.5210,35.12,
4,1313.329248,2.5252245859e-03,7.8197234099e-01,2000.00,2.8520,1.3470,39.92,
5,1313.329243,2.5116232899e-03,8.5421900192e-01,4000.00,3.9490,1.4205,45.41,
6,1313.329255,2.5034238984e-03,1.0329595275e+00,4000.00,3.8800,1.5530,51.28,
7,1313.329318,2.4938314093e-03,1.2261456420e+00,4000.00,5.0240,1.5260,57.89,
8,1313.329655,2.4834514463e-03,1.4136071192e+00,4000.00,2.6140,1.0485,62.13,
9,1326.170543,2.4398674761e-03,1.2292874875e+00,4000.00,3.4770,1.3165,67.97,
10,1385.200257,2.3307345508e-03,1.2323543935e+00,8000.00,4.0030,1.3370,74.13,
11,1488.262485,2.1703043079e-03,1.3544008688e+00,8000.00,3.1700,1.2485,79.58,
12,1632.998709,1.9826768191e-03,1.4846319411e+00,8000.00,3.2380,1.5505,85.38,
13,1807.041817,1.7749250259e-03,1.5529674795e+00,8000.00,5.4010,2.3185,94.57,
14,2050.924748,1.4791365261e-03,1.5528876986e+00,8000.00,4.3000,1.7995,101.57,
15,2292.297019,1.2017024265e-03,1.6267142877e+00,40000.00,3.4360,1.6670,109.14,
16,2683.371214,5.8335665798e-04,1.8824694425e+00,40000.00,3.4880,2.1325,116.82,
17,2916.345741,7.3962071640e-05,1.9182497331e+00,40000.00,2.9060,1.5425,122.49,
18,2930.627855,2.9233386719e-09,1.9182513479e+00,40000.00,2.1280,1.3555,127.78,
19,2929.973066,1.7348191635e-09,1.9182508398e+00,40000.00,2.0350,1.2435,132.35,
20,2929.318087,1.4534562315e-09,1.9182488591e+00,20000.00,2.6760,1.4105,138.01,
21,2928.007164,1.7847619389e-09,1.9182481154e+00,20000.00,2.7510,1.4410,143.56,
22,2926.697259,1.4982335129e-09,1.9182457169e+00,20000.00,3.0020,1.4835,149.73,
23,2925.386935,1.4927645211e-09,1.9182428379e+00,20000.00,2.8550,1.5030,155.62,
24,2924.076745,3.6782525584e-09,1.9182331684e+00,20000.00,2.4960,1.5805,161.45,
25,2922.765984,2.5471717835e-09,1.9182349011e+00,10000.00,2.8540,1.6860,167.95,
26,2920.147021,1.4582178156e-08,1.9181397462e+00,10000.00,2.8180,1.9855,174.55,
27,2917.546545,5.5715400775e-06,1.9097352156e+00,10000.00,2.4670,1.7335,180.41,
28,2915.045169,5.9418276428e-06,1.9026345014e+00,10000.00,2.4890,1.8510,186.58,
29,2912.534154,6.5513666784e-06,1.8955977328e+00,10000.00,2.5080,1.7040,192.56,
30,2909.957320,6.5071610570e-06,1.8879336406e+00,5000.00,2.5700,1.8175,198.51,
31,2904.872139,1.2662371069e-05,1.8801790360e+00,5000.00,2.6580,1.6635,204.44,
32,2899.557029,1.0010406051e-05,1.8752772459e+00,5000.00,3.2200,2.1090,211.60,
33,2893.193768,2.8641214009e-05,1.8545440189e+00,5000.00,4.0160,1.9795,218.62,
34,2886.858149,4.3918200056e-05,1.8225025690e+00,5000.00,3.0350,1.9945,225.48,
35,2882.491544,4.4677864093e-05,1.8006083921e+00,2500.00,2.9760,1.8240,232.04,
36,2874.119807,6.3213740178e-05,1.7792138925e+00,2500.00,2.8550,1.7745,238.17,
37,2868.162943,6.8467145421e-05,1.7613176747e+00,2500.00,3.2950,1.7925,244.52,
38,2862.779797,5.5833742031e-05,1.7480358602e+00,2500.00,2.9470,1.8985,251.01,
39,2855.103724,5.6615316764e-05,1.7057698799e+00,2500.00,3.2270,2.1410,257.85,
40,2847.085146,6.3629531258e-05,1.6523015666e+00,1250.00,2.5160,1.9425,264.16,
41,2833.777006,7.9473449171e-05,1.5228338215e+00,1250.00,3.4500,2.1030,271.21,
42,2823.154576,9.8443487833e-05,1.3351164103e+00,1250.00,3.3790,1.8380,277.25,
43,2818.534122,1.2088561705e-04,1.1130261579e+00,1250.00,3.1290,2.0045,284.06,
44,2819.224209,1.3995049711e-04,8.9328707364e-01,1250.00,3.4640,2.0535,290.89,
45,2821.231677,1.4228883772e-04,7.3324538908e-01,1250.00,3.1660,2.0665,297.71,
46,2822.111969,1.4319186555e-04,5.9499240602e-01,1250.00,3.1100,2.1780,304.70,
47,2820.917278,1.4016704387e-04,5.1283446651e-01,1250.00,2.8960,2.0370,311.47,
48,2817.610322,1.2493561126e-04,4.5919727637e-01,1250.00,2.8800,1.9610,318.15,
49,2813.226582,9.7932684558e-05,4.2997442015e-01,1250.00,4.2420,1.9715,324.88,
50,2807.473345,6.6550481995e-05,3.9956095518e-01,625.00,3.0270,1.9430,331.37,
51,2803.544294,7.0964835208e-05,3.3020410148e-01,625.00,3.2640,2.0230,338.18,
52,2804.111136,9.4151453570e-05,2.4317980158e-01,625.00,2.4070,1.7025,344.10,
53,2804.700725,9.0432397645e-05,1.8004256433e-01,625.00,3.3320,1.8980,351.07,
54,2802.984468,5.9450890676e-05,1.3854846682e-01,625.00,2.6130,1.6175,357.16,
55,2802.922639,6.8067799398e-05,9.8893545234e-02,312.50,2.7180,1.6775,363.06,
56,2806.426750,8.6869675510e-05,6.5347627630e-02,312.50,2.6620,1.5845,368.62,
57,2807.801126,7.7928502194e-05,3.8479739660e-02,312.50,2.2790,1.7160,374.54,
58,2808.010743,4.9286086306e-05,3.7139405997e-02,312.50,2.6350,1.7255,380.53,
59,2804.876727,3.8059755791e-05,3.8218955710e-02,312.50,2.6380,1.5250,386.20,
60,2801.579407,4.2771801173e-05,3.3884996035e-02,156.25,2.6720,1.9040,392.79,
61,2799.149257,7.6350449547e-05,1.7240389644e-02,156.25,2.3960,1.6625,398.59,
62,2800.126742,6.3961122369e-05,7.1586348355e-03,156.25,2.5850,1.8190,404.77,
63,2801.051742,3.8529624191e-05,5.9713659068e-03,156.25,2.6840,2.0795,411.91,
64,2801.177097,2.4405167014e-05,6.1030374165e-03,156.25,2.9180,1.9295,418.59,
65,2800.647778,1.8327740254e-05,5.7855173874e-03,78.12,2.7640,1.7045,424.44,
66,2799.236944,1.7602151254e-05,5.2226770277e-03,78.12,2.7860,1.6970,430.50,
67,2797.524967,1.9833337188e-05,5.0435355509e-03,78.12,2.7120,1.8345,436.99,
68,2795.839522,2.1905582494e-05,4.8231077602e-03,78.12,2.6750,1.7845,443.16,
69,2794.405189,2.3583380268e-05,4.3635840054e-03,78.12,2.8010,1.7200,449.37,
70,2793.315249,2.4221009554e-05,3.7308739037e-03,39.06,2.7900,1.7245,455.62,
71,2791.818534,2.6107332311e-05,3.2435518556e-03,39.06,2.5030,1.7390,461.44,
72,2790.734412,2.8876741416e-05,2.6193654357e-03,39.06,2.7670,1.6540,467.62,
73,2790.245479,3.1797674979e-05,1.9158986843e-03,39.06,2.3870,1.5960,473.58,
74,2790.151048,3.3290105074e-05,1.2602915110e-03,39.06,2.5260,1.6990,479.80,
75,2790.495481,3.2570693636e-05,9.4902016143e-04,19.53,2.5870,1.8315,485.91,
# CONVERGED at k=75 (r=3.26e-05 <= 1.00e-04, s=9.49e-04 <= 1.00e-03)
# Final objective: $2790.495481
