
================================================================================
PARALLELIZATION STATUS
================================================================================
Julia threads:       16
Status:              Using 16 threads
================================================================================
RHO_OVERRIDE: using rho = 1000.0
EPS_PRI_OVERRIDE: using eps_pri = 0.0001
EPS_DUAL_OVERRIDE: using eps_dual = 0.001
ADAPTIVE_RHO_OVERRIDE: adaptive_rho = true

================================================================================
PARSING SYSTEM DATA
================================================================================
Loaded system: ieee123C_1ph from C:\repos_addendum\MultiPeriodDistOPF\envs\tadmm\..\..\rawData\ieee123C_1ph\Master.dss

========================================
Initial Powerflow
========================================
Powerflow completed successfully!

[OpenDSS] Total system load: 872.27 kW
[OpenDSS] Substation power: 877.20 kW
[OpenDSS] Total PV dispatch: 0.00 kW
[OpenDSS] Total battery dispatch: 0.00 kW
[OpenDSS] Total system losses: 4.94 kW


================================================================================
[35;1mSOLVING MPOPF WITH SOCP (tADMM)[0m
================================================================================
[36;1mUsing fixed rho = 1000.0[0m
  [tADMM hyperparams] mu_balance=5.00 tau_incr=2.00 tau_decr=2.00 update_interval=5 eps_pri=1.0e-04 eps_dual=1.0e-03 rho_init=1000.0 adaptive=true

================================================================================
[36;1m🎯 tADMM[SOCP]: T=24, ρ_init=1000.0, adaptive=true, warm_start=true, |Bset|=51, |Nset|=128, |Lset|=127
[0m================================================================================

******************************************************************************
This program contains Ipopt, a library for large-scale nonlinear optimization.
 Ipopt is released as open source code under the Eclipse Public License (EPL).
         For more information visit https://github.com/coin-or/Ipopt
******************************************************************************

k=  1  obj=$1296.35  ‖r‖=5.16e-03  ‖s‖=7.37e-01  ρ=1000.0  sp_max=1.996s  sp_med=1.796s
k=  2  obj=$1296.35  ‖r‖=5.12e-03  ‖s‖=8.61e-01  ρ=1000.0  sp_max=1.094s  sp_med=0.570s
k=  3  obj=$1296.35  ‖r‖=5.05e-03  ‖s‖=9.93e-01  ρ=1000.0  sp_max=1.096s  sp_med=0.609s
k=  4  obj=$1296.35  ‖r‖=5.00e-03  ‖s‖=7.88e-01  ρ=1000.0  sp_max=0.947s  sp_med=0.587s
[33;1m  [PHASE1-UP] ρ: 1000.0 → 2000.0 (‖r‖=4.98e-03 > ε=1.0e-04)
[0mk=  5  obj=$1296.35  ‖r‖=4.98e-03  ‖s‖=5.16e-01  ρ=2000.0  sp_max=0.837s  sp_med=0.571s
k=  6  obj=$1296.35  ‖r‖=4.97e-03  ‖s‖=5.38e-01  ρ=2000.0  sp_max=1.177s  sp_med=0.614s
k=  7  obj=$1296.35  ‖r‖=4.97e-03  ‖s‖=5.94e-01  ρ=2000.0  sp_max=0.904s  sp_med=0.530s
k=  8  obj=$1296.35  ‖r‖=4.97e-03  ‖s‖=6.21e-01  ρ=2000.0  sp_max=0.920s  sp_med=0.630s
k=  9  obj=$1308.19  ‖r‖=4.90e-03  ‖s‖=6.51e-01  ρ=2000.0  sp_max=1.243s  sp_med=0.607s
[33;1m  [PHASE1-UP] ρ: 2000.0 → 4000.0 (‖r‖=4.73e-03 > ε=1.0e-04)
[0mk= 10  obj=$1356.74  ‖r‖=4.73e-03  ‖s‖=7.35e-01  ρ=4000.0  sp_max=1.343s  sp_med=0.663s
      [Progress] 23.8s elapsed, 25 iters/min
k= 11  obj=$1438.79  ‖r‖=4.48e-03  ‖s‖=1.15e+00  ρ=4000.0  sp_max=1.418s  sp_med=0.703s
k= 12  obj=$1581.93  ‖r‖=4.09e-03  ‖s‖=1.91e+00  ρ=4000.0  sp_max=1.555s  sp_med=0.822s
k= 13  obj=$1788.33  ‖r‖=3.58e-03  ‖s‖=2.57e+00  ρ=4000.0  sp_max=2.001s  sp_med=0.960s
k= 14  obj=$2084.08  ‖r‖=2.87e-03  ‖s‖=3.02e+00  ρ=4000.0  sp_max=1.674s  sp_med=0.974s
[33;1m  [k= 15] 🐕 RNORM WATCHDOG: ρ 4000.0 → 10000.0 (‖r‖=2.26e-03 > 1.0e-04 for 15 iters)
[0m[33;1m  [PHASE1-UP] ρ: 10000.0 → 20000.0 (‖r‖=2.26e-03 > ε=1.0e-04)
[0mk= 15  obj=$2333.18  ‖r‖=2.26e-03  ‖s‖=3.36e+00  ρ=20000.0  sp_max=1.621s  sp_med=1.070s
k= 16  obj=$2692.55  ‖r‖=1.06e-03  ‖s‖=3.95e+00  ρ=20000.0  sp_max=1.568s  sp_med=1.101s
k= 17  obj=$2895.02  ‖r‖=4.80e-05  ‖s‖=3.97e+00  ρ=20000.0  sp_max=1.354s  sp_med=0.955s
k= 18  obj=$2896.59  ‖r‖=2.90e-09  ‖s‖=3.97e+00  ρ=20000.0  sp_max=1.248s  sp_med=0.853s
k= 19  obj=$2893.87  ‖r‖=2.10e-09  ‖s‖=3.97e+00  ρ=20000.0  sp_max=1.500s  sp_med=1.084s
[32;1m  [k= 20] Phase 1→2: primal converged
[0m[36;1m  [k= 20] ρ 20000.0 → 10000.0 (s/r=225517337.2, ‖r‖ converged)
[0mk= 20  obj=$2891.15  ‖r‖=1.76e-08  ‖s‖=3.97e+00  ρ=10000.0  sp_max=1.380s  sp_med=0.959s
      [Progress] 43.5s elapsed, 28 iters/min
k= 21  obj=$2885.72  ‖r‖=1.63e-06  ‖s‖=3.96e+00  ρ=10000.0  sp_max=1.310s  sp_med=0.764s
k= 22  obj=$2880.45  ‖r‖=1.97e-05  ‖s‖=3.92e+00  ρ=10000.0  sp_max=1.171s  sp_med=0.642s
k= 23  obj=$2875.64  ‖r‖=1.48e-05  ‖s‖=3.89e+00  ρ=10000.0  sp_max=1.048s  sp_med=0.582s
k= 24  obj=$2870.92  ‖r‖=1.89e-05  ‖s‖=3.85e+00  ρ=10000.0  sp_max=1.084s  sp_med=0.657s
[36;1m  [k= 25] ρ 10000.0 → 5000.0 (s/r=184496.8, ‖r‖ converged)
[0mk= 25  obj=$2865.96  ‖r‖=2.07e-05  ‖s‖=3.83e+00  ρ=5000.0  sp_max=1.071s  sp_med=0.637s
k= 26  obj=$2856.12  ‖r‖=2.57e-05  ‖s‖=3.81e+00  ρ=5000.0  sp_max=1.159s  sp_med=0.739s
k= 27  obj=$2846.00  ‖r‖=2.73e-05  ‖s‖=3.81e+00  ρ=5000.0  sp_max=1.120s  sp_med=0.714s
k= 28  obj=$2829.90  ‖r‖=9.46e-05  ‖s‖=3.66e+00  ρ=5000.0  sp_max=1.336s  sp_med=0.688s
k= 29  obj=$2814.97  ‖r‖=1.58e-04  ‖s‖=3.48e+00  ρ=5000.0  sp_max=1.176s  sp_med=0.739s
k= 30  obj=$2809.33  ‖r‖=1.26e-04  ‖s‖=3.26e+00  ρ=5000.0  sp_max=1.032s  sp_med=0.772s
      [Progress] 57.6s elapsed, 31 iters/min
k= 31  obj=$2808.93  ‖r‖=5.61e-05  ‖s‖=3.05e+00  ρ=5000.0  sp_max=1.119s  sp_med=0.746s
k= 32  obj=$2808.59  ‖r‖=3.76e-05  ‖s‖=2.86e+00  ρ=5000.0  sp_max=1.509s  sp_med=0.834s
k= 33  obj=$2806.63  ‖r‖=6.33e-05  ‖s‖=2.59e+00  ρ=5000.0  sp_max=1.239s  sp_med=0.936s
k= 34  obj=$2802.89  ‖r‖=7.34e-05  ‖s‖=2.40e+00  ρ=5000.0  sp_max=1.191s  sp_med=0.862s
[36;1m  [k= 35] ρ 5000.0 → 2500.0 (s/r=30125.8, ‖r‖ converged)
[0mk= 35  obj=$2798.41  ‖r‖=7.48e-05  ‖s‖=2.25e+00  ρ=2500.0  sp_max=1.205s  sp_med=0.784s
k= 36  obj=$2791.17  ‖r‖=8.99e-05  ‖s‖=1.96e+00  ρ=2500.0  sp_max=1.271s  sp_med=0.727s
k= 37  obj=$2786.00  ‖r‖=1.00e-04  ‖s‖=1.69e+00  ρ=2500.0  sp_max=1.162s  sp_med=0.767s
k= 38  obj=$2782.36  ‖r‖=9.37e-05  ‖s‖=1.44e+00  ρ=2500.0  sp_max=1.241s  sp_med=0.645s
k= 39  obj=$2779.36  ‖r‖=7.45e-05  ‖s‖=1.20e+00  ρ=2500.0  sp_max=1.372s  sp_med=0.758s
[36;1m  [k= 40] ρ 2500.0 → 1250.0 (s/r=20814.4, ‖r‖ converged)
[0mk= 40  obj=$2776.74  ‖r‖=4.72e-05  ‖s‖=9.82e-01  ρ=1250.0  sp_max=1.189s  sp_med=0.730s
      [Progress] 73.2s elapsed, 33 iters/min
k= 41  obj=$2775.40  ‖r‖=3.12e-05  ‖s‖=7.66e-01  ρ=1250.0  sp_max=1.143s  sp_med=0.628s
k= 42  obj=$2774.69  ‖r‖=4.74e-05  ‖s‖=5.62e-01  ρ=1250.0  sp_max=1.264s  sp_med=0.687s
k= 43  obj=$2774.39  ‖r‖=4.52e-05  ‖s‖=4.31e-01  ρ=1250.0  sp_max=1.169s  sp_med=0.678s
k= 44  obj=$2775.53  ‖r‖=3.41e-05  ‖s‖=3.41e-01  ρ=1250.0  sp_max=1.272s  sp_med=0.764s
[36;1m  [k= 45] ρ 1250.0 → 625.0 (s/r=12707.4, ‖r‖ converged)
[0mk= 45  obj=$2777.40  ‖r‖=2.24e-05  ‖s‖=2.85e-01  ρ=625.0  sp_max=1.222s  sp_med=0.637s
k= 46  obj=$2783.80  ‖r‖=4.44e-05  ‖s‖=1.94e-01  ρ=625.0  sp_max=1.206s  sp_med=0.765s
k= 47  obj=$2782.53  ‖r‖=6.61e-05  ‖s‖=1.11e-01  ρ=625.0  sp_max=1.245s  sp_med=0.701s
k= 48  obj=$2775.05  ‖r‖=5.39e-05  ‖s‖=1.02e-01  ρ=625.0  sp_max=1.232s  sp_med=0.765s
k= 49  obj=$2768.96  ‖r‖=4.34e-05  ‖s‖=9.25e-02  ρ=625.0  sp_max=1.272s  sp_med=0.780s
[36;1m  [k= 50] ρ 625.0 → 312.5 (s/r=1853.0, ‖r‖ converged)
[0mk= 50  obj=$2767.03  ‖r‖=3.79e-05  ‖s‖=7.01e-02  ρ=312.5  sp_max=1.170s  sp_med=0.785s
      [Progress] 88.1s elapsed, 34 iters/min
k= 51  obj=$2765.55  ‖r‖=7.10e-05  ‖s‖=3.60e-02  ρ=312.5  sp_max=1.258s  sp_med=0.726s
k= 52  obj=$2766.94  ‖r‖=6.56e-05  ‖s‖=1.13e-02  ρ=312.5  sp_max=1.121s  sp_med=0.614s
k= 53  obj=$2769.96  ‖r‖=3.73e-05  ‖s‖=2.01e-02  ρ=312.5  sp_max=1.126s  sp_med=0.637s
k= 54  obj=$2772.65  ‖r‖=1.15e-05  ‖s‖=2.18e-02  ρ=312.5  sp_max=1.161s  sp_med=0.672s
[36;1m  [k= 55] ρ 312.5 → 156.2 (s/r=882.9, ‖r‖ converged)
[0mk= 55  obj=$2773.94  ‖r‖=1.61e-05  ‖s‖=1.42e-02  ρ=156.2  sp_max=1.120s  sp_med=0.715s
k= 56  obj=$2774.57  ‖r‖=3.09e-05  ‖s‖=6.27e-03  ρ=156.2  sp_max=0.984s  sp_med=0.752s
k= 57  obj=$2773.85  ‖r‖=2.72e-05  ‖s‖=1.96e-03  ρ=156.2  sp_max=1.227s  sp_med=0.733s
k= 58  obj=$2772.67  ‖r‖=1.38e-05  ‖s‖=4.89e-03  ρ=156.2  sp_max=1.196s  sp_med=0.685s
k= 59  obj=$2771.73  ‖r‖=2.87e-06  ‖s‖=4.79e-03  ρ=156.2  sp_max=1.184s  sp_med=0.763s
[36;1m  [k= 60] ρ 156.2 → 78.1 (s/r=344.8, ‖r‖ converged)
[0mk= 60  obj=$2771.34  ‖r‖=7.96e-06  ‖s‖=2.75e-03  ρ=78.1  sp_max=1.151s  sp_med=0.775s
      [Progress] 102.4s elapsed, 35 iters/min
k= 61  obj=$2771.19  ‖r‖=1.32e-05  ‖s‖=1.02e-03  ρ=78.1  sp_max=1.035s  sp_med=0.631s
k= 62  obj=$2771.48  ‖r‖=1.07e-05  ‖s‖=4.92e-04  ρ=78.1  sp_max=1.051s  sp_med=0.713s
[32;1m🎉 tADMM converged at iteration 62 (‖r‖=1.07e-05 ≤ 1.00e-04, ‖s‖=4.92e-04 ≤ 1.00e-03)
  Final objective: $2771.48
[0m
================================================================================
[36;1m📊 SOLVER PERFORMANCE ANALYSIS (optimize!() times only)[0m
================================================================================
Iterations:       61
Effective time:   76.69 seconds
Wall-clock time:  105.64 seconds
Overhead:         27.4%
================================================================================

--- tADMM RESULT ---
[32;1mObjective: $2771.48
Wall-clock: 105.64 seconds
Effective:  76.69 seconds (62 iterations)
[0m
================================================================================
[36;1mVALIDATING tADMM SOLUTION[0m
================================================================================

================================================================================
SOLUTION VALIDATION: tADMM SOCP
================================================================================
✓ All constraints satisfied!
================================================================================
[32;1m✓ Convergence CSV: C:\repos_addendum\MultiPeriodDistOPF\envs\tadmm\processedData\ieee123C_1ph_T24\convergence_data.csv[0m
[32;1m✓ Subproblem timing CSV: C:\repos_addendum\MultiPeriodDistOPF\envs\tadmm\processedData\ieee123C_1ph_T24\subproblem_timing_details.csv[0m
[36;1mLoaded BF results from C:\repos_addendum\MultiPeriodDistOPF\envs\tadmm\processedData\ieee123C_1ph_T24\results_socp_bf.txt[0m
[36;1mNear-optimal at k=38 (48.32s eff): obj=$2782.36, gap=0.372% vs BF, r=9.37e-05, s=1.44e+00[0m
[32;1m✓ Near-optimal summary: C:\repos_addendum\MultiPeriodDistOPF\envs\tadmm\processedData\ieee123C_1ph_T24\near_optimal_summary.csv[0m
[32;1m✓ Solution saved: C:\repos_addendum\MultiPeriodDistOPF\envs\tadmm\processedData\ieee123C_1ph_T24\sol_socp_tadmm.jls[0m
[32;1m✓ tADMM results written to C:\repos_addendum\MultiPeriodDistOPF\envs\tadmm\processedData\ieee123C_1ph_T24\results_socp_tadmm.txt[0m
[32;1m✓ Live log trimmed to last 100 lines: C:\repos_addendum\MultiPeriodDistOPF\envs\tadmm\processedData\ieee123C_1ph_T24\tadmm_run.log[0m

================================================================================
[35;1mtADMM PIPELINE COMPLETE[0m
================================================================================
