
================================================================================
PARALLELIZATION STATUS
================================================================================
Julia threads:       16
Status:              Using 16 threads
================================================================================
RHO_OVERRIDE: using rho = 32000.0
EPS_PRI_OVERRIDE: using eps_pri = 0.0001
EPS_DUAL_OVERRIDE: using eps_dual = 0.0005
ADAPTIVE_RHO_OVERRIDE: adaptive_rho = true

================================================================================
PARSING SYSTEM DATA
================================================================================
Loaded system: ieee2552C_1ph from C:\repos_addendum\MultiPeriodDistOPF\envs\tadmm\..\..\rawData\ieee2552C_1ph\Master.dss

========================================
Initial Powerflow
========================================
Powerflow completed successfully!

[OpenDSS] Total system load: 2129.58 kW
[OpenDSS] Substation power: 2187.53 kW
[OpenDSS] Total PV dispatch: 0.00 kW
[OpenDSS] Total battery dispatch: 0.00 kW
[OpenDSS] Total system losses: 57.95 kW


================================================================================
[35;1mSOLVING MPOPF WITH SOCP (tADMM)[0m
================================================================================
[36;1mUsing fixed rho = 32000.0[0m
  [tADMM hyperparams] mu_balance=5.00 tau_incr=2.00 tau_decr=4.00 update_interval=5 eps_pri=1.0e-04 eps_dual=5.0e-04 rho_init=32000.0 adaptive=true

================================================================================
[36;1m🎯 tADMM[SOCP]: T=24, ρ_init=32000.0, adaptive=true, warm_start=true, |Bset|=250, |Nset|=2522, |Lset|=2521
[0m================================================================================

******************************************************************************
This program contains Ipopt, a library for large-scale nonlinear optimization.
 Ipopt is released as open source code under the Eclipse Public License (EPL).
         For more information visit https://github.com/coin-or/Ipopt
******************************************************************************


******************************************************************************
This program contains Ipopt, a library for large-scale nonlinear optimization.
 Ipopt is released as open source code under the Eclipse Public License (EPL).
         For more information visit https://github.com/coin-or/Ipopt
******************************************************************************

k=  1  obj=$4492.17  ‖r‖=2.54e-03  ‖s‖=1.35e+01  ρ=32000.0  sp_max=40.850s  sp_med=26.264s
k=  2  obj=$5612.65  ‖r‖=1.84e-03  ‖s‖=1.33e+01  ρ=32000.0  sp_max=27.311s  sp_med=15.980s
k=  3  obj=$7954.94  ‖r‖=5.52e-04  ‖s‖=1.33e+01  ρ=32000.0  sp_max=17.756s  sp_med=9.943s
k=  4  obj=$8475.02  ‖r‖=6.48e-05  ‖s‖=8.60e+00  ρ=32000.0  sp_max=24.645s  sp_med=12.187s
[32;1m  [k=  5] Phase 1→2: primal converged
[0m[36;1m  [k=  5] ρ 32000.0 → 8000.0 (s/r=344262.3, ‖r‖ converged)
[0mk=  5  obj=$8452.66  ‖r‖=2.06e-05  ‖s‖=7.09e+00  ρ=8000.0  sp_max=14.178s  sp_med=8.805s
k=  6  obj=$8410.63  ‖r‖=1.73e-04  ‖s‖=4.29e+00  ρ=8000.0  sp_max=15.136s  sp_med=8.997s
k=  7  obj=$8374.79  ‖r‖=1.29e-04  ‖s‖=3.79e+00  ρ=8000.0  sp_max=16.504s  sp_med=10.066s
k=  8  obj=$8348.26  ‖r‖=5.17e-05  ‖s‖=3.85e+00  ρ=8000.0  sp_max=11.137s  sp_med=6.697s
k=  9  obj=$8321.12  ‖r‖=1.70e-05  ‖s‖=3.83e+00  ρ=8000.0  sp_max=14.228s  sp_med=9.309s
[36;1m  [k= 10] ρ 8000.0 → 2000.0 (s/r=86285.7, ‖r‖ converged)
[0mk= 10  obj=$8290.30  ‖r‖=4.32e-05  ‖s‖=3.72e+00  ρ=2000.0  sp_max=9.041s  sp_med=6.044s
      [Progress] 256.1s elapsed, 2 iters/min
k= 11  obj=$8175.90  ‖r‖=1.96e-04  ‖s‖=3.24e+00  ρ=2000.0  sp_max=12.827s  sp_med=7.703s
k= 12  obj=$8130.28  ‖r‖=2.06e-04  ‖s‖=2.19e+00  ρ=2000.0  sp_max=21.337s  sp_med=11.252s
k= 13  obj=$8097.75  ‖r‖=1.87e-04  ‖s‖=1.34e+00  ρ=2000.0  sp_max=28.374s  sp_med=12.990s
k= 14  obj=$8070.42  ‖r‖=1.68e-04  ‖s‖=9.35e-01  ρ=2000.0  sp_max=21.757s  sp_med=13.139s
k= 15  obj=$8059.05  ‖r‖=1.33e-04  ‖s‖=6.98e-01  ρ=2000.0  sp_max=20.471s  sp_med=12.784s
k= 16  obj=$8094.81  ‖r‖=7.09e-05  ‖s‖=4.77e-01  ρ=2000.0  sp_max=24.159s  sp_med=11.927s
k= 17  obj=$8127.54  ‖r‖=4.55e-05  ‖s‖=3.46e-01  ρ=2000.0  sp_max=19.305s  sp_med=10.605s
k= 18  obj=$8146.54  ‖r‖=4.82e-05  ‖s‖=1.74e-01  ρ=2000.0  sp_max=20.549s  sp_med=11.145s
k= 19  obj=$8141.99  ‖r‖=3.55e-05  ‖s‖=1.19e-01  ρ=2000.0  sp_max=20.954s  sp_med=12.168s
[36;1m  [k= 20] ρ 2000.0 → 500.0 (s/r=4835.4, ‖r‖ converged)
[0mk= 20  obj=$8129.44  ‖r‖=2.12e-05  ‖s‖=1.03e-01  ρ=500.0  sp_max=18.193s  sp_med=10.858s
      [Progress] 518.7s elapsed, 2 iters/min
k= 21  obj=$8098.32  ‖r‖=5.86e-05  ‖s‖=6.04e-02  ρ=500.0  sp_max=19.630s  sp_med=10.067s
k= 22  obj=$8088.70  ‖r‖=6.73e-05  ‖s‖=1.51e-02  ρ=500.0  sp_max=16.722s  sp_med=9.336s
k= 23  obj=$8095.47  ‖r‖=4.24e-05  ‖s‖=2.35e-02  ρ=500.0  sp_max=17.603s  sp_med=9.994s
k= 24  obj=$8108.07  ‖r‖=1.20e-05  ‖s‖=3.05e-02  ρ=500.0  sp_max=18.699s  sp_med=10.525s
[36;1m  [k= 25] ρ 500.0 → 125.0 (s/r=1633.5, ‖r‖ converged)
[0mk= 25  obj=$8117.87  ‖r‖=1.34e-05  ‖s‖=2.18e-02  ρ=125.0  sp_max=20.585s  sp_med=10.968s
k= 26  obj=$8137.52  ‖r‖=5.47e-05  ‖s‖=1.12e-02  ρ=125.0  sp_max=19.344s  sp_med=9.997s
k= 27  obj=$8137.89  ‖r‖=5.41e-05  ‖s‖=1.03e-03  ρ=125.0  sp_max=18.129s  sp_med=9.567s
k= 28  obj=$8127.89  ‖r‖=3.04e-05  ‖s‖=5.95e-03  ρ=125.0  sp_max=18.127s  sp_med=9.123s
k= 29  obj=$8116.83  ‖r‖=5.59e-06  ‖s‖=6.89e-03  ρ=125.0  sp_max=18.241s  sp_med=10.526s
[36;1m  [k= 30] ρ 125.0 → 31.2 (s/r=350.4, ‖r‖ converged)
[0mk= 30  obj=$8110.20  ‖r‖=1.28e-05  ‖s‖=4.47e-03  ρ=31.2  sp_max=18.163s  sp_med=9.367s
      [Progress] 750.5s elapsed, 2 iters/min
k= 31  obj=$8098.73  ‖r‖=4.31e-05  ‖s‖=2.20e-03  ρ=31.2  sp_max=18.760s  sp_med=10.654s
k= 32  obj=$8098.52  ‖r‖=4.27e-05  ‖s‖=6.91e-05  ρ=31.2  sp_max=17.471s  sp_med=10.616s
[32;1m🎉 tADMM converged at iteration 32 (‖r‖=4.27e-05 ≤ 1.00e-04, ‖s‖=6.91e-05 ≤ 5.00e-04)
  Final objective: $8098.52
[0m
================================================================================
[36;1m📊 SOLVER PERFORMANCE ANALYSIS (optimize!() times only)[0m
================================================================================
Iterations:       31
Effective time:   620.19 seconds
Wall-clock time:  801.48 seconds
Overhead:         22.6%
================================================================================

--- tADMM RESULT ---
[32;1mObjective: $8098.52
Wall-clock: 801.48 seconds
Effective:  620.19 seconds (32 iterations)
[0m
================================================================================
[36;1mVALIDATING tADMM SOLUTION[0m
================================================================================

================================================================================
SOLUTION VALIDATION: tADMM SOCP
================================================================================
✓ All constraints satisfied!
================================================================================
[32;1m✓ Convergence CSV: C:\repos_addendum\MultiPeriodDistOPF\envs\tadmm\processedData\ieee2552C_1ph_T24\convergence_data.csv[0m
[32;1m✓ Subproblem timing CSV: C:\repos_addendum\MultiPeriodDistOPF\envs\tadmm\processedData\ieee2552C_1ph_T24\subproblem_timing_details.csv[0m
[36;1mLoaded BF results from C:\repos_addendum\MultiPeriodDistOPF\envs\tadmm\processedData\ieee2552C_1ph_T24\results_socp_bf.txt[0m
[36;1mNear-optimal at k=16 (319.71s eff): obj=$8094.81, gap=0.251% vs BF, r=7.09e-05, s=4.77e-01[0m
[32;1m✓ Near-optimal summary: C:\repos_addendum\MultiPeriodDistOPF\envs\tadmm\processedData\ieee2552C_1ph_T24\near_optimal_summary.csv[0m
[32;1m✓ Solution saved: C:\repos_addendum\MultiPeriodDistOPF\envs\tadmm\processedData\ieee2552C_1ph_T24\sol_socp_tadmm.jls[0m
[32;1m✓ tADMM results written to C:\repos_addendum\MultiPeriodDistOPF\envs\tadmm\processedData\ieee2552C_1ph_T24\results_socp_tadmm.txt[0m
[32;1m✓ Live log trimmed to last 100 lines: C:\repos_addendum\MultiPeriodDistOPF\envs\tadmm\processedData\ieee2552C_1ph_T24\tadmm_run.log[0m

================================================================================
[35;1mtADMM PIPELINE COMPLETE[0m
================================================================================
