
================================================================================
PARALLELIZATION STATUS
================================================================================
Julia threads:       16
Status:              Using 16 threads
================================================================================
RHO_OVERRIDE: using rho = 20000.0
EPS_PRI_OVERRIDE: using eps_pri = 0.0001
EPS_DUAL_OVERRIDE: using eps_dual = 0.0005
ADAPTIVE_RHO_OVERRIDE: adaptive_rho = true

================================================================================
PARSING SYSTEM DATA
================================================================================
Loaded system: ieee2552C_1ph from C:\repos_addendum\MultiPeriodDistOPF\envs\tadmm\..\..\rawData\ieee2552C_1ph\Master.dss

========================================
Initial Powerflow
========================================
Powerflow completed successfully!

[OpenDSS] Total system load: 2129.58 kW
[OpenDSS] Substation power: 2187.53 kW
[OpenDSS] Total PV dispatch: 0.00 kW
[OpenDSS] Total battery dispatch: 0.00 kW
[OpenDSS] Total system losses: 57.95 kW


================================================================================
[35;1mSOLVING MPOPF WITH SOCP (tADMM)[0m
================================================================================
[36;1mUsing fixed rho = 20000.0[0m
  [tADMM hyperparams] mu_balance=5.00 tau_incr=2.00 tau_decr=4.00 update_interval=5 eps_pri=1.0e-04 eps_dual=5.0e-04 rho_init=20000.0 adaptive=true

================================================================================
[36;1m🎯 tADMM[SOCP]: T=96, ρ_init=20000.0, adaptive=true, warm_start=true, |Bset|=250, |Nset|=2522, |Lset|=2521
[0m================================================================================

******************************************************************************
This program contains Ipopt, a library for large-scale nonlinear optimization.
 Ipopt is released as open source code under the Eclipse Public License (EPL).
         For more information visit https://github.com/coin-or/Ipopt
******************************************************************************


******************************************************************************
This program contains Ipopt, a library for large-scale nonlinear optimization.
 Ipopt is released as open source code under the Eclipse Public License (EPL).
         For more information visit https://github.com/coin-or/Ipopt
******************************************************************************


******************************************************************************
This program contains Ipopt, a library for large-scale nonlinear optimization.
 Ipopt is released as open source code under the Eclipse Public License (EPL).
         For more information visit https://github.com/coin-or/Ipopt
******************************************************************************


******************************************************************************
This program contains Ipopt, a library for large-scale nonlinear optimization.
 Ipopt is released as open source code under the Eclipse Public License (EPL).
         For more information visit https://github.com/coin-or/Ipopt
******************************************************************************

k=  1  obj=$4389.85  ‖r‖=6.67e-04  ‖s‖=1.54e+00  ρ=20000.0  sp_max=48.888s  sp_med=31.891s
k=  2  obj=$4323.96  ‖r‖=6.74e-04  ‖s‖=1.56e+00  ρ=20000.0  sp_max=39.037s  sp_med=19.434s
k=  3  obj=$4323.96  ‖r‖=6.69e-04  ‖s‖=1.62e+00  ρ=20000.0  sp_max=32.942s  sp_med=8.910s
k=  4  obj=$4323.96  ‖r‖=6.69e-04  ‖s‖=1.54e+00  ρ=20000.0  sp_max=27.733s  sp_med=8.416s
[33;1m  [PHASE1-UP] ρ: 20000.0 → 40000.0 (‖r‖=6.67e-04 > ε=1.0e-04)
[0mk=  5  obj=$4323.98  ‖r‖=6.67e-04  ‖s‖=1.60e+00  ρ=40000.0  sp_max=32.079s  sp_med=10.996s
k=  6  obj=$4596.77  ‖r‖=6.12e-04  ‖s‖=1.96e+00  ρ=40000.0  sp_max=34.539s  sp_med=9.096s
k=  7  obj=$5231.72  ‖r‖=5.28e-04  ‖s‖=2.32e+00  ρ=40000.0  sp_max=25.853s  sp_med=9.179s
k=  8  obj=$5833.94  ‖r‖=4.59e-04  ‖s‖=2.59e+00  ρ=40000.0  sp_max=27.496s  sp_med=9.907s
k=  9  obj=$6615.17  ‖r‖=3.63e-04  ‖s‖=2.75e+00  ρ=40000.0  sp_max=22.131s  sp_med=10.860s
[33;1m  [PHASE1-UP] ρ: 40000.0 → 80000.0 (‖r‖=2.50e-04 > ε=1.0e-04)
[0mk= 10  obj=$7536.01  ‖r‖=2.50e-04  ‖s‖=2.80e+00  ρ=80000.0  sp_max=17.657s  sp_med=9.469s
      [Progress] 1051.8s elapsed, 1 iters/min
k= 11  obj=$8302.93  ‖r‖=1.09e-04  ‖s‖=2.87e+00  ρ=80000.0  sp_max=18.035s  sp_med=8.189s
k= 12  obj=$8615.86  ‖r‖=6.34e-06  ‖s‖=2.85e+00  ρ=80000.0  sp_max=18.816s  sp_med=7.973s
k= 13  obj=$8611.76  ‖r‖=3.46e-06  ‖s‖=2.76e+00  ρ=80000.0  sp_max=20.732s  sp_med=7.947s
k= 14  obj=$8607.36  ‖r‖=2.11e-06  ‖s‖=2.66e+00  ρ=80000.0  sp_max=20.981s  sp_med=7.476s
[32;1m  [k= 15] Phase 1→2: primal converged
[0m[36;1m  [k= 15] ρ 80000.0 → 20000.0 (s/r=1358665.9, ‖r‖ converged)
[0mk= 15  obj=$8602.15  ‖r‖=1.89e-06  ‖s‖=2.57e+00  ρ=20000.0  sp_max=15.973s  sp_med=8.179s
k= 16  obj=$8589.12  ‖r‖=9.39e-06  ‖s‖=2.37e+00  ρ=20000.0  sp_max=16.926s  sp_med=7.496s
k= 17  obj=$8575.23  ‖r‖=9.38e-06  ‖s‖=2.22e+00  ρ=20000.0  sp_max=27.591s  sp_med=7.435s
k= 18  obj=$8560.94  ‖r‖=7.94e-06  ‖s‖=2.07e+00  ρ=20000.0  sp_max=19.763s  sp_med=7.395s
k= 19  obj=$8548.10  ‖r‖=1.04e-05  ‖s‖=1.85e+00  ρ=20000.0  sp_max=17.990s  sp_med=7.374s
[36;1m  [k= 20] ρ 20000.0 → 5000.0 (s/r=132107.6, ‖r‖ converged)
[0mk= 20  obj=$8536.03  ‖r‖=1.25e-05  ‖s‖=1.65e+00  ρ=5000.0  sp_max=21.870s  sp_med=7.439s
      [Progress] 1680.5s elapsed, 1 iters/min
k= 21  obj=$8499.34  ‖r‖=4.85e-05  ‖s‖=1.41e+00  ρ=5000.0  sp_max=23.946s  sp_med=9.699s
k= 22  obj=$8476.28  ‖r‖=5.70e-05  ‖s‖=1.22e+00  ρ=5000.0  sp_max=25.354s  sp_med=10.509s
k= 23  obj=$8446.93  ‖r‖=7.37e-05  ‖s‖=1.05e+00  ρ=5000.0  sp_max=28.991s  sp_med=10.556s
k= 24  obj=$8418.40  ‖r‖=6.27e-05  ‖s‖=9.62e-01  ρ=5000.0  sp_max=26.544s  sp_med=10.425s
[36;1m  [k= 25] ρ 5000.0 → 1250.0 (s/r=16453.1, ‖r‖ converged)
[0mk= 25  obj=$8397.69  ‖r‖=5.59e-05  ‖s‖=9.20e-01  ρ=1250.0  sp_max=30.369s  sp_med=10.296s
k= 26  obj=$8349.76  ‖r‖=8.24e-05  ‖s‖=8.74e-01  ρ=1250.0  sp_max=31.082s  sp_med=12.640s
k= 27  obj=$8284.93  ‖r‖=8.30e-05  ‖s‖=8.45e-01  ρ=1250.0  sp_max=29.449s  sp_med=12.545s
k= 28  obj=$8232.09  ‖r‖=9.66e-05  ‖s‖=8.25e-01  ρ=1250.0  sp_max=35.529s  sp_med=13.338s
k= 29  obj=$8186.46  ‖r‖=1.05e-04  ‖s‖=7.97e-01  ρ=1250.0  sp_max=30.185s  sp_med=13.444s
k= 30  obj=$8138.59  ‖r‖=1.05e-04  ‖s‖=7.21e-01  ρ=1250.0  sp_max=31.917s  sp_med=14.850s
      [Progress] 2659.9s elapsed, 1 iters/min
k= 31  obj=$8127.77  ‖r‖=9.56e-05  ‖s‖=6.17e-01  ρ=1250.0  sp_max=30.005s  sp_med=16.511s
k= 32  obj=$8117.29  ‖r‖=8.53e-05  ‖s‖=4.96e-01  ρ=1250.0  sp_max=35.271s  sp_med=16.915s
k= 33  obj=$8107.91  ‖r‖=7.80e-05  ‖s‖=4.13e-01  ρ=1250.0  sp_max=32.079s  sp_med=17.813s
k= 34  obj=$8099.35  ‖r‖=6.70e-05  ‖s‖=3.57e-01  ρ=1250.0  sp_max=33.708s  sp_med=18.827s
[36;1m  [k= 35] ρ 1250.0 → 312.5 (s/r=4944.3, ‖r‖ converged)
[0mk= 35  obj=$8093.45  ‖r‖=6.33e-05  ‖s‖=3.13e-01  ρ=312.5  sp_max=30.648s  sp_med=20.025s
k= 36  obj=$8096.02  ‖r‖=8.70e-05  ‖s‖=2.28e-01  ρ=312.5  sp_max=29.747s  sp_med=20.309s
k= 37  obj=$8158.09  ‖r‖=1.15e-04  ‖s‖=1.60e-01  ρ=312.5  sp_max=33.080s  sp_med=20.281s
k= 38  obj=$8198.85  ‖r‖=1.36e-04  ‖s‖=1.11e-01  ρ=312.5  sp_max=34.900s  sp_med=20.931s
k= 39  obj=$8232.73  ‖r‖=1.37e-04  ‖s‖=6.93e-02  ρ=312.5  sp_max=34.138s  sp_med=19.432s
k= 40  obj=$8265.08  ‖r‖=1.22e-04  ‖s‖=4.13e-02  ρ=312.5  sp_max=31.931s  sp_med=20.484s
      [Progress] 4051.4s elapsed, 1 iters/min
k= 41  obj=$8278.37  ‖r‖=9.67e-05  ‖s‖=3.50e-02  ρ=312.5  sp_max=33.316s  sp_med=21.567s
k= 42  obj=$8281.66  ‖r‖=8.21e-05  ‖s‖=3.79e-02  ρ=312.5  sp_max=35.390s  sp_med=19.823s
k= 43  obj=$8281.28  ‖r‖=7.49e-05  ‖s‖=3.89e-02  ρ=312.5  sp_max=46.355s  sp_med=21.554s
k= 44  obj=$8286.03  ‖r‖=6.95e-05  ‖s‖=3.85e-02  ρ=312.5  sp_max=25.158s  sp_med=14.877s
[36;1m  [k= 45] ρ 312.5 → 78.1 (s/r=619.4, ‖r‖ converged)
[0mk= 45  obj=$8277.17  ‖r‖=6.32e-05  ‖s‖=3.91e-02  ρ=78.1  sp_max=25.435s  sp_med=15.057s
k= 46  obj=$8231.72  ‖r‖=9.39e-05  ‖s‖=3.40e-02  ρ=78.1  sp_max=26.233s  sp_med=15.059s
k= 47  obj=$8219.44  ‖r‖=1.36e-04  ‖s‖=2.53e-02  ρ=78.1  sp_max=32.976s  sp_med=16.926s
k= 48  obj=$8184.41  ‖r‖=1.33e-04  ‖s‖=1.71e-02  ρ=78.1  sp_max=33.274s  sp_med=18.475s
k= 49  obj=$8168.94  ‖r‖=1.30e-04  ‖s‖=9.55e-03  ρ=78.1  sp_max=31.272s  sp_med=17.950s
k= 50  obj=$8163.55  ‖r‖=1.30e-04  ‖s‖=5.42e-03  ρ=78.1  sp_max=31.222s  sp_med=18.022s
      [Progress] 5355.9s elapsed, 1 iters/min
k= 51  obj=$8172.37  ‖r‖=1.24e-04  ‖s‖=7.62e-03  ρ=78.1  sp_max=32.007s  sp_med=20.266s
k= 52  obj=$8189.19  ‖r‖=1.08e-04  ‖s‖=1.09e-02  ρ=78.1  sp_max=38.442s  sp_med=19.191s
k= 53  obj=$8199.35  ‖r‖=9.47e-05  ‖s‖=1.32e-02  ρ=78.1  sp_max=31.915s  sp_med=18.993s
k= 54  obj=$8202.39  ‖r‖=7.86e-05  ‖s‖=1.47e-02  ρ=78.1  sp_max=38.269s  sp_med=19.072s
[36;1m  [k= 55] ρ 78.1 → 19.5 (s/r=207.3, ‖r‖ converged)
[0mk= 55  obj=$8203.95  ‖r‖=7.23e-05  ‖s‖=1.50e-02  ρ=19.5  sp_max=30.703s  sp_med=17.821s
k= 56  obj=$8199.03  ‖r‖=1.30e-04  ‖s‖=1.33e-02  ρ=19.5  sp_max=31.695s  sp_med=18.839s
k= 57  obj=$8194.26  ‖r‖=1.60e-04  ‖s‖=8.44e-03  ρ=19.5  sp_max=33.892s  sp_med=17.866s
k= 58  obj=$8194.82  ‖r‖=1.51e-04  ‖s‖=4.56e-03  ρ=19.5  sp_max=30.349s  sp_med=18.186s
k= 59  obj=$8195.66  ‖r‖=1.76e-04  ‖s‖=1.74e-03  ρ=19.5  sp_max=32.092s  sp_med=18.049s
k= 60  obj=$8195.75  ‖r‖=1.70e-04  ‖s‖=1.32e-03  ρ=19.5  sp_max=33.244s  sp_med=17.446s
      [Progress] 6754.5s elapsed, 1 iters/min
k= 61  obj=$8204.30  ‖r‖=1.45e-04  ‖s‖=2.79e-03  ρ=19.5  sp_max=44.432s  sp_med=18.459s
k= 62  obj=$8196.24  ‖r‖=1.13e-04  ‖s‖=3.75e-03  ρ=19.5  sp_max=35.221s  sp_med=17.777s
k= 63  obj=$8197.19  ‖r‖=1.16e-04  ‖s‖=3.87e-03  ρ=19.5  sp_max=33.669s  sp_med=18.998s
k= 64  obj=$8197.36  ‖r‖=1.01e-04  ‖s‖=3.59e-03  ρ=19.5  sp_max=30.761s  sp_med=19.127s
k= 65  obj=$8197.00  ‖r‖=1.01e-04  ‖s‖=3.42e-03  ρ=19.5  sp_max=33.629s  sp_med=19.743s
k= 66  obj=$8196.47  ‖r‖=1.01e-04  ‖s‖=3.04e-03  ρ=19.5  sp_max=32.659s  sp_med=17.921s
k= 67  obj=$8196.30  ‖r‖=9.51e-05  ‖s‖=2.94e-03  ρ=19.5  sp_max=27.644s  sp_med=15.382s
k= 68  obj=$8194.53  ‖r‖=1.21e-04  ‖s‖=2.30e-03  ρ=19.5  sp_max=25.074s  sp_med=15.054s
k= 69  obj=$8195.33  ‖r‖=1.14e-04  ‖s‖=1.62e-03  ρ=19.5  sp_max=25.303s  sp_med=14.624s
[36;1m  [k= 70] ρ 19.5 → 4.9 (s/r=25.3, ‖r‖ converged)
[0mk= 70  obj=$8193.32  ‖r‖=5.95e-05  ‖s‖=1.51e-03  ρ=4.9  sp_max=29.126s  sp_med=14.084s
      [Progress] 8040.2s elapsed, 1 iters/min
k= 71  obj=$8194.46  ‖r‖=1.02e-04  ‖s‖=1.08e-03  ρ=4.9  sp_max=26.983s  sp_med=14.609s
k= 72  obj=$8192.39  ‖r‖=1.15e-04  ‖s‖=6.55e-04  ρ=4.9  sp_max=34.837s  sp_med=16.924s
k= 73  obj=$8194.32  ‖r‖=1.07e-04  ‖s‖=3.73e-04  ρ=4.9  sp_max=34.332s  sp_med=18.509s
k= 74  obj=$8192.17  ‖r‖=9.10e-05  ‖s‖=2.88e-04  ρ=4.9  sp_max=34.534s  sp_med=17.663s
[32;1m🎉 tADMM converged at iteration 74 (‖r‖=9.10e-05 ≤ 1.00e-04, ‖s‖=2.88e-04 ≤ 5.00e-04)
  Final objective: $8192.17
[0m
================================================================================
[36;1m📊 SOLVER PERFORMANCE ANALYSIS (optimize!() times only)[0m
================================================================================
Iterations:       73
Effective time:   2227.35 seconds
Wall-clock time:  8551.06 seconds
Overhead:         74.0%
================================================================================

--- tADMM RESULT ---
[32;1mObjective: $8192.17
Wall-clock: 8551.06 seconds
Effective:  2227.35 seconds (74 iterations)
[0m
================================================================================
[36;1mVALIDATING tADMM SOLUTION[0m
================================================================================

================================================================================
SOLUTION VALIDATION: tADMM SOCP
================================================================================
✓ All constraints satisfied!
================================================================================
[32;1m✓ Convergence CSV: C:\repos_addendum\MultiPeriodDistOPF\envs\tadmm\processedData\ieee2552C_1ph_T96\convergence_data.csv[0m
[32;1m✓ Subproblem timing CSV: C:\repos_addendum\MultiPeriodDistOPF\envs\tadmm\processedData\ieee2552C_1ph_T96\subproblem_timing_details.csv[0m
[36;1mLoaded BF results from C:\repos_addendum\MultiPeriodDistOPF\envs\tadmm\processedData\ieee2552C_1ph_T96\results_socp_bf.txt[0m
[36;1mNear-optimal at k=28 (738.30s eff): obj=$8232.09, gap=0.288% vs BF, r=9.66e-05, s=8.25e-01[0m
[32;1m✓ Near-optimal summary: C:\repos_addendum\MultiPeriodDistOPF\envs\tadmm\processedData\ieee2552C_1ph_T96\near_optimal_summary.csv[0m
[32;1m✓ Solution saved: C:\repos_addendum\MultiPeriodDistOPF\envs\tadmm\processedData\ieee2552C_1ph_T96\sol_socp_tadmm.jls[0m
[32;1m✓ tADMM results written to C:\repos_addendum\MultiPeriodDistOPF\envs\tadmm\processedData\ieee2552C_1ph_T96\results_socp_tadmm.txt[0m
[32;1m✓ Live log trimmed to last 100 lines: C:\repos_addendum\MultiPeriodDistOPF\envs\tadmm\processedData\ieee2552C_1ph_T96\tadmm_run.log[0m

================================================================================
[35;1mtADMM PIPELINE COMPLETE[0m
================================================================================
