
================================================================================
PARALLELIZATION STATUS
================================================================================
Julia threads:       16
Status:              Using 16 threads
================================================================================
RHO_OVERRIDE: using rho = 15000.0
EPS_PRI_OVERRIDE: using eps_pri = 0.0005
EPS_DUAL_OVERRIDE: using eps_dual = 0.0005
ADAPTIVE_RHO_OVERRIDE: adaptive_rho = true

================================================================================
PARSING SYSTEM DATA
================================================================================
Loaded system: ieee2552C_1ph from C:\repos_addendum\MultiPeriodDistOPF\envs\tadmm\..\..\rawData\ieee2552C_1ph\Master.dss

========================================
Initial Powerflow
========================================
Powerflow completed successfully!

[OpenDSS] Total system load: 2129.58 kW
[OpenDSS] Substation power: 2187.53 kW
[OpenDSS] Total PV dispatch: 0.00 kW
[OpenDSS] Total battery dispatch: 0.00 kW
[OpenDSS] Total system losses: 57.95 kW


================================================================================
[35;1mSOLVING MPOPF WITH SOCP (tADMM)[0m
================================================================================
[36;1mUsing fixed rho = 15000.0[0m
  [tADMM hyperparams] mu_balance=5.00 tau_incr=2.00 tau_decr=4.00 update_interval=3 eps_pri=5.0e-04 eps_dual=5.0e-04 rho_init=15000.0 adaptive=true

================================================================================
[36;1m🎯 tADMM[SOCP]: T=48, ρ_init=15000.0, adaptive=true, warm_start=true, |Bset|=250, |Nset|=2522, |Lset|=2521
[0m================================================================================

******************************************************************************
This program contains Ipopt, a library for large-scale nonlinear optimization.
 Ipopt is released as open source code under the Eclipse Public License (EPL).
         For more information visit https://github.com/coin-or/Ipopt
******************************************************************************


******************************************************************************
This program contains Ipopt, a library for large-scale nonlinear optimization.
 Ipopt is released as open source code under the Eclipse Public License (EPL).
         For more information visit https://github.com/coin-or/Ipopt
******************************************************************************

k=  1  obj=$4299.55  ‖r‖=1.35e-03  ‖s‖=2.05e+00  ρ=15000.0  sp_max=50.762s  sp_med=31.794s
k=  2  obj=$4299.57  ‖r‖=1.34e-03  ‖s‖=2.40e+00  ρ=15000.0  sp_max=55.523s  sp_med=13.700s
[33;1m  [PHASE1-UP] ρ: 15000.0 → 30000.0 (‖r‖=1.33e-03 > ε=5.0e-04)
[0mk=  3  obj=$4299.57  ‖r‖=1.33e-03  ‖s‖=2.76e+00  ρ=30000.0  sp_max=41.344s  sp_med=14.225s
k=  4  obj=$4589.00  ‖r‖=1.21e-03  ‖s‖=3.75e+00  ρ=30000.0  sp_max=28.982s  sp_med=10.781s
k=  5  obj=$5547.05  ‖r‖=9.63e-04  ‖s‖=4.61e+00  ρ=30000.0  sp_max=27.884s  sp_med=11.145s
[33;1m  [PHASE1-UP] ρ: 30000.0 → 60000.0 (‖r‖=6.97e-04 > ε=5.0e-04)
[0mk=  6  obj=$6616.24  ‖r‖=6.97e-04  ‖s‖=5.09e+00  ρ=60000.0  sp_max=22.067s  sp_med=11.173s
k=  7  obj=$8108.69  ‖r‖=2.44e-04  ‖s‖=5.50e+00  ρ=60000.0  sp_max=24.892s  sp_med=8.041s
k=  8  obj=$8549.01  ‖r‖=1.02e-05  ‖s‖=5.28e+00  ρ=60000.0  sp_max=23.329s  sp_med=9.324s
[32;1m  [k=  9] Phase 1→2: primal converged
[0m[36;1m  [k=  9] ρ 60000.0 → 15000.0 (s/r=554679.6, ‖r‖ converged)
[0mk=  9  obj=$8541.50  ‖r‖=8.39e-06  ‖s‖=4.66e+00  ρ=15000.0  sp_max=13.903s  sp_med=6.454s
k= 10  obj=$8504.91  ‖r‖=2.11e-05  ‖s‖=3.45e+00  ρ=15000.0  sp_max=26.449s  sp_med=11.418s
      [Progress] 595.9s elapsed, 1 iters/min
k= 11  obj=$8480.83  ‖r‖=4.29e-05  ‖s‖=2.36e+00  ρ=15000.0  sp_max=24.312s  sp_med=9.081s
[36;1m  [k= 12] ρ 15000.0 → 3750.0 (s/r=35126.1, ‖r‖ converged)
[0mk= 12  obj=$8466.29  ‖r‖=5.74e-05  ‖s‖=2.02e+00  ρ=3750.0  sp_max=25.872s  sp_med=9.867s
k= 13  obj=$8412.66  ‖r‖=9.69e-05  ‖s‖=1.94e+00  ρ=3750.0  sp_max=23.280s  sp_med=11.153s
k= 14  obj=$8368.60  ‖r‖=1.02e-04  ‖s‖=1.83e+00  ρ=3750.0  sp_max=19.702s  sp_med=10.124s
[36;1m  [k= 15] ρ 3750.0 → 937.5 (s/r=15258.2, ‖r‖ converged)
[0mk= 15  obj=$8319.93  ‖r‖=1.13e-04  ‖s‖=1.73e+00  ρ=937.5  sp_max=23.557s  sp_med=11.937s
k= 16  obj=$8125.30  ‖r‖=2.64e-04  ‖s‖=1.67e+00  ρ=937.5  sp_max=28.535s  sp_med=11.660s
k= 17  obj=$8076.94  ‖r‖=2.62e-04  ‖s‖=1.29e+00  ρ=937.5  sp_max=21.186s  sp_med=9.836s
[36;1m  [k= 18] ρ 937.5 → 234.4 (s/r=4423.5, ‖r‖ converged)
[0mk= 18  obj=$8112.65  ‖r‖=1.72e-04  ‖s‖=7.63e-01  ρ=234.4  sp_max=20.958s  sp_med=11.228s
k= 19  obj=$8153.30  ‖r‖=1.71e-04  ‖s‖=3.20e-01  ρ=234.4  sp_max=36.471s  sp_med=15.476s
k= 20  obj=$8210.75  ‖r‖=2.44e-04  ‖s‖=1.19e-01  ρ=234.4  sp_max=22.292s  sp_med=9.138s
      [Progress] 1046.2s elapsed, 1 iters/min
[36;1m  [k= 21] ρ 234.4 → 58.6 (s/r=157.2, ‖r‖ converged)
[0mk= 21  obj=$8204.14  ‖r‖=2.36e-04  ‖s‖=3.72e-02  ρ=58.6  sp_max=24.209s  sp_med=10.080s
k= 22  obj=$8213.25  ‖r‖=2.71e-04  ‖s‖=1.79e-02  ρ=58.6  sp_max=23.089s  sp_med=9.572s
k= 23  obj=$8218.39  ‖r‖=2.60e-04  ‖s‖=9.37e-03  ρ=58.6  sp_max=24.251s  sp_med=9.718s
[36;1m  [k= 24] ρ 58.6 → 14.6 (s/r=52.2, ‖r‖ converged)
[0mk= 24  obj=$8218.38  ‖r‖=1.90e-04  ‖s‖=9.90e-03  ρ=14.6  sp_max=24.111s  sp_med=10.835s
k= 25  obj=$8218.39  ‖r‖=2.50e-04  ‖s‖=6.21e-03  ρ=14.6  sp_max=27.723s  sp_med=11.455s
k= 26  obj=$8218.38  ‖r‖=2.88e-04  ‖s‖=1.69e-03  ρ=14.6  sp_max=29.653s  sp_med=11.873s
[36;1m  [k= 27] ρ 14.6 → 3.7 (s/r=8.9, ‖r‖ converged)
[0mk= 27  obj=$8220.84  ‖r‖=2.13e-04  ‖s‖=1.90e-03  ρ=3.7  sp_max=36.792s  sp_med=14.186s
k= 28  obj=$8227.40  ‖r‖=1.76e-04  ‖s‖=1.41e-03  ρ=3.7  sp_max=25.045s  sp_med=11.672s
k= 29  obj=$8229.40  ‖r‖=2.31e-04  ‖s‖=5.82e-04  ρ=3.7  sp_max=27.201s  sp_med=11.568s
k= 30  obj=$8230.09  ‖r‖=2.01e-04  ‖s‖=2.62e-04  ρ=3.7  sp_max=25.809s  sp_med=10.917s
      [Progress] 1535.5s elapsed, 1 iters/min
[32;1m🎉 tADMM converged at iteration 30 (‖r‖=2.01e-04 ≤ 5.00e-04, ‖s‖=2.62e-04 ≤ 5.00e-04)
  Final objective: $8230.09
[0m
================================================================================
[36;1m📊 SOLVER PERFORMANCE ANALYSIS (optimize!() times only)[0m
================================================================================
Iterations:       29
Effective time:   829.18 seconds
Wall-clock time:  1536.30 seconds
Overhead:         46.0%
================================================================================

--- tADMM RESULT ---
[32;1mObjective: $8230.09
Wall-clock: 1536.30 seconds
Effective:  829.18 seconds (30 iterations)
[0m
================================================================================
[36;1mVALIDATING tADMM SOLUTION[0m
================================================================================

================================================================================
SOLUTION VALIDATION: tADMM SOCP
================================================================================
✓ All constraints satisfied!
================================================================================
[32;1m✓ Convergence CSV: C:\repos_addendum\MultiPeriodDistOPF\envs\tadmm\processedData\ieee2552C_1ph_T48\convergence_data.csv[0m
[32;1m✓ Subproblem timing CSV: C:\repos_addendum\MultiPeriodDistOPF\envs\tadmm\processedData\ieee2552C_1ph_T48\subproblem_timing_details.csv[0m
[36;1mLoaded BF results from C:\repos_addendum\MultiPeriodDistOPF\envs\tadmm\processedData\ieee2552C_1ph_T48\results_socp_bf.txt[0m
[36;1mNear-optimal at k=19 (539.01s eff): obj=$8153.30, gap=0.276% vs BF, r=1.71e-04, s=3.20e-01[0m
[32;1m✓ Near-optimal summary: C:\repos_addendum\MultiPeriodDistOPF\envs\tadmm\processedData\ieee2552C_1ph_T48\near_optimal_summary.csv[0m
[32;1m✓ Solution saved: C:\repos_addendum\MultiPeriodDistOPF\envs\tadmm\processedData\ieee2552C_1ph_T48\sol_socp_tadmm.jls[0m
[32;1m✓ tADMM results written to C:\repos_addendum\MultiPeriodDistOPF\envs\tadmm\processedData\ieee2552C_1ph_T48\results_socp_tadmm.txt[0m
[32;1m✓ Live log trimmed to last 100 lines: C:\repos_addendum\MultiPeriodDistOPF\envs\tadmm\processedData\ieee2552C_1ph_T48\tadmm_run.log[0m

================================================================================
[35;1mtADMM PIPELINE COMPLETE[0m
================================================================================
