
================================================================================
PARALLELIZATION STATUS
================================================================================
Julia threads:       16
Status:              Using 16 threads
================================================================================
RHO_OVERRIDE: using rho = 25000.0
EPS_PRI_OVERRIDE: using eps_pri = 0.0001
EPS_DUAL_OVERRIDE: using eps_dual = 0.0005
ADAPTIVE_RHO_OVERRIDE: adaptive_rho = true

================================================================================
PARSING SYSTEM DATA
================================================================================
Loaded system: ieee2552C_1ph from C:\repos_addendum\MultiPeriodDistOPF\envs\tadmm\..\..\rawData\ieee2552C_1ph\Master.dss

========================================
Initial Powerflow
========================================
Powerflow completed successfully!

[OpenDSS] Total system load: 2129.58 kW
[OpenDSS] Substation power: 2187.53 kW
[OpenDSS] Total PV dispatch: 0.00 kW
[OpenDSS] Total battery dispatch: 0.00 kW
[OpenDSS] Total system losses: 57.95 kW


================================================================================
[35;1mSOLVING MPOPF WITH SOCP (tADMM)[0m
================================================================================
[36;1mUsing fixed rho = 25000.0[0m
  [tADMM hyperparams] mu_balance=5.00 tau_incr=2.00 tau_decr=4.00 update_interval=5 eps_pri=1.0e-04 eps_dual=5.0e-04 rho_init=25000.0 adaptive=true

================================================================================
[36;1m🎯 tADMM[SOCP]: T=72, ρ_init=25000.0, adaptive=true, warm_start=true, |Bset|=250, |Nset|=2522, |Lset|=2521
[0m================================================================================

******************************************************************************
This program contains Ipopt, a library for large-scale nonlinear optimization.
 Ipopt is released as open source code under the Eclipse Public License (EPL).
         For more information visit https://github.com/coin-or/Ipopt
******************************************************************************

k=  1  obj=$4319.88  ‖r‖=8.94e-04  ‖s‖=1.84e+00  ρ=25000.0  sp_max=66.940s  sp_med=34.771s
k=  2  obj=$4315.73  ‖r‖=8.96e-04  ‖s‖=2.29e+00  ρ=25000.0  sp_max=51.761s  sp_med=28.091s
k=  3  obj=$4315.75  ‖r‖=8.93e-04  ‖s‖=2.46e+00  ρ=25000.0  sp_max=35.685s  sp_med=12.122s
k=  4  obj=$4538.09  ‖r‖=8.31e-04  ‖s‖=2.78e+00  ρ=25000.0  sp_max=40.479s  sp_med=13.602s
[33;1m  [PHASE1-UP] ρ: 25000.0 → 50000.0 (‖r‖=7.33e-04 > ε=1.0e-04)
[0mk=  5  obj=$5062.28  ‖r‖=7.33e-04  ‖s‖=3.09e+00  ρ=50000.0  sp_max=44.529s  sp_med=13.630s
k=  6  obj=$5866.65  ‖r‖=5.96e-04  ‖s‖=3.56e+00  ρ=50000.0  sp_max=43.305s  sp_med=19.590s
k=  7  obj=$7247.61  ‖r‖=3.65e-04  ‖s‖=3.78e+00  ρ=50000.0  sp_max=31.987s  sp_med=15.010s
k=  8  obj=$8247.08  ‖r‖=1.66e-04  ‖s‖=3.76e+00  ρ=50000.0  sp_max=31.197s  sp_med=12.484s
k=  9  obj=$8589.58  ‖r‖=1.28e-05  ‖s‖=3.64e+00  ρ=50000.0  sp_max=28.853s  sp_med=12.720s
[32;1m  [k= 10] Phase 1→2: primal converged
[0m[36;1m  [k= 10] ρ 50000.0 → 12500.0 (s/r=945107.4, ‖r‖ converged)
[0mk= 10  obj=$8591.24  ‖r‖=3.71e-06  ‖s‖=3.51e+00  ρ=12500.0  sp_max=23.200s  sp_med=10.722s
      [Progress] 1050.1s elapsed, 1 iters/min
k= 11  obj=$8565.75  ‖r‖=2.47e-05  ‖s‖=3.08e+00  ρ=12500.0  sp_max=28.893s  sp_med=10.559s
k= 12  obj=$8538.88  ‖r‖=2.09e-05  ‖s‖=2.37e+00  ρ=12500.0  sp_max=20.715s  sp_med=8.616s
k= 13  obj=$8518.82  ‖r‖=2.99e-05  ‖s‖=1.83e+00  ρ=12500.0  sp_max=25.705s  sp_med=11.744s
k= 14  obj=$8496.87  ‖r‖=3.22e-05  ‖s‖=1.65e+00  ρ=12500.0  sp_max=22.189s  sp_med=11.256s
[36;1m  [k= 15] ρ 12500.0 → 3125.0 (s/r=45866.0, ‖r‖ converged)
[0mk= 15  obj=$8478.74  ‖r‖=3.36e-05  ‖s‖=1.54e+00  ρ=3125.0  sp_max=26.190s  sp_med=10.613s
k= 16  obj=$8427.76  ‖r‖=7.65e-05  ‖s‖=1.38e+00  ρ=3125.0  sp_max=30.869s  sp_med=13.307s
k= 17  obj=$8381.26  ‖r‖=1.11e-04  ‖s‖=1.23e+00  ρ=3125.0  sp_max=34.385s  sp_med=12.972s
k= 18  obj=$8336.86  ‖r‖=1.07e-04  ‖s‖=1.15e+00  ρ=3125.0  sp_max=42.859s  sp_med=15.691s
k= 19  obj=$8316.59  ‖r‖=8.90e-05  ‖s‖=1.13e+00  ρ=3125.0  sp_max=37.678s  sp_med=12.666s
[36;1m  [k= 20] ρ 3125.0 → 781.2 (s/r=14164.0, ‖r‖ converged)
[0mk= 20  obj=$8304.81  ‖r‖=7.87e-05  ‖s‖=1.12e+00  ρ=781.2  sp_max=27.920s  sp_med=10.180s
      [Progress] 1809.4s elapsed, 1 iters/min
k= 21  obj=$8173.32  ‖r‖=9.97e-05  ‖s‖=1.08e+00  ρ=781.2  sp_max=41.120s  sp_med=20.507s
k= 22  obj=$8126.35  ‖r‖=1.19e-04  ‖s‖=8.79e-01  ρ=781.2  sp_max=35.690s  sp_med=17.849s
k= 23  obj=$8124.58  ‖r‖=1.37e-04  ‖s‖=5.66e-01  ρ=781.2  sp_max=39.331s  sp_med=20.626s
k= 24  obj=$8123.84  ‖r‖=1.31e-04  ‖s‖=4.01e-01  ρ=781.2  sp_max=37.809s  sp_med=22.849s
[36;1m  [k= 25] ρ 781.2 → 195.3 (s/r=3096.0, ‖r‖ converged)
[0mk= 25  obj=$8123.37  ‖r‖=9.97e-05  ‖s‖=3.09e-01  ρ=195.3  sp_max=37.078s  sp_med=21.033s
k= 26  obj=$8171.09  ‖r‖=1.30e-04  ‖s‖=1.76e-01  ρ=195.3  sp_max=35.022s  sp_med=20.528s
k= 27  obj=$8229.83  ‖r‖=1.75e-04  ‖s‖=8.74e-02  ρ=195.3  sp_max=45.367s  sp_med=22.411s
k= 28  obj=$8256.79  ‖r‖=1.99e-04  ‖s‖=3.43e-02  ρ=195.3  sp_max=42.843s  sp_med=22.834s
k= 29  obj=$8253.74  ‖r‖=1.95e-04  ‖s‖=1.36e-02  ρ=195.3  sp_max=41.551s  sp_med=20.058s
k= 30  obj=$8242.73  ‖r‖=1.64e-04  ‖s‖=3.02e-02  ρ=195.3  sp_max=29.624s  sp_med=15.204s
      [Progress] 3018.9s elapsed, 1 iters/min
k= 31  obj=$8233.19  ‖r‖=1.31e-04  ‖s‖=4.05e-02  ρ=195.3  sp_max=29.588s  sp_med=15.862s
k= 32  obj=$8245.15  ‖r‖=1.07e-04  ‖s‖=3.60e-02  ρ=195.3  sp_max=31.727s  sp_med=16.383s
k= 33  obj=$8250.16  ‖r‖=1.11e-04  ‖s‖=3.03e-02  ρ=195.3  sp_max=28.214s  sp_med=15.225s
k= 34  obj=$8210.88  ‖r‖=9.63e-05  ‖s‖=2.67e-02  ρ=195.3  sp_max=32.468s  sp_med=18.402s
[36;1m  [k= 35] ρ 195.3 → 48.8 (s/r=249.8, ‖r‖ converged)
[0mk= 35  obj=$8170.30  ‖r‖=9.32e-05  ‖s‖=2.33e-02  ρ=48.8  sp_max=39.236s  sp_med=16.868s
k= 36  obj=$8153.06  ‖r‖=1.68e-04  ‖s‖=1.32e-02  ρ=48.8  sp_max=34.759s  sp_med=17.868s
k= 37  obj=$8147.97  ‖r‖=1.68e-04  ‖s‖=6.65e-03  ρ=48.8  sp_max=38.232s  sp_med=21.905s
k= 38  obj=$8151.26  ‖r‖=1.48e-04  ‖s‖=4.26e-03  ρ=48.8  sp_max=50.167s  sp_med=27.049s
k= 39  obj=$8165.26  ‖r‖=1.23e-04  ‖s‖=5.81e-03  ρ=48.8  sp_max=45.681s  sp_med=23.985s
[36;1m  [k= 40] ρ 48.8 → 12.2 (s/r=77.0, ‖r‖ converged)
[0mk= 40  obj=$8182.15  ‖r‖=9.26e-05  ‖s‖=7.13e-03  ρ=12.2  sp_max=44.215s  sp_med=20.526s
      [Progress] 4169.6s elapsed, 1 iters/min
k= 41  obj=$8194.48  ‖r‖=1.27e-04  ‖s‖=5.67e-03  ρ=12.2  sp_max=43.701s  sp_med=23.031s
k= 42  obj=$8197.76  ‖r‖=1.96e-04  ‖s‖=3.60e-03  ρ=12.2  sp_max=40.320s  sp_med=23.886s
k= 43  obj=$8198.34  ‖r‖=2.33e-04  ‖s‖=1.36e-03  ρ=12.2  sp_max=52.741s  sp_med=24.007s
k= 44  obj=$8194.31  ‖r‖=2.26e-04  ‖s‖=9.05e-04  ρ=12.2  sp_max=50.862s  sp_med=24.462s
k= 45  obj=$8193.65  ‖r‖=1.82e-04  ‖s‖=2.01e-03  ρ=12.2  sp_max=41.922s  sp_med=26.372s
k= 46  obj=$8197.63  ‖r‖=1.40e-04  ‖s‖=2.45e-03  ρ=12.2  sp_max=54.907s  sp_med=28.193s
k= 47  obj=$8190.08  ‖r‖=8.10e-05  ‖s‖=2.50e-03  ρ=12.2  sp_max=43.122s  sp_med=22.608s
k= 48  obj=$8187.94  ‖r‖=7.67e-05  ‖s‖=2.14e-03  ρ=12.2  sp_max=41.718s  sp_med=22.602s
k= 49  obj=$8186.40  ‖r‖=9.54e-05  ‖s‖=1.45e-03  ρ=12.2  sp_max=44.598s  sp_med=24.399s
k= 50  obj=$8185.55  ‖r‖=1.04e-04  ‖s‖=6.26e-04  ρ=12.2  sp_max=48.158s  sp_med=23.682s
      [Progress] 5632.1s elapsed, 1 iters/min
k= 51  obj=$8185.35  ‖r‖=9.91e-05  ‖s‖=3.53e-04  ρ=12.2  sp_max=46.612s  sp_med=23.248s
[32;1m🎉 tADMM converged at iteration 51 (‖r‖=9.91e-05 ≤ 1.00e-04, ‖s‖=3.53e-04 ≤ 5.00e-04)
  Final objective: $8185.35
[0m
================================================================================
[36;1m📊 SOLVER PERFORMANCE ANALYSIS (optimize!() times only)[0m
================================================================================
Iterations:       50
Effective time:   1963.72 seconds
Wall-clock time:  5774.18 seconds
Overhead:         66.0%
================================================================================

--- tADMM RESULT ---
[32;1mObjective: $8185.35
Wall-clock: 5774.18 seconds
Effective:  1963.72 seconds (51 iterations)
[0m
================================================================================
[36;1mVALIDATING tADMM SOLUTION[0m
================================================================================

================================================================================
SOLUTION VALIDATION: tADMM SOCP
================================================================================
✓ All constraints satisfied!
================================================================================
[32;1m✓ Convergence CSV: C:\repos_addendum\MultiPeriodDistOPF\envs\tadmm\processedData\ieee2552C_1ph_T72\convergence_data.csv[0m
[32;1m✓ Subproblem timing CSV: C:\repos_addendum\MultiPeriodDistOPF\envs\tadmm\processedData\ieee2552C_1ph_T72\subproblem_timing_details.csv[0m
[36;1mLoaded BF results from C:\repos_addendum\MultiPeriodDistOPF\envs\tadmm\processedData\ieee2552C_1ph_T72\results_socp_bf.txt[0m
[36;1mNear-optimal at k=21 (736.46s eff): obj=$8173.32, gap=0.293% vs BF, r=9.97e-05, s=1.08e+00[0m
[32;1m✓ Near-optimal summary: C:\repos_addendum\MultiPeriodDistOPF\envs\tadmm\processedData\ieee2552C_1ph_T72\near_optimal_summary.csv[0m
[32;1m✓ Solution saved: C:\repos_addendum\MultiPeriodDistOPF\envs\tadmm\processedData\ieee2552C_1ph_T72\sol_socp_tadmm.jls[0m
[32;1m✓ tADMM results written to C:\repos_addendum\MultiPeriodDistOPF\envs\tadmm\processedData\ieee2552C_1ph_T72\results_socp_tadmm.txt[0m
[32;1m✓ Live log trimmed to last 100 lines: C:\repos_addendum\MultiPeriodDistOPF\envs\tadmm\processedData\ieee2552C_1ph_T72\tadmm_run.log[0m

================================================================================
[35;1mtADMM PIPELINE COMPLETE[0m
================================================================================
