
******************************************************************************
This program contains Ipopt, a library for large-scale nonlinear optimization.
 Ipopt is released as open source code under the Eclipse Public License (EPL).
         For more information visit https://github.com/coin-or/Ipopt
******************************************************************************

This is Ipopt version 3.14.19, running with linear solver MUMPS 5.8.2.

Number of nonzeros in equality constraint Jacobian...:   201693
Number of nonzeros in inequality constraint Jacobian.:   113616
Number of nonzeros in Lagrangian Hessian.............:    62208

Total number of variables............................:    95616
                     variables with only lower bounds:    18432
                variables with lower and upper bounds:        0
                     variables with only upper bounds:        0
Total number of equality constraints.................:    62640
Total number of inequality constraints...............:    58752
        inequality constraints with only lower bounds:        0
   inequality constraints with lower and upper bounds:    40464
        inequality constraints with only upper bounds:    18288

iter    objective    inf_pr   inf_du lg(mu)  ||d||  lg(rg) alpha_du alpha_pr  ls
   0  3.3599966e+01 1.10e+00 5.03e+00  -1.0 0.00e+00    -  0.00e+00 0.00e+00   0
   1  1.8563162e+02 1.06e+00 1.68e+01  -1.0 4.26e+00    -  2.38e-03 4.30e-02f  1
   2  2.6340427e+02 1.03e+00 1.64e+01  -1.0 1.53e+00    -  5.13e-02 2.62e-02f  1
   3  3.3972083e+02 9.99e-01 1.59e+01  -1.0 1.34e+00    -  4.68e-02 2.75e-02f  1
   4  4.2929179e+02 9.64e-01 1.54e+01  -1.0 3.44e+00    -  1.43e-02 3.51e-02f  1
   5  7.0766149e+02 8.55e-01 1.36e+01  -1.0 3.47e+00    -  2.74e-02 1.13e-01f  1
   6  1.6349694e+03 5.04e-01 2.64e+01  -1.0 1.26e+00    -  1.54e-01 4.11e-01f  1
   7  1.6957286e+03 4.76e-01 3.60e+01  -1.0 5.64e-01   2.0 2.23e-01 5.44e-02f  1
   8  1.9266638e+03 3.85e-01 2.85e+02  -1.0 5.21e-01   1.5 6.61e-01 1.92e-01f  1
   9  2.9223919e+03 6.64e-02 2.66e+02  -1.0 6.40e-01    -  4.69e-01 9.90e-01f  1
iter    objective    inf_pr   inf_du lg(mu)  ||d||  lg(rg) alpha_du alpha_pr  ls
  10  2.9433830e+03 2.91e-02 8.12e+01  -1.0 3.54e-01    -  6.94e-01 9.90e-01f  1
  11  2.9568081e+03 3.24e-07 4.18e+03  -1.0 1.16e+00    -  7.02e-01 9.92e-01f  1
  12  2.9599597e+03 2.06e-12 7.19e+05  -1.0 3.55e+00    -  5.03e-01 1.00e+00f  1
  13  2.9608644e+03 3.18e-09 3.56e+06  -1.0 7.70e+00    -  5.73e-01 1.00e+00f  1
  14  2.9613113e+03 2.82e-10 1.49e+06  -1.0 1.74e+01    -  6.00e-01 1.00e+00f  1
  15  2.9640248e+03 9.75e-11 7.57e+05  -1.0 4.42e+01    -  5.80e-01 1.00e+00f  1
  16  2.9678148e+03 3.22e-11 3.44e+05  -1.0 1.05e+02    -  5.88e-01 1.00e+00f  1
  17  2.9730603e+03 1.49e-12 1.59e+05  -1.0 2.53e+02    -  5.85e-01 9.54e-01f  1
  18  2.9771543e+03 5.96e-16 6.88e+04  -1.0 6.13e+02    -  5.80e-01 1.00e+00f  1
  19  2.9789873e+03 1.11e-15 2.81e+04  -1.0 1.43e+03    -  5.92e-01 1.00e+00f  1
iter    objective    inf_pr   inf_du lg(mu)  ||d||  lg(rg) alpha_du alpha_pr  ls
  20  2.9795717e+03 6.24e-16 1.13e+04  -1.0 3.40e+03    -  5.97e-01 1.00e+00f  1
  21  2.9797749e+03 8.04e-16 4.36e+03  -1.0 7.74e+03    -  6.14e-01 1.00e+00f  1
  22  2.9797659e+03 5.46e-16 1.51e+03  -1.0 1.63e+04    -  6.54e-01 1.00e+00f  1
  23  2.9797987e+03 2.04e-15 4.02e+02  -1.0 2.83e+04    -  7.34e-01 1.00e+00f  1
  24  2.9797760e+03 9.00e-16 2.09e+02  -1.0 3.56e+04    -  5.57e-01 1.00e+00f  1
  25  2.9797877e+03 3.33e-15 1.97e+02  -1.0 3.03e+04    -  7.29e-01 1.00e+00h  1
  26  2.9797849e+03 4.09e-16 4.56e+01  -1.0 3.50e+04    -  9.49e-01 1.00e+00h  1
  27  2.9357548e+03 3.92e-16 6.12e+05  -1.7 4.49e+03    -  7.17e-01 8.01e-01f  1
  28  2.9205065e+03 4.79e-16 8.57e+05  -1.7 8.99e+03    -  1.00e+00 4.06e-01f  1
  29  2.8926105e+03 3.96e-16 8.60e+04  -1.7 1.59e+04    -  1.00e+00 9.00e-01f  1
iter    objective    inf_pr   inf_du lg(mu)  ||d||  lg(rg) alpha_du alpha_pr  ls
  30  2.8920059e+03 4.06e-16 1.89e-05  -1.7 1.60e+03    -  1.00e+00 1.00e+00h  1
  31  2.8699603e+03 4.63e-16 4.91e+05  -3.8 2.48e+02    -  7.98e-01 5.26e-01f  1
  32  2.8278136e+03 4.22e-16 9.72e+04  -3.8 4.05e+02    -  6.77e-01 7.49e-01f  1
  33  2.8182772e+03 4.22e-16 4.56e+04  -3.8 2.25e+02    -  6.63e-01 6.03e-01h  1
  34  2.8140744e+03 3.99e-16 1.47e+04  -3.8 3.11e+02    -  6.53e-01 6.66e-01h  1
  35  2.8125005e+03 4.02e-16 4.45e+03  -3.8 3.11e+02    -  7.82e-01 7.38e-01h  1
  36  2.8119566e+03 4.44e-16 2.06e-05  -3.8 2.85e+02    -  1.00e+00 1.00e+00h  1
  37  2.8119572e+03 4.44e-16 2.78e-07  -3.8 1.19e+02    -  1.00e+00 1.00e+00h  1
  38  2.8119573e+03 4.16e-16 2.10e-09  -3.8 8.96e+00    -  1.00e+00 1.00e+00h  1
  39  2.8119573e+03 4.20e-16 1.50e-09  -3.8 2.96e-02    -  1.00e+00 1.00e+00h  1
iter    objective    inf_pr   inf_du lg(mu)  ||d||  lg(rg) alpha_du alpha_pr  ls
  40  2.8111880e+03 4.44e-16 4.99e+02  -5.7 2.53e+02    -  6.73e-01 7.10e-01f  1
  41  2.8110141e+03 4.65e-16 1.23e+02  -5.7 9.06e+01    -  6.32e-01 5.54e-01h  1
  42  2.8109024e+03 4.44e-16 2.14e+02  -5.7 1.01e+02    -  6.44e-01 7.92e-01h  1
  43  2.8108722e+03 4.16e-16 8.45e-08  -5.7 2.76e+01    -  1.00e+00 1.00e+00h  1
  44  2.8108722e+03 7.98e-13 8.27e-03  -5.7 1.58e+35    -  1.39e-24 2.51e-33f  9
  45  2.8108722e+03 4.20e-16 1.19e-07  -5.7 6.42e-01    -  1.00e+00 1.00e+00h  1
  46  2.8108588e+03 4.53e-16 3.21e+00  -8.6 5.33e+00    -  9.78e-01 9.97e-01f  1
  47  2.8108587e+03 4.44e-16 8.26e-04  -8.6 7.44e-05   1.0 1.00e+00 1.00e+00h  1
  48  2.8108587e+03 4.02e-16 4.53e-06  -8.6 1.22e-06   0.6 1.00e+00 1.00e+00h  1
  49  2.8108587e+03 4.44e-16 7.51e-08  -8.6 6.08e-08   0.1 1.00e+00 1.00e+00h  1
iter    objective    inf_pr   inf_du lg(mu)  ||d||  lg(rg) alpha_du alpha_pr  ls
  50  2.8108587e+03 4.09e-16 2.59e-10  -8.6 6.29e-10  -0.4 1.00e+00 1.00e+00h  1

Number of Iterations....: 50

                                   (scaled)                 (unscaled)
Objective...............:   2.8108587091936829e+03    2.8108587091936829e+03
Dual infeasibility......:   2.5903280082810679e-10    2.5903280082810679e-10
Constraint violation....:   4.0939474033052647e-16    4.0939474033052647e-16
Variable bound violation:   0.0000000000000000e+00    0.0000000000000000e+00
Complementarity.........:   2.5059036478087805e-09    2.5059036478087805e-09
Overall NLP error.......:   2.5059036478087805e-09    2.5059036478087805e-09


Number of objective function evaluations             = 60
Number of objective gradient evaluations             = 51
Number of equality constraint evaluations            = 60
Number of inequality constraint evaluations          = 60
Number of equality constraint Jacobian evaluations   = 51
Number of inequality constraint Jacobian evaluations = 51
Number of Lagrangian Hessian evaluations             = 50
Total seconds in IPOPT                               = 24.695

EXIT: Optimal Solution Found.
