
******************************************************************************
This program contains Ipopt, a library for large-scale nonlinear optimization.
 Ipopt is released as open source code under the Eclipse Public License (EPL).
         For more information visit https://github.com/coin-or/Ipopt
******************************************************************************

This is Ipopt version 3.14.19, running with linear solver MUMPS 5.8.2.

Number of nonzeros in equality constraint Jacobian...:   143390
Number of nonzeros in inequality constraint Jacobian.:    80136
Number of nonzeros in Lagrangian Hessian.............:    46878

Total number of variables............................:    65022
                     variables with only lower bounds:    15132
                variables with lower and upper bounds:        0
                     variables with only upper bounds:        0
Total number of equality constraints.................:    46896
Total number of inequality constraints...............:    34758
        inequality constraints with only lower bounds:        0
   inequality constraints with lower and upper bounds:    19632
        inequality constraints with only upper bounds:    15126

iter    objective    inf_pr   inf_du lg(mu)  ||d||  lg(rg) alpha_du alpha_pr  ls
   0  3.3599966e+01 1.10e+00 4.40e+00  -1.0 0.00e+00    -  0.00e+00 0.00e+00   0
   1  2.0877595e+02 1.09e+00 7.77e+00  -1.0 6.54e+00    -  1.54e-03 1.48e-02f  1
   2  3.3551664e+02 1.07e+00 7.64e+00  -1.0 2.86e+00    -  2.04e-02 1.67e-02f  1
   3  4.0911057e+02 1.06e+00 7.57e+00  -1.0 3.14e+00    -  1.82e-02 9.66e-03f  1
   4  4.4074064e+02 1.05e+00 1.35e+01  -1.0 6.25e+00    -  1.06e-02 4.77e-03f  1
   5  4.6226007e+02 1.05e+00 1.11e+01  -1.0 1.59e+01    -  1.55e-03 2.90e-03f  1
   6  4.9134771e+02 1.05e+00 1.15e+01  -1.0 2.32e+01    -  2.27e-03 3.34e-03f  1
   7  5.5722807e+02 1.04e+00 1.52e+01  -1.0 1.95e+01    -  4.40e-03 7.46e-03f  1
   8  6.1237477e+02 1.03e+00 1.41e+01  -1.0 1.42e+01    -  7.86e-03 6.59e-03f  1
   9  6.9386701e+02 1.02e+00 2.61e+01  -1.0 1.47e+01    -  5.30e-03 9.69e-03f  1
iter    objective    inf_pr   inf_du lg(mu)  ||d||  lg(rg) alpha_du alpha_pr  ls
  10  8.0357919e+02 1.01e+00 3.31e+01  -1.0 1.48e+01    -  1.03e-02 1.31e-02f  1
  11  1.0222479e+03 9.82e-01 3.34e+01  -1.0 1.30e+01    -  2.20e-02 2.64e-02f  1
  12  1.2375891e+03 9.55e-01 3.37e+01  -1.0 1.08e+01    -  3.77e-02 2.68e-02f  1
  13  1.4781460e+03 9.26e-01 4.54e+01  -1.0 9.90e+00    -  6.55e-02 3.08e-02f  1
  14  1.6444528e+03 9.05e-01 3.44e+01  -1.0 9.16e+00    -  9.25e-03 2.21e-02f  1
  15  1.7966144e+03 8.87e-01 3.14e+01  -1.0 1.39e+02    -  1.80e-03 2.07e-02f  1
  16  1.9422714e+03 8.69e-01 4.15e+01  -1.0 6.99e+00   0.0 3.96e-02 2.04e-02f  1
  17  2.1092547e+03 8.48e-01 3.86e+01  -1.0 1.77e+01  -0.5 2.28e-02 2.37e-02f  1
  18  2.2583997e+03 8.30e-01 2.71e+01  -1.0 4.41e+01  -1.0 1.49e-02 2.17e-02f  1
  19  2.3114718e+03 8.23e-01 7.67e+01  -1.0 2.22e+01  -0.5 2.77e-02 7.92e-03f  1
iter    objective    inf_pr   inf_du lg(mu)  ||d||  lg(rg) alpha_du alpha_pr  ls
  20  2.4416443e+03 8.07e-01 6.64e+01  -1.0 5.91e+01  -1.0 1.08e-02 1.94e-02f  1
  21  2.5534878e+03 7.93e-01 5.18e+01  -1.0 2.38e+01  -0.6 1.18e-02 1.71e-02f  1
  22  2.6293699e+03 7.84e-01 5.47e+01  -1.0 7.63e+01  -1.1 1.63e-02 1.19e-02f  1
  23  2.7597139e+03 7.68e-01 7.47e+01  -1.0 2.57e+01  -0.6 2.86e-02 2.06e-02f  1
  24  2.8805785e+03 7.53e-01 7.31e+01  -1.0 5.36e+01  -1.1 1.94e-02 1.96e-02f  1
  25  2.9990241e+03 7.38e-01 6.49e+01  -1.0 2.81e+01  -0.7 1.70e-02 1.95e-02f  1
  26  3.2160213e+03 7.11e-01 6.46e+01  -1.0 4.02e+01  -1.2 3.93e-02 3.66e-02f  1
  27  3.2610876e+03 7.05e-01 6.40e+01  -1.0 1.83e+02  -1.6 8.34e-03 8.09e-03f  1
  28  3.4627127e+03 6.80e-01 7.19e+01  -1.0 4.68e+01  -1.2 4.47e-02 3.58e-02f  1
  29  3.6379416e+03 6.58e-01 6.42e+01  -1.0 9.56e+01  -1.7 1.39e-02 3.28e-02f  1
iter    objective    inf_pr   inf_du lg(mu)  ||d||  lg(rg) alpha_du alpha_pr  ls
  30  3.6506731e+03 6.56e-01 6.71e+01  -1.0 1.16e+03  -2.2 1.81e-03 2.65e-03f  1
  31  3.8758172e+03 6.27e-01 1.21e+02  -1.0 1.08e+02  -1.7 2.14e-02 4.41e-02f  1
  32  3.9392342e+03 6.19e-01 1.29e+02  -1.0 8.28e+02  -2.2 1.14e-02 1.30e-02f  1
  33  4.0931365e+03 5.99e-01 1.24e+02  -1.0 9.09e+01  -1.8 3.27e-02 3.23e-02f  1
  34  4.1491451e+03 5.92e-01 1.05e+02  -1.0 7.66e+02  -2.3 1.61e-02 1.19e-02f  1
  35  4.3107429e+03 5.71e-01 6.23e+01  -1.0 8.62e+01  -1.8 5.16e-02 3.55e-02f  1
  36  4.4320929e+03 5.55e-01 5.75e+01  -1.0 6.20e+02  -2.3 3.34e-02 2.70e-02f  1
  37  4.6754372e+03 5.24e-01 6.66e+01  -1.0 1.03e+02  -1.9 4.35e-02 5.67e-02f  1
  38  4.8625714e+03 5.00e-01 7.71e+01  -1.0 3.38e+02  -2.4 3.92e-02 4.53e-02f  1
  39  4.8694410e+03 4.99e-01 7.57e+01  -1.0 3.32e+03  -2.8 7.45e-03 1.62e-03f  1
iter    objective    inf_pr   inf_du lg(mu)  ||d||  lg(rg) alpha_du alpha_pr  ls
  40  4.9826536e+03 4.85e-01 8.22e+01  -1.0 2.41e+02  -2.4 4.86e-02 2.90e-02f  1
  41  5.0196588e+03 4.80e-01 8.69e+01  -1.0 9.54e+02  -2.9 1.18e-02 9.60e-03f  1
  42  5.0844063e+03 4.72e-01 1.87e+02  -1.0 2.47e+02  -2.5 6.72e-02 1.76e-02f  1
  43  5.1605415e+03 4.62e-01 1.61e+02  -1.0 9.70e+02  -2.9 1.74e-02 2.04e-02f  1
  44  5.2620544e+03 4.49e-01 1.48e+02  -1.0 2.56e+02  -2.5 2.56e-02 2.79e-02f  1
  45  5.3258403e+03 4.41e-01 1.10e+02  -1.0 7.77e+02  -3.0 9.65e-03 1.70e-02f  1
  46  5.5895604e+03 4.09e-01 1.38e+02  -1.0 3.58e+02  -2.6 8.86e-03 7.43e-02f  1
  47  5.6773543e+03 3.98e-01 1.45e+02  -1.0 1.28e+03  -3.1 2.24e-02 2.57e-02f  1
  48  5.9700339e+03 3.62e-01 1.60e+02  -1.0 2.83e+02  -2.6 7.12e-02 9.19e-02f  1
  49  6.1934150e+03 3.34e-01 3.05e+02  -1.0 8.73e+02  -3.1 1.55e-02 7.53e-02f  1
iter    objective    inf_pr   inf_du lg(mu)  ||d||  lg(rg) alpha_du alpha_pr  ls
  50  6.4520696e+03 3.02e-01 2.75e+02  -1.0 1.76e+02  -2.7 9.84e-02 9.74e-02f  1
  51  6.5991581e+03 2.84e-01 2.90e+02  -1.0 5.21e+02  -3.2 4.33e-02 6.01e-02f  1
  52  6.7203180e+03 2.68e-01 3.35e+02  -1.0 1.33e+02  -2.7 1.15e-01 5.38e-02f  1
  53  6.7236609e+03 2.68e-01 1.10e+03  -1.0 4.40e+02  -3.2 3.41e-02 1.45e-03f  1
  54  6.7676192e+03 2.63e-01 6.87e+02  -1.0 1.98e+02  -2.8 1.32e-02 1.87e-02f  1
  55  6.7751165e+03 2.62e-01 6.55e+02  -1.0 8.93e+02  -3.3 2.24e-03 3.83e-03f  1
  56  6.7872396e+03 2.60e-01 1.56e+03  -1.0 4.02e+02  -2.8 3.11e-02 7.24e-03f  1
  57  6.8542888e+03 2.51e-01 8.25e+02  -1.0 9.66e+02  -3.3 5.52e-03 3.35e-02f  1
  58  6.8719198e+03 2.49e-01 8.69e+02  -1.0 1.83e+02  -2.9 1.22e-02 9.15e-03f  1
  59  6.9188976e+03 2.43e-01 7.87e+02  -1.0 1.03e+03  -3.4 2.22e-02 2.49e-02f  1
iter    objective    inf_pr   inf_du lg(mu)  ||d||  lg(rg) alpha_du alpha_pr  ls
  60  6.9484659e+03 2.39e-01 4.43e+02  -1.0 3.05e+02  -2.9 6.25e-03 1.69e-02f  1
  61  7.0192909e+03 2.30e-01 3.61e+02  -1.0 9.17e+02  -3.4 1.80e-02 3.72e-02f  1
  62  7.0321729e+03 2.28e-01 5.75e+02  -1.0 3.14e+02  -3.0 2.54e-02 6.94e-03f  1
  63  7.1220631e+03 2.17e-01 3.84e+02  -1.0 1.19e+03  -3.5 3.94e-02 4.75e-02f  1
  64  7.1498360e+03 2.14e-01 4.47e+02  -1.0 5.61e+02  -3.0 1.59e-02 1.46e-02f  1
  65  7.1975673e+03 2.08e-01 7.17e+02  -1.0 1.11e+03  -3.5 4.48e-02 2.71e-02f  1
  66  7.2301295e+03 2.04e-01 5.47e+02  -1.0 4.50e+02  -3.1 7.19e-03 2.13e-02f  1
  67  7.2696739e+03 1.99e-01 6.85e+02  -1.0 1.04e+03  -3.6 3.90e-02 2.47e-02f  1
  68  7.2840476e+03 1.97e-01 1.17e+03  -1.0 7.75e+02  -3.1 1.84e-02 9.69e-03f  1
  69  7.3660343e+03 1.87e-01 1.14e+03  -1.0 1.00e+03  -3.6 5.91e-02 5.26e-02f  1
iter    objective    inf_pr   inf_du lg(mu)  ||d||  lg(rg) alpha_du alpha_pr  ls
  70  7.3861021e+03 1.84e-01 8.68e+02  -1.0 6.66e+02  -3.2 6.58e-03 1.29e-02f  1
  71  7.4200171e+03 1.80e-01 1.39e+03  -1.0 1.05e+03  -3.7 7.59e-02 2.21e-02f  1
  72  7.4539575e+03 1.76e-01 1.26e+03  -1.0 6.35e+02  -3.2 1.89e-02 2.17e-02f  1
  73  7.5223642e+03 1.68e-01 1.49e+03  -1.0 9.38e+02  -3.7 8.60e-02 4.87e-02f  1
  74  7.5531891e+03 1.64e-01 8.11e+02  -1.0 6.02e+02  -3.3 3.99e-03 2.21e-02f  1
  75  7.6562815e+03 1.51e-01 5.93e+02  -1.0 9.63e+02  -3.8 7.17e-02 7.89e-02f  1
  76  7.6784195e+03 1.48e-01 6.10e+02  -1.0 3.72e+02  -3.3 1.97e-02 1.91e-02f  1
  77  7.6936197e+03 1.46e-01 4.08e+02  -1.0 5.91e+02  -3.8 1.01e-02 1.27e-02f  1
  78  7.6975256e+03 1.46e-01 2.52e+03  -1.0 4.79e+02  -3.4 2.12e-02 3.19e-03f  1
  79  7.7160888e+03 1.44e-01 1.28e+03  -1.0 1.11e+03  -3.9 3.32e-03 1.58e-02f  1
iter    objective    inf_pr   inf_du lg(mu)  ||d||  lg(rg) alpha_du alpha_pr  ls
  80  7.7276362e+03 1.42e-01 6.18e+02  -1.0 5.96e+02  -3.4 2.46e-03 8.51e-03f  1
  81  7.9122405e+03 1.24e-01 1.08e+03  -1.0 9.82e+02  -3.9 1.31e-02 1.26e-01f  1
  82  7.9522978e+03 1.21e-01 9.07e+02  -1.0 8.57e+02  -3.5 4.86e-02 3.08e-02f  1
  83  8.0754096e+03 1.09e-01 1.19e+03  -1.0 8.73e+02  -4.0 7.30e-02 9.89e-02f  1
  84  8.0775409e+03 1.08e-01 1.20e+03  -1.0 4.10e+02  -3.5 4.63e-03 2.34e-03f  1
  85  8.1515507e+03 9.70e-02 1.30e+03  -1.0 6.99e+02  -4.0 1.13e-02 1.05e-01f  1
  86  8.1554425e+03 9.65e-02 9.72e+02  -1.0 6.13e+02  -3.6 4.55e-02 5.32e-03f  1
  87  8.2256948e+03 8.64e-02 7.98e+02  -1.0 6.56e+02  -4.1 4.87e-02 1.05e-01f  1
  88  8.2391734e+03 8.47e-02 8.71e+02  -1.0 6.60e+03  -4.6 2.85e-02 1.99e-02f  1
  89  8.3303369e+03 7.31e-02 1.81e+03  -1.0 4.58e+02  -4.1 6.29e-02 1.36e-01f  1
iter    objective    inf_pr   inf_du lg(mu)  ||d||  lg(rg) alpha_du alpha_pr  ls
  90  8.3327779e+03 7.29e-02 1.30e+03  -1.0 7.76e+02  -4.6 1.25e-01 3.32e-03f  1
  91  8.3973735e+03 6.72e-02 1.21e+03  -1.0 4.26e+02  -4.2 2.58e-02 7.84e-02f  1
  92  8.4367007e+03 6.25e-02 1.21e+03  -1.0 1.20e+03  -4.7 2.36e-02 6.91e-02f  1
  93  8.4440468e+03 6.16e-02 1.02e+03  -1.0 4.17e+02  -4.2 7.94e-02 1.47e-02f  1
  94  8.4810443e+03 5.65e-02 1.11e+03  -1.0 8.08e+02  -4.7 2.85e-02 8.36e-02f  1
  95  8.4831812e+03 5.61e-02 1.01e+03  -1.0 8.78e+02  -4.3 1.70e-02 5.87e-03f  1
  96  8.4848449e+03 5.58e-02 4.62e+03  -1.0 1.49e+03  -4.8 3.19e-02 5.59e-03f  1
  97  8.5011788e+03 5.27e-02 4.27e+03  -1.0 9.31e+02  -4.3 6.17e-03 5.66e-02f  1
  98  8.5154122e+03 4.96e-02 1.14e+04  -1.0 1.45e+03  -4.8 1.51e-02 5.81e-02f  1
  99  8.7428840e+03 2.55e-02 4.47e+03  -1.0 7.96e+02  -4.4 2.24e-02 6.32e-01f  1
iter    objective    inf_pr   inf_du lg(mu)  ||d||  lg(rg) alpha_du alpha_pr  ls
 100  8.7457914e+03 2.48e-02 1.14e+04  -1.0 2.86e+02  -4.9 3.38e-01 1.90e-02f  1
 101  8.9042677e+03 3.66e-03 9.00e+03  -1.0 3.43e+02  -5.3 1.01e-01 7.96e-01f  1
 102  8.9339892e+03 1.68e-03 7.44e+03  -1.0 4.36e+02    -  3.11e-01 5.42e-01f  1
 103  8.9328815e+03 1.52e-03 4.01e+03  -1.0 5.41e+02    -  4.15e-01 9.59e-02f  1
 104  8.9466656e+03 4.95e-04 4.10e+03  -1.0 9.17e+02    -  2.21e-01 6.74e-01f  1
 105  8.9596410e+03 2.53e-04 4.38e+03  -1.0 1.14e+03    -  6.49e-02 4.88e-01f  1
 106  8.9633785e+03 2.11e-04 2.59e+03  -1.0 1.19e+03    -  3.73e-01 1.69e-01f  1
 107  8.9673608e+03 1.55e-04 2.22e+03  -1.0 1.83e+03    -  1.68e-01 2.63e-01f  1
 108  8.9717731e+03 4.44e-05 1.99e+03  -1.0 2.12e+03    -  2.17e-01 7.14e-01f  1
 109  8.9756965e+03 3.26e-05 3.26e+03  -1.0 2.48e+03    -  1.15e-01 2.67e-01f  1
iter    objective    inf_pr   inf_du lg(mu)  ||d||  lg(rg) alpha_du alpha_pr  ls
 110  8.9800698e+03 1.90e-05 4.41e+03  -1.0 2.78e+03    -  2.68e-01 4.15e-01f  1
 111  8.9867991e+03 7.00e-06 1.29e+04  -1.0 3.69e+03    -  2.44e-01 6.32e-01f  1
 112  8.9879469e+03 4.82e-06 2.57e+04  -1.0 4.63e+03    -  9.77e-02 3.11e-01f  1
 113  8.9888486e+03 4.03e-06 4.51e+03  -1.0 5.00e+03    -  3.13e-01 1.63e-01f  1
 114  8.9921155e+03 1.29e-06 6.32e+04  -1.0 6.94e+03    -  2.24e-01 6.81e-01f  1
 115  8.9940152e+03 4.14e-07 8.84e+04  -1.0 8.10e+03    -  5.11e-01 6.78e-01f  1
 116  8.9966152e+03 2.76e-14 5.30e+05  -1.0 1.38e+04    -  5.32e-01 1.00e+00f  1
 117  8.9976008e+03 9.17e-10 1.01e+06  -1.0 1.94e+04    -  6.84e-01 7.94e-01f  1
 118  8.9993350e+03 4.73e-11 5.67e+05  -1.0 2.68e+04    -  7.81e-01 1.00e+00f  1
 119  9.0001249e+03 1.16e-10 5.03e+05  -1.0 2.86e+04    -  2.76e-01 7.37e-01f  1
iter    objective    inf_pr   inf_du lg(mu)  ||d||  lg(rg) alpha_du alpha_pr  ls
 120  9.0008407e+03 4.56e-11 1.29e+04  -1.0 2.37e+04    -  9.84e-01 1.00e+00h  1
 121  9.0014781e+03 4.30e-14 1.95e+05  -1.0 7.00e+04    -  1.35e-01 1.00e+00f  1
 122  9.0015231e+03 9.51e-15 4.84e-01  -1.0 1.78e+04    -  1.00e+00 1.00e+00h  1
 123  9.0015246e+03 4.44e-16 8.29e-03  -1.0 9.93e+03    -  1.00e+00 1.00e+00h  1
 124  9.0015245e+03 4.44e-16 2.16e-05  -1.0 6.30e+02    -  1.00e+00 1.00e+00h  1
 125  8.8358618e+03 6.45e-09 3.66e+06  -3.8 2.55e+03    -  5.96e-01 1.00e+00f  1
 126  8.7483974e+03 3.89e-09 2.55e+06  -3.8 4.33e+03    -  3.03e-01 3.97e-01f  1
 127  8.6526647e+03 1.79e-09 8.40e+05  -3.8 2.91e+03    -  6.71e-01 5.41e-01f  1
 128  8.5336533e+03 3.35e-10 2.29e+05  -3.8 3.47e+03    -  7.28e-01 8.12e-01f  1
 129  8.5010184e+03 5.12e-11 2.04e+04  -3.8 1.42e+03    -  9.11e-01 8.47e-01h  1
iter    objective    inf_pr   inf_du lg(mu)  ||d||  lg(rg) alpha_du alpha_pr  ls
 130  8.4981196e+03 4.44e-16 3.23e-06  -3.8 2.02e+02    -  1.00e+00 1.00e+00h  1
 131  8.4982360e+03 1.77e-15 1.29e-08  -3.8 1.14e+02    -  1.00e+00 1.00e+00h  1
 132  8.4982358e+03 6.25e-16 1.50e-09  -3.8 1.05e+00    -  1.00e+00 1.00e+00h  1
 133  8.4964813e+03 1.52e-15 4.89e-07  -5.7 4.71e+01    -  1.00e+00 1.00e+00f  1
 134  8.4964836e+03 4.44e-16 5.99e-10  -5.7 4.01e-04  -5.8 1.00e+00 1.00e+00h  1
 135  8.4964619e+03 2.00e-15 7.52e-11  -8.6 5.84e-01    -  1.00e+00 1.00e+00f  1

Number of Iterations....: 135

                                   (scaled)                 (unscaled)
Objective...............:   1.0778843632343262e+03    8.4964619080322063e+03
Dual infeasibility......:   7.5240552060396488e-11    5.9308633312226390e-10
Constraint violation....:   1.9984014443252818e-15    1.9984014443252818e-15
Variable bound violation:   0.0000000000000000e+00    0.0000000000000000e+00
Complementarity.........:   2.7906319545899604e-09    2.1997255837690009e-08
Overall NLP error.......:   2.7906319545899604e-09    2.1997255837690009e-08


Number of objective function evaluations             = 136
Number of objective gradient evaluations             = 136
Number of equality constraint evaluations            = 136
Number of inequality constraint evaluations          = 136
Number of equality constraint Jacobian evaluations   = 136
Number of inequality constraint Jacobian evaluations = 136
Number of Lagrangian Hessian evaluations             = 135
Total seconds in IPOPT                               = 36.487

EXIT: Optimal Solution Found.
