
******************************************************************************
This program contains Ipopt, a library for large-scale nonlinear optimization.
 Ipopt is released as open source code under the Eclipse Public License (EPL).
         For more information visit https://github.com/coin-or/Ipopt
******************************************************************************

This is Ipopt version 3.14.19, running with linear solver MUMPS 5.8.2.

Number of nonzeros in equality constraint Jacobian...:    33573
Number of nonzeros in inequality constraint Jacobian.:    18936
Number of nonzeros in Lagrangian Hessian.............:    10368

Total number of variables............................:    15936
                     variables with only lower bounds:     3072
                variables with lower and upper bounds:        0
                     variables with only upper bounds:        0
Total number of equality constraints.................:    10440
Total number of inequality constraints...............:     9792
        inequality constraints with only lower bounds:        0
   inequality constraints with lower and upper bounds:     6744
        inequality constraints with only upper bounds:     3048

iter    objective    inf_pr   inf_du lg(mu)  ||d||  lg(rg) alpha_du alpha_pr  ls
   0  3.3599966e+01 1.10e+00 1.36e+01  -1.0 0.00e+00    -  0.00e+00 0.00e+00   0
   1  3.8555580e+02 9.91e-01 3.17e+01  -1.0 3.38e+00    -  3.02e-03 1.01e-01f  1
   2  4.5910304e+02 9.54e-01 3.05e+01  -1.0 9.97e-01    -  1.09e-01 3.72e-02f  1
   3  7.3201618e+02 8.38e-01 2.68e+01  -1.0 1.65e+00    -  2.37e-02 1.22e-01f  1
   4  1.2873807e+03 6.27e-01 2.57e+01  -1.0 2.50e+00    -  7.12e-02 2.52e-01f  1
   5  1.8407999e+03 3.98e-01 1.76e+01  -1.0 1.07e+00    -  3.31e-01 3.64e-01f  1
   6  2.8814752e+03 1.57e-02 2.23e+01  -1.0 3.35e+00    -  1.26e-01 9.90e-01f  1
   7  2.8799720e+03 6.26e-04 4.41e+00  -1.0 1.27e+00    -  8.13e-01 8.43e-01f  1
   8  2.8851161e+03 6.20e-06 5.49e+02  -1.0 8.96e+00    -  3.73e-01 9.90e-01f  1
   9  2.8847831e+03 1.24e-09 3.00e+04  -1.0 1.46e+01    -  6.62e-01 1.00e+00f  1
iter    objective    inf_pr   inf_du lg(mu)  ||d||  lg(rg) alpha_du alpha_pr  ls
  10  2.8849749e+03 4.29e-11 3.86e+06  -1.0 2.84e+01    -  5.63e-01 1.00e+00f  1
  11  2.8851938e+03 3.35e-12 1.51e+06  -1.0 6.46e+01    -  6.27e-01 1.00e+00f  1
  12  2.8858647e+03 3.08e-14 6.86e+05  -1.0 1.74e+02    -  5.56e-01 1.00e+00f  1
  13  2.8865250e+03 2.60e-13 2.83e+05  -1.0 3.89e+02    -  5.90e-01 9.71e-01f  1
  14  2.8871645e+03 4.22e-14 1.20e+05  -1.0 9.37e+02    -  5.80e-01 8.39e-01f  1
  15  2.8876128e+03 5.22e-16 5.25e+04  -1.0 2.19e+03    -  5.63e-01 1.00e+00f  1
  16  2.8877924e+03 1.06e-15 2.11e+04  -1.0 4.77e+03    -  5.99e-01 1.00e+00f  1
  17  2.8878321e+03 4.44e-16 8.32e+03  -1.0 1.05e+04    -  6.06e-01 1.00e+00f  1
  18  2.8878528e+03 5.96e-16 3.14e+03  -1.0 2.02e+04    -  6.22e-01 1.00e+00f  1
  19  2.8878455e+03 5.74e-16 1.08e+03  -1.0 2.89e+04    -  6.56e-01 1.00e+00f  1
iter    objective    inf_pr   inf_du lg(mu)  ||d||  lg(rg) alpha_du alpha_pr  ls
  20  2.8878540e+03 5.08e-16 2.74e+02  -1.0 3.11e+04    -  7.47e-01 1.00e+00f  1
  21  2.8878477e+03 3.97e-16 8.39e+01  -1.0 3.72e+04    -  9.08e-01 1.00e+00h  1
  22  2.8878501e+03 4.02e-16 5.60e-02  -1.0 4.10e+04    -  1.00e+00 1.00e+00h  1
  23  2.8878499e+03 3.96e-16 1.79e-03  -1.0 5.20e+03    -  1.00e+00 1.00e+00h  1
  24  2.8491467e+03 4.25e-16 9.29e+05  -3.8 2.10e+02    -  8.09e-01 7.07e-01f  1
  25  2.7922635e+03 3.82e-16 6.19e+04  -3.8 4.02e+02    -  6.52e-01 7.97e-01f  1
  26  2.7803669e+03 4.01e-16 7.89e+04  -3.8 2.52e+02    -  7.69e-01 5.96e-01h  1
  27  2.7749560e+03 4.06e-16 3.26e+04  -3.8 2.48e+02    -  7.12e-01 6.67e-01h  1
  28  2.7728254e+03 3.70e-16 1.04e+04  -3.8 1.42e+02    -  9.27e-01 8.17e-01h  1
  29  2.7724326e+03 3.89e-16 6.59e-06  -3.8 5.63e+01    -  1.00e+00 1.00e+00h  1
iter    objective    inf_pr   inf_du lg(mu)  ||d||  lg(rg) alpha_du alpha_pr  ls
  30  2.7724177e+03 3.89e-16 1.52e-09  -3.8 7.01e+00    -  1.00e+00 1.00e+00h  1
  31  2.7720575e+03 4.16e-16 1.65e+02  -5.7 1.08e+01    -  9.83e-01 9.96e-01f  1
  32  2.7720552e+03 3.96e-16 3.27e-10  -5.7 5.41e-01    -  1.00e+00 1.00e+00h  1
  33  2.7720507e+03 3.92e-16 2.02e-10  -8.6 1.42e-01    -  1.00e+00 1.00e+00h  1

Number of Iterations....: 33

                                   (scaled)                 (unscaled)
Objective...............:   1.3869953891612072e+03    2.7720507344921389e+03
Dual infeasibility......:   2.0216686558072456e-10    4.0405095258603275e-10
Constraint violation....:   3.9204750557075840e-16    3.9204750557075840e-16
Variable bound violation:   0.0000000000000000e+00    0.0000000000000000e+00
Complementarity.........:   3.2616057127987308e-09    6.5186492921618675e-09
Overall NLP error.......:   3.2616057127987308e-09    6.5186492921618675e-09


Number of objective function evaluations             = 34
Number of objective gradient evaluations             = 34
Number of equality constraint evaluations            = 34
Number of inequality constraint evaluations          = 34
Number of equality constraint Jacobian evaluations   = 34
Number of inequality constraint Jacobian evaluations = 34
Number of Lagrangian Hessian evaluations             = 33
Total seconds in IPOPT                               = 2.504

EXIT: Optimal Solution Found.
