=== Stage 3: official example experiments/filterddp/double_integrator.jl ===
date: 2026-08-03T02:50:39.2793201-07:00
cwd: c:\Users\aryan\Documents\documents_general\MultiPeriodDistOPF\ddp\external\FilterDDP.jl\experiments\filterddp
cmd: julia --startup-file=no --project=. double_integrator.jl
NOTE: script is run UNMODIFIED. It writes results/double_integrator.txt inside the
      authors' tree; the shipped file was copied aside first and is restored after.

   
 _____ _ _ _            ____  ____  ____  
|  ___(_) | |_ ___ _ __|  _ \|  _ \|  _ \ 
| |_  | | | __/ _ \ '__| | | | | | | |_) |
|  _| | | | ||  __/ |  | |_| | |_| |  __/ 
|_|   |_|_|\__\___|_|  |____/|____/|_|                 
    
  iter     objective        pr_inf       du_inf       cs_inf     lg(μ)   lg(reg)    alpha     ls
     0   4.95132251e+02   1.0000e-04   9.7510e+00   1.0010e+01   -0.70      -     0.0000e+00   0
     1   3.14885360e+02   1.3648e-01   7.2093e+00   7.7064e+00   -0.70      -     2.5000e-01   0
     2   2.69747228e+02   1.2429e-01   6.2826e+00   6.7952e+00   -0.70      -     1.2500e-01   0
     3   1.05673608e+02   4.2047e-01   3.3791e+00   3.8973e+00   -0.70      -     5.0000e-01   0
     4   6.88628439e+01   3.1692e-01   2.5574e+00   3.0226e+00   -0.70      -     2.5000e-01   0
     5   2.47269026e+01   2.2360e-01   1.3121e+00   1.7566e+00   -1.40      -     5.0000e-01   0
     6   9.83930629e+00   1.4889e-01   6.6300e-01   9.6892e-01   -1.40      -     5.0000e-01   0
     7   5.35858742e+00   8.7598e-02   3.3518e-01   5.2759e-01   -1.40      -     5.0000e-01   0
     8   4.58130253e+00   4.7707e-02   1.6874e-01   2.9032e-01   -2.10      -     5.0000e-01   0
     9   3.98509260e+00   2.5653e-02   8.4345e-02   1.5591e-01   -2.10      -     5.0000e-01   0
  iter     objective        pr_inf       du_inf       cs_inf     lg(μ)   lg(reg)    alpha     ls
    10   3.59835386e+00   1.5044e-02   4.2068e-02   8.6325e-02   -2.80      -     5.0000e-01   0
    11   2.89926634e+00   1.4907e-02   2.0895e-02   4.7796e-02   -2.80      -     5.0000e-01   0
    12   2.38309039e+00   2.5055e-02   1.0303e-02   2.7174e-02   -2.80      -     5.0000e-01   0
    13   2.04197578e+00   4.6957e-02   5.0300e-03   1.5842e-02   -2.80      -     5.0000e-01   0
    14   1.83299086e+00   6.8903e-02   2.4339e-03   9.5200e-03   -2.80      -     5.0000e-01   0
    15   1.71219776e+00   7.7676e-02   1.1722e-03   5.9654e-03   -2.80      -     5.0000e-01   0
    16   1.64548519e+00   7.7644e-02   5.6449e-04   3.9672e-03   -2.80      -     5.0000e-01   0
    17   1.60980900e+00   4.9493e-02   2.7321e-04   2.8580e-03   -2.80      -     5.0000e-01   0
    18   1.59082365e+00   4.4662e-02   1.3220e-04   2.2554e-03   -2.80      -     5.0000e-01   0
    19   1.58125708e+00   2.2704e-02   6.5183e-05   1.9362e-03   -2.80      -     5.0000e-01   0
  iter     objective        pr_inf       du_inf       cs_inf     lg(μ)   lg(reg)    alpha     ls
    20   1.57634974e+00   1.1352e-02   3.2304e-05   1.7705e-03   -3.49      -     5.0000e-01   0
    21   1.45502519e+00   2.9232e-02   1.6229e-05   1.1027e-03   -3.49      -     5.0000e-01   0
    22   1.39238571e+00   4.0260e-02   8.3824e-06   7.4312e-04   -3.49      -     5.0000e-01   0
    23   1.36043092e+00   2.9273e-02   4.3575e-06   5.4512e-04   -3.49      -     5.0000e-01   0
    24   1.34434277e+00   1.5948e-02   2.2441e-06   4.3740e-04   -3.49      -     5.0000e-01   0
    25   1.33626884e+00   8.2039e-03   1.1437e-06   3.8024e-04   -3.49      -     5.0000e-01   0
    26   1.33222387e+00   4.1467e-03   5.8531e-07   3.5056e-04   -3.49      -     5.0000e-01   0
    27   1.33019926e+00   2.0829e-03   2.9720e-07   3.3540e-04   -4.19      -     5.0000e-01   0
    28   1.30438334e+00   4.0492e-03   6.2374e-07   2.1325e-04   -4.19      -     5.0000e-01   0
    29   1.29138268e+00   3.6265e-03   4.6228e-07   1.4513e-04   -4.19      -     5.0000e-01   0
  iter     objective        pr_inf       du_inf       cs_inf     lg(μ)   lg(reg)    alpha     ls
    30   1.28485405e+00   2.4576e-03   2.7523e-07   1.0740e-04   -4.19      -     5.0000e-01   0
    31   1.28158175e+00   1.4594e-03   1.5072e-07   8.6797e-05   -4.19      -     5.0000e-01   0
    32   1.27994348e+00   8.0369e-04   7.9115e-08   7.5772e-05   -4.19      -     5.0000e-01   0
    33   1.27912380e+00   4.2352e-04   4.0582e-08   7.0001e-05   -5.03      -     5.0000e-01   0
    34   1.27335528e+00   8.8223e-04   5.8434e-08   4.2931e-05   -5.03      -     5.0000e-01   0
    35   1.27046460e+00   7.3173e-04   4.1620e-08   2.7753e-05   -5.03      -     5.0000e-01   0
    36   1.26901756e+00   4.8417e-04   2.4589e-08   1.9283e-05   -5.03      -     5.0000e-01   0
    37   1.26829362e+00   2.8678e-04   1.3362e-08   1.4605e-05   -5.03      -     5.0000e-01   0
    38   1.26793155e+00   1.5882e-04   6.9655e-09   1.2062e-05   -5.03      -     5.0000e-01   0
    39   1.26775049e+00   8.4255e-05   3.5561e-09   1.0710e-05   -6.04      -     5.0000e-01   0
  iter     objective        pr_inf       du_inf       cs_inf     lg(μ)   lg(reg)    alpha     ls
    40   1.26683857e+00   1.1617e-04   3.2282e-09   6.3717e-06   -6.04      -     5.0000e-01   0
    41   1.26638246e+00   9.1751e-05   1.9935e-09   3.9349e-06   -6.04      -     5.0000e-01   0
    42   1.26615436e+00   6.0893e-05   1.0900e-09   2.5693e-06   -6.04      -     5.0000e-01   0
    43   1.26592626e+00   2.5586e-05   1.2952e-10   1.1805e-06   -6.04  -4.0000   1.0000e+00   0
    44   1.26592632e+00   2.5724e-07   5.5883e-07   9.2490e-07   -7.25      -     1.0000e+00   0
    45   1.26575776e+00   2.4178e-05   4.2446e-10   2.5863e-07   -7.25      -     1.0000e+00   0
    46   1.26575776e+00   2.4177e-05   4.2445e-10   2.5862e-07   -7.25  -4.0000   1.5259e-05   0
    47   1.26575784e+00   6.8287e-07   9.1069e-07   8.5930e-08   -7.25      -     1.0000e+00   0
    48   1.26575781e+00   9.7137e-07   4.5535e-07   7.0130e-08   -7.25      -     5.0000e-01   0
    49   1.26575779e+00   5.4522e-07   4.4884e-11   5.6634e-08   -8.00      -     1.0000e+00   0
  iter     objective        pr_inf       du_inf       cs_inf     lg(μ)   lg(reg)    alpha     ls
    50   1.26574863e+00   7.2235e-07   8.7457e-13   1.9950e-06   -8.00      -     1.0000e+00   0
    51   1.26574863e+00   8.0917e-08   6.5023e-14   1.1094e-08   -8.00  -4.0000   1.0000e+00   0


EXIT: Optimal solution found.


double_integrator.jl exit code: 0
total wall incl. Julia startup + compilation: 50.8 s

--- our run's results/double_integrator.txt ---
 seed  iterations  status     objective           primal        wall (ms)   
  1        51       true    1.26574863e+00    8.09173759e-08       1.6      
--- authors' shipped results/double_integrator.txt ---
 seed  iterations  status     objective           primal        wall (ms)   
  1        51       true    1.26574863e+00    8.09173759e-08       1.4      
restored authors' results file; git status of clone:
 M experiments/filterddp/Project.toml
=== stage23 script finished ===
