
******************************************************************************
This program contains Ipopt, a library for large-scale nonlinear optimization.
 Ipopt is released as open source code under the Eclipse Public License (EPL).
         For more information visit https://github.com/coin-or/Ipopt
******************************************************************************

This is Ipopt version 3.14.19, running with linear solver MUMPS 5.8.2.

Number of nonzeros in equality constraint Jacobian...:  3447110
Number of nonzeros in inequality constraint Jacobian.:  1923264
Number of nonzeros in Lagrangian Hessian.............:  1125072

Total number of variables............................:  1560528
                     variables with only lower bounds:   363168
                variables with lower and upper bounds:        0
                     variables with only upper bounds:        0
Total number of equality constraints.................:  1125504
Total number of inequality constraints...............:   834192
        inequality constraints with only lower bounds:        0
   inequality constraints with lower and upper bounds:   471168
        inequality constraints with only upper bounds:   363024

iter    objective    inf_pr   inf_du lg(mu)  ||d||  lg(rg) alpha_du alpha_pr  ls
   0  3.3599966e+01 1.10e+00 2.58e+00  -1.0 0.00e+00    -  0.00e+00 0.00e+00   0
   1  1.7037830e+02 1.09e+00 1.05e+01  -1.0 9.88e+00    -  1.01e-03 1.19e-02f  1
   2  2.7311077e+02 1.08e+00 1.04e+01  -1.0 3.19e+00    -  1.69e-02 1.31e-02f  1
   3  3.1912155e+02 1.07e+00 2.83e+01  -1.0 2.88e+00    -  2.29e-02 6.58e-03f  1
   4  3.7971859e+02 1.06e+00 4.60e+01  -1.0 3.52e+00    -  1.33e-02 9.07e-03f  1
   5  4.0835893e+02 1.05e+00 5.81e+01  -1.0 7.33e+00    -  5.25e-03 4.41e-03f  1
   6  4.3097568e+02 1.05e+00 3.21e+01  -1.0 1.66e+01    -  2.08e-03 2.94e-03f  1
   7  4.5327534e+02 1.05e+00 2.45e+01  -1.0 2.27e+01    -  2.47e-03 2.63e-03f  1
   8  4.8563140e+02 1.04e+00 5.12e+01  -1.0 2.07e+01    -  4.16e-03 3.74e-03f  1
   9  5.4037090e+02 1.04e+00 7.15e+01  -1.0 1.79e+01    -  5.35e-03 6.62e-03f  1
iter    objective    inf_pr   inf_du lg(mu)  ||d||  lg(rg) alpha_du alpha_pr  ls
  10  6.1421634e+02 1.03e+00 1.38e+02  -1.0 1.60e+01    -  7.61e-03 9.33e-03f  1
  11  7.0888167e+02 1.02e+00 3.06e+02  -1.0 1.63e+01    -  8.47e-03 1.18e-02f  1
  12  8.8806499e+02 9.92e-01 6.30e+02  -1.0 1.54e+01    -  1.53e-02 2.25e-02f  1
  13  1.1068375e+03 9.64e-01 5.97e+02  -1.0 1.25e+01    -  3.49e-02 2.82e-02f  1
  14  1.3446417e+03 9.34e-01 6.28e+02  -1.0 1.11e+01    -  4.78e-02 3.16e-02f  1
  15  1.5402441e+03 9.09e-01 6.58e+02  -1.0 9.93e+00    -  4.48e-02 2.69e-02f  1
  16  1.6914651e+03 8.89e-01 6.00e+02  -1.0 1.44e+01    -  4.11e-03 2.14e-02f  1
  17  1.8147080e+03 8.73e-01 5.55e+02  -1.0 9.63e+01    -  4.98e-03 1.79e-02f  1
  18  1.8317647e+03 8.71e-01 5.46e+02  -1.0 1.48e+03  -2.0 1.06e-03 2.52e-03f  1
  19  1.8429638e+03 8.70e-01 5.49e+02  -1.0 7.38e+02  -1.6 2.38e-03 1.66e-03f  1
iter    objective    inf_pr   inf_du lg(mu)  ||d||  lg(rg) alpha_du alpha_pr  ls
  20  1.9403375e+03 8.57e-01 5.30e+02  -1.0 9.43e+01  -1.1 9.27e-03 1.45e-02f  1
  21  2.0151766e+03 8.48e-01 5.09e+02  -1.0 3.08e+01  -0.7 2.49e-02 1.13e-02f  1
  22  2.0474829e+03 8.43e-01 4.81e+02  -1.0 2.65e+02  -1.2 2.17e-03 5.02e-03f  1
  23  2.1172673e+03 8.34e-01 4.69e+02  -1.0 3.57e+01  -0.8 2.16e-02 1.07e-02f  1
  24  2.2175912e+03 8.21e-01 4.59e+02  -1.0 1.78e+01  -0.3 1.59e-02 1.56e-02f  1
  25  2.3283349e+03 8.07e-01 4.51e+02  -1.0 4.18e+01  -0.8 2.12e-02 1.74e-02f  1
  26  2.4332669e+03 7.93e-01 5.08e+02  -1.0 2.05e+01  -0.4 2.56e-02 1.68e-02f  1
  27  2.6185204e+03 7.69e-01 4.73e+02  -1.0 4.13e+01  -0.9 2.88e-02 3.01e-02f  1
  28  2.7107702e+03 7.57e-01 5.81e+02  -1.0 2.34e+01  -0.4 1.91e-02 1.55e-02f  1
  29  2.8588394e+03 7.38e-01 6.47e+02  -1.0 3.98e+01  -0.9 2.92e-02 2.52e-02f  1
iter    objective    inf_pr   inf_du lg(mu)  ||d||  lg(rg) alpha_du alpha_pr  ls
  30  2.8768577e+03 7.36e-01 6.13e+02  -1.0 3.53e+02  -1.4 4.75e-03 3.20e-03f  1
  31  2.9879556e+03 7.22e-01 7.96e+02  -1.0 3.98e+01  -1.0 2.77e-02 1.94e-02f  1
  32  3.0766307e+03 7.10e-01 7.88e+02  -1.0 1.38e+02  -1.5 1.48e-02 1.59e-02f  1
  33  3.1400252e+03 7.02e-01 1.05e+03  -1.0 4.49e+01  -1.0 2.17e-02 1.15e-02f  1
  34  3.2549039e+03 6.87e-01 1.03e+03  -1.0 8.51e+01  -1.5 2.12e-02 2.10e-02f  1
  35  3.4281280e+03 6.65e-01 1.02e+03  -1.0 4.72e+01  -1.1 3.35e-02 3.25e-02f  1
  36  3.6102615e+03 6.42e-01 9.97e+02  -1.0 6.27e+01  -1.6 3.68e-02 3.52e-02f  1
  37  3.6462661e+03 6.37e-01 9.98e+02  -1.0 5.53e+02  -2.0 6.03e-03 6.99e-03f  1
  38  3.8674870e+03 6.09e-01 9.65e+02  -1.0 5.50e+01  -1.6 4.77e-02 4.47e-02f  1
  39  3.9804104e+03 5.94e-01 9.94e+02  -1.0 2.12e+02  -2.1 1.46e-02 2.36e-02f  1
iter    objective    inf_pr   inf_du lg(mu)  ||d||  lg(rg) alpha_du alpha_pr  ls
  40  4.1464342e+03 5.73e-01 9.81e+02  -1.0 4.59e+01  -1.7 4.71e-02 3.62e-02f  1
  41  4.2625687e+03 5.58e-01 9.58e+02  -1.0 1.65e+02  -2.1 2.54e-02 2.60e-02f  1
  42  4.2786732e+03 5.56e-01 9.42e+02  -1.0 2.14e+03  -2.6 5.16e-03 3.57e-03f  1
  43  4.4062671e+03 5.40e-01 9.20e+02  -1.0 1.65e+02  -2.2 2.83e-02 2.96e-02f  1
  44  4.4242414e+03 5.37e-01 8.99e+02  -1.0 1.13e+03  -2.7 6.52e-03 4.19e-03f  1
  45  4.5541545e+03 5.21e-01 8.83e+02  -1.0 1.71e+02  -2.2 2.89e-02 3.12e-02f  1
  46  4.5921801e+03 5.16e-01 8.71e+02  -1.0 1.19e+03  -2.7 9.64e-03 9.13e-03f  1
  47  4.7059926e+03 5.01e-01 8.71e+02  -1.0 1.53e+02  -2.3 2.38e-02 2.84e-02f  1
  48  4.7545724e+03 4.95e-01 8.83e+02  -1.0 1.05e+03  -2.8 8.91e-03 1.21e-02f  1
  49  4.8526480e+03 4.82e-01 7.93e+02  -1.0 1.56e+02  -2.3 3.80e-02 2.55e-02f  1
iter    objective    inf_pr   inf_du lg(mu)  ||d||  lg(rg) alpha_du alpha_pr  ls
  50  4.9068311e+03 4.76e-01 8.10e+02  -1.0 7.52e+02  -2.8 9.83e-03 1.39e-02f  1
  51  5.0015824e+03 4.64e-01 7.17e+02  -1.0 1.60e+02  -2.4 3.89e-02 2.56e-02f  1
  52  5.0562008e+03 4.57e-01 7.37e+02  -1.0 6.27e+02  -2.9 9.97e-03 1.45e-02f  1
  53  5.1442120e+03 4.46e-01 7.33e+02  -1.0 1.65e+02  -2.4 2.20e-02 2.47e-02f  1
  54  5.1901143e+03 4.40e-01 7.77e+02  -1.0 6.09e+02  -2.9 4.45e-03 1.27e-02f  1
  55  5.2511505e+03 4.32e-01 7.56e+02  -1.0 2.26e+02  -2.5 1.93e-02 1.78e-02f  1
  56  5.3129644e+03 4.24e-01 8.18e+02  -1.0 8.79e+02  -3.0 5.47e-03 1.79e-02f  1
  57  5.4119703e+03 4.11e-01 8.13e+02  -1.0 2.42e+02  -2.5 2.62e-02 3.02e-02f  1
  58  5.5150578e+03 3.98e-01 9.38e+02  -1.0 8.27e+02  -3.0 7.06e-03 3.18e-02f  1
  59  5.5376940e+03 3.95e-01 8.00e+02  -1.0 2.01e+02  -2.6 3.37e-02 7.41e-03f  1
iter    objective    inf_pr   inf_du lg(mu)  ||d||  lg(rg) alpha_du alpha_pr  ls
  60  5.5648181e+03 3.92e-01 8.09e+02  -1.0 7.62e+02  -3.1 5.98e-03 8.85e-03f  1
  61  5.6044949e+03 3.87e-01 7.57e+02  -1.0 2.15e+02  -2.6 2.18e-02 1.33e-02f  1
  62  5.6329541e+03 3.83e-01 7.69e+02  -1.0 7.76e+02  -3.1 6.18e-03 9.62e-03f  1
  63  5.6761458e+03 3.77e-01 7.13e+02  -1.0 2.44e+02  -2.7 2.41e-02 1.49e-02f  1
  64  5.7066163e+03 3.73e-01 7.26e+02  -1.0 9.18e+02  -3.2 7.12e-03 1.07e-02f  1
  65  5.7480032e+03 3.68e-01 6.73e+02  -1.0 2.85e+02  -2.8 2.36e-02 1.47e-02f  1
  66  5.7791086e+03 3.64e-01 6.87e+02  -1.0 1.05e+03  -3.2 7.38e-03 1.13e-02f  1
  67  5.8208165e+03 3.58e-01 6.45e+02  -1.0 3.19e+02  -2.8 2.19e-02 1.52e-02f  1
  68  5.8506254e+03 3.54e-01 6.65e+02  -1.0 1.23e+03  -3.3 6.15e-03 1.10e-02f  1
  69  5.8888713e+03 3.49e-01 6.22e+02  -1.0 3.80e+02  -2.9 2.15e-02 1.42e-02f  1
iter    objective    inf_pr   inf_du lg(mu)  ||d||  lg(rg) alpha_du alpha_pr  ls
  70  5.9143907e+03 3.46e-01 6.34e+02  -1.0 1.49e+03  -3.3 6.05e-03 9.37e-03f  1
  71  5.9466943e+03 3.42e-01 6.05e+02  -1.0 4.60e+02  -2.9 1.67e-02 1.20e-02f  1
  72  5.9697373e+03 3.39e-01 6.21e+02  -1.0 1.76e+03  -3.4 4.60e-03 8.32e-03f  1
  73  6.0134341e+03 3.33e-01 6.11e+02  -1.0 5.06e+02  -3.0 1.63e-02 1.64e-02f  1
  74  6.0423473e+03 3.30e-01 6.35e+02  -1.0 2.39e+03  -3.4 5.10e-03 1.08e-02f  1
  75  6.0766862e+03 3.25e-01 5.98e+02  -1.0 5.13e+02  -3.0 1.97e-02 1.34e-02f  1
  76  6.1080612e+03 3.21e-01 6.33e+02  -1.0 3.40e+03  -3.5 4.45e-03 1.23e-02f  1
  77  6.1651537e+03 3.14e-01 6.20e+02  -1.0 5.09e+02  -3.1 2.27e-02 2.31e-02f  1
  78  6.2092808e+03 3.08e-01 6.82e+02  -1.0 5.55e+03  -3.5 4.10e-03 1.86e-02f  1
  79  6.2726115e+03 3.00e-01 6.07e+02  -1.0 4.61e+02  -3.1 3.97e-02 2.71e-02f  1
iter    objective    inf_pr   inf_du lg(mu)  ||d||  lg(rg) alpha_du alpha_pr  ls
  80  6.3082089e+03 2.95e-01 6.53e+02  -1.0 5.99e+03  -3.6 4.57e-03 1.65e-02f  1
  81  6.4464816e+03 2.76e-01 7.32e+02  -1.0 4.68e+02  -3.2 3.45e-02 6.20e-02f  1
  82  6.4662035e+03 2.74e-01 7.22e+02  -1.0 2.49e+03  -3.6 1.03e-02 9.62e-03f  1
  83  6.4754967e+03 2.73e-01 5.78e+02  -1.0 4.70e+02  -3.2 3.77e-02 4.45e-03f  1
  84  6.5013755e+03 2.69e-01 6.09e+02  -1.0 5.27e+03  -3.7 3.21e-03 1.24e-02f  1
  85  6.5147196e+03 2.67e-01 5.69e+02  -1.0 5.02e+02  -3.3 1.53e-02 6.39e-03f  1
  86  6.5349467e+03 2.65e-01 5.93e+02  -1.0 8.43e+03  -3.7 2.75e-03 9.98e-03f  1
  87  6.5473051e+03 2.63e-01 5.42e+02  -1.0 5.56e+02  -3.3 1.79e-02 6.20e-03f  1
  88  6.5671994e+03 2.60e-01 5.36e+02  -1.0 2.04e+02  -2.9 1.01e-02 1.01e-02f  1
  89  6.5872346e+03 2.58e-01 5.36e+02  -1.0 6.18e+02  -3.4 1.11e-02 1.04e-02f  1
iter    objective    inf_pr   inf_du lg(mu)  ||d||  lg(rg) alpha_du alpha_pr  ls
  90  6.6048665e+03 2.55e-01 5.71e+02  -1.0 2.30e+02  -2.9 1.16e-02 9.23e-03f  1
  91  6.6273275e+03 2.52e-01 5.68e+02  -1.0 6.79e+02  -3.4 1.20e-02 1.18e-02f  1
  92  6.6461976e+03 2.50e-01 5.70e+02  -1.0 2.67e+02  -3.0 1.03e-02 1.00e-02f  1
  93  6.6733832e+03 2.46e-01 5.21e+02  -1.0 7.75e+02  -3.5 1.30e-02 1.44e-02f  1
  94  6.6996359e+03 2.43e-01 5.15e+02  -1.0 3.16e+02  -3.0 8.23e-03 1.43e-02f  1
  95  6.7197651e+03 2.40e-01 5.01e+02  -1.0 8.84e+02  -3.5 1.34e-02 1.11e-02f  1
  96  6.7383542e+03 2.38e-01 4.99e+02  -1.0 3.62e+02  -3.1 9.73e-03 1.06e-02f  1
  97  6.7705917e+03 2.33e-01 5.12e+02  -1.0 1.00e+03  -3.6 1.22e-02 1.82e-02f  1
  98  6.7830628e+03 2.32e-01 4.96e+02  -1.0 4.73e+02  -3.1 1.06e-02 7.28e-03f  1
  99  6.8166470e+03 2.27e-01 5.16e+02  -1.0 1.12e+03  -3.6 1.16e-02 1.94e-02f  1
iter    objective    inf_pr   inf_du lg(mu)  ||d||  lg(rg) alpha_du alpha_pr  ls
 100  6.8310980e+03 2.25e-01 5.04e+02  -1.0 6.01e+02  -3.2 1.06e-02 8.65e-03f  1
 101  6.8635775e+03 2.21e-01 5.09e+02  -1.0 1.26e+03  -3.7 1.52e-02 1.93e-02f  1
 102  6.8820994e+03 2.18e-01 5.06e+02  -1.0 5.98e+02  -3.2 1.08e-02 1.15e-02f  1
 103  6.9040406e+03 2.15e-01 4.78e+02  -1.0 1.41e+03  -3.7 1.92e-02 1.34e-02f  1
 104  6.9273953e+03 2.12e-01 4.88e+02  -1.0 6.30e+02  -3.3 1.04e-02 1.49e-02f  1
 105  6.9550431e+03 2.08e-01 4.79e+02  -1.0 1.64e+03  -3.8 1.75e-02 1.74e-02f  1
 106  6.9769979e+03 2.05e-01 4.76e+02  -1.0 6.72e+02  -3.3 1.33e-02 1.45e-02f  1
 107  7.0200937e+03 2.00e-01 5.04e+02  -1.0 1.90e+03  -3.8 1.63e-02 2.79e-02f  1
 108  7.0403550e+03 1.97e-01 4.89e+02  -1.0 6.90e+02  -3.4 1.63e-02 1.40e-02f  1
 109  7.0931113e+03 1.90e-01 5.85e+02  -1.0 2.14e+03  -3.9 1.94e-02 3.56e-02f  1
iter    objective    inf_pr   inf_du lg(mu)  ||d||  lg(rg) alpha_du alpha_pr  ls
 110  7.1163848e+03 1.87e-01 5.14e+02  -1.0 7.28e+02  -3.4 1.95e-02 1.70e-02f  1
 111  7.1659034e+03 1.80e-01 6.42e+02  -1.0 2.29e+03  -3.9 1.89e-02 3.52e-02f  1
 112  7.1878391e+03 1.77e-01 5.87e+02  -1.0 7.43e+02  -3.5 1.96e-02 1.69e-02f  1
 113  7.2281586e+03 1.72e-01 6.75e+02  -1.0 2.47e+03  -4.0 1.90e-02 3.02e-02f  1
 114  7.2521002e+03 1.68e-01 6.31e+02  -1.0 8.26e+02  -3.6 2.07e-02 1.93e-02f  1
 115  7.2853414e+03 1.64e-01 7.66e+02  -1.0 2.69e+03  -4.0 1.55e-02 2.61e-02f  1
 116  7.3074197e+03 1.61e-01 6.97e+02  -1.0 1.01e+03  -3.6 2.07e-02 1.85e-02f  1
 117  7.3506208e+03 1.55e-01 1.21e+03  -1.0 2.84e+03  -4.1 1.12e-02 3.51e-02f  1
 118  7.3619201e+03 1.54e-01 7.69e+02  -1.0 1.32e+03  -3.7 1.99e-02 9.90e-03f  1
 119  7.3826824e+03 1.51e-01 1.08e+03  -1.0 2.91e+03  -4.1 9.38e-03 1.73e-02f  1
iter    objective    inf_pr   inf_du lg(mu)  ||d||  lg(rg) alpha_du alpha_pr  ls
 120  7.3858720e+03 1.51e-01 5.39e+02  -1.0 1.63e+03  -3.7 1.20e-02 2.76e-03f  1
 121  7.3945317e+03 1.50e-01 5.61e+02  -1.0 3.05e+03  -4.2 6.43e-03 6.99e-03f  1
 122  7.4010276e+03 1.49e-01 5.31e+02  -1.0 2.10e+03  -3.8 6.53e-03 5.43e-03f  1
 123  7.4074590e+03 1.48e-01 5.28e+02  -1.0 1.26e+03  -3.3 5.53e-03 5.45e-03f  1
 124  7.4176167e+03 1.47e-01 7.93e+02  -1.0 1.78e+03  -3.8 2.33e-03 7.94e-03f  1
 125  7.4262006e+03 1.46e-01 8.69e+02  -1.0 1.94e+03  -3.4 5.72e-03 6.88e-03f  1
 126  7.4604928e+03 1.42e-01 1.73e+03  -1.0 2.36e+03  -3.9 5.48e-03 2.65e-02f  1
 127  7.4797905e+03 1.40e-01 1.89e+03  -1.0 1.65e+03  -3.4 1.16e-02 1.59e-02f  1
 128  7.5197392e+03 1.35e-01 2.21e+03  -1.0 1.72e+03  -3.9 1.09e-02 3.29e-02f  1
 129  7.5492017e+03 1.31e-01 2.33e+03  -1.0 1.17e+03  -3.5 1.43e-02 2.73e-02f  1
iter    objective    inf_pr   inf_du lg(mu)  ||d||  lg(rg) alpha_du alpha_pr  ls
 130  7.6193256e+03 1.22e-01 1.99e+03  -1.0 1.72e+03  -4.0 2.32e-02 6.77e-02f  1
 131  7.6477407e+03 1.19e-01 2.01e+03  -1.0 7.15e+02  -3.5 4.94e-02 3.08e-02f  1
 132  7.6665644e+03 1.16e-01 2.55e+03  -1.0 6.10e+02  -4.0 6.01e-02 2.10e-02f  1
 133  7.7089314e+03 1.10e-01 2.42e+03  -1.0 5.51e+02  -3.6 4.86e-02 4.93e-02f  1
 134  7.7383302e+03 1.07e-01 2.46e+03  -1.0 6.21e+02  -4.1 4.35e-02 3.51e-02f  1
 135  7.7821248e+03 1.01e-01 2.44e+03  -1.0 5.21e+02  -3.6 6.77e-02 5.50e-02f  1
 136  7.8101070e+03 9.71e-02 2.60e+03  -1.0 5.74e+02  -4.1 5.55e-02 3.63e-02f  1
 137  7.8303031e+03 9.44e-02 2.99e+03  -1.0 5.37e+02  -3.7 8.05e-02 2.80e-02f  1
 138  7.8627408e+03 9.01e-02 2.96e+03  -1.0 6.36e+02  -4.2 5.46e-02 4.55e-02f  1
 139  7.8818468e+03 8.74e-02 2.93e+03  -1.0 6.23e+02  -3.7 3.73e-02 2.93e-02f  1
iter    objective    inf_pr   inf_du lg(mu)  ||d||  lg(rg) alpha_du alpha_pr  ls
 140  7.9048279e+03 8.43e-02 2.66e+03  -1.0 7.03e+02  -4.2 1.77e-02 3.53e-02f  1
 141  7.9166472e+03 8.27e-02 2.64e+03  -1.0 6.62e+02  -3.8 2.53e-02 1.94e-02f  1
 142  7.9299841e+03 8.09e-02 2.59e+03  -1.0 7.55e+02  -4.3 2.26e-02 2.15e-02f  1
 143  7.9371299e+03 8.00e-02 2.55e+03  -1.0 6.87e+02  -3.8 1.54e-02 1.18e-02f  1
 144  7.9426412e+03 7.93e-02 2.51e+03  -1.0 8.91e+02  -4.3 9.20e-03 8.16e-03f  1
 145  7.9593586e+03 7.73e-02 2.77e+03  -1.0 8.25e+02  -3.9 9.73e-03 2.53e-02f  1
 146  7.9753905e+03 7.54e-02 2.89e+03  -1.0 7.85e+02  -4.4 1.16e-02 2.50e-02f  1
 147  8.0044829e+03 7.17e-02 3.12e+03  -1.0 9.34e+02  -3.9 2.07e-02 4.91e-02f  1
 148  8.0177059e+03 7.00e-02 3.06e+03  -1.0 8.15e+02  -4.4 2.22e-02 2.35e-02f  1
 149  8.0258486e+03 6.89e-02 2.98e+03  -1.0 5.57e+02  -4.0 2.56e-02 1.56e-02f  1
iter    objective    inf_pr   inf_du lg(mu)  ||d||  lg(rg) alpha_du alpha_pr  ls
 150  8.0405817e+03 6.69e-02 2.89e+03  -1.0 4.63e+02  -4.5 2.72e-02 2.86e-02f  1
 151  8.0538621e+03 6.51e-02 2.90e+03  -1.0 3.90e+02  -4.0 4.70e-02 2.72e-02f  1
 152  8.0669359e+03 6.34e-02 2.86e+03  -1.0 4.10e+02  -4.5 3.62e-02 2.68e-02f  1
 153  8.0777112e+03 6.19e-02 2.80e+03  -1.0 6.37e+02  -4.1 2.84e-02 2.30e-02f  1
 154  8.0868529e+03 6.07e-02 2.75e+03  -1.0 9.82e+02  -4.6 2.14e-02 1.97e-02f  1
 155  8.0952700e+03 5.95e-02 2.69e+03  -1.0 8.56e+02  -4.1 2.62e-02 1.91e-02f  1
 156  8.1045083e+03 5.83e-02 2.63e+03  -1.0 1.05e+03  -4.6 2.24e-02 2.14e-02f  1
 157  8.1088185e+03 5.77e-02 2.40e+03  -1.0 1.26e+03  -4.2 3.05e-02 1.05e-02f  1
 158  8.1122546e+03 5.72e-02 2.28e+03  -1.0 2.23e+03  -4.7 9.56e-03 7.83e-03f  1
 159  8.1165532e+03 5.66e-02 2.03e+03  -1.0 1.78e+03  -4.3 1.31e-02 1.03e-02f  1
iter    objective    inf_pr   inf_du lg(mu)  ||d||  lg(rg) alpha_du alpha_pr  ls
 160  8.1202302e+03 5.61e-02 1.27e+03  -1.0 1.12e+03  -3.8 2.17e-02 9.52e-03f  1
 161  8.1251875e+03 5.54e-02 1.24e+03  -1.0 1.75e+03  -4.3 1.24e-02 1.24e-02f  1
 162  8.1312027e+03 5.46e-02 2.08e+03  -1.0 1.45e+03  -3.9 2.19e-03 1.49e-02f  1
 163  8.1391836e+03 5.36e-02 2.54e+03  -1.0 3.15e+03  -4.4 7.84e-03 1.77e-02f  1
 164  8.1503444e+03 5.22e-02 2.76e+03  -1.0 2.30e+03  -3.9 1.44e-02 2.53e-02f  1
 165  8.1625693e+03 5.08e-02 2.69e+03  -1.0 2.75e+03  -4.4 2.39e-02 2.81e-02f  1
 166  8.1834718e+03 4.81e-02 2.65e+03  -1.0 1.69e+03  -4.0 2.79e-02 5.16e-02f  1
 167  8.2058305e+03 4.53e-02 2.32e+03  -1.0 1.67e+03  -4.5 3.99e-02 5.92e-02f  1
 168  8.2397881e+03 4.09e-02 1.81e+03  -1.0 9.29e+02  -4.0 5.34e-02 9.72e-02f  1
 169  8.2719826e+03 3.68e-02 1.44e+03  -1.0 7.26e+02  -4.5 8.82e-02 1.01e-01f  1
iter    objective    inf_pr   inf_du lg(mu)  ||d||  lg(rg) alpha_du alpha_pr  ls
 170  8.2949226e+03 3.39e-02 1.48e+03  -1.0 5.27e+02  -4.1 9.03e-02 7.64e-02f  1
 171  8.3192304e+03 3.11e-02 1.21e+03  -1.0 6.28e+02  -4.6 7.14e-02 8.27e-02f  1
 172  8.3286409e+03 3.01e-02 1.34e+03  -1.0 5.99e+03  -5.0 4.53e-02 3.28e-02f  1
 173  8.3610776e+03 2.66e-02 1.03e+03  -1.0 5.46e+02  -4.6 1.03e-01 1.16e-01f  1
 174  8.4041332e+03 2.23e-02 8.90e+02  -1.0 6.76e+02  -5.1 1.09e-01 1.64e-01f  1
 175  8.4877509e+03 1.41e-02 2.34e+03  -1.0 3.97e+02  -4.7 1.67e-01 3.66e-01f  1
 176  8.5329961e+03 1.03e-02 1.53e+03  -1.0 3.12e+02  -5.1 2.93e-01 2.71e-01f  1
 177  8.5757694e+03 7.31e-03 1.72e+03  -1.0 5.68e+02  -5.6 1.79e-01 2.89e-01f  1
 178  8.6264869e+03 4.33e-03 2.69e+03  -1.0 3.26e+02  -5.2 8.90e-02 4.08e-01f  1
 179  8.6711376e+03 2.29e-03 3.08e+03  -1.0 3.86e+02  -5.7 1.36e-01 4.70e-01f  1
iter    objective    inf_pr   inf_du lg(mu)  ||d||  lg(rg) alpha_du alpha_pr  ls
 180  8.6993689e+03 1.37e-03 3.04e+03  -1.0 1.25e+03    -  1.43e-01 4.03e-01f  1
 181  8.7249128e+03 6.87e-04 2.97e+03  -1.0 1.04e+03    -  1.41e-01 4.98e-01f  1
 182  8.7320368e+03 5.42e-04 2.51e+03  -1.0 9.94e+02    -  1.64e-01 2.12e-01f  1
 183  8.7393940e+03 4.16e-04 2.27e+03  -1.0 1.08e+03    -  1.16e-01 2.33e-01f  1
 184  8.7459817e+03 3.16e-04 2.01e+03  -1.0 1.14e+03    -  1.30e-01 2.40e-01f  1
 185  8.7511948e+03 2.44e-04 1.79e+03  -1.0 1.22e+03    -  1.24e-01 2.27e-01f  1
 186  8.7554491e+03 1.90e-04 1.58e+03  -1.0 1.29e+03    -  1.24e-01 2.22e-01f  1
 187  8.7595573e+03 1.41e-04 1.40e+03  -1.0 1.41e+03    -  1.29e-01 2.57e-01f  1
 188  8.7637477e+03 9.41e-05 1.33e+03  -1.0 1.62e+03    -  1.31e-01 3.34e-01f  1
 189  8.7681010e+03 4.84e-05 2.69e+03  -1.0 1.88e+03    -  1.47e-01 4.85e-01f  1
iter    objective    inf_pr   inf_du lg(mu)  ||d||  lg(rg) alpha_du alpha_pr  ls
 190  8.7717809e+03 1.98e-05 5.91e+03  -1.0 2.24e+03    -  1.71e-01 5.90e-01f  1
 191  8.7743268e+03 1.19e-05 5.96e+03  -1.0 2.69e+03    -  3.15e-01 4.01e-01f  1
 192  8.7814517e+03 4.93e-07 3.55e+04  -1.0 3.81e+03    -  2.02e-01 9.59e-01f  1
 193  8.7850317e+03 1.66e-08 5.65e+05  -1.0 4.49e+03    -  4.04e-01 9.66e-01f  1
 194  8.7867661e+03 2.45e-09 2.52e+06  -1.0 6.68e+03    -  5.03e-01 8.63e-01f  1
 195  8.7892014e+03 8.77e-10 1.77e+06  -1.0 1.08e+04    -  6.17e-01 9.38e-01f  1
 196  8.7913049e+03 1.77e-10 5.57e+05  -1.0 1.82e+04    -  7.41e-01 1.00e+00f  1
 197  8.7933462e+03 1.04e-10 2.11e+05  -1.0 2.89e+04    -  7.18e-01 1.00e+00f  1
 198  8.7948953e+03 6.00e-11 5.89e+04  -1.0 2.97e+04    -  7.41e-01 1.00e+00f  1
 199  8.7956456e+03 9.34e-12 6.04e+04  -1.0 3.68e+04    -  4.78e-01 1.00e+00f  1
iter    objective    inf_pr   inf_du lg(mu)  ||d||  lg(rg) alpha_du alpha_pr  ls
 200  8.7958392e+03 1.72e-14 1.75e+04  -1.0 2.39e+04    -  7.14e-01 1.00e+00h  1
 201  8.7958868e+03 6.57e-15 2.42e+03  -1.0 2.43e+04    -  8.61e-01 1.00e+00h  1
 202  8.7958944e+03 5.16e-16 5.09e-02  -1.0 1.91e+04    -  1.00e+00 1.00e+00h  1
 203  8.7958948e+03 5.04e-16 1.30e-03  -1.0 2.29e+03    -  1.00e+00 1.00e+00h  1
 204  8.7029011e+03 7.72e-09 3.72e+06  -2.5 2.32e+03    -  5.78e-01 1.00e+00f  1
 205  8.6104515e+03 4.98e-09 2.58e+06  -2.5 9.39e+03    -  3.31e-01 4.93e-01f  1
 206  8.5655507e+03 3.81e-09 1.86e+06  -2.5 1.48e+04    -  2.74e-01 2.36e-01f  1
 207  8.5251391e+03 3.35e-09 1.42e+06  -2.5 1.37e+04    -  2.33e-01 2.17e-01f  1
 208  8.4922319e+03 2.68e-09 1.12e+06  -2.5 1.15e+04    -  2.09e-01 2.01e-01f  1
 209  8.4688875e+03 2.21e-09 8.22e+05  -2.5 1.04e+04    -  2.62e-01 1.74e-01f  1
iter    objective    inf_pr   inf_du lg(mu)  ||d||  lg(rg) alpha_du alpha_pr  ls
 210  8.4493886e+03 1.83e-09 4.31e+05  -2.5 5.33e+03    -  4.89e-01 1.73e-01f  1
 211  8.4259848e+03 1.45e-09 2.03e+05  -2.5 4.08e+03    -  1.00e+00 2.10e-01f  1
 212  8.3564814e+03 6.75e-10 6.58e+04  -2.5 4.69e+03    -  1.00e+00 5.33e-01f  1
 213  8.3064006e+03 9.01e-15 1.11e-04  -2.5 1.86e+03    -  1.00e+00 1.00e+00h  1
 214  8.3061941e+03 5.99e-16 1.78e-07  -2.5 1.58e+02    -  1.00e+00 1.00e+00h  1
 215  8.2557000e+03 3.03e-14 2.36e+04  -3.8 3.40e+03    -  8.31e-01 7.34e-01f  1
 216  8.2348007e+03 9.91e-15 1.35e+04  -3.8 4.05e+03    -  8.14e-01 6.73e-01h  1
 217  8.2261136e+03 1.26e-13 2.93e+03  -3.8 4.87e+03    -  1.00e+00 8.61e-01h  1
 218  8.2249242e+03 1.11e-13 1.22e-05  -3.8 3.29e+03    -  1.00e+00 1.00e+00h  1
 219  8.2249379e+03 8.89e-15 1.05e-07  -3.8 5.10e+02    -  1.00e+00 1.00e+00h  1
iter    objective    inf_pr   inf_du lg(mu)  ||d||  lg(rg) alpha_du alpha_pr  ls
 220  8.2249373e+03 7.86e-16 1.50e-09  -3.8 4.53e+00    -  1.00e+00 1.00e+00h  1
 221  8.2215791e+03 6.27e-14 5.36e+02  -5.7 4.06e+03    -  6.77e-01 6.37e-01f  1
 222  8.2204685e+03 2.77e-14 1.66e+02  -5.7 6.06e+03    -  5.54e-01 5.69e-01h  1
 223  8.2200137e+03 5.79e-14 2.90e+02  -5.7 2.01e+03    -  6.61e-01 5.51e-01h  1
 224  8.2196402e+03 3.63e-14 2.10e+02  -5.7 1.72e+03    -  6.82e-01 1.00e+00h  1
 225  8.2196385e+03 7.32e-15 3.49e-09  -5.7 1.01e+02    -  1.00e+00 1.00e+00h  1
 226  8.2196385e+03 1.02e-10 3.36e-08  -5.7 1.66e+03    -  1.00e+00 1.00e+00h  1
 227r 8.2196385e+03 1.02e-10 9.99e+02  -0.5 0.00e+00    -  0.00e+00 4.85e-07R 17
 228r 8.2233930e+03 6.72e-06 9.99e+02  -0.5 3.92e+06    -  2.63e-05 1.79e-04f  1
 229r 8.2239336e+03 6.73e-06 9.99e+02  -0.5 5.92e+05    -  4.34e-05 6.14e-05f  1
iter    objective    inf_pr   inf_du lg(mu)  ||d||  lg(rg) alpha_du alpha_pr  ls
 230r 8.2258788e+03 6.74e-06 9.98e+02  -0.5 4.80e+05    -  5.13e-04 2.22e-04f  1
 231r 8.2389764e+03 6.70e-06 9.97e+02  -0.5 3.25e+05    -  1.21e-03 1.56e-03f  1
 232r 8.2626658e+03 9.64e-06 9.92e+02  -0.5 2.06e+05    -  4.73e-03 3.12e-03f  1
 233r 8.3578873e+03 3.96e-05 9.75e+02  -0.5 1.30e+05    -  1.77e-02 1.51e-02f  1
 234r 8.5413762e+03 1.18e-04 9.46e+02  -0.5 4.62e+04    -  3.00e-02 4.76e-02f  1
 235r 8.8028103e+03 2.66e-04 9.22e+02  -0.5 2.55e+04    -  2.49e-02 1.21e-01f  1
 236r 9.0408384e+03 4.06e-04 8.45e+02  -0.5 1.83e+04    -  8.37e-02 1.53e-01f  1
 237r 9.3028991e+03 5.89e-04 3.98e+02  -0.5 1.27e+04    -  5.29e-01 2.22e-01f  1
 238r 9.7743887e+03 1.04e-03 8.25e+01  -0.5 5.88e+03    -  1.00e+00 7.23e-01f  1
 239r 9.8578771e+03 8.12e-04 2.98e-03  -0.5 8.43e+02    -  1.00e+00 1.00e+00f  1
iter    objective    inf_pr   inf_du lg(mu)  ||d||  lg(rg) alpha_du alpha_pr  ls
 240r 8.8609379e+03 6.86e-04 7.17e+01  -1.9 8.57e+03    -  4.85e-01 7.77e-01f  1
 241r 8.6844173e+03 3.99e-04 5.69e+01  -1.9 4.73e+03    -  3.88e-01 4.91e-01f  1
 242r 8.6585304e+03 1.17e-04 6.47e+01  -1.9 2.83e+03    -  4.32e-01 3.35e-01f  1
 243r 8.6560921e+03 1.97e-05 1.32e+02  -1.9 1.55e+03    -  7.62e-01 5.42e-01f  1
 244r 8.6449671e+03 1.47e-05 1.74e-03  -1.9 1.90e+03    -  1.00e+00 1.00e+00f  1
 245r 8.6257108e+03 1.53e-05 3.82e-05  -1.9 8.04e+02    -  1.00e+00 1.00e+00h  1
 246r 8.6254884e+03 1.53e-05 1.36e-07  -1.9 1.56e+01    -  1.00e+00 1.00e+00h  1
 247r 8.5243544e+03 2.07e-06 3.94e+01  -4.3 3.75e+03    -  5.03e-01 9.05e-01f  1
 248r 8.5201956e+03 1.15e-07 3.65e+00  -4.3 2.35e+02    -  9.42e-01 1.00e+00f  1
 249r 8.4682617e+03 5.76e-08 1.17e+00  -4.3 1.28e+03    -  9.32e-01 1.00e+00h  1
iter    objective    inf_pr   inf_du lg(mu)  ||d||  lg(rg) alpha_du alpha_pr  ls
 250r 8.4035959e+03 5.70e-08 4.59e-06  -4.3 1.09e+03    -  1.00e+00 1.00e+00h  1
 251r 8.3876325e+03 5.70e-08 1.86e-07  -4.3 3.43e+02    -  1.00e+00 1.00e+00h  1
 252r 8.3868571e+03 5.70e-08 5.93e-10  -4.3 1.85e+01    -  1.00e+00 1.00e+00h  1
 253r 8.3868543e+03 5.70e-08 5.39e-10  -4.3 7.42e-02    -  1.00e+00 1.00e+00h  1
 254  8.3867533e+03 5.70e-08 1.67e+02  -5.7 1.99e+03  -6.1 1.45e-04 8.88e-05f  1
 255  8.3847835e+03 5.65e-08 1.66e+02  -5.7 4.31e+01  -6.6 6.55e-03 9.73e-03f  1
 256  8.3834789e+03 5.61e-08 1.65e+02  -5.7 4.48e+01  -7.1 9.38e-03 6.74e-03f  1
 257  8.3827643e+03 5.59e-08 1.64e+02  -5.7 1.46e+02  -7.6 2.11e-02 3.63e-03f  1
 258  8.3820841e+03 5.57e-08 1.63e+02  -5.7 1.80e+02  -8.1 6.65e-03 3.54e-03f  2
 259  8.3819619e+03 5.57e-08 1.63e+02  -5.7 3.96e+02  -8.5 1.51e-02 6.14e-04f  3
iter    objective    inf_pr   inf_du lg(mu)  ||d||  lg(rg) alpha_du alpha_pr  ls
 260  8.3819495e+03 5.57e-08 1.63e+02  -5.7 1.16e+03  -9.0 3.88e-03 5.51e-05f  5
 261  8.3819323e+03 5.56e-08 1.63e+02  -5.7 3.11e+02  -9.5 2.99e-02 9.16e-05f  6
 262  8.3819060e+03 5.56e-08 1.63e+02  -5.7 5.44e+01 -10.0 8.15e-02 1.52e-04f  8
 263  8.3686667e+03 5.13e-08 1.51e+02  -5.7 8.13e+01 -10.4 1.91e-01 7.76e-02f  1
 264  8.3597690e+03 4.83e-08 1.42e+02  -5.7 1.06e+02 -10.9 2.83e-01 5.79e-02f  1
 265  8.3110803e+03 3.19e-08 9.35e+01  -5.7 1.72e+02 -11.4 5.87e-01 3.41e-01f  1
 266  8.2776597e+03 2.03e-08 5.96e+01  -5.7 2.18e+02 -11.9 1.34e-01 3.63e-01f  1
 267  8.2456956e+03 9.16e-09 2.69e+01  -5.7 2.86e+02 -12.3 5.58e-02 5.49e-01f  1
 268  8.2313028e+03 4.12e-09 1.68e+01  -5.7 2.48e+02 -12.8 4.72e-02 5.50e-01f  1
 269  8.2279303e+03 2.93e-09 2.56e+01  -5.7 2.39e+02 -13.3 4.85e-02 2.89e-01h  1
iter    objective    inf_pr   inf_du lg(mu)  ||d||  lg(rg) alpha_du alpha_pr  ls
 270  8.2240781e+03 1.57e-09 1.88e+01  -5.7 3.62e+02 -13.8 1.36e-01 4.63e-01h  1
 271  8.2234229e+03 1.34e-09 1.67e+01  -5.7 4.48e+02 -14.3 9.86e-02 1.47e-01h  1
 272  8.2232924e+03 1.67e-09 1.41e+01  -5.7 1.12e+06    -  1.96e-01 3.44e-02h  1
 273  8.2212909e+03 7.59e-10 7.54e+00  -5.7 5.72e+03 -14.7 4.31e-01 5.46e-01h  1
 274  8.2197140e+03 3.55e-10 1.66e+01  -5.7 8.37e+03    -  1.40e-01 9.56e-01h  1
 275  8.2196445e+03 2.62e-11 9.83e-01  -5.7 7.13e+03 -15.2 1.00e+00 9.19e-01h  1
 276  8.2196389e+03 2.50e-09 1.24e-01  -5.7 1.23e+07    -  6.12e-01 9.40e-01H  1
 277  8.2196385e+03 2.08e-14 3.25e-09  -5.7 3.38e+02 -13.0 1.00e+00 1.00e+00h  1
 278  8.2196385e+03 8.08e-14 5.87e-09  -5.7 7.32e+02 -13.5 1.00e+00 1.00e+00h  1
 279  8.2196385e+03 6.08e-10 1.97e-06  -5.7 1.79e+04    -  1.00e+00 1.00e+00h  1
iter    objective    inf_pr   inf_du lg(mu)  ||d||  lg(rg) alpha_du alpha_pr  ls
 280r 8.2196385e+03 6.08e-10 9.99e+02   1.6 0.00e+00    -  0.00e+00 4.57e-07R 12
 281r 8.2192454e+03 1.09e-04 9.99e+02   1.6 1.69e+07    -  5.81e-06 3.39e-06f  1
 282r 8.2185106e+03 1.64e-04 9.99e+02   0.9 7.68e+05    -  4.61e-05 4.57e-05f  1
 283r 8.2223990e+03 2.67e-04 9.99e+02   0.9 1.24e+06    -  2.18e-04 1.78e-04f  1
 284r 8.2380621e+03 5.74e-04 9.97e+02   0.9 7.46e+05    -  1.45e-03 6.11e-04f  1
 285r 8.2941559e+03 1.30e-03 9.73e+02   0.9 3.10e+05    -  2.41e-02 2.69e-03f  1
 286r 8.3559349e+03 3.56e-03 9.66e+02   0.9 1.40e+05    -  7.49e-03 5.11e-03f  1
 287r 8.7619528e+03 4.20e-03 9.31e+02   0.9 1.29e+05    -  7.64e-01 3.58e-02f  1
 288r 1.3604732e+04 3.10e-02 1.89e+02   0.9 2.65e+04    -  8.55e-01 7.82e-01f  1
 289r 1.5149455e+04 2.69e-02 4.47e+00   0.9 1.12e+04    -  1.00e+00 1.00e+00f  1
iter    objective    inf_pr   inf_du lg(mu)  ||d||  lg(rg) alpha_du alpha_pr  ls
 290r 1.4928370e+04 2.73e-02 2.22e-01   0.9 1.21e+03    -  1.00e+00 1.00e+00f  1
 291r 1.3356952e+04 1.14e-02 1.70e+01  -1.2 1.89e+04    -  6.36e-01 5.85e-01f  1
 292r 1.3383405e+04 6.63e-03 6.32e+01  -1.2 1.68e+04    -  5.37e-01 4.10e-01f  1
 293r 1.2144676e+04 2.59e-03 8.02e+01  -1.2 2.03e+04    -  5.69e-01 4.53e-01f  1
 294r 1.0648138e+04 1.29e-03 6.17e+01  -1.2 2.49e+04    -  6.39e-01 5.43e-01f  1
 295r 9.4456775e+03 7.37e-04 1.33e+01  -1.2 1.56e+04    -  7.05e-01 7.50e-01f  1
 296r 8.9141279e+03 5.50e-04 8.03e+01  -1.2 6.65e+03    -  4.39e-01 7.55e-01f  1
 297r 8.7677769e+03 1.72e-04 7.99e+01  -1.2 2.10e+03    -  6.01e-01 8.35e-01f  1
 298r 8.7717711e+03 8.98e-05 7.48e-04  -1.2 8.21e+02    -  1.00e+00 1.00e+00f  1
 299r 8.7693427e+03 8.66e-05 3.51e-05  -1.2 1.33e+02    -  1.00e+00 1.00e+00h  1
iter    objective    inf_pr   inf_du lg(mu)  ||d||  lg(rg) alpha_du alpha_pr  ls
 300r 8.6249976e+03 2.51e-05 4.86e+01  -2.9 5.33e+03    -  4.79e-01 6.06e-01f  1
 301r 8.6138183e+03 7.57e-06 1.92e+01  -2.9 1.18e+03    -  8.13e-01 8.63e-01f  1
 302r 8.5772526e+03 1.35e-06 5.23e+00  -2.9 1.81e+03    -  8.94e-01 1.00e+00f  1
 303r 8.5220311e+03 1.41e-06 4.77e-05  -2.9 1.57e+03    -  1.00e+00 1.00e+00h  1
 304r 8.5082185e+03 1.41e-06 1.84e-06  -2.9 3.35e+02    -  1.00e+00 1.00e+00h  1
 305r 8.5079326e+03 1.41e-06 4.51e-08  -2.9 1.10e+01    -  1.00e+00 1.00e+00h  1
 306r 8.4180358e+03 2.65e-08 3.59e+00  -6.5 2.27e+03    -  6.57e-01 9.89e-01f  1
 307r 8.4166110e+03 2.85e-09 6.75e+00  -6.5 4.59e+01    -  9.89e-01 8.98e-01f  1
 308r 8.3636004e+03 5.05e-10 7.68e+01  -6.5 9.06e+02    -  8.29e-01 1.00e+00h  1
 309r 8.3124323e+03 3.27e-11 7.00e+00  -6.5 1.14e+03    -  7.58e-01 1.00e+00h  1
iter    objective    inf_pr   inf_du lg(mu)  ||d||  lg(rg) alpha_du alpha_pr  ls
 310r 8.2867785e+03 1.59e-11 8.64e-01  -6.5 6.12e+02    -  8.25e-01 1.00e+00h  1
 311r 8.2779446e+03 1.59e-11 2.66e-10  -6.5 1.86e+02    -  1.00e+00 1.00e+00h  1
 312r 8.2766511e+03 1.59e-11 1.99e-11  -6.5 2.51e+01    -  1.00e+00 1.00e+00h  1
 313r 8.2766351e+03 1.59e-11 3.18e-12  -6.5 7.84e-01    -  1.00e+00 1.00e+00h  1
 314  8.2765943e+03 1.59e-11 1.67e+02  -5.7 2.32e+05    -  1.35e-04 5.40e-05f  2
 315  8.2765457e+03 7.48e-10 1.67e+02  -5.7 2.67e+08    -  1.47e-03 1.50e-04F  1
 316  8.2765457e+03 7.48e-10 1.67e+02  -5.7 2.59e+08    -  1.28e-04 1.81e-07f 14
 317  8.2765409e+03 7.48e-10 1.67e+02  -5.7 1.23e+05    -  4.11e-03 5.78e-05f  7
 318  8.2765367e+03 7.48e-10 1.67e+02  -5.7 2.97e+04    -  1.48e-02 4.84e-05f  7
 319  8.2764006e+03 7.47e-10 1.67e+02  -5.7 1.03e+04 -13.9 9.78e-04 9.22e-04f  1
iter    objective    inf_pr   inf_du lg(mu)  ||d||  lg(rg) alpha_du alpha_pr  ls
 320  8.2715971e+03 6.87e-10 1.54e+02  -5.7 3.75e+05    -  1.84e-01 8.07e-02f  1
 321  8.2616674e+03 5.59e-10 1.25e+02  -5.7 8.06e+04    -  7.50e-01 1.85e-01f  1
 322  8.2567822e+03 2.75e-08 1.11e+02  -5.7 3.21e+06    -  1.52e-02 1.16e-01f  1
 323  8.2258962e+03 4.77e-09 1.92e+01  -5.7 4.78e+05    -  4.25e-01 8.27e-01h  1
 324  8.2258739e+03 8.40e-09 1.91e+01  -5.7 6.83e+06    -  4.80e-02 3.56e-03h  1
 325  8.2237101e+03 5.49e-09 1.25e+01  -5.7 6.03e+04 -14.4 7.12e-02 3.46e-01h  1
 326  8.2199391e+03 6.20e-10 4.94e+01  -5.7 3.53e+05    -  4.48e-02 9.27e-01h  1
 327  8.2196502e+03 2.56e-11 1.66e+00  -5.7 8.56e+03 -13.1 1.00e+00 9.59e-01h  1
 328  8.2196387e+03 4.84e-10 3.85e-02  -5.7 1.48e+05    -  9.25e-01 9.79e-01h  1
 329  8.2196385e+03 2.02e-14 1.64e-06  -5.7 2.23e+03 -12.7 1.00e+00 1.00e+00h  1
iter    objective    inf_pr   inf_du lg(mu)  ||d||  lg(rg) alpha_du alpha_pr  ls
 330  8.2196385e+03 3.38e-15 1.31e-06  -5.7 1.22e+03 -13.1 1.00e+00 1.00e+00h  1
 331  8.2196385e+03 1.22e-10 1.55e-04  -5.7 8.01e+05    -  4.64e-01 1.22e-02h  3
 332  8.2196385e+03 7.79e-11 1.61e-04  -5.7 3.17e+05    -  1.00e+00 3.58e-01h  2
 333  8.2196385e+03 7.76e-11 1.59e-04  -5.7 3.53e+06    -  1.37e-02 8.38e-04h  8
 334  8.2196385e+03 8.15e-11 4.22e-05  -5.7 1.30e+05    -  1.00e+00 2.39e-01h  2
 335  8.2196385e+03 6.48e-12 4.94e-09  -5.7 1.70e+03 -13.6 1.00e+00 1.00e+00h  1
 336  8.2196385e+03 3.03e-12 4.95e-08  -5.7 3.31e+03 -14.1 1.00e+00 1.00e+00h  1
 337  8.2196385e+03 2.91e-12 2.11e-09  -5.7 1.22e+03 -13.7 1.00e+00 1.00e+00h  1
 338  8.2196385e+03 2.18e-10 9.31e-06  -5.7 7.47e+08    -  4.55e-05 1.47e-05h  6
 339  8.2196385e+03 1.43e-11 1.64e-08  -5.7 3.44e+03 -14.1 1.00e+00 1.00e+00h  1
iter    objective    inf_pr   inf_du lg(mu)  ||d||  lg(rg) alpha_du alpha_pr  ls
 340  8.2196385e+03 3.08e-10 3.89e-07  -5.7 5.48e+04    -  1.00e+00 1.00e+00h  1
 341  8.2196385e+03 7.74e-12 4.57e-09  -5.7 2.64e+03 -13.7 1.00e+00 1.00e+00h  1
 342  8.2196385e+03 1.35e-13 2.62e-09  -5.7 7.52e+02 -13.3 1.00e+00 1.00e+00h  1
 343  8.2196385e+03 8.59e-14 5.68e-11  -5.7 2.76e+02 -12.9 1.00e+00 1.00e+00h  1
 344  8.2196385e+03 1.92e-12 1.89e-09  -5.7 7.66e+02 -13.3 1.00e+00 1.00e+00h  1
 345  8.2196385e+03 1.37e-15 5.39e-11  -5.7 3.59e+01 -12.0 1.00e+00 1.00e+00h  1
 346  8.2196385e+03 1.21e-14 5.35e-11  -5.7 1.06e+02 -12.5 1.00e+00 1.00e+00h  1
 347  8.2196385e+03 2.61e-13 2.73e-10  -5.7 3.09e+02 -13.0 1.00e+00 1.00e+00h  1
 348  8.2196385e+03 1.15e-14 5.20e-11  -5.7 1.15e+02 -12.5 1.00e+00 1.00e+00h  1
 349  8.2196385e+03 7.63e-13 5.40e-11  -5.7 3.32e+02 -13.0 1.00e+00 1.00e+00h  1
iter    objective    inf_pr   inf_du lg(mu)  ||d||  lg(rg) alpha_du alpha_pr  ls
 350  8.2196385e+03 2.84e-14 5.05e-11  -5.7 1.23e+02 -12.6 1.00e+00 1.00e+00h  1
 351  8.2196385e+03 9.50e-10 1.88e-06  -5.7 7.02e+06    -  1.00e+00 1.00e+00H  1
 352  8.2196385e+03 4.86e-14 5.61e-09  -5.7 2.03e+02 -13.1 1.00e+00 1.00e+00h  1
 353  8.2196385e+03 2.53e-14 2.92e-10  -5.7 5.21e+01 -12.6 1.00e+00 1.00e+00h  1
 354  8.2196385e+03 1.56e-13 2.83e-10  -5.7 1.54e+02 -13.1 1.00e+00 1.00e+00h  1
 355  8.2196385e+03 4.84e-14 6.85e-11  -5.7 5.75e+01 -12.7 1.00e+00 1.00e+00h  1
 356  8.2196385e+03 8.96e-14 2.82e-11  -5.7 1.70e+02 -13.2 1.00e+00 1.00e+00h  1
 357  8.2196385e+03 1.15e-15 2.81e-11  -5.7 6.36e+01 -12.7 1.00e+00 1.00e+00h  1
 358  8.2196385e+03 8.56e-13 2.33e-10  -5.7 1.88e+02 -13.2 1.00e+00 1.00e+00h  1
 359  8.2196385e+03 3.29e-12 1.83e-09  -5.7 5.42e+02 -13.7 1.00e+00 1.00e+00h  1
iter    objective    inf_pr   inf_du lg(mu)  ||d||  lg(rg) alpha_du alpha_pr  ls
 360  8.2196385e+03 4.04e-12 7.09e-10  -5.7 1.45e+03 -14.2 1.00e+00 1.00e+00h  1
 361  8.2196385e+03 6.49e-11 7.32e-08  -5.7 3.11e+03 -14.6 1.00e+00 1.00e+00h  1
 362r 8.2196385e+03 6.49e-11 9.99e+02   0.0 0.00e+00    -  0.00e+00 4.18e-07R 16
 363r 8.2224905e+03 1.57e-05 9.99e+02   0.0 6.93e+06    -  1.43e-05 5.44e-05f  1
 364r 8.2229724e+03 1.51e-05 9.99e+02   0.0 1.33e+06    -  1.87e-05 3.51e-05f  1
 365r 8.2273605e+03 1.33e-05 9.99e+02   0.0 1.15e+06    -  2.60e-04 2.87e-04f  1
 366r 8.2392070e+03 2.01e-05 9.98e+02   0.0 5.84e+05    -  4.70e-04 6.59e-04f  1
 367r 8.2623020e+03 4.99e-05 9.96e+02   0.0 4.10e+05    -  2.22e-03 1.31e-03f  1
 368r 8.3251223e+03 1.19e-04 9.81e+02   0.0 2.33e+05    -  1.46e-02 3.99e-03f  1
 369r 8.5523230e+03 3.29e-04 9.71e+02   0.0 8.14e+04    -  1.08e-02 2.10e-02f  1
iter    objective    inf_pr   inf_du lg(mu)  ||d||  lg(rg) alpha_du alpha_pr  ls
 370r 8.9829795e+03 6.78e-04 9.48e+02   0.0 6.03e+04    -  2.35e-02 5.48e-02f  1
 371r 9.5183702e+03 9.29e-04 8.14e+02   0.0 3.87e+04    -  1.42e-01 9.57e-02f  1
 372r 1.0450988e+04 1.12e-03 4.86e+02   0.0 2.43e+04    -  1.00e+00 2.76e-01f  1
 373r 1.1738281e+04 2.68e-03 1.96e-01   0.0 8.95e+03    -  1.00e+00 1.00e+00f  1
 374r 1.1798319e+04 2.53e-03 8.03e-03   0.0 6.86e+02    -  1.00e+00 1.00e+00h  1
 375r 1.0097363e+04 1.10e-03 3.29e+01  -2.1 1.83e+04    -  7.02e-01 6.03e-01f  1
 376r 9.3964955e+03 7.86e-04 1.40e+01  -2.1 1.42e+04    -  5.62e-01 6.11e-01f  1
 377r 8.8413840e+03 6.13e-04 1.14e+02  -2.1 6.68e+03    -  2.97e-01 6.65e-01f  1
 378r 8.7167858e+03 3.06e-04 7.98e+01  -2.1 4.01e+03    -  3.76e-01 4.41e-01f  1
 379r 8.6913158e+03 8.27e-05 1.24e+02  -2.1 2.33e+03    -  5.28e-01 3.43e-01f  1
iter    objective    inf_pr   inf_du lg(mu)  ||d||  lg(rg) alpha_du alpha_pr  ls
 380r 8.6705159e+03 1.22e-05 3.65e+01  -2.1 3.08e+03    -  6.48e-01 6.63e-01f  1
 381r 8.6330317e+03 9.94e-06 2.31e+01  -2.1 2.68e+03    -  8.35e-01 1.00e+00f  1
 382r 8.6075989e+03 1.03e-05 1.00e-04  -2.1 9.66e+02    -  1.00e+00 1.00e+00h  1
 383r 8.6046390e+03 1.03e-05 1.13e-06  -2.1 1.03e+02    -  1.00e+00 1.00e+00h  1
 384r 8.5073456e+03 9.89e-07 2.52e+01  -3.1 3.03e+03    -  5.93e-01 1.00e+00f  1
 385r 8.5028274e+03 9.23e-07 2.08e-05  -3.1 3.03e+02    -  1.00e+00 1.00e+00h  1
 386r 8.4891960e+03 9.20e-07 4.12e-06  -3.1 2.75e+02    -  1.00e+00 1.00e+00h  1
 387r 8.4890468e+03 9.20e-07 8.31e-09  -3.1 5.60e+00    -  1.00e+00 1.00e+00h  1
 388r 8.4024423e+03 1.18e-08 2.23e+00  -6.9 2.05e+03    -  6.88e-01 9.93e-01f  1
 389r 8.4014885e+03 2.63e-09 3.53e+01  -6.9 2.51e+01    -  9.91e-01 7.81e-01h  1
iter    objective    inf_pr   inf_du lg(mu)  ||d||  lg(rg) alpha_du alpha_pr  ls
 390r 8.3506294e+03 4.19e-10 6.38e+01  -6.9 9.29e+02    -  8.14e-01 1.00e+00h  1
 391r 8.3028982e+03 7.22e-12 3.60e+00  -6.9 1.10e+03    -  6.76e-01 1.00e+00h  1
 392r 8.2785156e+03 2.37e-12 6.94e-01  -6.9 5.69e+02    -  7.58e-01 1.00e+00h  1
 393r 8.2681260e+03 2.37e-12 1.51e-10  -6.9 2.06e+02    -  1.00e+00 1.00e+00h  1
 394r 8.2656339e+03 2.37e-12 3.33e-11  -6.9 4.51e+01    -  1.00e+00 1.00e+00h  1
 395r 8.2655645e+03 2.37e-12 1.25e-12  -6.9 3.04e+00    -  1.00e+00 1.00e+00h  1
 396r 8.2655645e+03 2.37e-12 1.25e-12  -6.9 3.56e-03    -  1.00e+00 1.00e+00h  1
 397  8.2655596e+03 2.37e-12 1.67e+02  -5.7 2.82e+06    -  1.47e-04 6.82e-06f  5
 398  8.2655596e+03 2.37e-12 1.67e+02  -5.7 2.79e+09    -  5.46e-05 3.21e-09f 13
 399  8.2655546e+03 2.37e-12 1.67e+02  -5.7 1.03e+05    -  9.80e-04 1.37e-05f  5
iter    objective    inf_pr   inf_du lg(mu)  ||d||  lg(rg) alpha_du alpha_pr  ls
 400  8.2655506e+03 2.37e-12 1.67e+02  -5.7 6.70e+04    -  4.99e-03 3.24e-05f  6
 401  8.2655484e+03 2.37e-12 1.67e+02  -5.7 6.42e+04    -  1.53e-02 2.74e-05f  8
 402  8.2653854e+03 2.37e-12 1.67e+02  -5.7 5.71e+04    -  1.43e-03 1.44e-03f  1
 403  8.2652861e+03 2.36e-12 1.67e+02  -5.7 5.58e+04    -  1.23e-02 1.77e-03f  1
 404  8.2571486e+03 5.69e-09 1.38e+02  -5.7 1.44e+06 -15.1 1.34e-01 1.71e-01f  1
 405  8.2516706e+03 4.89e-09 1.19e+02  -5.7 3.25e+05    -  7.87e-01 1.42e-01h  1
 406  8.2436175e+03 4.37e-09 8.90e+01  -5.7 9.37e+05    -  3.89e-02 2.50e-01h  1
 407  8.2256483e+03 1.14e-09 2.26e+01  -5.7 1.72e+05    -  8.66e-01 7.45e-01h  1
 408  8.2256306e+03 1.76e-08 2.26e+01  -5.7 1.21e+08    -  3.16e-04 2.94e-03h  1
 409  8.2256291e+03 6.61e-08 2.26e+01  -5.7 1.57e+09    -  1.64e-05 2.52e-04h  1
iter    objective    inf_pr   inf_du lg(mu)  ||d||  lg(rg) alpha_du alpha_pr  ls
 410  8.2230372e+03 3.75e-08 1.28e+01  -5.7 9.41e+05    -  4.60e-02 4.32e-01h  1
 411  8.2201164e+03 5.10e-09 2.52e+01  -5.7 3.99e+04 -14.7 6.90e-02 8.61e-01h  1
 412  8.2201162e+03 6.27e-09 2.51e+01  -5.7 1.36e+08    -  2.01e-03 3.51e-04h  1
 413  8.2198718e+03 3.05e-09 1.33e+01  -5.7 7.60e+04 -15.2 3.06e-02 5.13e-01h  1
 414  8.2196501e+03 1.54e-10 5.67e-01  -5.7 2.18e+03 -12.9 1.00e+00 9.50e-01h  1
 415  8.2196385e+03 7.85e-13 2.85e-07  -5.7 1.61e+03 -13.4 1.00e+00 1.00e+00h  1
 416  8.2196385e+03 1.70e-10 1.21e-04  -5.7 2.33e+05    -  1.00e+00 3.78e-01h  2
 417  8.2196385e+03 2.19e-15 1.31e-07  -5.7 4.64e+02 -12.1 1.00e+00 1.00e+00h  1
 418  8.2196385e+03 5.95e-14 2.51e-08  -5.7 1.54e+02 -12.6 1.00e+00 1.00e+00h  1
 419  8.2196385e+03 2.86e-14 3.59e-09  -5.7 4.42e+02 -13.0 1.00e+00 1.00e+00h  1
iter    objective    inf_pr   inf_du lg(mu)  ||d||  lg(rg) alpha_du alpha_pr  ls
 420  8.2196385e+03 7.98e-10 7.83e-07  -5.7 8.60e+04    -  1.00e+00 1.00e+00H  1
 421  8.2196385e+03 1.49e-11 2.93e-08  -5.7 3.11e+03 -12.6 1.00e+00 1.00e+00H  1
 422  8.2196385e+03 7.78e-11 4.01e-08  -5.7 1.35e+03 -13.1 1.00e+00 1.00e+00H  1
 423  8.2196385e+03 1.89e-13 2.03e-09  -5.7 1.00e+03 -12.7 1.00e+00 1.00e+00h  1
 424  8.2196385e+03 2.27e-14 2.08e-10  -5.7 3.32e+02 -12.2 1.00e+00 1.00e+00h  1
 425  8.2196385e+03 2.00e-14 3.24e-10  -5.7 8.69e+02 -12.7 1.00e+00 1.00e+00h  1
 426  8.2196385e+03 1.97e-11 7.30e-06  -5.7 2.92e+08    -  1.14e-04 1.30e-06h 11
 427  8.2196385e+03 7.91e-14 1.78e-10  -5.7 3.16e+02 -12.3 1.00e+00 1.00e+00h  1
 428  8.2196385e+03 1.78e-12 6.51e-10  -5.7 8.37e+02 -12.8 1.00e+00 1.00e+00h  1
 429  8.2196385e+03 7.41e-10 7.29e-06  -5.7 1.22e+08    -  2.76e-04 4.61e-05h  7
iter    objective    inf_pr   inf_du lg(mu)  ||d||  lg(rg) alpha_du alpha_pr  ls
 430  8.2196385e+03 5.36e-13 4.04e-10  -5.7 1.91e+03 -13.2 1.00e+00 1.00e+00h  1
 431  8.2196385e+03 9.51e-13 6.39e-10  -5.7 6.93e+02 -12.8 1.00e+00 1.00e+00h  1
 432  8.2196385e+03 1.06e-11 3.05e-09  -5.7 1.68e+03 -13.3 1.00e+00 1.00e+00h  1
 433  8.2196385e+03 1.24e-09 1.49e-06  -5.7 3.95e+05    -  1.00e+00 1.00e+00H  1
 434  8.2196385e+03 7.66e-10 6.47e-07  -5.7 1.82e+04    -  1.00e+00 1.00e+00h  1
 435  8.2196385e+03 7.66e-10 8.65e-05  -5.7 2.81e+06    -  1.28e-01 4.83e-05h  9
 436  8.2196385e+03 9.73e-14 1.43e-09  -5.7 8.80e+01 -12.9 1.00e+00 1.00e+00h  1
 437  8.2196385e+03 1.07e-14 6.36e-11  -5.7 3.06e+01 -12.4 1.00e+00 1.00e+00h  1
 438  8.2196385e+03 1.76e-13 1.04e-10  -5.7 9.02e+01 -12.9 1.00e+00 1.00e+00h  1
 439  8.2196385e+03 1.97e-14 2.91e-11  -5.7 3.36e+01 -12.5 1.00e+00 1.00e+00h  1
iter    objective    inf_pr   inf_du lg(mu)  ||d||  lg(rg) alpha_du alpha_pr  ls
 440  8.2196385e+03 3.52e-14 6.55e-11  -5.7 9.92e+01 -13.0 1.00e+00 1.00e+00h  1
 441  8.2196385e+03 1.48e-12 2.15e-09  -5.7 2.81e+02 -13.5 1.00e+00 1.00e+00h  1
 442  8.2196385e+03 1.64e-15 6.04e-11  -5.7 1.04e+02 -13.0 1.00e+00 1.00e+00h  1
 443  8.2196385e+03 2.68e-13 1.92e-10  -5.7 2.96e+02 -13.5 1.00e+00 1.00e+00h  1
 444  8.2196385e+03 3.04e-15 2.77e-11  -5.7 1.38e+01 -12.2 1.00e+00 1.00e+00h  1
 445  8.2196385e+03 1.84e-14 2.76e-11  -5.7 4.11e+01 -12.7 1.00e+00 1.00e+00h  1
 446  8.2196385e+03 8.48e-16 2.76e-11  -5.7 1.54e+01 -12.2 1.00e+00 1.00e+00h  1
 447  8.2196385e+03 5.75e-13 7.16e-05  -5.7 1.64e+05    -  1.00e+00 3.80e-03h  7
 448  8.2196385e+03 2.31e-10 7.16e-05  -5.7 1.67e+08    -  2.03e-04 7.30e-05h  6
 449  8.2196385e+03 8.48e-16 6.80e-10  -5.7 4.28e+01 -12.7 1.00e+00 1.00e+00h  1
iter    objective    inf_pr   inf_du lg(mu)  ||d||  lg(rg) alpha_du alpha_pr  ls
 450  8.2196385e+03 1.17e-13 1.16e-10  -5.7 1.02e+02 -13.2 1.00e+00 1.00e+00h  1
 451  8.2196385e+03 2.39e-13 1.73e-09  -5.7 2.92e+02 -13.7 1.00e+00 1.00e+00h  1
 452  8.2196385e+03 4.23e-14 1.31e-10  -5.7 1.08e+02 -13.2 1.00e+00 1.00e+00h  1
 453  8.2196385e+03 2.61e-13 1.14e-09  -5.7 3.07e+02 -13.7 1.00e+00 1.00e+00h  1
 454  8.2196385e+03 4.04e-12 4.86e-09  -5.7 7.92e+02 -14.2 1.00e+00 1.00e+00h  1
 455  8.2196385e+03 1.79e-14 1.91e-11  -5.7 3.68e+01 -12.9 1.00e+00 1.00e+00h  1
 456  8.2196385e+03 5.18e-15 1.91e-11  -5.7 1.08e+02 -13.3 1.00e+00 1.00e+00h  1
 457  8.2196385e+03 3.61e-12 4.30e-09  -5.7 3.00e+02 -13.8 1.00e+00 1.00e+00h  1
 458  8.2196385e+03 9.69e-13 1.94e-09  -5.7 1.10e+02 -13.4 1.00e+00 1.00e+00h  1
 459  8.2196385e+03 1.13e-12 1.87e-09  -5.7 3.07e+02 -13.9 1.00e+00 1.00e+00h  1
iter    objective    inf_pr   inf_du lg(mu)  ||d||  lg(rg) alpha_du alpha_pr  ls
 460  8.2196385e+03 2.02e-15 1.90e-11  -5.7 1.43e+01 -12.5 1.00e+00 1.00e+00h  1
 461  8.2196385e+03 7.31e-14 8.45e-11  -5.7 4.25e+01 -13.0 1.00e+00 1.00e+00h  1
 462  8.2196385e+03 1.81e-12 2.64e-09  -5.7 1.23e+02 -13.5 1.00e+00 1.00e+00h  1
 463  8.2196385e+03 1.72e-12 2.98e-09  -5.7 3.33e+02 -14.0 1.00e+00 1.00e+00h  1
 464  8.2196385e+03 4.39e-12 3.14e-09  -5.7 7.54e+02 -14.4 1.00e+00 1.00e+00h  1
 465  8.2196385e+03 7.96e-14 1.48e-10  -5.7 3.55e+01 -13.1 1.00e+00 1.00e+00h  1
 466  8.2196385e+03 9.89e-14 1.43e-10  -5.7 1.02e+02 -13.6 1.00e+00 1.00e+00h  1
 467  8.2196385e+03 8.25e-14 9.24e-11  -5.7 3.76e+01 -13.2 1.00e+00 1.00e+00h  1
 468  8.2196385e+03 1.49e-13 1.59e-10  -5.7 1.07e+02 -13.6 1.00e+00 1.00e+00h  1
 469  8.2196385e+03 1.24e-13 1.09e-10  -5.7 3.95e+01 -13.2 1.00e+00 1.00e+00h  1
iter    objective    inf_pr   inf_du lg(mu)  ||d||  lg(rg) alpha_du alpha_pr  ls
 470  8.2196385e+03 1.44e-14 1.87e-11  -5.7 1.47e+01 -12.8 1.00e+00 1.00e+00h  1
 471  8.2196385e+03 6.09e-14 1.22e-10  -5.7 4.32e+01 -13.3 1.00e+00 1.00e+00h  1
 472  8.2196385e+03 1.01e-15 1.87e-11  -5.7 1.61e+01 -12.8 1.00e+00 1.00e+00h  1
 473  8.2196385e+03 2.00e-14 1.87e-11  -5.7 4.71e+01 -13.3 1.00e+00 1.00e+00h  1
 474  8.2196385e+03 2.94e-12 6.03e-09  -5.7 1.29e+02 -13.8 1.00e+00 1.00e+00h  1
 475  8.2196385e+03 1.55e-11 6.36e-08  -5.7 1.55e+03    -  1.00e+00 1.00e+00h  1
 476  8.2196385e+03 1.47e-11 1.76e-05  -5.7 1.09e+05    -  3.70e-01 1.22e-04h 14
 477  8.2196385e+03 4.22e-13 1.20e-10  -5.7 4.10e+01 -14.3 1.00e+00 1.00e+00h  1
 478  8.2196385e+03 2.93e-12 4.67e-09  -5.7 4.94e+01 -14.8 1.00e+00 1.00e+00h  1
 479  8.2196385e+03 1.80e-12 3.00e-09  -5.7 3.80e+01 -15.2 1.00e+00 1.00e+00h  1
iter    objective    inf_pr   inf_du lg(mu)  ||d||  lg(rg) alpha_du alpha_pr  ls
 480  8.2196385e+03 4.72e-13 3.38e-10  -5.7 2.57e+01 -14.8 1.00e+00 1.00e+00h  1
 481  8.2196385e+03 6.50e-12 1.01e-04  -5.7 2.69e+05    -  8.19e-01 1.45e-04h 11
 482  8.2196385e+03 8.48e-16 1.85e-11  -5.7 1.50e-01 -13.5 1.00e+00 1.00e+00h  1
 483  8.2195732e+03 1.54e-15 4.16e+00  -8.6 1.28e+01 -13.0 9.64e-01 9.89e-01f  1
 484  8.2195724e+03 8.88e-16 6.22e-12  -8.6 4.15e-02 -11.7 1.00e+00 1.00e+00h  1

Number of Iterations....: 484

                                   (scaled)                 (unscaled)
Objective...............:   8.2195724356404189e+03    8.2195724356404189e+03
Dual infeasibility......:   6.2222723921951491e-12    6.2222723921951491e-12
Constraint violation....:   8.8817841970012523e-16    8.8817841970012523e-16
Variable bound violation:   0.0000000000000000e+00    0.0000000000000000e+00
Complementarity.........:   2.5688245393186933e-09    2.5688245393186933e-09
Overall NLP error.......:   2.5688245393186933e-09    2.5688245393186933e-09


Number of objective function evaluations             = 751
Number of objective gradient evaluations             = 395
Number of equality constraint evaluations            = 751
Number of inequality constraint evaluations          = 751
Number of equality constraint Jacobian evaluations   = 488
Number of inequality constraint Jacobian evaluations = 488
Number of Lagrangian Hessian evaluations             = 484
Total seconds in IPOPT                               = 12772.973

EXIT: Optimal Solution Found.
