QUIET_WAIT waited_s=19 other_cores=0.75 timed_out=0

******************************************************************************
This program contains Ipopt, a library for large-scale nonlinear optimization.
 Ipopt is released as open source code under the Eclipse Public License (EPL).
         For more information visit https://github.com/coin-or/Ipopt
******************************************************************************

This is Ipopt version 3.14.19, running with linear solver MUMPS 5.9.0.

Number of nonzeros in equality constraint Jacobian...:  2845980
Number of nonzeros in inequality constraint Jacobian.:   990720
Number of nonzeros in Lagrangian Hessian.............:   768540

Total number of variables............................:  1064280
                     variables with only lower bounds:   247704
                variables with lower and upper bounds:   321192
                     variables with only upper bounds:        0
Total number of equality constraints.................:   767592
Total number of inequality constraints...............:   247680
        inequality constraints with only lower bounds:        0
   inequality constraints with lower and upper bounds:        0
        inequality constraints with only upper bounds:   247680

iter    objective    inf_pr   inf_du lg(mu)  ||d||  lg(rg) alpha_du alpha_pr  ls
   0  1.2375691e+05 6.40e-01 5.63e+01  -1.0 0.00e+00    -  0.00e+00 0.00e+00   0
   1  1.2822162e+05 6.40e-01 6.22e+01  -1.0 2.43e+02    -  4.08e-05 5.22e-04h  1
   2  1.2981798e+05 6.39e-01 6.34e+01  -1.0 1.15e+03    -  1.10e-04 4.12e-04f  1
   3  7.3481355e+05 5.58e+00 4.41e+02  -1.0 1.03e+03    -  2.19e-04 1.97e-01f  3
   4  7.3558947e+05 5.57e+00 4.41e+02  -1.0 1.13e+04    -  3.54e-03 2.07e-04h  1
   5  7.3727876e+05 5.57e+00 4.41e+02  -1.0 1.07e+04    -  5.41e-04 5.74e-04h  1
   6  7.4049114e+05 5.57e+00 4.40e+02  -1.0 5.72e+03    -  5.18e-04 1.13e-03h  1
   7  7.4659603e+05 5.55e+00 4.39e+02  -1.0 5.12e+03    -  8.69e-04 2.32e-03h  1
   8  7.5571279e+05 5.53e+00 4.43e+02  -1.0 5.22e+03    -  2.02e-03 3.75e-03h  1
   9  7.6210515e+05 5.52e+00 4.36e+02  -1.0 4.25e+03    -  3.96e-03 2.64e-03f  1
iter    objective    inf_pr   inf_du lg(mu)  ||d||  lg(rg) alpha_du alpha_pr  ls
  10  7.7615187e+05 5.49e+00 4.37e+02  -1.0 2.87e+03    -  4.16e-03 5.75e-03f  1
  11  8.1130499e+05 5.42e+00 4.49e+02  -1.0 1.83e+03    -  7.60e-03 1.44e-02h  1
  12  8.7647462e+05 5.31e+00 4.55e+02  -1.0 1.30e+03    -  1.41e-02 2.73e-02h  1
  13  8.8772963e+05 5.28e+00 4.18e+02  -1.0 7.72e+02   0.0 2.00e-02 4.82e-03h  1
  14  9.5840842e+05 5.17e+00 4.12e+02  -1.0 7.90e+02  -0.5 2.94e-02 3.05e-02h  1
  15  9.9548310e+05 5.10e+00 4.06e+02  -1.0 9.46e+02    -  4.03e-02 1.65e-02h  3
  16  1.0031535e+06 5.09e+00 4.04e+02  -1.0 9.27e+02    -  6.95e-02 3.48e-03h  6
  17  1.0096224e+06 5.07e+00 4.03e+02  -1.0 9.26e+02    -  7.32e-02 2.94e-03h  7
  18  1.0105467e+06 5.07e+00 4.03e+02  -1.0 9.27e+02    -  9.27e-02 4.22e-04h 10
  19  1.0110715e+06 5.07e+00 4.03e+02  -1.0 9.29e+02    -  8.01e-02 2.40e-04h 11
iter    objective    inf_pr   inf_du lg(mu)  ||d||  lg(rg) alpha_du alpha_pr  ls
  20  1.1620638e+06 4.95e+00 3.75e+02  -1.0 9.30e+02    -  9.60e-02 6.89e-02h  3
  21  1.3313812e+06 4.83e+00 3.44e+02  -1.0 8.59e+02    -  1.12e-01 8.29e-02h  3
  22  1.5085673e+06 4.69e+00 3.11e+02  -1.0 7.78e+02    -  1.88e-01 9.45e-02h  3
  23  1.6982174e+06 4.52e+00 2.77e+02  -1.0 6.96e+02    -  1.74e-01 1.12e-01h  3
  24  1.9009315e+06 4.31e+00 3.79e+02  -1.0 6.10e+02    -  1.12e-01 1.34e-01h  3
  25  2.7480227e+06 1.37e+01 2.90e+03  -1.0 5.22e+02    -  5.70e-02 6.48e-01w  1
  26  3.1022068e+06 4.31e+00 1.45e+03  -1.0 1.83e+02    -  1.15e-01 7.79e-01h  1
  27  3.1589907e+06 1.26e+00 5.27e+02  -1.0 9.37e+01    -  1.70e-01 6.69e-01h  1
  28  3.1724362e+06 3.34e-01 4.41e+02  -1.0 6.02e+01    -  1.54e-01 7.47e-01f  1
  29  3.1719841e+06 3.12e-01 4.23e+02  -1.0 1.93e+02    -  4.02e-02 2.33e-02f  1
iter    objective    inf_pr   inf_du lg(mu)  ||d||  lg(rg) alpha_du alpha_pr  ls
  30  3.1673439e+06 2.66e-01 3.51e+02  -1.0 1.76e+02    -  1.70e-01 2.26e-01f  1
  31  3.1454897e+06 1.08e+00 3.15e+02  -1.0 1.55e+02    -  1.19e-01 6.52e-01f  1
  32  3.1298034e+06 1.67e+00 4.11e+02  -1.0 9.33e+01    -  2.33e-01 7.82e-01f  1
  33  3.1261850e+06 4.25e-01 1.44e+03  -1.0 1.08e+02    -  1.89e-01 5.86e-01f  1
  34  3.1266540e+06 3.83e-07 5.12e+03  -1.0 7.12e+01    -  3.28e-01 9.91e-01f  1
  35  3.1315633e+06 8.19e-13 6.48e+05  -1.0 4.19e+01    -  1.59e-01 1.00e+00f  1
  36  3.1380008e+06 6.80e-13 7.22e+06  -1.0 2.24e+01    -  1.93e-01 1.00e+00f  1
  37  3.1460159e+06 5.29e-13 4.66e+06  -1.0 1.19e+01    -  3.55e-01 1.00e+00f  1
  38  3.1579383e+06 6.86e-13 3.70e+06  -1.0 2.49e+01    -  2.05e-01 1.00e+00f  1
  39  3.1721571e+06 1.02e-12 1.20e+06  -1.0 1.30e+01    -  6.77e-01 1.00e+00f  1
iter    objective    inf_pr   inf_du lg(mu)  ||d||  lg(rg) alpha_du alpha_pr  ls
  40  3.2085119e+06 6.54e-13 2.23e+05  -1.0 2.48e+01    -  8.13e-01 1.00e+00f  1
  41  3.2990413e+06 8.58e-13 9.62e+04  -1.0 9.16e+01    -  5.69e-01 1.00e+00f  1
  42  3.3564281e+06 7.96e-13 3.60e+04  -1.0 1.68e+02    -  6.26e-01 1.00e+00f  1
  43  3.3769616e+06 1.00e-12 1.66e+04  -1.0 4.89e+02    -  5.40e-01 1.00e+00f  1
  44  3.3801992e+06 1.53e-12 6.22e+03  -1.0 9.49e+02    -  6.24e-01 1.00e+00f  1
  45  3.3805666e+06 9.93e-13 2.53e+03  -1.0 2.44e+03    -  5.97e-01 1.00e+00f  1
  46  3.3808070e+06 1.06e-12 8.75e+02  -1.0 5.26e+03    -  6.52e-01 1.00e+00f  1
  47  3.3812422e+06 1.18e-12 2.49e+02  -1.0 1.10e+04    -  7.36e-01 1.00e+00f  1
  48  3.3818013e+06 8.51e-13 9.61e+00  -1.0 1.72e+04    -  9.99e-01 1.00e+00f  1
  49  3.3820998e+06 9.84e-13 1.82e+00  -1.0 1.36e+04    -  1.00e+00 1.00e+00f  1
iter    objective    inf_pr   inf_du lg(mu)  ||d||  lg(rg) alpha_du alpha_pr  ls
  50  3.1473272e+06 8.17e-13 1.09e+05  -1.7 2.09e+04    -  9.85e-01 1.00e+00f  1
  51  3.1542687e+06 6.45e-13 1.09e-01  -1.7 1.26e+04    -  1.00e+00 1.00e+00f  1
  52  3.1540296e+06 9.93e-13 5.09e-04  -1.7 1.17e+02    -  1.00e+00 1.00e+00h  1
  53  3.1097384e+06 5.70e-03 8.75e+04  -3.8 1.34e+04    -  7.72e-01 8.20e-01f  1
  54  3.1040126e+06 5.81e-01 9.34e+03  -3.8 4.58e+03    -  7.60e-01 7.24e-01f  1
  55  3.1027902e+06 1.64e-01 1.47e+04  -3.8 1.43e+03    -  1.00e+00 8.35e-01f  1
  56  3.1027110e+06 4.88e-13 5.26e-03  -3.8 2.40e+02    -  1.00e+00 1.00e+00h  1
  57  3.1027129e+06 1.11e-12 5.21e-04  -3.8 2.19e+01    -  1.00e+00 1.00e+00h  1
  58  3.1024894e+06 1.73e-05 1.86e+03  -5.7 1.20e+02    -  9.76e-01 8.39e-01f  1
  59  3.1024680e+06 7.47e-06 4.80e+02  -5.7 1.09e+01    -  1.00e+00 7.79e-01f  1
iter    objective    inf_pr   inf_du lg(mu)  ||d||  lg(rg) alpha_du alpha_pr  ls
  60  3.1024628e+06 7.69e-13 2.88e-05  -5.7 5.00e-01    -  1.00e+00 1.00e+00h  1
  61  3.1024629e+06 8.69e-13 1.88e-06  -5.7 7.42e-02    -  1.00e+00 1.00e+00h  1
  62  3.1024607e+06 2.06e-09 2.65e+01  -8.6 8.74e-01    -  9.96e-01 8.37e-01f  1
  63  3.1024604e+06 2.74e-07 8.16e+00  -8.6 1.38e-01    -  9.98e-01 7.00e-01f  1
  64  3.1024603e+06 8.78e-08 2.03e+00  -8.6 4.13e-02    -  1.00e+00 7.52e-01h  1
  65  3.1024603e+06 6.13e-13 2.77e-07  -8.6 1.02e-02    -  1.00e+00 1.00e+00f  1
  66  3.1024603e+06 8.31e-13 1.13e-09  -8.6 3.52e-04    -  1.00e+00 1.00e+00h  1

Number of Iterations....: 66

                                   (scaled)                 (unscaled)
Objective...............:   5.6821616445911350e+05    3.1024602579467599e+06
Dual infeasibility......:   1.1327593045420276e-09    6.1848658027994702e-09
Constraint violation....:   8.3133500083931722e-13    8.3133500083931722e-13
Variable bound violation:   1.8030411164104976e-08    1.8030411164104976e-08
Complementarity.........:   6.4849642089815130e-09    3.5407904581039063e-08
Overall NLP error.......:   6.4849642089815130e-09    3.5407904581039063e-08


Number of objective function evaluations             = 131
Number of objective gradient evaluations             = 67
Number of equality constraint evaluations            = 131
Number of inequality constraint evaluations          = 131
Number of equality constraint Jacobian evaluations   = 67
Number of inequality constraint Jacobian evaluations = 67
Number of Lagrangian Hessian evaluations             = 66
Total seconds in IPOPT (w/o function evaluations)    =    270.465
Total seconds in NLP function evaluations            =     12.748


Timing Statistics:

OverallAlgorithm....................:    283.210 (sys:      0.000 wall:    283.213)
 PrintProblemStatistics.............:      0.022 (sys:      0.000 wall:      0.023)
 InitializeIterates.................:     54.948 (sys:      0.000 wall:     54.945)
 UpdateHessian......................:      1.818 (sys:      0.000 wall:      1.786)
 OutputIteration....................:      0.008 (sys:      0.000 wall:      0.006)
 UpdateBarrierParameter.............:      0.408 (sys:      0.000 wall:      0.426)
 ComputeSearchDirection.............:    193.822 (sys:      0.000 wall:    193.790)
 ComputeAcceptableTrialPoint........:     25.295 (sys:      0.000 wall:     25.323)
 AcceptTrialPoint...................:      0.521 (sys:      0.000 wall:      0.512)
 CheckConvergence...................:      6.368 (sys:      0.000 wall:      6.402)
PDSystemSolverTotal.................:    202.654 (sys:      0.000 wall:    202.674)
 PDSystemSolverSolveOnce............:    195.840 (sys:      0.000 wall:    195.875)
 ComputeResiduals...................:      4.887 (sys:      0.000 wall:      4.842)
 StdAugSystemSolverMultiSolve.......:    247.917 (sys:      0.000 wall:    247.900)
 LinearSystemScaling................:      0.000 (sys:      0.000 wall:      0.000)
 LinearSystemSymbolicFactorization..:     52.315 (sys:      0.000 wall:     52.313)
 LinearSystemFactorization..........:      0.000 (sys:      0.000 wall:      0.000)
 LinearSystemBackSolve..............:     68.680 (sys:      0.000 wall:     68.641)
 LinearSystemStructureConverter.....:      0.000 (sys:      0.000 wall:      0.000)
  LinearSystemStructureConverterInit:      0.000 (sys:      0.000 wall:      0.000)
QualityFunctionSearch...............:      0.000 (sys:      0.000 wall:      0.000)
TryCorrector........................:      0.000 (sys:      0.000 wall:      0.000)
Task1...............................:      0.000 (sys:      0.000 wall:      0.000)
Task2...............................:      0.000 (sys:      0.000 wall:      0.000)
Task3...............................:      0.000 (sys:      0.000 wall:      0.000)
Task4...............................:      0.000 (sys:      0.000 wall:      0.000)
Task5...............................:      0.000 (sys:      0.000 wall:      0.000)
Task6...............................:      0.000 (sys:      0.000 wall:      0.000)
Function Evaluations................:     12.807 (sys:      0.000 wall:     12.748)
 Objective function.................:      0.015 (sys:      0.000 wall:      0.019)
 Objective function gradient........:      0.165 (sys:      0.000 wall:      0.140)
 Equality constraints...............:      7.086 (sys:      0.000 wall:      7.098)
 Inequality constraints.............:      0.116 (sys:      0.000 wall:      0.138)
 Equality constraint Jacobian.......:      0.521 (sys:      0.000 wall:      0.523)
 Inequality constraint Jacobian.....:      3.118 (sys:      0.000 wall:      3.083)
 Lagrangian Hessian.................:      1.786 (sys:      0.000 wall:      1.748)

EXIT: Optimal Solution Found.
CENTRAL_IPOPT system=large10kC_1ph T=24 profile=periodic C_B=2.400000e-05 gamma=4.200000e+02 status=LOCALLY_SOLVED iterations=66 objective=3102460.257946759928 solve_time_s=283.433 build_s=24.829 wall_s=314.813 variables=1064280 solver=3.14.19
CENTRAL_IPOPT_BATTERY at_power_limit=0.071 mean_utilization=0.337 energy_window_used=1.000 throughput_pu_h=3.435695e+03 energy_term=3.073205e+06 cb_term=2.323531e+04 terminal_term=6.019966e+03
