
================================================================================
PARALLELIZATION STATUS
================================================================================
Julia threads:       16
Status:              Using 16 threads
================================================================================
RHO_OVERRIDE: using rho = 14000.0
EPS_PRI_OVERRIDE: using eps_pri = 0.0001
EPS_DUAL_OVERRIDE: using eps_dual = 0.0005
ADAPTIVE_RHO_OVERRIDE: adaptive_rho = true

================================================================================
PARSING SYSTEM DATA
================================================================================
Loaded system: ieee2552C_1ph from C:\repos_addendum\MultiPeriodDistOPF\envs\tadmm\..\..\rawData\ieee2552C_1ph\Master.dss

========================================
Initial Powerflow
========================================
Powerflow completed successfully!

[OpenDSS] Total system load: 2129.58 kW
[OpenDSS] Substation power: 2187.53 kW
[OpenDSS] Total PV dispatch: 0.00 kW
[OpenDSS] Total battery dispatch: 0.00 kW
[OpenDSS] Total system losses: 57.95 kW


================================================================================
[35;1mSOLVING MPOPF WITH SOCP (tADMM)[0m
================================================================================
[36;1mUsing fixed rho = 14000.0[0m
  [tADMM hyperparams] mu_balance=5.00 tau_incr=2.00 tau_decr=5.00 update_interval=5 eps_pri=1.0e-04 eps_dual=5.0e-04 rho_init=14000.0 adaptive=true

================================================================================
[36;1m🎯 tADMM[SOCP]: T=24, ρ_init=14000.0, adaptive=true, warm_start=true, |Bset|=250, |Nset|=2522, |Lset|=2521
[0m================================================================================

******************************************************************************
This program contains Ipopt, a library for large-scale nonlinear optimization.
 Ipopt is released as open source code under the Eclipse Public License (EPL).
         For more information visit https://github.com/coin-or/Ipopt
******************************************************************************


******************************************************************************
This program contains Ipopt, a library for large-scale nonlinear optimization.
 Ipopt is released as open source code under the Eclipse Public License (EPL).
         For more information visit https://github.com/coin-or/Ipopt
******************************************************************************

k=  1  obj=$4253.41  ‖r‖=2.71e-03  ‖s‖=5.42e+00  ρ=14000.0  sp_max=25.346s  sp_med=20.767s
k=  2  obj=$4270.06  ‖r‖=2.67e-03  ‖s‖=6.33e+00  ρ=14000.0  sp_max=21.479s  sp_med=12.852s
k=  3  obj=$4860.23  ‖r‖=2.23e-03  ‖s‖=7.47e+00  ρ=14000.0  sp_max=31.208s  sp_med=19.410s
k=  4  obj=$5766.30  ‖r‖=1.77e-03  ‖s‖=5.84e+00  ρ=14000.0  sp_max=16.098s  sp_med=10.224s
[33;1m  [PHASE1-UP] ρ: 14000.0 → 28000.0 (‖r‖=1.22e-03 > ε=1.0e-04)
[0mk=  5  obj=$6818.70  ‖r‖=1.22e-03  ‖s‖=3.83e+00  ρ=28000.0  sp_max=13.391s  sp_med=6.533s
k=  6  obj=$8054.09  ‖r‖=4.35e-04  ‖s‖=3.95e+00  ρ=28000.0  sp_max=13.335s  sp_med=5.902s
k=  7  obj=$8442.84  ‖r‖=2.43e-06  ‖s‖=3.96e+00  ρ=28000.0  sp_max=11.789s  sp_med=5.189s
k=  8  obj=$8433.62  ‖r‖=1.91e-07  ‖s‖=3.96e+00  ρ=28000.0  sp_max=7.955s  sp_med=5.865s
k=  9  obj=$8424.28  ‖r‖=1.13e-08  ‖s‖=3.96e+00  ρ=28000.0  sp_max=8.692s  sp_med=6.636s
[32;1m  [k= 10] Phase 1→2: primal converged
[0m[36;1m  [k= 10] ρ 28000.0 → 5600.0 (s/r=146982446.3, ‖r‖ converged)
[0mk= 10  obj=$8414.80  ‖r‖=2.69e-08  ‖s‖=3.96e+00  ρ=5600.0  sp_max=10.010s  sp_med=5.397s
      [Progress] 214.2s elapsed, 3 iters/min
k= 11  obj=$8369.79  ‖r‖=4.08e-05  ‖s‖=3.87e+00  ρ=5600.0  sp_max=11.487s  sp_med=6.636s
k= 12  obj=$8325.92  ‖r‖=5.30e-05  ‖s‖=3.80e+00  ρ=5600.0  sp_max=10.680s  sp_med=6.274s
k= 13  obj=$8288.08  ‖r‖=4.58e-05  ‖s‖=3.73e+00  ρ=5600.0  sp_max=9.511s  sp_med=5.947s
k= 14  obj=$8223.28  ‖r‖=1.15e-04  ‖s‖=3.44e+00  ρ=5600.0  sp_max=8.952s  sp_med=6.170s
k= 15  obj=$8175.09  ‖r‖=1.44e-04  ‖s‖=3.20e+00  ρ=5600.0  sp_max=7.425s  sp_med=5.789s
k= 16  obj=$8159.69  ‖r‖=9.58e-05  ‖s‖=2.94e+00  ρ=5600.0  sp_max=8.940s  sp_med=6.057s
k= 17  obj=$8158.15  ‖r‖=3.23e-05  ‖s‖=2.52e+00  ρ=5600.0  sp_max=9.221s  sp_med=7.046s
k= 18  obj=$8156.82  ‖r‖=3.04e-05  ‖s‖=2.06e+00  ρ=5600.0  sp_max=15.091s  sp_med=10.023s
k= 19  obj=$8151.30  ‖r‖=3.72e-05  ‖s‖=1.65e+00  ρ=5600.0  sp_max=11.089s  sp_med=6.158s
[36;1m  [k= 20] ρ 5600.0 → 1120.0 (s/r=55937.8, ‖r‖ converged)
[0mk= 20  obj=$8142.05  ‖r‖=2.46e-05  ‖s‖=1.38e+00  ρ=1120.0  sp_max=9.473s  sp_med=6.341s
      [Progress] 354.8s elapsed, 3 iters/min
k= 21  obj=$8115.09  ‖r‖=2.91e-05  ‖s‖=8.82e-01  ρ=1120.0  sp_max=11.939s  sp_med=6.746s
k= 22  obj=$8125.41  ‖r‖=4.62e-05  ‖s‖=5.01e-01  ρ=1120.0  sp_max=18.281s  sp_med=8.494s
k= 23  obj=$8149.86  ‖r‖=4.68e-05  ‖s‖=2.13e-01  ρ=1120.0  sp_max=19.354s  sp_med=9.805s
k= 24  obj=$8146.56  ‖r‖=3.33e-05  ‖s‖=4.70e-02  ρ=1120.0  sp_max=19.607s  sp_med=10.414s
[36;1m  [k= 25] ρ 1120.0 → 224.0 (s/r=1756.0, ‖r‖ converged)
[0mk= 25  obj=$8132.65  ‖r‖=3.15e-05  ‖s‖=5.53e-02  ρ=224.0  sp_max=13.663s  sp_med=7.391s
k= 26  obj=$8106.05  ‖r‖=4.84e-05  ‖s‖=3.81e-02  ρ=224.0  sp_max=12.769s  sp_med=6.851s
k= 27  obj=$8097.39  ‖r‖=6.51e-05  ‖s‖=1.63e-02  ρ=224.0  sp_max=13.318s  sp_med=7.296s
k= 28  obj=$8096.38  ‖r‖=5.32e-05  ‖s‖=7.08e-03  ρ=224.0  sp_max=13.797s  sp_med=7.581s
k= 29  obj=$8103.14  ‖r‖=2.52e-05  ‖s‖=1.37e-02  ρ=224.0  sp_max=12.257s  sp_med=6.605s
[36;1m  [k= 30] ρ 224.0 → 44.8 (s/r=1292.3, ‖r‖ converged)
[0mk= 30  obj=$8112.67  ‖r‖=9.85e-06  ‖s‖=1.27e-02  ρ=44.8  sp_max=11.938s  sp_med=6.575s
      [Progress] 537.6s elapsed, 3 iters/min
k= 31  obj=$8142.23  ‖r‖=7.47e-05  ‖s‖=7.16e-03  ρ=44.8  sp_max=12.882s  sp_med=7.049s
k= 32  obj=$8148.79  ‖r‖=8.24e-05  ‖s‖=1.00e-03  ρ=44.8  sp_max=13.210s  sp_med=7.200s
k= 33  obj=$8137.85  ‖r‖=5.15e-05  ‖s‖=3.03e-03  ρ=44.8  sp_max=13.388s  sp_med=6.564s
k= 34  obj=$8121.70  ‖r‖=1.26e-05  ‖s‖=3.95e-03  ρ=44.8  sp_max=14.823s  sp_med=7.444s
[36;1m  [k= 35] ρ 44.8 → 9.0 (s/r=171.4, ‖r‖ converged)
[0mk= 35  obj=$8110.21  ‖r‖=1.62e-05  ‖s‖=2.78e-03  ρ=9.0  sp_max=13.454s  sp_med=7.498s
k= 36  obj=$8079.93  ‖r‖=8.82e-05  ‖s‖=1.38e-03  ρ=9.0  sp_max=13.908s  sp_med=7.276s
k= 37  obj=$8075.55  ‖r‖=8.50e-05  ‖s‖=1.23e-04  ρ=9.0  sp_max=14.901s  sp_med=8.448s
[32;1m🎉 tADMM converged at iteration 37 (‖r‖=8.50e-05 ≤ 1.00e-04, ‖s‖=1.23e-04 ≤ 5.00e-04)
  Final objective: $8075.55
[0m
================================================================================
[36;1m📊 SOLVER PERFORMANCE ANALYSIS (optimize!() times only)[0m
================================================================================
Iterations:       36
Effective time:   504.66 seconds
Wall-clock time:  662.01 seconds
Overhead:         23.8%
================================================================================

--- tADMM RESULT ---
[32;1mObjective: $8075.55
Wall-clock: 662.01 seconds
Effective:  504.66 seconds (37 iterations)
[0m
================================================================================
[36;1mVALIDATING tADMM SOLUTION[0m
================================================================================

================================================================================
SOLUTION VALIDATION: tADMM SOCP
================================================================================
✓ All constraints satisfied!
================================================================================
[32;1m✓ Convergence CSV: C:\repos_addendum\MultiPeriodDistOPF\envs\tadmm\processedData\ieee2552C_1ph_T24\convergence_data.csv[0m
[32;1m✓ Subproblem timing CSV: C:\repos_addendum\MultiPeriodDistOPF\envs\tadmm\processedData\ieee2552C_1ph_T24\subproblem_timing_details.csv[0m
[36;1mLoaded BF results from C:\repos_addendum\MultiPeriodDistOPF\envs\tadmm\processedData\ieee2552C_1ph_T24\results_socp_bf.txt[0m
[36;1mNear-optimal at k=19 (251.70s eff): obj=$8151.30, gap=0.445% vs BF, r=3.72e-05, s=1.65e+00[0m
[32;1m✓ Near-optimal summary: C:\repos_addendum\MultiPeriodDistOPF\envs\tadmm\processedData\ieee2552C_1ph_T24\near_optimal_summary.csv[0m
[32;1m✓ Solution saved: C:\repos_addendum\MultiPeriodDistOPF\envs\tadmm\processedData\ieee2552C_1ph_T24\sol_socp_tadmm.jls[0m
[32;1m✓ tADMM results written to C:\repos_addendum\MultiPeriodDistOPF\envs\tadmm\processedData\ieee2552C_1ph_T24\results_socp_tadmm.txt[0m
[32;1m✓ Live log trimmed to last 100 lines: C:\repos_addendum\MultiPeriodDistOPF\envs\tadmm\processedData\ieee2552C_1ph_T24\tadmm_run.log[0m

================================================================================
[35;1mtADMM PIPELINE COMPLETE[0m
================================================================================
