# tADMM live log — ieee2552C_1ph T=12, ρ_init=8000.0, adaptive=true
# k, objective, r_norm, s_norm, rho, sp_max, sp_med, elapsed_s, event
# tADMM live log — ieee2552C_1ph T=12, ρ_init=8000.0, adaptive=true
# k, objective, r_norm, s_norm, rho, sp_max, sp_med, elapsed_s, event
1,4302.263464,5.2701684002e-03,6.4697669991e+00,8000.00,20.1270,17.2900,28.59,
2,4377.186545,5.0264872585e-03,8.3231209871e+00,8000.00,10.6650,6.4605,41.33,
3,5116.144173,4.0703615172e-03,4.8116818505e+00,8000.00,11.1470,8.0115,53.43,
4,6146.591935,2.9725217960e-03,7.1855072865e+00,8000.00,9.3360,6.8975,63.81,
5,7433.769091,1.5744361169e-03,8.2146135028e+00,16000.00,10.8580,9.4940,75.79,
6,8143.029330,2.6764687838e-04,8.3717278019e+00,16000.00,9.2150,6.2550,86.01,
7,8184.849422,1.9775757622e-07,8.3705274778e+00,16000.00,6.5030,5.1400,93.74,
8,8153.518475,5.0613371099e-05,7.9544954011e+00,16000.00,6.9930,5.6485,101.99,
9,8122.363302,4.9870950124e-05,7.6166147607e+00,16000.00,7.4900,6.4835,110.87,
10,8101.948708,1.9646015687e-05,6.2065513438e+00,4000.00,7.2150,5.9125,119.36,
11,8050.819222,4.0663262785e-05,4.3797501088e+00,4000.00,8.0340,6.8210,128.46,
12,8028.492495,3.0961075292e-05,2.9644417783e+00,4000.00,7.7740,6.1385,137.39,
13,8019.677573,7.8997685289e-06,1.9985565146e+00,4000.00,7.2530,6.5370,145.76,
14,8014.305970,5.2052417845e-06,1.4407992525e+00,4000.00,8.4490,6.9970,154.93,
15,8011.570389,7.9643779605e-06,9.1461081534e-01,1000.00,8.5370,6.6180,164.28,
16,7988.138996,1.0993371023e-04,4.8493266404e-01,1000.00,8.2890,6.2135,173.74,
17,7984.382273,1.8279618256e-04,1.4092943471e-01,1000.00,7.3280,6.0155,181.97,
18,8000.064464,1.0225117843e-04,8.9268648029e-02,1000.00,6.9050,5.8430,190.08,
19,8011.823151,1.9610018222e-05,9.4133498589e-02,1000.00,7.0320,5.3880,198.07,
20,8014.415876,2.9825105208e-05,3.7719869337e-02,250.00,6.5160,5.3510,205.49,
21,8014.854865,5.9069479102e-05,8.6991044475e-03,250.00,5.8560,4.8180,212.45,
22,8011.639472,3.0746222924e-05,7.2494442498e-03,250.00,6.1490,4.9040,219.42,
23,8009.381027,2.9897736666e-06,7.4636567063e-03,250.00,6.2560,5.1650,226.58,
24,8008.946051,9.7501881118e-06,2.6539193803e-03,250.00,5.5290,4.5110,233.16,
25,8009.422206,6.6926563069e-06,8.2330125890e-04,62.50,5.7930,4.4560,239.91,
26,8010.261612,2.4007049692e-06,5.3404450217e-04,62.50,6.4160,5.1450,247.27,
27,8010.271858,3.5352252401e-06,1.1087066797e-04,62.50,6.2930,5.0460,254.63,
# CONVERGED at k=27 (r=3.54e-06 <= 1.00e-04, s=1.11e-04 <= 5.00e-04)
# Final objective: $8010.271858
