
================================================================================
PARALLELIZATION STATUS
================================================================================
Julia threads:       16
Status:              Using 16 threads
================================================================================
RHO_OVERRIDE: using rho = 50000.0
EPS_PRI_OVERRIDE: using eps_pri = 0.0001
EPS_DUAL_OVERRIDE: using eps_dual = 0.0001
ADAPTIVE_RHO_OVERRIDE: adaptive_rho = true

================================================================================
PARSING SYSTEM DATA
================================================================================
Loaded system: ieee2552C_1ph from C:\repos_addendum\MultiPeriodDistOPF\envs\tadmm\..\..\rawData\ieee2552C_1ph\Master.dss

========================================
Initial Powerflow
========================================
Powerflow completed successfully!

[OpenDSS] Total system load: 2129.58 kW
[OpenDSS] Substation power: 2187.53 kW
[OpenDSS] Total PV dispatch: 0.00 kW
[OpenDSS] Total battery dispatch: 0.00 kW
[OpenDSS] Total system losses: 57.95 kW


================================================================================
[35;1mSOLVING MPOPF WITH SOCP (tADMM)[0m
================================================================================
[36;1mUsing fixed rho = 50000.0[0m
  [tADMM hyperparams] mu_balance=5.00 tau_incr=2.00 tau_decr=4.00 update_interval=5 eps_pri=1.0e-04 eps_dual=1.0e-04 rho_init=50000.0 adaptive=true

================================================================================
[36;1m🎯 tADMM[SOCP]: T=144, ρ_init=50000.0, adaptive=true, warm_start=true, |Bset|=250, |Nset|=2522, |Lset|=2521
[0m================================================================================

******************************************************************************
This program contains Ipopt, a library for large-scale nonlinear optimization.
 Ipopt is released as open source code under the Eclipse Public License (EPL).
         For more information visit https://github.com/coin-or/Ipopt
******************************************************************************


******************************************************************************
This program contains Ipopt, a library for large-scale nonlinear optimization.
 Ipopt is released as open source code under the Eclipse Public License (EPL).
         For more information visit https://github.com/coin-or/Ipopt
******************************************************************************

k=  1  obj=$4332.32  ‖r‖=4.48e-04  ‖s‖=1.32e+00  ρ=50000.0  sp_max=95.367s  sp_med=58.347s
k=  2  obj=$4332.29  ‖r‖=4.47e-04  ‖s‖=1.54e+00  ρ=50000.0  sp_max=70.924s  sp_med=49.943s
k=  3  obj=$4332.32  ‖r‖=4.46e-04  ‖s‖=1.77e+00  ρ=50000.0  sp_max=56.432s  sp_med=17.064s
k=  4  obj=$4556.18  ‖r‖=4.17e-04  ‖s‖=1.98e+00  ρ=50000.0  sp_max=62.958s  sp_med=18.042s
[33;1m  [PHASE1-UP] ρ: 50000.0 → 100000.0 (‖r‖=3.69e-04 > ε=1.0e-04)
[0mk=  5  obj=$5084.05  ‖r‖=3.69e-04  ‖s‖=2.17e+00  ρ=100000.0  sp_max=54.728s  sp_med=19.985s
k=  6  obj=$5890.65  ‖r‖=3.02e-04  ‖s‖=2.50e+00  ρ=100000.0  sp_max=52.233s  sp_med=33.800s
k=  7  obj=$7311.09  ‖r‖=1.85e-04  ‖s‖=2.65e+00  ρ=100000.0  sp_max=55.755s  sp_med=23.435s
k=  8  obj=$8337.48  ‖r‖=8.36e-05  ‖s‖=2.66e+00  ρ=100000.0  sp_max=37.718s  sp_med=20.548s
k=  9  obj=$8689.07  ‖r‖=6.17e-06  ‖s‖=2.60e+00  ρ=100000.0  sp_max=45.205s  sp_med=18.525s
[32;1m  [k= 10] Phase 1→2: primal converged
[0m[36;1m  [k= 10] ρ 100000.0 → 25000.0 (s/r=1794621.4, ‖r‖ converged)
[0mk= 10  obj=$8695.77  ‖r‖=1.40e-06  ‖s‖=2.52e+00  ρ=25000.0  sp_max=45.672s  sp_med=17.177s
      [Progress] 3256.0s elapsed, 0 iters/min
k= 11  obj=$8683.53  ‖r‖=8.24e-06  ‖s‖=2.28e+00  ρ=25000.0  sp_max=52.116s  sp_med=18.235s
k= 12  obj=$8669.64  ‖r‖=8.52e-06  ‖s‖=2.11e+00  ρ=25000.0  sp_max=38.809s  sp_med=20.290s
k= 13  obj=$8659.40  ‖r‖=7.38e-06  ‖s‖=1.93e+00  ρ=25000.0  sp_max=39.559s  sp_med=20.605s
k= 14  obj=$8646.02  ‖r‖=7.84e-06  ‖s‖=1.82e+00  ρ=25000.0  sp_max=43.412s  sp_med=20.994s
[36;1m  [k= 15] ρ 25000.0 → 6250.0 (s/r=314888.9, ‖r‖ converged)
[0mk= 15  obj=$8634.55  ‖r‖=5.58e-06  ‖s‖=1.76e+00  ρ=6250.0  sp_max=38.577s  sp_med=20.781s
k= 16  obj=$8608.10  ‖r‖=2.17e-05  ‖s‖=1.64e+00  ρ=6250.0  sp_max=47.203s  sp_med=19.349s
k= 17  obj=$8587.12  ‖r‖=2.69e-05  ‖s‖=1.42e+00  ρ=6250.0  sp_max=52.348s  sp_med=19.251s
k= 18  obj=$8571.55  ‖r‖=3.87e-05  ‖s‖=1.06e+00  ρ=6250.0  sp_max=41.268s  sp_med=19.586s
k= 19  obj=$8545.33  ‖r‖=3.51e-05  ‖s‖=9.30e-01  ρ=6250.0  sp_max=49.758s  sp_med=19.115s
[36;1m  [k= 20] ρ 6250.0 → 1562.5 (s/r=25939.3, ‖r‖ converged)
[0mk= 20  obj=$8529.13  ‖r‖=3.31e-05  ‖s‖=8.59e-01  ρ=1562.5  sp_max=57.362s  sp_med=20.382s
      [Progress] 5799.5s elapsed, 0 iters/min
k= 21  obj=$8487.84  ‖r‖=5.99e-05  ‖s‖=7.73e-01  ρ=1562.5  sp_max=54.959s  sp_med=23.461s
k= 22  obj=$8431.61  ‖r‖=7.08e-05  ‖s‖=6.60e-01  ρ=1562.5  sp_max=56.259s  sp_med=22.050s
k= 23  obj=$8421.60  ‖r‖=6.21e-05  ‖s‖=6.10e-01  ρ=1562.5  sp_max=56.889s  sp_med=27.792s
k= 24  obj=$8387.21  ‖r‖=5.49e-05  ‖s‖=5.90e-01  ρ=1562.5  sp_max=54.326s  sp_med=23.324s
[36;1m  [k= 25] ρ 1562.5 → 390.6 (s/r=10858.6, ‖r‖ converged)
[0mk= 25  obj=$8354.72  ‖r‖=5.32e-05  ‖s‖=5.78e-01  ρ=390.6  sp_max=57.817s  sp_med=23.556s
k= 26  obj=$8243.02  ‖r‖=8.80e-05  ‖s‖=5.58e-01  ρ=390.6  sp_max=54.941s  sp_med=27.549s
k= 27  obj=$8151.94  ‖r‖=1.07e-04  ‖s‖=4.49e-01  ρ=390.6  sp_max=49.964s  sp_med=27.090s
k= 28  obj=$8135.75  ‖r‖=1.16e-04  ‖s‖=2.87e-01  ρ=390.6  sp_max=56.946s  sp_med=35.028s
k= 29  obj=$8117.43  ‖r‖=1.19e-04  ‖s‖=1.99e-01  ρ=390.6  sp_max=54.527s  sp_med=34.631s
k= 30  obj=$8107.03  ‖r‖=1.06e-04  ‖s‖=1.54e-01  ρ=390.6  sp_max=58.550s  sp_med=37.947s
      [Progress] 8925.2s elapsed, 0 iters/min
k= 31  obj=$8094.09  ‖r‖=8.26e-05  ‖s‖=1.27e-01  ρ=390.6  sp_max=59.205s  sp_med=39.310s
k= 32  obj=$8107.33  ‖r‖=6.87e-05  ‖s‖=1.08e-01  ρ=390.6  sp_max=61.526s  sp_med=39.845s
k= 33  obj=$8141.10  ‖r‖=6.79e-05  ‖s‖=9.30e-02  ρ=390.6  sp_max=60.151s  sp_med=39.482s
k= 34  obj=$8138.70  ‖r‖=6.06e-05  ‖s‖=8.10e-02  ρ=390.6  sp_max=68.592s  sp_med=39.274s
[36;1m  [k= 35] ρ 390.6 → 97.7 (s/r=1043.7, ‖r‖ converged)
[0mk= 35  obj=$8154.11  ‖r‖=6.62e-05  ‖s‖=6.91e-02  ρ=97.7  sp_max=57.392s  sp_med=39.868s
k= 36  obj=$8199.25  ‖r‖=1.13e-04  ‖s‖=5.29e-02  ρ=97.7  sp_max=63.856s  sp_med=38.564s
k= 37  obj=$8227.87  ‖r‖=1.39e-04  ‖s‖=3.93e-02  ρ=97.7  sp_max=64.343s  sp_med=39.520s
k= 38  obj=$8241.21  ‖r‖=1.46e-04  ‖s‖=2.93e-02  ρ=97.7  sp_max=65.023s  sp_med=41.099s
k= 39  obj=$8251.35  ‖r‖=1.44e-04  ‖s‖=2.31e-02  ρ=97.7  sp_max=60.801s  sp_med=40.446s
k= 40  obj=$8253.39  ‖r‖=1.29e-04  ‖s‖=1.59e-02  ρ=97.7  sp_max=63.653s  sp_med=40.105s
      [Progress] 12945.5s elapsed, 0 iters/min
k= 41  obj=$8252.14  ‖r‖=1.32e-04  ‖s‖=1.04e-02  ρ=97.7  sp_max=74.118s  sp_med=40.133s
k= 42  obj=$8245.62  ‖r‖=1.23e-04  ‖s‖=1.24e-02  ρ=97.7  sp_max=73.455s  sp_med=39.528s
k= 43  obj=$8243.60  ‖r‖=1.21e-04  ‖s‖=1.42e-02  ρ=97.7  sp_max=62.944s  sp_med=40.350s
k= 44  obj=$8249.47  ‖r‖=1.11e-04  ‖s‖=1.49e-02  ρ=97.7  sp_max=66.776s  sp_med=40.438s
k= 45  obj=$8244.99  ‖r‖=1.03e-04  ‖s‖=1.54e-02  ρ=97.7  sp_max=65.265s  sp_med=39.745s
k= 46  obj=$8232.72  ‖r‖=8.83e-05  ‖s‖=1.59e-02  ρ=97.7  sp_max=63.744s  sp_med=39.634s
k= 47  obj=$8231.83  ‖r‖=8.96e-05  ‖s‖=1.55e-02  ρ=97.7  sp_max=68.513s  sp_med=39.482s
k= 48  obj=$8226.23  ‖r‖=7.84e-05  ‖s‖=1.54e-02  ρ=97.7  sp_max=66.717s  sp_med=40.241s
k= 49  obj=$8232.55  ‖r‖=7.84e-05  ‖s‖=1.45e-02  ρ=97.7  sp_max=75.202s  sp_med=38.371s
[36;1m  [k= 50] ρ 97.7 → 24.4 (s/r=239.2, ‖r‖ converged)
[0mk= 50  obj=$8243.68  ‖r‖=5.75e-05  ‖s‖=1.38e-02  ρ=24.4  sp_max=64.642s  sp_med=39.903s
      [Progress] 16961.4s elapsed, 0 iters/min
k= 51  obj=$8251.11  ‖r‖=9.58e-05  ‖s‖=1.24e-02  ρ=24.4  sp_max=65.463s  sp_med=40.152s
k= 52  obj=$8253.45  ‖r‖=1.24e-04  ‖s‖=1.01e-02  ρ=24.4  sp_max=77.989s  sp_med=40.723s
k= 53  obj=$8244.12  ‖r‖=1.54e-04  ‖s‖=6.16e-03  ρ=24.4  sp_max=61.947s  sp_med=39.542s
k= 54  obj=$8235.71  ‖r‖=1.76e-04  ‖s‖=2.57e-03  ρ=24.4  sp_max=65.694s  sp_med=40.137s
k= 55  obj=$8232.21  ‖r‖=1.62e-04  ‖s‖=1.43e-03  ρ=24.4  sp_max=68.416s  sp_med=39.419s
k= 56  obj=$8229.57  ‖r‖=1.29e-04  ‖s‖=2.44e-03  ρ=24.4  sp_max=63.421s  sp_med=39.279s
k= 57  obj=$8223.43  ‖r‖=8.68e-05  ‖s‖=3.16e-03  ρ=24.4  sp_max=60.125s  sp_med=39.679s
k= 58  obj=$8215.05  ‖r‖=8.68e-05  ‖s‖=3.17e-03  ρ=24.4  sp_max=63.214s  sp_med=39.660s
k= 59  obj=$8206.09  ‖r‖=8.36e-05  ‖s‖=3.07e-03  ρ=24.4  sp_max=64.148s  sp_med=39.655s
[36;1m  [k= 60] ρ 24.4 → 6.1 (s/r=39.7, ‖r‖ converged)
[0mk= 60  obj=$8198.03  ‖r‖=7.73e-05  ‖s‖=3.07e-03  ρ=6.1  sp_max=62.889s  sp_med=39.138s
      [Progress] 21009.1s elapsed, 0 iters/min
k= 61  obj=$8200.39  ‖r‖=1.19e-04  ‖s‖=2.74e-03  ρ=6.1  sp_max=63.699s  sp_med=38.767s
k= 62  obj=$8198.63  ‖r‖=1.20e-04  ‖s‖=2.31e-03  ρ=6.1  sp_max=66.374s  sp_med=39.732s
k= 63  obj=$8195.00  ‖r‖=1.38e-04  ‖s‖=1.60e-03  ρ=6.1  sp_max=71.726s  sp_med=39.720s
k= 64  obj=$8193.34  ‖r‖=1.24e-04  ‖s‖=9.70e-04  ρ=6.1  sp_max=66.171s  sp_med=41.349s
k= 65  obj=$8194.13  ‖r‖=1.07e-04  ‖s‖=7.85e-04  ρ=6.1  sp_max=64.020s  sp_med=38.127s
k= 66  obj=$8191.82  ‖r‖=1.12e-04  ‖s‖=7.25e-04  ρ=6.1  sp_max=66.095s  sp_med=40.719s
k= 67  obj=$8194.43  ‖r‖=1.12e-04  ‖s‖=6.64e-04  ρ=6.1  sp_max=66.882s  sp_med=40.888s
k= 68  obj=$8192.99  ‖r‖=8.71e-05  ‖s‖=7.12e-04  ρ=6.1  sp_max=68.905s  sp_med=39.259s
k= 69  obj=$8194.26  ‖r‖=9.65e-05  ‖s‖=6.44e-04  ρ=6.1  sp_max=62.274s  sp_med=39.383s
[36;1m  [k= 70] ρ 6.1 → 1.5 (s/r=6.4, ‖r‖ converged)
[0mk= 70  obj=$8194.17  ‖r‖=9.53e-05  ‖s‖=6.13e-04  ρ=1.5  sp_max=67.183s  sp_med=40.575s
      [Progress] 25089.5s elapsed, 0 iters/min
k= 71  obj=$8191.76  ‖r‖=1.40e-04  ‖s‖=5.25e-04  ρ=1.5  sp_max=80.572s  sp_med=40.577s
k= 72  obj=$8193.74  ‖r‖=1.54e-04  ‖s‖=4.09e-04  ρ=1.5  sp_max=68.841s  sp_med=40.045s
k= 73  obj=$8195.16  ‖r‖=1.47e-04  ‖s‖=3.21e-04  ρ=1.5  sp_max=67.101s  sp_med=38.439s
k= 74  obj=$8191.68  ‖r‖=1.21e-04  ‖s‖=2.56e-04  ρ=1.5  sp_max=61.367s  sp_med=39.498s
k= 75  obj=$8194.07  ‖r‖=1.01e-04  ‖s‖=2.37e-04  ρ=1.5  sp_max=73.648s  sp_med=40.234s
k= 76  obj=$8193.92  ‖r‖=9.75e-05  ‖s‖=2.09e-04  ρ=1.5  sp_max=70.226s  sp_med=40.245s
k= 77  obj=$8193.56  ‖r‖=8.96e-05  ‖s‖=1.91e-04  ρ=1.5  sp_max=64.406s  sp_med=40.975s
k= 78  obj=$8194.12  ‖r‖=8.69e-05  ‖s‖=1.64e-04  ρ=1.5  sp_max=63.545s  sp_med=40.177s
k= 79  obj=$8192.54  ‖r‖=7.86e-05  ‖s‖=1.49e-04  ρ=1.5  sp_max=65.981s  sp_med=39.914s
k= 80  obj=$8194.27  ‖r‖=7.34e-05  ‖s‖=1.52e-04  ρ=1.5  sp_max=73.102s  sp_med=41.518s
      [Progress] 29194.0s elapsed, 0 iters/min
k= 81  obj=$8194.38  ‖r‖=6.65e-05  ‖s‖=1.64e-04  ρ=1.5  sp_max=68.314s  sp_med=40.330s
k= 82  obj=$8191.57  ‖r‖=6.57e-05  ‖s‖=1.86e-04  ρ=1.5  sp_max=64.833s  sp_med=40.231s
k= 83  obj=$8193.18  ‖r‖=6.73e-05  ‖s‖=1.94e-04  ρ=1.5  sp_max=66.829s  sp_med=40.533s
k= 84  obj=$8192.86  ‖r‖=7.01e-05  ‖s‖=1.96e-04  ρ=1.5  sp_max=66.700s  sp_med=40.421s
k= 85  obj=$8194.12  ‖r‖=7.16e-05  ‖s‖=1.86e-04  ρ=1.5  sp_max=68.585s  sp_med=39.328s
k= 86  obj=$8191.92  ‖r‖=7.15e-05  ‖s‖=1.75e-04  ρ=1.5  sp_max=82.865s  sp_med=41.393s
k= 87  obj=$8194.55  ‖r‖=7.66e-05  ‖s‖=1.58e-04  ρ=1.5  sp_max=67.491s  sp_med=40.347s
k= 88  obj=$8193.15  ‖r‖=7.70e-05  ‖s‖=1.42e-04  ρ=1.5  sp_max=68.580s  sp_med=40.954s
k= 89  obj=$8194.16  ‖r‖=8.63e-05  ‖s‖=1.25e-04  ρ=1.5  sp_max=64.203s  sp_med=41.228s
k= 90  obj=$8193.35  ‖r‖=7.87e-05  ‖s‖=9.50e-05  ρ=1.5  sp_max=64.527s  sp_med=40.603s
      [Progress] 33316.2s elapsed, 0 iters/min
[32;1m🎉 tADMM converged at iteration 90 (‖r‖=7.87e-05 ≤ 1.00e-04, ‖s‖=9.50e-05 ≤ 1.00e-04)
  Final objective: $8193.35
[0m
================================================================================
[36;1m📊 SOLVER PERFORMANCE ANALYSIS (optimize!() times only)[0m
================================================================================
Iterations:       89
Effective time:   5586.85 seconds
Wall-clock time:  33316.91 seconds
Overhead:         83.2%
================================================================================

--- tADMM RESULT ---
[32;1mObjective: $8193.35
Wall-clock: 33316.91 seconds
Effective:  5586.85 seconds (90 iterations)
[0m
================================================================================
[36;1mVALIDATING tADMM SOLUTION[0m
================================================================================

================================================================================
SOLUTION VALIDATION: tADMM SOCP
================================================================================
✓ All constraints satisfied!
================================================================================
[32;1m✓ Convergence CSV: C:\repos_addendum\MultiPeriodDistOPF\envs\tadmm\processedData\ieee2552C_1ph_T144\convergence_data.csv[0m
[32;1m✓ Subproblem timing CSV: C:\repos_addendum\MultiPeriodDistOPF\envs\tadmm\processedData\ieee2552C_1ph_T144\subproblem_timing_details.csv[0m
[36;1mLoaded BF results from C:\repos_addendum\MultiPeriodDistOPF\envs\tadmm\processedData\ieee2552C_1ph_T144\results_socp_bf.txt[0m
[36;1mNear-optimal at k=26 (1372.59s eff): obj=$8243.02, gap=0.285% vs BF, r=8.80e-05, s=5.58e-01[0m
[32;1m✓ Near-optimal summary: C:\repos_addendum\MultiPeriodDistOPF\envs\tadmm\processedData\ieee2552C_1ph_T144\near_optimal_summary.csv[0m
[32;1m✓ Solution saved: C:\repos_addendum\MultiPeriodDistOPF\envs\tadmm\processedData\ieee2552C_1ph_T144\sol_socp_tadmm.jls[0m
[32;1m✓ tADMM results written to C:\repos_addendum\MultiPeriodDistOPF\envs\tadmm\processedData\ieee2552C_1ph_T144\results_socp_tadmm.txt[0m
[32;1m✓ Live log trimmed to last 100 lines: C:\repos_addendum\MultiPeriodDistOPF\envs\tadmm\processedData\ieee2552C_1ph_T144\tadmm_run.log[0m

================================================================================
[35;1mtADMM PIPELINE COMPLETE[0m
================================================================================
