QUIET_WAIT waited_s=18 other_cores=0.86 timed_out=0
ieee2522C_1ph diag: n=23691 nnz(K)=96025 rhs_cols=250 repeats=9 julia_threads=10
  UMFPACK ldiv! (baseline) solve   0.0995 s  res 5.10e-15
  factor extraction (L, U, p, q, Rs): 0.0031 s   nnz(L)+nnz(U)=215030
  blocked          w=    1  solve   0.2099 s  +extract =   0.2130 s  speedup  0.47x  res 4.85e-15  max|dX|/max|X| 5.5e-14
  blocked          w=    4  solve   0.0885 s  +extract =   0.0916 s  speedup  1.09x  res 4.85e-15  max|dX|/max|X| 5.5e-14
  blocked          w=    8  solve   0.0793 s  +extract =   0.0824 s  speedup  1.21x  res 4.85e-15  max|dX|/max|X| 5.5e-14
  blocked          w=   16  solve   0.0507 s  +extract =   0.0538 s  speedup  1.85x  res 4.85e-15  max|dX|/max|X| 5.5e-14
  blocked          w=   32  solve   0.0528 s  +extract =   0.0560 s  speedup  1.78x  res 4.85e-15  max|dX|/max|X| 5.5e-14
  blocked          w=   64  solve   0.0605 s  +extract =   0.0636 s  speedup  1.56x  res 4.85e-15  max|dX|/max|X| 5.5e-14
  blocked          w=  128  solve   0.0684 s  +extract =   0.0715 s  speedup  1.39x  res 4.85e-15  max|dX|/max|X| 5.5e-14
  blocked          w=  250  solve   0.0959 s  +extract =   0.0990 s  speedup  1.01x  res 4.85e-15  max|dX|/max|X| 5.5e-14
  blocked_threaded w=    1  solve   0.0396 s  +extract =   0.0428 s  speedup  2.33x  res 4.85e-15  max|dX|/max|X| 5.5e-14
  blocked_threaded w=    4  solve   0.0204 s  +extract =   0.0235 s  speedup  4.23x  res 4.85e-15  max|dX|/max|X| 5.5e-14
  blocked_threaded w=    8  solve   0.0200 s  +extract =   0.0231 s  speedup  4.31x  res 4.85e-15  max|dX|/max|X| 5.5e-14
  blocked_threaded w=   16  solve   0.0180 s  +extract =   0.0212 s  speedup  4.70x  res 4.85e-15  max|dX|/max|X| 5.5e-14
  blocked_threaded w=   32  solve   0.0195 s  +extract =   0.0227 s  speedup  4.39x  res 4.85e-15  max|dX|/max|X| 5.5e-14
  blocked_threaded w=   64  solve   0.0273 s  +extract =   0.0304 s  speedup  3.27x  res 4.85e-15  max|dX|/max|X| 5.5e-14
  blocked_threaded w=  128  solve   0.0542 s  +extract =   0.0573 s  speedup  1.74x  res 4.85e-15  max|dX|/max|X| 5.5e-14
  blocked_threaded w=  250  solve   0.0969 s  +extract =   0.1000 s  speedup  1.00x  res 4.85e-15  max|dX|/max|X| 5.5e-14
wrote ddp/results/kkt_ordering/blocked/blocked_ieee2522C_1ph_diag_t10.csv  finished=2026-09-25T19:09:53.626
