QUIET_WAIT waited_s=18 other_cores=0.64 timed_out=0
large10kC_1ph diag: n=96968 nnz(K)=393075 rhs_cols=1021 repeats=3 julia_threads=6
  UMFPACK ldiv! (baseline) solve   2.2395 s  res 3.72e-16
  factor extraction (L, U, p, q, Rs): 0.0139 s   nnz(L)+nnz(U)=870685
  blocked          w=    1  solve   3.7332 s  +extract =   3.7471 s  speedup  0.60x  res 7.37e-16  max|dX|/max|X| 4.9e-16
  blocked          w=    4  solve   1.5709 s  +extract =   1.5848 s  speedup  1.41x  res 7.37e-16  max|dX|/max|X| 4.9e-16
  blocked          w=    8  solve   1.2163 s  +extract =   1.2302 s  speedup  1.82x  res 7.37e-16  max|dX|/max|X| 4.9e-16
  blocked          w=   16  solve   1.0110 s  +extract =   1.0249 s  speedup  2.19x  res 7.37e-16  max|dX|/max|X| 4.9e-16
  blocked          w=   32  solve   0.9423 s  +extract =   0.9562 s  speedup  2.34x  res 7.37e-16  max|dX|/max|X| 4.9e-16
  blocked          w=   64  solve   0.9848 s  +extract =   0.9987 s  speedup  2.24x  res 7.37e-16  max|dX|/max|X| 4.9e-16
  blocked          w=  128  solve   1.0689 s  +extract =   1.0828 s  speedup  2.07x  res 7.37e-16  max|dX|/max|X| 4.9e-16
  blocked          w=  256  solve   2.1669 s  +extract =   2.1808 s  speedup  1.03x  res 7.37e-16  max|dX|/max|X| 4.9e-16
  blocked          w= 1021  solve   3.1622 s  +extract =   3.1761 s  speedup  0.71x  res 7.37e-16  max|dX|/max|X| 4.9e-16
  blocked_threaded w=    1  solve   1.1451 s  +extract =   1.1590 s  speedup  1.93x  res 7.37e-16  max|dX|/max|X| 4.9e-16
  blocked_threaded w=    4  solve   0.5395 s  +extract =   0.5534 s  speedup  4.05x  res 7.37e-16  max|dX|/max|X| 4.9e-16
  blocked_threaded w=    8  solve   0.4676 s  +extract =   0.4815 s  speedup  4.65x  res 7.37e-16  max|dX|/max|X| 4.9e-16
  blocked_threaded w=   16  solve   0.3754 s  +extract =   0.3893 s  speedup  5.75x  res 7.37e-16  max|dX|/max|X| 4.9e-16
  blocked_threaded w=   32  solve   0.3828 s  +extract =   0.3967 s  speedup  5.65x  res 7.37e-16  max|dX|/max|X| 4.9e-16
  blocked_threaded w=   64  solve   0.4115 s  +extract =   0.4254 s  speedup  5.26x  res 7.37e-16  max|dX|/max|X| 4.9e-16
  blocked_threaded w=  128  solve   0.5066 s  +extract =   0.5205 s  speedup  4.30x  res 7.37e-16  max|dX|/max|X| 4.9e-16
  blocked_threaded w=  256  solve   0.9971 s  +extract =   1.0110 s  speedup  2.22x  res 7.37e-16  max|dX|/max|X| 4.9e-16
  blocked_threaded w= 1021  solve   3.0183 s  +extract =   3.0322 s  speedup  0.74x  res 7.37e-16  max|dX|/max|X| 4.9e-16
wrote ddp/results/kkt_ordering/blocked/blocked_large10kC_1ph_diag_t6.csv  finished=2026-09-25T19:20:06.316
