QUIET_WAIT waited_s=18 other_cores=0.48 timed_out=0
large10kC_1ph diag: n=96968 nnz(K)=393075 rhs_cols=1021 repeats=3 julia_threads=8
  UMFPACK ldiv! (baseline) solve   2.1167 s  res 3.72e-16
  factor extraction (L, U, p, q, Rs): 0.0131 s   nnz(L)+nnz(U)=870685
  blocked          w=    1  solve   3.4972 s  +extract =   3.5103 s  speedup  0.60x  res 7.37e-16  max|dX|/max|X| 4.9e-16
  blocked          w=    4  solve   1.5314 s  +extract =   1.5445 s  speedup  1.37x  res 7.37e-16  max|dX|/max|X| 4.9e-16
  blocked          w=    8  solve   1.1564 s  +extract =   1.1695 s  speedup  1.81x  res 7.37e-16  max|dX|/max|X| 4.9e-16
  blocked          w=   16  solve   0.9190 s  +extract =   0.9320 s  speedup  2.27x  res 7.37e-16  max|dX|/max|X| 4.9e-16
  blocked          w=   32  solve   0.9373 s  +extract =   0.9504 s  speedup  2.23x  res 7.37e-16  max|dX|/max|X| 4.9e-16
  blocked          w=   64  solve   0.9382 s  +extract =   0.9513 s  speedup  2.22x  res 7.37e-16  max|dX|/max|X| 4.9e-16
  blocked          w=  128  solve   1.0384 s  +extract =   1.0515 s  speedup  2.01x  res 7.37e-16  max|dX|/max|X| 4.9e-16
  blocked          w=  256  solve   2.0853 s  +extract =   2.0984 s  speedup  1.01x  res 7.37e-16  max|dX|/max|X| 4.9e-16
  blocked          w= 1021  solve   2.9713 s  +extract =   2.9844 s  speedup  0.71x  res 7.37e-16  max|dX|/max|X| 4.9e-16
  blocked_threaded w=    1  solve   0.8588 s  +extract =   0.8718 s  speedup  2.43x  res 7.37e-16  max|dX|/max|X| 4.9e-16
  blocked_threaded w=    4  solve   0.4264 s  +extract =   0.4394 s  speedup  4.82x  res 7.37e-16  max|dX|/max|X| 4.9e-16
  blocked_threaded w=    8  solve   0.3776 s  +extract =   0.3907 s  speedup  5.42x  res 7.37e-16  max|dX|/max|X| 4.9e-16
  blocked_threaded w=   16  solve   0.3247 s  +extract =   0.3378 s  speedup  6.27x  res 7.37e-16  max|dX|/max|X| 4.9e-16
  blocked_threaded w=   32  solve   0.3370 s  +extract =   0.3501 s  speedup  6.05x  res 7.37e-16  max|dX|/max|X| 4.9e-16
  blocked_threaded w=   64  solve   0.3137 s  +extract =   0.3268 s  speedup  6.48x  res 7.37e-16  max|dX|/max|X| 4.9e-16
  blocked_threaded w=  128  solve   0.4114 s  +extract =   0.4245 s  speedup  4.99x  res 7.37e-16  max|dX|/max|X| 4.9e-16
  blocked_threaded w=  256  solve   0.8628 s  +extract =   0.8759 s  speedup  2.42x  res 7.37e-16  max|dX|/max|X| 4.9e-16
  blocked_threaded w= 1021  solve   3.0995 s  +extract =   3.1126 s  speedup  0.68x  res 7.37e-16  max|dX|/max|X| 4.9e-16
wrote ddp/results/kkt_ordering/blocked/blocked_large10kC_1ph_diag_t8.csv  finished=2026-09-24T21:44:55.789
