QUIET_WAIT waited_s=18 other_cores=0.45 timed_out=0
ieee2522C_1ph exact: n=23691 nnz(K)=162818 rhs_cols=250 repeats=9 julia_threads=8
  UMFPACK ldiv! (baseline) solve   0.1981 s  res 5.78e-12
  factor extraction (L, U, p, q, Rs): 0.0062 s   nnz(L)+nnz(U)=431300
  blocked          w=    1  solve   0.3647 s  +extract =   0.3709 s  speedup  0.53x  res 4.19e-12  max|dX|/max|X| 3.6e-11
  blocked          w=    4  solve   0.1312 s  +extract =   0.1374 s  speedup  1.44x  res 4.19e-12  max|dX|/max|X| 3.6e-11
  blocked          w=    8  solve   0.1054 s  +extract =   0.1116 s  speedup  1.78x  res 4.19e-12  max|dX|/max|X| 3.6e-11
  blocked          w=   16  solve   0.0644 s  +extract =   0.0707 s  speedup  2.80x  res 4.19e-12  max|dX|/max|X| 3.6e-11
  blocked          w=   32  solve   0.0676 s  +extract =   0.0738 s  speedup  2.68x  res 4.19e-12  max|dX|/max|X| 3.6e-11
  blocked          w=   64  solve   0.0708 s  +extract =   0.0770 s  speedup  2.57x  res 4.19e-12  max|dX|/max|X| 3.6e-11
  blocked          w=  128  solve   0.0755 s  +extract =   0.0817 s  speedup  2.42x  res 4.19e-12  max|dX|/max|X| 3.6e-11
  blocked          w=  250  solve   0.1011 s  +extract =   0.1073 s  speedup  1.85x  res 4.19e-12  max|dX|/max|X| 3.6e-11
  blocked_threaded w=    1  solve   0.0864 s  +extract =   0.0926 s  speedup  2.14x  res 4.19e-12  max|dX|/max|X| 3.6e-11
  blocked_threaded w=    4  solve   0.0367 s  +extract =   0.0430 s  speedup  4.61x  res 4.19e-12  max|dX|/max|X| 3.6e-11
  blocked_threaded w=    8  solve   0.0285 s  +extract =   0.0348 s  speedup  5.70x  res 4.19e-12  max|dX|/max|X| 3.6e-11
  blocked_threaded w=   16  solve   0.0229 s  +extract =   0.0291 s  speedup  6.80x  res 4.19e-12  max|dX|/max|X| 3.6e-11
  blocked_threaded w=   32  solve   0.0216 s  +extract =   0.0278 s  speedup  7.12x  res 4.19e-12  max|dX|/max|X| 3.6e-11
  blocked_threaded w=   64  solve   0.0308 s  +extract =   0.0370 s  speedup  5.35x  res 4.19e-12  max|dX|/max|X| 3.6e-11
  blocked_threaded w=  128  solve   0.0495 s  +extract =   0.0557 s  speedup  3.55x  res 4.19e-12  max|dX|/max|X| 3.6e-11
  blocked_threaded w=  250  solve   0.1231 s  +extract =   0.1293 s  speedup  1.53x  res 4.19e-12  max|dX|/max|X| 3.6e-11
wrote ddp/results/kkt_ordering/blocked/blocked_ieee2522C_1ph_exact_t8.csv  finished=2026-09-24T21:41:58.524
