QUIET_WAIT waited_s=18 other_cores=0.76 timed_out=0
ieee2522C_1ph diag: n=23691 nnz(K)=96025 rhs_cols=250 repeats=9 julia_threads=6
  UMFPACK ldiv! (baseline) solve   0.0995 s  res 5.10e-15
  factor extraction (L, U, p, q, Rs): 0.0031 s   nnz(L)+nnz(U)=215030
  blocked          w=    1  solve   0.2339 s  +extract =   0.2370 s  speedup  0.42x  res 4.85e-15  max|dX|/max|X| 5.5e-14
  blocked          w=    4  solve   0.0991 s  +extract =   0.1022 s  speedup  0.97x  res 4.85e-15  max|dX|/max|X| 5.5e-14
  blocked          w=    8  solve   0.0695 s  +extract =   0.0726 s  speedup  1.37x  res 4.85e-15  max|dX|/max|X| 5.5e-14
  blocked          w=   16  solve   0.0495 s  +extract =   0.0526 s  speedup  1.89x  res 4.85e-15  max|dX|/max|X| 5.5e-14
  blocked          w=   32  solve   0.0522 s  +extract =   0.0553 s  speedup  1.80x  res 4.85e-15  max|dX|/max|X| 5.5e-14
  blocked          w=   64  solve   0.0583 s  +extract =   0.0614 s  speedup  1.62x  res 4.85e-15  max|dX|/max|X| 5.5e-14
  blocked          w=  128  solve   0.0684 s  +extract =   0.0715 s  speedup  1.39x  res 4.85e-15  max|dX|/max|X| 5.5e-14
  blocked          w=  250  solve   0.1168 s  +extract =   0.1199 s  speedup  0.83x  res 4.85e-15  max|dX|/max|X| 5.5e-14
  blocked_threaded w=    1  solve   0.0739 s  +extract =   0.0770 s  speedup  1.29x  res 4.85e-15  max|dX|/max|X| 5.5e-14
  blocked_threaded w=    4  solve   0.0350 s  +extract =   0.0381 s  speedup  2.61x  res 4.85e-15  max|dX|/max|X| 5.5e-14
  blocked_threaded w=    8  solve   0.0319 s  +extract =   0.0350 s  speedup  2.84x  res 4.85e-15  max|dX|/max|X| 5.5e-14
  blocked_threaded w=   16  solve   0.0240 s  +extract =   0.0271 s  speedup  3.66x  res 4.85e-15  max|dX|/max|X| 5.5e-14
  blocked_threaded w=   32  solve   0.0282 s  +extract =   0.0313 s  speedup  3.18x  res 4.85e-15  max|dX|/max|X| 5.5e-14
  blocked_threaded w=   64  solve   0.0314 s  +extract =   0.0345 s  speedup  2.88x  res 4.85e-15  max|dX|/max|X| 5.5e-14
  blocked_threaded w=  128  solve   0.0366 s  +extract =   0.0397 s  speedup  2.50x  res 4.85e-15  max|dX|/max|X| 5.5e-14
  blocked_threaded w=  250  solve   0.1161 s  +extract =   0.1192 s  speedup  0.83x  res 4.85e-15  max|dX|/max|X| 5.5e-14
wrote ddp/results/kkt_ordering/blocked/blocked_ieee2522C_1ph_diag_t6.csv  finished=2026-09-25T19:09:01.376
