QUIET_WAIT waited_s=18 other_cores=0.60 timed_out=0
ieee2522C_1ph diag: n=23691 nnz(K)=96025 rhs_cols=250 repeats=9 julia_threads=8
  UMFPACK ldiv! (baseline) solve   0.1216 s  res 5.10e-15
  factor extraction (L, U, p, q, Rs): 0.0030 s   nnz(L)+nnz(U)=215030
  blocked          w=    1  solve   0.2252 s  +extract =   0.2282 s  speedup  0.53x  res 4.85e-15  max|dX|/max|X| 5.5e-14
  blocked          w=    4  solve   0.0873 s  +extract =   0.0904 s  speedup  1.34x  res 4.85e-15  max|dX|/max|X| 5.5e-14
  blocked          w=    8  solve   0.0701 s  +extract =   0.0731 s  speedup  1.66x  res 4.85e-15  max|dX|/max|X| 5.5e-14
  blocked          w=   16  solve   0.0608 s  +extract =   0.0639 s  speedup  1.90x  res 4.85e-15  max|dX|/max|X| 5.5e-14
  blocked          w=   32  solve   0.0535 s  +extract =   0.0566 s  speedup  2.15x  res 4.85e-15  max|dX|/max|X| 5.5e-14
  blocked          w=   64  solve   0.0590 s  +extract =   0.0621 s  speedup  1.96x  res 4.85e-15  max|dX|/max|X| 5.5e-14
  blocked          w=  128  solve   0.0687 s  +extract =   0.0718 s  speedup  1.69x  res 4.85e-15  max|dX|/max|X| 5.5e-14
  blocked          w=  250  solve   0.1014 s  +extract =   0.1045 s  speedup  1.16x  res 4.85e-15  max|dX|/max|X| 5.5e-14
  blocked_threaded w=    1  solve   0.0581 s  +extract =   0.0611 s  speedup  1.99x  res 4.85e-15  max|dX|/max|X| 5.5e-14
  blocked_threaded w=    4  solve   0.0252 s  +extract =   0.0282 s  speedup  4.31x  res 4.85e-15  max|dX|/max|X| 5.5e-14
  blocked_threaded w=    8  solve   0.0253 s  +extract =   0.0284 s  speedup  4.29x  res 4.85e-15  max|dX|/max|X| 5.5e-14
  blocked_threaded w=   16  solve   0.0227 s  +extract =   0.0258 s  speedup  4.72x  res 4.85e-15  max|dX|/max|X| 5.5e-14
  blocked_threaded w=   32  solve   0.0194 s  +extract =   0.0224 s  speedup  5.42x  res 4.85e-15  max|dX|/max|X| 5.5e-14
  blocked_threaded w=   64  solve   0.0298 s  +extract =   0.0329 s  speedup  3.70x  res 4.85e-15  max|dX|/max|X| 5.5e-14
  blocked_threaded w=  128  solve   0.0429 s  +extract =   0.0460 s  speedup  2.64x  res 4.85e-15  max|dX|/max|X| 5.5e-14
  blocked_threaded w=  250  solve   0.1024 s  +extract =   0.1054 s  speedup  1.15x  res 4.85e-15  max|dX|/max|X| 5.5e-14
wrote ddp/results/kkt_ordering/blocked/blocked_ieee2522C_1ph_diag_t8.csv  finished=2026-09-24T21:40:58.678
