CAPTURE_ENV system=large10kC_1ph T=3 arm=exact iteration=20 stage=1 C_B=1e-3 profile=periodic started=2026-09-24T19:26:08
C_B OVERRIDE: 0.001
large10kC_1ph T=3: nx=1020, nu=54665, nc=42303, dense nu^2=2988262225, reduced=12362
TERMINAL_SOC soft=1 gamma=4.200000e+02
build complete: 14.010 s, nc=42303
constructing dynamic Solver storage...
optimality_tolerance=1.000e-07 max_iterations=20
Solver construction complete: 1.226 s
entering solve! ...
[31;1m   
 _____ _ _ _            ____  ____  ____  
|  ___(_) | |_ ___ _ __|  _ \|  _ \|  _ \ 
| |_  | | | __/ _ \ '__| | | | | | | |_) |
|  _| | | | ||  __/ |  | |_| | |_| |  __/ 
|_|   |_|_|\__\___|_|  |____/|____/|_|                 
    
[0mFILTERDDP_TIMING iteration=0 barrier_iteration=0 stage=3 derivative_s=0.434606000 first_order_s=0.208974300 second_order_s=0.118425300 algebra_s=2.958643600 kkt_assembly_s=1.815924000 factor_s=0.525790000 solve_s=2.196870900 update_s=1.154097100 K_nnz=372434 rhs_cols=1021 Vxx_nnz=1040400
FILTERDDP_TIMING iteration=0 barrier_iteration=0 stage=2 derivative_s=0.157977800 first_order_s=0.132720900 second_order_s=0.024834800 algebra_s=0.128453700 kkt_assembly_s=0.670920000 factor_s=0.532378800 solve_s=3.262360300 update_s=0.348352000 K_nnz=1411814 rhs_cols=1021 Vxx_nnz=1040400
FILTERDDP_TIMING iteration=0 barrier_iteration=0 stage=1 derivative_s=0.120833500 first_order_s=0.106676700 second_order_s=0.013803900 algebra_s=0.203858700 kkt_assembly_s=0.366768500 factor_s=0.529793700 solve_s=3.841446500 update_s=3.560035400 K_nnz=1411814 rhs_cols=1021 Vxx_nnz=1040400
FILTERDDP_FEASIBILITY iteration=0 barrier_iteration=0 equality_count=126909 equality_rms=4.507823244346e-02 equality_max=1.000000000000e+00 equality_worst_stage=3 equality_worst_index=1 dynamics_count=2040 dynamics_rms=0.000000000000e+00 dynamics_max=0.000000000000e+00 dynamics_worst_stage=0 dynamics_worst_index=0 bound_count=142221 bound_rms=0.000000000000e+00 bound_max=0.000000000000e+00 bound_worst_stage=0 bound_worst_index=0 bound_worst_kind=none
  iter     objective        pr_inf       du_inf       cs_inf     lg(μ)   lg(reg)    alpha     ls
     0   3.36000000e+03   1.0000e+00   1.5347e+03   1.0000e+00    0.00      -     0.0000e+00   0
FILTERDDP_ITER_TIMING iteration=0 barrier_iteration=0 backward_s=33.172640100 forward_s=3.267675500 total_s=36.440315600 outcome=accepted step_size=9.765625000e-04 backtracks=0 mu=1.000000000e+00
FILTERDDP_TIMING iteration=1 barrier_iteration=0 stage=3 derivative_s=0.544243500 first_order_s=0.177294300 second_order_s=0.366502300 algebra_s=1.053880100 kkt_assembly_s=0.440304600 factor_s=0.222017000 solve_s=2.556959700 update_s=0.550368300 K_nnz=413714 rhs_cols=1021 Vxx_nnz=1040400
FILTERDDP_TIMING iteration=1 barrier_iteration=0 stage=2 derivative_s=0.380836100 first_order_s=0.104521400 second_order_s=0.275855700 algebra_s=0.122831200 kkt_assembly_s=0.285852600 factor_s=0.903819400 solve_s=3.466255200 update_s=0.199436500 K_nnz=1453094 rhs_cols=1021 Vxx_nnz=1040400
FILTERDDP_TIMING iteration=1 barrier_iteration=0 stage=1 derivative_s=0.399162300 first_order_s=0.114697700 second_order_s=0.284086600 algebra_s=0.173133700 kkt_assembly_s=0.368664200 factor_s=0.489492500 solve_s=3.546985000 update_s=3.129615500 K_nnz=1453094 rhs_cols=1021 Vxx_nnz=1040400
FILTERDDP_FEASIBILITY iteration=1 barrier_iteration=0 equality_count=126909 equality_rms=4.503421182854e-02 equality_max=9.990234375000e-01 equality_worst_stage=2 equality_worst_index=1 dynamics_count=2040 dynamics_rms=0.000000000000e+00 dynamics_max=0.000000000000e+00 dynamics_worst_stage=0 dynamics_worst_index=0 bound_count=142221 bound_rms=0.000000000000e+00 bound_max=0.000000000000e+00 bound_worst_stage=0 bound_worst_index=0 bound_worst_kind=none
     1   6.39765609e+03   9.9902e-01   1.5332e+03   1.0000e+00    0.00      -     9.7656e-04   0
FILTERDDP_ITER_TIMING iteration=1 barrier_iteration=0 backward_s=19.030337300 forward_s=1.954611500 total_s=20.984948800 outcome=accepted step_size=1.953125000e-03 backtracks=0 mu=1.000000000e+00
FILTERDDP_TIMING iteration=2 barrier_iteration=0 stage=3 derivative_s=0.392414100 first_order_s=0.138111900 second_order_s=0.253978000 algebra_s=1.159201100 kkt_assembly_s=0.355173400 factor_s=0.228837000 solve_s=2.413785400 update_s=0.541672500 K_nnz=413714 rhs_cols=1021 Vxx_nnz=1040400
FILTERDDP_TIMING iteration=2 barrier_iteration=0 stage=2 derivative_s=0.369419000 first_order_s=0.107988300 second_order_s=0.261072700 algebra_s=0.154903900 kkt_assembly_s=0.714551300 factor_s=0.500705900 solve_s=3.282451100 update_s=0.199994400 K_nnz=1453094 rhs_cols=1021 Vxx_nnz=1040400
FILTERDDP_TIMING iteration=2 barrier_iteration=0 stage=1 derivative_s=0.355399300 first_order_s=0.104988400 second_order_s=0.250066400 algebra_s=0.183571800 kkt_assembly_s=0.370828500 factor_s=0.523859600 solve_s=3.868472900 update_s=3.454971400 K_nnz=1453094 rhs_cols=1021 Vxx_nnz=1040400
FILTERDDP_FEASIBILITY iteration=2 barrier_iteration=0 equality_count=126909 equality_rms=4.494628110770e-02 equality_max=9.970722198486e-01 equality_worst_stage=1 equality_worst_index=1 dynamics_count=2040 dynamics_rms=0.000000000000e+00 dynamics_max=0.000000000000e+00 dynamics_worst_stage=0 dynamics_worst_index=0 bound_count=142221 bound_rms=0.000000000000e+00 bound_max=0.000000000000e+00 bound_worst_stage=0 bound_worst_index=0 bound_worst_kind=none
     2   1.25047610e+04   9.9707e-01   1.5302e+03   1.0000e+00    0.00      -     1.9531e-03   0
FILTERDDP_ITER_TIMING iteration=2 barrier_iteration=0 backward_s=19.288533600 forward_s=1.809484400 total_s=21.098018000 outcome=accepted step_size=3.906250000e-03 backtracks=0 mu=1.000000000e+00
FILTERDDP_TIMING iteration=3 barrier_iteration=0 stage=3 derivative_s=0.453322400 first_order_s=0.115586200 second_order_s=0.337184800 algebra_s=1.117845700 kkt_assembly_s=0.318561700 factor_s=0.180788100 solve_s=2.082590300 update_s=0.504665700 K_nnz=413714 rhs_cols=1021 Vxx_nnz=1040400
FILTERDDP_TIMING iteration=3 barrier_iteration=0 stage=2 derivative_s=0.377686800 first_order_s=0.105330600 second_order_s=0.271954600 algebra_s=0.125071500 kkt_assembly_s=0.651511500 factor_s=0.478487000 solve_s=3.456204100 update_s=0.190222900 K_nnz=1453094 rhs_cols=1021 Vxx_nnz=1040400
FILTERDDP_TIMING iteration=3 barrier_iteration=0 stage=1 derivative_s=0.383074100 first_order_s=0.122822300 second_order_s=0.259893300 algebra_s=0.147378600 kkt_assembly_s=0.344887500 factor_s=0.457640500 solve_s=3.882234900 update_s=3.529817700 K_nnz=1453094 rhs_cols=1021 Vxx_nnz=1040400
FILTERDDP_FEASIBILITY iteration=3 barrier_iteration=0 equality_count=126909 equality_rms=4.477116699106e-02 equality_max=9.931774064901e-01 equality_worst_stage=3 equality_worst_index=1 dynamics_count=2040 dynamics_rms=0.000000000000e+00 dynamics_max=0.000000000000e+00 dynamics_worst_stage=0 dynamics_worst_index=0 bound_count=142221 bound_rms=0.000000000000e+00 bound_max=0.000000000000e+00 bound_worst_stage=0 bound_worst_index=0 bound_worst_kind=none
     3   2.46955931e+04   9.9318e-01   1.5242e+03   1.0000e+00    0.00      -     3.9062e-03   0
FILTERDDP_ITER_TIMING iteration=3 barrier_iteration=0 backward_s=18.902997900 forward_s=2.038465500 total_s=20.941463400 outcome=accepted step_size=7.812500000e-03 backtracks=1 mu=1.000000000e+00
FILTERDDP_TIMING iteration=4 barrier_iteration=0 stage=3 derivative_s=0.424648400 first_order_s=0.162998700 second_order_s=0.261311400 algebra_s=1.099166600 kkt_assembly_s=0.340134900 factor_s=0.216827500 solve_s=2.291557900 update_s=0.513499400 K_nnz=413714 rhs_cols=1021 Vxx_nnz=1040400
FILTERDDP_TIMING iteration=4 barrier_iteration=0 stage=2 derivative_s=0.374387200 first_order_s=0.114376600 second_order_s=0.259494500 algebra_s=0.152127000 kkt_assembly_s=0.685374200 factor_s=0.470086100 solve_s=3.438419100 update_s=0.207211400 K_nnz=1453094 rhs_cols=1021 Vxx_nnz=1040400
FILTERDDP_TIMING iteration=4 barrier_iteration=0 stage=1 derivative_s=0.357779400 first_order_s=0.104809600 second_order_s=0.252544600 algebra_s=0.174398900 kkt_assembly_s=0.400621200 factor_s=0.497053800 solve_s=3.293364100 update_s=3.618245500 K_nnz=1453094 rhs_cols=1021 Vxx_nnz=1040400
FILTERDDP_FEASIBILITY iteration=4 barrier_iteration=0 equality_count=126909 equality_rms=4.442875203365e-02 equality_max=9.854182080019e-01 equality_worst_stage=3 equality_worst_index=1 dynamics_count=2040 dynamics_rms=0.000000000000e+00 dynamics_max=0.000000000000e+00 dynamics_worst_stage=0 dynamics_worst_index=0 bound_count=142221 bound_rms=0.000000000000e+00 bound_max=0.000000000000e+00 bound_worst_stage=0 bound_worst_index=0 bound_worst_kind=none
     4   4.89804325e+04   9.8542e-01   1.5123e+03   1.0000e+00    0.00      -     7.8125e-03   1
FILTERDDP_ITER_TIMING iteration=4 barrier_iteration=0 backward_s=18.770342200 forward_s=1.775786100 total_s=20.546128300 outcome=accepted step_size=7.812500000e-03 backtracks=0 mu=1.000000000e+00
FILTERDDP_TIMING iteration=5 barrier_iteration=0 stage=3 derivative_s=0.442663700 first_order_s=0.129621700 second_order_s=0.312691100 algebra_s=1.100966400 kkt_assembly_s=0.397656300 factor_s=0.202650200 solve_s=2.365751000 update_s=0.504805800 K_nnz=413714 rhs_cols=1021 Vxx_nnz=1040400
FILTERDDP_TIMING iteration=5 barrier_iteration=0 stage=2 derivative_s=0.461985100 first_order_s=0.104466100 second_order_s=0.357172300 algebra_s=0.131427500 kkt_assembly_s=0.641633600 factor_s=0.562068600 solve_s=3.231053300 update_s=0.226256000 K_nnz=1453094 rhs_cols=1021 Vxx_nnz=1040400
FILTERDDP_TIMING iteration=5 barrier_iteration=0 stage=1 derivative_s=0.385876600 first_order_s=0.107763900 second_order_s=0.277765600 algebra_s=0.199527500 kkt_assembly_s=0.415929300 factor_s=0.486899000 solve_s=3.365926200 update_s=3.338362100 K_nnz=1453094 rhs_cols=1021 Vxx_nnz=1040400
FILTERDDP_FEASIBILITY iteration=5 barrier_iteration=0 equality_count=126909 equality_rms=4.409754677285e-02 equality_max=9.777196282519e-01 equality_worst_stage=3 equality_worst_index=1 dynamics_count=2040 dynamics_rms=0.000000000000e+00 dynamics_max=0.000000000000e+00 dynamics_worst_stage=0 dynamics_worst_index=0 bound_count=142221 bound_rms=0.000000000000e+00 bound_max=0.000000000000e+00 bound_worst_stage=0 bound_worst_index=0 bound_worst_kind=none
     5   7.30713388e+04   9.7772e-01   1.5005e+03   1.0000e+00    0.00      -     7.8125e-03   0
FILTERDDP_ITER_TIMING iteration=5 barrier_iteration=0 backward_s=18.670774400 forward_s=2.005150000 total_s=20.675924400 outcome=accepted step_size=7.812500000e-03 backtracks=1 mu=1.000000000e+00
FILTERDDP_TIMING iteration=6 barrier_iteration=0 stage=3 derivative_s=0.444961800 first_order_s=0.138534300 second_order_s=0.306094200 algebra_s=1.137633300 kkt_assembly_s=0.388422600 factor_s=0.225258800 solve_s=2.198758700 update_s=0.486972500 K_nnz=413714 rhs_cols=1021 Vxx_nnz=1040400
FILTERDDP_TIMING iteration=6 barrier_iteration=0 stage=2 derivative_s=0.352360800 first_order_s=0.105045400 second_order_s=0.246968600 algebra_s=0.137330000 kkt_assembly_s=0.722989900 factor_s=0.560904700 solve_s=3.361638000 update_s=0.196887600 K_nnz=1453094 rhs_cols=1021 Vxx_nnz=1040400
FILTERDDP_TIMING iteration=6 barrier_iteration=0 stage=1 derivative_s=0.353855800 first_order_s=0.105196600 second_order_s=0.248329600 algebra_s=0.170053600 kkt_assembly_s=0.375556400 factor_s=0.483168200 solve_s=3.371899800 update_s=3.260758700 K_nnz=1453094 rhs_cols=1021 Vxx_nnz=1040400
FILTERDDP_FEASIBILITY iteration=6 barrier_iteration=0 equality_count=126909 equality_rms=4.377708131745e-02 equality_max=9.700811936562e-01 equality_worst_stage=3 equality_worst_index=1 dynamics_count=2040 dynamics_rms=0.000000000000e+00 dynamics_max=0.000000000000e+00 dynamics_worst_stage=0 dynamics_worst_index=0 bound_count=142221 bound_rms=0.000000000000e+00 bound_max=0.000000000000e+00 bound_worst_stage=0 bound_worst_index=0 bound_worst_kind=none
     6   9.69764778e+04   9.7008e-01   1.4888e+03   1.0000e+00    0.00      -     7.8125e-03   1
FILTERDDP_ITER_TIMING iteration=6 barrier_iteration=0 backward_s=18.416253700 forward_s=2.219724300 total_s=20.635978000 outcome=accepted step_size=7.812500000e-03 backtracks=2 mu=1.000000000e+00
FILTERDDP_TIMING iteration=7 barrier_iteration=0 stage=3 derivative_s=0.453148300 first_order_s=0.114332700 second_order_s=0.338266800 algebra_s=1.131819900 kkt_assembly_s=0.365148300 factor_s=0.219080400 solve_s=2.100507600 update_s=0.521832200 K_nnz=413714 rhs_cols=1021 Vxx_nnz=1040400
FILTERDDP_TIMING iteration=7 barrier_iteration=0 stage=2 derivative_s=0.381422800 first_order_s=0.105873400 second_order_s=0.275204400 algebra_s=0.138839500 kkt_assembly_s=0.622974700 factor_s=0.499486300 solve_s=3.451008400 update_s=0.197542400 K_nnz=1453094 rhs_cols=1021 Vxx_nnz=1040400
FILTERDDP_TIMING iteration=7 barrier_iteration=0 stage=1 derivative_s=0.358666700 first_order_s=0.104682300 second_order_s=0.253652800 algebra_s=0.194712700 kkt_assembly_s=0.380208800 factor_s=0.599768700 solve_s=3.352171400 update_s=3.387795500 K_nnz=1453094 rhs_cols=1021 Vxx_nnz=1040400
FILTERDDP_FEASIBILITY iteration=7 barrier_iteration=0 equality_count=126909 equality_rms=4.346690660752e-02 equality_max=9.625024343307e-01 equality_worst_stage=3 equality_worst_index=1 dynamics_count=2040 dynamics_rms=0.000000000000e+00 dynamics_max=0.000000000000e+00 dynamics_worst_stage=0 dynamics_worst_index=0 bound_count=142221 bound_rms=0.000000000000e+00 bound_max=0.000000000000e+00 bound_worst_stage=0 bound_worst_index=0 bound_worst_kind=none
     7   1.20700173e+05   9.6250e-01   1.4771e+03   1.0000e+00    0.00      -     7.8125e-03   2
FILTERDDP_ITER_TIMING iteration=7 barrier_iteration=0 backward_s=18.548271800 forward_s=2.406875800 total_s=20.955147600 outcome=accepted step_size=7.812500000e-03 backtracks=2 mu=1.000000000e+00
FILTERDDP_TIMING iteration=8 barrier_iteration=0 stage=3 derivative_s=0.505710400 first_order_s=0.173562100 second_order_s=0.331802200 algebra_s=1.011924900 kkt_assembly_s=0.369189000 factor_s=0.178700100 solve_s=2.302213000 update_s=0.529220700 K_nnz=413714 rhs_cols=1021 Vxx_nnz=1040400
FILTERDDP_TIMING iteration=8 barrier_iteration=0 stage=2 derivative_s=0.392543500 first_order_s=0.116309500 second_order_s=0.275884100 algebra_s=0.137160100 kkt_assembly_s=0.650348700 factor_s=0.535403500 solve_s=3.350872800 update_s=0.209395900 K_nnz=1453094 rhs_cols=1021 Vxx_nnz=1040400
FILTERDDP_TIMING iteration=8 barrier_iteration=0 stage=1 derivative_s=0.365963100 first_order_s=0.107223400 second_order_s=0.258406000 algebra_s=0.187235600 kkt_assembly_s=0.379492100 factor_s=0.560276700 solve_s=3.507651400 update_s=3.298641400 K_nnz=1453094 rhs_cols=1021 Vxx_nnz=1040400
FILTERDDP_FEASIBILITY iteration=8 barrier_iteration=0 equality_count=126909 equality_rms=4.316658536032e-02 equality_max=9.549828840625e-01 equality_worst_stage=3 equality_worst_index=1 dynamics_count=2040 dynamics_rms=0.000000000000e+00 dynamics_max=0.000000000000e+00 dynamics_worst_stage=0 dynamics_worst_index=0 bound_count=142221 bound_rms=0.000000000000e+00 bound_max=0.000000000000e+00 bound_worst_stage=0 bound_worst_index=0 bound_worst_kind=none
     8   1.44244415e+05   9.5498e-01   1.4656e+03   1.0000e+00    0.00      -     7.8125e-03   2
FILTERDDP_ITER_TIMING iteration=8 barrier_iteration=0 backward_s=18.680969500 forward_s=2.405654100 total_s=21.086623600 outcome=accepted step_size=7.812500000e-03 backtracks=2 mu=1.000000000e+00
FILTERDDP_TIMING iteration=9 barrier_iteration=0 stage=3 derivative_s=0.468526800 first_order_s=0.184777600 second_order_s=0.283412800 algebra_s=1.211861800 kkt_assembly_s=0.345971500 factor_s=0.229533700 solve_s=2.238019100 update_s=0.538371700 K_nnz=413714 rhs_cols=1021 Vxx_nnz=1040400
FILTERDDP_TIMING iteration=9 barrier_iteration=0 stage=2 derivative_s=0.402771500 first_order_s=0.105026600 second_order_s=0.297409200 algebra_s=0.158299000 kkt_assembly_s=0.616964900 factor_s=0.473983200 solve_s=3.594103100 update_s=0.220237600 K_nnz=1453094 rhs_cols=1021 Vxx_nnz=1040400
FILTERDDP_TIMING iteration=9 barrier_iteration=0 stage=1 derivative_s=0.426730100 first_order_s=0.132756800 second_order_s=0.293639700 algebra_s=0.165249600 kkt_assembly_s=0.348264200 factor_s=0.500721700 solve_s=3.730398400 update_s=3.133728600 K_nnz=1453094 rhs_cols=1021 Vxx_nnz=1040400
FILTERDDP_FEASIBILITY iteration=9 barrier_iteration=0 equality_count=126909 equality_rms=4.287569241724e-02 equality_max=9.475220802808e-01 equality_worst_stage=3 equality_worst_index=1 dynamics_count=2040 dynamics_rms=0.000000000000e+00 dynamics_max=0.000000000000e+00 dynamics_worst_stage=0 dynamics_worst_index=0 bound_count=142221 bound_rms=0.000000000000e+00 bound_max=0.000000000000e+00 bound_worst_stage=0 bound_worst_index=0 bound_worst_kind=none
     9   1.67610789e+05   9.4752e-01   1.4542e+03   1.0000e+00    0.00      -     7.8125e-03   2
FILTERDDP_ITER_TIMING iteration=9 barrier_iteration=0 backward_s=19.013708300 forward_s=2.651217100 total_s=21.664925400 outcome=accepted step_size=7.812500000e-03 backtracks=3 mu=1.000000000e+00
FILTERDDP_TIMING iteration=10 barrier_iteration=0 stage=3 derivative_s=0.388004300 first_order_s=0.111496600 second_order_s=0.276187900 algebra_s=1.182443200 kkt_assembly_s=0.426763800 factor_s=0.184119600 solve_s=2.203776800 update_s=0.542729000 K_nnz=413714 rhs_cols=1021 Vxx_nnz=1040400
FILTERDDP_TIMING iteration=10 barrier_iteration=0 stage=2 derivative_s=0.416784800 first_order_s=0.144017500 second_order_s=0.272435600 algebra_s=0.139765200 kkt_assembly_s=0.765825600 factor_s=0.639634500 solve_s=3.656513100 update_s=0.194045800 K_nnz=1453094 rhs_cols=1021 Vxx_nnz=1040400
FILTERDDP_TIMING iteration=10 barrier_iteration=0 stage=1 derivative_s=0.374301900 first_order_s=0.109573200 second_order_s=0.264354400 algebra_s=0.147705800 kkt_assembly_s=0.357468500 factor_s=0.507079800 solve_s=3.420508400 update_s=3.032199400 K_nnz=1453094 rhs_cols=1021 Vxx_nnz=1040400
FILTERDDP_FEASIBILITY iteration=10 barrier_iteration=0 equality_count=126909 equality_rms=4.259381470808e-02 equality_max=9.401195640286e-01 equality_worst_stage=3 equality_worst_index=1 dynamics_count=2040 dynamics_rms=0.000000000000e+00 dynamics_max=0.000000000000e+00 dynamics_worst_stage=0 dynamics_worst_index=0 bound_count=142221 bound_rms=0.000000000000e+00 bound_max=0.000000000000e+00 bound_worst_stage=0 bound_worst_index=0 bound_worst_kind=none
  iter     objective        pr_inf       du_inf       cs_inf     lg(μ)   lg(reg)    alpha     ls
    10   1.90800748e+05   9.4012e-01   1.4428e+03   1.0000e+00    0.00      -     7.8125e-03   3
FILTERDDP_ITER_TIMING iteration=10 barrier_iteration=0 backward_s=18.833219600 forward_s=2.533862200 total_s=21.367081800 outcome=accepted step_size=7.812500000e-03 backtracks=3 mu=1.000000000e+00
FILTERDDP_TIMING iteration=11 barrier_iteration=0 stage=3 derivative_s=0.413867200 first_order_s=0.131919600 second_order_s=0.281624300 algebra_s=1.087407200 kkt_assembly_s=0.394331300 factor_s=0.199208300 solve_s=2.086620600 update_s=0.492703700 K_nnz=413714 rhs_cols=1021 Vxx_nnz=1040400
FILTERDDP_TIMING iteration=11 barrier_iteration=0 stage=2 derivative_s=0.394273900 first_order_s=0.105033700 second_order_s=0.288908500 algebra_s=0.154791900 kkt_assembly_s=0.625464800 factor_s=0.501433700 solve_s=3.397483100 update_s=0.188619700 K_nnz=1453094 rhs_cols=1021 Vxx_nnz=1040400
FILTERDDP_TIMING iteration=11 barrier_iteration=0 stage=1 derivative_s=0.356054400 first_order_s=0.103877800 second_order_s=0.251825300 algebra_s=0.161217600 kkt_assembly_s=0.382665200 factor_s=0.527849800 solve_s=3.294233800 update_s=3.082782500 K_nnz=1453094 rhs_cols=1021 Vxx_nnz=1040400
FILTERDDP_FEASIBILITY iteration=11 barrier_iteration=0 equality_count=126909 equality_rms=4.232055119003e-02 equality_max=9.327748799346e-01 equality_worst_stage=3 equality_worst_index=1 dynamics_count=2040 dynamics_rms=0.000000000000e+00 dynamics_max=0.000000000000e+00 dynamics_worst_stage=0 dynamics_worst_index=0 bound_count=142221 bound_rms=0.000000000000e+00 bound_max=0.000000000000e+00 bound_worst_stage=0 bound_worst_index=0 bound_worst_kind=none
    11   2.13815670e+05   9.3277e-01   1.4315e+03   1.0000e+00    0.00      -     7.8125e-03   3
FILTERDDP_ITER_TIMING iteration=11 barrier_iteration=0 backward_s=17.929156000 forward_s=2.574135400 total_s=20.503291400 outcome=accepted step_size=7.812500000e-03 backtracks=3 mu=1.000000000e+00
FILTERDDP_TIMING iteration=12 barrier_iteration=0 stage=3 derivative_s=0.538051100 first_order_s=0.147487300 second_order_s=0.390223900 algebra_s=1.128655100 kkt_assembly_s=0.372357500 factor_s=0.203108500 solve_s=2.228905700 update_s=0.505194100 K_nnz=413714 rhs_cols=1021 Vxx_nnz=1040400
FILTERDDP_TIMING iteration=12 barrier_iteration=0 stage=2 derivative_s=0.364907800 first_order_s=0.113509800 second_order_s=0.251056100 algebra_s=0.117818200 kkt_assembly_s=0.670774900 factor_s=0.495985900 solve_s=3.237471400 update_s=0.210456400 K_nnz=1453094 rhs_cols=1021 Vxx_nnz=1040400
FILTERDDP_TIMING iteration=12 barrier_iteration=0 stage=1 derivative_s=0.359588400 first_order_s=0.106895300 second_order_s=0.252348700 algebra_s=0.179931600 kkt_assembly_s=0.466156000 factor_s=0.492359600 solve_s=3.338391900 update_s=3.170574000 K_nnz=1453094 rhs_cols=1021 Vxx_nnz=1040400
FILTERDDP_FEASIBILITY iteration=12 barrier_iteration=0 equality_count=126909 equality_rms=4.205551279159e-02 equality_max=9.254875761851e-01 equality_worst_stage=3 equality_worst_index=1 dynamics_count=2040 dynamics_rms=0.000000000000e+00 dynamics_max=0.000000000000e+00 dynamics_worst_stage=0 dynamics_worst_index=0 bound_count=142221 bound_rms=0.000000000000e+00 bound_max=0.000000000000e+00 bound_worst_stage=0 bound_worst_index=0 bound_worst_kind=none
    12   2.36656895e+05   9.2549e-01   1.4203e+03   1.0000e+00    0.00      -     7.8125e-03   3
FILTERDDP_ITER_TIMING iteration=12 barrier_iteration=0 backward_s=18.274152000 forward_s=2.575716800 total_s=20.849868800 outcome=accepted step_size=7.812500000e-03 backtracks=3 mu=1.000000000e+00
FILTERDDP_TIMING iteration=13 barrier_iteration=0 stage=3 derivative_s=0.457783500 first_order_s=0.146910200 second_order_s=0.310536400 algebra_s=1.104401500 kkt_assembly_s=0.372021100 factor_s=0.184841600 solve_s=2.199762100 update_s=0.540447900 K_nnz=413714 rhs_cols=1021 Vxx_nnz=1040400
FILTERDDP_TIMING iteration=13 barrier_iteration=0 stage=2 derivative_s=0.415984400 first_order_s=0.112954100 second_order_s=0.302689200 algebra_s=0.159807100 kkt_assembly_s=0.641873000 factor_s=0.471573500 solve_s=3.468538500 update_s=0.189727100 K_nnz=1453094 rhs_cols=1021 Vxx_nnz=1040400
FILTERDDP_TIMING iteration=13 barrier_iteration=0 stage=1 derivative_s=0.382002100 first_order_s=0.128899200 second_order_s=0.252771200 algebra_s=0.190837900 kkt_assembly_s=0.375512600 factor_s=0.540302900 solve_s=3.541117400 update_s=3.207435100 K_nnz=1453094 rhs_cols=1021 Vxx_nnz=1040400
FILTERDDP_FEASIBILITY iteration=13 barrier_iteration=0 equality_count=126909 equality_rms=4.179832235071e-02 equality_max=9.182572044962e-01 equality_worst_stage=3 equality_worst_index=1 dynamics_count=2040 dynamics_rms=0.000000000000e+00 dynamics_max=0.000000000000e+00 dynamics_worst_stage=0 dynamics_worst_index=0 bound_count=142221 bound_rms=0.000000000000e+00 bound_max=0.000000000000e+00 bound_worst_stage=0 bound_worst_index=0 bound_worst_kind=none
    13   2.59325729e+05   9.1826e-01   1.4092e+03   1.0000e+00    0.00      -     7.8125e-03   3
FILTERDDP_ITER_TIMING iteration=13 barrier_iteration=0 backward_s=18.663655400 forward_s=2.596443700 total_s=21.260099100 outcome=accepted step_size=7.812500000e-03 backtracks=3 mu=1.000000000e+00
FILTERDDP_TIMING iteration=14 barrier_iteration=0 stage=3 derivative_s=0.527300600 first_order_s=0.111702400 second_order_s=0.415268500 algebra_s=1.126920300 kkt_assembly_s=0.349659200 factor_s=0.177361700 solve_s=2.021230600 update_s=0.536891400 K_nnz=413714 rhs_cols=1021 Vxx_nnz=1040400
FILTERDDP_TIMING iteration=14 barrier_iteration=0 stage=2 derivative_s=0.377932400 first_order_s=0.128956600 second_order_s=0.248630100 algebra_s=0.124649600 kkt_assembly_s=0.692892700 factor_s=0.558223300 solve_s=3.382530800 update_s=0.186979600 K_nnz=1453094 rhs_cols=1021 Vxx_nnz=1040400
FILTERDDP_TIMING iteration=14 barrier_iteration=0 stage=1 derivative_s=0.389539000 first_order_s=0.110160700 second_order_s=0.279044500 algebra_s=0.182514500 kkt_assembly_s=0.414800000 factor_s=0.516139400 solve_s=3.388346300 update_s=3.304319000 K_nnz=1453094 rhs_cols=1021 Vxx_nnz=1040400
FILTERDDP_FEASIBILITY iteration=14 barrier_iteration=0 equality_count=126909 equality_rms=4.154861454289e-02 equality_max=9.110833200860e-01 equality_worst_stage=3 equality_worst_index=1 dynamics_count=2040 dynamics_rms=0.000000000000e+00 dynamics_max=0.000000000000e+00 dynamics_worst_stage=0 dynamics_worst_index=0 bound_count=142221 bound_rms=0.000000000000e+00 bound_max=0.000000000000e+00 bound_worst_stage=0 bound_worst_index=0 bound_worst_kind=none
    14   2.81823460e+05   9.1108e-01   1.3982e+03   1.0000e+00    0.00      -     7.8125e-03   3
FILTERDDP_ITER_TIMING iteration=14 barrier_iteration=0 backward_s=18.446315900 forward_s=2.497776600 total_s=20.944092500 outcome=accepted step_size=7.812500000e-03 backtracks=3 mu=1.000000000e+00
FILTERDDP_TIMING iteration=15 barrier_iteration=0 stage=3 derivative_s=0.406500400 first_order_s=0.104371700 second_order_s=0.301793700 algebra_s=1.041187800 kkt_assembly_s=0.407887400 factor_s=0.198289700 solve_s=1.955313700 update_s=0.496318800 K_nnz=413714 rhs_cols=1021 Vxx_nnz=1040400
FILTERDDP_TIMING iteration=15 barrier_iteration=0 stage=2 derivative_s=0.360192600 first_order_s=0.108198200 second_order_s=0.251648200 algebra_s=0.114742100 kkt_assembly_s=0.710456800 factor_s=0.583705700 solve_s=3.331274600 update_s=0.190610800 K_nnz=1453094 rhs_cols=1021 Vxx_nnz=1040400
FILTERDDP_TIMING iteration=15 barrier_iteration=0 stage=1 derivative_s=0.406501600 first_order_s=0.108371100 second_order_s=0.297696100 algebra_s=0.186162600 kkt_assembly_s=0.426756100 factor_s=0.522584100 solve_s=3.367444200 update_s=3.365255700 K_nnz=1453094 rhs_cols=1021 Vxx_nnz=1040400
FILTERDDP_FEASIBILITY iteration=15 barrier_iteration=0 equality_count=126909 equality_rms=4.130603579557e-02 equality_max=9.039654816479e-01 equality_worst_stage=3 equality_worst_index=1 dynamics_count=2040 dynamics_rms=0.000000000000e+00 dynamics_max=0.000000000000e+00 dynamics_worst_stage=0 dynamics_worst_index=0 bound_count=142221 bound_rms=0.000000000000e+00 bound_max=0.000000000000e+00 bound_worst_stage=0 bound_worst_index=0 bound_worst_kind=none
    15   3.04151357e+05   9.0397e-01   1.3873e+03   1.0000e+00    0.00      -     7.8125e-03   3
FILTERDDP_ITER_TIMING iteration=15 barrier_iteration=0 backward_s=18.261196600 forward_s=2.514693900 total_s=20.775890500 outcome=accepted step_size=7.812500000e-03 backtracks=3 mu=1.000000000e+00
FILTERDDP_TIMING iteration=16 barrier_iteration=0 stage=3 derivative_s=0.487430000 first_order_s=0.137028600 second_order_s=0.350078400 algebra_s=1.126953900 kkt_assembly_s=0.348831100 factor_s=0.232226400 solve_s=2.267740000 update_s=0.515785400 K_nnz=413714 rhs_cols=1021 Vxx_nnz=1040400
FILTERDDP_TIMING iteration=16 barrier_iteration=0 stage=2 derivative_s=0.378306400 first_order_s=0.106138700 second_order_s=0.271805600 algebra_s=0.117644200 kkt_assembly_s=0.612229600 factor_s=0.505198700 solve_s=3.354154800 update_s=0.186939600 K_nnz=1453094 rhs_cols=1021 Vxx_nnz=1040400
FILTERDDP_TIMING iteration=16 barrier_iteration=0 stage=1 derivative_s=0.374428000 first_order_s=0.104502800 second_order_s=0.269562000 algebra_s=0.176264900 kkt_assembly_s=0.378532300 factor_s=0.521256200 solve_s=3.396626100 update_s=3.454747500 K_nnz=1453094 rhs_cols=1021 Vxx_nnz=1040400
FILTERDDP_FEASIBILITY iteration=16 barrier_iteration=0 equality_count=126909 equality_rms=4.107024418683e-02 equality_max=8.969032513224e-01 equality_worst_stage=3 equality_worst_index=1 dynamics_count=2040 dynamics_rms=0.000000000000e+00 dynamics_max=0.000000000000e+00 dynamics_worst_stage=0 dynamics_worst_index=0 bound_count=142221 bound_rms=0.000000000000e+00 bound_max=0.000000000000e+00 bound_worst_stage=0 bound_worst_index=0 bound_worst_kind=none
    16   3.26310673e+05   8.9690e-01   1.3765e+03   1.0000e+00    0.00      -     7.8125e-03   3
FILTERDDP_ITER_TIMING iteration=16 barrier_iteration=0 backward_s=18.695106900 forward_s=2.852672800 total_s=21.547779700 outcome=accepted step_size=7.812500000e-03 backtracks=4 mu=1.000000000e+00
FILTERDDP_TIMING iteration=17 barrier_iteration=0 stage=3 derivative_s=0.440504000 first_order_s=0.157240600 second_order_s=0.282926700 algebra_s=1.142043900 kkt_assembly_s=0.318025700 factor_s=0.189427700 solve_s=2.057492800 update_s=0.518572600 K_nnz=413714 rhs_cols=1021 Vxx_nnz=1040400
FILTERDDP_TIMING iteration=17 barrier_iteration=0 stage=2 derivative_s=0.354322800 first_order_s=0.105195500 second_order_s=0.248669200 algebra_s=0.126008300 kkt_assembly_s=0.630653300 factor_s=0.522649600 solve_s=3.299501200 update_s=0.209938700 K_nnz=1453094 rhs_cols=1021 Vxx_nnz=1040400
FILTERDDP_TIMING iteration=17 barrier_iteration=0 stage=1 derivative_s=0.393574600 first_order_s=0.125569400 second_order_s=0.267673200 algebra_s=0.192169200 kkt_assembly_s=0.404498000 factor_s=0.545498100 solve_s=3.473862900 update_s=3.743697900 K_nnz=1453094 rhs_cols=1021 Vxx_nnz=1040400
FILTERDDP_FEASIBILITY iteration=17 barrier_iteration=0 equality_count=126909 equality_rms=4.084090932767e-02 equality_max=8.898961946715e-01 equality_worst_stage=3 equality_worst_index=1 dynamics_count=2040 dynamics_rms=0.000000000000e+00 dynamics_max=0.000000000000e+00 dynamics_worst_stage=0 dynamics_worst_index=0 bound_count=142221 bound_rms=0.000000000000e+00 bound_max=0.000000000000e+00 bound_worst_stage=0 bound_worst_index=0 bound_worst_kind=none
    17   3.48302651e+05   8.8990e-01   1.3657e+03   1.0000e+00    0.00      -     7.8125e-03   4
FILTERDDP_ITER_TIMING iteration=17 barrier_iteration=0 backward_s=18.776892900 forward_s=2.974338900 total_s=21.751231800 outcome=accepted step_size=7.812500000e-03 backtracks=4 mu=1.000000000e+00
FILTERDDP_TIMING iteration=18 barrier_iteration=0 stage=3 derivative_s=0.406931000 first_order_s=0.126986600 second_order_s=0.279611800 algebra_s=1.133193700 kkt_assembly_s=0.339044700 factor_s=0.244591400 solve_s=2.167225700 update_s=0.526653600 K_nnz=413714 rhs_cols=1021 Vxx_nnz=1040400
FILTERDDP_TIMING iteration=18 barrier_iteration=0 stage=2 derivative_s=0.360539200 first_order_s=0.108020100 second_order_s=0.252169900 algebra_s=0.135675800 kkt_assembly_s=0.732658700 factor_s=0.491309900 solve_s=3.430598500 update_s=0.208408200 K_nnz=1453094 rhs_cols=1021 Vxx_nnz=1040400
FILTERDDP_TIMING iteration=18 barrier_iteration=0 stage=1 derivative_s=0.358025900 first_order_s=0.104506700 second_order_s=0.253185500 algebra_s=0.178957900 kkt_assembly_s=0.400681400 factor_s=0.569891500 solve_s=3.441160900 update_s=3.463313300 K_nnz=1453094 rhs_cols=1021 Vxx_nnz=1040400
FILTERDDP_FEASIBILITY iteration=18 barrier_iteration=0 equality_count=126909 equality_rms=4.061771222780e-02 equality_max=8.829438806506e-01 equality_worst_stage=3 equality_worst_index=1 dynamics_count=2040 dynamics_rms=0.000000000000e+00 dynamics_max=0.000000000000e+00 dynamics_worst_stage=0 dynamics_worst_index=0 bound_count=142221 bound_rms=0.000000000000e+00 bound_max=0.000000000000e+00 bound_worst_stage=0 bound_worst_index=0 bound_worst_kind=none
    18   3.70128520e+05   8.8294e-01   1.3550e+03   1.0000e+00    0.00      -     7.8125e-03   4
FILTERDDP_ITER_TIMING iteration=18 barrier_iteration=0 backward_s=18.810243500 forward_s=2.961989400 total_s=21.772232900 outcome=accepted step_size=7.812500000e-03 backtracks=4 mu=1.000000000e+00
FILTERDDP_TIMING iteration=19 barrier_iteration=0 stage=3 derivative_s=0.475053300 first_order_s=0.170061200 second_order_s=0.304090800 algebra_s=1.087494200 kkt_assembly_s=0.496070200 factor_s=0.243212800 solve_s=2.120239000 update_s=0.508830600 K_nnz=413714 rhs_cols=1021 Vxx_nnz=1040400
FILTERDDP_TIMING iteration=19 barrier_iteration=0 stage=2 derivative_s=0.401494200 first_order_s=0.134422100 second_order_s=0.266723800 algebra_s=0.119661900 kkt_assembly_s=0.681213000 factor_s=0.525167100 solve_s=3.277535800 update_s=0.192336200 K_nnz=1453094 rhs_cols=1021 Vxx_nnz=1040400
FILTERDDP_TIMING iteration=19 barrier_iteration=0 stage=1 derivative_s=0.408422300 first_order_s=0.106564200 second_order_s=0.301513600 algebra_s=0.209552400 kkt_assembly_s=0.407916000 factor_s=0.503065400 solve_s=3.368673400 update_s=3.357376900 K_nnz=1453094 rhs_cols=1021 Vxx_nnz=1040400
FILTERDDP_FEASIBILITY iteration=19 barrier_iteration=0 equality_count=126909 equality_rms=4.040034514592e-02 equality_max=8.760458815830e-01 equality_worst_stage=3 equality_worst_index=1 dynamics_count=2040 dynamics_rms=0.000000000000e+00 dynamics_max=0.000000000000e+00 dynamics_worst_stage=0 dynamics_worst_index=0 bound_count=142221 bound_rms=0.000000000000e+00 bound_max=0.000000000000e+00 bound_worst_stage=0 bound_worst_index=0 bound_worst_kind=none
    19   3.91789500e+05   8.7605e-01   1.3445e+03   1.0000e+00    0.00      -     7.8125e-03   4
FILTERDDP_ITER_TIMING iteration=19 barrier_iteration=0 backward_s=18.600631200 forward_s=2.869157100 total_s=21.469788300 outcome=accepted step_size=7.812500000e-03 backtracks=4 mu=1.000000000e+00
  iter     objective        pr_inf       du_inf       cs_inf     lg(μ)   lg(reg)    alpha     ls
    20   3.91789500e+05   8.7605e-01   1.3445e+03   1.0000e+00    0.00      -     7.8125e-03   4


EXIT: Failed, maximum solver iterations reached.

solve complete: 440.129 s, iterations=20, status=8
final residuals: primal=8.760458815830e-01 dual=1.344460775890e+03 complementarity=9.999988796984e-01
solution_write_skipped=1
FilterDDP objective=413286.799879729690 max_equality_residual=8.692e-01
Ipopt objective=3063898.837596383411 objective_gap=2.651e+06
max_abs_diff[P_Subs]=8.198e+02
max_abs_diff[Q_Subs]=1.580e+00
max_abs_diff[P]=9.731e+00
max_abs_diff[Q]=9.545e-02
max_abs_diff[v]=8.909e-02
max_abs_diff[ell]=1.087e+02
max_abs_diff[P_B]=1.582e-01
max_abs_diff[B]=6.563e-01
max_abs_diff[q_D]=1.475e-01
CAPTURE_DONE exit=0 finished=2026-09-24T19:34:00
