CAPTURE_ENV system=large10kC_1ph T=3 arm=diag iteration=20 stage=1 C_B=1e-3 profile=periodic started=2026-09-24T19:19:10
C_B OVERRIDE: 0.001
large10kC_1ph T=3: nx=1020, nu=54665, nc=42303, dense nu^2=2988262225, reduced=12362
TERMINAL_SOC soft=1 gamma=4.200000e+02
build complete: 14.589 s, nc=42303
constructing dynamic Solver storage...
optimality_tolerance=1.000e-07 max_iterations=20
Solver construction complete: 1.715 s
entering solve! ...
[31;1m   
 _____ _ _ _            ____  ____  ____  
|  ___(_) | |_ ___ _ __|  _ \|  _ \|  _ \ 
| |_  | | | __/ _ \ '__| | | | | | | |_) |
|  _| | | | ||  __/ |  | |_| | |_| |  __/ 
|_|   |_|_|\__\___|_|  |____/|____/|_|                 
    
[0mFILTERDDP_TIMING iteration=0 barrier_iteration=0 stage=3 derivative_s=0.617821000 first_order_s=0.291609500 second_order_s=0.161591800 algebra_s=3.762802000 kkt_assembly_s=2.235840200 factor_s=0.745290200 solve_s=2.335011600 update_s=1.009393900 K_nnz=393075 rhs_cols=1021 Vxx_nnz=1040400
FILTERDDP_TIMING iteration=0 barrier_iteration=0 stage=2 derivative_s=0.178683700 first_order_s=0.148201500 second_order_s=0.030142200 algebra_s=0.193539300 kkt_assembly_s=0.231698700 factor_s=0.795574800 solve_s=2.606259900 update_s=0.423372600 K_nnz=393075 rhs_cols=1021 Vxx_nnz=1040400
FILTERDDP_TIMING iteration=0 barrier_iteration=0 stage=1 derivative_s=0.162293900 first_order_s=0.141586900 second_order_s=0.020376800 algebra_s=0.295213900 kkt_assembly_s=0.401578600 factor_s=0.261883100 solve_s=2.211694300 update_s=4.004798600 K_nnz=393075 rhs_cols=1021 Vxx_nnz=1040400
FILTERDDP_FEASIBILITY iteration=0 barrier_iteration=0 equality_count=126909 equality_rms=4.507823244346e-02 equality_max=1.000000000000e+00 equality_worst_stage=3 equality_worst_index=1 dynamics_count=2040 dynamics_rms=0.000000000000e+00 dynamics_max=0.000000000000e+00 dynamics_worst_stage=0 dynamics_worst_index=0 bound_count=142221 bound_rms=0.000000000000e+00 bound_max=0.000000000000e+00 bound_worst_stage=0 bound_worst_index=0 bound_worst_kind=none
  iter     objective        pr_inf       du_inf       cs_inf     lg(μ)   lg(reg)    alpha     ls
     0   3.36000000e+03   1.0000e+00   1.5347e+03   1.0000e+00    0.00      -     0.0000e+00   0
FILTERDDP_ITER_TIMING iteration=0 barrier_iteration=0 backward_s=33.057710800 forward_s=3.197208900 total_s=36.254919700 outcome=accepted step_size=9.765625000e-04 backtracks=0 mu=1.000000000e+00
FILTERDDP_TIMING iteration=1 barrier_iteration=0 stage=3 derivative_s=0.630662000 first_order_s=0.270960600 second_order_s=0.359376000 algebra_s=1.114755400 kkt_assembly_s=0.467166700 factor_s=0.287704100 solve_s=2.544855000 update_s=0.571020700 K_nnz=393075 rhs_cols=1021 Vxx_nnz=1040400
FILTERDDP_TIMING iteration=1 barrier_iteration=0 stage=2 derivative_s=0.371219400 first_order_s=0.122145800 second_order_s=0.248750100 algebra_s=0.160023700 kkt_assembly_s=0.196319200 factor_s=0.386538000 solve_s=2.663257100 update_s=0.259486700 K_nnz=393075 rhs_cols=1021 Vxx_nnz=1040400
FILTERDDP_TIMING iteration=1 barrier_iteration=0 stage=1 derivative_s=0.378138900 first_order_s=0.102130100 second_order_s=0.275698300 algebra_s=0.123937100 kkt_assembly_s=0.389848300 factor_s=0.175455900 solve_s=1.873654900 update_s=3.420751000 K_nnz=393075 rhs_cols=1021 Vxx_nnz=1040400
FILTERDDP_FEASIBILITY iteration=1 barrier_iteration=0 equality_count=126909 equality_rms=4.503421182781e-02 equality_max=9.990234375000e-01 equality_worst_stage=1 equality_worst_index=1 dynamics_count=2040 dynamics_rms=0.000000000000e+00 dynamics_max=0.000000000000e+00 dynamics_worst_stage=0 dynamics_worst_index=0 bound_count=142221 bound_rms=0.000000000000e+00 bound_max=0.000000000000e+00 bound_worst_stage=0 bound_worst_index=0 bound_worst_kind=none
     1   6.39687625e+03   9.9902e-01   1.5332e+03   1.0000e+00    0.00      -     9.7656e-04   0
FILTERDDP_ITER_TIMING iteration=1 barrier_iteration=0 backward_s=16.242977700 forward_s=2.157247400 total_s=18.400225100 outcome=accepted step_size=1.953125000e-03 backtracks=0 mu=1.000000000e+00
FILTERDDP_TIMING iteration=2 barrier_iteration=0 stage=3 derivative_s=0.473287300 first_order_s=0.109528500 second_order_s=0.363454100 algebra_s=1.137681800 kkt_assembly_s=0.389844100 factor_s=0.266082500 solve_s=2.535833000 update_s=0.585288400 K_nnz=393075 rhs_cols=1021 Vxx_nnz=1040400
FILTERDDP_TIMING iteration=2 barrier_iteration=0 stage=2 derivative_s=0.352839800 first_order_s=0.101420500 second_order_s=0.251096500 algebra_s=0.132405700 kkt_assembly_s=0.180921700 factor_s=0.280615200 solve_s=2.313516200 update_s=0.227442300 K_nnz=393075 rhs_cols=1021 Vxx_nnz=1040400
FILTERDDP_TIMING iteration=2 barrier_iteration=0 stage=1 derivative_s=0.355583100 first_order_s=0.106919200 second_order_s=0.248341300 algebra_s=0.147129900 kkt_assembly_s=0.396491700 factor_s=0.197670100 solve_s=2.046548600 update_s=3.362433300 K_nnz=393075 rhs_cols=1021 Vxx_nnz=1040400
FILTERDDP_FEASIBILITY iteration=2 barrier_iteration=0 equality_count=126909 equality_rms=4.494628110286e-02 equality_max=9.970722198488e-01 equality_worst_stage=2 equality_worst_index=1 dynamics_count=2040 dynamics_rms=0.000000000000e+00 dynamics_max=0.000000000000e+00 dynamics_worst_stage=0 dynamics_worst_index=0 bound_count=142221 bound_rms=0.000000000000e+00 bound_max=0.000000000000e+00 bound_worst_stage=0 bound_worst_index=0 bound_worst_kind=none
     2   1.25038787e+04   9.9707e-01   1.5302e+03   1.0000e+00    0.00      -     1.9531e-03   0
FILTERDDP_ITER_TIMING iteration=2 barrier_iteration=0 backward_s=15.568874700 forward_s=1.694444600 total_s=17.263319300 outcome=accepted step_size=3.906250000e-03 backtracks=0 mu=1.000000000e+00
FILTERDDP_TIMING iteration=3 barrier_iteration=0 stage=3 derivative_s=0.444640100 first_order_s=0.119744600 second_order_s=0.324590200 algebra_s=1.136759200 kkt_assembly_s=0.519921800 factor_s=0.171817500 solve_s=2.535942300 update_s=0.631802400 K_nnz=393075 rhs_cols=1021 Vxx_nnz=1040400
FILTERDDP_TIMING iteration=3 barrier_iteration=0 stage=2 derivative_s=0.378632500 first_order_s=0.113690800 second_order_s=0.264617900 algebra_s=0.116460400 kkt_assembly_s=0.170989700 factor_s=0.322846100 solve_s=2.517566000 update_s=0.221507000 K_nnz=393075 rhs_cols=1021 Vxx_nnz=1040400
FILTERDDP_TIMING iteration=3 barrier_iteration=0 stage=1 derivative_s=0.386024500 first_order_s=0.127308100 second_order_s=0.258402600 algebra_s=0.136757900 kkt_assembly_s=0.470457000 factor_s=0.196852800 solve_s=2.088494100 update_s=3.347154600 K_nnz=393075 rhs_cols=1021 Vxx_nnz=1040400
FILTERDDP_FEASIBILITY iteration=3 barrier_iteration=0 equality_count=126909 equality_rms=4.477116696938e-02 equality_max=9.931774064904e-01 equality_worst_stage=1 equality_worst_index=1 dynamics_count=2040 dynamics_rms=0.000000000000e+00 dynamics_max=0.000000000000e+00 dynamics_worst_stage=0 dynamics_worst_index=0 bound_count=142221 bound_rms=0.000000000000e+00 bound_max=0.000000000000e+00 bound_worst_stage=0 bound_worst_index=0 bound_worst_kind=none
     3   2.46946953e+04   9.9318e-01   1.5242e+03   1.0000e+00    0.00      -     3.9062e-03   0
FILTERDDP_ITER_TIMING iteration=3 barrier_iteration=0 backward_s=15.992360100 forward_s=1.843739700 total_s=17.836099800 outcome=accepted step_size=7.812500000e-03 backtracks=1 mu=1.000000000e+00
FILTERDDP_TIMING iteration=4 barrier_iteration=0 stage=3 derivative_s=0.489694900 first_order_s=0.186057700 second_order_s=0.303336900 algebra_s=1.073525700 kkt_assembly_s=0.456271500 factor_s=0.209287600 solve_s=2.449965500 update_s=0.573602400 K_nnz=393075 rhs_cols=1021 Vxx_nnz=1040400
FILTERDDP_TIMING iteration=4 barrier_iteration=0 stage=2 derivative_s=0.353713400 first_order_s=0.100906200 second_order_s=0.252473200 algebra_s=0.139235300 kkt_assembly_s=0.146182100 factor_s=0.296467200 solve_s=2.356568800 update_s=0.227584000 K_nnz=393075 rhs_cols=1021 Vxx_nnz=1040400
FILTERDDP_TIMING iteration=4 barrier_iteration=0 stage=1 derivative_s=0.361827100 first_order_s=0.104044200 second_order_s=0.257445000 algebra_s=0.115615200 kkt_assembly_s=0.380275800 factor_s=0.237985400 solve_s=1.965891800 update_s=3.360740200 K_nnz=393075 rhs_cols=1021 Vxx_nnz=1040400
FILTERDDP_FEASIBILITY iteration=4 barrier_iteration=0 equality_count=126909 equality_rms=4.442875181898e-02 equality_max=9.854182080022e-01 equality_worst_stage=1 equality_worst_index=1 dynamics_count=2040 dynamics_rms=0.000000000000e+00 dynamics_max=0.000000000000e+00 dynamics_worst_stage=0 dynamics_worst_index=0 bound_count=142221 bound_rms=0.000000000000e+00 bound_max=0.000000000000e+00 bound_worst_stage=0 bound_worst_index=0 bound_worst_kind=none
     4   4.89793764e+04   9.8542e-01   1.5123e+03   1.0000e+00    0.00      -     7.8125e-03   1
FILTERDDP_ITER_TIMING iteration=4 barrier_iteration=0 backward_s=15.386835300 forward_s=1.683906400 total_s=17.070741700 outcome=accepted step_size=7.812500000e-03 backtracks=0 mu=1.000000000e+00
FILTERDDP_TIMING iteration=5 barrier_iteration=0 stage=3 derivative_s=0.410461200 first_order_s=0.111755300 second_order_s=0.298378200 algebra_s=1.257333100 kkt_assembly_s=0.359477100 factor_s=0.226149500 solve_s=2.628128900 update_s=0.609877200 K_nnz=393075 rhs_cols=1021 Vxx_nnz=1040400
FILTERDDP_TIMING iteration=5 barrier_iteration=0 stage=2 derivative_s=0.384470200 first_order_s=0.103248500 second_order_s=0.280897000 algebra_s=0.154636900 kkt_assembly_s=0.160509900 factor_s=0.316082700 solve_s=2.441325800 update_s=0.229111800 K_nnz=393075 rhs_cols=1021 Vxx_nnz=1040400
FILTERDDP_TIMING iteration=5 barrier_iteration=0 stage=1 derivative_s=0.361313300 first_order_s=0.104416600 second_order_s=0.256575000 algebra_s=0.119762800 kkt_assembly_s=0.436987800 factor_s=0.178347200 solve_s=2.196734800 update_s=3.292344600 K_nnz=393075 rhs_cols=1021 Vxx_nnz=1040400
FILTERDDP_FEASIBILITY iteration=5 barrier_iteration=0 equality_count=126909 equality_rms=4.409754566808e-02 equality_max=9.777196282522e-01 equality_worst_stage=1 equality_worst_index=1 dynamics_count=2040 dynamics_rms=0.000000000000e+00 dynamics_max=0.000000000000e+00 dynamics_worst_stage=0 dynamics_worst_index=0 bound_count=142221 bound_rms=0.000000000000e+00 bound_max=0.000000000000e+00 bound_worst_stage=0 bound_worst_index=0 bound_worst_kind=none
     5   7.30697693e+04   9.7772e-01   1.5005e+03   1.0000e+00    0.00      -     7.8125e-03   0
FILTERDDP_ITER_TIMING iteration=5 barrier_iteration=0 backward_s=16.015024500 forward_s=1.945883000 total_s=17.960907500 outcome=accepted step_size=7.812500000e-03 backtracks=1 mu=1.000000000e+00
FILTERDDP_TIMING iteration=6 barrier_iteration=0 stage=3 derivative_s=0.412252300 first_order_s=0.119483000 second_order_s=0.292276500 algebra_s=1.178177800 kkt_assembly_s=0.431019600 factor_s=0.240125300 solve_s=2.555532300 update_s=0.602133500 K_nnz=393075 rhs_cols=1021 Vxx_nnz=1040400
FILTERDDP_TIMING iteration=6 barrier_iteration=0 stage=2 derivative_s=0.409229100 first_order_s=0.105776800 second_order_s=0.303127900 algebra_s=0.138641700 kkt_assembly_s=0.169637800 factor_s=0.296433200 solve_s=2.493053000 update_s=0.273394500 K_nnz=393075 rhs_cols=1021 Vxx_nnz=1040400
FILTERDDP_TIMING iteration=6 barrier_iteration=0 stage=1 derivative_s=0.377131700 first_order_s=0.124661800 second_order_s=0.252122800 algebra_s=0.125130200 kkt_assembly_s=0.442565800 factor_s=0.195871100 solve_s=2.107539000 update_s=3.303194800 K_nnz=393075 rhs_cols=1021 Vxx_nnz=1040400
FILTERDDP_FEASIBILITY iteration=6 barrier_iteration=0 equality_count=126909 equality_rms=4.377707827842e-02 equality_max=9.700811936564e-01 equality_worst_stage=1 equality_worst_index=1 dynamics_count=2040 dynamics_rms=0.000000000000e+00 dynamics_max=0.000000000000e+00 dynamics_worst_stage=0 dynamics_worst_index=0 bound_count=142221 bound_rms=0.000000000000e+00 bound_max=0.000000000000e+00 bound_worst_stage=0 bound_worst_index=0 bound_worst_kind=none
     6   9.69741700e+04   9.7008e-01   1.4888e+03   1.0000e+00    0.00      -     7.8125e-03   1
FILTERDDP_ITER_TIMING iteration=6 barrier_iteration=0 backward_s=15.991839600 forward_s=2.156296100 total_s=18.148135700 outcome=accepted step_size=7.812500000e-03 backtracks=2 mu=1.000000000e+00
FILTERDDP_TIMING iteration=7 barrier_iteration=0 stage=3 derivative_s=0.481430000 first_order_s=0.121727400 second_order_s=0.359401100 algebra_s=1.143662000 kkt_assembly_s=0.360442800 factor_s=0.199695600 solve_s=2.441244000 update_s=0.587899100 K_nnz=393075 rhs_cols=1021 Vxx_nnz=1040400
FILTERDDP_TIMING iteration=7 barrier_iteration=0 stage=2 derivative_s=0.349162200 first_order_s=0.101360000 second_order_s=0.247488900 algebra_s=0.154986600 kkt_assembly_s=0.144139100 factor_s=0.298125700 solve_s=2.331431600 update_s=0.245642700 K_nnz=393075 rhs_cols=1021 Vxx_nnz=1040400
FILTERDDP_TIMING iteration=7 barrier_iteration=0 stage=1 derivative_s=0.421100300 first_order_s=0.120054400 second_order_s=0.300734700 algebra_s=0.136044100 kkt_assembly_s=0.376078900 factor_s=0.209095300 solve_s=1.917382900 update_s=3.540460500 K_nnz=393075 rhs_cols=1021 Vxx_nnz=1040400
FILTERDDP_FEASIBILITY iteration=7 barrier_iteration=0 equality_count=126909 equality_rms=4.346690057943e-02 equality_max=9.625024343310e-01 equality_worst_stage=1 equality_worst_index=1 dynamics_count=2040 dynamics_rms=0.000000000000e+00 dynamics_max=0.000000000000e+00 dynamics_worst_stage=0 dynamics_worst_index=0 bound_count=142221 bound_rms=0.000000000000e+00 bound_max=0.000000000000e+00 bound_worst_stage=0 bound_worst_index=0 bound_worst_kind=none
     7   1.20697047e+05   9.6250e-01   1.4771e+03   1.0000e+00    0.00      -     7.8125e-03   2
FILTERDDP_ITER_TIMING iteration=7 barrier_iteration=0 backward_s=15.564319400 forward_s=2.228415900 total_s=17.792735300 outcome=accepted step_size=7.812500000e-03 backtracks=2 mu=1.000000000e+00
FILTERDDP_TIMING iteration=8 barrier_iteration=0 stage=3 derivative_s=0.487416200 first_order_s=0.110852200 second_order_s=0.375892200 algebra_s=1.118518200 kkt_assembly_s=0.446524200 factor_s=0.236150800 solve_s=2.514292800 update_s=0.544124500 K_nnz=393075 rhs_cols=1021 Vxx_nnz=1040400
FILTERDDP_TIMING iteration=8 barrier_iteration=0 stage=2 derivative_s=0.357047600 first_order_s=0.106445100 second_order_s=0.250277500 algebra_s=0.127652700 kkt_assembly_s=0.172390500 factor_s=0.285097900 solve_s=2.351614900 update_s=0.253584000 K_nnz=393075 rhs_cols=1021 Vxx_nnz=1040400
FILTERDDP_TIMING iteration=8 barrier_iteration=0 stage=1 derivative_s=0.381135700 first_order_s=0.104358200 second_order_s=0.276448700 algebra_s=0.138872000 kkt_assembly_s=0.435941000 factor_s=0.229014600 solve_s=2.087247300 update_s=3.358557200 K_nnz=393075 rhs_cols=1021 Vxx_nnz=1040400
FILTERDDP_FEASIBILITY iteration=8 barrier_iteration=0 equality_count=126909 equality_rms=4.316657532837e-02 equality_max=9.549828840628e-01 equality_worst_stage=1 equality_worst_index=1 dynamics_count=2040 dynamics_rms=0.000000000000e+00 dynamics_max=0.000000000000e+00 dynamics_worst_stage=0 dynamics_worst_index=0 bound_count=142221 bound_rms=0.000000000000e+00 bound_max=0.000000000000e+00 bound_worst_stage=0 bound_worst_index=0 bound_worst_kind=none
     8   1.44240442e+05   9.5498e-01   1.4656e+03   1.0000e+00    0.00      -     7.8125e-03   2
FILTERDDP_ITER_TIMING iteration=8 barrier_iteration=0 backward_s=15.732931700 forward_s=2.133368200 total_s=17.866299900 outcome=accepted step_size=7.812500000e-03 backtracks=2 mu=1.000000000e+00
FILTERDDP_TIMING iteration=9 barrier_iteration=0 stage=3 derivative_s=0.444826300 first_order_s=0.161295600 second_order_s=0.283215400 algebra_s=1.142076700 kkt_assembly_s=0.424945400 factor_s=0.195389100 solve_s=2.552772800 update_s=0.585944900 K_nnz=393075 rhs_cols=1021 Vxx_nnz=1040400
FILTERDDP_TIMING iteration=9 barrier_iteration=0 stage=2 derivative_s=0.350432800 first_order_s=0.101149500 second_order_s=0.248960200 algebra_s=0.124964600 kkt_assembly_s=0.165401500 factor_s=0.274807600 solve_s=2.349204400 update_s=0.223192300 K_nnz=393075 rhs_cols=1021 Vxx_nnz=1040400
FILTERDDP_TIMING iteration=9 barrier_iteration=0 stage=1 derivative_s=0.376627800 first_order_s=0.102194500 second_order_s=0.274039300 algebra_s=0.133964100 kkt_assembly_s=0.377532200 factor_s=0.175110200 solve_s=2.011710900 update_s=3.615107900 K_nnz=393075 rhs_cols=1021 Vxx_nnz=1040400
FILTERDDP_FEASIBILITY iteration=9 barrier_iteration=0 equality_count=126909 equality_rms=4.287567740828e-02 equality_max=9.475220802811e-01 equality_worst_stage=1 equality_worst_index=1 dynamics_count=2040 dynamics_rms=0.000000000000e+00 dynamics_max=0.000000000000e+00 dynamics_worst_stage=0 dynamics_worst_index=0 bound_count=142221 bound_rms=0.000000000000e+00 bound_max=0.000000000000e+00 bound_worst_stage=0 bound_worst_index=0 bound_worst_kind=none
     9   1.67605964e+05   9.4752e-01   1.4542e+03   1.0000e+00    0.00      -     7.8125e-03   2
FILTERDDP_ITER_TIMING iteration=9 barrier_iteration=0 backward_s=15.735349500 forward_s=2.572678700 total_s=18.308028200 outcome=accepted step_size=7.812500000e-03 backtracks=3 mu=1.000000000e+00
FILTERDDP_TIMING iteration=10 barrier_iteration=0 stage=3 derivative_s=0.419134700 first_order_s=0.110808000 second_order_s=0.307796700 algebra_s=1.161635200 kkt_assembly_s=0.375276900 factor_s=0.204833400 solve_s=2.339277100 update_s=0.572721900 K_nnz=393075 rhs_cols=1021 Vxx_nnz=1040400
FILTERDDP_TIMING iteration=10 barrier_iteration=0 stage=2 derivative_s=0.386831500 first_order_s=0.110586400 second_order_s=0.275920400 algebra_s=0.135761800 kkt_assembly_s=0.141696900 factor_s=0.313191600 solve_s=2.409142300 update_s=0.227470700 K_nnz=393075 rhs_cols=1021 Vxx_nnz=1040400
FILTERDDP_TIMING iteration=10 barrier_iteration=0 stage=1 derivative_s=0.353115600 first_order_s=0.101341100 second_order_s=0.251451700 algebra_s=0.134256400 kkt_assembly_s=0.368500500 factor_s=0.199449800 solve_s=1.883817900 update_s=3.199251300 K_nnz=393075 rhs_cols=1021 Vxx_nnz=1040400
FILTERDDP_FEASIBILITY iteration=10 barrier_iteration=0 equality_count=126909 equality_rms=4.259379378940e-02 equality_max=9.401195640289e-01 equality_worst_stage=1 equality_worst_index=1 dynamics_count=2040 dynamics_rms=0.000000000000e+00 dynamics_max=0.000000000000e+00 dynamics_worst_stage=0 dynamics_worst_index=0 bound_count=142221 bound_rms=0.000000000000e+00 bound_max=0.000000000000e+00 bound_worst_stage=0 bound_worst_index=0 bound_worst_kind=none
  iter     objective        pr_inf       du_inf       cs_inf     lg(μ)   lg(reg)    alpha     ls
    10   1.90795070e+05   9.4012e-01   1.4428e+03   1.0000e+00    0.00      -     7.8125e-03   3
FILTERDDP_ITER_TIMING iteration=10 barrier_iteration=0 backward_s=15.011865200 forward_s=2.413425300 total_s=17.425290500 outcome=accepted step_size=7.812500000e-03 backtracks=3 mu=1.000000000e+00
FILTERDDP_TIMING iteration=11 barrier_iteration=0 stage=3 derivative_s=0.386507800 first_order_s=0.125379400 second_order_s=0.260811800 algebra_s=1.119170900 kkt_assembly_s=0.393082300 factor_s=0.195231100 solve_s=2.576923400 update_s=0.564098400 K_nnz=393075 rhs_cols=1021 Vxx_nnz=1040400
FILTERDDP_TIMING iteration=11 barrier_iteration=0 stage=2 derivative_s=0.361778500 first_order_s=0.108242000 second_order_s=0.253058700 algebra_s=0.124330100 kkt_assembly_s=0.157860000 factor_s=0.308407000 solve_s=2.523333700 update_s=0.242662900 K_nnz=393075 rhs_cols=1021 Vxx_nnz=1040400
FILTERDDP_TIMING iteration=11 barrier_iteration=0 stage=1 derivative_s=0.449812900 first_order_s=0.120932500 second_order_s=0.328560100 algebra_s=0.148458100 kkt_assembly_s=0.403382800 factor_s=0.202544600 solve_s=1.926314300 update_s=3.027084900 K_nnz=393075 rhs_cols=1021 Vxx_nnz=1040400
FILTERDDP_FEASIBILITY iteration=11 barrier_iteration=0 equality_count=126909 equality_rms=4.232052346854e-02 equality_max=9.327748799349e-01 equality_worst_stage=1 equality_worst_index=1 dynamics_count=2040 dynamics_rms=0.000000000000e+00 dynamics_max=0.000000000000e+00 dynamics_worst_stage=0 dynamics_worst_index=0 bound_count=142221 bound_rms=0.000000000000e+00 bound_max=0.000000000000e+00 bound_worst_stage=0 bound_worst_index=0 bound_worst_kind=none
    11   2.13809145e+05   9.3277e-01   1.4315e+03   1.0000e+00    0.00      -     7.8125e-03   3
FILTERDDP_ITER_TIMING iteration=11 barrier_iteration=0 backward_s=15.321614900 forward_s=2.537249500 total_s=17.858864400 outcome=accepted step_size=7.812500000e-03 backtracks=3 mu=1.000000000e+00
FILTERDDP_TIMING iteration=12 barrier_iteration=0 stage=3 derivative_s=0.502082800 first_order_s=0.182014200 second_order_s=0.319397000 algebra_s=1.287330900 kkt_assembly_s=0.427533200 factor_s=0.174868500 solve_s=2.512650900 update_s=0.555050900 K_nnz=393075 rhs_cols=1021 Vxx_nnz=1040400
FILTERDDP_TIMING iteration=12 barrier_iteration=0 stage=2 derivative_s=0.379881300 first_order_s=0.101879700 second_order_s=0.277691900 algebra_s=0.138923000 kkt_assembly_s=0.154898700 factor_s=0.298519600 solve_s=2.270119600 update_s=0.221298700 K_nnz=393075 rhs_cols=1021 Vxx_nnz=1040400
FILTERDDP_TIMING iteration=12 barrier_iteration=0 stage=1 derivative_s=0.422981500 first_order_s=0.100832200 second_order_s=0.321817700 algebra_s=0.147585900 kkt_assembly_s=0.411087300 factor_s=0.215432800 solve_s=2.105378100 update_s=3.356243500 K_nnz=393075 rhs_cols=1021 Vxx_nnz=1040400
FILTERDDP_FEASIBILITY iteration=12 barrier_iteration=0 equality_count=126909 equality_rms=4.205547741355e-02 equality_max=9.254875761854e-01 equality_worst_stage=1 equality_worst_index=1 dynamics_count=2040 dynamics_rms=0.000000000000e+00 dynamics_max=0.000000000000e+00 dynamics_worst_stage=0 dynamics_worst_index=0 bound_count=142221 bound_rms=0.000000000000e+00 bound_max=0.000000000000e+00 bound_worst_stage=0 bound_worst_index=0 bound_worst_kind=none
    12   2.36649530e+05   9.2549e-01   1.4203e+03   1.0000e+00    0.00      -     7.8125e-03   3
FILTERDDP_ITER_TIMING iteration=12 barrier_iteration=0 backward_s=15.777596900 forward_s=2.577233500 total_s=18.354830400 outcome=accepted step_size=7.812500000e-03 backtracks=3 mu=1.000000000e+00
FILTERDDP_TIMING iteration=13 barrier_iteration=0 stage=3 derivative_s=0.453332200 first_order_s=0.119276600 second_order_s=0.333104200 algebra_s=1.155577400 kkt_assembly_s=0.437429700 factor_s=0.194674400 solve_s=2.653713200 update_s=0.598846100 K_nnz=393075 rhs_cols=1021 Vxx_nnz=1040400
FILTERDDP_TIMING iteration=13 barrier_iteration=0 stage=2 derivative_s=0.361687800 first_order_s=0.112160000 second_order_s=0.249201000 algebra_s=0.138024300 kkt_assembly_s=0.145362000 factor_s=0.318195700 solve_s=2.403923500 update_s=0.224457400 K_nnz=393075 rhs_cols=1021 Vxx_nnz=1040400
FILTERDDP_TIMING iteration=13 barrier_iteration=0 stage=1 derivative_s=0.364771300 first_order_s=0.103113300 second_order_s=0.261338100 algebra_s=0.121317000 kkt_assembly_s=0.398075500 factor_s=0.216823100 solve_s=2.146536000 update_s=3.500775900 K_nnz=393075 rhs_cols=1021 Vxx_nnz=1040400
FILTERDDP_FEASIBILITY iteration=13 barrier_iteration=0 equality_count=126909 equality_rms=4.179827850187e-02 equality_max=9.182572044965e-01 equality_worst_stage=1 equality_worst_index=1 dynamics_count=2040 dynamics_rms=0.000000000000e+00 dynamics_max=0.000000000000e+00 dynamics_worst_stage=0 dynamics_worst_index=0 bound_count=142221 bound_rms=0.000000000000e+00 bound_max=0.000000000000e+00 bound_worst_stage=0 bound_worst_index=0 bound_worst_kind=none
    13   2.59317533e+05   9.1826e-01   1.4092e+03   1.0000e+00    0.00      -     7.8125e-03   3
FILTERDDP_ITER_TIMING iteration=13 barrier_iteration=0 backward_s=16.080038800 forward_s=2.453313800 total_s=18.533352600 outcome=accepted step_size=7.812500000e-03 backtracks=3 mu=1.000000000e+00
FILTERDDP_TIMING iteration=14 barrier_iteration=0 stage=3 derivative_s=0.458346200 first_order_s=0.129325700 second_order_s=0.328710800 algebra_s=1.174811800 kkt_assembly_s=0.428638500 factor_s=0.184783800 solve_s=2.768651100 update_s=0.538464000 K_nnz=393075 rhs_cols=1021 Vxx_nnz=1040400
FILTERDDP_TIMING iteration=14 barrier_iteration=0 stage=2 derivative_s=0.376124300 first_order_s=0.101397200 second_order_s=0.274383700 algebra_s=0.136269000 kkt_assembly_s=0.161300500 factor_s=0.301168500 solve_s=2.392079100 update_s=0.320017100 K_nnz=393075 rhs_cols=1021 Vxx_nnz=1040400
FILTERDDP_TIMING iteration=14 barrier_iteration=0 stage=1 derivative_s=0.362156700 first_order_s=0.107522200 second_order_s=0.254313000 algebra_s=0.131723500 kkt_assembly_s=0.464001100 factor_s=0.222064100 solve_s=1.997785700 update_s=3.333952200 K_nnz=393075 rhs_cols=1021 Vxx_nnz=1040400
FILTERDDP_FEASIBILITY iteration=14 barrier_iteration=0 equality_count=126909 equality_rms=4.154856144871e-02 equality_max=9.110833200863e-01 equality_worst_stage=1 equality_worst_index=1 dynamics_count=2040 dynamics_rms=0.000000000000e+00 dynamics_max=0.000000000000e+00 dynamics_worst_stage=0 dynamics_worst_index=0 bound_count=142221 bound_rms=0.000000000000e+00 bound_max=0.000000000000e+00 bound_worst_stage=0 bound_worst_index=0 bound_worst_kind=none
    14   2.81814442e+05   9.1108e-01   1.3982e+03   1.0000e+00    0.00      -     7.8125e-03   3
FILTERDDP_ITER_TIMING iteration=14 barrier_iteration=0 backward_s=15.970184300 forward_s=2.494054000 total_s=18.464238300 outcome=accepted step_size=7.812500000e-03 backtracks=3 mu=1.000000000e+00
FILTERDDP_TIMING iteration=15 barrier_iteration=0 stage=3 derivative_s=0.417586600 first_order_s=0.110991300 second_order_s=0.306267100 algebra_s=1.140232500 kkt_assembly_s=0.421463600 factor_s=0.203681500 solve_s=2.348724300 update_s=0.599865500 K_nnz=393075 rhs_cols=1021 Vxx_nnz=1040400
FILTERDDP_TIMING iteration=15 barrier_iteration=0 stage=2 derivative_s=0.413430500 first_order_s=0.119691100 second_order_s=0.293237900 algebra_s=0.123194800 kkt_assembly_s=0.194613300 factor_s=0.292797600 solve_s=2.631045100 update_s=0.225762400 K_nnz=393075 rhs_cols=1021 Vxx_nnz=1040400
FILTERDDP_TIMING iteration=15 barrier_iteration=0 stage=1 derivative_s=0.372520300 first_order_s=0.121826900 second_order_s=0.250384800 algebra_s=0.143343800 kkt_assembly_s=0.455751700 factor_s=0.198208900 solve_s=2.157400400 update_s=3.400994900 K_nnz=393075 rhs_cols=1021 Vxx_nnz=1040400
FILTERDDP_FEASIBILITY iteration=15 barrier_iteration=0 equality_count=126909 equality_rms=4.130597272157e-02 equality_max=9.039654816481e-01 equality_worst_stage=1 equality_worst_index=1 dynamics_count=2040 dynamics_rms=0.000000000000e+00 dynamics_max=0.000000000000e+00 dynamics_worst_stage=0 dynamics_worst_index=0 bound_count=142221 bound_rms=0.000000000000e+00 bound_max=0.000000000000e+00 bound_worst_stage=0 bound_worst_index=0 bound_worst_kind=none
    15   3.04141526e+05   9.0397e-01   1.3873e+03   1.0000e+00    0.00      -     7.8125e-03   3
FILTERDDP_ITER_TIMING iteration=15 barrier_iteration=0 backward_s=15.926592400 forward_s=2.614485900 total_s=18.541078300 outcome=accepted step_size=7.812500000e-03 backtracks=3 mu=1.000000000e+00
FILTERDDP_TIMING iteration=16 barrier_iteration=0 stage=3 derivative_s=0.417788600 first_order_s=0.109671500 second_order_s=0.307752000 algebra_s=1.180741700 kkt_assembly_s=0.490069700 factor_s=0.173350800 solve_s=2.545821600 update_s=0.550211100 K_nnz=393075 rhs_cols=1021 Vxx_nnz=1040400
FILTERDDP_TIMING iteration=16 barrier_iteration=0 stage=2 derivative_s=0.379197500 first_order_s=0.127280000 second_order_s=0.251609900 algebra_s=0.126163500 kkt_assembly_s=0.212594300 factor_s=0.312074700 solve_s=2.580285800 update_s=0.266865400 K_nnz=393075 rhs_cols=1021 Vxx_nnz=1040400
FILTERDDP_TIMING iteration=16 barrier_iteration=0 stage=1 derivative_s=0.411387900 first_order_s=0.106975100 second_order_s=0.304089300 algebra_s=0.140228900 kkt_assembly_s=0.429360300 factor_s=0.172905100 solve_s=1.971119400 update_s=3.254621000 K_nnz=393075 rhs_cols=1021 Vxx_nnz=1040400
FILTERDDP_FEASIBILITY iteration=16 barrier_iteration=0 equality_count=126909 equality_rms=4.107017043884e-02 equality_max=8.969032513228e-01 equality_worst_stage=1 equality_worst_index=1 dynamics_count=2040 dynamics_rms=0.000000000000e+00 dynamics_max=0.000000000000e+00 dynamics_worst_stage=0 dynamics_worst_index=0 bound_count=142221 bound_rms=0.000000000000e+00 bound_max=0.000000000000e+00 bound_worst_stage=0 bound_worst_index=0 bound_worst_kind=none
    16   3.26300041e+05   8.9690e-01   1.3765e+03   1.0000e+00    0.00      -     7.8125e-03   3
FILTERDDP_ITER_TIMING iteration=16 barrier_iteration=0 backward_s=15.837876700 forward_s=2.737462400 total_s=18.575339100 outcome=accepted step_size=7.812500000e-03 backtracks=4 mu=1.000000000e+00
FILTERDDP_TIMING iteration=17 barrier_iteration=0 stage=3 derivative_s=0.645543200 first_order_s=0.284264600 second_order_s=0.360347500 algebra_s=1.025955400 kkt_assembly_s=0.417717300 factor_s=0.208259300 solve_s=2.496553600 update_s=0.667517900 K_nnz=393075 rhs_cols=1021 Vxx_nnz=1040400
FILTERDDP_TIMING iteration=17 barrier_iteration=0 stage=2 derivative_s=0.453385400 first_order_s=0.129145400 second_order_s=0.323914200 algebra_s=0.132215700 kkt_assembly_s=0.144693300 factor_s=0.283350500 solve_s=2.509245000 update_s=0.263863700 K_nnz=393075 rhs_cols=1021 Vxx_nnz=1040400
FILTERDDP_TIMING iteration=17 barrier_iteration=0 stage=1 derivative_s=0.350996000 first_order_s=0.100396200 second_order_s=0.250265000 algebra_s=0.140320800 kkt_assembly_s=0.374930000 factor_s=0.189361100 solve_s=2.217073800 update_s=3.478805900 K_nnz=393075 rhs_cols=1021 Vxx_nnz=1040400
FILTERDDP_FEASIBILITY iteration=17 barrier_iteration=0 equality_count=126909 equality_rms=4.084082425205e-02 equality_max=8.898961946718e-01 equality_worst_stage=1 equality_worst_index=1 dynamics_count=2040 dynamics_rms=0.000000000000e+00 dynamics_max=0.000000000000e+00 dynamics_worst_stage=0 dynamics_worst_index=0 bound_count=142221 bound_rms=0.000000000000e+00 bound_max=0.000000000000e+00 bound_worst_stage=0 bound_worst_index=0 bound_worst_kind=none
    17   3.48291226e+05   8.8990e-01   1.3657e+03   1.0000e+00    0.00      -     7.8125e-03   4
FILTERDDP_ITER_TIMING iteration=17 barrier_iteration=0 backward_s=16.191069800 forward_s=2.795141800 total_s=18.986211600 outcome=accepted step_size=7.812500000e-03 backtracks=4 mu=1.000000000e+00
FILTERDDP_TIMING iteration=18 barrier_iteration=0 stage=3 derivative_s=0.659702400 first_order_s=0.310907700 second_order_s=0.348401900 algebra_s=1.059168400 kkt_assembly_s=0.389557500 factor_s=0.212075600 solve_s=2.432831000 update_s=0.525383500 K_nnz=393075 rhs_cols=1021 Vxx_nnz=1040400
FILTERDDP_TIMING iteration=18 barrier_iteration=0 stage=2 derivative_s=0.354405400 first_order_s=0.103405800 second_order_s=0.250679400 algebra_s=0.131763800 kkt_assembly_s=0.172583200 factor_s=0.298786300 solve_s=2.425786000 update_s=0.220270600 K_nnz=393075 rhs_cols=1021 Vxx_nnz=1040400
FILTERDDP_TIMING iteration=18 barrier_iteration=0 stage=1 derivative_s=0.352087900 first_order_s=0.100152000 second_order_s=0.251594100 algebra_s=0.136693800 kkt_assembly_s=0.377299500 factor_s=0.209961800 solve_s=2.008036300 update_s=3.373888400 K_nnz=393075 rhs_cols=1021 Vxx_nnz=1040400
FILTERDDP_FEASIBILITY iteration=18 barrier_iteration=0 equality_count=126909 equality_rms=4.061761521159e-02 equality_max=8.829438806509e-01 equality_worst_stage=1 equality_worst_index=1 dynamics_count=2040 dynamics_rms=0.000000000000e+00 dynamics_max=0.000000000000e+00 dynamics_worst_stage=0 dynamics_worst_index=0 bound_count=142221 bound_rms=0.000000000000e+00 bound_max=0.000000000000e+00 bound_worst_stage=0 bound_worst_index=0 bound_worst_kind=none
    18   3.70116314e+05   8.8294e-01   1.3550e+03   1.0000e+00    0.00      -     7.8125e-03   4
FILTERDDP_ITER_TIMING iteration=18 barrier_iteration=0 backward_s=15.561331100 forward_s=2.791586300 total_s=18.352917400 outcome=accepted step_size=7.812500000e-03 backtracks=4 mu=1.000000000e+00
FILTERDDP_TIMING iteration=19 barrier_iteration=0 stage=3 derivative_s=0.660211300 first_order_s=0.155163400 second_order_s=0.504725600 algebra_s=1.157049700 kkt_assembly_s=0.436769800 factor_s=0.189770400 solve_s=2.547813900 update_s=0.546977800 K_nnz=393075 rhs_cols=1021 Vxx_nnz=1040400
FILTERDDP_TIMING iteration=19 barrier_iteration=0 stage=2 derivative_s=0.427161200 first_order_s=0.121483000 second_order_s=0.305242700 algebra_s=0.129639800 kkt_assembly_s=0.146134100 factor_s=0.281487800 solve_s=2.414003300 update_s=0.224524100 K_nnz=393075 rhs_cols=1021 Vxx_nnz=1040400
FILTERDDP_TIMING iteration=19 barrier_iteration=0 stage=1 derivative_s=0.369982300 first_order_s=0.111370800 second_order_s=0.258180700 algebra_s=0.126252000 kkt_assembly_s=0.371825400 factor_s=0.178188100 solve_s=1.909763100 update_s=3.929357800 K_nnz=393075 rhs_cols=1021 Vxx_nnz=1040400
FILTERDDP_FEASIBILITY iteration=19 barrier_iteration=0 equality_count=126909 equality_rms=4.040023561686e-02 equality_max=8.760458815834e-01 equality_worst_stage=1 equality_worst_index=1 dynamics_count=2040 dynamics_rms=0.000000000000e+00 dynamics_max=0.000000000000e+00 dynamics_worst_stage=0 dynamics_worst_index=0 bound_count=142221 bound_rms=0.000000000000e+00 bound_max=0.000000000000e+00 bound_worst_stage=0 bound_worst_index=0 bound_worst_kind=none
    19   3.91776523e+05   8.7605e-01   1.3445e+03   1.0000e+00    0.00      -     7.8125e-03   4
FILTERDDP_ITER_TIMING iteration=19 barrier_iteration=0 backward_s=16.241034000 forward_s=2.742371400 total_s=18.983405400 outcome=accepted step_size=7.812500000e-03 backtracks=4 mu=1.000000000e+00
  iter     objective        pr_inf       du_inf       cs_inf     lg(μ)   lg(reg)    alpha     ls
    20   3.91776523e+05   8.7605e-01   1.3445e+03   1.0000e+00    0.00      -     7.8125e-03   4


EXIT: Failed, maximum solver iterations reached.

solve complete: 383.927 s, iterations=20, status=8
final residuals: primal=8.760458815834e-01 dual=1.344460775890e+03 complementarity=9.999988791825e-01
solution_write_skipped=1
FilterDDP objective=413273.064048781816 max_equality_residual=8.692e-01
Ipopt objective=3063898.837596383411 objective_gap=2.651e+06
max_abs_diff[P_Subs]=8.198e+02
max_abs_diff[Q_Subs]=1.577e+00
max_abs_diff[P]=9.731e+00
max_abs_diff[Q]=9.599e-02
max_abs_diff[v]=8.909e-02
max_abs_diff[ell]=1.087e+02
max_abs_diff[P_B]=1.582e-01
max_abs_diff[B]=6.563e-01
max_abs_diff[q_D]=1.475e-01
CAPTURE_DONE exit=0 finished=2026-09-24T19:26:08
