CAPTURE_ENV system=ieee2522C_1ph T=3 arm=diag iteration=20 stage=1 C_B=1e-3 profile=periodic started=2026-09-24T19:16:38
C_B OVERRIDE: 0.001
ieee2522C_1ph T=3: nx=249, nu=13355, nc=10336, dense nu^2=178356025, reduced=3019
TERMINAL_SOC soft=1 gamma=3.290000e+04
build complete: 2.760 s, nc=10336
constructing dynamic Solver storage...
optimality_tolerance=1.000e-07 max_iterations=20
Solver construction complete: 0.490 s
entering solve! ...
[31;1m   
 _____ _ _ _            ____  ____  ____  
|  ___(_) | |_ ___ _ __|  _ \|  _ \|  _ \ 
| |_  | | | __/ _ \ '__| | | | | | | |_) |
|  _| | | | ||  __/ |  | |_| | |_| |  __/ 
|_|   |_|_|\__\___|_|  |____/|____/|_|                 
    
[0mFILTERDDP_TIMING iteration=0 barrier_iteration=0 stage=3 derivative_s=0.516465600 first_order_s=0.143425700 second_order_s=0.172325800 algebra_s=2.032546000 kkt_assembly_s=1.974779500 factor_s=0.469159600 solve_s=0.205441300 update_s=0.623371000 K_nnz=96025 rhs_cols=250 Vxx_nnz=62001
FILTERDDP_TIMING iteration=0 barrier_iteration=0 stage=2 derivative_s=0.048864500 first_order_s=0.034568900 second_order_s=0.014169000 algebra_s=0.026711300 kkt_assembly_s=0.082647800 factor_s=0.034046500 solve_s=0.093120400 update_s=0.168563700 K_nnz=96025 rhs_cols=250 Vxx_nnz=62001
FILTERDDP_TIMING iteration=0 barrier_iteration=0 stage=1 derivative_s=0.030832900 first_order_s=0.027136900 second_order_s=0.003572900 algebra_s=0.081014800 kkt_assembly_s=0.030124600 factor_s=0.092497300 solve_s=0.096000100 update_s=0.952173500 K_nnz=96025 rhs_cols=250 Vxx_nnz=62001
FILTERDDP_FEASIBILITY iteration=0 barrier_iteration=0 equality_count=31008 equality_rms=9.948835067269e-03 equality_max=1.000000000000e+00 equality_worst_stage=3 equality_worst_index=1 dynamics_count=498 dynamics_rms=0.000000000000e+00 dynamics_max=0.000000000000e+00 dynamics_worst_stage=0 dynamics_worst_index=0 bound_count=34743 bound_rms=0.000000000000e+00 bound_max=0.000000000000e+00 bound_worst_stage=0 bound_worst_index=0 bound_worst_kind=none
  iter     objective        pr_inf       du_inf       cs_inf     lg(μ)   lg(reg)    alpha     ls
     0   3.36000000e+03   1.0000e+00   1.5347e+03   1.0000e+00    0.00      -     0.0000e+00   0
FILTERDDP_ITER_TIMING iteration=0 barrier_iteration=0 backward_s=17.306456300 forward_s=1.496132100 total_s=18.802588400 outcome=accepted step_size=3.125000000e-02 backtracks=0 mu=1.000000000e+00
FILTERDDP_TIMING iteration=1 barrier_iteration=0 stage=3 derivative_s=0.046713900 first_order_s=0.022697000 second_order_s=0.023829500 algebra_s=0.110210500 kkt_assembly_s=0.041996100 factor_s=0.048495200 solve_s=0.133570300 update_s=0.038905400 K_nnz=96025 rhs_cols=250 Vxx_nnz=62001
FILTERDDP_TIMING iteration=1 barrier_iteration=0 stage=2 derivative_s=0.058951800 first_order_s=0.033377400 second_order_s=0.025449900 algebra_s=0.035146700 kkt_assembly_s=0.017906300 factor_s=0.068906100 solve_s=0.115142300 update_s=0.015878900 K_nnz=96025 rhs_cols=250 Vxx_nnz=62001
FILTERDDP_TIMING iteration=1 barrier_iteration=0 stage=1 derivative_s=0.116158400 first_order_s=0.020289000 second_order_s=0.095744500 algebra_s=0.024247600 kkt_assembly_s=0.476156600 factor_s=0.058645400 solve_s=0.104706400 update_s=0.130046000 K_nnz=96025 rhs_cols=250 Vxx_nnz=62001
FILTERDDP_FEASIBILITY iteration=1 barrier_iteration=0 equality_count=31008 equality_rms=1.121804752347e-02 equality_max=9.687500000000e-01 equality_worst_stage=3 equality_worst_index=1 dynamics_count=498 dynamics_rms=0.000000000000e+00 dynamics_max=0.000000000000e+00 dynamics_worst_stage=0 dynamics_worst_index=0 bound_count=34743 bound_rms=0.000000000000e+00 bound_max=0.000000000000e+00 bound_worst_stage=0 bound_worst_index=0 bound_worst_kind=none
     1   3.83574520e+03   9.6875e-01   1.4867e+03   9.9999e-01    0.00      -     3.1250e-02   0
FILTERDDP_ITER_TIMING iteration=1 barrier_iteration=0 backward_s=1.659732100 forward_s=0.261874500 total_s=1.921606600 outcome=accepted step_size=3.125000000e-02 backtracks=0 mu=1.000000000e+00
FILTERDDP_TIMING iteration=2 barrier_iteration=0 stage=3 derivative_s=0.029056100 first_order_s=0.011513700 second_order_s=0.017432200 algebra_s=0.069447500 kkt_assembly_s=0.037221200 factor_s=0.054731800 solve_s=0.090827500 update_s=0.026895900 K_nnz=96025 rhs_cols=250 Vxx_nnz=62001
FILTERDDP_TIMING iteration=2 barrier_iteration=0 stage=2 derivative_s=0.035380300 first_order_s=0.018064600 second_order_s=0.017196600 algebra_s=0.023473700 kkt_assembly_s=0.029432300 factor_s=0.033670200 solve_s=0.099519900 update_s=0.013884800 K_nnz=96025 rhs_cols=250 Vxx_nnz=62001
FILTERDDP_TIMING iteration=2 barrier_iteration=0 stage=1 derivative_s=0.097467200 first_order_s=0.080481600 second_order_s=0.016850000 algebra_s=0.014577200 kkt_assembly_s=0.387313700 factor_s=0.035312100 solve_s=0.099748500 update_s=0.140984500 K_nnz=96025 rhs_cols=250 Vxx_nnz=62001
FILTERDDP_FEASIBILITY iteration=2 barrier_iteration=0 equality_count=31008 equality_rms=1.225041668693e-02 equality_max=9.384765625000e-01 equality_worst_stage=3 equality_worst_index=1 dynamics_count=498 dynamics_rms=0.000000000000e+00 dynamics_max=0.000000000000e+00 dynamics_worst_stage=0 dynamics_worst_index=0 bound_count=34743 bound_rms=0.000000000000e+00 bound_max=0.000000000000e+00 bound_worst_stage=0 bound_worst_index=0 bound_worst_kind=none
     2   4.43378993e+03   9.3848e-01   1.4403e+03   9.9991e-01    0.00      -     3.1250e-02   0
FILTERDDP_ITER_TIMING iteration=2 barrier_iteration=0 backward_s=1.332069700 forward_s=0.282981500 total_s=1.615051200 outcome=accepted step_size=3.125000000e-02 backtracks=0 mu=1.000000000e+00
FILTERDDP_TIMING iteration=3 barrier_iteration=0 stage=3 derivative_s=0.057926800 first_order_s=0.034550200 second_order_s=0.023203000 algebra_s=0.081585800 kkt_assembly_s=0.034913500 factor_s=0.037804000 solve_s=0.166616100 update_s=0.025097400 K_nnz=96025 rhs_cols=250 Vxx_nnz=62001
FILTERDDP_TIMING iteration=3 barrier_iteration=0 stage=2 derivative_s=0.046744700 first_order_s=0.027140900 second_order_s=0.019481600 algebra_s=0.017555300 kkt_assembly_s=0.035791900 factor_s=0.061579800 solve_s=0.108636700 update_s=0.066305800 K_nnz=96025 rhs_cols=250 Vxx_nnz=62001
FILTERDDP_TIMING iteration=3 barrier_iteration=0 stage=1 derivative_s=0.038451100 first_order_s=0.019305300 second_order_s=0.019026300 algebra_s=0.020405900 kkt_assembly_s=0.386238300 factor_s=0.034102400 solve_s=0.117356400 update_s=0.121082000 K_nnz=96025 rhs_cols=250 Vxx_nnz=62001
FILTERDDP_FEASIBILITY iteration=3 barrier_iteration=0 equality_count=31008 equality_rms=1.331276613206e-02 equality_max=9.091491699219e-01 equality_worst_stage=3 equality_worst_index=1 dynamics_count=498 dynamics_rms=0.000000000000e+00 dynamics_max=0.000000000000e+00 dynamics_worst_stage=0 dynamics_worst_index=0 bound_count=34743 bound_rms=0.000000000000e+00 bound_max=0.000000000000e+00 bound_worst_stage=0 bound_worst_index=0 bound_worst_kind=none
     3   4.81743753e+03   9.0915e-01   1.3953e+03   9.9986e-01    0.00      -     3.1250e-02   0
FILTERDDP_ITER_TIMING iteration=3 barrier_iteration=0 backward_s=1.471640200 forward_s=0.157833000 total_s=1.629473200 outcome=accepted step_size=1.250000000e-01 backtracks=0 mu=1.000000000e+00
FILTERDDP_TIMING iteration=4 barrier_iteration=0 stage=3 derivative_s=0.044130100 first_order_s=0.018753400 second_order_s=0.025202400 algebra_s=0.107866900 kkt_assembly_s=0.032602900 factor_s=0.067120800 solve_s=0.100215300 update_s=0.027330200 K_nnz=96025 rhs_cols=250 Vxx_nnz=62001
FILTERDDP_TIMING iteration=4 barrier_iteration=0 stage=2 derivative_s=0.037681300 first_order_s=0.019793800 second_order_s=0.017761800 algebra_s=0.011909800 kkt_assembly_s=0.017915700 factor_s=0.035137300 solve_s=0.098201200 update_s=0.014363900 K_nnz=96025 rhs_cols=250 Vxx_nnz=62001
FILTERDDP_TIMING iteration=4 barrier_iteration=0 stage=1 derivative_s=0.060261300 first_order_s=0.036869800 second_order_s=0.023271900 algebra_s=0.035415500 kkt_assembly_s=0.024527700 factor_s=0.105608700 solve_s=0.095820800 update_s=0.511652100 K_nnz=96025 rhs_cols=250 Vxx_nnz=62001
FILTERDDP_FEASIBILITY iteration=4 barrier_iteration=0 equality_count=31008 equality_rms=3.787852825023e-02 equality_max=7.955055236816e-01 equality_worst_stage=3 equality_worst_index=1 dynamics_count=498 dynamics_rms=0.000000000000e+00 dynamics_max=0.000000000000e+00 dynamics_worst_stage=0 dynamics_worst_index=0 bound_count=34743 bound_rms=0.000000000000e+00 bound_max=0.000000000000e+00 bound_worst_stage=0 bound_worst_index=0 bound_worst_kind=none
     4   6.25739406e+03   7.9551e-01   1.1966e+03   9.9910e-01    0.00      -     1.2500e-01   0
FILTERDDP_ITER_TIMING iteration=4 barrier_iteration=0 backward_s=1.440148100 forward_s=0.223898800 total_s=1.664046900 outcome=accepted step_size=1.250000000e-01 backtracks=0 mu=1.000000000e+00
FILTERDDP_TIMING iteration=5 barrier_iteration=0 stage=3 derivative_s=0.030735900 first_order_s=0.013134900 second_order_s=0.017488700 algebra_s=0.060805000 kkt_assembly_s=0.030953700 factor_s=0.066524900 solve_s=0.120669500 update_s=0.028439800 K_nnz=96025 rhs_cols=250 Vxx_nnz=62001
FILTERDDP_TIMING iteration=5 barrier_iteration=0 stage=2 derivative_s=0.051324400 first_order_s=0.031104000 second_order_s=0.020087800 algebra_s=0.016341200 kkt_assembly_s=0.011293700 factor_s=0.035972500 solve_s=0.117189000 update_s=0.025921700 K_nnz=96025 rhs_cols=250 Vxx_nnz=62001
FILTERDDP_TIMING iteration=5 barrier_iteration=0 stage=1 derivative_s=0.032664400 first_order_s=0.013745900 second_order_s=0.018736600 algebra_s=0.022043600 kkt_assembly_s=0.042905500 factor_s=0.046888400 solve_s=0.120850200 update_s=0.130614300 K_nnz=96025 rhs_cols=250 Vxx_nnz=62001
FILTERDDP_FEASIBILITY iteration=5 barrier_iteration=0 equality_count=31008 equality_rms=4.572655694595e-02 equality_max=7.537443598274e-01 equality_worst_stage=3 equality_worst_index=7568 dynamics_count=498 dynamics_rms=0.000000000000e+00 dynamics_max=0.000000000000e+00 dynamics_worst_stage=0 dynamics_worst_index=0 bound_count=34743 bound_rms=0.000000000000e+00 bound_max=0.000000000000e+00 bound_worst_stage=0 bound_worst_index=0 bound_worst_kind=none
     5   7.27487752e+03   7.5374e-01   6.4777e+02   9.9821e-01    0.00      -     1.2500e-01   0
FILTERDDP_ITER_TIMING iteration=5 barrier_iteration=0 backward_s=1.007003600 forward_s=0.145565700 total_s=1.152569300 outcome=accepted step_size=2.500000000e-01 backtracks=0 mu=1.000000000e+00
FILTERDDP_TIMING iteration=6 barrier_iteration=0 stage=3 derivative_s=0.028364500 first_order_s=0.011520800 second_order_s=0.016725700 algebra_s=0.129099100 kkt_assembly_s=0.023367900 factor_s=0.461533300 solve_s=0.141971900 update_s=0.023555900 K_nnz=96025 rhs_cols=250 Vxx_nnz=62001
FILTERDDP_TIMING iteration=6 barrier_iteration=0 stage=2 derivative_s=0.035780700 first_order_s=0.015756500 second_order_s=0.019900600 algebra_s=0.008037800 kkt_assembly_s=0.011696600 factor_s=0.044428900 solve_s=0.114296900 update_s=0.014612200 K_nnz=96025 rhs_cols=250 Vxx_nnz=62001
FILTERDDP_TIMING iteration=6 barrier_iteration=0 stage=1 derivative_s=0.060979500 first_order_s=0.036457800 second_order_s=0.024348600 algebra_s=0.014438600 kkt_assembly_s=0.050377400 factor_s=0.055238500 solve_s=0.146110300 update_s=0.129189000 K_nnz=96025 rhs_cols=250 Vxx_nnz=62001
FILTERDDP_FEASIBILITY iteration=6 barrier_iteration=0 equality_count=31008 equality_rms=6.257645082946e-02 equality_max=1.042627688800e+00 equality_worst_stage=3 equality_worst_index=7568 dynamics_count=498 dynamics_rms=0.000000000000e+00 dynamics_max=0.000000000000e+00 dynamics_worst_stage=0 dynamics_worst_index=0 bound_count=34743 bound_rms=0.000000000000e+00 bound_max=0.000000000000e+00 bound_worst_stage=0 bound_worst_index=0 bound_worst_kind=none
     6   8.69828813e+03   1.0426e+00   2.5948e+02   9.9362e-01    0.00      -     2.5000e-01   0
FILTERDDP_ITER_TIMING iteration=6 barrier_iteration=0 backward_s=1.508360300 forward_s=0.152480000 total_s=1.660840300 outcome=accepted step_size=2.500000000e-01 backtracks=0 mu=1.000000000e+00
FILTERDDP_TIMING iteration=7 barrier_iteration=0 stage=3 derivative_s=0.126802800 first_order_s=0.092214300 second_order_s=0.034288600 algebra_s=0.080472200 kkt_assembly_s=0.460964900 factor_s=0.035497700 solve_s=0.096485900 update_s=0.027788300 K_nnz=96025 rhs_cols=250 Vxx_nnz=62001
FILTERDDP_TIMING iteration=7 barrier_iteration=0 stage=2 derivative_s=0.069289400 first_order_s=0.030748300 second_order_s=0.038371500 algebra_s=0.027888200 kkt_assembly_s=0.015368300 factor_s=0.035007500 solve_s=0.116894600 update_s=0.013887000 K_nnz=96025 rhs_cols=250 Vxx_nnz=62001
FILTERDDP_TIMING iteration=7 barrier_iteration=0 stage=1 derivative_s=0.067189600 first_order_s=0.032458400 second_order_s=0.034516100 algebra_s=0.014080300 kkt_assembly_s=0.024414500 factor_s=0.054556700 solve_s=0.103259700 update_s=0.127520100 K_nnz=96025 rhs_cols=250 Vxx_nnz=62001
FILTERDDP_FEASIBILITY iteration=7 barrier_iteration=0 equality_count=31008 equality_rms=5.391351493638e-02 equality_max=8.881806827440e-01 equality_worst_stage=3 equality_worst_index=7568 dynamics_count=498 dynamics_rms=0.000000000000e+00 dynamics_max=0.000000000000e+00 dynamics_worst_stage=0 dynamics_worst_index=0 bound_count=34743 bound_rms=0.000000000000e+00 bound_max=0.000000000000e+00 bound_worst_stage=0 bound_worst_index=0 bound_worst_kind=none
     7   9.34917883e+03   8.8818e-01   1.2135e+02   9.8926e-01    0.00      -     2.5000e-01   0
FILTERDDP_ITER_TIMING iteration=7 barrier_iteration=0 backward_s=1.510393300 forward_s=0.136215200 total_s=1.646608500 outcome=accepted step_size=5.000000000e-01 backtracks=0 mu=1.000000000e+00
FILTERDDP_TIMING iteration=8 barrier_iteration=0 stage=3 derivative_s=0.029764400 first_order_s=0.012132600 second_order_s=0.017515700 algebra_s=0.166199900 kkt_assembly_s=0.035160300 factor_s=0.052341100 solve_s=0.532510900 update_s=0.027864400 K_nnz=96025 rhs_cols=250 Vxx_nnz=62001
FILTERDDP_TIMING iteration=8 barrier_iteration=0 stage=2 derivative_s=0.039314700 first_order_s=0.021471300 second_order_s=0.017718600 algebra_s=0.018009400 kkt_assembly_s=0.022343400 factor_s=0.035833600 solve_s=0.101682200 update_s=0.014165400 K_nnz=96025 rhs_cols=250 Vxx_nnz=62001
FILTERDDP_TIMING iteration=8 barrier_iteration=0 stage=1 derivative_s=0.050097200 first_order_s=0.031933300 second_order_s=0.018036600 algebra_s=0.027175000 kkt_assembly_s=0.038241500 factor_s=0.034312200 solve_s=0.097823300 update_s=0.155554100 K_nnz=96025 rhs_cols=250 Vxx_nnz=62001
FILTERDDP_FEASIBILITY iteration=8 barrier_iteration=0 equality_count=31008 equality_rms=3.959825001922e-02 equality_max=6.353167386624e-01 equality_worst_stage=3 equality_worst_index=7568 dynamics_count=498 dynamics_rms=0.000000000000e+00 dynamics_max=0.000000000000e+00 dynamics_worst_stage=0 dynamics_worst_index=0 bound_count=34743 bound_rms=0.000000000000e+00 bound_max=0.000000000000e+00 bound_worst_stage=0 bound_worst_index=0 bound_worst_kind=none
     8   1.01968833e+04   6.3532e-01   3.3801e+01   9.7742e-01    0.00      -     5.0000e-01   0
FILTERDDP_ITER_TIMING iteration=8 barrier_iteration=0 backward_s=1.490712100 forward_s=0.161022300 total_s=1.651734400 outcome=accepted step_size=5.000000000e-01 backtracks=0 mu=1.000000000e+00
FILTERDDP_TIMING iteration=9 barrier_iteration=0 stage=3 derivative_s=0.030173100 first_order_s=0.013242100 second_order_s=0.016730000 algebra_s=0.086365200 kkt_assembly_s=0.027572100 factor_s=0.107573800 solve_s=0.094771200 update_s=0.027148600 K_nnz=96025 rhs_cols=250 Vxx_nnz=62001
FILTERDDP_TIMING iteration=9 barrier_iteration=0 stage=2 derivative_s=0.049475000 first_order_s=0.029654900 second_order_s=0.019695400 algebra_s=0.018494500 kkt_assembly_s=0.029302500 factor_s=0.039578500 solve_s=0.482243600 update_s=0.013179500 K_nnz=96025 rhs_cols=250 Vxx_nnz=62001
FILTERDDP_TIMING iteration=9 barrier_iteration=0 stage=1 derivative_s=0.051021800 first_order_s=0.030636000 second_order_s=0.020257800 algebra_s=0.018688500 kkt_assembly_s=0.038912300 factor_s=0.040949900 solve_s=0.102999500 update_s=0.153895700 K_nnz=96025 rhs_cols=250 Vxx_nnz=62001
FILTERDDP_FEASIBILITY iteration=9 barrier_iteration=0 equality_count=31008 equality_rms=2.181672720539e-02 equality_max=3.484540398092e-01 equality_worst_stage=1 equality_worst_index=7568 dynamics_count=498 dynamics_rms=0.000000000000e+00 dynamics_max=0.000000000000e+00 dynamics_worst_stage=0 dynamics_worst_index=0 bound_count=34743 bound_rms=0.000000000000e+00 bound_max=0.000000000000e+00 bound_worst_stage=0 bound_worst_index=0 bound_worst_kind=none
     9   1.05447697e+04   3.4845e-01   1.8062e+01   9.8854e-01    0.00      -     5.0000e-01   0
FILTERDDP_ITER_TIMING iteration=9 barrier_iteration=0 backward_s=1.424709800 forward_s=0.112245400 total_s=1.536955200 outcome=accepted step_size=5.000000000e-01 backtracks=0 mu=1.000000000e+00
FILTERDDP_TIMING iteration=10 barrier_iteration=0 stage=3 derivative_s=0.028414200 first_order_s=0.010883300 second_order_s=0.017421900 algebra_s=0.081650700 kkt_assembly_s=0.023868800 factor_s=0.032348300 solve_s=0.114965200 update_s=0.026420800 K_nnz=96025 rhs_cols=250 Vxx_nnz=62001
FILTERDDP_TIMING iteration=10 barrier_iteration=0 stage=2 derivative_s=0.039193300 first_order_s=0.022334300 second_order_s=0.016736000 algebra_s=0.009398800 kkt_assembly_s=0.010170300 factor_s=0.056897100 solve_s=0.124751700 update_s=0.016282800 K_nnz=96025 rhs_cols=250 Vxx_nnz=62001
FILTERDDP_TIMING iteration=10 barrier_iteration=0 stage=1 derivative_s=0.033602100 first_order_s=0.017118000 second_order_s=0.016364700 algebra_s=0.018808800 kkt_assembly_s=0.089049900 factor_s=0.034354600 solve_s=0.102595700 update_s=0.518439300 K_nnz=96025 rhs_cols=250 Vxx_nnz=62001
FILTERDDP_FEASIBILITY iteration=10 barrier_iteration=0 equality_count=31008 equality_rms=1.128600327143e-02 equality_max=1.820750946504e-01 equality_worst_stage=1 equality_worst_index=7568 dynamics_count=498 dynamics_rms=0.000000000000e+00 dynamics_max=0.000000000000e+00 dynamics_worst_stage=0 dynamics_worst_index=0 bound_count=34743 bound_rms=0.000000000000e+00 bound_max=0.000000000000e+00 bound_worst_stage=0 bound_worst_index=0 bound_worst_kind=none
  iter     objective        pr_inf       du_inf       cs_inf     lg(μ)   lg(reg)    alpha     ls
    10   1.07142614e+04   1.8208e-01   1.8215e+01   9.9428e-01    0.00      -     5.0000e-01   0
FILTERDDP_ITER_TIMING iteration=10 barrier_iteration=0 backward_s=1.374431000 forward_s=0.093793500 total_s=1.468224500 outcome=accepted step_size=5.000000000e-01 backtracks=0 mu=1.000000000e+00
FILTERDDP_TIMING iteration=11 barrier_iteration=0 stage=3 derivative_s=0.042148100 first_order_s=0.018169400 second_order_s=0.023802900 algebra_s=0.089664900 kkt_assembly_s=0.053575400 factor_s=0.034666800 solve_s=0.102916300 update_s=0.026862300 K_nnz=96025 rhs_cols=250 Vxx_nnz=62001
FILTERDDP_TIMING iteration=11 barrier_iteration=0 stage=2 derivative_s=0.047991800 first_order_s=0.024374700 second_order_s=0.023412000 algebra_s=0.016341300 kkt_assembly_s=0.012819700 factor_s=0.039542600 solve_s=0.135647100 update_s=0.016389800 K_nnz=96025 rhs_cols=250 Vxx_nnz=62001
FILTERDDP_TIMING iteration=11 barrier_iteration=0 stage=1 derivative_s=0.059935900 first_order_s=0.018180300 second_order_s=0.041636100 algebra_s=0.010591600 kkt_assembly_s=0.028159500 factor_s=0.038594700 solve_s=0.102944300 update_s=0.198092500 K_nnz=96025 rhs_cols=250 Vxx_nnz=62001
FILTERDDP_FEASIBILITY iteration=11 barrier_iteration=0 equality_count=31008 equality_rms=5.681918595180e-03 equality_max=9.298914751136e-02 equality_worst_stage=1 equality_worst_index=7568 dynamics_count=498 dynamics_rms=0.000000000000e+00 dynamics_max=0.000000000000e+00 dynamics_worst_stage=0 dynamics_worst_index=0 bound_count=34743 bound_rms=0.000000000000e+00 bound_max=0.000000000000e+00 bound_worst_stage=0 bound_worst_index=0 bound_worst_kind=none
    11   1.07994174e+04   9.2989e-02   1.3661e+01   9.9714e-01    0.00      -     5.0000e-01   0
FILTERDDP_ITER_TIMING iteration=11 barrier_iteration=0 backward_s=1.070077800 forward_s=0.105148300 total_s=1.175226100 outcome=accepted step_size=5.000000000e-01 backtracks=0 mu=1.000000000e+00
FILTERDDP_TIMING iteration=12 barrier_iteration=0 stage=3 derivative_s=0.041426900 first_order_s=0.018466000 second_order_s=0.022789700 algebra_s=0.084558200 kkt_assembly_s=0.030015000 factor_s=0.511078500 solve_s=0.137722600 update_s=0.026424300 K_nnz=96025 rhs_cols=250 Vxx_nnz=62001
FILTERDDP_TIMING iteration=12 barrier_iteration=0 stage=2 derivative_s=0.032250100 first_order_s=0.011627600 second_order_s=0.020441800 algebra_s=0.017759900 kkt_assembly_s=0.020226700 factor_s=0.039977700 solve_s=0.105744900 update_s=0.016003200 K_nnz=96025 rhs_cols=250 Vxx_nnz=62001
FILTERDDP_TIMING iteration=12 barrier_iteration=0 stage=1 derivative_s=0.034980600 first_order_s=0.018260600 second_order_s=0.016603800 algebra_s=0.021581300 kkt_assembly_s=0.030452500 factor_s=0.036468600 solve_s=0.151436500 update_s=0.124366300 K_nnz=96025 rhs_cols=250 Vxx_nnz=62001
FILTERDDP_FEASIBILITY iteration=12 barrier_iteration=0 equality_count=31008 equality_rms=2.831437508235e-03 equality_max=4.702198336626e-02 equality_worst_stage=1 equality_worst_index=7568 dynamics_count=498 dynamics_rms=0.000000000000e+00 dynamics_max=0.000000000000e+00 dynamics_worst_stage=0 dynamics_worst_index=0 bound_count=34743 bound_rms=0.000000000000e+00 bound_max=0.000000000000e+00 bound_worst_stage=0 bound_worst_index=0 bound_worst_kind=none
FILTERDDP_ITER_TIMING iteration=12 barrier_iteration=0 backward_s=1.475008200 forward_s=0.000000000 total_s=1.475008200 outcome=barrier_update step_size=5.000000000e-01 backtracks=0 mu=1.000000000e+00
FILTERDDP_TIMING iteration=12 barrier_iteration=1 stage=3 derivative_s=0.028104100 first_order_s=0.011279800 second_order_s=0.016719700 algebra_s=0.063123400 kkt_assembly_s=0.024275800 factor_s=0.033703300 solve_s=0.160863700 update_s=0.026372500 K_nnz=96025 rhs_cols=250 Vxx_nnz=62001
FILTERDDP_TIMING iteration=12 barrier_iteration=1 stage=2 derivative_s=0.039013000 first_order_s=0.021223400 second_order_s=0.017674500 algebra_s=0.012662300 kkt_assembly_s=0.023266400 factor_s=0.034467100 solve_s=0.096995800 update_s=0.013535000 K_nnz=96025 rhs_cols=250 Vxx_nnz=62001
FILTERDDP_TIMING iteration=12 barrier_iteration=1 stage=1 derivative_s=0.050477700 first_order_s=0.030566600 second_order_s=0.019792000 algebra_s=0.027888500 kkt_assembly_s=0.375232200 factor_s=0.034800900 solve_s=0.098056600 update_s=0.134910300 K_nnz=96025 rhs_cols=250 Vxx_nnz=62001
FILTERDDP_FEASIBILITY iteration=12 barrier_iteration=1 equality_count=31008 equality_rms=2.831437508235e-03 equality_max=4.702198336626e-02 equality_worst_stage=1 equality_worst_index=7568 dynamics_count=498 dynamics_rms=0.000000000000e+00 dynamics_max=0.000000000000e+00 dynamics_worst_stage=0 dynamics_worst_index=0 bound_count=34743 bound_rms=0.000000000000e+00 bound_max=0.000000000000e+00 bound_worst_stage=0 bound_worst_index=0 bound_worst_kind=none
    12   1.08442596e+04   4.7022e-02   9.0318e+00   9.9857e-01   -0.70      -     5.0000e-01   0
FILTERDDP_ITER_TIMING iteration=12 barrier_iteration=1 backward_s=1.289983400 forward_s=0.135748600 total_s=1.425732000 outcome=accepted step_size=5.000000000e-01 backtracks=0 mu=2.000000000e-01
FILTERDDP_TIMING iteration=13 barrier_iteration=1 stage=3 derivative_s=0.029433600 first_order_s=0.012556800 second_order_s=0.016759900 algebra_s=0.093354800 kkt_assembly_s=0.057600600 factor_s=0.034109500 solve_s=0.140376200 update_s=0.028094500 K_nnz=96025 rhs_cols=250 Vxx_nnz=62001
FILTERDDP_TIMING iteration=13 barrier_iteration=1 stage=2 derivative_s=0.027762100 first_order_s=0.011179300 second_order_s=0.016463100 algebra_s=0.018872000 kkt_assembly_s=0.024637100 factor_s=0.035618900 solve_s=0.096774800 update_s=0.013768300 K_nnz=96025 rhs_cols=250 Vxx_nnz=62001
FILTERDDP_TIMING iteration=13 barrier_iteration=1 stage=1 derivative_s=0.033935800 first_order_s=0.016971900 second_order_s=0.016843100 algebra_s=0.044060400 kkt_assembly_s=0.042009500 factor_s=0.074555400 solve_s=0.097591100 update_s=0.181172900 K_nnz=96025 rhs_cols=250 Vxx_nnz=62001
FILTERDDP_FEASIBILITY iteration=13 barrier_iteration=1 equality_count=31008 equality_rms=1.443986213069e-03 equality_max=2.437169993449e-02 equality_worst_stage=1 equality_worst_index=7568 dynamics_count=498 dynamics_rms=0.000000000000e+00 dynamics_max=0.000000000000e+00 dynamics_worst_stage=0 dynamics_worst_index=0 bound_count=34743 bound_rms=0.000000000000e+00 bound_max=0.000000000000e+00 bound_worst_stage=0 bound_worst_index=0 bound_worst_kind=none
    13   1.07367209e+04   2.4372e-02   7.3061e+00   6.3367e-01   -0.70      -     5.0000e-01   0
FILTERDDP_ITER_TIMING iteration=13 barrier_iteration=1 backward_s=1.086740800 forward_s=0.121905000 total_s=1.208645800 outcome=accepted step_size=5.000000000e-01 backtracks=0 mu=2.000000000e-01
FILTERDDP_TIMING iteration=14 barrier_iteration=1 stage=3 derivative_s=0.027951800 first_order_s=0.011171600 second_order_s=0.016669000 algebra_s=0.088869900 kkt_assembly_s=0.403276300 factor_s=0.035103400 solve_s=0.098091300 update_s=0.030141000 K_nnz=96025 rhs_cols=250 Vxx_nnz=62001
FILTERDDP_TIMING iteration=14 barrier_iteration=1 stage=2 derivative_s=0.040753100 first_order_s=0.023011900 second_order_s=0.017621200 algebra_s=0.017521200 kkt_assembly_s=0.025816000 factor_s=0.034652900 solve_s=0.097657700 update_s=0.012713600 K_nnz=96025 rhs_cols=250 Vxx_nnz=62001
FILTERDDP_TIMING iteration=14 barrier_iteration=1 stage=1 derivative_s=0.028515000 first_order_s=0.011820700 second_order_s=0.016575400 algebra_s=0.015069100 kkt_assembly_s=0.046593600 factor_s=0.049342400 solve_s=0.151998600 update_s=0.137834100 K_nnz=96025 rhs_cols=250 Vxx_nnz=62001
FILTERDDP_FEASIBILITY iteration=14 barrier_iteration=1 equality_count=31008 equality_rms=7.803369281217e-04 equality_max=1.337510696033e-02 equality_worst_stage=1 equality_worst_index=7568 dynamics_count=498 dynamics_rms=0.000000000000e+00 dynamics_max=0.000000000000e+00 dynamics_worst_stage=0 dynamics_worst_index=0 bound_count=34743 bound_rms=0.000000000000e+00 bound_max=0.000000000000e+00 bound_worst_stage=0 bound_worst_index=0 bound_worst_kind=none
    14   1.05928378e+04   1.3375e-02   3.5287e+01   4.3422e-01   -0.70      -     5.0000e-01   0
FILTERDDP_ITER_TIMING iteration=14 barrier_iteration=1 backward_s=1.354893800 forward_s=0.111286100 total_s=1.466179900 outcome=accepted step_size=5.000000000e-01 backtracks=0 mu=2.000000000e-01
FILTERDDP_TIMING iteration=15 barrier_iteration=1 stage=3 derivative_s=0.029747700 first_order_s=0.013071500 second_order_s=0.016560900 algebra_s=0.153548600 kkt_assembly_s=0.027797000 factor_s=0.045954900 solve_s=0.154740100 update_s=0.409761100 K_nnz=96025 rhs_cols=250 Vxx_nnz=62001
FILTERDDP_TIMING iteration=15 barrier_iteration=1 stage=2 derivative_s=0.050455400 first_order_s=0.030248700 second_order_s=0.020087300 algebra_s=0.013693700 kkt_assembly_s=0.025014800 factor_s=0.035286000 solve_s=0.096952800 update_s=0.013382900 K_nnz=96025 rhs_cols=250 Vxx_nnz=62001
FILTERDDP_TIMING iteration=15 barrier_iteration=1 stage=1 derivative_s=0.050082600 first_order_s=0.029841800 second_order_s=0.020112800 algebra_s=0.013429100 kkt_assembly_s=0.022162900 factor_s=0.059762900 solve_s=0.097489500 update_s=0.125731700 K_nnz=96025 rhs_cols=250 Vxx_nnz=62001
FILTERDDP_FEASIBILITY iteration=15 barrier_iteration=1 equality_count=31008 equality_rms=4.990786324789e-04 equality_max=8.976505626508e-03 equality_worst_stage=2 equality_worst_index=7569 dynamics_count=498 dynamics_rms=0.000000000000e+00 dynamics_max=0.000000000000e+00 dynamics_worst_stage=0 dynamics_worst_index=0 bound_count=34743 bound_rms=0.000000000000e+00 bound_max=0.000000000000e+00 bound_worst_stage=0 bound_worst_index=0 bound_worst_kind=none
    15   1.04365277e+04   8.9765e-03   6.7032e+01   3.2406e-01   -0.70      -     5.0000e-01   0
FILTERDDP_ITER_TIMING iteration=15 barrier_iteration=1 backward_s=1.437212100 forward_s=0.139448800 total_s=1.576660900 outcome=accepted step_size=5.000000000e-01 backtracks=0 mu=2.000000000e-01
FILTERDDP_TIMING iteration=16 barrier_iteration=1 stage=3 derivative_s=0.028098600 first_order_s=0.011083900 second_order_s=0.016897500 algebra_s=0.076169800 kkt_assembly_s=0.045402100 factor_s=0.058560100 solve_s=0.147373100 update_s=0.027899600 K_nnz=96025 rhs_cols=250 Vxx_nnz=62001
FILTERDDP_TIMING iteration=16 barrier_iteration=1 stage=2 derivative_s=0.049218500 first_order_s=0.029426100 second_order_s=0.019669700 algebra_s=0.011305700 kkt_assembly_s=0.015470700 factor_s=0.034557000 solve_s=0.099538000 update_s=0.017284900 K_nnz=96025 rhs_cols=250 Vxx_nnz=62001
FILTERDDP_TIMING iteration=16 barrier_iteration=1 stage=1 derivative_s=0.056643600 first_order_s=0.033461000 second_order_s=0.023059900 algebra_s=0.033525400 kkt_assembly_s=0.455325300 factor_s=0.045412800 solve_s=0.136470400 update_s=0.122790900 K_nnz=96025 rhs_cols=250 Vxx_nnz=62001
FILTERDDP_FEASIBILITY iteration=16 barrier_iteration=1 equality_count=31008 equality_rms=3.734395355702e-04 equality_max=8.306948642982e-03 equality_worst_stage=2 equality_worst_index=7582 dynamics_count=498 dynamics_rms=0.000000000000e+00 dynamics_max=0.000000000000e+00 dynamics_worst_stage=0 dynamics_worst_index=0 bound_count=34743 bound_rms=0.000000000000e+00 bound_max=0.000000000000e+00 bound_worst_stage=0 bound_worst_index=0 bound_worst_kind=none
    16   1.03015452e+04   8.3069e-03   8.1512e+01   2.6440e-01   -0.70      -     5.0000e-01   0
FILTERDDP_ITER_TIMING iteration=16 barrier_iteration=1 backward_s=1.475583600 forward_s=0.100018000 total_s=1.575601600 outcome=accepted step_size=5.000000000e-01 backtracks=0 mu=2.000000000e-01
FILTERDDP_TIMING iteration=17 barrier_iteration=1 stage=3 derivative_s=0.028355200 first_order_s=0.010978200 second_order_s=0.017259900 algebra_s=0.081172600 kkt_assembly_s=0.024406700 factor_s=0.034525100 solve_s=0.152765600 update_s=0.032712600 K_nnz=96025 rhs_cols=250 Vxx_nnz=62001
FILTERDDP_TIMING iteration=17 barrier_iteration=1 stage=2 derivative_s=0.038001600 first_order_s=0.019432200 second_order_s=0.018452900 algebra_s=0.015074400 kkt_assembly_s=0.011168000 factor_s=0.035000300 solve_s=0.109548500 update_s=0.012849700 K_nnz=96025 rhs_cols=250 Vxx_nnz=62001
FILTERDDP_TIMING iteration=17 barrier_iteration=1 stage=1 derivative_s=0.043289500 first_order_s=0.019832700 second_order_s=0.023273800 algebra_s=0.015636100 kkt_assembly_s=0.028668400 factor_s=0.036909500 solve_s=0.113322400 update_s=0.127518600 K_nnz=96025 rhs_cols=250 Vxx_nnz=62001
FILTERDDP_FEASIBILITY iteration=17 barrier_iteration=1 equality_count=31008 equality_rms=2.562271919754e-04 equality_max=6.063939480736e-03 equality_worst_stage=2 equality_worst_index=7582 dynamics_count=498 dynamics_rms=0.000000000000e+00 dynamics_max=0.000000000000e+00 dynamics_worst_stage=0 dynamics_worst_index=0 bound_count=34743 bound_rms=0.000000000000e+00 bound_max=0.000000000000e+00 bound_worst_stage=0 bound_worst_index=0 bound_worst_kind=none
    17   1.02091773e+04   6.0639e-03   6.1831e+01   2.3297e-01   -0.70      -     5.0000e-01   0
FILTERDDP_ITER_TIMING iteration=17 barrier_iteration=1 backward_s=0.953160300 forward_s=0.110072300 total_s=1.063232600 outcome=accepted step_size=5.000000000e-01 backtracks=0 mu=2.000000000e-01
FILTERDDP_TIMING iteration=18 barrier_iteration=1 stage=3 derivative_s=0.037606700 first_order_s=0.017267800 second_order_s=0.020186000 algebra_s=0.083103300 kkt_assembly_s=0.095318800 factor_s=0.033276200 solve_s=0.160606300 update_s=0.031835700 K_nnz=96025 rhs_cols=250 Vxx_nnz=62001
FILTERDDP_TIMING iteration=18 barrier_iteration=1 stage=2 derivative_s=0.041806400 first_order_s=0.019452000 second_order_s=0.022232600 algebra_s=0.018890900 kkt_assembly_s=0.010344900 factor_s=0.382103100 solve_s=0.131131900 update_s=0.017440000 K_nnz=96025 rhs_cols=250 Vxx_nnz=62001
FILTERDDP_TIMING iteration=18 barrier_iteration=1 stage=1 derivative_s=0.041508700 first_order_s=0.018692400 second_order_s=0.022633600 algebra_s=0.011109000 kkt_assembly_s=0.020736600 factor_s=0.032858500 solve_s=0.099474900 update_s=0.125246700 K_nnz=96025 rhs_cols=250 Vxx_nnz=62001
FILTERDDP_FEASIBILITY iteration=18 barrier_iteration=1 equality_count=31008 equality_rms=1.525430059000e-04 equality_max=3.630406918113e-03 equality_worst_stage=2 equality_worst_index=7582 dynamics_count=498 dynamics_rms=0.000000000000e+00 dynamics_max=0.000000000000e+00 dynamics_worst_stage=0 dynamics_worst_index=0 bound_count=34743 bound_rms=0.000000000000e+00 bound_max=0.000000000000e+00 bound_worst_stage=0 bound_worst_index=0 bound_worst_kind=none
    18   1.01555107e+04   3.6304e-03   3.3992e+01   2.1671e-01   -0.70      -     5.0000e-01   0
FILTERDDP_ITER_TIMING iteration=18 barrier_iteration=1 backward_s=1.389286000 forward_s=0.152764600 total_s=1.542050600 outcome=accepted step_size=5.000000000e-01 backtracks=0 mu=2.000000000e-01
FILTERDDP_TIMING iteration=19 barrier_iteration=1 stage=3 derivative_s=0.043768300 first_order_s=0.019340500 second_order_s=0.024243500 algebra_s=0.092936300 kkt_assembly_s=0.027017700 factor_s=0.037135000 solve_s=0.128264600 update_s=0.029431900 K_nnz=96025 rhs_cols=250 Vxx_nnz=62001
FILTERDDP_TIMING iteration=19 barrier_iteration=1 stage=2 derivative_s=0.058842900 first_order_s=0.031097000 second_order_s=0.027622500 algebra_s=0.013463500 kkt_assembly_s=0.015609800 factor_s=0.054304300 solve_s=0.135254000 update_s=0.014722200 K_nnz=96025 rhs_cols=250 Vxx_nnz=62001
FILTERDDP_TIMING iteration=19 barrier_iteration=1 stage=1 derivative_s=0.056608000 first_order_s=0.031022500 second_order_s=0.025403400 algebra_s=0.020539400 kkt_assembly_s=0.097992600 factor_s=0.040048500 solve_s=0.150630600 update_s=0.480033000 K_nnz=96025 rhs_cols=250 Vxx_nnz=62001
FILTERDDP_FEASIBILITY iteration=19 barrier_iteration=1 equality_count=31008 equality_rms=8.339696011098e-05 equality_max=1.976757398930e-03 equality_worst_stage=2 equality_worst_index=7582 dynamics_count=498 dynamics_rms=0.000000000000e+00 dynamics_max=0.000000000000e+00 dynamics_worst_stage=0 dynamics_worst_index=0 bound_count=34743 bound_rms=0.000000000000e+00 bound_max=0.000000000000e+00 bound_worst_stage=0 bound_worst_index=0 bound_worst_kind=none
    19   1.01266258e+04   1.9768e-03   1.6950e+01   2.0842e-01   -0.70      -     5.0000e-01   0
FILTERDDP_ITER_TIMING iteration=19 barrier_iteration=1 backward_s=1.510998700 forward_s=0.125885200 total_s=1.636883900 outcome=accepted step_size=5.000000000e-01 backtracks=0 mu=2.000000000e-01
  iter     objective        pr_inf       du_inf       cs_inf     lg(μ)   lg(reg)    alpha     ls
    20   1.01266258e+04   1.9768e-03   1.6950e+01   2.0842e-01   -0.70      -     5.0000e-01   0


EXIT: Failed, maximum solver iterations reached.

solve complete: 52.428 s, iterations=20, status=8
final residuals: primal=1.976757398930e-03 dual=1.695045291274e+01 complementarity=2.084188567220e-01
solution_write_skipped=1
FilterDDP objective=10111.750738984745 max_equality_residual=1.068e-03
Ipopt objective=8230.825182350914 objective_gap=1.881e+03
max_abs_diff[P_Subs]=6.602e-01
max_abs_diff[Q_Subs]=4.670e-01
max_abs_diff[P]=6.602e-01
max_abs_diff[Q]=4.670e-01
max_abs_diff[v]=7.718e-02
max_abs_diff[ell]=3.821e+01
max_abs_diff[P_B]=2.365e-03
max_abs_diff[B]=1.046e-02
max_abs_diff[q_D]=6.275e-03
CAPTURE_DONE exit=0 finished=2026-09-24T19:17:50
