CAPTURE_ENV system=ieee123C_1ph T=3 arm=exact iteration=20 stage=1 C_B=1e-3 profile=periodic started=2026-09-24T19:15:58
C_B OVERRIDE: 0.001
ieee123C_1ph T=3: nx=51, nu=791, nc=562, dense nu^2=625681, reduced=229
TERMINAL_SOC soft=1 gamma=1.750000e+04
build complete: 2.635 s, nc=562
constructing dynamic Solver storage...
optimality_tolerance=1.000e-07 max_iterations=20
Solver construction complete: 0.361 s
entering solve! ...
[31;1m   
 _____ _ _ _            ____  ____  ____  
|  ___(_) | |_ ___ _ __|  _ \|  _ \|  _ \ 
| |_  | | | __/ _ \ '__| | | | | | | |_) |
|  _| | | | ||  __/ |  | |_| | |_| |  __/ 
|_|   |_|_|\__\___|_|  |____/|____/|_|                 
    
[0mFILTERDDP_TIMING iteration=0 barrier_iteration=0 stage=3 derivative_s=0.288061000 first_order_s=0.080146700 second_order_s=0.103738800 algebra_s=1.454228800 kkt_assembly_s=1.351197900 factor_s=0.352797300 solve_s=0.070133600 update_s=0.482340200 K_nnz=5014 rhs_cols=52 Vxx_nnz=2601
FILTERDDP_TIMING iteration=0 barrier_iteration=0 stage=2 derivative_s=0.032827400 first_order_s=0.021392400 second_order_s=0.011389300 algebra_s=0.000366700 kkt_assembly_s=0.198924400 factor_s=0.003613800 solve_s=0.001572300 update_s=0.249612100 K_nnz=7564 rhs_cols=52 Vxx_nnz=2601
FILTERDDP_TIMING iteration=0 barrier_iteration=0 stage=1 derivative_s=0.000751600 first_order_s=0.000527600 second_order_s=0.000179100 algebra_s=0.000416200 kkt_assembly_s=0.000535200 factor_s=0.003399200 solve_s=0.001439900 update_s=0.647303200 K_nnz=7564 rhs_cols=52 Vxx_nnz=2601
FILTERDDP_FEASIBILITY iteration=0 barrier_iteration=0 equality_count=1686 equality_rms=4.302309408669e-02 equality_max=1.000000000000e+00 equality_worst_stage=3 equality_worst_index=1 dynamics_count=102 dynamics_rms=0.000000000000e+00 dynamics_max=0.000000000000e+00 dynamics_worst_stage=0 dynamics_worst_index=0 bound_count=2451 bound_rms=0.000000000000e+00 bound_max=0.000000000000e+00 bound_worst_stage=0 bound_worst_index=0 bound_worst_kind=none
  iter     objective        pr_inf       du_inf       cs_inf     lg(μ)   lg(reg)    alpha     ls
     0   3.36000000e+03   1.0000e+00   1.5347e+03   1.0000e+00    0.00      -     0.0000e+00   0
FILTERDDP_ITER_TIMING iteration=0 barrier_iteration=0 backward_s=14.798268800 forward_s=0.933121400 total_s=15.731390200 outcome=accepted step_size=6.250000000e-02 backtracks=0 mu=1.000000000e+00
FILTERDDP_TIMING iteration=1 barrier_iteration=0 stage=3 derivative_s=0.000776500 first_order_s=0.000521100 second_order_s=0.000213400 algebra_s=0.001251000 kkt_assembly_s=0.000276100 factor_s=0.002313200 solve_s=0.000940200 update_s=0.000874600 K_nnz=5522 rhs_cols=52 Vxx_nnz=2601
FILTERDDP_TIMING iteration=1 barrier_iteration=0 stage=2 derivative_s=0.002065300 first_order_s=0.001476900 second_order_s=0.000525100 algebra_s=0.000752900 kkt_assembly_s=0.000715000 factor_s=0.012085700 solve_s=0.004537500 update_s=0.000708200 K_nnz=8072 rhs_cols=52 Vxx_nnz=2601
FILTERDDP_TIMING iteration=1 barrier_iteration=0 stage=1 derivative_s=0.001894200 first_order_s=0.001340400 second_order_s=0.000492600 algebra_s=0.001147900 kkt_assembly_s=0.000837300 factor_s=0.007884700 solve_s=0.003018500 update_s=0.005118000 K_nnz=8072 rhs_cols=52 Vxx_nnz=2601
FILTERDDP_FEASIBILITY iteration=1 barrier_iteration=0 equality_count=1686 equality_rms=4.042933688718e-02 equality_max=9.375000000000e-01 equality_worst_stage=2 equality_worst_index=1 dynamics_count=102 dynamics_rms=0.000000000000e+00 dynamics_max=0.000000000000e+00 dynamics_worst_stage=0 dynamics_worst_index=0 bound_count=2451 bound_rms=0.000000000000e+00 bound_max=0.000000000000e+00 bound_worst_stage=0 bound_worst_index=0 bound_worst_kind=none
     1   3.46747381e+03   9.3750e-01   1.4388e+03   1.0000e+00    0.00      -     6.2500e-02   0
FILTERDDP_ITER_TIMING iteration=1 barrier_iteration=0 backward_s=0.047702100 forward_s=0.011363800 total_s=0.059065900 outcome=accepted step_size=1.250000000e-01 backtracks=0 mu=1.000000000e+00
FILTERDDP_TIMING iteration=2 barrier_iteration=0 stage=3 derivative_s=0.001872800 first_order_s=0.001267000 second_order_s=0.000528200 algebra_s=0.001679200 kkt_assembly_s=0.000273900 factor_s=0.002537300 solve_s=0.000991200 update_s=0.000756200 K_nnz=5522 rhs_cols=52 Vxx_nnz=2601
FILTERDDP_TIMING iteration=2 barrier_iteration=0 stage=2 derivative_s=0.000733600 first_order_s=0.000485900 second_order_s=0.000225000 algebra_s=0.000343900 kkt_assembly_s=0.000256900 factor_s=0.004019500 solve_s=0.001566000 update_s=0.000273200 K_nnz=8072 rhs_cols=52 Vxx_nnz=2601
FILTERDDP_TIMING iteration=2 barrier_iteration=0 stage=1 derivative_s=0.000810400 first_order_s=0.000527000 second_order_s=0.000261000 algebra_s=0.000328700 kkt_assembly_s=0.000316200 factor_s=0.003696800 solve_s=0.001617700 update_s=0.003415800 K_nnz=8072 rhs_cols=52 Vxx_nnz=2601
FILTERDDP_FEASIBILITY iteration=2 barrier_iteration=0 equality_count=1686 equality_rms=3.577215371923e-02 equality_max=8.203125000000e-01 equality_worst_stage=1 equality_worst_index=1 dynamics_count=102 dynamics_rms=0.000000000000e+00 dynamics_max=0.000000000000e+00 dynamics_worst_stage=0 dynamics_worst_index=0 bound_count=2451 bound_rms=0.000000000000e+00 bound_max=0.000000000000e+00 bound_worst_stage=0 bound_worst_index=0 bound_worst_kind=none
     2   3.58132532e+03   8.2031e-01   1.2589e+03   1.0000e+00    0.00      -     1.2500e-01   0
FILTERDDP_ITER_TIMING iteration=2 barrier_iteration=0 backward_s=0.025940000 forward_s=0.009658200 total_s=0.035598200 outcome=accepted step_size=2.500000000e-01 backtracks=0 mu=1.000000000e+00
FILTERDDP_TIMING iteration=3 barrier_iteration=0 stage=3 derivative_s=0.001968300 first_order_s=0.001378200 second_order_s=0.000531200 algebra_s=0.003138100 kkt_assembly_s=0.001122000 factor_s=0.007835500 solve_s=0.004060200 update_s=0.001354900 K_nnz=5522 rhs_cols=52 Vxx_nnz=2601
FILTERDDP_TIMING iteration=3 barrier_iteration=0 stage=2 derivative_s=0.002073100 first_order_s=0.001483500 second_order_s=0.000523200 algebra_s=0.051925000 kkt_assembly_s=0.001155500 factor_s=0.015328600 solve_s=0.003997400 update_s=0.000645700 K_nnz=8072 rhs_cols=52 Vxx_nnz=2601
FILTERDDP_TIMING iteration=3 barrier_iteration=0 stage=1 derivative_s=0.001560700 first_order_s=0.001073000 second_order_s=0.000437400 algebra_s=0.000960300 kkt_assembly_s=0.001052600 factor_s=0.006277300 solve_s=0.002067300 update_s=0.002658300 K_nnz=8072 rhs_cols=52 Vxx_nnz=2601
FILTERDDP_FEASIBILITY iteration=3 barrier_iteration=0 equality_count=1686 equality_rms=2.899716334587e-02 equality_max=6.152343750000e-01 equality_worst_stage=1 equality_worst_index=1 dynamics_count=102 dynamics_rms=0.000000000000e+00 dynamics_max=0.000000000000e+00 dynamics_worst_stage=0 dynamics_worst_index=0 bound_count=2451 bound_rms=0.000000000000e+00 bound_max=0.000000000000e+00 bound_worst_stage=0 bound_worst_index=0 bound_worst_kind=none
     3   3.58410627e+03   6.1523e-01   9.4420e+02   9.9999e-01    0.00      -     2.5000e-01   0
FILTERDDP_ITER_TIMING iteration=3 barrier_iteration=0 backward_s=0.109729400 forward_s=0.004984600 total_s=0.114714000 outcome=accepted step_size=2.500000000e-01 backtracks=0 mu=1.000000000e+00
FILTERDDP_TIMING iteration=4 barrier_iteration=0 stage=3 derivative_s=0.000675000 first_order_s=0.000426800 second_order_s=0.000227800 algebra_s=0.001106000 kkt_assembly_s=0.000488300 factor_s=0.002653800 solve_s=0.001075100 update_s=0.000795700 K_nnz=5522 rhs_cols=52 Vxx_nnz=2601
FILTERDDP_TIMING iteration=4 barrier_iteration=0 stage=2 derivative_s=0.001988900 first_order_s=0.001338800 second_order_s=0.000589900 algebra_s=0.001292900 kkt_assembly_s=0.001057600 factor_s=0.014839800 solve_s=0.003918600 update_s=0.000594000 K_nnz=8072 rhs_cols=52 Vxx_nnz=2601
FILTERDDP_TIMING iteration=4 barrier_iteration=0 stage=1 derivative_s=0.001448600 first_order_s=0.000999000 second_order_s=0.000402500 algebra_s=0.000927800 kkt_assembly_s=0.001090200 factor_s=0.006482800 solve_s=0.002013000 update_s=0.002320400 K_nnz=8072 rhs_cols=52 Vxx_nnz=2601
FILTERDDP_FEASIBILITY iteration=4 barrier_iteration=0 equality_count=1686 equality_rms=2.306919993502e-02 equality_max=4.614257812500e-01 equality_worst_stage=1 equality_worst_index=1 dynamics_count=102 dynamics_rms=0.000000000000e+00 dynamics_max=0.000000000000e+00 dynamics_worst_stage=0 dynamics_worst_index=0 bound_count=2451 bound_rms=0.000000000000e+00 bound_max=0.000000000000e+00 bound_worst_stage=0 bound_worst_index=0 bound_worst_kind=none
     4   3.55910495e+03   4.6143e-01   7.0815e+02   9.9998e-01    0.00      -     2.5000e-01   0
FILTERDDP_ITER_TIMING iteration=4 barrier_iteration=0 backward_s=0.045166900 forward_s=0.002506400 total_s=0.047673300 outcome=accepted step_size=5.000000000e-01 backtracks=0 mu=1.000000000e+00
FILTERDDP_TIMING iteration=5 barrier_iteration=0 stage=3 derivative_s=0.000671200 first_order_s=0.000423500 second_order_s=0.000227200 algebra_s=0.001938000 kkt_assembly_s=0.001836300 factor_s=0.007047400 solve_s=0.002924600 update_s=0.001193600 K_nnz=5522 rhs_cols=52 Vxx_nnz=2601
FILTERDDP_TIMING iteration=5 barrier_iteration=0 stage=2 derivative_s=0.001928500 first_order_s=0.001323200 second_order_s=0.000540200 algebra_s=0.001348600 kkt_assembly_s=0.000897700 factor_s=0.009271600 solve_s=0.002034900 update_s=0.000320700 K_nnz=8072 rhs_cols=52 Vxx_nnz=2601
FILTERDDP_TIMING iteration=5 barrier_iteration=0 stage=1 derivative_s=0.000809800 first_order_s=0.000542300 second_order_s=0.000242000 algebra_s=0.000475100 kkt_assembly_s=0.000565100 factor_s=0.004790800 solve_s=0.001771900 update_s=0.003517600 K_nnz=8072 rhs_cols=52 Vxx_nnz=2601
FILTERDDP_FEASIBILITY iteration=5 barrier_iteration=0 equality_count=1686 equality_rms=1.551647432835e-02 equality_max=2.307128906250e-01 equality_worst_stage=1 equality_worst_index=1 dynamics_count=102 dynamics_rms=0.000000000000e+00 dynamics_max=0.000000000000e+00 dynamics_worst_stage=0 dynamics_worst_index=0 bound_count=2451 bound_rms=0.000000000000e+00 bound_max=0.000000000000e+00 bound_worst_stage=0 bound_worst_index=0 bound_worst_kind=none
     5   3.51276671e+03   2.3071e-01   3.3767e+02   9.9998e-01    0.00      -     5.0000e-01   0
FILTERDDP_ITER_TIMING iteration=5 barrier_iteration=0 backward_s=0.043765900 forward_s=0.006734400 total_s=0.050500300 outcome=accepted step_size=5.000000000e-01 backtracks=0 mu=1.000000000e+00
FILTERDDP_TIMING iteration=6 barrier_iteration=0 stage=3 derivative_s=0.001104800 first_order_s=0.000707200 second_order_s=0.000367200 algebra_s=0.001789500 kkt_assembly_s=0.000549600 factor_s=0.004573700 solve_s=0.001560700 update_s=0.000685100 K_nnz=5522 rhs_cols=52 Vxx_nnz=2601
FILTERDDP_TIMING iteration=6 barrier_iteration=0 stage=2 derivative_s=0.001621800 first_order_s=0.001092600 second_order_s=0.000486600 algebra_s=0.001008300 kkt_assembly_s=0.000925000 factor_s=0.011031300 solve_s=0.003677800 update_s=0.000589500 K_nnz=8072 rhs_cols=52 Vxx_nnz=2601
FILTERDDP_TIMING iteration=6 barrier_iteration=0 stage=1 derivative_s=0.001161800 first_order_s=0.000794000 second_order_s=0.000326700 algebra_s=0.000703200 kkt_assembly_s=0.000713200 factor_s=0.007708800 solve_s=0.001468700 update_s=0.002221300 K_nnz=8072 rhs_cols=52 Vxx_nnz=2601
FILTERDDP_FEASIBILITY iteration=6 barrier_iteration=0 equality_count=1686 equality_rms=8.813002106967e-03 equality_max=1.153564453125e-01 equality_worst_stage=1 equality_worst_index=1 dynamics_count=102 dynamics_rms=0.000000000000e+00 dynamics_max=0.000000000000e+00 dynamics_worst_stage=0 dynamics_worst_index=0 bound_count=2451 bound_rms=0.000000000000e+00 bound_max=0.000000000000e+00 bound_worst_stage=0 bound_worst_index=0 bound_worst_kind=none
     6   3.48781272e+03   1.1536e-01   1.4624e+02   9.9999e-01    0.00      -     5.0000e-01   0
FILTERDDP_ITER_TIMING iteration=6 barrier_iteration=0 backward_s=0.043474900 forward_s=0.003829100 total_s=0.047304000 outcome=accepted step_size=5.000000000e-01 backtracks=0 mu=1.000000000e+00
FILTERDDP_TIMING iteration=7 barrier_iteration=0 stage=3 derivative_s=0.001319300 first_order_s=0.000783500 second_order_s=0.000503200 algebra_s=0.002350400 kkt_assembly_s=0.024475800 factor_s=0.004587100 solve_s=0.001161700 update_s=0.000758700 K_nnz=5522 rhs_cols=52 Vxx_nnz=2601
FILTERDDP_TIMING iteration=7 barrier_iteration=0 stage=2 derivative_s=0.002078300 first_order_s=0.001504600 second_order_s=0.000503900 algebra_s=0.000895300 kkt_assembly_s=0.000927800 factor_s=0.015192500 solve_s=0.004069100 update_s=0.000605100 K_nnz=8072 rhs_cols=52 Vxx_nnz=2601
FILTERDDP_TIMING iteration=7 barrier_iteration=0 stage=1 derivative_s=0.001540900 first_order_s=0.001077900 second_order_s=0.000418800 algebra_s=0.000691900 kkt_assembly_s=0.000680000 factor_s=0.008110100 solve_s=0.002388100 update_s=0.002318200 K_nnz=8072 rhs_cols=52 Vxx_nnz=2601
FILTERDDP_FEASIBILITY iteration=7 barrier_iteration=0 equality_count=1686 equality_rms=4.852206979066e-03 equality_max=5.767822265625e-02 equality_worst_stage=1 equality_worst_index=1 dynamics_count=102 dynamics_rms=0.000000000000e+00 dynamics_max=0.000000000000e+00 dynamics_worst_stage=0 dynamics_worst_index=0 bound_count=2451 bound_rms=0.000000000000e+00 bound_max=0.000000000000e+00 bound_worst_stage=0 bound_worst_index=0 bound_worst_kind=none
     7   3.47641783e+03   5.7678e-02   6.8385e+01   9.9999e-01    0.00      -     5.0000e-01   0
FILTERDDP_ITER_TIMING iteration=7 barrier_iteration=0 backward_s=0.074596400 forward_s=0.003422100 total_s=0.078018500 outcome=accepted step_size=5.000000000e-01 backtracks=0 mu=1.000000000e+00
FILTERDDP_TIMING iteration=8 barrier_iteration=0 stage=3 derivative_s=0.000634000 first_order_s=0.000395800 second_order_s=0.000201400 algebra_s=0.000962200 kkt_assembly_s=0.000270700 factor_s=0.002057300 solve_s=0.000911800 update_s=0.000687000 K_nnz=5522 rhs_cols=52 Vxx_nnz=2601
FILTERDDP_TIMING iteration=8 barrier_iteration=0 stage=2 derivative_s=0.000702600 first_order_s=0.000496900 second_order_s=0.000184700 algebra_s=0.000336400 kkt_assembly_s=0.000267500 factor_s=0.004979400 solve_s=0.001757900 update_s=0.000286300 K_nnz=8072 rhs_cols=52 Vxx_nnz=2601
FILTERDDP_TIMING iteration=8 barrier_iteration=0 stage=1 derivative_s=0.000698500 first_order_s=0.000464200 second_order_s=0.000212700 algebra_s=0.000338400 kkt_assembly_s=0.000295000 factor_s=0.004577800 solve_s=0.001512200 update_s=0.002022700 K_nnz=8072 rhs_cols=52 Vxx_nnz=2601
FILTERDDP_FEASIBILITY iteration=8 barrier_iteration=0 equality_count=1686 equality_rms=3.170303359435e-03 equality_max=2.972758798827e-02 equality_worst_stage=3 equality_worst_index=385 dynamics_count=102 dynamics_rms=0.000000000000e+00 dynamics_max=0.000000000000e+00 dynamics_worst_stage=0 dynamics_worst_index=0 bound_count=2451 bound_rms=0.000000000000e+00 bound_max=0.000000000000e+00 bound_worst_stage=0 bound_worst_index=0 bound_worst_kind=none
     8   3.47139896e+03   2.9728e-02   3.3064e+01   1.0000e+00    0.00      -     5.0000e-01   0
FILTERDDP_ITER_TIMING iteration=8 barrier_iteration=0 backward_s=0.023573900 forward_s=0.003290600 total_s=0.026864500 outcome=accepted step_size=5.000000000e-01 backtracks=0 mu=1.000000000e+00
FILTERDDP_TIMING iteration=9 barrier_iteration=0 stage=3 derivative_s=0.000686600 first_order_s=0.000460200 second_order_s=0.000205300 algebra_s=0.001975900 kkt_assembly_s=0.000774000 factor_s=0.006484300 solve_s=0.002765800 update_s=0.001148300 K_nnz=5522 rhs_cols=52 Vxx_nnz=2601
FILTERDDP_TIMING iteration=9 barrier_iteration=0 stage=2 derivative_s=0.001743500 first_order_s=0.001219200 second_order_s=0.000465500 algebra_s=0.000760100 kkt_assembly_s=0.000674100 factor_s=0.009728700 solve_s=0.002913100 update_s=0.000287800 K_nnz=8072 rhs_cols=52 Vxx_nnz=2601
FILTERDDP_TIMING iteration=9 barrier_iteration=0 stage=1 derivative_s=0.000735100 first_order_s=0.000497500 second_order_s=0.000213100 algebra_s=0.000311000 kkt_assembly_s=0.000298400 factor_s=0.004965600 solve_s=0.001649900 update_s=0.003302900 K_nnz=8072 rhs_cols=52 Vxx_nnz=2601
FILTERDDP_FEASIBILITY iteration=9 barrier_iteration=0 equality_count=1686 equality_rms=2.765097083211e-03 equality_max=3.883748037632e-02 equality_worst_stage=2 equality_worst_index=384 dynamics_count=102 dynamics_rms=0.000000000000e+00 dynamics_max=0.000000000000e+00 dynamics_worst_stage=0 dynamics_worst_index=0 bound_count=2451 bound_rms=0.000000000000e+00 bound_max=0.000000000000e+00 bound_worst_stage=0 bound_worst_index=0 bound_worst_kind=none
     9   3.46949083e+03   3.8837e-02   1.6205e+01   1.0000e+00    0.00      -     5.0000e-01   0
FILTERDDP_ITER_TIMING iteration=9 barrier_iteration=0 backward_s=0.041594700 forward_s=0.006513900 total_s=0.048108600 outcome=accepted step_size=5.000000000e-01 backtracks=0 mu=1.000000000e+00
FILTERDDP_TIMING iteration=10 barrier_iteration=0 stage=3 derivative_s=0.001250200 first_order_s=0.000842500 second_order_s=0.000363300 algebra_s=0.002398000 kkt_assembly_s=0.000920800 factor_s=0.006545900 solve_s=0.002935300 update_s=0.001183700 K_nnz=5522 rhs_cols=52 Vxx_nnz=2601
FILTERDDP_TIMING iteration=10 barrier_iteration=0 stage=2 derivative_s=0.001927700 first_order_s=0.001316200 second_order_s=0.000549900 algebra_s=0.000830400 kkt_assembly_s=0.000729800 factor_s=0.010942300 solve_s=0.002786400 update_s=0.000341000 K_nnz=8072 rhs_cols=52 Vxx_nnz=2601
FILTERDDP_TIMING iteration=10 barrier_iteration=0 stage=1 derivative_s=0.006160200 first_order_s=0.000584700 second_order_s=0.005534500 algebra_s=0.000368400 kkt_assembly_s=0.000359400 factor_s=0.004981700 solve_s=0.001562500 update_s=0.003158100 K_nnz=8072 rhs_cols=52 Vxx_nnz=2601
FILTERDDP_FEASIBILITY iteration=10 barrier_iteration=0 equality_count=1686 equality_rms=2.747380866395e-03 equality_max=4.354099034666e-02 equality_worst_stage=2 equality_worst_index=384 dynamics_count=102 dynamics_rms=0.000000000000e+00 dynamics_max=0.000000000000e+00 dynamics_worst_stage=0 dynamics_worst_index=0 bound_count=2451 bound_rms=0.000000000000e+00 bound_max=0.000000000000e+00 bound_worst_stage=0 bound_worst_index=0 bound_worst_kind=none
FILTERDDP_ITER_TIMING iteration=10 barrier_iteration=0 backward_s=0.049791200 forward_s=0.000000000 total_s=0.049791200 outcome=barrier_update step_size=5.000000000e-01 backtracks=0 mu=1.000000000e+00
FILTERDDP_TIMING iteration=10 barrier_iteration=1 stage=3 derivative_s=0.000763800 first_order_s=0.000502100 second_order_s=0.000233200 algebra_s=0.001258800 kkt_assembly_s=0.000266900 factor_s=0.002070800 solve_s=0.000905100 update_s=0.001070200 K_nnz=5522 rhs_cols=52 Vxx_nnz=2601
FILTERDDP_TIMING iteration=10 barrier_iteration=1 stage=2 derivative_s=0.002303200 first_order_s=0.001673900 second_order_s=0.000563600 algebra_s=0.000780100 kkt_assembly_s=0.000713300 factor_s=0.014013800 solve_s=0.004935900 update_s=0.000683300 K_nnz=8072 rhs_cols=52 Vxx_nnz=2601
FILTERDDP_TIMING iteration=10 barrier_iteration=1 stage=1 derivative_s=0.001855700 first_order_s=0.001302200 second_order_s=0.000491900 algebra_s=0.000808800 kkt_assembly_s=0.000757300 factor_s=0.012532800 solve_s=0.003753500 update_s=0.003890100 K_nnz=8072 rhs_cols=52 Vxx_nnz=2601
FILTERDDP_FEASIBILITY iteration=10 barrier_iteration=1 equality_count=1686 equality_rms=2.747380866395e-03 equality_max=4.354099034666e-02 equality_worst_stage=2 equality_worst_index=384 dynamics_count=102 dynamics_rms=0.000000000000e+00 dynamics_max=0.000000000000e+00 dynamics_worst_stage=0 dynamics_worst_index=0 bound_count=2451 bound_rms=0.000000000000e+00 bound_max=0.000000000000e+00 bound_worst_stage=0 bound_worst_index=0 bound_worst_kind=none
  iter     objective        pr_inf       du_inf       cs_inf     lg(μ)   lg(reg)    alpha     ls
    10   3.46919843e+03   4.3541e-02   7.9676e+00   1.0000e+00   -0.70      -     5.0000e-01   0
FILTERDDP_ITER_TIMING iteration=10 barrier_iteration=1 backward_s=0.053854100 forward_s=0.004676000 total_s=0.058530100 outcome=accepted step_size=5.000000000e-01 backtracks=0 mu=2.000000000e-01
FILTERDDP_TIMING iteration=11 barrier_iteration=1 stage=3 derivative_s=0.000946900 first_order_s=0.000637200 second_order_s=0.000271100 algebra_s=0.002122900 kkt_assembly_s=0.000908700 factor_s=0.006651500 solve_s=0.003009300 update_s=0.001237800 K_nnz=5522 rhs_cols=52 Vxx_nnz=2601
FILTERDDP_TIMING iteration=11 barrier_iteration=1 stage=2 derivative_s=0.001505200 first_order_s=0.001095600 second_order_s=0.000360800 algebra_s=0.000563000 kkt_assembly_s=0.000498200 factor_s=0.009594800 solve_s=0.003767200 update_s=0.000694900 K_nnz=8072 rhs_cols=52 Vxx_nnz=2601
FILTERDDP_TIMING iteration=11 barrier_iteration=1 stage=1 derivative_s=0.001723500 first_order_s=0.001297600 second_order_s=0.000386000 algebra_s=0.000589500 kkt_assembly_s=0.000562700 factor_s=0.008223900 solve_s=0.002626100 update_s=0.003874100 K_nnz=8072 rhs_cols=52 Vxx_nnz=2601
FILTERDDP_FEASIBILITY iteration=11 barrier_iteration=1 equality_count=1686 equality_rms=1.176236158568e-02 equality_max=1.255205246332e-01 equality_worst_stage=2 equality_worst_index=509 dynamics_count=102 dynamics_rms=0.000000000000e+00 dynamics_max=0.000000000000e+00 dynamics_worst_stage=0 dynamics_worst_index=0 bound_count=2451 bound_rms=0.000000000000e+00 bound_max=0.000000000000e+00 bound_worst_stage=0 bound_worst_index=0 bound_worst_kind=none
    11   3.22648063e+03   1.2552e-01   4.3675e+00   6.3649e-01   -0.70      -     5.0000e-01   0
FILTERDDP_ITER_TIMING iteration=11 barrier_iteration=1 backward_s=0.049639500 forward_s=0.008277500 total_s=0.057917000 outcome=accepted step_size=5.000000000e-01 backtracks=0 mu=2.000000000e-01
FILTERDDP_TIMING iteration=12 barrier_iteration=1 stage=3 derivative_s=0.001832200 first_order_s=0.001258200 second_order_s=0.000513700 algebra_s=0.002450000 kkt_assembly_s=0.000702100 factor_s=0.032817600 solve_s=0.003105700 update_s=0.001249100 K_nnz=5522 rhs_cols=52 Vxx_nnz=2601
FILTERDDP_TIMING iteration=12 barrier_iteration=1 stage=2 derivative_s=0.001928500 first_order_s=0.001366200 second_order_s=0.000500400 algebra_s=0.000970800 kkt_assembly_s=0.001194200 factor_s=0.011344000 solve_s=0.002552300 update_s=0.000365100 K_nnz=8072 rhs_cols=52 Vxx_nnz=2601
FILTERDDP_TIMING iteration=12 barrier_iteration=1 stage=1 derivative_s=0.000949600 first_order_s=0.000605800 second_order_s=0.000305400 algebra_s=0.000518100 kkt_assembly_s=0.000578200 factor_s=0.005999000 solve_s=0.001612600 update_s=0.003944700 K_nnz=8072 rhs_cols=52 Vxx_nnz=2601
FILTERDDP_FEASIBILITY iteration=12 barrier_iteration=1 equality_count=1686 equality_rms=2.208169669380e-02 equality_max=2.737530075697e-01 equality_worst_stage=3 equality_worst_index=509 dynamics_count=102 dynamics_rms=0.000000000000e+00 dynamics_max=0.000000000000e+00 dynamics_worst_stage=0 dynamics_worst_index=0 bound_count=2451 bound_rms=0.000000000000e+00 bound_max=0.000000000000e+00 bound_worst_stage=0 bound_worst_index=0 bound_worst_kind=none
    12   3.07631619e+03   2.7375e-01   2.2399e+00   4.3643e-01   -0.70      -     5.0000e-01   0
FILTERDDP_ITER_TIMING iteration=12 barrier_iteration=1 backward_s=0.074577200 forward_s=0.009198700 total_s=0.083775900 outcome=accepted step_size=5.000000000e-01 backtracks=0 mu=2.000000000e-01
FILTERDDP_TIMING iteration=13 barrier_iteration=1 stage=3 derivative_s=0.002007400 first_order_s=0.001310400 second_order_s=0.000635900 algebra_s=0.003033000 kkt_assembly_s=0.001527500 factor_s=0.008113100 solve_s=0.003134000 update_s=0.001383400 K_nnz=5522 rhs_cols=52 Vxx_nnz=2601
FILTERDDP_TIMING iteration=13 barrier_iteration=1 stage=2 derivative_s=0.001980700 first_order_s=0.001309600 second_order_s=0.000609700 algebra_s=0.001244300 kkt_assembly_s=0.001654700 factor_s=0.015095600 solve_s=0.004940900 update_s=0.000748300 K_nnz=8072 rhs_cols=52 Vxx_nnz=2601
FILTERDDP_TIMING iteration=13 barrier_iteration=1 stage=1 derivative_s=0.001643400 first_order_s=0.001206800 second_order_s=0.000390500 algebra_s=0.000786000 kkt_assembly_s=0.000863700 factor_s=0.008473900 solve_s=0.001892100 update_s=0.002152200 K_nnz=8072 rhs_cols=52 Vxx_nnz=2601
FILTERDDP_FEASIBILITY iteration=13 barrier_iteration=1 equality_count=1686 equality_rms=3.255588930847e-02 equality_max=4.241065676601e-01 equality_worst_stage=3 equality_worst_index=509 dynamics_count=102 dynamics_rms=0.000000000000e+00 dynamics_max=0.000000000000e+00 dynamics_worst_stage=0 dynamics_worst_index=0 bound_count=2451 bound_rms=0.000000000000e+00 bound_max=0.000000000000e+00 bound_worst_stage=0 bound_worst_index=0 bound_worst_kind=none
FILTERDDP_ITER_TIMING iteration=13 barrier_iteration=1 backward_s=0.061157500 forward_s=0.000000000 total_s=0.061157500 outcome=barrier_update step_size=5.000000000e-01 backtracks=0 mu=2.000000000e-01
FILTERDDP_TIMING iteration=13 barrier_iteration=2 stage=3 derivative_s=0.000792600 first_order_s=0.000505900 second_order_s=0.000262900 algebra_s=0.002959000 kkt_assembly_s=0.001963100 factor_s=0.007283700 solve_s=0.003158400 update_s=0.001228300 K_nnz=5522 rhs_cols=52 Vxx_nnz=2601
FILTERDDP_TIMING iteration=13 barrier_iteration=2 stage=2 derivative_s=0.001963200 first_order_s=0.001332900 second_order_s=0.000567100 algebra_s=0.001419800 kkt_assembly_s=0.001221000 factor_s=0.015105900 solve_s=0.004164400 update_s=0.000606100 K_nnz=8072 rhs_cols=52 Vxx_nnz=2601
FILTERDDP_TIMING iteration=13 barrier_iteration=2 stage=1 derivative_s=0.001735400 first_order_s=0.001247900 second_order_s=0.000446700 algebra_s=0.000980500 kkt_assembly_s=0.000916000 factor_s=0.016043400 solve_s=0.001452000 update_s=0.002836200 K_nnz=8072 rhs_cols=52 Vxx_nnz=2601
FILTERDDP_FEASIBILITY iteration=13 barrier_iteration=2 equality_count=1686 equality_rms=3.255588930847e-02 equality_max=4.241065676601e-01 equality_worst_stage=3 equality_worst_index=509 dynamics_count=102 dynamics_rms=0.000000000000e+00 dynamics_max=0.000000000000e+00 dynamics_worst_stage=0 dynamics_worst_index=0 bound_count=2451 bound_rms=0.000000000000e+00 bound_max=0.000000000000e+00 bound_worst_stage=0 bound_worst_index=0 bound_worst_kind=none
    13   2.99521503e+03   4.2411e-01   1.1176e+00   3.2615e-01   -1.40      -     5.0000e-01   0
FILTERDDP_ITER_TIMING iteration=13 barrier_iteration=2 backward_s=0.066328700 forward_s=0.009843400 total_s=0.076172100 outcome=accepted step_size=5.000000000e-01 backtracks=0 mu=4.000000000e-02
FILTERDDP_TIMING iteration=14 barrier_iteration=2 stage=3 derivative_s=0.003116000 first_order_s=0.002127800 second_order_s=0.000906000 algebra_s=0.003347800 kkt_assembly_s=0.000709000 factor_s=0.005357700 solve_s=0.002216000 update_s=0.001001400 K_nnz=5522 rhs_cols=52 Vxx_nnz=2601
FILTERDDP_TIMING iteration=14 barrier_iteration=2 stage=2 derivative_s=0.001939400 first_order_s=0.001325900 second_order_s=0.000552300 algebra_s=0.000798500 kkt_assembly_s=0.000863600 factor_s=0.013562500 solve_s=0.004393400 update_s=0.000611500 K_nnz=8072 rhs_cols=52 Vxx_nnz=2601
FILTERDDP_TIMING iteration=14 barrier_iteration=2 stage=1 derivative_s=0.001543900 first_order_s=0.001099100 second_order_s=0.000403200 algebra_s=0.000475800 kkt_assembly_s=0.000444600 factor_s=0.008312700 solve_s=0.002006200 update_s=0.002076500 K_nnz=8072 rhs_cols=52 Vxx_nnz=2601
FILTERDDP_FEASIBILITY iteration=14 barrier_iteration=2 equality_count=1686 equality_rms=2.430912503866e-02 equality_max=3.301112854856e-01 equality_worst_stage=3 equality_worst_index=509 dynamics_count=102 dynamics_rms=0.000000000000e+00 dynamics_max=0.000000000000e+00 dynamics_worst_stage=0 dynamics_worst_index=0 bound_count=2451 bound_rms=0.000000000000e+00 bound_max=0.000000000000e+00 bound_worst_stage=0 bound_worst_index=0 bound_worst_kind=none
    14   2.89155706e+03   3.3011e-01   5.6543e-01   1.9844e-01   -1.40      -     5.0000e-01   0
FILTERDDP_ITER_TIMING iteration=14 barrier_iteration=2 backward_s=0.053218100 forward_s=0.003071400 total_s=0.056289500 outcome=accepted step_size=5.000000000e-01 backtracks=0 mu=4.000000000e-02
FILTERDDP_TIMING iteration=15 barrier_iteration=2 stage=3 derivative_s=0.000635700 first_order_s=0.000413400 second_order_s=0.000199500 algebra_s=0.002017200 kkt_assembly_s=0.001002300 factor_s=0.006858000 solve_s=0.003065500 update_s=0.001221900 K_nnz=5522 rhs_cols=52 Vxx_nnz=2601
FILTERDDP_TIMING iteration=15 barrier_iteration=2 stage=2 derivative_s=0.001861600 first_order_s=0.001268700 second_order_s=0.000532300 algebra_s=0.000814600 kkt_assembly_s=0.000889600 factor_s=0.016135200 solve_s=0.003863500 update_s=0.000569700 K_nnz=8072 rhs_cols=52 Vxx_nnz=2601
FILTERDDP_TIMING iteration=15 barrier_iteration=2 stage=1 derivative_s=0.001742900 first_order_s=0.001254300 second_order_s=0.000445800 algebra_s=0.000647800 kkt_assembly_s=0.000618500 factor_s=0.008149000 solve_s=0.002474900 update_s=0.004450500 K_nnz=8072 rhs_cols=52 Vxx_nnz=2601
FILTERDDP_FEASIBILITY iteration=15 barrier_iteration=2 equality_count=1686 equality_rms=2.461119805229e-02 equality_max=3.565269638966e-01 equality_worst_stage=3 equality_worst_index=509 dynamics_count=102 dynamics_rms=0.000000000000e+00 dynamics_max=0.000000000000e+00 dynamics_worst_stage=0 dynamics_worst_index=0 bound_count=2451 bound_rms=0.000000000000e+00 bound_max=0.000000000000e+00 bound_worst_stage=0 bound_worst_index=0 bound_worst_kind=none
FILTERDDP_ITER_TIMING iteration=15 barrier_iteration=2 backward_s=0.057540600 forward_s=0.000000000 total_s=0.057540600 outcome=barrier_update step_size=5.000000000e-01 backtracks=0 mu=4.000000000e-02
FILTERDDP_TIMING iteration=15 barrier_iteration=3 stage=3 derivative_s=0.003398100 first_order_s=0.002430900 second_order_s=0.000883600 algebra_s=0.003871100 kkt_assembly_s=0.001218600 factor_s=0.007599300 solve_s=0.009134600 update_s=0.001202300 K_nnz=5522 rhs_cols=52 Vxx_nnz=2601
FILTERDDP_TIMING iteration=15 barrier_iteration=3 stage=2 derivative_s=0.001892800 first_order_s=0.001297600 second_order_s=0.000532800 algebra_s=0.000781400 kkt_assembly_s=0.000720000 factor_s=0.013568300 solve_s=0.003948700 update_s=0.000427700 K_nnz=8072 rhs_cols=52 Vxx_nnz=2601
FILTERDDP_TIMING iteration=15 barrier_iteration=3 stage=1 derivative_s=0.001558800 first_order_s=0.000832300 second_order_s=0.000654500 algebra_s=0.000813500 kkt_assembly_s=0.000794200 factor_s=0.014377100 solve_s=0.004148500 update_s=0.004529100 K_nnz=8072 rhs_cols=52 Vxx_nnz=2601
FILTERDDP_FEASIBILITY iteration=15 barrier_iteration=3 equality_count=1686 equality_rms=2.461119805229e-02 equality_max=3.565269638966e-01 equality_worst_stage=3 equality_worst_index=509 dynamics_count=102 dynamics_rms=0.000000000000e+00 dynamics_max=0.000000000000e+00 dynamics_worst_stage=0 dynamics_worst_index=0 bound_count=2451 bound_rms=0.000000000000e+00 bound_max=0.000000000000e+00 bound_worst_stage=0 bound_worst_index=0 bound_worst_kind=none
    15   2.83670800e+03   3.5653e-01   2.8170e-01   1.2669e-01   -2.10      -     5.0000e-01   0
FILTERDDP_ITER_TIMING iteration=15 barrier_iteration=3 backward_s=0.074573900 forward_s=0.009369300 total_s=0.083943200 outcome=accepted step_size=5.000000000e-01 backtracks=0 mu=8.000000000e-03
FILTERDDP_TIMING iteration=16 barrier_iteration=3 stage=3 derivative_s=0.001830600 first_order_s=0.001220100 second_order_s=0.000547100 algebra_s=0.002224600 kkt_assembly_s=0.000550500 factor_s=0.004843500 solve_s=0.002117200 update_s=0.001178700 K_nnz=5522 rhs_cols=52 Vxx_nnz=2601
FILTERDDP_TIMING iteration=16 barrier_iteration=3 stage=2 derivative_s=0.001479800 first_order_s=0.001075700 second_order_s=0.000363200 algebra_s=0.000617000 kkt_assembly_s=0.000490400 factor_s=0.009158800 solve_s=0.002553100 update_s=0.000406200 K_nnz=8072 rhs_cols=52 Vxx_nnz=2601
FILTERDDP_TIMING iteration=16 barrier_iteration=3 stage=1 derivative_s=0.001153100 first_order_s=0.000708900 second_order_s=0.000393200 algebra_s=0.000438200 kkt_assembly_s=0.000401500 factor_s=0.005894400 solve_s=0.001537800 update_s=0.003456900 K_nnz=8072 rhs_cols=52 Vxx_nnz=2601
FILTERDDP_FEASIBILITY iteration=16 barrier_iteration=3 equality_count=1686 equality_rms=6.806161987082e-03 equality_max=1.056862488818e-01 equality_worst_stage=3 equality_worst_index=510 dynamics_count=102 dynamics_rms=0.000000000000e+00 dynamics_max=0.000000000000e+00 dynamics_worst_stage=0 dynamics_worst_index=0 bound_count=2451 bound_rms=0.000000000000e+00 bound_max=0.000000000000e+00 bound_worst_stage=0 bound_worst_index=0 bound_worst_kind=none
    16   2.79478756e+03   1.0569e-01   1.4124e-01   7.4002e-02   -2.10      -     5.0000e-01   0
FILTERDDP_ITER_TIMING iteration=16 barrier_iteration=3 backward_s=0.040802000 forward_s=0.009830800 total_s=0.050632800 outcome=accepted step_size=5.000000000e-01 backtracks=0 mu=8.000000000e-03
FILTERDDP_TIMING iteration=17 barrier_iteration=3 stage=3 derivative_s=0.002007700 first_order_s=0.001378600 second_order_s=0.000565100 algebra_s=0.010110300 kkt_assembly_s=0.000758800 factor_s=0.006658300 solve_s=0.003372400 update_s=0.001416600 K_nnz=5522 rhs_cols=52 Vxx_nnz=2601
FILTERDDP_TIMING iteration=17 barrier_iteration=3 stage=2 derivative_s=0.002503700 first_order_s=0.001703500 second_order_s=0.000716500 algebra_s=0.001298300 kkt_assembly_s=0.000719600 factor_s=0.014710900 solve_s=0.004121200 update_s=0.000573200 K_nnz=8072 rhs_cols=52 Vxx_nnz=2601
FILTERDDP_TIMING iteration=17 barrier_iteration=3 stage=1 derivative_s=0.001589700 first_order_s=0.001104800 second_order_s=0.000440800 algebra_s=0.000678400 kkt_assembly_s=0.000661500 factor_s=0.008537700 solve_s=0.002530700 update_s=0.003936600 K_nnz=8072 rhs_cols=52 Vxx_nnz=2601
FILTERDDP_FEASIBILITY iteration=17 barrier_iteration=3 equality_count=1686 equality_rms=1.147770555608e-02 equality_max=1.707033784193e-01 equality_worst_stage=2 equality_worst_index=509 dynamics_count=102 dynamics_rms=0.000000000000e+00 dynamics_max=0.000000000000e+00 dynamics_worst_stage=0 dynamics_worst_index=0 bound_count=2451 bound_rms=0.000000000000e+00 bound_max=0.000000000000e+00 bound_worst_stage=0 bound_worst_index=0 bound_worst_kind=none
    17   2.77290314e+03   1.7070e-01   7.0278e-02   4.4118e-02   -2.10      -     5.0000e-01   0
FILTERDDP_ITER_TIMING iteration=17 barrier_iteration=3 backward_s=0.066860800 forward_s=0.006341600 total_s=0.073202400 outcome=accepted step_size=5.000000000e-01 backtracks=0 mu=8.000000000e-03
FILTERDDP_TIMING iteration=18 barrier_iteration=3 stage=3 derivative_s=0.001931800 first_order_s=0.001244600 second_order_s=0.000611600 algebra_s=0.003667200 kkt_assembly_s=0.000700100 factor_s=0.007303900 solve_s=0.003080400 update_s=0.001600100 K_nnz=5522 rhs_cols=52 Vxx_nnz=2601
FILTERDDP_TIMING iteration=18 barrier_iteration=3 stage=2 derivative_s=0.001947300 first_order_s=0.001349000 second_order_s=0.000518800 algebra_s=0.000674400 kkt_assembly_s=0.000539100 factor_s=0.014401000 solve_s=0.002525700 update_s=0.000374600 K_nnz=8072 rhs_cols=52 Vxx_nnz=2601
FILTERDDP_TIMING iteration=18 barrier_iteration=3 stage=1 derivative_s=0.000930000 first_order_s=0.000644400 second_order_s=0.000245200 algebra_s=0.000378600 kkt_assembly_s=0.000390000 factor_s=0.005084100 solve_s=0.001646200 update_s=0.003172100 K_nnz=8072 rhs_cols=52 Vxx_nnz=2601
FILTERDDP_FEASIBILITY iteration=18 barrier_iteration=3 equality_count=1686 equality_rms=1.398636213268e-02 equality_max=1.864698983261e-01 equality_worst_stage=1 equality_worst_index=509 dynamics_count=102 dynamics_rms=0.000000000000e+00 dynamics_max=0.000000000000e+00 dynamics_worst_stage=0 dynamics_worst_index=0 bound_count=2451 bound_rms=0.000000000000e+00 bound_max=0.000000000000e+00 bound_worst_stage=0 bound_worst_index=0 bound_worst_kind=none
    18   2.76174107e+03   1.8647e-01   3.4605e-02   2.7261e-02   -2.10      -     5.0000e-01   0
FILTERDDP_ITER_TIMING iteration=18 barrier_iteration=3 backward_s=0.050781500 forward_s=0.009519100 total_s=0.060300600 outcome=accepted step_size=5.000000000e-01 backtracks=0 mu=8.000000000e-03
FILTERDDP_TIMING iteration=19 barrier_iteration=3 stage=3 derivative_s=0.001714600 first_order_s=0.001145100 second_order_s=0.000511300 algebra_s=0.002267700 kkt_assembly_s=0.000712600 factor_s=0.005709700 solve_s=0.001797300 update_s=0.000991800 K_nnz=5522 rhs_cols=52 Vxx_nnz=2601
FILTERDDP_TIMING iteration=19 barrier_iteration=3 stage=2 derivative_s=0.001938600 first_order_s=0.001343600 second_order_s=0.000535200 algebra_s=0.000862800 kkt_assembly_s=0.000733900 factor_s=0.014065600 solve_s=0.004364600 update_s=0.000657500 K_nnz=8072 rhs_cols=52 Vxx_nnz=2601
FILTERDDP_TIMING iteration=19 barrier_iteration=3 stage=1 derivative_s=0.001822700 first_order_s=0.001205400 second_order_s=0.000550500 algebra_s=0.000673800 kkt_assembly_s=0.000595500 factor_s=0.009836200 solve_s=0.003230200 update_s=0.004235100 K_nnz=8072 rhs_cols=52 Vxx_nnz=2601
FILTERDDP_FEASIBILITY iteration=19 barrier_iteration=3 equality_count=1686 equality_rms=1.180666479697e-02 equality_max=1.591102136334e-01 equality_worst_stage=1 equality_worst_index=509 dynamics_count=102 dynamics_rms=0.000000000000e+00 dynamics_max=0.000000000000e+00 dynamics_worst_stage=0 dynamics_worst_index=0 bound_count=2451 bound_rms=0.000000000000e+00 bound_max=0.000000000000e+00 bound_worst_stage=0 bound_worst_index=0 bound_worst_kind=none
    19   2.75616510e+03   1.5911e-01   1.6758e-02   1.8038e-02   -2.10      -     5.0000e-01   0
FILTERDDP_ITER_TIMING iteration=19 barrier_iteration=3 backward_s=0.056753400 forward_s=0.014641900 total_s=0.071395300 outcome=accepted step_size=5.000000000e-01 backtracks=0 mu=8.000000000e-03
  iter     objective        pr_inf       du_inf       cs_inf     lg(μ)   lg(reg)    alpha     ls
    20   2.75616510e+03   1.5911e-01   1.6758e-02   1.8038e-02   -2.10      -     5.0000e-01   0


EXIT: Failed, maximum solver iterations reached.

solve complete: 20.514 s, iterations=20, status=8
final residuals: primal=1.591102136334e-01 dual=1.675834646927e-02 complementarity=1.803796922856e-02
solution_write_skipped=1
FilterDDP objective=2753.408333488056 max_equality_residual=1.087e-01
Ipopt objective=2808.924651222831 objective_gap=5.552e+01
max_abs_diff[P_Subs]=2.853e-01
max_abs_diff[Q_Subs]=1.987e-01
max_abs_diff[P]=2.853e-01
max_abs_diff[Q]=1.987e-01
max_abs_diff[v]=2.996e-02
max_abs_diff[ell]=1.457e+02
max_abs_diff[P_B]=8.612e-03
max_abs_diff[B]=3.454e-02
max_abs_diff[q_D]=8.371e-03
CAPTURE_DONE exit=0 finished=2026-09-24T19:16:38
