CAPTURE_ENV system=ieee123C_1ph T=3 arm=diag iteration=20 stage=1 C_B=1e-3 profile=periodic started=2026-09-24T19:15:18
C_B OVERRIDE: 0.001
ieee123C_1ph T=3: nx=51, nu=791, nc=562, dense nu^2=625681, reduced=229
TERMINAL_SOC soft=1 gamma=1.750000e+04
build complete: 2.226 s, nc=562
constructing dynamic Solver storage...
optimality_tolerance=1.000e-07 max_iterations=20
Solver construction complete: 0.316 s
entering solve! ...
[31;1m   
 _____ _ _ _            ____  ____  ____  
|  ___(_) | |_ ___ _ __|  _ \|  _ \|  _ \ 
| |_  | | | __/ _ \ '__| | | | | | | |_) |
|  _| | | | ||  __/ |  | |_| | |_| |  __/ 
|_|   |_|_|\__\___|_|  |____/|____/|_|                 
    
[0mFILTERDDP_TIMING iteration=0 barrier_iteration=0 stage=3 derivative_s=0.348237000 first_order_s=0.085234300 second_order_s=0.161065100 algebra_s=2.012888600 kkt_assembly_s=1.534509400 factor_s=0.446519200 solve_s=0.127204500 update_s=0.582073900 K_nnz=5269 rhs_cols=52 Vxx_nnz=2601
FILTERDDP_TIMING iteration=0 barrier_iteration=0 stage=2 derivative_s=0.114618400 first_order_s=0.102019500 second_order_s=0.012539500 algebra_s=0.000554700 kkt_assembly_s=0.072479400 factor_s=0.003812900 solve_s=0.001537800 update_s=0.187678800 K_nnz=5269 rhs_cols=52 Vxx_nnz=2601
FILTERDDP_TIMING iteration=0 barrier_iteration=0 stage=1 derivative_s=0.000857800 first_order_s=0.000631200 second_order_s=0.000179500 algebra_s=0.000573700 kkt_assembly_s=0.000637000 factor_s=0.002681300 solve_s=0.001342400 update_s=0.628340300 K_nnz=5269 rhs_cols=52 Vxx_nnz=2601
FILTERDDP_FEASIBILITY iteration=0 barrier_iteration=0 equality_count=1686 equality_rms=4.302309408669e-02 equality_max=1.000000000000e+00 equality_worst_stage=3 equality_worst_index=1 dynamics_count=102 dynamics_rms=0.000000000000e+00 dynamics_max=0.000000000000e+00 dynamics_worst_stage=0 dynamics_worst_index=0 bound_count=2451 bound_rms=0.000000000000e+00 bound_max=0.000000000000e+00 bound_worst_stage=0 bound_worst_index=0 bound_worst_kind=none
  iter     objective        pr_inf       du_inf       cs_inf     lg(μ)   lg(reg)    alpha     ls
     0   3.36000000e+03   1.0000e+00   1.5347e+03   1.0000e+00    0.00      -     0.0000e+00   0
FILTERDDP_ITER_TIMING iteration=0 barrier_iteration=0 backward_s=16.022468000 forward_s=0.962255100 total_s=16.984723100 outcome=accepted step_size=6.250000000e-02 backtracks=0 mu=1.000000000e+00
FILTERDDP_TIMING iteration=1 barrier_iteration=0 stage=3 derivative_s=0.001993300 first_order_s=0.001358300 second_order_s=0.000562400 algebra_s=0.002492200 kkt_assembly_s=0.000757300 factor_s=0.006471600 solve_s=0.002876300 update_s=0.001174100 K_nnz=5269 rhs_cols=52 Vxx_nnz=2601
FILTERDDP_TIMING iteration=1 barrier_iteration=0 stage=2 derivative_s=0.002054100 first_order_s=0.001351400 second_order_s=0.000634100 algebra_s=0.001245400 kkt_assembly_s=0.000710500 factor_s=0.005602600 solve_s=0.002648300 update_s=0.000535900 K_nnz=5269 rhs_cols=52 Vxx_nnz=2601
FILTERDDP_TIMING iteration=1 barrier_iteration=0 stage=1 derivative_s=0.001362200 first_order_s=0.000937500 second_order_s=0.000381100 algebra_s=0.000632800 kkt_assembly_s=0.000462100 factor_s=0.003709900 solve_s=0.001667500 update_s=0.003275000 K_nnz=5269 rhs_cols=52 Vxx_nnz=2601
FILTERDDP_FEASIBILITY iteration=1 barrier_iteration=0 equality_count=1686 equality_rms=4.042971796320e-02 equality_max=9.375000000000e-01 equality_worst_stage=2 equality_worst_index=1 dynamics_count=102 dynamics_rms=0.000000000000e+00 dynamics_max=0.000000000000e+00 dynamics_worst_stage=0 dynamics_worst_index=0 bound_count=2451 bound_rms=0.000000000000e+00 bound_max=0.000000000000e+00 bound_worst_stage=0 bound_worst_index=0 bound_worst_kind=none
     1   3.46717616e+03   9.3750e-01   1.4388e+03   1.0000e+00    0.00      -     6.2500e-02   0
FILTERDDP_ITER_TIMING iteration=1 barrier_iteration=0 backward_s=0.040153600 forward_s=0.003876200 total_s=0.044029800 outcome=accepted step_size=1.250000000e-01 backtracks=0 mu=1.000000000e+00
FILTERDDP_TIMING iteration=2 barrier_iteration=0 stage=3 derivative_s=0.001126500 first_order_s=0.000603700 second_order_s=0.000461100 algebra_s=0.002844200 kkt_assembly_s=0.001263300 factor_s=0.007086300 solve_s=0.002873600 update_s=0.000936400 K_nnz=5269 rhs_cols=52 Vxx_nnz=2601
FILTERDDP_TIMING iteration=2 barrier_iteration=0 stage=2 derivative_s=0.002063300 first_order_s=0.001451600 second_order_s=0.000549400 algebra_s=0.001478500 kkt_assembly_s=0.000863700 factor_s=0.006350400 solve_s=0.002047900 update_s=0.000371900 K_nnz=5269 rhs_cols=52 Vxx_nnz=2601
FILTERDDP_TIMING iteration=2 barrier_iteration=0 stage=1 derivative_s=0.001376500 first_order_s=0.000948500 second_order_s=0.000383700 algebra_s=0.000799900 kkt_assembly_s=0.001039300 factor_s=0.004640700 solve_s=0.001208100 update_s=0.002483100 K_nnz=5269 rhs_cols=52 Vxx_nnz=2601
FILTERDDP_FEASIBILITY iteration=2 barrier_iteration=0 equality_count=1686 equality_rms=3.577416476687e-02 equality_max=8.203125000000e-01 equality_worst_stage=2 equality_worst_index=1 dynamics_count=102 dynamics_rms=0.000000000000e+00 dynamics_max=0.000000000000e+00 dynamics_worst_stage=0 dynamics_worst_index=0 bound_count=2451 bound_rms=0.000000000000e+00 bound_max=0.000000000000e+00 bound_worst_stage=0 bound_worst_index=0 bound_worst_kind=none
     2   3.58197101e+03   8.2031e-01   1.2589e+03   1.0000e+00    0.00      -     1.2500e-01   0
FILTERDDP_ITER_TIMING iteration=2 barrier_iteration=0 backward_s=0.041298200 forward_s=0.053096200 total_s=0.094394400 outcome=accepted step_size=2.500000000e-01 backtracks=0 mu=1.000000000e+00
FILTERDDP_TIMING iteration=3 barrier_iteration=0 stage=3 derivative_s=0.000756000 first_order_s=0.000470800 second_order_s=0.000261700 algebra_s=0.001370200 kkt_assembly_s=0.000469600 factor_s=0.002318900 solve_s=0.000967800 update_s=0.000775900 K_nnz=5269 rhs_cols=52 Vxx_nnz=2601
FILTERDDP_TIMING iteration=3 barrier_iteration=0 stage=2 derivative_s=0.001637500 first_order_s=0.001105600 second_order_s=0.000496300 algebra_s=0.001277800 kkt_assembly_s=0.000798900 factor_s=0.006169000 solve_s=0.003187800 update_s=0.000694900 K_nnz=5269 rhs_cols=52 Vxx_nnz=2601
FILTERDDP_TIMING iteration=3 barrier_iteration=0 stage=1 derivative_s=0.002008100 first_order_s=0.001354100 second_order_s=0.000596700 algebra_s=0.001426100 kkt_assembly_s=0.001034800 factor_s=0.005586100 solve_s=0.003370500 update_s=0.005092200 K_nnz=5269 rhs_cols=52 Vxx_nnz=2601
FILTERDDP_FEASIBILITY iteration=3 barrier_iteration=0 equality_count=1686 equality_rms=2.901942851219e-02 equality_max=6.152343750001e-01 equality_worst_stage=2 equality_worst_index=1 dynamics_count=102 dynamics_rms=0.000000000000e+00 dynamics_max=0.000000000000e+00 dynamics_worst_stage=0 dynamics_worst_index=0 bound_count=2451 bound_rms=0.000000000000e+00 bound_max=0.000000000000e+00 bound_worst_stage=0 bound_worst_index=0 bound_worst_kind=none
     3   3.58430462e+03   6.1523e-01   9.4420e+02   9.9999e-01    0.00      -     2.5000e-01   0
FILTERDDP_ITER_TIMING iteration=3 barrier_iteration=0 backward_s=0.039496000 forward_s=0.014452800 total_s=0.053948800 outcome=accepted step_size=2.500000000e-01 backtracks=0 mu=1.000000000e+00
FILTERDDP_TIMING iteration=4 barrier_iteration=0 stage=3 derivative_s=0.002158700 first_order_s=0.001325400 second_order_s=0.000774400 algebra_s=0.003408300 kkt_assembly_s=0.001539400 factor_s=0.007013000 solve_s=0.003142500 update_s=0.001137900 K_nnz=5269 rhs_cols=52 Vxx_nnz=2601
FILTERDDP_TIMING iteration=4 barrier_iteration=0 stage=2 derivative_s=0.001971300 first_order_s=0.001344500 second_order_s=0.000571200 algebra_s=0.001789800 kkt_assembly_s=0.000908700 factor_s=0.006356300 solve_s=0.002004400 update_s=0.000510200 K_nnz=5269 rhs_cols=52 Vxx_nnz=2601
FILTERDDP_TIMING iteration=4 barrier_iteration=0 stage=1 derivative_s=0.001337700 first_order_s=0.000909800 second_order_s=0.000385700 algebra_s=0.001268500 kkt_assembly_s=0.000668900 factor_s=0.004159000 solve_s=0.001041900 update_s=0.003814600 K_nnz=5269 rhs_cols=52 Vxx_nnz=2601
FILTERDDP_FEASIBILITY iteration=4 barrier_iteration=0 equality_count=1686 equality_rms=2.308839975126e-02 equality_max=4.614257812501e-01 equality_worst_stage=2 equality_worst_index=1 dynamics_count=102 dynamics_rms=0.000000000000e+00 dynamics_max=0.000000000000e+00 dynamics_worst_stage=0 dynamics_worst_index=0 bound_count=2451 bound_rms=0.000000000000e+00 bound_max=0.000000000000e+00 bound_worst_stage=0 bound_worst_index=0 bound_worst_kind=none
     4   3.55885273e+03   4.6143e-01   7.0815e+02   9.9999e-01    0.00      -     2.5000e-01   0
FILTERDDP_ITER_TIMING iteration=4 barrier_iteration=0 backward_s=0.044839200 forward_s=0.009238000 total_s=0.054077200 outcome=accepted step_size=5.000000000e-01 backtracks=0 mu=1.000000000e+00
FILTERDDP_TIMING iteration=5 barrier_iteration=0 stage=3 derivative_s=0.002360700 first_order_s=0.001391500 second_order_s=0.000912100 algebra_s=0.002980000 kkt_assembly_s=0.001052700 factor_s=0.005234300 solve_s=0.002174200 update_s=0.001048400 K_nnz=5269 rhs_cols=52 Vxx_nnz=2601
FILTERDDP_TIMING iteration=5 barrier_iteration=0 stage=2 derivative_s=0.001949100 first_order_s=0.001296800 second_order_s=0.000593300 algebra_s=0.002065700 kkt_assembly_s=0.001101700 factor_s=0.009577800 solve_s=0.003078400 update_s=0.000574100 K_nnz=5269 rhs_cols=52 Vxx_nnz=2601
FILTERDDP_TIMING iteration=5 barrier_iteration=0 stage=1 derivative_s=0.001999000 first_order_s=0.001362800 second_order_s=0.000578500 algebra_s=0.001960100 kkt_assembly_s=0.000830700 factor_s=0.005502600 solve_s=0.002526300 update_s=0.003043200 K_nnz=5269 rhs_cols=52 Vxx_nnz=2601
FILTERDDP_FEASIBILITY iteration=5 barrier_iteration=0 equality_count=1686 equality_rms=1.552452974136e-02 equality_max=2.307128906251e-01 equality_worst_stage=2 equality_worst_index=1 dynamics_count=102 dynamics_rms=0.000000000000e+00 dynamics_max=0.000000000000e+00 dynamics_worst_stage=0 dynamics_worst_index=0 bound_count=2451 bound_rms=0.000000000000e+00 bound_max=0.000000000000e+00 bound_worst_stage=0 bound_worst_index=0 bound_worst_kind=none
     5   3.51182058e+03   2.3071e-01   3.3799e+02   9.9998e-01    0.00      -     5.0000e-01   0
FILTERDDP_ITER_TIMING iteration=5 barrier_iteration=0 backward_s=0.049605400 forward_s=0.006093100 total_s=0.055698500 outcome=accepted step_size=5.000000000e-01 backtracks=0 mu=1.000000000e+00
FILTERDDP_TIMING iteration=6 barrier_iteration=0 stage=3 derivative_s=0.001950100 first_order_s=0.001296900 second_order_s=0.000595700 algebra_s=0.002962600 kkt_assembly_s=0.001510300 factor_s=0.007984400 solve_s=0.002911400 update_s=0.000919500 K_nnz=5269 rhs_cols=52 Vxx_nnz=2601
FILTERDDP_TIMING iteration=6 barrier_iteration=0 stage=2 derivative_s=0.000790200 first_order_s=0.000522300 second_order_s=0.000243100 algebra_s=0.000588500 kkt_assembly_s=0.000347500 factor_s=0.002273600 solve_s=0.000873200 update_s=0.000241700 K_nnz=5269 rhs_cols=52 Vxx_nnz=2601
FILTERDDP_TIMING iteration=6 barrier_iteration=0 stage=1 derivative_s=0.000729000 first_order_s=0.000498000 second_order_s=0.000213200 algebra_s=0.000527800 kkt_assembly_s=0.000408700 factor_s=0.002504500 solve_s=0.000942800 update_s=0.017377500 K_nnz=5269 rhs_cols=52 Vxx_nnz=2601
FILTERDDP_FEASIBILITY iteration=6 barrier_iteration=0 equality_count=1686 equality_rms=8.815715459903e-03 equality_max=1.153564453125e-01 equality_worst_stage=2 equality_worst_index=1 dynamics_count=102 dynamics_rms=0.000000000000e+00 dynamics_max=0.000000000000e+00 dynamics_worst_stage=0 dynamics_worst_index=0 bound_count=2451 bound_rms=0.000000000000e+00 bound_max=0.000000000000e+00 bound_worst_stage=0 bound_worst_index=0 bound_worst_kind=none
     6   3.48680362e+03   1.1536e-01   1.4631e+02   9.9999e-01    0.00      -     5.0000e-01   0
FILTERDDP_ITER_TIMING iteration=6 barrier_iteration=0 backward_s=0.046273100 forward_s=0.009377700 total_s=0.055650800 outcome=accepted step_size=5.000000000e-01 backtracks=0 mu=1.000000000e+00
FILTERDDP_TIMING iteration=7 barrier_iteration=0 stage=3 derivative_s=0.002010100 first_order_s=0.001366200 second_order_s=0.000585000 algebra_s=0.002676100 kkt_assembly_s=0.000777700 factor_s=0.006411700 solve_s=0.002827200 update_s=0.001182900 K_nnz=5269 rhs_cols=52 Vxx_nnz=2601
FILTERDDP_TIMING iteration=7 barrier_iteration=0 stage=2 derivative_s=0.001895900 first_order_s=0.001293700 second_order_s=0.000545200 algebra_s=0.001118700 kkt_assembly_s=0.000820800 factor_s=0.006149200 solve_s=0.002897100 update_s=0.000532400 K_nnz=5269 rhs_cols=52 Vxx_nnz=2601
FILTERDDP_TIMING iteration=7 barrier_iteration=0 stage=1 derivative_s=0.001926500 first_order_s=0.001358400 second_order_s=0.000510900 algebra_s=0.001116300 kkt_assembly_s=0.000779300 factor_s=0.005040500 solve_s=0.002212200 update_s=0.003433700 K_nnz=5269 rhs_cols=52 Vxx_nnz=2601
FILTERDDP_FEASIBILITY iteration=7 barrier_iteration=0 equality_count=1686 equality_rms=4.852129032391e-03 equality_max=5.767822265626e-02 equality_worst_stage=2 equality_worst_index=1 dynamics_count=102 dynamics_rms=0.000000000000e+00 dynamics_max=0.000000000000e+00 dynamics_worst_stage=0 dynamics_worst_index=0 bound_count=2451 bound_rms=0.000000000000e+00 bound_max=0.000000000000e+00 bound_worst_stage=0 bound_worst_index=0 bound_worst_kind=none
     7   3.47564478e+03   5.7678e-02   6.8401e+01   9.9999e-01    0.00      -     5.0000e-01   0
FILTERDDP_ITER_TIMING iteration=7 barrier_iteration=0 backward_s=0.044355000 forward_s=0.005840700 total_s=0.050195700 outcome=accepted step_size=5.000000000e-01 backtracks=0 mu=1.000000000e+00
FILTERDDP_TIMING iteration=8 barrier_iteration=0 stage=3 derivative_s=0.001973900 first_order_s=0.001312900 second_order_s=0.000591500 algebra_s=0.002458600 kkt_assembly_s=0.000751500 factor_s=0.006355700 solve_s=0.002819300 update_s=0.001109300 K_nnz=5269 rhs_cols=52 Vxx_nnz=2601
FILTERDDP_TIMING iteration=8 barrier_iteration=0 stage=2 derivative_s=0.001335500 first_order_s=0.000890100 second_order_s=0.000410600 algebra_s=0.000795700 kkt_assembly_s=0.000483000 factor_s=0.004521600 solve_s=0.001940500 update_s=0.000373600 K_nnz=5269 rhs_cols=52 Vxx_nnz=2601
FILTERDDP_TIMING iteration=8 barrier_iteration=0 stage=1 derivative_s=0.000807900 first_order_s=0.000568900 second_order_s=0.000216200 algebra_s=0.000468500 kkt_assembly_s=0.000311100 factor_s=0.002360000 solve_s=0.001213100 update_s=0.003373700 K_nnz=5269 rhs_cols=52 Vxx_nnz=2601
FILTERDDP_FEASIBILITY iteration=8 barrier_iteration=0 equality_count=1686 equality_rms=3.164107638480e-03 equality_max=2.969733151882e-02 equality_worst_stage=3 equality_worst_index=385 dynamics_count=102 dynamics_rms=0.000000000000e+00 dynamics_max=0.000000000000e+00 dynamics_worst_stage=0 dynamics_worst_index=0 bound_count=2451 bound_rms=0.000000000000e+00 bound_max=0.000000000000e+00 bound_worst_stage=0 bound_worst_index=0 bound_worst_kind=none
     8   3.47088706e+03   2.9697e-02   3.3068e+01   1.0000e+00    0.00      -     5.0000e-01   0
FILTERDDP_ITER_TIMING iteration=8 barrier_iteration=0 backward_s=0.033857100 forward_s=0.002425100 total_s=0.036282200 outcome=accepted step_size=5.000000000e-01 backtracks=0 mu=1.000000000e+00
FILTERDDP_TIMING iteration=9 barrier_iteration=0 stage=3 derivative_s=0.000606400 first_order_s=0.000405500 second_order_s=0.000182700 algebra_s=0.002056500 kkt_assembly_s=0.001083300 factor_s=0.006806300 solve_s=0.002877400 update_s=0.001331400 K_nnz=5269 rhs_cols=52 Vxx_nnz=2601
FILTERDDP_TIMING iteration=9 barrier_iteration=0 stage=2 derivative_s=0.001949100 first_order_s=0.001338200 second_order_s=0.000548100 algebra_s=0.001093700 kkt_assembly_s=0.000700600 factor_s=0.006861300 solve_s=0.002910000 update_s=0.000528500 K_nnz=5269 rhs_cols=52 Vxx_nnz=2601
FILTERDDP_TIMING iteration=9 barrier_iteration=0 stage=1 derivative_s=0.002131900 first_order_s=0.001574100 second_order_s=0.000500100 algebra_s=0.001077700 kkt_assembly_s=0.000783800 factor_s=0.007384800 solve_s=0.001916200 update_s=0.002539700 K_nnz=5269 rhs_cols=52 Vxx_nnz=2601
FILTERDDP_FEASIBILITY iteration=9 barrier_iteration=0 equality_count=1686 equality_rms=2.752722234307e-03 equality_max=3.842546911801e-02 equality_worst_stage=2 equality_worst_index=384 dynamics_count=102 dynamics_rms=0.000000000000e+00 dynamics_max=0.000000000000e+00 dynamics_worst_stage=0 dynamics_worst_index=0 bound_count=2451 bound_rms=0.000000000000e+00 bound_max=0.000000000000e+00 bound_worst_stage=0 bound_worst_index=0 bound_worst_kind=none
     9   3.46918417e+03   3.8425e-02   1.6206e+01   1.0000e+00    0.00      -     5.0000e-01   0
FILTERDDP_ITER_TIMING iteration=9 barrier_iteration=0 backward_s=0.045147900 forward_s=0.004002100 total_s=0.049150000 outcome=accepted step_size=5.000000000e-01 backtracks=0 mu=1.000000000e+00
FILTERDDP_TIMING iteration=10 barrier_iteration=0 stage=3 derivative_s=0.000826600 first_order_s=0.000517800 second_order_s=0.000284800 algebra_s=0.001285100 kkt_assembly_s=0.000343700 factor_s=0.002985400 solve_s=0.001167000 update_s=0.000882000 K_nnz=5269 rhs_cols=52 Vxx_nnz=2601
FILTERDDP_TIMING iteration=10 barrier_iteration=0 stage=2 derivative_s=0.002177000 first_order_s=0.001576600 second_order_s=0.000537400 algebra_s=0.001186700 kkt_assembly_s=0.000702800 factor_s=0.019522800 solve_s=0.002141800 update_s=0.000412300 K_nnz=5269 rhs_cols=52 Vxx_nnz=2601
FILTERDDP_TIMING iteration=10 barrier_iteration=0 stage=1 derivative_s=0.001543700 first_order_s=0.001016800 second_order_s=0.000472500 algebra_s=0.000795900 kkt_assembly_s=0.000571800 factor_s=0.004193200 solve_s=0.001324000 update_s=0.002303800 K_nnz=5269 rhs_cols=52 Vxx_nnz=2601
FILTERDDP_FEASIBILITY iteration=10 barrier_iteration=0 equality_count=1686 equality_rms=2.731324164834e-03 equality_max=4.312357796287e-02 equality_worst_stage=2 equality_worst_index=384 dynamics_count=102 dynamics_rms=0.000000000000e+00 dynamics_max=0.000000000000e+00 dynamics_worst_stage=0 dynamics_worst_index=0 bound_count=2451 bound_rms=0.000000000000e+00 bound_max=0.000000000000e+00 bound_worst_stage=0 bound_worst_index=0 bound_worst_kind=none
FILTERDDP_ITER_TIMING iteration=10 barrier_iteration=0 backward_s=0.044743600 forward_s=0.000000000 total_s=0.044743600 outcome=barrier_update step_size=5.000000000e-01 backtracks=0 mu=1.000000000e+00
FILTERDDP_TIMING iteration=10 barrier_iteration=1 stage=3 derivative_s=0.000982500 first_order_s=0.000663100 second_order_s=0.000262100 algebra_s=0.001942800 kkt_assembly_s=0.000734800 factor_s=0.005932100 solve_s=0.002868100 update_s=0.001060500 K_nnz=5269 rhs_cols=52 Vxx_nnz=2601
FILTERDDP_TIMING iteration=10 barrier_iteration=1 stage=2 derivative_s=0.001930300 first_order_s=0.001331200 second_order_s=0.000537200 algebra_s=0.001059000 kkt_assembly_s=0.000659000 factor_s=0.005529400 solve_s=0.002427000 update_s=0.000446300 K_nnz=5269 rhs_cols=52 Vxx_nnz=2601
FILTERDDP_TIMING iteration=10 barrier_iteration=1 stage=1 derivative_s=0.001526900 first_order_s=0.001069600 second_order_s=0.000418400 algebra_s=0.000890100 kkt_assembly_s=0.000590800 factor_s=0.003962600 solve_s=0.001460700 update_s=0.002482100 K_nnz=5269 rhs_cols=52 Vxx_nnz=2601
FILTERDDP_FEASIBILITY iteration=10 barrier_iteration=1 equality_count=1686 equality_rms=2.731324164834e-03 equality_max=4.312357796287e-02 equality_worst_stage=2 equality_worst_index=384 dynamics_count=102 dynamics_rms=0.000000000000e+00 dynamics_max=0.000000000000e+00 dynamics_worst_stage=0 dynamics_worst_index=0 bound_count=2451 bound_rms=0.000000000000e+00 bound_max=0.000000000000e+00 bound_worst_stage=0 bound_worst_index=0 bound_worst_kind=none
  iter     objective        pr_inf       du_inf       cs_inf     lg(μ)   lg(reg)    alpha     ls
    10   3.46902983e+03   4.3124e-02   7.9680e+00   1.0000e+00   -0.70      -     5.0000e-01   0
FILTERDDP_ITER_TIMING iteration=10 barrier_iteration=1 backward_s=0.036966100 forward_s=0.003219100 total_s=0.040185200 outcome=accepted step_size=5.000000000e-01 backtracks=0 mu=2.000000000e-01
FILTERDDP_TIMING iteration=11 barrier_iteration=1 stage=3 derivative_s=0.000701600 first_order_s=0.000459700 second_order_s=0.000218800 algebra_s=0.001588800 kkt_assembly_s=0.000473100 factor_s=0.003953700 solve_s=0.001881200 update_s=0.000717400 K_nnz=5269 rhs_cols=52 Vxx_nnz=2601
FILTERDDP_TIMING iteration=11 barrier_iteration=1 stage=2 derivative_s=0.001295700 first_order_s=0.000885000 second_order_s=0.000364900 algebra_s=0.000783500 kkt_assembly_s=0.000498600 factor_s=0.004096200 solve_s=0.001943400 update_s=0.000367400 K_nnz=5269 rhs_cols=52 Vxx_nnz=2601
FILTERDDP_TIMING iteration=11 barrier_iteration=1 stage=1 derivative_s=0.001287000 first_order_s=0.000899300 second_order_s=0.000345200 algebra_s=0.000798200 kkt_assembly_s=0.000512900 factor_s=0.002878300 solve_s=0.001502800 update_s=0.003773500 K_nnz=5269 rhs_cols=52 Vxx_nnz=2601
FILTERDDP_FEASIBILITY iteration=11 barrier_iteration=1 equality_count=1686 equality_rms=1.246286025961e-02 equality_max=1.316536437007e-01 equality_worst_stage=2 equality_worst_index=509 dynamics_count=102 dynamics_rms=0.000000000000e+00 dynamics_max=0.000000000000e+00 dynamics_worst_stage=0 dynamics_worst_index=0 bound_count=2451 bound_rms=0.000000000000e+00 bound_max=0.000000000000e+00 bound_worst_stage=0 bound_worst_index=0 bound_worst_kind=none
    11   3.22134575e+03   1.3165e-01   4.3608e+00   6.3629e-01   -0.70      -     5.0000e-01   0
FILTERDDP_ITER_TIMING iteration=11 barrier_iteration=1 backward_s=0.029489900 forward_s=0.009505300 total_s=0.038995200 outcome=accepted step_size=5.000000000e-01 backtracks=0 mu=2.000000000e-01
FILTERDDP_TIMING iteration=12 barrier_iteration=1 stage=3 derivative_s=0.002230700 first_order_s=0.001364900 second_order_s=0.000799200 algebra_s=0.001714900 kkt_assembly_s=0.000418200 factor_s=0.015808300 solve_s=0.001618100 update_s=0.000783100 K_nnz=5269 rhs_cols=52 Vxx_nnz=2601
FILTERDDP_TIMING iteration=12 barrier_iteration=1 stage=2 derivative_s=0.001016100 first_order_s=0.000728400 second_order_s=0.000251300 algebra_s=0.000462200 kkt_assembly_s=0.000309200 factor_s=0.002486400 solve_s=0.001169100 update_s=0.000257700 K_nnz=5269 rhs_cols=52 Vxx_nnz=2601
FILTERDDP_TIMING iteration=12 barrier_iteration=1 stage=1 derivative_s=0.000811800 first_order_s=0.000552100 second_order_s=0.000239600 algebra_s=0.000445100 kkt_assembly_s=0.000319200 factor_s=0.002439800 solve_s=0.001187900 update_s=0.003333200 K_nnz=5269 rhs_cols=52 Vxx_nnz=2601
FILTERDDP_FEASIBILITY iteration=12 barrier_iteration=1 equality_count=1686 equality_rms=2.320551899874e-02 equality_max=2.915666740331e-01 equality_worst_stage=3 equality_worst_index=509 dynamics_count=102 dynamics_rms=0.000000000000e+00 dynamics_max=0.000000000000e+00 dynamics_worst_stage=0 dynamics_worst_index=0 bound_count=2451 bound_rms=0.000000000000e+00 bound_max=0.000000000000e+00 bound_worst_stage=0 bound_worst_index=0 bound_worst_kind=none
    12   3.07201586e+03   2.9157e-01   2.2372e+00   4.3634e-01   -0.70      -     5.0000e-01   0
FILTERDDP_ITER_TIMING iteration=12 barrier_iteration=1 backward_s=0.037210700 forward_s=0.007701700 total_s=0.044912400 outcome=accepted step_size=5.000000000e-01 backtracks=0 mu=2.000000000e-01
FILTERDDP_TIMING iteration=13 barrier_iteration=1 stage=3 derivative_s=0.001839500 first_order_s=0.001245000 second_order_s=0.000540800 algebra_s=0.002166700 kkt_assembly_s=0.000519500 factor_s=0.004956500 solve_s=0.003026800 update_s=0.000958100 K_nnz=5269 rhs_cols=52 Vxx_nnz=2601
FILTERDDP_TIMING iteration=13 barrier_iteration=1 stage=2 derivative_s=0.000653900 first_order_s=0.000464900 second_order_s=0.000169500 algebra_s=0.000398600 kkt_assembly_s=0.000242800 factor_s=0.001883700 solve_s=0.000949600 update_s=0.000206200 K_nnz=5269 rhs_cols=52 Vxx_nnz=2601
FILTERDDP_TIMING iteration=13 barrier_iteration=1 stage=1 derivative_s=0.000792100 first_order_s=0.000542500 second_order_s=0.000229100 algebra_s=0.000467600 kkt_assembly_s=0.000379900 factor_s=0.002521500 solve_s=0.001400200 update_s=0.002340000 K_nnz=5269 rhs_cols=52 Vxx_nnz=2601
FILTERDDP_FEASIBILITY iteration=13 barrier_iteration=1 equality_count=1686 equality_rms=3.326720206133e-02 equality_max=4.388660913965e-01 equality_worst_stage=3 equality_worst_index=509 dynamics_count=102 dynamics_rms=0.000000000000e+00 dynamics_max=0.000000000000e+00 dynamics_worst_stage=0 dynamics_worst_index=0 bound_count=2451 bound_rms=0.000000000000e+00 bound_max=0.000000000000e+00 bound_worst_stage=0 bound_worst_index=0 bound_worst_kind=none
FILTERDDP_ITER_TIMING iteration=13 barrier_iteration=1 backward_s=0.026116200 forward_s=0.000000000 total_s=0.026116200 outcome=barrier_update step_size=5.000000000e-01 backtracks=0 mu=2.000000000e-01
FILTERDDP_TIMING iteration=13 barrier_iteration=2 stage=3 derivative_s=0.002226300 first_order_s=0.001552400 second_order_s=0.000648800 algebra_s=0.001242000 kkt_assembly_s=0.000323600 factor_s=0.002278300 solve_s=0.001096100 update_s=0.000874800 K_nnz=5269 rhs_cols=52 Vxx_nnz=2601
FILTERDDP_TIMING iteration=13 barrier_iteration=2 stage=2 derivative_s=0.001859100 first_order_s=0.001285900 second_order_s=0.000529000 algebra_s=0.001050300 kkt_assembly_s=0.000746300 factor_s=0.006291100 solve_s=0.003424400 update_s=0.000577200 K_nnz=5269 rhs_cols=52 Vxx_nnz=2601
FILTERDDP_TIMING iteration=13 barrier_iteration=2 stage=1 derivative_s=0.001621600 first_order_s=0.001119400 second_order_s=0.000461800 algebra_s=0.000875600 kkt_assembly_s=0.000595800 factor_s=0.007233900 solve_s=0.002918800 update_s=0.018251300 K_nnz=5269 rhs_cols=52 Vxx_nnz=2601
FILTERDDP_FEASIBILITY iteration=13 barrier_iteration=2 equality_count=1686 equality_rms=3.326720206133e-02 equality_max=4.388660913965e-01 equality_worst_stage=3 equality_worst_index=509 dynamics_count=102 dynamics_rms=0.000000000000e+00 dynamics_max=0.000000000000e+00 dynamics_worst_stage=0 dynamics_worst_index=0 bound_count=2451 bound_rms=0.000000000000e+00 bound_max=0.000000000000e+00 bound_worst_stage=0 bound_worst_index=0 bound_worst_kind=none
    13   2.99247307e+03   4.3887e-01   1.2960e+00   3.2607e-01   -1.40      -     5.0000e-01   0
FILTERDDP_ITER_TIMING iteration=13 barrier_iteration=2 backward_s=0.054049500 forward_s=0.009492400 total_s=0.063541900 outcome=accepted step_size=5.000000000e-01 backtracks=0 mu=4.000000000e-02
FILTERDDP_TIMING iteration=14 barrier_iteration=2 stage=3 derivative_s=0.001862400 first_order_s=0.001223400 second_order_s=0.000578000 algebra_s=0.002577000 kkt_assembly_s=0.000754500 factor_s=0.006111400 solve_s=0.003054700 update_s=0.001183300 K_nnz=5269 rhs_cols=52 Vxx_nnz=2601
FILTERDDP_TIMING iteration=14 barrier_iteration=2 stage=2 derivative_s=0.001965700 first_order_s=0.001288700 second_order_s=0.000610700 algebra_s=0.001060200 kkt_assembly_s=0.000696700 factor_s=0.006068800 solve_s=0.003224000 update_s=0.000549400 K_nnz=5269 rhs_cols=52 Vxx_nnz=2601
FILTERDDP_TIMING iteration=14 barrier_iteration=2 stage=1 derivative_s=0.001660900 first_order_s=0.001140800 second_order_s=0.000467700 algebra_s=0.000947900 kkt_assembly_s=0.000641900 factor_s=0.005095400 solve_s=0.002291200 update_s=0.003630100 K_nnz=5269 rhs_cols=52 Vxx_nnz=2601
FILTERDDP_FEASIBILITY iteration=14 barrier_iteration=2 equality_count=1686 equality_rms=2.503605754166e-02 equality_max=3.441761729224e-01 equality_worst_stage=3 equality_worst_index=509 dynamics_count=102 dynamics_rms=0.000000000000e+00 dynamics_max=0.000000000000e+00 dynamics_worst_stage=0 dynamics_worst_index=0 bound_count=2451 bound_rms=0.000000000000e+00 bound_max=0.000000000000e+00 bound_worst_stage=0 bound_worst_index=0 bound_worst_kind=none
    14   2.88941720e+03   3.4418e-01   1.3857e+00   1.9845e-01   -1.40      -     5.0000e-01   0
FILTERDDP_ITER_TIMING iteration=14 barrier_iteration=2 backward_s=0.043920700 forward_s=0.009934600 total_s=0.053855300 outcome=accepted step_size=5.000000000e-01 backtracks=0 mu=4.000000000e-02
FILTERDDP_TIMING iteration=15 barrier_iteration=2 stage=3 derivative_s=0.001923600 first_order_s=0.001273500 second_order_s=0.000574100 algebra_s=0.002683800 kkt_assembly_s=0.000757600 factor_s=0.006141200 solve_s=0.002982000 update_s=0.001156800 K_nnz=5269 rhs_cols=52 Vxx_nnz=2601
FILTERDDP_TIMING iteration=15 barrier_iteration=2 stage=2 derivative_s=0.001907200 first_order_s=0.001296300 second_order_s=0.000548700 algebra_s=0.001069900 kkt_assembly_s=0.000704600 factor_s=0.006271500 solve_s=0.002031200 update_s=0.000395300 K_nnz=5269 rhs_cols=52 Vxx_nnz=2601
FILTERDDP_TIMING iteration=15 barrier_iteration=2 stage=1 derivative_s=0.001428200 first_order_s=0.000970300 second_order_s=0.000410400 algebra_s=0.000787800 kkt_assembly_s=0.000521000 factor_s=0.004235200 solve_s=0.001560000 update_s=0.003692100 K_nnz=5269 rhs_cols=52 Vxx_nnz=2601
FILTERDDP_FEASIBILITY iteration=15 barrier_iteration=2 equality_count=1686 equality_rms=2.491466845434e-02 equality_max=3.637449904608e-01 equality_worst_stage=3 equality_worst_index=509 dynamics_count=102 dynamics_rms=0.000000000000e+00 dynamics_max=0.000000000000e+00 dynamics_worst_stage=0 dynamics_worst_index=0 bound_count=2451 bound_rms=0.000000000000e+00 bound_max=0.000000000000e+00 bound_worst_stage=0 bound_worst_index=0 bound_worst_kind=none
    15   2.83534050e+03   3.6374e-01   1.1484e+00   1.2655e-01   -1.40      -     5.0000e-01   0
FILTERDDP_ITER_TIMING iteration=15 barrier_iteration=2 backward_s=0.040746000 forward_s=0.006757300 total_s=0.047503300 outcome=accepted step_size=5.000000000e-01 backtracks=0 mu=4.000000000e-02
FILTERDDP_TIMING iteration=16 barrier_iteration=2 stage=3 derivative_s=0.001996800 first_order_s=0.001307200 second_order_s=0.000623100 algebra_s=0.002935600 kkt_assembly_s=0.000953000 factor_s=0.006920200 solve_s=0.002973100 update_s=0.001018200 K_nnz=5269 rhs_cols=52 Vxx_nnz=2601
FILTERDDP_TIMING iteration=16 barrier_iteration=2 stage=2 derivative_s=0.001808200 first_order_s=0.001324500 second_order_s=0.000436200 algebra_s=0.000792800 kkt_assembly_s=0.000503300 factor_s=0.004096200 solve_s=0.001024400 update_s=0.000250800 K_nnz=5269 rhs_cols=52 Vxx_nnz=2601
FILTERDDP_TIMING iteration=16 barrier_iteration=2 stage=1 derivative_s=0.000819600 first_order_s=0.000570000 second_order_s=0.000225900 algebra_s=0.000436500 kkt_assembly_s=0.004725600 factor_s=0.001967200 solve_s=0.000919100 update_s=0.002768600 K_nnz=5269 rhs_cols=52 Vxx_nnz=2601
FILTERDDP_FEASIBILITY iteration=16 barrier_iteration=2 equality_count=1686 equality_rms=2.840313023720e-02 equality_max=4.382591666155e-01 equality_worst_stage=3 equality_worst_index=509 dynamics_count=102 dynamics_rms=0.000000000000e+00 dynamics_max=0.000000000000e+00 dynamics_worst_stage=0 dynamics_worst_index=0 bound_count=2451 bound_rms=0.000000000000e+00 bound_max=0.000000000000e+00 bound_worst_stage=0 bound_worst_index=0 bound_worst_kind=none
    16   2.80747177e+03   4.3826e-01   8.1554e-01   8.6720e-02   -1.40      -     5.0000e-01   0
FILTERDDP_ITER_TIMING iteration=16 barrier_iteration=2 backward_s=0.037528300 forward_s=0.010432000 total_s=0.047960300 outcome=accepted step_size=5.000000000e-01 backtracks=0 mu=4.000000000e-02
FILTERDDP_TIMING iteration=17 barrier_iteration=2 stage=3 derivative_s=0.002892700 first_order_s=0.002115900 second_order_s=0.000721100 algebra_s=0.002437600 kkt_assembly_s=0.000559100 factor_s=0.005667700 solve_s=0.002834300 update_s=0.000954400 K_nnz=5269 rhs_cols=52 Vxx_nnz=2601
FILTERDDP_TIMING iteration=17 barrier_iteration=2 stage=2 derivative_s=0.000954300 first_order_s=0.000696700 second_order_s=0.000231700 algebra_s=0.000442700 kkt_assembly_s=0.000307200 factor_s=0.002417700 solve_s=0.001117400 update_s=0.000254700 K_nnz=5269 rhs_cols=52 Vxx_nnz=2601
FILTERDDP_TIMING iteration=17 barrier_iteration=2 stage=1 derivative_s=0.000783800 first_order_s=0.000518300 second_order_s=0.000241900 algebra_s=0.000423900 kkt_assembly_s=0.000314200 factor_s=0.002256700 solve_s=0.001120600 update_s=0.002729700 K_nnz=5269 rhs_cols=52 Vxx_nnz=2601
FILTERDDP_FEASIBILITY iteration=17 barrier_iteration=2 equality_count=1686 equality_rms=3.010383049692e-02 equality_max=4.848934559453e-01 equality_worst_stage=3 equality_worst_index=509 dynamics_count=102 dynamics_rms=0.000000000000e+00 dynamics_max=0.000000000000e+00 dynamics_worst_stage=0 dynamics_worst_index=0 bound_count=2451 bound_rms=0.000000000000e+00 bound_max=0.000000000000e+00 bound_worst_stage=0 bound_worst_index=0 bound_worst_kind=none
    17   2.79339839e+03   4.8489e-01   5.1702e-01   6.4668e-02   -1.40      -     5.0000e-01   0
FILTERDDP_ITER_TIMING iteration=17 barrier_iteration=2 backward_s=0.028944800 forward_s=0.005848500 total_s=0.034793300 outcome=accepted step_size=5.000000000e-01 backtracks=0 mu=4.000000000e-02
FILTERDDP_TIMING iteration=18 barrier_iteration=2 stage=3 derivative_s=0.002088600 first_order_s=0.001443800 second_order_s=0.000579600 algebra_s=0.002299300 kkt_assembly_s=0.000816400 factor_s=0.005969100 solve_s=0.002844600 update_s=0.001080900 K_nnz=5269 rhs_cols=52 Vxx_nnz=2601
FILTERDDP_TIMING iteration=18 barrier_iteration=2 stage=2 derivative_s=0.001899800 first_order_s=0.001307100 second_order_s=0.000554000 algebra_s=0.000954400 kkt_assembly_s=0.000546000 factor_s=0.005379200 solve_s=0.002309900 update_s=0.000414600 K_nnz=5269 rhs_cols=52 Vxx_nnz=2601
FILTERDDP_TIMING iteration=18 barrier_iteration=2 stage=1 derivative_s=0.001220600 first_order_s=0.000905400 second_order_s=0.000279300 algebra_s=0.000595200 kkt_assembly_s=0.005646000 factor_s=0.003049800 solve_s=0.000914200 update_s=0.002464100 K_nnz=5269 rhs_cols=52 Vxx_nnz=2601
FILTERDDP_FEASIBILITY iteration=18 barrier_iteration=2 equality_count=1686 equality_rms=2.669304928898e-02 equality_max=4.435689773822e-01 equality_worst_stage=3 equality_worst_index=509 dynamics_count=102 dynamics_rms=0.000000000000e+00 dynamics_max=0.000000000000e+00 dynamics_worst_stage=0 dynamics_worst_index=0 bound_count=2451 bound_rms=0.000000000000e+00 bound_max=0.000000000000e+00 bound_worst_stage=0 bound_worst_index=0 bound_worst_kind=none
    18   2.78643967e+03   4.4357e-01   3.1290e-01   5.2757e-02   -1.40      -     5.0000e-01   0
FILTERDDP_ITER_TIMING iteration=18 barrier_iteration=2 backward_s=0.041113000 forward_s=0.008213700 total_s=0.049326700 outcome=accepted step_size=5.000000000e-01 backtracks=0 mu=4.000000000e-02
FILTERDDP_TIMING iteration=19 barrier_iteration=2 stage=3 derivative_s=0.002067300 first_order_s=0.001316100 second_order_s=0.000683000 algebra_s=0.002628000 kkt_assembly_s=0.000736200 factor_s=0.006147600 solve_s=0.002858000 update_s=0.001070700 K_nnz=5269 rhs_cols=52 Vxx_nnz=2601
FILTERDDP_TIMING iteration=19 barrier_iteration=2 stage=2 derivative_s=0.002089100 first_order_s=0.001487400 second_order_s=0.000540400 algebra_s=0.001052500 kkt_assembly_s=0.000635900 factor_s=0.005198500 solve_s=0.002310700 update_s=0.000438400 K_nnz=5269 rhs_cols=52 Vxx_nnz=2601
FILTERDDP_TIMING iteration=19 barrier_iteration=2 stage=1 derivative_s=0.001257400 first_order_s=0.000928200 second_order_s=0.000289100 algebra_s=0.000599300 kkt_assembly_s=0.000386800 factor_s=0.003100900 solve_s=0.001613500 update_s=0.002929700 K_nnz=5269 rhs_cols=52 Vxx_nnz=2601
FILTERDDP_FEASIBILITY iteration=19 barrier_iteration=2 equality_count=1686 equality_rms=1.957320333116e-02 equality_max=3.317633526944e-01 equality_worst_stage=3 equality_worst_index=509 dynamics_count=102 dynamics_rms=0.000000000000e+00 dynamics_max=0.000000000000e+00 dynamics_worst_stage=0 dynamics_worst_index=0 bound_count=2451 bound_rms=0.000000000000e+00 bound_max=0.000000000000e+00 bound_worst_stage=0 bound_worst_index=0 bound_worst_kind=none
FILTERDDP_ITER_TIMING iteration=19 barrier_iteration=2 backward_s=0.037674300 forward_s=0.000000000 total_s=0.037674300 outcome=barrier_update step_size=5.000000000e-01 backtracks=0 mu=4.000000000e-02
FILTERDDP_TIMING iteration=19 barrier_iteration=3 stage=3 derivative_s=0.003185500 first_order_s=0.002224800 second_order_s=0.000884200 algebra_s=0.003361100 kkt_assembly_s=0.001061500 factor_s=0.006442800 solve_s=0.002877900 update_s=0.001082400 K_nnz=5269 rhs_cols=52 Vxx_nnz=2601
FILTERDDP_TIMING iteration=19 barrier_iteration=3 stage=2 derivative_s=0.001897200 first_order_s=0.001334900 second_order_s=0.000503600 algebra_s=0.000907400 kkt_assembly_s=0.005131100 factor_s=0.004524200 solve_s=0.001646200 update_s=0.000287300 K_nnz=5269 rhs_cols=52 Vxx_nnz=2601
FILTERDDP_TIMING iteration=19 barrier_iteration=3 stage=1 derivative_s=0.000902900 first_order_s=0.000634700 second_order_s=0.000245000 algebra_s=0.000502100 kkt_assembly_s=0.000357200 factor_s=0.002739200 solve_s=0.001300800 update_s=0.002280300 K_nnz=5269 rhs_cols=52 Vxx_nnz=2601
FILTERDDP_FEASIBILITY iteration=19 barrier_iteration=3 equality_count=1686 equality_rms=1.957320333116e-02 equality_max=3.317633526944e-01 equality_worst_stage=3 equality_worst_index=509 dynamics_count=102 dynamics_rms=0.000000000000e+00 dynamics_max=0.000000000000e+00 dynamics_worst_stage=0 dynamics_worst_index=0 bound_count=2451 bound_rms=0.000000000000e+00 bound_max=0.000000000000e+00 bound_worst_stage=0 bound_worst_index=0 bound_worst_kind=none
    19   2.78305082e+03   3.3176e-01   1.7130e-01   4.6500e-02   -2.10      -     5.0000e-01   0
FILTERDDP_ITER_TIMING iteration=19 barrier_iteration=3 backward_s=0.040895400 forward_s=0.004394400 total_s=0.045289800 outcome=accepted step_size=5.000000000e-01 backtracks=0 mu=8.000000000e-03
  iter     objective        pr_inf       du_inf       cs_inf     lg(μ)   lg(reg)    alpha     ls
    20   2.78305082e+03   3.3176e-01   1.7130e-01   4.6500e-02   -2.10      -     5.0000e-01   0


EXIT: Failed, maximum solver iterations reached.

solve complete: 21.031 s, iterations=20, status=8
final residuals: primal=3.317633526944e-01 dual=1.712989900743e-01 complementarity=4.650015290223e-02
solution_write_skipped=1
FilterDDP objective=2766.907358258601 max_equality_residual=6.473e-01
Ipopt objective=2808.924651222831 objective_gap=4.202e+01
max_abs_diff[P_Subs]=2.845e-01
max_abs_diff[Q_Subs]=2.844e-01
max_abs_diff[P]=2.845e-01
max_abs_diff[Q]=2.844e-01
max_abs_diff[v]=3.786e-02
max_abs_diff[ell]=3.427e+02
max_abs_diff[P_B]=8.544e-03
max_abs_diff[B]=3.438e-02
max_abs_diff[q_D]=1.013e-02
CAPTURE_DONE exit=0 finished=2026-09-24T19:15:58
