CAPTURE_ENV system=ieee2522C_1ph T=3 arm=exact iteration=20 stage=1 C_B=1e-3 profile=periodic started=2026-09-24T19:17:50
C_B OVERRIDE: 0.001
ieee2522C_1ph T=3: nx=249, nu=13355, nc=10336, dense nu^2=178356025, reduced=3019
TERMINAL_SOC soft=1 gamma=3.290000e+04
build complete: 2.717 s, nc=10336
constructing dynamic Solver storage...
optimality_tolerance=1.000e-07 max_iterations=20
Solver construction complete: 0.388 s
entering solve! ...
[31;1m   
 _____ _ _ _            ____  ____  ____  
|  ___(_) | |_ ___ _ __|  _ \|  _ \|  _ \ 
| |_  | | | __/ _ \ '__| | | | | | | |_) |
|  _| | | | ||  __/ |  | |_| | |_| |  __/ 
|_|   |_|_|\__\___|_|  |____/|____/|_|                 
    
[0mFILTERDDP_TIMING iteration=0 barrier_iteration=0 stage=3 derivative_s=0.785746200 first_order_s=0.554309900 second_order_s=0.128409200 algebra_s=1.825817400 kkt_assembly_s=1.452768600 factor_s=0.418745900 solve_s=0.213656300 update_s=0.659086500 K_nnz=90982 rhs_cols=250 Vxx_nnz=62001
FILTERDDP_TIMING iteration=0 barrier_iteration=0 stage=2 derivative_s=0.089647700 first_order_s=0.033125200 second_order_s=0.056400700 algebra_s=0.013524300 kkt_assembly_s=0.097927100 factor_s=0.097517600 solve_s=0.258721600 update_s=0.179928300 K_nnz=152734 rhs_cols=250 Vxx_nnz=62001
FILTERDDP_TIMING iteration=0 barrier_iteration=0 stage=1 derivative_s=0.021449500 first_order_s=0.019412500 second_order_s=0.001922700 algebra_s=0.009860700 kkt_assembly_s=0.031718200 factor_s=0.453784700 solve_s=0.142608500 update_s=0.664627900 K_nnz=152734 rhs_cols=250 Vxx_nnz=62001
FILTERDDP_FEASIBILITY iteration=0 barrier_iteration=0 equality_count=31008 equality_rms=9.948835067269e-03 equality_max=1.000000000000e+00 equality_worst_stage=3 equality_worst_index=1 dynamics_count=498 dynamics_rms=0.000000000000e+00 dynamics_max=0.000000000000e+00 dynamics_worst_stage=0 dynamics_worst_index=0 bound_count=34743 bound_rms=0.000000000000e+00 bound_max=0.000000000000e+00 bound_worst_stage=0 bound_worst_index=0 bound_worst_kind=none
  iter     objective        pr_inf       du_inf       cs_inf     lg(μ)   lg(reg)    alpha     ls
     0   3.36000000e+03   1.0000e+00   1.5347e+03   1.0000e+00    0.00      -     0.0000e+00   0
FILTERDDP_ITER_TIMING iteration=0 barrier_iteration=0 backward_s=17.253258400 forward_s=1.361756800 total_s=18.615015200 outcome=accepted step_size=3.125000000e-02 backtracks=0 mu=1.000000000e+00
FILTERDDP_TIMING iteration=1 barrier_iteration=0 stage=3 derivative_s=0.031305100 first_order_s=0.012073400 second_order_s=0.019114000 algebra_s=0.108660600 kkt_assembly_s=0.029115500 factor_s=0.045351100 solve_s=0.179518800 update_s=0.031971100 K_nnz=101066 rhs_cols=250 Vxx_nnz=62001
FILTERDDP_TIMING iteration=1 barrier_iteration=0 stage=2 derivative_s=0.053898900 first_order_s=0.029716500 second_order_s=0.024009800 algebra_s=0.020011200 kkt_assembly_s=0.038644400 factor_s=0.150039300 solve_s=0.595625800 update_s=0.013444400 K_nnz=162818 rhs_cols=250 Vxx_nnz=62001
FILTERDDP_TIMING iteration=1 barrier_iteration=0 stage=1 derivative_s=0.049725800 first_order_s=0.030733100 second_order_s=0.018883100 algebra_s=0.014101600 kkt_assembly_s=0.042439700 factor_s=0.092702900 solve_s=0.175108300 update_s=0.190789700 K_nnz=162818 rhs_cols=250 Vxx_nnz=62001
FILTERDDP_FEASIBILITY iteration=1 barrier_iteration=0 equality_count=31008 equality_rms=1.096917620311e-02 equality_max=9.687500000000e-01 equality_worst_stage=1 equality_worst_index=1 dynamics_count=498 dynamics_rms=0.000000000000e+00 dynamics_max=0.000000000000e+00 dynamics_worst_stage=0 dynamics_worst_index=0 bound_count=34743 bound_rms=0.000000000000e+00 bound_max=0.000000000000e+00 bound_worst_stage=0 bound_worst_index=0 bound_worst_kind=none
     1   3.85124944e+03   9.6875e-01   1.4867e+03   9.9998e-01    0.00      -     3.1250e-02   0
FILTERDDP_ITER_TIMING iteration=1 barrier_iteration=0 backward_s=1.877921700 forward_s=0.291320500 total_s=2.169242200 outcome=accepted step_size=1.562500000e-02 backtracks=0 mu=1.000000000e+00
FILTERDDP_TIMING iteration=2 barrier_iteration=0 stage=3 derivative_s=0.029771500 first_order_s=0.013099700 second_order_s=0.016569300 algebra_s=0.102671500 kkt_assembly_s=0.035909000 factor_s=0.042465300 solve_s=0.143369500 update_s=0.097254400 K_nnz=101066 rhs_cols=250 Vxx_nnz=62001
FILTERDDP_TIMING iteration=2 barrier_iteration=0 stage=2 derivative_s=0.036479200 first_order_s=0.017780600 second_order_s=0.018585500 algebra_s=0.012201700 kkt_assembly_s=0.032124800 factor_s=0.472101600 solve_s=0.198034900 update_s=0.013265300 K_nnz=162818 rhs_cols=250 Vxx_nnz=62001
FILTERDDP_TIMING iteration=2 barrier_iteration=0 stage=1 derivative_s=0.050684900 first_order_s=0.030502800 second_order_s=0.020069900 algebra_s=0.010211700 kkt_assembly_s=0.035369800 factor_s=0.122884200 solve_s=0.164839000 update_s=0.157316100 K_nnz=162818 rhs_cols=250 Vxx_nnz=62001
FILTERDDP_FEASIBILITY iteration=2 barrier_iteration=0 equality_count=31008 equality_rms=1.098067368732e-02 equality_max=9.536132812500e-01 equality_worst_stage=1 equality_worst_index=1 dynamics_count=498 dynamics_rms=0.000000000000e+00 dynamics_max=0.000000000000e+00 dynamics_worst_stage=0 dynamics_worst_index=0 bound_count=34743 bound_rms=0.000000000000e+00 bound_max=0.000000000000e+00 bound_worst_stage=0 bound_worst_index=0 bound_worst_kind=none
     2   4.11692209e+03   9.5361e-01   1.4635e+03   9.9996e-01    0.00      -     1.5625e-02   0
FILTERDDP_ITER_TIMING iteration=2 barrier_iteration=0 backward_s=1.769032600 forward_s=0.237220300 total_s=2.006252900 outcome=accepted step_size=3.125000000e-02 backtracks=0 mu=1.000000000e+00
FILTERDDP_TIMING iteration=3 barrier_iteration=0 stage=3 derivative_s=0.029877800 first_order_s=0.013201800 second_order_s=0.016574200 algebra_s=0.094921700 kkt_assembly_s=0.041927000 factor_s=0.063577100 solve_s=0.102034800 update_s=0.026650700 K_nnz=101066 rhs_cols=250 Vxx_nnz=62001
FILTERDDP_TIMING iteration=3 barrier_iteration=0 stage=2 derivative_s=0.105869500 first_order_s=0.020030300 second_order_s=0.085481300 algebra_s=0.020492500 kkt_assembly_s=0.018216900 factor_s=0.561581300 solve_s=0.149898500 update_s=0.016000300 K_nnz=162818 rhs_cols=250 Vxx_nnz=62001
FILTERDDP_TIMING iteration=3 barrier_iteration=0 stage=1 derivative_s=0.056894600 first_order_s=0.033208500 second_order_s=0.023571900 algebra_s=0.012228900 kkt_assembly_s=0.030821300 factor_s=0.129464000 solve_s=0.226058300 update_s=0.147795900 K_nnz=162818 rhs_cols=250 Vxx_nnz=62001
FILTERDDP_FEASIBILITY iteration=3 barrier_iteration=0 equality_count=31008 equality_rms=1.168271757826e-02 equality_max=9.238128662109e-01 equality_worst_stage=1 equality_worst_index=1 dynamics_count=498 dynamics_rms=0.000000000000e+00 dynamics_max=0.000000000000e+00 dynamics_worst_stage=0 dynamics_worst_index=0 bound_count=34743 bound_rms=0.000000000000e+00 bound_max=0.000000000000e+00 bound_worst_stage=0 bound_worst_index=0 bound_worst_kind=none
     3   4.57795372e+03   9.2381e-01   1.4178e+03   9.9990e-01    0.00      -     3.1250e-02   0
FILTERDDP_ITER_TIMING iteration=3 barrier_iteration=0 backward_s=1.847487400 forward_s=0.152306200 total_s=1.999793600 outcome=accepted step_size=1.250000000e-01 backtracks=0 mu=1.000000000e+00
FILTERDDP_TIMING iteration=4 barrier_iteration=0 stage=3 derivative_s=0.027247700 first_order_s=0.010697800 second_order_s=0.016445700 algebra_s=0.083036000 kkt_assembly_s=0.067367300 factor_s=0.040161600 solve_s=0.104532800 update_s=0.029153700 K_nnz=101066 rhs_cols=250 Vxx_nnz=62001
FILTERDDP_TIMING iteration=4 barrier_iteration=0 stage=2 derivative_s=0.039078400 first_order_s=0.021736000 second_order_s=0.017179200 algebra_s=0.013365200 kkt_assembly_s=0.088773700 factor_s=0.116818800 solve_s=0.521315900 update_s=0.012770900 K_nnz=162818 rhs_cols=250 Vxx_nnz=62001
FILTERDDP_TIMING iteration=4 barrier_iteration=0 stage=1 derivative_s=0.053905500 first_order_s=0.027176200 second_order_s=0.026621300 algebra_s=0.010009700 kkt_assembly_s=0.041230800 factor_s=0.130721300 solve_s=0.248742700 update_s=0.147337100 K_nnz=162818 rhs_cols=250 Vxx_nnz=62001
FILTERDDP_FEASIBILITY iteration=4 barrier_iteration=0 equality_count=31008 equality_rms=3.660213450546e-02 equality_max=8.083362579346e-01 equality_worst_stage=1 equality_worst_index=1 dynamics_count=498 dynamics_rms=0.000000000000e+00 dynamics_max=0.000000000000e+00 dynamics_worst_stage=0 dynamics_worst_index=0 bound_count=34743 bound_rms=0.000000000000e+00 bound_max=0.000000000000e+00 bound_worst_stage=0 bound_worst_index=0 bound_worst_kind=none
     4   6.15330699e+03   8.0834e-01   1.2405e+03   9.9907e-01    0.00      -     1.2500e-01   0
FILTERDDP_ITER_TIMING iteration=4 barrier_iteration=0 backward_s=1.788319200 forward_s=0.208048300 total_s=1.996367500 outcome=accepted step_size=6.250000000e-02 backtracks=0 mu=1.000000000e+00
FILTERDDP_TIMING iteration=5 barrier_iteration=0 stage=3 derivative_s=0.027947700 first_order_s=0.011334600 second_order_s=0.016505300 algebra_s=0.067298700 kkt_assembly_s=0.030821000 factor_s=0.040431100 solve_s=0.106967400 update_s=0.026738900 K_nnz=101066 rhs_cols=250 Vxx_nnz=62001
FILTERDDP_TIMING iteration=5 barrier_iteration=0 stage=2 derivative_s=0.045741700 first_order_s=0.026872300 second_order_s=0.018759600 algebra_s=0.014007800 kkt_assembly_s=0.031929200 factor_s=0.152153300 solve_s=0.186001900 update_s=0.012783100 K_nnz=162818 rhs_cols=250 Vxx_nnz=62001
FILTERDDP_TIMING iteration=5 barrier_iteration=0 stage=1 derivative_s=0.051053400 first_order_s=0.030530200 second_order_s=0.020413300 algebra_s=0.079681200 kkt_assembly_s=0.407336100 factor_s=0.136776400 solve_s=0.150703500 update_s=0.122050600 K_nnz=162818 rhs_cols=250 Vxx_nnz=62001
FILTERDDP_FEASIBILITY iteration=5 barrier_iteration=0 equality_count=31008 equality_rms=3.760923162589e-02 equality_max=7.578152418137e-01 equality_worst_stage=1 equality_worst_index=1 dynamics_count=498 dynamics_rms=0.000000000000e+00 dynamics_max=0.000000000000e+00 dynamics_worst_stage=0 dynamics_worst_index=0 bound_count=34743 bound_rms=0.000000000000e+00 bound_max=0.000000000000e+00 bound_worst_stage=0 bound_worst_index=0 bound_worst_kind=none
     5   6.66621883e+03   7.5782e-01   9.2290e+02   9.9890e-01    0.00      -     6.2500e-02   0
FILTERDDP_ITER_TIMING iteration=5 barrier_iteration=0 backward_s=1.704167800 forward_s=0.174846900 total_s=1.879014700 outcome=accepted step_size=1.250000000e-01 backtracks=0 mu=1.000000000e+00
FILTERDDP_TIMING iteration=6 barrier_iteration=0 stage=3 derivative_s=0.037550200 first_order_s=0.017142600 second_order_s=0.020263600 algebra_s=0.103574200 kkt_assembly_s=0.054942500 factor_s=0.042744000 solve_s=0.109204400 update_s=0.029851700 K_nnz=101066 rhs_cols=250 Vxx_nnz=62001
FILTERDDP_TIMING iteration=6 barrier_iteration=0 stage=2 derivative_s=0.042719400 first_order_s=0.020325700 second_order_s=0.022223200 algebra_s=0.015712400 kkt_assembly_s=0.018604900 factor_s=0.166122800 solve_s=0.204708800 update_s=0.012469000 K_nnz=162818 rhs_cols=250 Vxx_nnz=62001
FILTERDDP_TIMING iteration=6 barrier_iteration=0 stage=1 derivative_s=0.042152900 first_order_s=0.019433900 second_order_s=0.022594000 algebra_s=0.011795900 kkt_assembly_s=0.027940900 factor_s=0.151382100 solve_s=0.257588900 update_s=0.133073800 K_nnz=162818 rhs_cols=250 Vxx_nnz=62001
FILTERDDP_FEASIBILITY iteration=6 barrier_iteration=0 equality_count=31008 equality_rms=4.329020780949e-02 equality_max=7.081252932260e-01 equality_worst_stage=3 equality_worst_index=7568 dynamics_count=498 dynamics_rms=0.000000000000e+00 dynamics_max=0.000000000000e+00 dynamics_worst_stage=0 dynamics_worst_index=0 bound_count=34743 bound_rms=0.000000000000e+00 bound_max=0.000000000000e+00 bound_worst_stage=0 bound_worst_index=0 bound_worst_kind=none
     6   7.54484726e+03   7.0813e-01   5.2943e+02   9.9788e-01    0.00      -     1.2500e-01   0
FILTERDDP_ITER_TIMING iteration=6 barrier_iteration=0 backward_s=1.475941900 forward_s=0.583167500 total_s=2.059109400 outcome=accepted step_size=1.250000000e-01 backtracks=1 mu=1.000000000e+00
FILTERDDP_TIMING iteration=7 barrier_iteration=0 stage=3 derivative_s=0.029695000 first_order_s=0.012029800 second_order_s=0.017557600 algebra_s=0.049654100 kkt_assembly_s=0.026039400 factor_s=0.040918000 solve_s=0.106796900 update_s=0.024762400 K_nnz=101066 rhs_cols=250 Vxx_nnz=62001
FILTERDDP_TIMING iteration=7 barrier_iteration=0 stage=2 derivative_s=0.027958200 first_order_s=0.011495700 second_order_s=0.016348900 algebra_s=0.008386400 kkt_assembly_s=0.012621000 factor_s=0.112874800 solve_s=0.173090900 update_s=0.013846500 K_nnz=162818 rhs_cols=250 Vxx_nnz=62001
FILTERDDP_TIMING iteration=7 barrier_iteration=0 stage=1 derivative_s=0.029735000 first_order_s=0.012342800 second_order_s=0.017278100 algebra_s=0.020821300 kkt_assembly_s=0.057018700 factor_s=0.119985300 solve_s=0.145833600 update_s=0.189885600 K_nnz=162818 rhs_cols=250 Vxx_nnz=62001
FILTERDDP_FEASIBILITY iteration=7 barrier_iteration=0 equality_count=31008 equality_rms=4.356945800431e-02 equality_max=7.149161603177e-01 equality_worst_stage=3 equality_worst_index=7568 dynamics_count=498 dynamics_rms=0.000000000000e+00 dynamics_max=0.000000000000e+00 dynamics_worst_stage=0 dynamics_worst_index=0 bound_count=34743 bound_rms=0.000000000000e+00 bound_max=0.000000000000e+00 bound_worst_stage=0 bound_worst_index=0 bound_worst_kind=none
     7   8.17759644e+03   7.1492e-01   3.3274e+02   9.9682e-01    0.00      -     1.2500e-01   1
FILTERDDP_ITER_TIMING iteration=7 barrier_iteration=0 backward_s=1.203194400 forward_s=0.187389400 total_s=1.390583800 outcome=accepted step_size=1.250000000e-01 backtracks=1 mu=1.000000000e+00
FILTERDDP_TIMING iteration=8 barrier_iteration=0 stage=3 derivative_s=0.044853900 first_order_s=0.010522800 second_order_s=0.034144300 algebra_s=0.432759200 kkt_assembly_s=0.051731900 factor_s=0.039474500 solve_s=0.099259600 update_s=0.026311900 K_nnz=101066 rhs_cols=250 Vxx_nnz=62001
FILTERDDP_TIMING iteration=8 barrier_iteration=0 stage=2 derivative_s=0.039131200 first_order_s=0.021652800 second_order_s=0.017322600 algebra_s=0.013782700 kkt_assembly_s=0.029668900 factor_s=0.149785600 solve_s=0.203370900 update_s=0.016096600 K_nnz=162818 rhs_cols=250 Vxx_nnz=62001
FILTERDDP_TIMING iteration=8 barrier_iteration=0 stage=1 derivative_s=0.063017700 first_order_s=0.040129500 second_order_s=0.022724200 algebra_s=0.009292400 kkt_assembly_s=0.031288000 factor_s=0.119004400 solve_s=0.173581000 update_s=0.207182900 K_nnz=162818 rhs_cols=250 Vxx_nnz=62001
FILTERDDP_FEASIBILITY iteration=8 barrier_iteration=0 equality_count=31008 equality_rms=4.130640518203e-02 equality_max=6.773115982108e-01 equality_worst_stage=3 equality_worst_index=7568 dynamics_count=498 dynamics_rms=0.000000000000e+00 dynamics_max=0.000000000000e+00 dynamics_worst_stage=0 dynamics_worst_index=0 bound_count=34743 bound_rms=0.000000000000e+00 bound_max=0.000000000000e+00 bound_worst_stage=0 bound_worst_index=0 bound_worst_kind=none
     8   8.64139215e+03   6.7731e-01   2.2149e+02   9.9584e-01    0.00      -     1.2500e-01   1
FILTERDDP_ITER_TIMING iteration=8 barrier_iteration=0 backward_s=1.762847100 forward_s=0.191750400 total_s=1.954597500 outcome=accepted step_size=2.500000000e-01 backtracks=0 mu=1.000000000e+00
FILTERDDP_TIMING iteration=9 barrier_iteration=0 stage=3 derivative_s=0.055915500 first_order_s=0.032603000 second_order_s=0.023204800 algebra_s=0.057888500 kkt_assembly_s=0.403553800 factor_s=0.038792600 solve_s=0.130077300 update_s=0.025841700 K_nnz=101066 rhs_cols=250 Vxx_nnz=62001
FILTERDDP_TIMING iteration=9 barrier_iteration=0 stage=2 derivative_s=0.042421500 first_order_s=0.019687900 second_order_s=0.022567100 algebra_s=0.008873600 kkt_assembly_s=0.018789300 factor_s=0.141482600 solve_s=0.161300600 update_s=0.013342500 K_nnz=162818 rhs_cols=250 Vxx_nnz=62001
FILTERDDP_TIMING iteration=9 barrier_iteration=0 stage=1 derivative_s=0.049585200 first_order_s=0.029986500 second_order_s=0.019486000 algebra_s=0.014193900 kkt_assembly_s=0.043680800 factor_s=0.123519400 solve_s=0.195470700 update_s=0.185974400 K_nnz=162818 rhs_cols=250 Vxx_nnz=62001
FILTERDDP_FEASIBILITY iteration=9 barrier_iteration=0 equality_count=31008 equality_rms=3.881497479272e-02 equality_max=6.325554349915e-01 equality_worst_stage=3 equality_worst_index=7568 dynamics_count=498 dynamics_rms=0.000000000000e+00 dynamics_max=0.000000000000e+00 dynamics_worst_stage=0 dynamics_worst_index=0 bound_count=34743 bound_rms=0.000000000000e+00 bound_max=0.000000000000e+00 bound_worst_stage=0 bound_worst_index=0 bound_worst_kind=none
     9   9.35203683e+03   6.3256e-01   1.0985e+02   9.9167e-01    0.00      -     2.5000e-01   0
FILTERDDP_ITER_TIMING iteration=9 barrier_iteration=0 backward_s=1.722615200 forward_s=0.132776900 total_s=1.855392100 outcome=accepted step_size=5.000000000e-01 backtracks=0 mu=1.000000000e+00
FILTERDDP_TIMING iteration=10 barrier_iteration=0 stage=3 derivative_s=0.029157800 first_order_s=0.012299400 second_order_s=0.016725100 algebra_s=0.071926800 kkt_assembly_s=0.419759500 factor_s=0.042282700 solve_s=0.179706300 update_s=0.027955100 K_nnz=101066 rhs_cols=250 Vxx_nnz=62001
FILTERDDP_TIMING iteration=10 barrier_iteration=0 stage=2 derivative_s=0.041399900 first_order_s=0.023995700 second_order_s=0.017294300 algebra_s=0.013501200 kkt_assembly_s=0.025534400 factor_s=0.125272400 solve_s=0.196307400 update_s=0.013075900 K_nnz=162818 rhs_cols=250 Vxx_nnz=62001
FILTERDDP_TIMING iteration=10 barrier_iteration=0 stage=1 derivative_s=0.049367900 first_order_s=0.029178000 second_order_s=0.020072100 algebra_s=0.016429000 kkt_assembly_s=0.034798200 factor_s=0.115261400 solve_s=0.232788000 update_s=0.141180800 K_nnz=162818 rhs_cols=250 Vxx_nnz=62001
FILTERDDP_FEASIBILITY iteration=10 barrier_iteration=0 equality_count=31008 equality_rms=3.217582981848e-02 equality_max=5.142671476858e-01 equality_worst_stage=1 equality_worst_index=7568 dynamics_count=498 dynamics_rms=0.000000000000e+00 dynamics_max=0.000000000000e+00 dynamics_worst_stage=0 dynamics_worst_index=0 bound_count=34743 bound_rms=0.000000000000e+00 bound_max=0.000000000000e+00 bound_worst_stage=0 bound_worst_index=0 bound_worst_kind=none
  iter     objective        pr_inf       du_inf       cs_inf     lg(μ)   lg(reg)    alpha     ls
    10   1.02217024e+04   5.1427e-01   3.1811e+01   9.8362e-01    0.00      -     5.0000e-01   0
FILTERDDP_ITER_TIMING iteration=10 barrier_iteration=0 backward_s=1.787824700 forward_s=0.128478100 total_s=1.916302800 outcome=accepted step_size=5.000000000e-01 backtracks=0 mu=1.000000000e+00
FILTERDDP_TIMING iteration=11 barrier_iteration=0 stage=3 derivative_s=0.029161500 first_order_s=0.012355600 second_order_s=0.016675800 algebra_s=0.159539700 kkt_assembly_s=0.035522600 factor_s=0.061682800 solve_s=0.618827500 update_s=0.026968300 K_nnz=101066 rhs_cols=250 Vxx_nnz=62001
FILTERDDP_TIMING iteration=11 barrier_iteration=0 stage=2 derivative_s=0.039470700 first_order_s=0.019055800 second_order_s=0.020261800 algebra_s=0.008654800 kkt_assembly_s=0.016282400 factor_s=0.115177300 solve_s=0.169552600 update_s=0.016953200 K_nnz=162818 rhs_cols=250 Vxx_nnz=62001
FILTERDDP_TIMING iteration=11 barrier_iteration=0 stage=1 derivative_s=0.064044200 first_order_s=0.040062200 second_order_s=0.023821200 algebra_s=0.012187600 kkt_assembly_s=0.049430300 factor_s=0.109880600 solve_s=0.178620900 update_s=0.131317800 K_nnz=162818 rhs_cols=250 Vxx_nnz=62001
FILTERDDP_FEASIBILITY iteration=11 barrier_iteration=0 equality_count=31008 equality_rms=1.799280043922e-02 equality_max=2.899873583554e-01 equality_worst_stage=1 equality_worst_index=7568 dynamics_count=498 dynamics_rms=0.000000000000e+00 dynamics_max=0.000000000000e+00 dynamics_worst_stage=0 dynamics_worst_index=0 bound_count=34743 bound_rms=0.000000000000e+00 bound_max=0.000000000000e+00 bound_worst_stage=0 bound_worst_index=0 bound_worst_kind=none
    11   1.05571220e+04   2.8999e-01   1.1299e+01   9.9182e-01    0.00      -     5.0000e-01   0
FILTERDDP_ITER_TIMING iteration=11 barrier_iteration=0 backward_s=1.856897600 forward_s=0.123403800 total_s=1.980301400 outcome=accepted step_size=5.000000000e-01 backtracks=0 mu=1.000000000e+00
FILTERDDP_TIMING iteration=12 barrier_iteration=0 stage=3 derivative_s=0.028099800 first_order_s=0.011297400 second_order_s=0.016695100 algebra_s=0.092531600 kkt_assembly_s=0.036117600 factor_s=0.060348400 solve_s=0.200056100 update_s=0.026348300 K_nnz=101066 rhs_cols=250 Vxx_nnz=62001
FILTERDDP_TIMING iteration=12 barrier_iteration=0 stage=2 derivative_s=0.033983000 first_order_s=0.017049500 second_order_s=0.016819500 algebra_s=0.009248100 kkt_assembly_s=0.030315500 factor_s=0.104447500 solve_s=0.165977800 update_s=0.013444900 K_nnz=162818 rhs_cols=250 Vxx_nnz=62001
FILTERDDP_TIMING iteration=12 barrier_iteration=0 stage=1 derivative_s=0.047404600 first_order_s=0.028477600 second_order_s=0.018815500 algebra_s=0.012363600 kkt_assembly_s=0.390539200 factor_s=0.133614200 solve_s=0.167684300 update_s=0.157766900 K_nnz=162818 rhs_cols=250 Vxx_nnz=62001
FILTERDDP_FEASIBILITY iteration=12 barrier_iteration=0 equality_count=31008 equality_rms=9.348475855249e-03 equality_max=1.524173903741e-01 equality_worst_stage=1 equality_worst_index=7568 dynamics_count=498 dynamics_rms=0.000000000000e+00 dynamics_max=0.000000000000e+00 dynamics_worst_stage=0 dynamics_worst_index=0 bound_count=34743 bound_rms=0.000000000000e+00 bound_max=0.000000000000e+00 bound_worst_stage=0 bound_worst_index=0 bound_worst_kind=none
FILTERDDP_ITER_TIMING iteration=12 barrier_iteration=0 backward_s=1.722596400 forward_s=0.000000000 total_s=1.722596400 outcome=barrier_update step_size=5.000000000e-01 backtracks=0 mu=1.000000000e+00
FILTERDDP_TIMING iteration=12 barrier_iteration=1 stage=3 derivative_s=0.029277000 first_order_s=0.011926300 second_order_s=0.017244100 algebra_s=0.080872400 kkt_assembly_s=0.045940500 factor_s=0.040158200 solve_s=0.154161800 update_s=0.027796600 K_nnz=101066 rhs_cols=250 Vxx_nnz=62001
FILTERDDP_TIMING iteration=12 barrier_iteration=1 stage=2 derivative_s=0.043466000 first_order_s=0.025104300 second_order_s=0.018249500 algebra_s=0.018227500 kkt_assembly_s=0.013158000 factor_s=0.103270100 solve_s=0.220109300 update_s=0.012786700 K_nnz=162818 rhs_cols=250 Vxx_nnz=62001
FILTERDDP_TIMING iteration=12 barrier_iteration=1 stage=1 derivative_s=0.051214200 first_order_s=0.030129100 second_order_s=0.020971300 algebra_s=0.013977100 kkt_assembly_s=0.027583300 factor_s=0.128371000 solve_s=0.207486300 update_s=0.152667300 K_nnz=162818 rhs_cols=250 Vxx_nnz=62001
FILTERDDP_FEASIBILITY iteration=12 barrier_iteration=1 equality_count=31008 equality_rms=9.348475855249e-03 equality_max=1.524173903741e-01 equality_worst_stage=1 equality_worst_index=7568 dynamics_count=498 dynamics_rms=0.000000000000e+00 dynamics_max=0.000000000000e+00 dynamics_worst_stage=0 dynamics_worst_index=0 bound_count=34743 bound_rms=0.000000000000e+00 bound_max=0.000000000000e+00 bound_worst_stage=0 bound_worst_index=0 bound_worst_kind=none
    12   1.07207966e+04   1.5242e-01   4.6320e+00   9.9591e-01   -0.70      -     5.0000e-01   0
FILTERDDP_ITER_TIMING iteration=12 barrier_iteration=1 backward_s=1.383244500 forward_s=0.139995600 total_s=1.523240100 outcome=accepted step_size=5.000000000e-01 backtracks=0 mu=2.000000000e-01
FILTERDDP_TIMING iteration=13 barrier_iteration=1 stage=3 derivative_s=0.029522200 first_order_s=0.012714000 second_order_s=0.016697600 algebra_s=0.461583200 kkt_assembly_s=0.032193800 factor_s=0.048373600 solve_s=0.103383800 update_s=0.040179800 K_nnz=101066 rhs_cols=250 Vxx_nnz=62001
FILTERDDP_TIMING iteration=13 barrier_iteration=1 stage=2 derivative_s=0.048039300 first_order_s=0.028724700 second_order_s=0.019203700 algebra_s=0.019112500 kkt_assembly_s=0.041447100 factor_s=0.128685800 solve_s=0.200622600 update_s=0.015562200 K_nnz=162818 rhs_cols=250 Vxx_nnz=62001
FILTERDDP_TIMING iteration=13 barrier_iteration=1 stage=1 derivative_s=0.028379900 first_order_s=0.011673100 second_order_s=0.016593400 algebra_s=0.012408100 kkt_assembly_s=0.039506500 factor_s=0.114299700 solve_s=0.158633800 update_s=0.204338300 K_nnz=162818 rhs_cols=250 Vxx_nnz=62001
FILTERDDP_FEASIBILITY iteration=13 barrier_iteration=1 equality_count=31008 equality_rms=4.735803608151e-03 equality_max=7.698767642917e-02 equality_worst_stage=1 equality_worst_index=7568 dynamics_count=498 dynamics_rms=0.000000000000e+00 dynamics_max=0.000000000000e+00 dynamics_worst_stage=0 dynamics_worst_index=0 bound_count=34743 bound_rms=0.000000000000e+00 bound_max=0.000000000000e+00 bound_worst_stage=0 bound_worst_index=0 bound_worst_kind=none
    13   1.06524433e+04   7.6988e-02   3.5984e+00   6.1530e-01   -0.70      -     5.0000e-01   0
FILTERDDP_ITER_TIMING iteration=13 barrier_iteration=1 backward_s=1.743033100 forward_s=0.115495400 total_s=1.858528500 outcome=accepted step_size=5.000000000e-01 backtracks=0 mu=2.000000000e-01
FILTERDDP_TIMING iteration=14 barrier_iteration=1 stage=3 derivative_s=0.066912700 first_order_s=0.012866700 second_order_s=0.053859300 algebra_s=0.063848000 kkt_assembly_s=0.445201100 factor_s=0.037357300 solve_s=0.099687400 update_s=0.026668900 K_nnz=101066 rhs_cols=250 Vxx_nnz=62001
FILTERDDP_TIMING iteration=14 barrier_iteration=1 stage=2 derivative_s=0.040470600 first_order_s=0.021985800 second_order_s=0.018372500 algebra_s=0.008748400 kkt_assembly_s=0.032792700 factor_s=0.154416900 solve_s=0.162072700 update_s=0.013097700 K_nnz=162818 rhs_cols=250 Vxx_nnz=62001
FILTERDDP_TIMING iteration=14 barrier_iteration=1 stage=1 derivative_s=0.050934200 first_order_s=0.030568400 second_order_s=0.020251000 algebra_s=0.020045700 kkt_assembly_s=0.043646300 factor_s=0.125164300 solve_s=0.163525800 update_s=0.140625900 K_nnz=162818 rhs_cols=250 Vxx_nnz=62001
FILTERDDP_FEASIBILITY iteration=14 barrier_iteration=1 equality_count=31008 equality_rms=2.391110378696e-03 equality_max=3.906315150178e-02 equality_worst_stage=1 equality_worst_index=7568 dynamics_count=498 dynamics_rms=0.000000000000e+00 dynamics_max=0.000000000000e+00 dynamics_worst_stage=0 dynamics_worst_index=0 bound_count=34743 bound_rms=0.000000000000e+00 bound_max=0.000000000000e+00 bound_worst_stage=0 bound_worst_index=0 bound_worst_kind=none
    14   1.05357129e+04   3.9063e-02   2.5965e+00   4.2411e-01   -0.70      -     5.0000e-01   0
FILTERDDP_ITER_TIMING iteration=14 barrier_iteration=1 backward_s=1.707479000 forward_s=0.116718000 total_s=1.824197000 outcome=accepted step_size=5.000000000e-01 backtracks=0 mu=2.000000000e-01
FILTERDDP_TIMING iteration=15 barrier_iteration=1 stage=3 derivative_s=0.042961400 first_order_s=0.011017000 second_order_s=0.031694800 algebra_s=0.172437900 kkt_assembly_s=0.034834400 factor_s=0.038896500 solve_s=0.129498600 update_s=0.470714000 K_nnz=101066 rhs_cols=250 Vxx_nnz=62001
FILTERDDP_TIMING iteration=15 barrier_iteration=1 stage=2 derivative_s=0.051945900 first_order_s=0.030774600 second_order_s=0.021058600 algebra_s=0.013723000 kkt_assembly_s=0.031042700 factor_s=0.129813000 solve_s=0.206236300 update_s=0.016657700 K_nnz=162818 rhs_cols=250 Vxx_nnz=62001
FILTERDDP_TIMING iteration=15 barrier_iteration=1 stage=1 derivative_s=0.042216000 first_order_s=0.019667300 second_order_s=0.022378700 algebra_s=0.014333800 kkt_assembly_s=0.031946500 factor_s=0.149091000 solve_s=0.191486700 update_s=0.138692800 K_nnz=162818 rhs_cols=250 Vxx_nnz=62001
FILTERDDP_FEASIBILITY iteration=15 barrier_iteration=1 equality_count=31008 equality_rms=1.235832259327e-03 equality_max=2.026971677588e-02 equality_worst_stage=1 equality_worst_index=7568 dynamics_count=498 dynamics_rms=0.000000000000e+00 dynamics_max=0.000000000000e+00 dynamics_worst_stage=0 dynamics_worst_index=0 bound_count=34743 bound_rms=0.000000000000e+00 bound_max=0.000000000000e+00 bound_worst_stage=0 bound_worst_index=0 bound_worst_kind=none
FILTERDDP_ITER_TIMING iteration=15 barrier_iteration=1 backward_s=1.921111500 forward_s=0.000000000 total_s=1.921111500 outcome=barrier_update step_size=5.000000000e-01 backtracks=0 mu=2.000000000e-01
FILTERDDP_TIMING iteration=15 barrier_iteration=2 stage=3 derivative_s=0.052915400 first_order_s=0.035588700 second_order_s=0.017217800 algebra_s=0.071485500 kkt_assembly_s=0.035591100 factor_s=0.040003700 solve_s=0.108969700 update_s=0.029372000 K_nnz=101066 rhs_cols=250 Vxx_nnz=62001
FILTERDDP_TIMING iteration=15 barrier_iteration=2 stage=2 derivative_s=0.042027900 first_order_s=0.024565900 second_order_s=0.017334200 algebra_s=0.013265800 kkt_assembly_s=0.022526000 factor_s=0.233191300 solve_s=0.190850000 update_s=0.012105600 K_nnz=162818 rhs_cols=250 Vxx_nnz=62001
FILTERDDP_TIMING iteration=15 barrier_iteration=2 stage=1 derivative_s=0.041852400 first_order_s=0.019566100 second_order_s=0.022129900 algebra_s=0.014204500 kkt_assembly_s=0.382637500 factor_s=0.114366300 solve_s=0.180689400 update_s=0.149033100 K_nnz=162818 rhs_cols=250 Vxx_nnz=62001
FILTERDDP_FEASIBILITY iteration=15 barrier_iteration=2 equality_count=31008 equality_rms=1.235832259327e-03 equality_max=2.026971677588e-02 equality_worst_stage=1 equality_worst_index=7568 dynamics_count=498 dynamics_rms=0.000000000000e+00 dynamics_max=0.000000000000e+00 dynamics_worst_stage=0 dynamics_worst_index=0 bound_count=34743 bound_rms=0.000000000000e+00 bound_max=0.000000000000e+00 bound_worst_stage=0 bound_worst_index=0 bound_worst_kind=none
    15   1.04034785e+04   2.0270e-02   1.6811e+00   3.1880e-01   -1.40      -     5.0000e-01   0
FILTERDDP_ITER_TIMING iteration=15 barrier_iteration=2 backward_s=1.748187400 forward_s=0.108299800 total_s=1.856487200 outcome=accepted step_size=5.000000000e-01 backtracks=0 mu=4.000000000e-02
FILTERDDP_TIMING iteration=16 barrier_iteration=2 stage=3 derivative_s=0.042307700 first_order_s=0.018126100 second_order_s=0.024034200 algebra_s=0.065438100 kkt_assembly_s=0.050184900 factor_s=0.060980900 solve_s=0.165648200 update_s=0.033105900 K_nnz=101066 rhs_cols=250 Vxx_nnz=62001
FILTERDDP_TIMING iteration=16 barrier_iteration=2 stage=2 derivative_s=0.042500000 first_order_s=0.019809500 second_order_s=0.022518600 algebra_s=0.014215200 kkt_assembly_s=0.029356500 factor_s=0.138514400 solve_s=0.203776100 update_s=0.017015400 K_nnz=162818 rhs_cols=250 Vxx_nnz=62001
FILTERDDP_TIMING iteration=16 barrier_iteration=2 stage=1 derivative_s=0.076811000 first_order_s=0.035375100 second_order_s=0.041330300 algebra_s=0.014644500 kkt_assembly_s=0.040579200 factor_s=0.121893500 solve_s=0.216036200 update_s=0.112834100 K_nnz=162818 rhs_cols=250 Vxx_nnz=62001
FILTERDDP_FEASIBILITY iteration=16 barrier_iteration=2 equality_count=31008 equality_rms=1.002538175463e-03 equality_max=1.971285521131e-02 equality_worst_stage=2 equality_worst_index=7581 dynamics_count=498 dynamics_rms=0.000000000000e+00 dynamics_max=0.000000000000e+00 dynamics_worst_stage=0 dynamics_worst_index=0 bound_count=34743 bound_rms=0.000000000000e+00 bound_max=0.000000000000e+00 bound_worst_stage=0 bound_worst_index=0 bound_worst_kind=none
    16   1.01384876e+04   1.9713e-02   1.4565e+00   1.9382e-01   -1.40      -     5.0000e-01   0
FILTERDDP_ITER_TIMING iteration=16 barrier_iteration=2 backward_s=1.463728900 forward_s=0.135461600 total_s=1.599190500 outcome=accepted step_size=2.500000000e-01 backtracks=0 mu=4.000000000e-02
FILTERDDP_TIMING iteration=17 barrier_iteration=2 stage=3 derivative_s=0.041450100 first_order_s=0.018395200 second_order_s=0.022896100 algebra_s=0.455171600 kkt_assembly_s=0.029883500 factor_s=0.062103600 solve_s=0.130109600 update_s=0.032601200 K_nnz=101066 rhs_cols=250 Vxx_nnz=62001
FILTERDDP_TIMING iteration=17 barrier_iteration=2 stage=2 derivative_s=0.041176100 first_order_s=0.023369100 second_order_s=0.017695000 algebra_s=0.007355100 kkt_assembly_s=0.011687000 factor_s=0.149960500 solve_s=0.164577800 update_s=0.014637700 K_nnz=162818 rhs_cols=250 Vxx_nnz=62001
FILTERDDP_TIMING iteration=17 barrier_iteration=2 stage=1 derivative_s=0.088246900 first_order_s=0.036488400 second_order_s=0.051610600 algebra_s=0.013040700 kkt_assembly_s=0.023616800 factor_s=0.145439100 solve_s=0.249763200 update_s=0.190745000 K_nnz=162818 rhs_cols=250 Vxx_nnz=62001
FILTERDDP_FEASIBILITY iteration=17 barrier_iteration=2 equality_count=31008 equality_rms=1.055505574215e-03 equality_max=2.319653998067e-02 equality_worst_stage=2 equality_worst_index=7582 dynamics_count=498 dynamics_rms=0.000000000000e+00 dynamics_max=0.000000000000e+00 dynamics_worst_stage=0 dynamics_worst_index=0 bound_count=34743 bound_rms=0.000000000000e+00 bound_max=0.000000000000e+00 bound_worst_stage=0 bound_worst_index=0 bound_worst_kind=none
    17   9.95655039e+03   2.3197e-02   1.2901e+00   1.5693e-01   -1.40      -     2.5000e-01   0
FILTERDDP_ITER_TIMING iteration=17 barrier_iteration=2 backward_s=1.865292700 forward_s=0.172823400 total_s=2.038116100 outcome=accepted step_size=2.500000000e-01 backtracks=0 mu=4.000000000e-02
FILTERDDP_TIMING iteration=18 barrier_iteration=2 stage=3 derivative_s=0.034042800 first_order_s=0.012984800 second_order_s=0.020951800 algebra_s=0.101909000 kkt_assembly_s=0.389364300 factor_s=0.038622500 solve_s=0.122060800 update_s=0.037254800 K_nnz=101066 rhs_cols=250 Vxx_nnz=62001
FILTERDDP_TIMING iteration=18 barrier_iteration=2 stage=2 derivative_s=0.028926600 first_order_s=0.011932500 second_order_s=0.016882600 algebra_s=0.013763000 kkt_assembly_s=0.028304400 factor_s=0.139588200 solve_s=0.198780800 update_s=0.013293000 K_nnz=162818 rhs_cols=250 Vxx_nnz=62001
FILTERDDP_TIMING iteration=18 barrier_iteration=2 stage=1 derivative_s=0.046368600 first_order_s=0.029600400 second_order_s=0.016653100 algebra_s=0.010734000 kkt_assembly_s=0.044847900 factor_s=0.142345200 solve_s=0.171500400 update_s=0.116459200 K_nnz=162818 rhs_cols=250 Vxx_nnz=62001
FILTERDDP_FEASIBILITY iteration=18 barrier_iteration=2 equality_count=31008 equality_rms=1.142945648484e-03 equality_max=2.594158666343e-02 equality_worst_stage=2 equality_worst_index=7582 dynamics_count=498 dynamics_rms=0.000000000000e+00 dynamics_max=0.000000000000e+00 dynamics_worst_stage=0 dynamics_worst_index=0 bound_count=34743 bound_rms=0.000000000000e+00 bound_max=0.000000000000e+00 bound_worst_stage=0 bound_worst_index=0 bound_worst_kind=none
    18   9.77402353e+03   2.5942e-02   1.0999e+00   1.2875e-01   -1.40      -     2.5000e-01   0
FILTERDDP_ITER_TIMING iteration=18 barrier_iteration=2 backward_s=1.694714100 forward_s=0.215789500 total_s=1.910503600 outcome=accepted step_size=2.500000000e-01 backtracks=0 mu=4.000000000e-02
FILTERDDP_TIMING iteration=19 barrier_iteration=2 stage=3 derivative_s=0.027907400 first_order_s=0.011292600 second_order_s=0.016509700 algebra_s=0.158578200 kkt_assembly_s=0.033483300 factor_s=0.038530800 solve_s=0.611629700 update_s=0.028650100 K_nnz=101066 rhs_cols=250 Vxx_nnz=62001
FILTERDDP_TIMING iteration=19 barrier_iteration=2 stage=2 derivative_s=0.040420200 first_order_s=0.023664600 second_order_s=0.016642800 algebra_s=0.009295900 kkt_assembly_s=0.029135700 factor_s=0.192012100 solve_s=0.208953500 update_s=0.016768500 K_nnz=162818 rhs_cols=250 Vxx_nnz=62001
FILTERDDP_TIMING iteration=19 barrier_iteration=2 stage=1 derivative_s=0.041740700 first_order_s=0.019630000 second_order_s=0.021946600 algebra_s=0.021321400 kkt_assembly_s=0.057527700 factor_s=0.168444400 solve_s=0.196301300 update_s=0.147004800 K_nnz=162818 rhs_cols=250 Vxx_nnz=62001
FILTERDDP_FEASIBILITY iteration=19 barrier_iteration=2 equality_count=31008 equality_rms=1.164366598799e-03 equality_max=2.624134059957e-02 equality_worst_stage=2 equality_worst_index=7582 dynamics_count=498 dynamics_rms=0.000000000000e+00 dynamics_max=0.000000000000e+00 dynamics_worst_stage=0 dynamics_worst_index=0 bound_count=34743 bound_rms=0.000000000000e+00 bound_max=0.000000000000e+00 bound_worst_stage=0 bound_worst_index=0 bound_worst_kind=none
    19   9.60670248e+03   2.6241e-02   9.0735e-01   1.0724e-01   -1.40      -     2.5000e-01   0
FILTERDDP_ITER_TIMING iteration=19 barrier_iteration=2 backward_s=2.042078000 forward_s=0.187555800 total_s=2.229633800 outcome=accepted step_size=2.500000000e-01 backtracks=0 mu=4.000000000e-02
  iter     objective        pr_inf       du_inf       cs_inf     lg(μ)   lg(reg)    alpha     ls
    20   9.60670248e+03   2.6241e-02   9.0735e-01   1.0724e-01   -1.40      -     2.5000e-01   0


EXIT: Failed, maximum solver iterations reached.

solve complete: 61.411 s, iterations=20, status=8
final residuals: primal=2.624134059957e-02 dual=9.073527575380e-01 complementarity=1.072367271786e-01
solution_write_skipped=1
FilterDDP objective=9464.702566112377 max_equality_residual=2.408e-02
Ipopt objective=8230.825182350914 objective_gap=1.234e+03
max_abs_diff[P_Subs]=5.194e-01
max_abs_diff[Q_Subs]=3.961e-01
max_abs_diff[P]=5.184e-01
max_abs_diff[Q]=3.961e-01
max_abs_diff[v]=5.710e-02
max_abs_diff[ell]=1.616e+01
max_abs_diff[P_B]=7.567e-04
max_abs_diff[B]=6.931e-03
max_abs_diff[q_D]=6.238e-03
CAPTURE_DONE exit=0 finished=2026-09-24T19:19:10
