ieee123C_1ph nu=791 nc=562  H diag 1.0e-08 .. 1.1e+10 (median 1.9e+01)  exact residual 1.5e-13
  δ_c=1e-14  all 1.9e-04  primal 3.8e-10  multiplier 1.9e-04  feedforward primal 3.3e-10
  δ_c=1e-12  all 1.9e-02  primal 3.7e-08  multiplier 1.9e-02  feedforward primal 3.3e-08
  δ_c=1e-10  all 6.3e-01  primal 1.2e-06  multiplier 6.3e-01  feedforward primal 9.3e-07
  δ_c=1e-08  all 9.5e-01  primal 5.7e-06  multiplier 9.6e-01  feedforward primal 1.2e-06
  δ_c=1e-06  all 9.6e-01  primal 4.9e-04  multiplier 9.7e-01  feedforward primal 1.0e-04
  δ_c=1e-04  all 9.6e-01  primal 2.4e-02  multiplier 9.7e-01  feedforward primal 4.7e-03
ieee2522C_1ph nu=13355 nc=10336  H diag 1.0e-08 .. 1.1e+09 (median 8.0e+00)  exact residual 5.1e-15
  δ_c=1e-14  all 1.2e-06  primal 1.9e-07  multiplier 1.2e-06  feedforward primal 3.4e-07
  δ_c=1e-12  all 1.2e-04  primal 1.9e-05  multiplier 1.2e-04  feedforward primal 3.4e-05
  δ_c=1e-10  all 1.1e-02  primal 1.9e-03  multiplier 1.1e-02  feedforward primal 3.3e-03
  δ_c=1e-08  all 2.0e-01  primal 1.6e-01  multiplier 2.0e-01  feedforward primal 2.0e-01
  δ_c=1e-06  all 9.5e-01  primal 8.5e-01  multiplier 9.5e-01  feedforward primal 1.1e+00
  δ_c=1e-04  all 1.0e+00  primal 9.7e-01  multiplier 1.0e+00  feedforward primal 1.2e+00
large10kC_1ph nu=54665 nc=42303  H diag 1.0e-08 .. 2.3e+04 (median 5.2e+00)  exact residual 3.7e-16
  δ_c=1e-14  all 1.9e-09  primal 1.7e-10  multiplier 1.9e-09  feedforward primal 1.7e-10
  δ_c=1e-12  all 1.9e-07  primal 1.5e-08  multiplier 1.9e-07  feedforward primal 1.5e-08
  δ_c=1e-10  all 1.9e-05  primal 1.5e-06  multiplier 1.9e-05  feedforward primal 1.5e-06
  δ_c=1e-08  all 1.9e-03  primal 1.5e-04  multiplier 1.9e-03  feedforward primal 1.5e-04
  δ_c=1e-06  all 1.3e-01  primal 1.5e-02  multiplier 1.3e-01  feedforward primal 1.5e-02
  δ_c=1e-04  all 4.1e-01  primal 1.2e+00  multiplier 4.1e-01  feedforward primal 1.2e+00
