
================================================================================
PARALLELIZATION STATUS
================================================================================
Julia threads:       16
Status:              Using 16 threads
================================================================================
RHO_OVERRIDE: using rho = 16000.0
EPS_PRI_OVERRIDE: using eps_pri = 0.001
EPS_DUAL_OVERRIDE: using eps_dual = 0.001
ADAPTIVE_RHO_OVERRIDE: adaptive_rho = true

================================================================================
PARSING SYSTEM DATA
================================================================================
Loaded system: ieee123C_1ph from C:\repos_addendum\MultiPeriodDistOPF\envs\tadmm\..\..\rawData\ieee123C_1ph\Master.dss

========================================
Initial Powerflow
========================================
Powerflow completed successfully!

[OpenDSS] Total system load: 872.27 kW
[OpenDSS] Substation power: 877.20 kW
[OpenDSS] Total PV dispatch: 0.00 kW
[OpenDSS] Total battery dispatch: 0.00 kW
[OpenDSS] Total system losses: 4.94 kW


================================================================================
[35;1mSOLVING MPOPF WITH SOCP (tADMM)[0m
================================================================================
[36;1mUsing fixed rho = 16000.0[0m
  [tADMM hyperparams] mu_balance=5.00 tau_incr=2.00 tau_decr=2.00 update_interval=5 eps_pri=1.0e-03 eps_dual=1.0e-03 rho_init=16000.0 adaptive=true

================================================================================
[36;1m🎯 tADMM[SOCP]: T=24, ρ_init=16000.0, adaptive=true, warm_start=true, |Bset|=51, |Nset|=128, |Lset|=127
[0m================================================================================

******************************************************************************
This program contains Ipopt, a library for large-scale nonlinear optimization.
 Ipopt is released as open source code under the Eclipse Public License (EPL).
         For more information visit https://github.com/coin-or/Ipopt
******************************************************************************


******************************************************************************
This program contains Ipopt, a library for large-scale nonlinear optimization.
 Ipopt is released as open source code under the Eclipse Public License (EPL).
         For more information visit https://github.com/coin-or/Ipopt
******************************************************************************

k=  1  obj=$1326.61  ‖r‖=5.00e-03  ‖s‖=9.98e+00  ρ=16000.0  sp_max=2.788s  sp_med=2.539s
k=  2  obj=$1848.32  ‖r‖=3.34e-03  ‖s‖=1.25e+01  ρ=16000.0  sp_max=1.916s  sp_med=0.932s
k=  3  obj=$2595.17  ‖r‖=1.45e-03  ‖s‖=1.27e+01  ρ=16000.0  sp_max=1.388s  sp_med=0.798s
k=  4  obj=$2850.18  ‖r‖=5.10e-04  ‖s‖=8.42e+00  ρ=16000.0  sp_max=1.119s  sp_med=0.572s
[32;1m  [k=  5] Phase 1→2: primal converged
[0m[36;1m  [k=  5] ρ 16000.0 → 8000.0 (s/r=137051.7, ‖r‖ converged)
[0mk=  5  obj=$2900.94  ‖r‖=4.74e-05  ‖s‖=6.50e+00  ρ=8000.0  sp_max=1.246s  sp_med=0.624s
k=  6  obj=$2890.30  ‖r‖=1.34e-04  ‖s‖=4.65e+00  ρ=8000.0  sp_max=1.129s  sp_med=0.580s
k=  7  obj=$2882.42  ‖r‖=1.34e-04  ‖s‖=3.83e+00  ρ=8000.0  sp_max=0.998s  sp_med=0.674s
k=  8  obj=$2876.97  ‖r‖=6.96e-05  ‖s‖=3.87e+00  ρ=8000.0  sp_max=1.158s  sp_med=0.529s
k=  9  obj=$2872.98  ‖r‖=1.86e-05  ‖s‖=3.87e+00  ρ=8000.0  sp_max=1.110s  sp_med=0.612s
[36;1m  [k= 10] ρ 8000.0 → 4000.0 (s/r=162546.1, ‖r‖ converged)
[0mk= 10  obj=$2867.87  ‖r‖=2.35e-05  ‖s‖=3.83e+00  ρ=4000.0  sp_max=1.185s  sp_med=0.628s
      [Progress] 30.3s elapsed, 20 iters/min
k= 11  obj=$2856.15  ‖r‖=4.10e-05  ‖s‖=3.80e+00  ρ=4000.0  sp_max=1.154s  sp_med=0.619s
k= 12  obj=$2841.16  ‖r‖=1.08e-04  ‖s‖=3.68e+00  ρ=4000.0  sp_max=1.353s  sp_med=0.632s
k= 13  obj=$2826.61  ‖r‖=1.49e-04  ‖s‖=3.55e+00  ρ=4000.0  sp_max=1.487s  sp_med=0.729s
k= 14  obj=$2813.66  ‖r‖=1.65e-04  ‖s‖=3.30e+00  ρ=4000.0  sp_max=1.407s  sp_med=0.813s
[36;1m  [k= 15] ρ 4000.0 → 2000.0 (s/r=20216.7, ‖r‖ converged)
[0mk= 15  obj=$2807.27  ‖r‖=1.51e-04  ‖s‖=3.06e+00  ρ=2000.0  sp_max=1.400s  sp_med=0.793s
k= 16  obj=$2799.01  ‖r‖=1.35e-04  ‖s‖=2.72e+00  ρ=2000.0  sp_max=1.468s  sp_med=0.852s
k= 17  obj=$2792.32  ‖r‖=1.02e-04  ‖s‖=2.28e+00  ρ=2000.0  sp_max=1.680s  sp_med=0.931s
k= 18  obj=$2786.49  ‖r‖=6.05e-05  ‖s‖=1.77e+00  ρ=2000.0  sp_max=1.658s  sp_med=0.930s
k= 19  obj=$2781.54  ‖r‖=3.88e-05  ‖s‖=1.40e+00  ρ=2000.0  sp_max=1.619s  sp_med=0.813s
[36;1m  [k= 20] ρ 2000.0 → 1000.0 (s/r=32593.6, ‖r‖ converged)
[0mk= 20  obj=$2777.63  ‖r‖=3.44e-05  ‖s‖=1.12e+00  ρ=1000.0  sp_max=1.938s  sp_med=0.958s
      [Progress] 48.3s elapsed, 25 iters/min
k= 21  obj=$2775.86  ‖r‖=5.00e-05  ‖s‖=8.25e-01  ρ=1000.0  sp_max=1.698s  sp_med=0.958s
k= 22  obj=$2776.05  ‖r‖=4.25e-05  ‖s‖=6.01e-01  ρ=1000.0  sp_max=1.803s  sp_med=1.024s
k= 23  obj=$2776.76  ‖r‖=3.36e-05  ‖s‖=4.24e-01  ρ=1000.0  sp_max=1.907s  sp_med=0.995s
k= 24  obj=$2777.49  ‖r‖=3.38e-05  ‖s‖=3.27e-01  ρ=1000.0  sp_max=1.573s  sp_med=0.875s
[36;1m  [k= 25] ρ 1000.0 → 500.0 (s/r=5783.0, ‖r‖ converged)
[0mk= 25  obj=$2777.83  ‖r‖=3.55e-05  ‖s‖=2.05e-01  ρ=500.0  sp_max=1.581s  sp_med=0.915s
k= 26  obj=$2776.53  ‖r‖=5.33e-05  ‖s‖=5.39e-02  ρ=500.0  sp_max=1.587s  sp_med=0.913s
k= 27  obj=$2772.80  ‖r‖=3.45e-05  ‖s‖=4.02e-02  ρ=500.0  sp_max=1.424s  sp_med=0.979s
k= 28  obj=$2770.76  ‖r‖=3.33e-05  ‖s‖=3.28e-02  ρ=500.0  sp_max=1.331s  sp_med=0.838s
k= 29  obj=$2770.50  ‖r‖=2.18e-05  ‖s‖=2.96e-02  ρ=500.0  sp_max=1.456s  sp_med=0.835s
[36;1m  [k= 30] ρ 500.0 → 250.0 (s/r=1349.5, ‖r‖ converged)
[0mk= 30  obj=$2771.04  ‖r‖=1.63e-05  ‖s‖=2.20e-02  ρ=250.0  sp_max=1.636s  sp_med=0.781s
      [Progress] 67.8s elapsed, 27 iters/min
k= 31  obj=$2771.89  ‖r‖=2.80e-05  ‖s‖=1.18e-02  ρ=250.0  sp_max=1.834s  sp_med=1.036s
k= 32  obj=$2772.41  ‖r‖=2.58e-05  ‖s‖=4.13e-03  ρ=250.0  sp_max=2.308s  sp_med=1.257s
k= 33  obj=$2772.56  ‖r‖=1.51e-05  ‖s‖=6.54e-03  ρ=250.0  sp_max=1.645s  sp_med=1.056s
k= 34  obj=$2772.43  ‖r‖=5.22e-06  ‖s‖=7.03e-03  ρ=250.0  sp_max=1.393s  sp_med=1.001s
[36;1m  [k= 35] ρ 250.0 → 125.0 (s/r=699.2, ‖r‖ converged)
[0mk= 35  obj=$2772.19  ‖r‖=6.61e-06  ‖s‖=4.62e-03  ρ=125.0  sp_max=2.280s  sp_med=1.510s
k= 36  obj=$2771.87  ‖r‖=1.24e-05  ‖s‖=2.07e-03  ρ=125.0  sp_max=1.611s  sp_med=1.026s
k= 37  obj=$2771.76  ‖r‖=1.10e-05  ‖s‖=6.71e-04  ρ=125.0  sp_max=1.364s  sp_med=0.969s
[32;1m🎉 tADMM converged at iteration 37 (‖r‖=1.10e-05 ≤ 1.00e-03, ‖s‖=6.71e-04 ≤ 1.00e-03)
  Final objective: $2771.76
[0m
================================================================================
[36;1m📊 SOLVER PERFORMANCE ANALYSIS (optimize!() times only)[0m
================================================================================
Iterations:       36
Effective time:   57.63 seconds
Wall-clock time:  84.05 seconds
Overhead:         31.4%
================================================================================

--- tADMM RESULT ---
[32;1mObjective: $2771.76
Wall-clock: 84.05 seconds
Effective:  57.63 seconds (37 iterations)
[0m
================================================================================
[36;1mVALIDATING tADMM SOLUTION[0m
================================================================================

================================================================================
SOLUTION VALIDATION: tADMM SOCP
================================================================================
✓ All constraints satisfied!
================================================================================
[32;1m✓ Convergence CSV: C:\repos_addendum\MultiPeriodDistOPF\envs\tadmm\processedData\ieee123C_1ph_T24\convergence_data.csv[0m
[32;1m✓ Subproblem timing CSV: C:\repos_addendum\MultiPeriodDistOPF\envs\tadmm\processedData\ieee123C_1ph_T24\subproblem_timing_details.csv[0m
[36;1mLoaded BF results from C:\repos_addendum\MultiPeriodDistOPF\envs\tadmm\processedData\ieee123C_1ph_T24\results_socp_bf.txt[0m
[36;1mNear-optimal at k=19 (27.26s eff): obj=$2781.54, gap=0.342% vs BF, r=3.88e-05, s=1.40e+00[0m
[32;1m✓ Near-optimal summary: C:\repos_addendum\MultiPeriodDistOPF\envs\tadmm\processedData\ieee123C_1ph_T24\near_optimal_summary.csv[0m
[32;1m✓ Solution saved: C:\repos_addendum\MultiPeriodDistOPF\envs\tadmm\processedData\ieee123C_1ph_T24\sol_socp_tadmm.jls[0m
[32;1m✓ tADMM results written to C:\repos_addendum\MultiPeriodDistOPF\envs\tadmm\processedData\ieee123C_1ph_T24\results_socp_tadmm.txt[0m
[32;1m✓ Live log trimmed to last 100 lines: C:\repos_addendum\MultiPeriodDistOPF\envs\tadmm\processedData\ieee123C_1ph_T24\tadmm_run.log[0m

================================================================================
[35;1mtADMM PIPELINE COMPLETE[0m
================================================================================
