
================================================================================
PARALLELIZATION STATUS
================================================================================
Julia threads:       16
Status:              Using 16 threads
================================================================================
RHO_OVERRIDE: using rho = 1000.0
EPS_PRI_OVERRIDE: using eps_pri = 0.001
EPS_DUAL_OVERRIDE: using eps_dual = 0.001
ADAPTIVE_RHO_OVERRIDE: adaptive_rho = true

================================================================================
PARSING SYSTEM DATA
================================================================================
Loaded system: ieee2552C_1ph from C:\repos_addendum\MultiPeriodDistOPF\envs\tadmm\..\..\rawData\ieee2552C_1ph\Master.dss

========================================
Initial Powerflow
========================================
Powerflow completed successfully!

[OpenDSS] Total system load: 2129.58 kW
[OpenDSS] Substation power: 2187.53 kW
[OpenDSS] Total PV dispatch: 0.00 kW
[OpenDSS] Total battery dispatch: 0.00 kW
[OpenDSS] Total system losses: 57.95 kW


================================================================================
[35;1mSOLVING MPOPF WITH SOCP (tADMM)[0m
================================================================================
[36;1mUsing fixed rho = 1000.0[0m
  [tADMM hyperparams] mu_balance=5.00 tau_incr=2.00 tau_decr=2.00 update_interval=5 eps_pri=1.0e-03 eps_dual=1.0e-03 rho_init=1000.0 adaptive=true

================================================================================
[36;1m🎯 tADMM[SOCP]: T=48, ρ_init=1000.0, adaptive=true, warm_start=true, |Bset|=250, |Nset|=2522, |Lset|=2521
[0m================================================================================

******************************************************************************
This program contains Ipopt, a library for large-scale nonlinear optimization.
 Ipopt is released as open source code under the Eclipse Public License (EPL).
         For more information visit https://github.com/coin-or/Ipopt
******************************************************************************

k=  1  obj=$4355.05  ‖r‖=1.36e-03  ‖s‖=2.96e-01  ρ=1000.0  sp_max=59.270s  sp_med=39.166s
k=  2  obj=$4299.56  ‖r‖=1.36e-03  ‖s‖=2.13e-01  ρ=1000.0  sp_max=51.243s  sp_med=10.550s
k=  3  obj=$4299.56  ‖r‖=1.35e-03  ‖s‖=1.92e-01  ρ=1000.0  sp_max=41.789s  sp_med=13.406s
k=  4  obj=$4299.55  ‖r‖=1.34e-03  ‖s‖=2.06e-01  ρ=1000.0  sp_max=19.693s  sp_med=9.219s
[33;1m  [PHASE1-UP] ρ: 1000.0 → 2000.0 (‖r‖=1.32e-03 > ε=1.0e-03)
[0mk=  5  obj=$4299.55  ‖r‖=1.32e-03  ‖s‖=2.24e-01  ρ=2000.0  sp_max=16.412s  sp_med=10.344s
k=  6  obj=$4299.55  ‖r‖=1.32e-03  ‖s‖=2.71e-01  ρ=2000.0  sp_max=10.866s  sp_med=8.953s
k=  7  obj=$4299.55  ‖r‖=1.31e-03  ‖s‖=3.22e-01  ρ=2000.0  sp_max=41.116s  sp_med=11.871s
k=  8  obj=$4299.55  ‖r‖=1.30e-03  ‖s‖=3.71e-01  ρ=2000.0  sp_max=15.566s  sp_med=11.609s
k=  9  obj=$4299.55  ‖r‖=1.30e-03  ‖s‖=3.21e-01  ρ=2000.0  sp_max=17.886s  sp_med=12.395s
[33;1m  [PHASE1-UP] ρ: 2000.0 → 4000.0 (‖r‖=1.30e-03 > ε=1.0e-03)
[0mk= 10  obj=$4299.55  ‖r‖=1.30e-03  ‖s‖=3.14e-01  ρ=4000.0  sp_max=18.682s  sp_med=12.824s
      [Progress] 599.9s elapsed, 1 iters/min
k= 11  obj=$4299.55  ‖r‖=1.30e-03  ‖s‖=3.34e-01  ρ=4000.0  sp_max=16.656s  sp_med=13.053s
k= 12  obj=$4299.55  ‖r‖=1.30e-03  ‖s‖=3.65e-01  ρ=4000.0  sp_max=16.728s  sp_med=12.945s
k= 13  obj=$4299.55  ‖r‖=1.29e-03  ‖s‖=3.91e-01  ρ=4000.0  sp_max=27.617s  sp_med=12.492s
k= 14  obj=$4299.56  ‖r‖=1.29e-03  ‖s‖=4.10e-01  ρ=4000.0  sp_max=15.166s  sp_med=11.492s
[33;1m  [PHASE1-UP] ρ: 4000.0 → 8000.0 (‖r‖=1.29e-03 > ε=1.0e-03)
[0mk= 15  obj=$4299.56  ‖r‖=1.29e-03  ‖s‖=4.22e-01  ρ=8000.0  sp_max=15.581s  sp_med=11.787s
k= 16  obj=$4299.55  ‖r‖=1.29e-03  ‖s‖=4.59e-01  ρ=8000.0  sp_max=17.384s  sp_med=9.301s
k= 17  obj=$4302.61  ‖r‖=1.29e-03  ‖s‖=5.04e-01  ρ=8000.0  sp_max=15.776s  sp_med=12.732s
k= 18  obj=$4419.74  ‖r‖=1.24e-03  ‖s‖=5.72e-01  ρ=8000.0  sp_max=20.262s  sp_med=10.112s
k= 19  obj=$4600.99  ‖r‖=1.19e-03  ‖s‖=6.41e-01  ρ=8000.0  sp_max=14.928s  sp_med=10.046s
[33;1m  [PHASE1-UP] ρ: 8000.0 → 16000.0 (‖r‖=1.15e-03 > ε=1.0e-03)
[0mk= 20  obj=$4783.89  ‖r‖=1.15e-03  ‖s‖=7.12e-01  ρ=16000.0  sp_max=14.472s  sp_med=9.887s
      [Progress] 1031.4s elapsed, 1 iters/min
k= 21  obj=$5059.60  ‖r‖=1.07e-03  ‖s‖=9.33e-01  ρ=16000.0  sp_max=20.373s  sp_med=9.773s
k= 22  obj=$5505.55  ‖r‖=9.69e-04  ‖s‖=1.25e+00  ρ=16000.0  sp_max=29.274s  sp_med=13.864s
k= 23  obj=$6162.59  ‖r‖=8.18e-04  ‖s‖=1.55e+00  ρ=16000.0  sp_max=29.286s  sp_med=13.023s
k= 24  obj=$7083.69  ‖r‖=6.00e-04  ‖s‖=1.74e+00  ρ=16000.0  sp_max=21.444s  sp_med=12.411s
[32;1m  [k= 25] Phase 1→2: primal converged
[0m[36;1m  [k= 25] ρ 16000.0 → 8000.0 (s/r=4364.8, ‖r‖ converged)
[0mk= 25  obj=$7735.58  ‖r‖=4.22e-04  ‖s‖=1.84e+00  ρ=8000.0  sp_max=27.414s  sp_med=12.453s
k= 26  obj=$8041.35  ‖r‖=3.29e-04  ‖s‖=1.88e+00  ρ=8000.0  sp_max=24.793s  sp_med=9.099s
k= 27  obj=$8235.14  ‖r‖=2.39e-04  ‖s‖=1.89e+00  ρ=8000.0  sp_max=17.248s  sp_med=7.812s
k= 28  obj=$8306.47  ‖r‖=1.99e-04  ‖s‖=1.89e+00  ρ=8000.0  sp_max=18.161s  sp_med=7.882s
k= 29  obj=$8408.32  ‖r‖=1.05e-04  ‖s‖=1.89e+00  ρ=8000.0  sp_max=15.906s  sp_med=7.808s
[36;1m  [k= 30] ρ 8000.0 → 4000.0 (s/r=144610.4, ‖r‖ converged)
[0mk= 30  obj=$8471.05  ‖r‖=1.30e-05  ‖s‖=1.88e+00  ρ=4000.0  sp_max=20.948s  sp_med=9.230s
      [Progress] 1489.9s elapsed, 1 iters/min
k= 31  obj=$8423.47  ‖r‖=4.29e-05  ‖s‖=1.84e+00  ρ=4000.0  sp_max=38.363s  sp_med=15.568s
k= 32  obj=$8374.67  ‖r‖=7.30e-05  ‖s‖=1.79e+00  ρ=4000.0  sp_max=20.250s  sp_med=9.857s
k= 33  obj=$8363.23  ‖r‖=6.05e-05  ‖s‖=1.76e+00  ρ=4000.0  sp_max=29.927s  sp_med=14.474s
k= 34  obj=$8360.84  ‖r‖=4.23e-05  ‖s‖=1.76e+00  ρ=4000.0  sp_max=24.516s  sp_med=11.835s
[36;1m  [k= 35] ρ 4000.0 → 2000.0 (s/r=39648.0, ‖r‖ converged)
[0mk= 35  obj=$8347.41  ‖r‖=4.41e-05  ‖s‖=1.75e+00  ρ=2000.0  sp_max=24.445s  sp_med=12.641s
k= 36  obj=$8293.24  ‖r‖=5.22e-05  ‖s‖=1.64e+00  ρ=2000.0  sp_max=28.986s  sp_med=13.643s
k= 37  obj=$8243.33  ‖r‖=6.34e-05  ‖s‖=1.39e+00  ρ=2000.0  sp_max=32.066s  sp_med=15.499s
k= 38  obj=$8236.83  ‖r‖=8.42e-05  ‖s‖=1.12e+00  ρ=2000.0  sp_max=21.177s  sp_med=11.882s
k= 39  obj=$8236.50  ‖r‖=9.16e-05  ‖s‖=9.27e-01  ρ=2000.0  sp_max=22.940s  sp_med=11.229s
[36;1m  [k= 40] ρ 2000.0 → 1000.0 (s/r=8673.2, ‖r‖ converged)
[0mk= 40  obj=$8249.65  ‖r‖=8.73e-05  ‖s‖=7.57e-01  ρ=1000.0  sp_max=30.268s  sp_med=14.295s
      [Progress] 2039.5s elapsed, 1 iters/min
k= 41  obj=$8277.31  ‖r‖=9.52e-05  ‖s‖=5.19e-01  ρ=1000.0  sp_max=28.590s  sp_med=13.763s
k= 42  obj=$8281.75  ‖r‖=1.04e-04  ‖s‖=3.53e-01  ρ=1000.0  sp_max=34.267s  sp_med=17.502s
k= 43  obj=$8276.95  ‖r‖=1.08e-04  ‖s‖=2.66e-01  ρ=1000.0  sp_max=33.225s  sp_med=15.814s
k= 44  obj=$8277.58  ‖r‖=1.06e-04  ‖s‖=1.94e-01  ρ=1000.0  sp_max=30.381s  sp_med=15.959s
[36;1m  [k= 45] ρ 1000.0 → 500.0 (s/r=1487.2, ‖r‖ converged)
[0mk= 45  obj=$8278.81  ‖r‖=9.53e-05  ‖s‖=1.42e-01  ρ=500.0  sp_max=35.695s  sp_med=14.929s
k= 46  obj=$8280.18  ‖r‖=7.98e-05  ‖s‖=1.09e-01  ρ=500.0  sp_max=31.629s  sp_med=13.621s
k= 47  obj=$8256.61  ‖r‖=6.23e-05  ‖s‖=9.33e-02  ρ=500.0  sp_max=30.406s  sp_med=10.290s
k= 48  obj=$8234.87  ‖r‖=5.78e-05  ‖s‖=8.04e-02  ρ=500.0  sp_max=34.113s  sp_med=13.899s
k= 49  obj=$8218.15  ‖r‖=6.61e-05  ‖s‖=5.99e-02  ρ=500.0  sp_max=37.395s  sp_med=15.517s
[36;1m  [k= 50] ρ 500.0 → 250.0 (s/r=757.3, ‖r‖ converged)
[0mk= 50  obj=$8202.84  ‖r‖=5.88e-05  ‖s‖=4.46e-02  ρ=250.0  sp_max=35.635s  sp_med=13.479s
      [Progress] 2680.6s elapsed, 1 iters/min
k= 51  obj=$8192.44  ‖r‖=6.70e-05  ‖s‖=2.86e-02  ρ=250.0  sp_max=31.909s  sp_med=13.977s
k= 52  obj=$8196.94  ‖r‖=6.40e-05  ‖s‖=1.55e-02  ρ=250.0  sp_max=27.121s  sp_med=11.998s
k= 53  obj=$8202.18  ‖r‖=4.28e-05  ‖s‖=1.26e-02  ρ=250.0  sp_max=29.733s  sp_med=15.686s
k= 54  obj=$8204.11  ‖r‖=2.86e-05  ‖s‖=9.91e-03  ρ=250.0  sp_max=32.775s  sp_med=14.980s
[36;1m  [k= 55] ρ 250.0 → 125.0 (s/r=253.3, ‖r‖ converged)
[0mk= 55  obj=$8202.60  ‖r‖=2.53e-05  ‖s‖=6.40e-03  ρ=125.0  sp_max=36.161s  sp_med=16.079s
k= 56  obj=$8199.30  ‖r‖=2.58e-05  ‖s‖=3.89e-03  ρ=125.0  sp_max=31.123s  sp_med=14.995s
k= 57  obj=$8198.38  ‖r‖=2.33e-05  ‖s‖=2.75e-03  ρ=125.0  sp_max=32.401s  sp_med=13.979s
k= 58  obj=$8197.62  ‖r‖=1.95e-05  ‖s‖=2.62e-03  ρ=125.0  sp_max=35.378s  sp_med=13.714s
k= 59  obj=$8196.11  ‖r‖=1.95e-05  ‖s‖=2.28e-03  ρ=125.0  sp_max=43.740s  sp_med=15.103s
[36;1m  [k= 60] ρ 125.0 → 62.5 (s/r=89.1, ‖r‖ converged)
[0mk= 60  obj=$8196.29  ‖r‖=2.00e-05  ‖s‖=1.78e-03  ρ=62.5  sp_max=35.141s  sp_med=14.243s
      [Progress] 3331.5s elapsed, 1 iters/min
k= 61  obj=$8195.43  ‖r‖=2.28e-05  ‖s‖=1.33e-03  ρ=62.5  sp_max=35.077s  sp_med=14.406s
k= 62  obj=$8193.37  ‖r‖=2.03e-05  ‖s‖=1.08e-03  ρ=62.5  sp_max=33.477s  sp_med=12.866s
k= 63  obj=$8193.58  ‖r‖=1.74e-05  ‖s‖=1.06e-03  ρ=62.5  sp_max=26.071s  sp_med=10.727s
k= 64  obj=$8192.97  ‖r‖=1.57e-05  ‖s‖=1.03e-03  ρ=62.5  sp_max=31.782s  sp_med=13.219s
[36;1m  [k= 65] ρ 62.5 → 31.2 (s/r=77.8, ‖r‖ converged)
[0mk= 65  obj=$8192.58  ‖r‖=1.33e-05  ‖s‖=1.04e-03  ρ=31.2  sp_max=34.696s  sp_med=14.323s
k= 66  obj=$8190.37  ‖r‖=1.57e-05  ‖s‖=8.54e-04  ρ=31.2  sp_max=27.150s  sp_med=13.048s
[32;1m🎉 tADMM converged at iteration 66 (‖r‖=1.57e-05 ≤ 1.00e-03, ‖s‖=8.54e-04 ≤ 1.00e-03)
  Final objective: $8190.37
[0m
================================================================================
[36;1m📊 SOLVER PERFORMANCE ANALYSIS (optimize!() times only)[0m
================================================================================
Iterations:       65
Effective time:   1819.95 seconds
Wall-clock time:  3688.86 seconds
Overhead:         50.7%
================================================================================

--- tADMM RESULT ---
[32;1mObjective: $8190.37
Wall-clock: 3688.86 seconds
Effective:  1819.95 seconds (66 iterations)
[0m
================================================================================
[36;1mVALIDATING tADMM SOLUTION[0m
================================================================================

================================================================================
SOLUTION VALIDATION: tADMM SOCP
================================================================================
✓ All constraints satisfied!
================================================================================
[32;1m✓ Convergence CSV: C:\repos_addendum\MultiPeriodDistOPF\envs\tadmm\processedData\ieee2552C_1ph_T48\convergence_data.csv[0m
[32;1m✓ Subproblem timing CSV: C:\repos_addendum\MultiPeriodDistOPF\envs\tadmm\processedData\ieee2552C_1ph_T48\subproblem_timing_details.csv[0m
[36;1mLoaded BF results from C:\repos_addendum\MultiPeriodDistOPF\envs\tadmm\processedData\ieee2552C_1ph_T48\results_socp_bf.txt[0m
[36;1mNear-optimal at k=50 (1296.21s eff): obj=$8202.84, gap=0.329% vs BF, r=5.88e-05, s=4.46e-02[0m
[32;1m✓ Near-optimal summary: C:\repos_addendum\MultiPeriodDistOPF\envs\tadmm\processedData\ieee2552C_1ph_T48\near_optimal_summary.csv[0m
[32;1m✓ Solution saved: C:\repos_addendum\MultiPeriodDistOPF\envs\tadmm\processedData\ieee2552C_1ph_T48\sol_socp_tadmm.jls[0m
[32;1m✓ tADMM results written to C:\repos_addendum\MultiPeriodDistOPF\envs\tadmm\processedData\ieee2552C_1ph_T48\results_socp_tadmm.txt[0m
[32;1m✓ Live log trimmed to last 100 lines: C:\repos_addendum\MultiPeriodDistOPF\envs\tadmm\processedData\ieee2552C_1ph_T48\tadmm_run.log[0m

================================================================================
[35;1mtADMM PIPELINE COMPLETE[0m
================================================================================
