
================================================================================
PARALLELIZATION STATUS
================================================================================
Julia threads:       16
Status:              Using 16 threads
================================================================================
RHO_OVERRIDE: using rho = 6000.0
EPS_PRI_OVERRIDE: using eps_pri = 0.0001
EPS_DUAL_OVERRIDE: using eps_dual = 0.001
ADAPTIVE_RHO_OVERRIDE: adaptive_rho = true

================================================================================
PARSING SYSTEM DATA
================================================================================
Loaded system: ieee123C_1ph from C:\repos_addendum\MultiPeriodDistOPF\envs\tadmm\..\..\rawData\ieee123C_1ph\Master.dss

========================================
Initial Powerflow
========================================
Powerflow completed successfully!

[OpenDSS] Total system load: 872.27 kW
[OpenDSS] Substation power: 877.20 kW
[OpenDSS] Total PV dispatch: 0.00 kW
[OpenDSS] Total battery dispatch: 0.00 kW
[OpenDSS] Total system losses: 4.94 kW


================================================================================
[35;1mSOLVING MPOPF WITH SOCP (tADMM)[0m
================================================================================
[36;1mUsing fixed rho = 6000.0[0m
  [tADMM hyperparams] mu_balance=5.00 tau_incr=2.00 tau_decr=2.00 update_interval=5 eps_pri=1.0e-04 eps_dual=1.0e-03 rho_init=6000.0 adaptive=true

================================================================================
[36;1m🎯 tADMM[SOCP]: T=144, ρ_init=6000.0, adaptive=true, warm_start=true, |Bset|=51, |Nset|=128, |Lset|=127
[0m================================================================================

******************************************************************************
This program contains Ipopt, a library for large-scale nonlinear optimization.
 Ipopt is released as open source code under the Eclipse Public License (EPL).
         For more information visit https://github.com/coin-or/Ipopt
******************************************************************************


******************************************************************************
This program contains Ipopt, a library for large-scale nonlinear optimization.
 Ipopt is released as open source code under the Eclipse Public License (EPL).
         For more information visit https://github.com/coin-or/Ipopt
******************************************************************************


******************************************************************************
This program contains Ipopt, a library for large-scale nonlinear optimization.
 Ipopt is released as open source code under the Eclipse Public License (EPL).
         For more information visit https://github.com/coin-or/Ipopt
******************************************************************************


******************************************************************************
This program contains Ipopt, a library for large-scale nonlinear optimization.
 Ipopt is released as open source code under the Eclipse Public License (EPL).
         For more information visit https://github.com/coin-or/Ipopt
******************************************************************************


******************************************************************************
This program contains Ipopt, a library for large-scale nonlinear optimization.
 Ipopt is released as open source code under the Eclipse Public License (EPL).
         For more information visit https://github.com/coin-or/Ipopt
******************************************************************************

k=  1  obj=$1325.41  ‖r‖=8.53e-04  ‖s‖=3.01e-01  ρ=6000.0  sp_max=8.111s  sp_med=5.624s
k=  2  obj=$1325.41  ‖r‖=8.52e-04  ‖s‖=3.52e-01  ρ=6000.0  sp_max=4.875s  sp_med=2.146s
k=  3  obj=$1325.41  ‖r‖=8.50e-04  ‖s‖=4.05e-01  ρ=6000.0  sp_max=4.104s  sp_med=2.122s
k=  4  obj=$1325.41  ‖r‖=8.48e-04  ‖s‖=4.51e-01  ρ=6000.0  sp_max=3.551s  sp_med=2.410s
[33;1m  [PHASE1-UP] ρ: 6000.0 → 12000.0 (‖r‖=8.47e-04 > ε=1.0e-04)
[0mk=  5  obj=$1325.41  ‖r‖=8.47e-04  ‖s‖=4.93e-01  ρ=12000.0  sp_max=3.756s  sp_med=2.100s
k=  6  obj=$1325.41  ‖r‖=8.46e-04  ‖s‖=5.96e-01  ρ=12000.0  sp_max=8.080s  sp_med=2.710s
k=  7  obj=$1325.41  ‖r‖=8.45e-04  ‖s‖=7.08e-01  ρ=12000.0  sp_max=12.779s  sp_med=3.218s
k=  8  obj=$1325.41  ‖r‖=8.44e-04  ‖s‖=8.16e-01  ρ=12000.0  sp_max=13.198s  sp_med=3.005s
k=  9  obj=$1338.40  ‖r‖=8.31e-04  ‖s‖=9.19e-01  ρ=12000.0  sp_max=9.770s  sp_med=3.318s
[33;1m  [PHASE1-UP] ρ: 12000.0 → 24000.0 (‖r‖=7.95e-04 > ε=1.0e-04)
[0mk= 10  obj=$1398.61  ‖r‖=7.95e-04  ‖s‖=1.02e+00  ρ=24000.0  sp_max=12.771s  sp_med=3.750s
      [Progress] 350.9s elapsed, 2 iters/min
k= 11  obj=$1513.08  ‖r‖=7.35e-04  ‖s‖=1.23e+00  ρ=24000.0  sp_max=14.869s  sp_med=3.855s
k= 12  obj=$1680.76  ‖r‖=6.64e-04  ‖s‖=1.42e+00  ρ=24000.0  sp_max=12.888s  sp_med=3.831s
k= 13  obj=$1860.33  ‖r‖=5.93e-04  ‖s‖=1.56e+00  ρ=24000.0  sp_max=12.870s  sp_med=4.012s
k= 14  obj=$2115.89  ‖r‖=4.88e-04  ‖s‖=1.67e+00  ρ=24000.0  sp_max=9.168s  sp_med=3.467s
[33;1m  [k= 15] 🐕 RNORM WATCHDOG: ρ 24000.0 → 60000.0 (‖r‖=3.88e-04 > 1.0e-04 for 15 iters)
[0m[33;1m  [PHASE1-UP] ρ: 60000.0 → 120000.0 (‖r‖=3.88e-04 > ε=1.0e-04)
[0mk= 15  obj=$2370.65  ‖r‖=3.88e-04  ‖s‖=1.76e+00  ρ=120000.0  sp_max=9.980s  sp_med=4.174s
k= 16  obj=$2737.67  ‖r‖=1.90e-04  ‖s‖=2.11e+00  ρ=120000.0  sp_max=6.548s  sp_med=3.452s
k= 17  obj=$2958.20  ‖r‖=2.96e-05  ‖s‖=2.39e+00  ρ=120000.0  sp_max=8.413s  sp_med=3.501s
k= 18  obj=$2973.22  ‖r‖=1.18e-05  ‖s‖=2.58e+00  ρ=120000.0  sp_max=4.748s  sp_med=3.315s
k= 19  obj=$2973.28  ‖r‖=7.36e-06  ‖s‖=2.70e+00  ρ=120000.0  sp_max=4.821s  sp_med=3.496s
[32;1m  [k= 20] Phase 1→2: primal converged
[0m[36;1m  [k= 20] ρ 120000.0 → 60000.0 (s/r=630506.2, ‖r‖ converged)
[0mk= 20  obj=$2972.95  ‖r‖=4.27e-06  ‖s‖=2.69e+00  ρ=60000.0  sp_max=4.857s  sp_med=3.664s
      [Progress] 773.1s elapsed, 2 iters/min
k= 21  obj=$2972.24  ‖r‖=3.34e-06  ‖s‖=2.45e+00  ρ=60000.0  sp_max=5.693s  sp_med=4.220s
k= 22  obj=$2971.30  ‖r‖=4.16e-06  ‖s‖=2.17e+00  ρ=60000.0  sp_max=5.831s  sp_med=3.979s
k= 23  obj=$2970.15  ‖r‖=3.83e-06  ‖s‖=2.00e+00  ρ=60000.0  sp_max=7.817s  sp_med=3.975s
k= 24  obj=$2969.01  ‖r‖=3.40e-06  ‖s‖=1.86e+00  ρ=60000.0  sp_max=5.546s  sp_med=4.368s
[36;1m  [k= 25] ρ 60000.0 → 30000.0 (s/r=687398.2, ‖r‖ converged)
[0mk= 25  obj=$2967.61  ‖r‖=2.68e-06  ‖s‖=1.84e+00  ρ=30000.0  sp_max=5.678s  sp_med=4.175s
k= 26  obj=$2965.56  ‖r‖=3.62e-06  ‖s‖=1.74e+00  ρ=30000.0  sp_max=6.676s  sp_med=3.946s
k= 27  obj=$2963.85  ‖r‖=5.37e-06  ‖s‖=1.64e+00  ρ=30000.0  sp_max=4.987s  sp_med=3.818s
k= 28  obj=$2961.93  ‖r‖=2.84e-06  ‖s‖=1.64e+00  ρ=30000.0  sp_max=4.800s  sp_med=3.728s
k= 29  obj=$2960.08  ‖r‖=2.33e-06  ‖s‖=1.62e+00  ρ=30000.0  sp_max=5.170s  sp_med=3.799s
[36;1m  [k= 30] ρ 30000.0 → 15000.0 (s/r=536242.3, ‖r‖ converged)
[0mk= 30  obj=$2958.36  ‖r‖=2.93e-06  ‖s‖=1.57e+00  ρ=15000.0  sp_max=8.637s  sp_med=5.597s
      [Progress] 1171.7s elapsed, 2 iters/min
k= 31  obj=$2955.36  ‖r‖=4.95e-06  ‖s‖=1.54e+00  ρ=15000.0  sp_max=7.838s  sp_med=4.678s
k= 32  obj=$2952.85  ‖r‖=5.73e-06  ‖s‖=1.50e+00  ρ=15000.0  sp_max=6.150s  sp_med=4.136s
k= 33  obj=$2950.35  ‖r‖=4.72e-06  ‖s‖=1.46e+00  ρ=15000.0  sp_max=4.852s  sp_med=3.666s
k= 34  obj=$2947.68  ‖r‖=7.84e-06  ‖s‖=1.41e+00  ρ=15000.0  sp_max=5.046s  sp_med=3.616s
[36;1m  [k= 35] ρ 15000.0 → 7500.0 (s/r=176378.3, ‖r‖ converged)
[0mk= 35  obj=$2945.16  ‖r‖=7.63e-06  ‖s‖=1.35e+00  ρ=7500.0  sp_max=5.396s  sp_med=3.692s
k= 36  obj=$2940.69  ‖r‖=1.44e-05  ‖s‖=1.28e+00  ρ=7500.0  sp_max=8.807s  sp_med=5.147s
k= 37  obj=$2936.97  ‖r‖=2.08e-05  ‖s‖=1.19e+00  ρ=7500.0  sp_max=7.982s  sp_med=4.116s
k= 38  obj=$2933.10  ‖r‖=2.28e-05  ‖s‖=1.09e+00  ρ=7500.0  sp_max=6.430s  sp_med=3.569s
k= 39  obj=$2929.30  ‖r‖=2.93e-05  ‖s‖=9.81e-01  ρ=7500.0  sp_max=5.755s  sp_med=4.155s
[36;1m  [k= 40] ρ 7500.0 → 3750.0 (s/r=29725.4, ‖r‖ converged)
[0mk= 40  obj=$2925.89  ‖r‖=3.01e-05  ‖s‖=8.96e-01  ρ=3750.0  sp_max=5.553s  sp_med=3.515s
      [Progress] 1567.6s elapsed, 2 iters/min
k= 41  obj=$2919.07  ‖r‖=3.67e-05  ‖s‖=8.42e-01  ρ=3750.0  sp_max=5.407s  sp_med=3.673s
k= 42  obj=$2913.75  ‖r‖=4.14e-05  ‖s‖=7.81e-01  ρ=3750.0  sp_max=8.510s  sp_med=3.819s
k= 43  obj=$2908.63  ‖r‖=4.27e-05  ‖s‖=7.32e-01  ρ=3750.0  sp_max=7.394s  sp_med=3.736s
k= 44  obj=$2903.92  ‖r‖=4.69e-05  ‖s‖=6.94e-01  ρ=3750.0  sp_max=5.483s  sp_med=3.670s
[36;1m  [k= 45] ρ 3750.0 → 1875.0 (s/r=12319.1, ‖r‖ converged)
[0mk= 45  obj=$2900.00  ‖r‖=5.31e-05  ‖s‖=6.55e-01  ρ=1875.0  sp_max=5.605s  sp_med=3.826s
k= 46  obj=$2893.03  ‖r‖=6.10e-05  ‖s‖=6.28e-01  ρ=1875.0  sp_max=5.568s  sp_med=3.645s
k= 47  obj=$2887.21  ‖r‖=6.11e-05  ‖s‖=6.05e-01  ρ=1875.0  sp_max=6.524s  sp_med=3.889s
k= 48  obj=$2881.36  ‖r‖=5.93e-05  ‖s‖=5.89e-01  ρ=1875.0  sp_max=12.443s  sp_med=4.579s
k= 49  obj=$2875.53  ‖r‖=5.75e-05  ‖s‖=5.76e-01  ρ=1875.0  sp_max=7.486s  sp_med=4.692s
[36;1m  [k= 50] ρ 1875.0 → 937.5 (s/r=10210.0, ‖r‖ converged)
[0mk= 50  obj=$2869.33  ‖r‖=5.57e-05  ‖s‖=5.68e-01  ρ=937.5  sp_max=7.406s  sp_med=3.865s
      [Progress] 1956.4s elapsed, 2 iters/min
k= 51  obj=$2857.97  ‖r‖=5.80e-05  ‖s‖=5.61e-01  ρ=937.5  sp_max=6.538s  sp_med=4.557s
k= 52  obj=$2847.23  ‖r‖=5.98e-05  ‖s‖=5.54e-01  ρ=937.5  sp_max=5.301s  sp_med=3.448s
k= 53  obj=$2838.83  ‖r‖=6.13e-05  ‖s‖=5.50e-01  ρ=937.5  sp_max=5.019s  sp_med=3.640s
k= 54  obj=$2828.84  ‖r‖=6.20e-05  ‖s‖=5.46e-01  ρ=937.5  sp_max=7.035s  sp_med=4.109s
[36;1m  [k= 55] ρ 937.5 → 468.8 (s/r=8521.8, ‖r‖ converged)
[0mk= 55  obj=$2820.28  ‖r‖=6.22e-05  ‖s‖=5.30e-01  ρ=468.8  sp_max=6.330s  sp_med=4.075s
k= 56  obj=$2804.20  ‖r‖=6.69e-05  ‖s‖=5.02e-01  ρ=468.8  sp_max=7.048s  sp_med=4.308s
k= 57  obj=$2791.01  ‖r‖=6.94e-05  ‖s‖=4.63e-01  ρ=468.8  sp_max=8.598s  sp_med=3.934s
k= 58  obj=$2782.87  ‖r‖=7.58e-05  ‖s‖=4.17e-01  ρ=468.8  sp_max=9.263s  sp_med=4.571s
k= 59  obj=$2776.56  ‖r‖=8.30e-05  ‖s‖=3.65e-01  ρ=468.8  sp_max=7.725s  sp_med=3.932s
[36;1m  [k= 60] ρ 468.8 → 234.4 (s/r=3531.0, ‖r‖ converged)
[0mk= 60  obj=$2775.96  ‖r‖=8.68e-05  ‖s‖=3.07e-01  ρ=234.4  sp_max=6.657s  sp_med=3.925s
      [Progress] 2365.4s elapsed, 2 iters/min
k= 61  obj=$2775.85  ‖r‖=9.61e-05  ‖s‖=2.36e-01  ρ=234.4  sp_max=5.764s  sp_med=3.770s
k= 62  obj=$2778.04  ‖r‖=9.46e-05  ‖s‖=1.85e-01  ρ=234.4  sp_max=7.780s  sp_med=4.199s
k= 63  obj=$2782.36  ‖r‖=8.95e-05  ‖s‖=1.51e-01  ρ=234.4  sp_max=9.410s  sp_med=3.908s
k= 64  obj=$2787.79  ‖r‖=8.38e-05  ‖s‖=1.26e-01  ρ=234.4  sp_max=8.910s  sp_med=3.720s
[36;1m  [k= 65] ρ 234.4 → 117.2 (s/r=1418.2, ‖r‖ converged)
[0mk= 65  obj=$2791.78  ‖r‖=7.54e-05  ‖s‖=1.07e-01  ρ=117.2  sp_max=10.434s  sp_med=4.775s
k= 66  obj=$2805.65  ‖r‖=9.58e-05  ‖s‖=8.56e-02  ρ=117.2  sp_max=13.448s  sp_med=6.680s
k= 67  obj=$2816.32  ‖r‖=1.03e-04  ‖s‖=6.65e-02  ρ=117.2  sp_max=9.617s  sp_med=4.209s
k= 68  obj=$2827.37  ‖r‖=1.13e-04  ‖s‖=5.10e-02  ρ=117.2  sp_max=7.979s  sp_med=4.145s
k= 69  obj=$2835.49  ‖r‖=1.21e-04  ‖s‖=3.82e-02  ρ=117.2  sp_max=7.175s  sp_med=3.908s
k= 70  obj=$2841.39  ‖r‖=1.21e-04  ‖s‖=2.79e-02  ρ=117.2  sp_max=7.416s  sp_med=3.878s
      [Progress] 2808.4s elapsed, 1 iters/min
k= 71  obj=$2846.57  ‖r‖=1.30e-04  ‖s‖=1.92e-02  ρ=117.2  sp_max=6.717s  sp_med=3.952s
k= 72  obj=$2848.83  ‖r‖=1.42e-04  ‖s‖=1.42e-02  ρ=117.2  sp_max=7.125s  sp_med=3.910s
k= 73  obj=$2847.78  ‖r‖=1.45e-04  ‖s‖=1.47e-02  ρ=117.2  sp_max=9.978s  sp_med=4.677s
k= 74  obj=$2844.83  ‖r‖=1.40e-04  ‖s‖=1.90e-02  ρ=117.2  sp_max=11.280s  sp_med=5.779s
k= 75  obj=$2843.34  ‖r‖=1.29e-04  ‖s‖=2.32e-02  ρ=117.2  sp_max=11.140s  sp_med=5.489s
k= 76  obj=$2845.96  ‖r‖=1.14e-04  ‖s‖=2.70e-02  ρ=117.2  sp_max=8.312s  sp_med=3.875s
k= 77  obj=$2849.37  ‖r‖=9.69e-05  ‖s‖=3.00e-02  ρ=117.2  sp_max=6.737s  sp_med=3.651s
k= 78  obj=$2851.94  ‖r‖=8.56e-05  ‖s‖=3.07e-02  ρ=117.2  sp_max=6.328s  sp_med=3.890s
k= 79  obj=$2848.12  ‖r‖=7.01e-05  ‖s‖=3.07e-02  ρ=117.2  sp_max=9.366s  sp_med=5.091s
[36;1m  [k= 80] ρ 117.2 → 58.6 (s/r=546.7, ‖r‖ converged)
[0mk= 80  obj=$2835.90  ‖r‖=5.48e-05  ‖s‖=3.00e-02  ρ=58.6  sp_max=8.273s  sp_med=5.128s
      [Progress] 3259.5s elapsed, 1 iters/min
k= 81  obj=$2827.20  ‖r‖=9.90e-05  ‖s‖=2.68e-02  ρ=58.6  sp_max=8.965s  sp_med=5.303s
k= 82  obj=$2822.94  ‖r‖=1.15e-04  ‖s‖=2.32e-02  ρ=58.6  sp_max=8.793s  sp_med=5.482s
k= 83  obj=$2824.08  ‖r‖=1.22e-04  ‖s‖=1.89e-02  ρ=58.6  sp_max=8.567s  sp_med=5.227s
k= 84  obj=$2828.86  ‖r‖=1.21e-04  ‖s‖=1.42e-02  ρ=58.6  sp_max=9.435s  sp_med=5.124s
k= 85  obj=$2829.22  ‖r‖=1.33e-04  ‖s‖=9.72e-03  ρ=58.6  sp_max=11.701s  sp_med=4.873s
k= 86  obj=$2828.52  ‖r‖=1.41e-04  ‖s‖=6.00e-03  ρ=58.6  sp_max=9.474s  sp_med=4.896s
k= 87  obj=$2824.95  ‖r‖=1.07e-04  ‖s‖=6.36e-03  ρ=58.6  sp_max=7.774s  sp_med=4.768s
k= 88  obj=$2818.73  ‖r‖=9.83e-05  ‖s‖=8.94e-03  ρ=58.6  sp_max=9.163s  sp_med=4.900s
k= 89  obj=$2817.50  ‖r‖=1.08e-04  ‖s‖=1.01e-02  ρ=58.6  sp_max=9.003s  sp_med=4.763s
k= 90  obj=$2816.91  ‖r‖=1.15e-04  ‖s‖=1.08e-02  ρ=58.6  sp_max=7.867s  sp_med=4.724s
      [Progress] 3745.9s elapsed, 1 iters/min
k= 91  obj=$2816.21  ‖r‖=1.12e-04  ‖s‖=1.17e-02  ρ=58.6  sp_max=8.084s  sp_med=4.900s
k= 92  obj=$2815.53  ‖r‖=1.00e-04  ‖s‖=1.26e-02  ρ=58.6  sp_max=11.010s  sp_med=4.985s
k= 93  obj=$2815.17  ‖r‖=8.14e-05  ‖s‖=1.34e-02  ρ=58.6  sp_max=10.317s  sp_med=4.792s
k= 94  obj=$2815.18  ‖r‖=6.07e-05  ‖s‖=1.39e-02  ρ=58.6  sp_max=10.552s  sp_med=5.026s
[36;1m  [k= 95] ρ 58.6 → 29.3 (s/r=286.4, ‖r‖ converged)
[0mk= 95  obj=$2815.42  ‖r‖=4.82e-05  ‖s‖=1.38e-02  ρ=29.3  sp_max=7.977s  sp_med=5.018s
k= 96  obj=$2815.38  ‖r‖=7.71e-05  ‖s‖=1.31e-02  ρ=29.3  sp_max=6.602s  sp_med=4.544s
k= 97  obj=$2815.50  ‖r‖=1.07e-04  ‖s‖=1.19e-02  ρ=29.3  sp_max=10.019s  sp_med=4.559s
k= 98  obj=$2815.47  ‖r‖=1.21e-04  ‖s‖=1.02e-02  ρ=29.3  sp_max=8.411s  sp_med=4.767s
k= 99  obj=$2815.79  ‖r‖=1.27e-04  ‖s‖=8.17e-03  ρ=29.3  sp_max=9.438s  sp_med=4.672s
k=100  obj=$2815.57  ‖r‖=1.32e-04  ‖s‖=5.90e-03  ρ=29.3  sp_max=9.578s  sp_med=4.803s
      [Progress] 4212.3s elapsed, 1 iters/min
[33;1m⚠ tADMM did NOT converge after 100 iterations (‖r‖=1.32e-04, ‖s‖=5.90e-03)
[0m
================================================================================
[36;1m📊 SOLVER PERFORMANCE ANALYSIS (optimize!() times only)[0m
================================================================================
Iterations:       100
Effective time:   792.06 seconds
Wall-clock time:  4212.98 seconds
Overhead:         81.2%
================================================================================

--- tADMM RESULT ---
[32;1mObjective: $2815.57
Wall-clock: 4212.98 seconds
Effective:  792.06 seconds (100 iterations)
[0m
================================================================================
[36;1mVALIDATING tADMM SOLUTION[0m
================================================================================

================================================================================
SOLUTION VALIDATION: tADMM SOCP
================================================================================
✓ All constraints satisfied!
================================================================================
[32;1m✓ Convergence CSV: C:\repos_addendum\MultiPeriodDistOPF\envs\tadmm\processedData\ieee123C_1ph_T144\convergence_data.csv[0m
[32;1m✓ Subproblem timing CSV: C:\repos_addendum\MultiPeriodDistOPF\envs\tadmm\processedData\ieee123C_1ph_T144\subproblem_timing_details.csv[0m
[36;1mLoaded BF results from C:\repos_addendum\MultiPeriodDistOPF\envs\tadmm\processedData\ieee123C_1ph_T144\results_socp_bf.txt[0m
[36;1mNear-optimal at k=55 (396.85s eff): obj=$2820.28, gap=0.335% vs BF, r=6.22e-05, s=5.30e-01[0m
[32;1m✓ Near-optimal summary: C:\repos_addendum\MultiPeriodDistOPF\envs\tadmm\processedData\ieee123C_1ph_T144\near_optimal_summary.csv[0m
[32;1m✓ Solution saved: C:\repos_addendum\MultiPeriodDistOPF\envs\tadmm\processedData\ieee123C_1ph_T144\sol_socp_tadmm.jls[0m
[32;1m✓ tADMM results written to C:\repos_addendum\MultiPeriodDistOPF\envs\tadmm\processedData\ieee123C_1ph_T144\results_socp_tadmm.txt[0m
[32;1m✓ Live log trimmed to last 100 lines: C:\repos_addendum\MultiPeriodDistOPF\envs\tadmm\processedData\ieee123C_1ph_T144\tadmm_run.log[0m

================================================================================
[35;1mtADMM PIPELINE COMPLETE[0m
================================================================================
