
================================================================================
PARALLELIZATION STATUS
================================================================================
Julia threads:       16
Status:              Using 16 threads
================================================================================
RHO_OVERRIDE: using rho = 5000.0
EPS_PRI_OVERRIDE: using eps_pri = 0.001
EPS_DUAL_OVERRIDE: using eps_dual = 0.001
ADAPTIVE_RHO_OVERRIDE: adaptive_rho = true

================================================================================
PARSING SYSTEM DATA
================================================================================
Loaded system: ieee2552C_1ph from C:\repos_addendum\MultiPeriodDistOPF\envs\tadmm\..\..\rawData\ieee2552C_1ph\Master.dss

========================================
Initial Powerflow
========================================
Powerflow completed successfully!

[OpenDSS] Total system load: 2129.58 kW
[OpenDSS] Substation power: 2187.53 kW
[OpenDSS] Total PV dispatch: 0.00 kW
[OpenDSS] Total battery dispatch: 0.00 kW
[OpenDSS] Total system losses: 57.95 kW


================================================================================
[35;1mSOLVING MPOPF WITH SOCP (tADMM)[0m
================================================================================
[36;1mUsing fixed rho = 5000.0[0m
  [tADMM hyperparams] mu_balance=5.00 tau_incr=2.00 tau_decr=5.00 update_interval=5 eps_pri=1.0e-03 eps_dual=1.0e-03 rho_init=5000.0 adaptive=true

================================================================================
[36;1m🎯 tADMM[SOCP]: T=48, ρ_init=5000.0, adaptive=true, warm_start=true, |Bset|=250, |Nset|=2522, |Lset|=2521
[0m================================================================================

******************************************************************************
This program contains Ipopt, a library for large-scale nonlinear optimization.
 Ipopt is released as open source code under the Eclipse Public License (EPL).
         For more information visit https://github.com/coin-or/Ipopt
******************************************************************************

k=  1  obj=$4301.48  ‖r‖=1.34e-03  ‖s‖=7.20e-01  ρ=5000.0  sp_max=42.877s  sp_med=25.922s
k=  2  obj=$4299.56  ‖r‖=1.35e-03  ‖s‖=8.43e-01  ρ=5000.0  sp_max=27.891s  sp_med=6.767s
k=  3  obj=$4299.56  ‖r‖=1.34e-03  ‖s‖=9.03e-01  ρ=5000.0  sp_max=28.707s  sp_med=7.016s
k=  4  obj=$4299.57  ‖r‖=1.33e-03  ‖s‖=1.02e+00  ρ=5000.0  sp_max=27.232s  sp_med=7.459s
[33;1m  [PHASE1-UP] ρ: 5000.0 → 10000.0 (‖r‖=1.32e-03 > ε=1.0e-03)
[0mk=  5  obj=$4299.56  ‖r‖=1.32e-03  ‖s‖=1.11e+00  ρ=10000.0  sp_max=28.106s  sp_med=8.622s
k=  6  obj=$4299.56  ‖r‖=1.32e-03  ‖s‖=1.35e+00  ρ=10000.0  sp_max=21.115s  sp_med=7.895s
k=  7  obj=$4299.55  ‖r‖=1.31e-03  ‖s‖=1.60e+00  ρ=10000.0  sp_max=31.150s  sp_med=8.934s
k=  8  obj=$4332.63  ‖r‖=1.29e-03  ‖s‖=1.86e+00  ρ=10000.0  sp_max=31.415s  sp_med=12.574s
k=  9  obj=$4562.85  ‖r‖=1.21e-03  ‖s‖=1.65e+00  ρ=10000.0  sp_max=16.799s  sp_med=10.237s
[33;1m  [PHASE1-UP] ρ: 10000.0 → 20000.0 (‖r‖=1.13e-03 > ε=1.0e-03)
[0mk= 10  obj=$4846.78  ‖r‖=1.13e-03  ‖s‖=1.66e+00  ρ=20000.0  sp_max=16.539s  sp_med=9.582s
      [Progress] 457.0s elapsed, 1 iters/min
k= 11  obj=$5262.61  ‖r‖=1.02e-03  ‖s‖=1.80e+00  ρ=20000.0  sp_max=26.998s  sp_med=12.750s
k= 12  obj=$5849.33  ‖r‖=8.82e-04  ‖s‖=1.83e+00  ρ=20000.0  sp_max=23.586s  sp_med=9.021s
k= 13  obj=$6694.26  ‖r‖=6.78e-04  ‖s‖=1.79e+00  ρ=20000.0  sp_max=21.580s  sp_med=9.773s
k= 14  obj=$7551.53  ‖r‖=4.66e-04  ‖s‖=1.79e+00  ρ=20000.0  sp_max=17.470s  sp_med=8.864s
[32;1m  [k= 15] Phase 1→2: primal converged
[0m[36;1m  [k= 15] ρ 20000.0 → 4000.0 (s/r=6361.1, ‖r‖ converged)
[0mk= 15  obj=$8079.44  ‖r‖=2.91e-04  ‖s‖=1.85e+00  ρ=4000.0  sp_max=18.799s  sp_med=8.411s
k= 16  obj=$8258.91  ‖r‖=2.23e-04  ‖s‖=1.86e+00  ρ=4000.0  sp_max=33.259s  sp_med=16.320s
k= 17  obj=$8270.58  ‖r‖=2.00e-04  ‖s‖=1.85e+00  ρ=4000.0  sp_max=22.876s  sp_med=9.244s
k= 18  obj=$8301.34  ‖r‖=1.57e-04  ‖s‖=1.84e+00  ρ=4000.0  sp_max=27.586s  sp_med=12.569s
k= 19  obj=$8341.00  ‖r‖=9.27e-05  ‖s‖=1.80e+00  ρ=4000.0  sp_max=22.531s  sp_med=9.424s
[36;1m  [k= 20] ρ 4000.0 → 800.0 (s/r=20236.4, ‖r‖ converged)
[0mk= 20  obj=$8326.79  ‖r‖=8.70e-05  ‖s‖=1.76e+00  ρ=800.0  sp_max=20.631s  sp_med=8.561s
      [Progress] 905.6s elapsed, 1 iters/min
k= 21  obj=$8247.91  ‖r‖=1.17e-04  ‖s‖=1.67e+00  ρ=800.0  sp_max=18.757s  sp_med=10.083s
k= 22  obj=$8230.87  ‖r‖=1.83e-04  ‖s‖=1.03e+00  ρ=800.0  sp_max=36.216s  sp_med=16.321s
k= 23  obj=$8244.77  ‖r‖=2.16e-04  ‖s‖=5.70e-01  ρ=800.0  sp_max=27.243s  sp_med=13.213s
k= 24  obj=$8244.15  ‖r‖=2.38e-04  ‖s‖=3.78e-01  ρ=800.0  sp_max=27.208s  sp_med=13.524s
[36;1m  [k= 25] ρ 800.0 → 160.0 (s/r=1104.4, ‖r‖ converged)
[0mk= 25  obj=$8249.04  ‖r‖=2.38e-04  ‖s‖=2.63e-01  ρ=160.0  sp_max=30.880s  sp_med=13.196s
k= 26  obj=$8307.91  ‖r‖=3.15e-04  ‖s‖=1.01e-01  ρ=160.0  sp_max=23.778s  sp_med=11.461s
k= 27  obj=$8332.33  ‖r‖=2.49e-04  ‖s‖=3.40e-02  ρ=160.0  sp_max=29.856s  sp_med=15.050s
k= 28  obj=$8352.42  ‖r‖=1.56e-04  ‖s‖=3.28e-02  ρ=160.0  sp_max=33.158s  sp_med=15.497s
k= 29  obj=$8368.71  ‖r‖=1.71e-04  ‖s‖=2.02e-02  ρ=160.0  sp_max=32.415s  sp_med=12.388s
[36;1m  [k= 30] ρ 160.0 → 32.0 (s/r=81.3, ‖r‖ converged)
[0mk= 30  obj=$8375.56  ‖r‖=1.55e-04  ‖s‖=1.26e-02  ρ=32.0  sp_max=27.960s  sp_med=11.859s
      [Progress] 1471.7s elapsed, 1 iters/min
k= 31  obj=$8387.74  ‖r‖=2.03e-04  ‖s‖=9.29e-03  ρ=32.0  sp_max=28.159s  sp_med=15.216s
k= 32  obj=$8390.36  ‖r‖=2.04e-04  ‖s‖=5.75e-03  ρ=32.0  sp_max=31.890s  sp_med=13.771s
k= 33  obj=$8393.41  ‖r‖=2.02e-04  ‖s‖=2.91e-03  ρ=32.0  sp_max=26.224s  sp_med=9.807s
k= 34  obj=$8393.87  ‖r‖=1.97e-04  ‖s‖=2.11e-03  ρ=32.0  sp_max=24.439s  sp_med=10.548s
[36;1m  [k= 35] ρ 32.0 → 6.4 (s/r=16.4, ‖r‖ converged)
[0mk= 35  obj=$8376.63  ‖r‖=1.76e-04  ‖s‖=2.90e-03  ρ=6.4  sp_max=23.913s  sp_med=10.469s
k= 36  obj=$8368.60  ‖r‖=2.04e-04  ‖s‖=1.42e-03  ρ=6.4  sp_max=31.594s  sp_med=13.674s
k= 37  obj=$8365.60  ‖r‖=1.87e-04  ‖s‖=6.10e-04  ρ=6.4  sp_max=31.463s  sp_med=14.244s
[32;1m🎉 tADMM converged at iteration 37 (‖r‖=1.87e-04 ≤ 1.00e-03, ‖s‖=6.10e-04 ≤ 1.00e-03)
  Final objective: $8365.60
[0m
================================================================================
[36;1m📊 SOLVER PERFORMANCE ANALYSIS (optimize!() times only)[0m
================================================================================
Iterations:       36
Effective time:   992.30 seconds
Wall-clock time:  1837.30 seconds
Overhead:         46.0%
================================================================================

--- tADMM RESULT ---
[32;1mObjective: $8365.60
Wall-clock: 1837.30 seconds
Effective:  992.30 seconds (37 iterations)
[0m
================================================================================
[36;1mVALIDATING tADMM SOLUTION[0m
================================================================================

================================================================================
SOLUTION VALIDATION: tADMM SOCP
================================================================================
✓ All constraints satisfied!
================================================================================
[32;1m✓ Convergence CSV: C:\repos_addendum\MultiPeriodDistOPF\envs\tadmm\processedData\ieee2552C_1ph_T48\convergence_data.csv[0m
[32;1m✓ Subproblem timing CSV: C:\repos_addendum\MultiPeriodDistOPF\envs\tadmm\processedData\ieee2552C_1ph_T48\subproblem_timing_details.csv[0m
[36;1mLoaded BF results from C:\repos_addendum\MultiPeriodDistOPF\envs\tadmm\processedData\ieee2552C_1ph_T48\results_socp_bf.txt[0m
[32;1m✓ Near-optimal summary: C:\repos_addendum\MultiPeriodDistOPF\envs\tadmm\processedData\ieee2552C_1ph_T48\near_optimal_summary.csv[0m
[32;1m✓ Solution saved: C:\repos_addendum\MultiPeriodDistOPF\envs\tadmm\processedData\ieee2552C_1ph_T48\sol_socp_tadmm.jls[0m
[32;1m✓ tADMM results written to C:\repos_addendum\MultiPeriodDistOPF\envs\tadmm\processedData\ieee2552C_1ph_T48\results_socp_tadmm.txt[0m
[32;1m✓ Live log trimmed to last 100 lines: C:\repos_addendum\MultiPeriodDistOPF\envs\tadmm\processedData\ieee2552C_1ph_T48\tadmm_run.log[0m

================================================================================
[35;1mtADMM PIPELINE COMPLETE[0m
================================================================================
