
================================================================================
PARALLELIZATION STATUS
================================================================================
Julia threads:       16
Status:              Using 16 threads
================================================================================
RHO_OVERRIDE: using rho = 4000.0
EPS_PRI_OVERRIDE: using eps_pri = 0.001
EPS_DUAL_OVERRIDE: using eps_dual = 0.001
ADAPTIVE_RHO_OVERRIDE: adaptive_rho = true

================================================================================
PARSING SYSTEM DATA
================================================================================
Loaded system: ieee123C_1ph from C:\repos_addendum\MultiPeriodDistOPF\envs\tadmm\..\..\rawData\ieee123C_1ph\Master.dss

========================================
Initial Powerflow
========================================
Powerflow completed successfully!

[OpenDSS] Total system load: 872.27 kW
[OpenDSS] Substation power: 877.20 kW
[OpenDSS] Total PV dispatch: 0.00 kW
[OpenDSS] Total battery dispatch: 0.00 kW
[OpenDSS] Total system losses: 4.94 kW


================================================================================
[35;1mSOLVING MPOPF WITH SOCP (tADMM)[0m
================================================================================
[36;1mUsing fixed rho = 4000.0[0m
  [tADMM hyperparams] mu_balance=5.00 tau_incr=2.00 tau_decr=2.00 update_interval=5 eps_pri=1.0e-03 eps_dual=1.0e-03 rho_init=4000.0 adaptive=true

================================================================================
[36;1m🎯 tADMM[SOCP]: T=96, ρ_init=4000.0, adaptive=true, warm_start=true, |Bset|=51, |Nset|=128, |Lset|=127
[0m================================================================================

******************************************************************************
This program contains Ipopt, a library for large-scale nonlinear optimization.
 Ipopt is released as open source code under the Eclipse Public License (EPL).
         For more information visit https://github.com/coin-or/Ipopt
******************************************************************************


******************************************************************************
This program contains Ipopt, a library for large-scale nonlinear optimization.
 Ipopt is released as open source code under the Eclipse Public License (EPL).
         For more information visit https://github.com/coin-or/Ipopt
******************************************************************************

k=  1  obj=$1322.33  ‖r‖=1.28e-03  ‖s‖=3.69e-01  ρ=4000.0  sp_max=5.973s  sp_med=4.139s
k=  2  obj=$1322.33  ‖r‖=1.28e-03  ‖s‖=4.30e-01  ρ=4000.0  sp_max=2.741s  sp_med=1.743s
k=  3  obj=$1322.33  ‖r‖=1.27e-03  ‖s‖=4.97e-01  ρ=4000.0  sp_max=2.636s  sp_med=1.765s
k=  4  obj=$1322.33  ‖r‖=1.27e-03  ‖s‖=5.53e-01  ρ=4000.0  sp_max=2.760s  sp_med=1.811s
[33;1m  [PHASE1-UP] ρ: 4000.0 → 8000.0 (‖r‖=1.27e-03 > ε=1.0e-03)
[0mk=  5  obj=$1322.33  ‖r‖=1.27e-03  ‖s‖=6.04e-01  ρ=8000.0  sp_max=2.821s  sp_med=1.719s
k=  6  obj=$1322.33  ‖r‖=1.26e-03  ‖s‖=7.30e-01  ρ=8000.0  sp_max=5.554s  sp_med=1.599s
k=  7  obj=$1322.33  ‖r‖=1.26e-03  ‖s‖=8.67e-01  ρ=8000.0  sp_max=3.361s  sp_med=1.690s
k=  8  obj=$1322.33  ‖r‖=1.26e-03  ‖s‖=1.00e+00  ρ=8000.0  sp_max=3.712s  sp_med=1.627s
k=  9  obj=$1335.28  ‖r‖=1.24e-03  ‖s‖=1.13e+00  ρ=8000.0  sp_max=6.125s  sp_med=1.573s
[33;1m  [PHASE1-UP] ρ: 8000.0 → 16000.0 (‖r‖=1.18e-03 > ε=1.0e-03)
[0mk= 10  obj=$1395.25  ‖r‖=1.18e-03  ‖s‖=1.25e+00  ρ=16000.0  sp_max=5.914s  sp_med=1.794s
      [Progress] 150.1s elapsed, 4 iters/min
k= 11  obj=$1508.31  ‖r‖=1.10e-03  ‖s‖=1.51e+00  ρ=16000.0  sp_max=8.404s  sp_med=1.993s
k= 12  obj=$1671.34  ‖r‖=9.90e-04  ‖s‖=1.74e+00  ρ=16000.0  sp_max=7.369s  sp_med=1.925s
k= 13  obj=$1847.72  ‖r‖=8.83e-04  ‖s‖=1.92e+00  ρ=16000.0  sp_max=6.471s  sp_med=1.976s
k= 14  obj=$2098.04  ‖r‖=7.27e-04  ‖s‖=2.06e+00  ρ=16000.0  sp_max=6.521s  sp_med=2.477s
[32;1m  [k= 15] Phase 1→2: primal converged
[0m[36;1m  [k= 15] ρ 16000.0 → 8000.0 (s/r=3735.6, ‖r‖ converged)
[0mk= 15  obj=$2348.47  ‖r‖=5.79e-04  ‖s‖=2.16e+00  ρ=8000.0  sp_max=5.376s  sp_med=2.577s
k= 16  obj=$2486.94  ‖r‖=5.01e-04  ‖s‖=2.17e+00  ρ=8000.0  sp_max=4.513s  sp_med=2.474s
k= 17  obj=$2536.42  ‖r‖=4.62e-04  ‖s‖=2.04e+00  ρ=8000.0  sp_max=5.408s  sp_med=2.587s
k= 18  obj=$2619.90  ‖r‖=3.94e-04  ‖s‖=1.56e+00  ρ=8000.0  sp_max=4.916s  sp_med=2.551s
k= 19  obj=$2661.00  ‖r‖=3.71e-04  ‖s‖=1.38e+00  ρ=8000.0  sp_max=4.250s  sp_med=2.139s
[36;1m  [k= 20] ρ 8000.0 → 4000.0 (s/r=3616.8, ‖r‖ converged)
[0mk= 20  obj=$2685.12  ‖r‖=3.49e-04  ‖s‖=1.26e+00  ρ=4000.0  sp_max=3.334s  sp_med=2.263s
      [Progress] 325.4s elapsed, 4 iters/min
k= 21  obj=$2703.79  ‖r‖=3.34e-04  ‖s‖=1.14e+00  ρ=4000.0  sp_max=4.406s  sp_med=2.513s
k= 22  obj=$2718.58  ‖r‖=3.21e-04  ‖s‖=1.05e+00  ρ=4000.0  sp_max=7.599s  sp_med=3.439s
k= 23  obj=$2743.32  ‖r‖=2.97e-04  ‖s‖=1.00e+00  ρ=4000.0  sp_max=7.437s  sp_med=3.574s
k= 24  obj=$2772.78  ‖r‖=2.75e-04  ‖s‖=9.47e-01  ρ=4000.0  sp_max=6.443s  sp_med=3.504s
[36;1m  [k= 25] ρ 4000.0 → 2000.0 (s/r=3328.8, ‖r‖ converged)
[0mk= 25  obj=$2771.64  ‖r‖=2.73e-04  ‖s‖=9.08e-01  ρ=2000.0  sp_max=5.173s  sp_med=2.567s
k= 26  obj=$2765.26  ‖r‖=2.74e-04  ‖s‖=8.79e-01  ρ=2000.0  sp_max=3.781s  sp_med=2.444s
k= 27  obj=$2760.60  ‖r‖=2.74e-04  ‖s‖=8.52e-01  ρ=2000.0  sp_max=4.576s  sp_med=3.240s
k= 28  obj=$2759.07  ‖r‖=2.74e-04  ‖s‖=8.38e-01  ρ=2000.0  sp_max=7.149s  sp_med=3.467s
k= 29  obj=$2756.00  ‖r‖=2.74e-04  ‖s‖=8.26e-01  ρ=2000.0  sp_max=8.350s  sp_med=3.672s
[36;1m  [k= 30] ρ 2000.0 → 1000.0 (s/r=3003.3, ‖r‖ converged)
[0mk= 30  obj=$2753.07  ‖r‖=2.73e-04  ‖s‖=8.20e-01  ρ=1000.0  sp_max=7.261s  sp_med=4.423s
      [Progress] 542.3s elapsed, 3 iters/min
k= 31  obj=$2744.36  ‖r‖=2.73e-04  ‖s‖=8.10e-01  ρ=1000.0  sp_max=6.237s  sp_med=3.448s
k= 32  obj=$2733.51  ‖r‖=2.74e-04  ‖s‖=8.02e-01  ρ=1000.0  sp_max=6.249s  sp_med=3.095s
k= 33  obj=$2726.86  ‖r‖=2.73e-04  ‖s‖=7.81e-01  ρ=1000.0  sp_max=3.822s  sp_med=2.628s
k= 34  obj=$2721.70  ‖r‖=2.68e-04  ‖s‖=7.49e-01  ρ=1000.0  sp_max=3.705s  sp_med=2.761s
[36;1m  [k= 35] ρ 1000.0 → 500.0 (s/r=2677.2, ‖r‖ converged)
[0mk= 35  obj=$2716.65  ‖r‖=2.63e-04  ‖s‖=7.05e-01  ρ=500.0  sp_max=5.485s  sp_med=3.265s
k= 36  obj=$2708.12  ‖r‖=2.57e-04  ‖s‖=6.31e-01  ρ=500.0  sp_max=5.275s  sp_med=3.949s
k= 37  obj=$2703.68  ‖r‖=2.50e-04  ‖s‖=5.19e-01  ρ=500.0  sp_max=5.662s  sp_med=3.824s
k= 38  obj=$2704.58  ‖r‖=2.42e-04  ‖s‖=4.03e-01  ρ=500.0  sp_max=7.368s  sp_med=4.005s
k= 39  obj=$2704.80  ‖r‖=2.32e-04  ‖s‖=3.31e-01  ρ=500.0  sp_max=5.875s  sp_med=3.542s
[36;1m  [k= 40] ρ 500.0 → 250.0 (s/r=1277.1, ‖r‖ converged)
[0mk= 40  obj=$2704.64  ‖r‖=2.20e-04  ‖s‖=2.81e-01  ρ=250.0  sp_max=6.206s  sp_med=3.526s
      [Progress] 768.9s elapsed, 3 iters/min
k= 41  obj=$2710.44  ‖r‖=1.97e-04  ‖s‖=2.25e-01  ρ=250.0  sp_max=5.920s  sp_med=3.498s
k= 42  obj=$2716.16  ‖r‖=1.93e-04  ‖s‖=1.79e-01  ρ=250.0  sp_max=6.570s  sp_med=3.912s
k= 43  obj=$2726.20  ‖r‖=1.90e-04  ‖s‖=1.46e-01  ρ=250.0  sp_max=7.551s  sp_med=3.624s
k= 44  obj=$2739.18  ‖r‖=1.89e-04  ‖s‖=1.20e-01  ρ=250.0  sp_max=5.831s  sp_med=3.463s
[36;1m  [k= 45] ρ 250.0 → 125.0 (s/r=484.3, ‖r‖ converged)
[0mk= 45  obj=$2749.91  ‖r‖=1.95e-04  ‖s‖=9.42e-02  ρ=125.0  sp_max=6.510s  sp_med=3.365s
k= 46  obj=$2763.40  ‖r‖=2.21e-04  ‖s‖=7.01e-02  ρ=125.0  sp_max=6.710s  sp_med=3.496s
k= 47  obj=$2772.27  ‖r‖=2.34e-04  ‖s‖=4.68e-02  ρ=125.0  sp_max=6.540s  sp_med=3.349s
k= 48  obj=$2777.42  ‖r‖=2.46e-04  ‖s‖=2.89e-02  ρ=125.0  sp_max=5.964s  sp_med=3.364s
k= 49  obj=$2780.63  ‖r‖=2.37e-04  ‖s‖=1.90e-02  ρ=125.0  sp_max=4.967s  sp_med=3.639s
[36;1m  [k= 50] ρ 125.0 → 62.5 (s/r=97.6, ‖r‖ converged)
[0mk= 50  obj=$2782.69  ‖r‖=2.28e-04  ‖s‖=2.22e-02  ρ=62.5  sp_max=6.269s  sp_med=3.768s
      [Progress] 1012.5s elapsed, 3 iters/min
k= 51  obj=$2783.81  ‖r‖=2.24e-04  ‖s‖=2.24e-02  ρ=62.5  sp_max=6.810s  sp_med=4.212s
k= 52  obj=$2783.43  ‖r‖=2.09e-04  ‖s‖=2.16e-02  ρ=62.5  sp_max=7.654s  sp_med=3.951s
k= 53  obj=$2782.27  ‖r‖=1.89e-04  ‖s‖=2.09e-02  ρ=62.5  sp_max=7.288s  sp_med=3.839s
k= 54  obj=$2777.10  ‖r‖=1.75e-04  ‖s‖=1.94e-02  ρ=62.5  sp_max=5.609s  sp_med=3.791s
[36;1m  [k= 55] ρ 62.5 → 31.2 (s/r=96.6, ‖r‖ converged)
[0mk= 55  obj=$2770.28  ‖r‖=1.76e-04  ‖s‖=1.70e-02  ρ=31.2  sp_max=5.483s  sp_med=3.686s
k= 56  obj=$2764.33  ‖r‖=2.03e-04  ‖s‖=1.38e-02  ρ=31.2  sp_max=4.733s  sp_med=2.985s
k= 57  obj=$2760.47  ‖r‖=2.25e-04  ‖s‖=1.04e-02  ρ=31.2  sp_max=5.920s  sp_med=2.853s
k= 58  obj=$2760.08  ‖r‖=2.34e-04  ‖s‖=7.01e-03  ρ=31.2  sp_max=6.154s  sp_med=4.049s
k= 59  obj=$2761.45  ‖r‖=2.37e-04  ‖s‖=4.11e-03  ρ=31.2  sp_max=5.589s  sp_med=3.470s
[36;1m  [k= 60] ρ 31.2 → 15.6 (s/r=16.7, ‖r‖ converged)
[0mk= 60  obj=$2763.49  ‖r‖=2.28e-04  ‖s‖=3.81e-03  ρ=15.6  sp_max=7.228s  sp_med=3.627s
      [Progress] 1254.8s elapsed, 3 iters/min
k= 61  obj=$2766.34  ‖r‖=2.12e-04  ‖s‖=4.19e-03  ρ=15.6  sp_max=6.177s  sp_med=3.846s
k= 62  obj=$2768.14  ‖r‖=2.05e-04  ‖s‖=4.44e-03  ρ=15.6  sp_max=5.746s  sp_med=3.520s
k= 63  obj=$2768.99  ‖r‖=2.02e-04  ‖s‖=4.46e-03  ρ=15.6  sp_max=4.711s  sp_med=3.514s
k= 64  obj=$2769.59  ‖r‖=1.92e-04  ‖s‖=4.26e-03  ρ=15.6  sp_max=9.614s  sp_med=3.415s
[36;1m  [k= 65] ρ 15.6 → 7.8 (s/r=20.5, ‖r‖ converged)
[0mk= 65  obj=$2769.14  ‖r‖=1.90e-04  ‖s‖=3.89e-03  ρ=7.8  sp_max=5.776s  sp_med=2.610s
k= 66  obj=$2769.38  ‖r‖=1.98e-04  ‖s‖=3.44e-03  ρ=7.8  sp_max=6.235s  sp_med=2.952s
k= 67  obj=$2768.38  ‖r‖=2.10e-04  ‖s‖=2.77e-03  ρ=7.8  sp_max=5.395s  sp_med=2.513s
k= 68  obj=$2767.42  ‖r‖=2.18e-04  ‖s‖=2.00e-03  ρ=7.8  sp_max=5.282s  sp_med=2.510s
k= 69  obj=$2765.41  ‖r‖=2.21e-04  ‖s‖=1.32e-03  ρ=7.8  sp_max=4.660s  sp_med=2.579s
[36;1m  [k= 70] ρ 7.8 → 3.9 (s/r=5.0, ‖r‖ converged)
[0mk= 70  obj=$2763.28  ‖r‖=2.19e-04  ‖s‖=1.11e-03  ρ=3.9  sp_max=4.538s  sp_med=2.527s
      [Progress] 1457.7s elapsed, 3 iters/min
k= 71  obj=$2760.09  ‖r‖=2.15e-04  ‖s‖=1.12e-03  ρ=3.9  sp_max=8.003s  sp_med=3.107s
k= 72  obj=$2758.03  ‖r‖=2.10e-04  ‖s‖=1.15e-03  ρ=3.9  sp_max=6.185s  sp_med=3.025s
k= 73  obj=$2756.75  ‖r‖=2.07e-04  ‖s‖=1.15e-03  ρ=3.9  sp_max=6.056s  sp_med=3.320s
k= 74  obj=$2756.09  ‖r‖=2.13e-04  ‖s‖=1.10e-03  ρ=3.9  sp_max=6.124s  sp_med=3.348s
k= 75  obj=$2755.98  ‖r‖=2.15e-04  ‖s‖=1.01e-03  ρ=3.9  sp_max=6.148s  sp_med=3.234s
k= 76  obj=$2755.09  ‖r‖=2.00e-04  ‖s‖=9.43e-04  ρ=3.9  sp_max=4.933s  sp_med=2.621s
[32;1m🎉 tADMM converged at iteration 76 (‖r‖=2.00e-04 ≤ 1.00e-03, ‖s‖=9.43e-04 ≤ 1.00e-03)
  Final objective: $2755.09
[0m
================================================================================
[36;1m📊 SOLVER PERFORMANCE ANALYSIS (optimize!() times only)[0m
================================================================================
Iterations:       75
Effective time:   437.10 seconds
Wall-clock time:  1585.23 seconds
Overhead:         72.4%
================================================================================

--- tADMM RESULT ---
[32;1mObjective: $2755.09
Wall-clock: 1585.23 seconds
Effective:  437.10 seconds (76 iterations)
[0m
================================================================================
[36;1mVALIDATING tADMM SOLUTION[0m
================================================================================

================================================================================
SOLUTION VALIDATION: tADMM SOCP
================================================================================
✓ All constraints satisfied!
================================================================================
[32;1m✓ Convergence CSV: C:\repos_addendum\MultiPeriodDistOPF\envs\tadmm\processedData\ieee123C_1ph_T96\convergence_data.csv[0m
[32;1m✓ Subproblem timing CSV: C:\repos_addendum\MultiPeriodDistOPF\envs\tadmm\processedData\ieee123C_1ph_T96\subproblem_timing_details.csv[0m
[36;1mLoaded BF results from C:\repos_addendum\MultiPeriodDistOPF\envs\tadmm\processedData\ieee123C_1ph_T96\results_socp_bf.txt[0m
[32;1m✓ Near-optimal summary: C:\repos_addendum\MultiPeriodDistOPF\envs\tadmm\processedData\ieee123C_1ph_T96\near_optimal_summary.csv[0m
[32;1m✓ Solution saved: C:\repos_addendum\MultiPeriodDistOPF\envs\tadmm\processedData\ieee123C_1ph_T96\sol_socp_tadmm.jls[0m
[32;1m✓ tADMM results written to C:\repos_addendum\MultiPeriodDistOPF\envs\tadmm\processedData\ieee123C_1ph_T96\results_socp_tadmm.txt[0m
[32;1m✓ Live log trimmed to last 100 lines: C:\repos_addendum\MultiPeriodDistOPF\envs\tadmm\processedData\ieee123C_1ph_T96\tadmm_run.log[0m

================================================================================
[35;1mtADMM PIPELINE COMPLETE[0m
================================================================================
