QUIET_WAIT waited_s=18 other_cores=1.19 timed_out=0

******************************************************************************
This program contains Ipopt, a library for large-scale nonlinear optimization.
 Ipopt is released as open source code under the Eclipse Public License (EPL).
         For more information visit https://github.com/coin-or/Ipopt
******************************************************************************

This is Ipopt version 3.14.19, running with linear solver ma57.

Number of nonzeros in equality constraint Jacobian...:   710730
Number of nonzeros in inequality constraint Jacobian.:   247680
Number of nonzeros in Lagrangian Hessian.............:   192900

Reallocating memory for MA57: lfact (8312407)
Total number of variables............................:   266070
                     variables with only lower bounds:    61740
                variables with lower and upper bounds:    18552
                     variables with only upper bounds:        0
Total number of equality constraints.................:   191898
Total number of inequality constraints...............:    61920
        inequality constraints with only lower bounds:        0
   inequality constraints with lower and upper bounds:        0
        inequality constraints with only upper bounds:    61920

iter    objective    inf_pr   inf_du lg(mu)  ||d||  lg(rg) alpha_du alpha_pr  ls
   0  2.9226242e+06 1.31e-13 1.00e+02  -1.0 0.00e+00    -  0.00e+00 0.00e+00   0
   1  2.8565130e+06 1.78e+00 6.48e+01  -1.0 3.00e+02    -  2.76e-01 3.52e-01f  1
   2  2.8423793e+06 1.40e+00 4.73e+01  -1.0 1.47e+02    -  6.99e-01 2.70e-01f  1
   3  2.8402232e+06 1.77e-01 1.58e+01  -1.0 3.82e+01    -  9.90e-01 6.66e-01f  1
   4  2.8754428e+06 5.24e-13 2.69e-02  -1.0 5.94e+01    -  9.94e-01 1.00e+00f  1
   5  2.8381796e+06 6.02e-13 9.46e-01  -2.5 1.16e+02    -  9.30e-01 1.00e+00f  1
   6  2.8379892e+06 6.64e-13 5.40e-06  -2.5 2.24e+02    -  1.00e+00 1.00e+00h  1
   7  2.8379993e+06 7.30e-13 6.41e-08  -2.5 3.52e+01    -  1.00e+00 1.00e+00h  1
   8  2.8366627e+06 1.24e-12 1.69e-02  -3.8 3.97e+02    -  9.58e-01 1.00e+00f  1
   9  2.8366629e+06 6.22e-13 2.07e-09  -3.8 1.91e+00    -  1.00e+00 1.00e+00h  1
iter    objective    inf_pr   inf_du lg(mu)  ||d||  lg(rg) alpha_du alpha_pr  ls
  10  2.8365888e+06 7.51e-13 7.40e-04  -5.7 2.22e+01    -  9.67e-01 1.00e+00f  1
  11  2.8365888e+06 6.93e-13 1.85e-11  -5.7 1.63e-01    -  1.00e+00 1.00e+00h  1
  12  2.8365879e+06 4.39e-13 3.16e-12  -8.6 2.75e-01    -  1.00e+00 1.00e+00f  1

Number of Iterations....: 12

                                   (scaled)                 (unscaled)
Objective...............:   3.6942141077051556e+05    2.8365878837448540e+06
Dual infeasibility......:   3.1567551849430442e-12    2.4239021476534459e-11
Constraint violation....:   4.3876013933186186e-13    4.3876013933186186e-13
Variable bound violation:   1.8473008678299152e-08    1.8473008678299152e-08
Complementarity.........:   6.9094256098827437e-09    5.3053754864264755e-08
Overall NLP error.......:   6.9094256098827437e-09    5.3053754864264755e-08


Number of objective function evaluations             = 13
Number of objective gradient evaluations             = 13
Number of equality constraint evaluations            = 13
Number of inequality constraint evaluations          = 13
Number of equality constraint Jacobian evaluations   = 13
Number of inequality constraint Jacobian evaluations = 13
Number of Lagrangian Hessian evaluations             = 12
Total seconds in IPOPT (w/o function evaluations)    =      4.501
Total seconds in NLP function evaluations            =      0.367


Timing Statistics:

OverallAlgorithm....................:      4.866 (sys:      0.000 wall:      4.868)
 PrintProblemStatistics.............:      0.014 (sys:      0.000 wall:      0.003)
 InitializeIterates.................:      0.668 (sys:      0.000 wall:      0.672)
 UpdateHessian......................:      0.080 (sys:      0.000 wall:      0.069)
 OutputIteration....................:      0.000 (sys:      0.000 wall:      0.001)
 UpdateBarrierParameter.............:      0.019 (sys:      0.000 wall:      0.008)
 ComputeSearchDirection.............:      3.573 (sys:      0.000 wall:      3.552)
 ComputeAcceptableTrialPoint........:      0.253 (sys:      0.000 wall:      0.280)
 AcceptTrialPoint...................:      0.014 (sys:      0.000 wall:      0.013)
 CheckConvergence...................:      0.245 (sys:      0.000 wall:      0.269)
PDSystemSolverTotal.................:      3.543 (sys:      0.000 wall:      3.528)
 PDSystemSolverSolveOnce............:      3.289 (sys:      0.000 wall:      3.289)
 ComputeResiduals...................:      0.197 (sys:      0.000 wall:      0.186)
 StdAugSystemSolverMultiSolve.......:      3.841 (sys:      0.000 wall:      3.827)
 LinearSystemScaling................:      0.000 (sys:      0.000 wall:      0.000)
 LinearSystemSymbolicFactorization..:      0.171 (sys:      0.000 wall:      0.176)
 LinearSystemFactorization..........:      2.617 (sys:      0.000 wall:      2.640)
 LinearSystemBackSolve..............:      0.906 (sys:      0.000 wall:      0.899)
 LinearSystemStructureConverter.....:      0.000 (sys:      0.000 wall:      0.000)
  LinearSystemStructureConverterInit:      0.000 (sys:      0.000 wall:      0.000)
QualityFunctionSearch...............:      0.000 (sys:      0.000 wall:      0.000)
TryCorrector........................:      0.000 (sys:      0.000 wall:      0.000)
Task1...............................:      0.000 (sys:      0.000 wall:      0.000)
Task2...............................:      0.000 (sys:      0.000 wall:      0.000)
Task3...............................:      0.000 (sys:      0.000 wall:      0.000)
Task4...............................:      0.000 (sys:      0.000 wall:      0.000)
Task5...............................:      0.000 (sys:      0.000 wall:      0.000)
Task6...............................:      0.000 (sys:      0.000 wall:      0.000)
Function Evaluations................:      0.418 (sys:      0.000 wall:      0.367)
 Objective function.................:      0.002 (sys:      0.000 wall:      0.001)
 Objective function gradient........:      0.019 (sys:      0.000 wall:      0.007)
 Equality constraints...............:      0.116 (sys:      0.000 wall:      0.132)
 Inequality constraints.............:      0.018 (sys:      0.000 wall:      0.012)
 Equality constraint Jacobian.......:      0.043 (sys:      0.000 wall:      0.031)
 Inequality constraint Jacobian.....:      0.140 (sys:      0.000 wall:      0.118)
 Lagrangian Hessian.................:      0.080 (sys:      0.000 wall:      0.066)

EXIT: Optimal Solution Found.
IPOPT_OPTION linear_solver=ma57
IPOPT_OPTION hsllib=C:/Users/Aryan Ritwajeet Jha/Documents/hsl/build/libma57.dll
IPOPT_OPTION linear_system_scaling=none
BOUND_SCREEN ell,psubs,substation,vupper: voltage limits dropped 1 lower, 10291 upper of 10321 buses; ell >= 0 dropped on 10320 lines; P_Subs >= 0 dropped: true
IPOPT_LOADFLOW_START applied
CENTRAL_IPOPT system=large10kC_1ph T=6 profile=periodic C_B=2.400000e-05 gamma=4.200000e+02 status=LOCALLY_SOLVED iterations=12 objective=2836587.883744854014 solve_time_s=4.982 build_s=11.895 wall_s=18.867 variables=266070 solver=3.14.19
CENTRAL_IPOPT_MEMORY maxrss_mib=1132.1
CENTRAL_IPOPT_BATTERY at_power_limit=0.000 mean_utilization=0.205 energy_window_used=1.000 throughput_pu_h=2.098029e+03 energy_term=2.825326e+06 cb_term=6.102472e+03 terminal_term=5.159878e+03
