QUIET_WAIT waited_s=18 other_cores=0.64 timed_out=0

******************************************************************************
This program contains Ipopt, a library for large-scale nonlinear optimization.
 Ipopt is released as open source code under the Eclipse Public License (EPL).
         For more information visit https://github.com/coin-or/Ipopt
******************************************************************************

This is Ipopt version 3.14.19, running with linear solver ma57.

Number of nonzeros in equality constraint Jacobian...:  8345703
Number of nonzeros in inequality constraint Jacobian.:  2904192
Number of nonzeros in Lagrangian Hessian.............:  2250105

Total number of variables............................:  3120192
                     variables with only lower bounds:   726336
                variables with lower and upper bounds:   941472
                     variables with only upper bounds:        0
Total number of equality constraints.................:  2250720
Total number of inequality constraints...............:   726048
        inequality constraints with only lower bounds:        0
   inequality constraints with lower and upper bounds:        0
        inequality constraints with only upper bounds:   726048

iter    objective    inf_pr   inf_du lg(mu)  ||d||  lg(rg) alpha_du alpha_pr  ls
   0  4.1810895e+02 1.98e-01 1.66e+00  -1.0 0.00e+00    -  0.00e+00 0.00e+00   0
   1  6.5171051e+02 2.41e-01 4.79e+01  -1.0 1.44e+01    -  6.94e-04 3.41e-02f  1
   2  1.0725290e+03 2.40e-01 4.62e+01  -1.0 3.77e+00    -  1.37e-02 3.49e-02f  1
   3  1.1789647e+03 2.39e-01 4.58e+01  -1.0 3.20e+00    -  1.21e-02 8.47e-03f  1
   4  1.2876792e+03 2.37e-01 4.54e+01  -1.0 3.27e+00    -  2.16e-02 1.03e-02f  1
   5  1.5320927e+03 2.31e-01 4.42e+01  -1.0 3.72e+00    -  2.24e-02 2.51e-02f  1
   6  1.8240829e+03 2.30e-01 4.28e+01  -1.0 4.06e+00    -  3.83e-02 3.16e-02f  1
   7  2.4328682e+03 2.64e-01 4.72e+01  -1.0 5.22e+00    -  7.26e-02 6.86e-02f  1
   8  4.0128186e+03 5.26e-01 2.07e+02  -1.0 6.31e+00    -  1.27e-01 1.89e-01f  1
   9  5.6572548e+03 6.72e-01 1.25e+02  -1.0 8.26e+00    -  2.44e-01 2.31e-01f  1
iter    objective    inf_pr   inf_du lg(mu)  ||d||  lg(rg) alpha_du alpha_pr  ls
  10  6.9287500e+03 6.40e-01 2.48e+02  -1.0 8.70e+00    -  4.78e-01 2.12e-01f  1
  11  8.4185713e+03 5.36e-01 3.05e+02  -1.0 8.40e+00    -  4.04e-01 2.78e-01f  1
  12  9.4674954e+03 3.71e-01 5.60e+02  -1.0 7.81e+00    -  5.53e-01 2.68e-01f  1
  13  1.0528419e+04 2.15e-01 6.13e+02  -1.0 6.72e+00    -  5.60e-01 3.98e-01f  1
  14  1.1690326e+04 6.17e-03 6.44e+02  -1.0 5.98e+00    -  3.22e-01 7.52e-01f  1
  15  1.2043974e+04 6.17e-05 5.33e+02  -1.0 5.49e+00    -  7.15e-01 9.90e-01h  1
  16  1.2090880e+04 6.06e-07 5.31e+02  -1.0 2.59e+01    -  6.63e-01 9.90e-01f  1
  17  1.2126829e+04 9.96e-16 7.26e+04  -1.0 6.53e+01    -  5.52e-01 1.00e+00f  1
  18  1.2147396e+04 8.70e-16 3.86e+06  -1.0 1.51e+02    -  5.70e-01 1.00e+00f  1
  19  1.2169208e+04 9.46e-16 1.43e+06  -1.0 3.08e+02    -  6.29e-01 1.00e+00f  1
iter    objective    inf_pr   inf_du lg(mu)  ||d||  lg(rg) alpha_du alpha_pr  ls
  20  1.2210091e+04 8.65e-16 5.20e+05  -1.0 7.50e+02    -  6.37e-01 1.00e+00f  1
  21  1.2279137e+04 9.80e-16 1.40e+05  -1.0 1.55e+03    -  7.31e-01 1.00e+00f  1
  22  1.2364485e+04 8.23e-16 9.02e+03  -1.0 2.63e+03    -  9.35e-01 1.00e+00f  1
  23  1.2409628e+04 9.79e-16 2.98e-02  -1.0 2.07e+03    -  1.00e+00 1.00e+00f  1
  24  1.2154384e+04 8.44e-16 1.64e+06  -3.8 6.15e+03    -  8.19e-01 1.00e+00f  1
  25  1.2039532e+04 5.25e-14 1.08e+06  -3.8 1.33e+03    -  3.42e-01 1.00e+00f  1
  26  1.1947849e+04 5.67e-14 7.41e+05  -3.8 6.45e+01    -  3.14e-01 1.00e+00f  1
  27  1.1838723e+04 1.58e-13 5.17e+05  -3.8 5.71e+01    -  3.02e-01 1.00e+00f  1
  28  1.1709584e+04 8.08e-14 3.78e+05  -3.8 4.18e+01    -  2.70e-01 1.00e+00f  1
  29  1.1569321e+04 1.02e-15 2.73e+05  -3.8 2.88e+01    -  2.77e-01 1.00e+00f  1
iter    objective    inf_pr   inf_du lg(mu)  ||d||  lg(rg) alpha_du alpha_pr  ls
  30  1.1411816e+04 6.29e-15 2.11e+05  -3.8 2.20e+01    -  2.26e-01 1.00e+00f  1
  31  1.1243817e+04 2.08e-14 1.58e+05  -3.8 1.40e+01    -  2.53e-01 1.00e+00f  1
  32  1.1048520e+04 8.09e-16 1.21e+05  -3.8 1.23e+01    -  2.31e-01 1.00e+00f  1
  33  1.0856848e+04 7.80e-16 9.36e+04  -3.8 8.67e+00    -  2.30e-01 1.00e+00f  1
  34  1.0691477e+04 8.60e-16 6.40e+04  -3.8 6.00e+00    -  3.16e-01 1.00e+00f  1
  35  1.0529304e+04 9.64e-16 4.31e+04  -3.8 5.04e+00    -  3.26e-01 1.00e+00f  1
  36  1.0367294e+04 7.39e-16 9.31e+03  -3.8 4.36e+00    -  7.84e-01 1.00e+00f  1
  37  1.0099427e+04 2.16e-01 6.74e+03  -3.8 1.03e+01    -  2.76e-01 1.00e+00f  1
  38  1.0035315e+04 1.10e-15 2.51e-05  -3.8 3.56e+00    -  1.00e+00 1.00e+00h  1
  39  1.0020321e+04 9.83e-16 3.05e-06  -3.8 1.11e+00    -  1.00e+00 1.00e+00h  1
iter    objective    inf_pr   inf_du lg(mu)  ||d||  lg(rg) alpha_du alpha_pr  ls
  40  1.0020580e+04 8.24e-16 1.49e-08  -3.8 5.91e-02    -  1.00e+00 1.00e+00h  1
  41  9.7462247e+03 4.07e-02 4.78e+02  -5.7 2.28e+01    -  3.88e-01 3.53e-01f  1
  42  9.6540276e+03 4.23e-02 1.84e+03  -5.7 2.02e+01    -  3.14e-01 1.41e-01f  1
  43  9.5156186e+03 4.67e-02 1.30e+03  -5.7 1.85e+01    -  2.12e-01 2.31e-01f  1
  44  9.4368603e+03 4.32e-02 1.65e+03  -5.7 1.47e+01    -  2.93e-01 1.66e-01f  1
  45  9.3414706e+03 3.93e-02 1.33e+03  -5.7 1.26e+01    -  2.58e-01 2.36e-01f  1
  46  9.2004066e+03 3.68e-02 3.31e+02  -5.7 9.92e+00    -  2.85e-01 4.54e-01f  1
  47  9.1083940e+03 2.57e-02 1.02e+02  -5.7 5.65e+00    -  3.92e-01 5.43e-01f  1
  48  9.0855166e+03 1.91e-02 1.11e+01  -5.7 2.69e+00    -  3.80e-01 2.99e-01h  1
  49  9.0744020e+03 1.55e-02 3.74e+01  -5.7 1.91e+00    -  2.54e-01 2.09e-01h  1
iter    objective    inf_pr   inf_du lg(mu)  ||d||  lg(rg) alpha_du alpha_pr  ls
  50  9.0681963e+03 1.33e-02 6.60e+01  -5.7 1.52e+00    -  2.21e-01 1.48e-01h  1
  51  9.0630136e+03 1.14e-02 8.94e+01  -5.7 1.29e+00    -  2.36e-01 1.46e-01h  1
  52  9.0580575e+03 9.58e-03 8.56e+01  -5.7 1.11e+00    -  2.03e-01 1.64e-01h  1
  53  9.0534160e+03 7.85e-03 6.29e+01  -5.7 9.27e-01    -  1.54e-01 1.85e-01h  1
  54  9.0487004e+03 6.07e-03 3.35e+01  -5.7 7.56e-01    -  1.52e-01 2.31e-01h  1
  55  9.0443163e+03 4.34e-03 8.33e+00  -5.7 5.82e-01    -  1.82e-01 2.81e-01h  1
  56  9.0412378e+03 3.01e-03 1.42e+00  -5.7 4.18e-01    -  2.41e-01 2.76e-01h  1
  57  9.0385049e+03 1.76e-03 3.36e+00  -5.7 3.03e-01    -  3.66e-01 3.41e-01h  1
  58  9.0359813e+03 5.38e-04 1.89e+00  -5.7 1.99e-01    -  4.84e-01 4.82e-01h  1
  59  9.0333090e+03 8.33e-16 3.72e+00  -5.7 1.03e-01    -  8.80e-01 9.95e-01h  1
iter    objective    inf_pr   inf_du lg(mu)  ||d||  lg(rg) alpha_du alpha_pr  ls
  60  9.0333060e+03 9.51e-16 4.30e-08  -5.7 3.75e-03    -  1.00e+00 1.00e+00h  1
  61  9.0295511e+03 1.06e-15 1.61e+01  -8.6 4.80e-01    -  1.84e-01 2.80e-01f  1
  62  9.0276732e+03 1.54e-15 2.10e+01  -8.6 3.45e-01    -  1.38e-01 1.97e-01h  1
  63  9.0259975e+03 1.58e-15 2.44e+01  -8.6 2.77e-01    -  1.52e-01 2.20e-01h  1
  64  9.0252193e+03 1.54e-15 1.88e+01  -8.6 2.16e-01    -  1.56e-01 1.33e-01h  1
  65  9.0246219e+03 1.93e-15 1.53e+01  -8.6 1.87e-01    -  1.33e-01 1.18e-01h  1
  66  9.0238324e+03 2.01e-15 1.60e+01  -8.6 1.65e-01    -  1.32e-01 1.78e-01h  1
  67  9.0234645e+03 3.91e-08 9.82e+00  -8.6 1.36e-01    -  1.73e-01 1.02e-01h  1
  68  9.0227036e+03 3.41e-05 3.41e+00  -8.6 1.22e-01    -  3.14e-01 2.35e-01h  1
  69  9.0221915e+03 4.53e-05 4.73e+00  -8.6 9.34e-02    -  1.53e-01 2.10e-01h  1
iter    objective    inf_pr   inf_du lg(mu)  ||d||  lg(rg) alpha_du alpha_pr  ls
  70  9.0217687e+03 4.89e-05 3.74e+00  -8.6 7.38e-02    -  2.19e-01 2.21e-01h  1
  71  9.0214312e+03 4.71e-05 9.51e-01  -8.6 5.75e-02    -  3.11e-01 2.30e-01h  1
  72  9.0211197e+03 4.22e-05 6.13e-01  -8.6 4.43e-02    -  2.84e-01 2.79e-01h  1
  73  9.0209066e+03 3.33e-05 1.28e-01  -8.6 3.19e-02    -  3.19e-01 2.70e-01h  1
  74  9.0207313e+03 2.29e-05 2.92e-01  -8.6 2.33e-02    -  3.35e-01 3.10e-01h  1
  75  9.0206151e+03 1.56e-05 6.18e-01  -8.6 1.61e-02    -  3.82e-01 3.04e-01h  1
  76  9.0204981e+03 8.01e-06 3.29e-01  -8.6 1.12e-02    -  4.49e-01 4.52e-01h  1
  77  9.0204425e+03 4.16e-06 3.36e-01  -8.6 6.14e-03    -  4.89e-01 4.11e-01h  1
  78  9.0203988e+03 9.49e-07 1.16e-01  -8.6 3.62e-03    -  5.50e-01 5.78e-01h  1
  79  9.0203706e+03 9.80e-16 1.09e-01  -8.6 1.53e-03    -  6.98e-01 9.68e-01h  1
iter    objective    inf_pr   inf_du lg(mu)  ||d||  lg(rg) alpha_du alpha_pr  ls
  80  9.0203712e+03 1.37e-15 2.33e-02  -8.6 4.43e-04    -  8.15e-01 1.00e+00f  1
  81  9.0203711e+03 8.45e-16 3.41e-09  -8.6 1.01e-04    -  1.00e+00 1.00e+00h  1

Number of Iterations....: 81

                                   (scaled)                 (unscaled)
Objective...............:   1.6516242879860097e+03    9.0203710709435563e+03
Dual infeasibility......:   3.4141735864656004e-09    1.8646560767211712e-08
Constraint violation....:   8.4497296312657788e-16    8.4497296312657788e-16
Variable bound violation:   1.0498151903348685e-08    1.0498151903348685e-08
Complementarity.........:   3.1668330688300719e-09    1.7295706782936433e-08
Overall NLP error.......:   3.4141735864656004e-09    1.8646560767211712e-08


Number of objective function evaluations             = 82
Number of objective gradient evaluations             = 82
Number of equality constraint evaluations            = 82
Number of inequality constraint evaluations          = 82
Number of equality constraint Jacobian evaluations   = 82
Number of inequality constraint Jacobian evaluations = 82
Number of Lagrangian Hessian evaluations             = 81
Total seconds in IPOPT (w/o function evaluations)    =    402.082
Total seconds in NLP function evaluations            =     42.511


Timing Statistics:

OverallAlgorithm....................:    444.593 (sys:      0.000 wall:    444.593)
 PrintProblemStatistics.............:      0.063 (sys:      0.000 wall:      0.063)
 InitializeIterates.................:      8.975 (sys:      0.000 wall:      8.976)
 UpdateHessian......................:      7.734 (sys:      0.000 wall:      7.683)
 OutputIteration....................:      0.009 (sys:      0.000 wall:      0.007)
 UpdateBarrierParameter.............:      1.606 (sys:      0.000 wall:      1.621)
 ComputeSearchDirection.............:    359.883 (sys:      0.000 wall:    359.862)
 ComputeAcceptableTrialPoint........:     37.084 (sys:      0.000 wall:     37.104)
 AcceptTrialPoint...................:      1.990 (sys:      0.000 wall:      1.980)
 CheckConvergence...................:     27.248 (sys:      0.000 wall:     27.296)
PDSystemSolverTotal.................:    356.795 (sys:      0.000 wall:    356.819)
 PDSystemSolverSolveOnce............:    330.277 (sys:      0.000 wall:    330.294)
 ComputeResiduals...................:     19.184 (sys:      0.000 wall:     19.161)
 StdAugSystemSolverMultiSolve.......:    329.667 (sys:      0.000 wall:    329.634)
 LinearSystemScaling................:      0.000 (sys:      0.000 wall:      0.000)
 LinearSystemSymbolicFactorization..:      3.826 (sys:      0.000 wall:      3.826)
 LinearSystemFactorization..........:    236.369 (sys:      0.000 wall:    236.363)
 LinearSystemBackSolve..............:     80.351 (sys:      0.000 wall:     80.395)
 LinearSystemStructureConverter.....:      0.000 (sys:      0.000 wall:      0.000)
  LinearSystemStructureConverterInit:      0.000 (sys:      0.000 wall:      0.000)
QualityFunctionSearch...............:      0.000 (sys:      0.000 wall:      0.000)
TryCorrector........................:      0.000 (sys:      0.000 wall:      0.000)
Task1...............................:      0.000 (sys:      0.000 wall:      0.000)
Task2...............................:      0.000 (sys:      0.000 wall:      0.000)
Task3...............................:      0.000 (sys:      0.000 wall:      0.000)
Task4...............................:      0.000 (sys:      0.000 wall:      0.000)
Task5...............................:      0.000 (sys:      0.000 wall:      0.000)
Task6...............................:      0.000 (sys:      0.000 wall:      0.000)
Function Evaluations................:     42.510 (sys:      0.000 wall:     42.511)
 Objective function.................:      0.087 (sys:      0.000 wall:      0.089)
 Objective function gradient........:      0.558 (sys:      0.000 wall:      0.569)
 Equality constraints...............:     17.474 (sys:      0.000 wall:     17.505)
 Inequality constraints.............:      0.378 (sys:      0.000 wall:      0.375)
 Equality constraint Jacobian.......:      2.081 (sys:      0.000 wall:      2.066)
 Inequality constraint Jacobian.....:     14.332 (sys:      0.000 wall:     14.343)
 Lagrangian Hessian.................:      7.600 (sys:      0.000 wall:      7.563)

EXIT: Optimal Solution Found.
IPOPT_OPTION linear_solver=ma57
IPOPT_OPTION hsllib=C:/Users/Aryan Ritwajeet Jha/Documents/hsl/build/libma57.dll
IPOPT_OPTION linear_system_scaling=none
CENTRAL_IPOPT system=ieee2522C_1ph T=288 profile=periodic C_B=1.900000e-03 gamma=3.290000e+04 status=LOCALLY_SOLVED iterations=81 objective=9020.371070943556 solve_time_s=446.080 build_s=63.089 wall_s=522.820 variables=3120192 solver=3.14.19
CENTRAL_IPOPT_MEMORY maxrss_mib=6938.8
CENTRAL_IPOPT_BATTERY at_power_limit=0.041 mean_utilization=0.338 energy_window_used=1.000 throughput_pu_h=1.072971e+01 energy_term=8.927742e+03 cb_term=6.727004e+01 terminal_term=2.535906e+01
