QUIET_WAIT waited_s=18 other_cores=0.79 timed_out=0

******************************************************************************
This program contains Ipopt, a library for large-scale nonlinear optimization.
 Ipopt is released as open source code under the Eclipse Public License (EPL).
         For more information visit https://github.com/coin-or/Ipopt
******************************************************************************

This is Ipopt version 3.14.19, running with linear solver ma97.

Number of nonzeros in equality constraint Jacobian...:  4172727
Number of nonzeros in inequality constraint Jacobian.:  1452096
Number of nonzeros in Lagrangian Hessian.............:  1125177

Total number of variables............................:  1560096
                     variables with only lower bounds:   363168
                variables with lower and upper bounds:   470736
                     variables with only upper bounds:        0
Total number of equality constraints.................:  1125360
Total number of inequality constraints...............:   363024
        inequality constraints with only lower bounds:        0
   inequality constraints with lower and upper bounds:        0
        inequality constraints with only upper bounds:   363024

iter    objective    inf_pr   inf_du lg(mu)  ||d||  lg(rg) alpha_du alpha_pr  ls
   0  4.1810895e+02 1.98e-01 2.64e+00  -1.0 0.00e+00    -  0.00e+00 0.00e+00   0
   1  5.2751270e+02 1.95e-01 2.36e+01  -1.0 1.41e+01    -  7.07e-04 1.72e-02f  1
   2  8.9962916e+02 1.87e-01 2.27e+01  -1.0 4.71e+00    -  1.42e-02 3.71e-02f  1
   3  1.1789908e+03 1.83e-01 2.22e+01  -1.0 3.72e+00    -  6.87e-03 2.26e-02f  1
   4  1.2701350e+03 1.82e-01 2.20e+01  -1.0 3.60e+00    -  1.56e-02 8.29e-03f  1
   5  1.4203834e+03 1.79e-01 2.90e+01  -1.0 3.24e+00    -  2.94e-02 1.55e-02f  1
   6  1.8331421e+03 1.71e-01 5.71e+01  -1.0 3.49e+00    -  6.20e-02 4.48e-02f  1
   7  3.0852100e+03 2.52e-01 3.36e+01  -1.0 3.99e+00    -  1.02e-01 1.43e-01f  1
   8  5.0089971e+03 5.62e-01 2.67e+02  -1.0 5.99e+00    -  1.16e-01 2.48e-01f  1
   9  6.0617195e+03 5.56e-01 1.51e+02  -1.0 7.74e+00    -  2.43e-01 1.68e-01f  1
iter    objective    inf_pr   inf_du lg(mu)  ||d||  lg(rg) alpha_du alpha_pr  ls
  10  7.0282638e+03 5.19e-01 2.04e+02  -1.0 7.99e+00    -  6.35e-01 1.73e-01f  1
  11  8.5420198e+03 4.53e-01 1.72e+02  -1.0 8.47e+00    -  3.27e-01 2.82e-01f  1
  12  9.7151826e+03 3.11e-01 3.21e+02  -1.0 7.75e+00    -  6.01e-01 3.07e-01f  1
  13  1.0880941e+04 1.60e-01 1.10e+02  -1.0 6.76e+00    -  4.32e-01 4.89e-01f  1
  14  1.2040351e+04 1.93e-04 5.55e+02  -1.0 6.86e+00    -  4.23e-01 9.90e-01h  1
  15  1.2027747e+04 1.91e-06 2.21e+02  -1.0 1.11e+01    -  7.50e-01 9.90e-01f  1
  16  1.2084762e+04 8.23e-09 2.24e+04  -1.0 5.84e+01    -  5.65e-01 9.96e-01f  1
  17  1.2107729e+04 8.21e-16 1.97e+06  -1.0 1.01e+02    -  6.20e-01 1.00e+00f  1
  18  1.2128237e+04 1.07e-15 2.49e+06  -1.0 2.64e+02    -  5.72e-01 1.00e+00f  1
  19  1.2153563e+04 7.49e-16 8.59e+05  -1.0 4.52e+02    -  6.56e-01 1.00e+00f  1
iter    objective    inf_pr   inf_du lg(mu)  ||d||  lg(rg) alpha_du alpha_pr  ls
  20  1.2193197e+04 1.12e-15 2.63e+05  -1.0 9.27e+02    -  6.94e-01 1.00e+00f  1
  21  1.2233151e+04 9.78e-16 2.82e+04  -1.0 1.36e+03    -  8.93e-01 1.00e+00f  1
  22  1.2253580e+04 1.03e-15 4.00e-02  -1.0 1.06e+03    -  1.00e+00 1.00e+00f  1
  23  1.2084489e+04 7.87e-16 2.36e+06  -3.8 3.70e+03    -  7.39e-01 1.00e+00f  1
  24  1.1981270e+04 7.69e-15 1.62e+06  -3.8 4.03e+02    -  3.13e-01 9.77e-01f  1
  25  1.1874934e+04 2.62e-03 1.10e+06  -3.8 6.35e+01    -  3.24e-01 9.62e-01f  1
  26  1.1738555e+04 3.71e-15 7.75e+05  -3.8 5.22e+01    -  2.93e-01 1.00e+00f  1
  27  1.1584181e+04 7.95e-16 5.61e+05  -3.8 3.45e+01    -  2.76e-01 1.00e+00f  1
  28  1.1410105e+04 7.82e-16 4.16e+05  -3.8 2.64e+01    -  2.58e-01 1.00e+00f  1
  29  1.1212264e+04 8.28e-16 3.06e+05  -3.8 1.77e+01    -  2.64e-01 1.00e+00f  1
iter    objective    inf_pr   inf_du lg(mu)  ||d||  lg(rg) alpha_du alpha_pr  ls
  30  1.0979333e+04 1.06e-14 2.33e+05  -3.8 1.28e+01    -  2.39e-01 1.00e+00f  1
  31  1.0755187e+04 7.34e-16 1.72e+05  -3.8 9.41e+00    -  2.61e-01 1.00e+00f  1
  32  1.0543906e+04 7.87e-16 1.16e+05  -3.8 7.38e+00    -  3.29e-01 1.00e+00f  1
  33  1.0309705e+04 8.19e-16 5.86e+04  -3.8 7.09e+00    -  4.93e-01 1.00e+00f  1
  34  1.0049244e+04 6.87e-02 2.53e+04  -3.8 8.21e+00    -  5.69e-01 8.23e-01f  1
  35  9.8852107e+03 1.38e-01 2.16e+04  -3.8 1.86e+01    -  1.46e-01 4.67e-01f  1
  36  9.8046547e+03 9.61e-02 1.16e+04  -3.8 1.20e+01    -  4.62e-01 3.25e-01h  1
  37  9.6522748e+03 3.46e-02 5.47e+03  -3.8 1.01e+01    -  5.29e-01 7.06e-01h  1
  38  9.5617165e+03 7.66e-16 1.22e+03  -3.8 4.28e+00    -  7.77e-01 1.00e+00h  1
  39  9.5559908e+03 1.10e-15 1.72e-06  -3.8 5.66e-01    -  1.00e+00 1.00e+00h  1
iter    objective    inf_pr   inf_du lg(mu)  ||d||  lg(rg) alpha_du alpha_pr  ls
  40  9.4419704e+03 1.03e-15 2.16e+03  -5.7 1.46e+01    -  3.87e-01 2.27e-01f  1
  41  9.3550546e+03 1.26e-15 2.10e+03  -5.7 1.26e+01    -  2.55e-01 2.08e-01f  1
  42  9.2377116e+03 3.91e-03 8.23e+02  -5.7 1.05e+01    -  2.60e-01 3.48e-01f  1
  43  9.1078048e+03 1.72e-02 4.68e+02  -5.7 7.19e+00    -  4.06e-01 5.84e-01f  1
  44  9.0866976e+03 1.41e-02 1.03e+02  -5.7 3.23e+00    -  3.22e-01 2.26e-01h  1
  45  9.0613002e+03 1.14e-02 2.21e+02  -5.7 2.53e+00    -  2.68e-01 3.52e-01h  1
  46  9.0496416e+03 9.31e-03 1.42e+02  -5.7 1.66e+00    -  2.69e-01 2.51e-01h  1
  47  9.0443494e+03 8.09e-03 7.35e+01  -5.7 1.25e+00    -  2.01e-01 1.53e-01h  1
  48  9.0399905e+03 7.05e-03 7.58e+00  -5.7 1.06e+00    -  2.20e-01 1.50e-01h  1
  49  9.0350445e+03 5.92e-03 6.40e+01  -5.7 9.07e-01    -  1.06e-01 2.00e-01h  1
iter    objective    inf_pr   inf_du lg(mu)  ||d||  lg(rg) alpha_du alpha_pr  ls
  50  9.0328574e+03 5.29e-03 4.94e+00  -5.7 7.26e-01    -  2.24e-01 1.11e-01h  1
  51  9.0301786e+03 4.55e-03 8.51e+00  -5.7 6.46e-01    -  1.64e-01 1.54e-01h  1
  52  9.0283919e+03 4.01e-03 2.30e+00  -5.7 5.47e-01    -  1.08e-01 1.22e-01h  1
  53  9.0269993e+03 3.57e-03 2.71e+01  -5.7 4.80e-01    -  1.88e-01 1.09e-01h  1
  54  9.0254270e+03 3.08e-03 9.50e+00  -5.7 4.28e-01    -  8.46e-02 1.38e-01h  1
  55  9.0241230e+03 2.65e-03 2.63e+01  -5.7 3.68e-01    -  2.10e-01 1.33e-01h  1
  56  9.0226365e+03 2.17e-03 1.40e+01  -5.7 3.19e-01    -  1.35e-01 1.76e-01h  1
  57  9.0213333e+03 1.72e-03 1.78e+01  -5.7 2.63e-01    -  2.29e-01 1.88e-01h  1
  58  9.0198683e+03 1.22e-03 3.61e+00  -5.7 2.13e-01    -  1.86e-01 2.62e-01h  1
  59  9.0175125e+03 4.70e-04 3.18e+01  -5.7 1.58e-01    -  2.45e-01 5.75e-01h  1
iter    objective    inf_pr   inf_du lg(mu)  ||d||  lg(rg) alpha_du alpha_pr  ls
  60  9.0164276e+03 1.00e-15 2.75e+01  -5.7 6.69e-02    -  4.26e-01 6.32e-01h  1
  61  9.0158457e+03 1.24e-15 1.54e+01  -5.7 2.46e-02    -  6.24e-01 9.35e-01h  1
  62  9.0158072e+03 8.27e-16 4.27e-08  -5.7 3.53e-03    -  1.00e+00 1.00e+00h  1
  63  9.0137974e+03 1.08e-15 2.28e+01  -8.6 2.40e-01    -  1.70e-01 3.07e-01f  1
  64  9.0132292e+03 1.74e-15 1.45e+01  -8.6 1.66e-01    -  1.66e-01 1.27e-01h  1
  65  9.0122940e+03 1.46e-15 2.12e+01  -8.6 1.45e-01    -  1.53e-01 2.40e-01h  1
  66  9.0117881e+03 1.85e-15 9.12e-01  -8.6 1.10e-01    -  3.61e-01 1.73e-01h  1
  67  9.0111879e+03 1.40e-15 6.21e-01  -8.6 9.10e-02    -  2.31e-01 2.51e-01h  1
  68  9.0109845e+03 1.57e-15 6.29e+00  -8.6 6.81e-02    -  2.57e-01 1.15e-01h  1
  69  9.0105097e+03 8.14e-06 1.83e+00  -8.6 6.03e-02    -  2.36e-01 3.07e-01h  1
iter    objective    inf_pr   inf_du lg(mu)  ||d||  lg(rg) alpha_du alpha_pr  ls
  70  9.0102267e+03 1.18e-05 2.98e+00  -8.6 4.18e-02    -  3.27e-01 2.68e-01h  1
  71  9.0100101e+03 9.84e-06 3.84e+00  -8.6 3.06e-02    -  3.78e-01 2.85e-01h  1
  72  9.0098396e+03 6.65e-06 2.41e+00  -8.6 2.19e-02    -  3.03e-01 3.20e-01h  1
  73  9.0097043e+03 3.98e-06 2.28e+00  -8.6 1.49e-02    -  4.81e-01 3.82e-01h  1
  74  9.0096154e+03 2.06e-06 1.64e+00  -8.6 9.19e-03    -  5.02e-01 4.23e-01h  1
  75  9.0095272e+03 9.52e-07 7.90e-02  -8.6 5.31e-03    -  5.37e-01 7.63e-01h  1
  76  9.0095076e+03 7.08e-08 3.04e-01  -8.6 1.25e-03    -  6.05e-01 9.17e-01h  1
  77  9.0095075e+03 8.17e-16 1.52e-01  -8.6 4.91e-04    -  5.97e-01 1.00e+00f  1
  78  9.0095073e+03 9.77e-16 2.75e-08  -8.6 2.06e-04    -  1.00e+00 1.00e+00h  1
  79  9.0095073e+03 1.37e-15 1.21e-09  -8.6 6.88e-05    -  1.00e+00 1.00e+00h  1

Number of Iterations....: 79

                                   (scaled)                 (unscaled)
Objective...............:   1.6496351381630357e+03    9.0095072990497629e+03
Dual infeasibility......:   1.2126088760007128e-09    6.6226817473023649e-09
Constraint violation....:   1.3669620990697240e-15    1.3669620990697240e-15
Variable bound violation:   1.0753248069761412e-08    1.0753248069761412e-08
Complementarity.........:   2.7336947556340299e-09    1.4930115323370804e-08
Overall NLP error.......:   2.7336947556340299e-09    1.4930115323370804e-08


Number of objective function evaluations             = 80
Number of objective gradient evaluations             = 80
Number of equality constraint evaluations            = 80
Number of inequality constraint evaluations          = 80
Number of equality constraint Jacobian evaluations   = 80
Number of inequality constraint Jacobian evaluations = 80
Number of Lagrangian Hessian evaluations             = 79
Total seconds in IPOPT (w/o function evaluations)    =    221.543
Total seconds in NLP function evaluations            =     17.265


Timing Statistics:

OverallAlgorithm....................:    238.814 (sys:      0.000 wall:    238.808)
 PrintProblemStatistics.............:      0.020 (sys:      0.000 wall:      0.019)
 InitializeIterates.................:      5.348 (sys:      0.000 wall:      5.344)
 UpdateHessian......................:      3.107 (sys:      0.000 wall:      3.133)
 OutputIteration....................:      0.014 (sys:      0.000 wall:      0.015)
 UpdateBarrierParameter.............:      0.729 (sys:      0.000 wall:      0.763)
 ComputeSearchDirection.............:    200.175 (sys:      0.000 wall:    200.138)
 ComputeAcceptableTrialPoint........:     16.144 (sys:      0.000 wall:     16.164)
 AcceptTrialPoint...................:      0.938 (sys:      0.000 wall:      0.923)
 CheckConvergence...................:     12.338 (sys:      0.000 wall:     12.310)
PDSystemSolverTotal.................:    198.658 (sys:      0.000 wall:    198.637)
 PDSystemSolverSolveOnce............:    183.542 (sys:      0.000 wall:    183.583)
 ComputeResiduals...................:     10.981 (sys:      0.000 wall:     10.968)
 StdAugSystemSolverMultiSolve.......:    183.327 (sys:      0.000 wall:    183.329)
 LinearSystemScaling................:      0.000 (sys:      0.000 wall:      0.000)
 LinearSystemSymbolicFactorization..:      2.425 (sys:      0.000 wall:      2.424)
 LinearSystemFactorization..........:     94.057 (sys:      0.000 wall:     94.065)
 LinearSystemBackSolve..............:     76.706 (sys:      0.000 wall:     76.687)
 LinearSystemStructureConverter.....:      3.518 (sys:      0.000 wall:      3.519)
  LinearSystemStructureConverterInit:      0.822 (sys:      0.000 wall:      0.823)
QualityFunctionSearch...............:      0.000 (sys:      0.000 wall:      0.000)
TryCorrector........................:      0.000 (sys:      0.000 wall:      0.000)
Task1...............................:      0.000 (sys:      0.000 wall:      0.000)
Task2...............................:      0.000 (sys:      0.000 wall:      0.000)
Task3...............................:      0.000 (sys:      0.000 wall:      0.000)
Task4...............................:      0.000 (sys:      0.000 wall:      0.000)
Task5...............................:      0.000 (sys:      0.000 wall:      0.000)
Task6...............................:      0.000 (sys:      0.000 wall:      0.000)
Function Evaluations................:     17.255 (sys:      0.000 wall:     17.265)
 Objective function.................:      0.037 (sys:      0.000 wall:      0.040)
 Objective function gradient........:      0.266 (sys:      0.000 wall:      0.273)
 Equality constraints...............:      6.746 (sys:      0.000 wall:      6.769)
 Inequality constraints.............:      0.200 (sys:      0.000 wall:      0.195)
 Equality constraint Jacobian.......:      1.023 (sys:      0.000 wall:      0.971)
 Inequality constraint Jacobian.....:      5.947 (sys:      0.000 wall:      5.946)
 Lagrangian Hessian.................:      3.036 (sys:      0.000 wall:      3.070)

EXIT: Optimal Solution Found.
IPOPT_OPTION linear_solver=ma97
IPOPT_OPTION hsllib=C:/Users/Aryan Ritwajeet Jha/Documents/hsl/build/libhsl_ma97.dll
IPOPT_OPTION linear_system_scaling=none
CENTRAL_IPOPT system=ieee2522C_1ph T=144 profile=periodic C_B=1.900000e-03 gamma=3.290000e+04 status=LOCALLY_SOLVED iterations=79 objective=9009.507299049763 solve_time_s=239.771 build_s=32.610 wall_s=280.163 variables=1560096 solver=3.14.19
CENTRAL_IPOPT_MEMORY maxrss_mib=4087.6
CENTRAL_IPOPT_BATTERY at_power_limit=0.040 mean_utilization=0.338 energy_window_used=1.000 throughput_pu_h=1.073644e+01 energy_term=8.917111e+03 cb_term=6.730879e+01 terminal_term=2.508764e+01
