QUIET_WAIT waited_s=18 other_cores=0.40 timed_out=0

******************************************************************************
This program contains Ipopt, a library for large-scale nonlinear optimization.
 Ipopt is released as open source code under the Eclipse Public License (EPL).
         For more information visit https://github.com/coin-or/Ipopt
******************************************************************************

This is Ipopt version 3.14.19, running with linear solver ma57.

Number of nonzeros in equality constraint Jacobian...:  2845980
Number of nonzeros in inequality constraint Jacobian.:   990720
Number of nonzeros in Lagrangian Hessian.............:   768540

Reallocating memory for MA57: lfact (34514179)
Total number of variables............................:  1064280
                     variables with only lower bounds:   247704
                variables with lower and upper bounds:   321192
                     variables with only upper bounds:        0
Total number of equality constraints.................:   767592
Total number of inequality constraints...............:   247680
        inequality constraints with only lower bounds:        0
   inequality constraints with lower and upper bounds:        0
        inequality constraints with only upper bounds:   247680

iter    objective    inf_pr   inf_du lg(mu)  ||d||  lg(rg) alpha_du alpha_pr  ls
   0  1.2375691e+05 6.40e-01 5.63e+01  -1.0 0.00e+00    -  0.00e+00 0.00e+00   0
   1  1.2821237e+05 6.40e-01 6.21e+01  -1.0 2.12e+02    -  4.67e-05 5.94e-04h  1
   2  1.2966288e+05 6.39e-01 6.32e+01  -1.0 1.08e+03    -  1.24e-04 4.22e-04f  1
   3  6.4018416e+05 4.76e+00 3.92e+02  -1.0 1.01e+03    -  2.19e-04 1.93e-01f  3
   4  6.4104911e+05 4.76e+00 3.91e+02  -1.0 8.15e+03    -  4.74e-03 2.77e-04h  1
   5  6.4332207e+05 4.76e+00 3.91e+02  -1.0 7.56e+03    -  8.29e-04 8.86e-04h  1
   6  6.4872288e+05 4.75e+00 3.90e+02  -1.0 3.73e+03    -  7.42e-04 2.17e-03h  1
   7  6.5519845e+05 4.73e+00 3.89e+02  -1.0 3.74e+03    -  1.72e-03 2.83e-03f  1
   8  6.6659879e+05 4.71e+00 3.87e+02  -1.0 3.60e+03    -  2.66e-03 5.25e-03f  1
   9  6.7454356e+05 4.69e+00 3.86e+02  -1.0 2.74e+03    -  5.60e-03 3.67e-03f  1
iter    objective    inf_pr   inf_du lg(mu)  ||d||  lg(rg) alpha_du alpha_pr  ls
  10  6.9166076e+05 4.66e+00 3.83e+02  -1.0 1.96e+03    -  5.80e-03 7.91e-03f  1
  11  7.5332363e+05 4.52e+00 4.04e+02  -1.0 1.44e+03    -  9.16e-03 2.87e-02h  1
  12  8.1344991e+05 4.40e+00 4.05e+02  -1.0 1.10e+03    -  1.89e-02 2.90e-02h  1
  13  8.2516278e+05 4.37e+00 3.62e+02  -1.0 6.30e+02   0.0 2.22e-02 5.80e-03h  1
  14  8.9662359e+05 4.26e+00 3.57e+02  -1.0 6.49e+02  -0.5 3.01e-02 3.58e-02h  1
  15  1.0132859e+06 4.13e+00 3.35e+02  -1.0 8.26e+02    -  4.08e-02 6.10e-02h  1
  16  1.0882003e+06 4.00e+00 3.21e+02  -1.0 7.71e+02    -  6.74e-02 4.17e-02h  2
  17  1.1237649e+06 3.93e+00 3.15e+02  -1.0 7.39e+02    -  9.44e-02 2.07e-02h  4
  18  1.1376336e+06 3.90e+00 3.12e+02  -1.0 7.25e+02    -  1.10e-01 8.23e-03h  6
  19  1.1456741e+06 3.88e+00 3.11e+02  -1.0 7.20e+02    -  1.30e-01 4.81e-03h  7
iter    objective    inf_pr   inf_du lg(mu)  ||d||  lg(rg) alpha_du alpha_pr  ls
  20  1.1480518e+06 3.87e+00 3.10e+02  -1.0 7.18e+02    -  1.41e-01 1.43e-03h  9
  21  1.3253891e+06 3.75e+00 2.77e+02  -1.0 7.17e+02    -  8.04e-02 1.07e-01h  3
  22  1.5085297e+06 3.61e+00 2.43e+02  -1.0 6.39e+02    -  8.53e-02 1.23e-01h  3
  23  1.6932623e+06 3.42e+00 2.54e+02  -1.0 5.59e+02    -  1.06e-01 1.42e-01h  3
  24  2.4251819e+06 4.09e+00 2.20e+03  -1.0 4.81e+02    -  7.52e-02 6.56e-01H  1
  25  2.6236835e+06 2.57e+00 1.23e+03  -1.0 1.91e+02    -  1.17e-01 5.48e-01h  1
  26  2.6857748e+06 1.50e+00 7.43e+02  -1.0 1.29e+02    -  1.48e-01 4.33e-01h  1
  27  2.7190412e+06 7.99e-01 4.10e+02  -1.0 1.02e+02    -  1.31e-01 4.83e-01f  1
  28  2.7260238e+06 4.34e-01 3.30e+02  -1.0 8.22e+01    -  1.46e-01 4.08e-01f  1
  29  2.7397667e+06 7.16e-05 2.14e+02  -1.0 1.74e+01  -1.0 1.88e-01 9.90e-01f  1
iter    objective    inf_pr   inf_du lg(mu)  ||d||  lg(rg) alpha_du alpha_pr  ls
  30  2.7153247e+06 2.52e-05 2.00e+03  -1.0 6.29e+01    -  2.20e-01 6.48e-01f  1
  31  2.7037152e+06 5.22e-01 7.58e+03  -1.0 1.14e+02    -  2.16e-01 7.68e-01f  1
Reallocating memory for MA57: lfact (44810935)
Reallocating memory for MA57: lfact (47539065)
  32  2.7027909e+06 2.34e-01 6.96e+03  -1.0 1.23e+02    -  3.50e-01 3.93e-01f  1
  33  2.7036900e+06 4.00e-01 3.36e+04  -1.0 1.79e+02    -  1.25e-01 4.56e-01f  1
  34  2.7082442e+06 1.21e+00 1.41e+05  -1.0 1.38e+02    -  1.26e-01 9.80e-01f  1
  35  2.7113345e+06 2.02e-08 1.19e+06  -1.0 4.51e+01    -  2.20e-01 4.77e-01f  1
  36  2.7192927e+06 7.56e-02 3.94e+06  -1.0 1.75e+01    -  2.35e-01 1.00e+00f  1
  37  2.7290968e+06 6.64e-13 5.28e+06  -1.0 8.06e+00    -  2.30e-01 1.00e+00f  1
  38  2.7413542e+06 6.83e-13 9.02e+05  -1.0 7.94e+00    -  8.29e-01 1.00e+00f  1
  39  2.7959799e+06 6.14e-13 1.63e+05  -1.0 3.41e+01    -  8.19e-01 1.00e+00f  1
iter    objective    inf_pr   inf_du lg(mu)  ||d||  lg(rg) alpha_du alpha_pr  ls
  40  2.9019521e+06 7.06e-13 1.14e+05  -1.0 1.81e+02    -  3.02e-01 1.00e+00f  1
  41  2.9450426e+06 7.25e-13 2.87e+04  -1.0 1.50e+02    -  7.47e-01 1.00e+00f  1
  42  2.9616969e+06 6.48e-13 1.32e+04  -1.0 6.46e+02    -  5.40e-01 1.00e+00f  1
  43  2.9636302e+06 5.57e-13 5.00e+03  -1.0 1.27e+03    -  6.21e-01 1.00e+00f  1
  44  2.9638755e+06 6.32e-13 1.99e+03  -1.0 3.14e+03    -  6.09e-01 1.00e+00f  1
  45  2.9641721e+06 1.29e-12 6.43e+02  -1.0 6.71e+03    -  6.71e-01 1.00e+00f  1
  46  2.9646722e+06 6.77e-13 1.52e+02  -1.0 1.33e+04    -  7.93e-01 1.00e+00f  1
  47  2.9651949e+06 6.84e-13 7.94e+00  -1.0 1.81e+04    -  1.00e+00 1.00e+00f  1
  48  2.9653455e+06 7.60e-13 6.56e-01  -1.0 7.80e+03    -  1.00e+00 1.00e+00f  1
  49  2.7293574e+06 4.73e-13 4.79e+04  -1.7 2.09e+04    -  1.00e+00 9.93e-01f  1
iter    objective    inf_pr   inf_du lg(mu)  ||d||  lg(rg) alpha_du alpha_pr  ls
  50  2.7351117e+06 1.34e-12 4.03e-02  -1.7 1.28e+04    -  1.00e+00 1.00e+00f  1
  51  2.7349288e+06 1.21e-12 7.09e-05  -1.7 7.49e+00    -  1.00e+00 1.00e+00h  1
  52  2.6902269e+06 1.04e-02 8.79e+04  -3.8 1.34e+04    -  7.71e-01 8.20e-01f  1
  53  2.6843596e+06 5.82e-01 9.41e+03  -3.8 4.58e+03    -  7.60e-01 7.25e-01f  1
  54  2.6830476e+06 1.64e-01 1.22e+04  -3.8 1.43e+03    -  9.75e-01 8.35e-01f  1
  55  2.6829743e+06 5.76e-13 5.25e-03  -3.8 2.41e+02    -  1.00e+00 1.00e+00h  1
  56  2.6829763e+06 4.97e-13 5.28e-04  -3.8 2.19e+01    -  1.00e+00 1.00e+00h  1
  57  2.6827504e+06 1.69e-05 1.54e+03  -5.7 1.20e+02    -  9.53e-01 8.39e-01f  1
  58  2.6827295e+06 7.53e-06 4.82e+02  -5.7 1.09e+01    -  1.00e+00 7.78e-01f  1
  59  2.6827246e+06 6.13e-13 2.85e-05  -5.7 5.03e-01    -  1.00e+00 1.00e+00h  1
iter    objective    inf_pr   inf_du lg(mu)  ||d||  lg(rg) alpha_du alpha_pr  ls
  60  2.6827246e+06 6.02e-13 2.86e-06  -5.7 7.34e-02    -  1.00e+00 1.00e+00h  1
  61  2.6827224e+06 4.69e-10 2.63e+01  -8.6 8.74e-01    -  9.95e-01 8.37e-01f  1
  62  2.6827221e+06 2.74e-07 8.16e+00  -8.6 1.38e-01    -  9.97e-01 7.00e-01f  1
  63  2.6827220e+06 8.80e-08 2.03e+00  -8.6 4.13e-02    -  1.00e+00 7.52e-01h  1
  64  2.6827220e+06 1.02e-12 2.77e-07  -8.6 1.03e-02    -  1.00e+00 1.00e+00f  1
  65  2.6827220e+06 7.74e-13 1.14e-09  -8.6 3.25e-04    -  1.00e+00 1.00e+00h  1

Number of Iterations....: 65

                                   (scaled)                 (unscaled)
Objective...............:   4.9134101951252972e+05    2.6827219665384125e+06
Dual infeasibility......:   1.1372600275242652e-09    6.2094397502824879e-09
Constraint violation....:   7.7449158197850920e-13    7.7449158197850920e-13
Variable bound violation:   1.7936462093359751e-08    1.7936462093359751e-08
Complementarity.........:   6.4671689058236437e-09    3.5310742225797095e-08
Overall NLP error.......:   6.4671689058236437e-09    3.5310742225797095e-08


Number of objective function evaluations             = 114
Number of objective gradient evaluations             = 66
Number of equality constraint evaluations            = 114
Number of inequality constraint evaluations          = 114
Number of equality constraint Jacobian evaluations   = 66
Number of inequality constraint Jacobian evaluations = 66
Number of Lagrangian Hessian evaluations             = 65
Total seconds in IPOPT (w/o function evaluations)    =    117.950
Total seconds in NLP function evaluations            =     12.234


Timing Statistics:

OverallAlgorithm....................:    130.183 (sys:      0.000 wall:    130.184)
 PrintProblemStatistics.............:      0.013 (sys:      0.000 wall:      0.013)
 InitializeIterates.................:      3.373 (sys:      0.000 wall:      3.372)
 UpdateHessian......................:      1.776 (sys:      0.000 wall:      1.764)
 OutputIteration....................:      0.002 (sys:      0.000 wall:      0.005)
 UpdateBarrierParameter.............:      0.391 (sys:      0.000 wall:      0.347)
 ComputeSearchDirection.............:    102.060 (sys:      0.000 wall:    102.105)
 ComputeAcceptableTrialPoint........:     15.933 (sys:      0.000 wall:     15.920)
 AcceptTrialPoint...................:      0.457 (sys:      0.000 wall:      0.452)
 CheckConvergence...................:      6.178 (sys:      0.000 wall:      6.206)
PDSystemSolverTotal.................:    104.369 (sys:      0.000 wall:    104.360)
 PDSystemSolverSolveOnce............:     98.277 (sys:      0.000 wall:     98.285)
 ComputeResiduals...................:      4.344 (sys:      0.000 wall:      4.340)
 StdAugSystemSolverMultiSolve.......:     99.086 (sys:      0.000 wall:     99.081)
 LinearSystemScaling................:      0.000 (sys:      0.000 wall:      0.000)
 LinearSystemSymbolicFactorization..:      0.932 (sys:      0.000 wall:      0.932)
 LinearSystemFactorization..........:     74.465 (sys:      0.000 wall:     74.453)
 LinearSystemBackSolve..............:     21.531 (sys:      0.000 wall:     21.538)
 LinearSystemStructureConverter.....:      0.000 (sys:      0.000 wall:      0.000)
  LinearSystemStructureConverterInit:      0.000 (sys:      0.000 wall:      0.000)
QualityFunctionSearch...............:      0.000 (sys:      0.000 wall:      0.000)
TryCorrector........................:      0.000 (sys:      0.000 wall:      0.000)
Task1...............................:      0.000 (sys:      0.000 wall:      0.000)
Task2...............................:      0.000 (sys:      0.000 wall:      0.000)
Task3...............................:      0.000 (sys:      0.000 wall:      0.000)
Task4...............................:      0.000 (sys:      0.000 wall:      0.000)
Task5...............................:      0.000 (sys:      0.000 wall:      0.000)
Task6...............................:      0.000 (sys:      0.000 wall:      0.000)
Function Evaluations................:     12.271 (sys:      0.000 wall:     12.234)
 Objective function.................:      0.008 (sys:      0.000 wall:      0.015)
 Objective function gradient........:      0.143 (sys:      0.000 wall:      0.123)
 Equality constraints...............:      6.503 (sys:      0.000 wall:      6.536)
 Inequality constraints.............:      0.137 (sys:      0.000 wall:      0.127)
 Equality constraint Jacobian.......:      0.494 (sys:      0.000 wall:      0.489)
 Inequality constraint Jacobian.....:      3.234 (sys:      0.000 wall:      3.217)
 Lagrangian Hessian.................:      1.752 (sys:      0.000 wall:      1.728)

EXIT: Optimal Solution Found.
IPOPT_OPTION linear_solver=ma57
IPOPT_OPTION hsllib=C:/Users/Aryan Ritwajeet Jha/Documents/hsl/build/libma57.dll
IPOPT_OPTION linear_system_scaling=none
CENTRAL_IPOPT system=large10kC_1ph T=24 profile=periodic C_B=2.400000e-05 gamma=4.200000e+02 status=LOCALLY_SOLVED iterations=65 objective=2682721.966538412496 solve_time_s=130.627 build_s=19.217 wall_s=153.287 variables=1064280 solver=3.14.19
CENTRAL_IPOPT_MEMORY maxrss_mib=2889.9
CENTRAL_IPOPT_BATTERY at_power_limit=0.071 mean_utilization=0.337 energy_window_used=1.000 throughput_pu_h=3.435730e+03 energy_term=2.653459e+06 cb_term=2.324299e+04 terminal_term=6.019907e+03
