QUIET_WAIT waited_s=18 other_cores=0.62 timed_out=0

******************************************************************************
This program contains Ipopt, a library for large-scale nonlinear optimization.
 Ipopt is released as open source code under the Eclipse Public License (EPL).
         For more information visit https://github.com/coin-or/Ipopt
******************************************************************************

This is Ipopt version 3.14.19, running with linear solver ma97.

Number of nonzeros in equality constraint Jacobian...:   695247
Number of nonzeros in inequality constraint Jacobian.:   242016
Number of nonzeros in Lagrangian Hessian.............:   187737

Total number of variables............................:   260016
                     variables with only lower bounds:    60528
                variables with lower and upper bounds:    78456
                     variables with only upper bounds:        0
Total number of equality constraints.................:   187560
Total number of inequality constraints...............:    60504
        inequality constraints with only lower bounds:        0
   inequality constraints with lower and upper bounds:        0
        inequality constraints with only upper bounds:    60504

iter    objective    inf_pr   inf_du lg(mu)  ||d||  lg(rg) alpha_du alpha_pr  ls
   0  4.1810895e+02 1.98e-01 9.46e+00  -1.0 0.00e+00    -  0.00e+00 0.00e+00   0
   1  4.6885340e+02 1.97e-01 1.19e+01  -1.0 1.19e+01    -  8.38e-04 7.17e-03f  1
   2  7.0974002e+02 1.92e-01 1.38e+01  -1.0 6.34e+00    -  7.95e-03 2.52e-02f  1
   3  1.2123560e+03 1.81e-01 1.74e+01  -1.0 4.29e+00    -  7.08e-03 5.35e-02f  1
   4  1.4870344e+03 1.77e-01 2.20e+01  -1.0 6.53e+00    -  3.60e-03 2.55e-02f  1
   5  1.6129158e+03 1.74e-01 1.91e+01  -1.0 5.16e+00    -  4.07e-02 1.32e-02f  1
   6  3.0673112e+03 2.94e-01 7.09e+01  -1.0 3.10e+00    -  4.57e-02 1.68e-01f  1
   7  3.9881965e+03 3.02e-01 7.49e+01  -1.0 4.97e+00    -  1.02e-01 1.22e-01f  1
   8  5.5845326e+03 4.50e-01 5.89e+01  -1.0 5.78e+00    -  2.34e-01 2.38e-01f  1
   9  6.6961841e+03 4.48e-01 7.01e+01  -1.0 6.71e+00    -  4.28e-01 2.02e-01f  1
iter    objective    inf_pr   inf_du lg(mu)  ||d||  lg(rg) alpha_du alpha_pr  ls
  10  8.0755265e+03 4.36e-01 1.91e+02  -1.0 7.14e+00    -  5.73e-01 2.86e-01f  1
  11  9.3778363e+03 3.24e-01 1.99e+02  -1.0 7.53e+00    -  5.97e-01 3.30e-01f  1
  12  1.0515021e+04 1.85e-01 6.39e+01  -1.0 7.10e+00    -  2.34e-01 4.42e-01f  1
  13  1.1853673e+04 2.06e-04 1.50e+02  -1.0 6.20e+00    -  6.84e-01 9.90e-01h  1
  14  1.1808849e+04 2.05e-06 1.95e+02  -1.0 2.86e+01    -  5.88e-01 9.90e-01f  1
  15  1.1868217e+04 9.62e-09 1.31e+04  -1.0 4.56e+01    -  7.25e-01 9.95e-01f  1
  16  1.1886791e+04 7.15e-16 2.06e+06  -1.0 1.31e+02    -  5.73e-01 1.00e+00f  1
  17  1.1898618e+04 7.02e-16 7.80e+05  -1.0 1.70e+02    -  8.76e-01 1.00e+00f  1
  18  1.1908212e+04 6.44e-16 5.90e+04  -1.0 3.30e+02    -  9.24e-01 1.00e+00f  1
  19  1.1910165e+04 6.65e-16 1.90e-02  -1.0 1.17e+02    -  1.00e+00 1.00e+00h  1
iter    objective    inf_pr   inf_du lg(mu)  ||d||  lg(rg) alpha_du alpha_pr  ls
  20  1.1761754e+04 7.09e-16 3.69e+06  -3.8 7.48e+02    -  5.82e-01 9.90e-01f  1
  21  1.1599685e+04 1.23e-03 2.61e+06  -3.8 6.45e+01    -  3.03e-01 6.92e-01f  1
  22  1.1354825e+04 1.53e-03 1.87e+06  -3.8 4.77e+01    -  2.89e-01 8.88e-01f  1
  23  1.1041150e+04 7.88e-03 1.33e+06  -3.8 3.14e+01    -  2.89e-01 1.00e+00f  1
  24  1.0726591e+04 1.74e-02 9.56e+05  -3.8 1.53e+01    -  2.83e-01 9.91e-01f  1
  25  1.0415765e+04 2.19e-02 5.57e+05  -3.8 9.87e+00    -  4.18e-01 1.00e+00f  1
  26  1.0087482e+04 4.43e-02 2.47e+05  -3.8 1.15e+01    -  5.55e-01 7.77e-01f  1
  27  9.8577689e+03 9.08e-02 2.06e+05  -3.8 1.78e+01    -  1.67e-01 3.38e-01f  1
  28  9.7843028e+03 8.93e-02 1.47e+05  -3.8 2.17e+01    -  2.88e-01 1.21e-01f  1
  29  9.6812886e+03 9.79e-02 1.12e+05  -3.8 2.55e+01    -  2.40e-01 1.63e-01f  1
iter    objective    inf_pr   inf_du lg(mu)  ||d||  lg(rg) alpha_du alpha_pr  ls
  30  9.5832488e+03 9.84e-02 7.64e+04  -3.8 2.29e+01    -  3.14e-01 1.65e-01f  1
  31  9.4578351e+03 9.61e-02 6.13e+04  -3.8 2.03e+01    -  1.98e-01 2.31e-01f  1
  32  9.3534974e+03 8.45e-02 4.24e+04  -3.8 1.61e+01    -  3.08e-01 2.40e-01f  1
  33  9.2823027e+03 7.09e-02 2.81e+04  -3.8 1.24e+01    -  3.37e-01 2.08e-01f  1
  34  9.1333138e+03 5.20e-02 1.74e+04  -3.8 1.01e+01    -  3.80e-01 5.40e-01f  1
  35  9.0136966e+03 1.27e-02 4.33e+03  -3.8 4.83e+00    -  7.51e-01 9.27e-01f  1
  36  9.0038544e+03 7.49e-16 7.64e-05  -3.8 5.18e-01    -  1.00e+00 1.00e+00h  1
  37  9.0037678e+03 6.64e-16 1.57e-06  -3.8 2.42e-02    -  1.00e+00 1.00e+00h  1
  38  8.9459315e+03 5.04e-03 2.58e+03  -5.7 3.11e+00    -  4.30e-01 6.22e-01f  1
  39  8.9327964e+03 4.82e-03 1.78e+03  -5.7 1.23e+00    -  3.54e-01 3.76e-01f  1
iter    objective    inf_pr   inf_du lg(mu)  ||d||  lg(rg) alpha_du alpha_pr  ls
  40  8.9250770e+03 4.26e-03 2.02e+03  -5.7 7.77e-01    -  1.80e-01 3.57e-01f  1
  41  8.9223497e+03 3.63e-03 1.53e+03  -5.7 5.02e-01    -  2.20e-01 1.99e-01h  1
  42  8.9203922e+03 3.12e-03 1.02e+03  -5.7 4.02e-01    -  2.54e-01 1.79e-01h  1
  43  8.9187820e+03 2.68e-03 8.35e+02  -5.7 3.30e-01    -  1.81e-01 1.81e-01h  1
  44  8.9164839e+03 2.14e-03 6.63e+02  -5.7 2.70e-01    -  2.70e-01 3.19e-01h  1
  45  8.9144461e+03 1.58e-03 6.75e+02  -5.7 1.84e-01    -  2.15e-01 4.20e-01h  1
  46  8.9139688e+03 1.32e-03 1.21e+02  -5.7 1.07e-01    -  5.68e-01 1.74e-01h  1
  47  8.9131557e+03 9.20e-04 1.06e+02  -5.7 8.83e-02    -  3.01e-01 3.62e-01h  1
  48  8.9121606e+03 4.12e-04 1.33e+02  -5.7 5.63e-02    -  4.01e-01 7.03e-01h  1
  49  8.9117612e+03 7.90e-16 4.40e-01  -5.7 1.67e-02    -  1.00e+00 9.94e-01h  1
iter    objective    inf_pr   inf_du lg(mu)  ||d||  lg(rg) alpha_du alpha_pr  ls
  50  8.9117630e+03 8.17e-16 5.54e-06  -5.7 2.22e-03    -  1.00e+00 1.00e+00h  1
  51  8.9113316e+03 8.26e-16 5.31e+00  -8.6 3.99e-02    -  4.54e-01 4.22e-01f  1
  52  8.9110638e+03 8.10e-16 2.11e+00  -8.6 2.30e-02    -  4.14e-01 4.68e-01h  1
  53  8.9108719e+03 1.05e-07 9.17e+00  -8.6 1.22e-02    -  5.02e-01 6.60e-01h  1
  54  8.9108128e+03 3.54e-07 8.00e+00  -8.6 4.16e-03    -  4.94e-01 6.87e-01h  1
  55  8.9107981e+03 2.00e-07 4.90e+00  -8.6 1.30e-03    -  5.14e-01 7.00e-01h  1
  56  8.9107944e+03 1.44e-07 3.47e+00  -8.6 9.35e-04    -  4.19e-01 8.00e-01f  1
  57  8.9107936e+03 1.80e-07 1.46e+00  -8.6 7.86e-04    -  6.15e-01 1.00e+00f  1
  58  8.9107936e+03 1.07e-08 6.69e-02  -8.6 3.94e-04    -  9.54e-01 1.00e+00h  1
  59  8.9107936e+03 9.48e-16 4.91e-08  -8.6 2.25e-04    -  1.00e+00 1.00e+00h  1
iter    objective    inf_pr   inf_du lg(mu)  ||d||  lg(rg) alpha_du alpha_pr  ls
  60  8.9107936e+03 9.42e-16 2.63e-09  -8.6 4.23e-05    -  1.00e+00 1.00e+00h  1

Number of Iterations....: 60

                                   (scaled)                 (unscaled)
Objective...............:   1.6315607270213993e+03    8.9107936287723878e+03
Dual infeasibility......:   2.6256734744164220e-09    1.4340155459478427e-08
Constraint violation....:   9.4152116658641205e-16    9.4152116658641205e-16
Variable bound violation:   1.0976877851121003e-08    1.0976877851121003e-08
Complementarity.........:   2.5490860000435725e-09    1.3921871807890874e-08
Overall NLP error.......:   2.6256734744164220e-09    1.4340155459478427e-08


Number of objective function evaluations             = 61
Number of objective gradient evaluations             = 61
Number of equality constraint evaluations            = 61
Number of inequality constraint evaluations          = 61
Number of equality constraint Jacobian evaluations   = 61
Number of inequality constraint Jacobian evaluations = 61
Number of Lagrangian Hessian evaluations             = 60
Total seconds in IPOPT (w/o function evaluations)    =     23.793
Total seconds in NLP function evaluations            =      1.841


Timing Statistics:

OverallAlgorithm....................:     25.633 (sys:      0.000 wall:     25.634)
 PrintProblemStatistics.............:      0.002 (sys:      0.000 wall:      0.003)
 InitializeIterates.................:      0.771 (sys:      0.000 wall:      0.771)
 UpdateHessian......................:      0.369 (sys:      0.000 wall:      0.365)
 OutputIteration....................:      0.005 (sys:      0.000 wall:      0.005)
 UpdateBarrierParameter.............:      0.073 (sys:      0.000 wall:      0.073)
 ComputeSearchDirection.............:     21.250 (sys:      0.000 wall:     21.257)
 ComputeAcceptableTrialPoint........:      1.703 (sys:      0.000 wall:      1.707)
 AcceptTrialPoint...................:      0.097 (sys:      0.000 wall:      0.093)
 CheckConvergence...................:      1.362 (sys:      0.000 wall:      1.360)
PDSystemSolverTotal.................:     21.069 (sys:      0.000 wall:     21.075)
 PDSystemSolverSolveOnce............:     19.662 (sys:      0.000 wall:     19.660)
 ComputeResiduals...................:      1.026 (sys:      0.000 wall:      1.041)
 StdAugSystemSolverMultiSolve.......:     19.868 (sys:      0.000 wall:     19.865)
 LinearSystemScaling................:      0.000 (sys:      0.000 wall:      0.000)
 LinearSystemSymbolicFactorization..:      0.350 (sys:      0.000 wall:      0.350)
 LinearSystemFactorization..........:     10.217 (sys:      0.000 wall:     10.219)
 LinearSystemBackSolve..............:      8.209 (sys:      0.000 wall:      8.215)
 LinearSystemStructureConverter.....:      0.398 (sys:      0.000 wall:      0.396)
  LinearSystemStructureConverterInit:      0.104 (sys:      0.000 wall:      0.104)
QualityFunctionSearch...............:      0.000 (sys:      0.000 wall:      0.000)
TryCorrector........................:      0.000 (sys:      0.000 wall:      0.000)
Task1...............................:      0.000 (sys:      0.000 wall:      0.000)
Task2...............................:      0.000 (sys:      0.000 wall:      0.000)
Task3...............................:      0.000 (sys:      0.000 wall:      0.000)
Task4...............................:      0.000 (sys:      0.000 wall:      0.000)
Task5...............................:      0.000 (sys:      0.000 wall:      0.000)
Task6...............................:      0.000 (sys:      0.000 wall:      0.000)
Function Evaluations................:      1.862 (sys:      0.000 wall:      1.841)
 Objective function.................:      0.000 (sys:      0.000 wall:      0.003)
 Objective function gradient........:      0.030 (sys:      0.000 wall:      0.029)
 Equality constraints...............:      0.682 (sys:      0.000 wall:      0.676)
 Inequality constraints.............:      0.026 (sys:      0.000 wall:      0.020)
 Equality constraint Jacobian.......:      0.129 (sys:      0.000 wall:      0.123)
 Inequality constraint Jacobian.....:      0.635 (sys:      0.000 wall:      0.632)
 Lagrangian Hessian.................:      0.360 (sys:      0.000 wall:      0.356)

EXIT: Optimal Solution Found.
IPOPT_OPTION linear_solver=ma97
IPOPT_OPTION hsllib=C:/Users/Aryan Ritwajeet Jha/Documents/hsl/build/libhsl_ma97.dll
IPOPT_OPTION linear_system_scaling=none
CENTRAL_IPOPT system=ieee2522C_1ph T=24 profile=periodic C_B=1.900000e-03 gamma=3.290000e+04 status=LOCALLY_SOLVED iterations=60 objective=8910.793628772388 solve_time_s=25.691 build_s=9.469 wall_s=37.329 variables=260016 solver=3.14.19
CENTRAL_IPOPT_BATTERY at_power_limit=0.035 mean_utilization=0.330 energy_window_used=0.999 throughput_pu_h=1.045347e+01 energy_term=8.822622e+03 cb_term=6.513078e+01 terminal_term=2.304078e+01
