QUIET_WAIT waited_s=18 other_cores=0.83 timed_out=0

******************************************************************************
This program contains Ipopt, a library for large-scale nonlinear optimization.
 Ipopt is released as open source code under the Eclipse Public License (EPL).
         For more information visit https://github.com/coin-or/Ipopt
******************************************************************************

This is Ipopt version 3.14.19, running with linear solver ma57.

Number of nonzeros in equality constraint Jacobian...:   710730
Number of nonzeros in inequality constraint Jacobian.:   247680
Number of nonzeros in Lagrangian Hessian.............:   192900

Reallocating memory for MA57: lfact (8297075)
Total number of variables............................:   266070
                     variables with only lower bounds:    61920
                variables with lower and upper bounds:    18372
                     variables with only upper bounds:        0
Total number of equality constraints.................:   191898
Total number of inequality constraints...............:    61920
        inequality constraints with only lower bounds:        0
   inequality constraints with lower and upper bounds:        0
        inequality constraints with only upper bounds:    61920

iter    objective    inf_pr   inf_du lg(mu)  ||d||  lg(rg) alpha_du alpha_pr  ls
   0  3.2014692e+06 1.81e-13 1.00e+02  -1.0 0.00e+00    -  0.00e+00 0.00e+00   0
   1  3.1357121e+06 2.21e+00 6.55e+01  -1.0 3.11e+02    -  2.70e-01 3.45e-01f  1
   2  3.1203629e+06 1.61e+00 4.77e+01  -1.0 1.51e+02    -  6.87e-01 2.73e-01f  1
   3  3.1182962e+06 2.13e-01 1.66e+01  -1.0 4.08e+01    -  9.90e-01 6.51e-01f  1
   4  3.1532001e+06 5.12e-13 2.88e-02  -1.0 5.86e+01    -  9.93e-01 1.00e+00f  1
   5  3.1163433e+06 9.04e-13 7.80e-02  -2.5 1.11e+02    -  9.51e-01 1.00e+00f  1
   6  3.1161641e+06 3.59e-13 5.35e-06  -2.5 2.38e+02    -  1.00e+00 1.00e+00h  1
   7  3.1161704e+06 4.87e-13 5.80e-08  -2.5 2.82e+01    -  1.00e+00 1.00e+00h  1
   8  3.1148341e+06 6.02e-13 6.56e-06  -3.8 3.97e+02    -  1.00e+00 1.00e+00f  1
   9  3.1148341e+06 1.02e-12 1.57e-09  -3.8 1.59e+00    -  1.00e+00 1.00e+00h  1
iter    objective    inf_pr   inf_du lg(mu)  ||d||  lg(rg) alpha_du alpha_pr  ls
  10  3.1147600e+06 8.53e-13 1.36e-05  -5.7 2.22e+01    -  9.94e-01 1.00e+00f  1
  11  3.1147600e+06 2.86e-13 1.85e-11  -5.7 7.60e-02    -  1.00e+00 1.00e+00h  1
  12  3.1147591e+06 8.46e-13 3.16e-12  -8.6 2.75e-01    -  1.00e+00 1.00e+00f  1

Number of Iterations....: 12

                                   (scaled)                 (unscaled)
Objective...............:   4.0564887731445220e+05    3.1147590716112191e+06
Dual infeasibility......:   3.1566034610134002e-12    2.4237856470262610e-11
Constraint violation....:   8.4554585555451922e-13    8.4554585555451922e-13
Variable bound violation:   1.8512074317911242e-08    1.8512074317911242e-08
Complementarity.........:   3.3597121722395945e-09    2.5797418781893622e-08
Overall NLP error.......:   3.3597121722395945e-09    2.5797418781893622e-08


Number of objective function evaluations             = 13
Number of objective gradient evaluations             = 13
Number of equality constraint evaluations            = 13
Number of inequality constraint evaluations          = 13
Number of equality constraint Jacobian evaluations   = 13
Number of inequality constraint Jacobian evaluations = 13
Number of Lagrangian Hessian evaluations             = 12
Total seconds in IPOPT (w/o function evaluations)    =      4.622
Total seconds in NLP function evaluations            =      0.356


Timing Statistics:

OverallAlgorithm....................:      4.975 (sys:      0.000 wall:      4.978)
 PrintProblemStatistics.............:      0.000 (sys:      0.000 wall:      0.003)
 InitializeIterates.................:      0.720 (sys:      0.000 wall:      0.721)
 UpdateHessian......................:      0.061 (sys:      0.000 wall:      0.068)
 OutputIteration....................:      0.015 (sys:      0.000 wall:      0.009)
 UpdateBarrierParameter.............:      0.005 (sys:      0.000 wall:      0.009)
 ComputeSearchDirection.............:      3.624 (sys:      0.000 wall:      3.626)
 ComputeAcceptableTrialPoint........:      0.287 (sys:      0.000 wall:      0.275)
 AcceptTrialPoint...................:      0.013 (sys:      0.000 wall:      0.011)
 CheckConvergence...................:      0.250 (sys:      0.000 wall:      0.256)
PDSystemSolverTotal.................:      3.588 (sys:      0.000 wall:      3.598)
 PDSystemSolverSolveOnce............:      3.353 (sys:      0.000 wall:      3.354)
 ComputeResiduals...................:      0.207 (sys:      0.000 wall:      0.191)
 StdAugSystemSolverMultiSolve.......:      3.936 (sys:      0.000 wall:      3.942)
 LinearSystemScaling................:      0.000 (sys:      0.000 wall:      0.000)
 LinearSystemSymbolicFactorization..:      0.177 (sys:      0.000 wall:      0.177)
 LinearSystemFactorization..........:      2.746 (sys:      0.000 wall:      2.743)
 LinearSystemBackSolve..............:      0.908 (sys:      0.000 wall:      0.907)
 LinearSystemStructureConverter.....:      0.000 (sys:      0.000 wall:      0.000)
  LinearSystemStructureConverterInit:      0.000 (sys:      0.000 wall:      0.000)
QualityFunctionSearch...............:      0.000 (sys:      0.000 wall:      0.000)
TryCorrector........................:      0.000 (sys:      0.000 wall:      0.000)
Task1...............................:      0.000 (sys:      0.000 wall:      0.000)
Task2...............................:      0.000 (sys:      0.000 wall:      0.000)
Task3...............................:      0.000 (sys:      0.000 wall:      0.000)
Task4...............................:      0.000 (sys:      0.000 wall:      0.000)
Task5...............................:      0.000 (sys:      0.000 wall:      0.000)
Task6...............................:      0.000 (sys:      0.000 wall:      0.000)
Function Evaluations................:      0.350 (sys:      0.000 wall:      0.356)
 Objective function.................:      0.000 (sys:      0.000 wall:      0.001)
 Objective function gradient........:      0.010 (sys:      0.000 wall:      0.006)
 Equality constraints...............:      0.134 (sys:      0.000 wall:      0.131)
 Inequality constraints.............:      0.012 (sys:      0.000 wall:      0.012)
 Equality constraint Jacobian.......:      0.032 (sys:      0.000 wall:      0.030)
 Inequality constraint Jacobian.....:      0.102 (sys:      0.000 wall:      0.111)
 Lagrangian Hessian.................:      0.060 (sys:      0.000 wall:      0.065)

EXIT: Optimal Solution Found.
IPOPT_OPTION linear_solver=ma57
IPOPT_OPTION hsllib=C:/Users/Aryan Ritwajeet Jha/Documents/hsl/build/libma57.dll
IPOPT_OPTION linear_system_scaling=none
BOUND_SCREEN ell,psubs,substation,vupper: voltage limits dropped 1 lower, 10321 upper of 10321 buses; ell >= 0 dropped on 10320 lines; P_Subs >= 0 dropped: true
IPOPT_LOADFLOW_START applied
CENTRAL_IPOPT system=large10kC_1ph T=6 profile=periodic C_B=2.400000e-05 gamma=4.200000e+02 status=LOCALLY_SOLVED iterations=12 objective=3114759.071611219086 solve_time_s=5.140 build_s=12.127 wall_s=19.329 variables=266070 solver=3.14.19
CENTRAL_IPOPT_MEMORY maxrss_mib=1189.5
CENTRAL_IPOPT_BATTERY at_power_limit=0.000 mean_utilization=0.205 energy_window_used=1.000 throughput_pu_h=2.098029e+03 energy_term=3.103514e+06 cb_term=6.084968e+03 terminal_term=5.159878e+03
