
******************************************************************************
This program contains Ipopt, a library for large-scale nonlinear optimization.
 Ipopt is released as open source code under the Eclipse Public License (EPL).
         For more information visit https://github.com/coin-or/Ipopt
******************************************************************************

This is Ipopt version 3.14.19, running with linear solver ma97.

Number of nonzeros in equality constraint Jacobian...: 16691655
Number of nonzeros in inequality constraint Jacobian.:  5808384
Number of nonzeros in Lagrangian Hessian.............:  4499961

Total number of variables............................:  6240384
                     variables with only lower bounds:  1452672
                variables with lower and upper bounds:  1882944
                     variables with only upper bounds:        0
Total number of equality constraints.................:  4501440
Total number of inequality constraints...............:  1452096
        inequality constraints with only lower bounds:        0
   inequality constraints with lower and upper bounds:        0
        inequality constraints with only upper bounds:  1452096

iter    objective    inf_pr   inf_du lg(mu)  ||d||  lg(rg) alpha_du alpha_pr  ls
   0  4.1810895e+02 1.98e-01 1.14e+00  -1.0 0.00e+00    -  0.00e+00 0.00e+00   0
   1  6.3198249e+02 2.14e-01 4.52e+01  -1.0 1.45e+01    -  6.88e-04 3.19e-02f  1
   2  1.0136276e+03 2.15e-01 4.38e+01  -1.0 3.83e+00    -  2.20e-02 3.13e-02f  1
   3  1.1707245e+03 2.13e-01 4.32e+01  -1.0 3.10e+00    -  2.11e-02 1.30e-02f  1
   4  1.3749910e+03 2.08e-01 4.24e+01  -1.0 3.72e+00    -  2.16e-02 1.98e-02f  1
   5  1.6197318e+03 2.05e-01 4.13e+01  -1.0 3.43e+00    -  2.94e-02 2.52e-02f  1
   6  1.9586585e+03 2.09e-01 6.93e+01  -1.0 4.36e+00    -  4.94e-02 3.67e-02f  1
   7  2.6292000e+03 2.45e-01 1.35e+02  -1.0 5.11e+00    -  8.76e-02 7.59e-02f  1
   8  4.4178108e+03 5.55e-01 2.40e+02  -1.0 6.25e+00    -  1.60e-01 2.16e-01f  1
   9  5.8617929e+03 6.18e-01 7.41e+01  -1.0 8.15e+00    -  2.41e-01 2.08e-01f  1
iter    objective    inf_pr   inf_du lg(mu)  ||d||  lg(rg) alpha_du alpha_pr  ls
  10  7.2191517e+03 5.97e-01 4.67e+02  -1.0 8.47e+00    -  4.54e-01 2.27e-01f  1
  11  8.5466507e+03 4.96e-01 6.81e+02  -1.0 8.67e+00    -  4.21e-01 2.56e-01f  1
  12  9.6969693e+03 3.40e-01 1.06e+03  -1.0 7.59e+00    -  5.35e-01 3.07e-01f  1
  13  1.0698703e+04 1.77e-01 1.37e+03  -1.0 6.35e+00    -  6.25e-01 4.16e-01f  1
  14  1.2064492e+04 2.25e-04 2.32e+03  -1.0 6.21e+00    -  3.10e-01 9.90e-01f  1
  15  1.2052401e+04 2.24e-06 8.60e+02  -1.0 6.19e+00    -  7.70e-01 9.90e-01f  1
  16  1.2117534e+04 1.15e-08 2.03e+04  -1.0 3.82e+01    -  5.37e-01 9.95e-01f  1
  17  1.2146284e+04 8.67e-16 1.67e+06  -1.0 6.24e+01    -  6.22e-01 1.00e+00f  1
  18  1.2167515e+04 8.63e-16 2.78e+06  -1.0 1.80e+02    -  5.59e-01 1.00e+00f  1
  19  1.2192273e+04 1.06e-15 1.06e+06  -1.0 3.67e+02    -  6.18e-01 1.00e+00f  1
iter    objective    inf_pr   inf_du lg(mu)  ||d||  lg(rg) alpha_du alpha_pr  ls
  20  1.2243152e+04 9.43e-16 4.08e+05  -1.0 9.08e+02    -  6.15e-01 1.00e+00f  1
  21  1.2338743e+04 9.32e-16 1.32e+05  -1.0 1.94e+03    -  6.75e-01 1.00e+00f  1
  22  1.2484194e+04 9.67e-16 2.79e+04  -1.0 3.67e+03    -  7.89e-01 1.00e+00f  1
  23  1.2607601e+04 9.26e-16 8.35e-02  -1.0 4.33e+03    -  1.00e+00 1.00e+00f  1
  24  1.2249340e+04 9.97e-16 1.02e+06  -3.8 7.92e+03    -  8.87e-01 1.00e+00f  1
  25  1.2076196e+04 8.77e-16 6.66e+05  -3.8 3.41e+03    -  3.49e-01 1.00e+00f  1
  26  1.1993039e+04 1.02e-15 4.51e+05  -3.8 1.59e+02    -  3.23e-01 1.00e+00f  1
  27  1.1899879e+04 9.22e-16 3.19e+05  -3.8 6.00e+01    -  2.93e-01 1.00e+00f  1
  28  1.1790433e+04 9.78e-16 2.31e+05  -3.8 4.67e+01    -  2.75e-01 1.00e+00f  1
  29  1.1670817e+04 8.92e-16 1.73e+05  -3.8 2.98e+01    -  2.52e-01 1.00e+00f  1
iter    objective    inf_pr   inf_du lg(mu)  ||d||  lg(rg) alpha_du alpha_pr  ls
  30  1.1547207e+04 8.85e-16 1.30e+05  -3.8 2.24e+01    -  2.49e-01 1.00e+00f  1
  31  1.1418712e+04 8.22e-16 9.96e+04  -3.8 1.59e+01    -  2.33e-01 9.87e-01f  1
  32  1.1298581e+04 9.74e-16 7.57e+04  -3.8 9.73e+00    -  2.40e-01 8.87e-01f  1
  33  1.1154193e+04 2.52e-15 5.93e+04  -3.8 1.11e+01    -  2.16e-01 9.44e-01f  1
  34  1.1009199e+04 1.13e-15 4.56e+04  -3.8 7.31e+00    -  2.31e-01 9.80e-01f  1
  35  1.0889956e+04 1.13e-15 3.22e+04  -3.8 4.41e+00    -  2.95e-01 1.00e+00f  1
  36  1.0795252e+04 1.01e-15 2.20e+04  -3.8 2.94e+00    -  3.17e-01 1.00e+00h  1
  37  1.0720797e+04 1.44e-15 1.03e+04  -3.8 1.97e+00    -  5.33e-01 1.00e+00h  1
  38  1.0654226e+04 1.62e-15 7.29e-06  -3.8 1.55e+00    -  1.00e+00 1.00e+00h  1
  39  1.0601646e+04 1.03e-15 1.02e-05  -3.8 1.55e+00    -  1.00e+00 1.00e+00h  1
iter    objective    inf_pr   inf_du lg(mu)  ||d||  lg(rg) alpha_du alpha_pr  ls
  40  1.0603358e+04 1.04e-15 6.84e-08  -3.8 1.42e-01    -  1.00e+00 1.00e+00h  1
  41  1.0092623e+04 1.87e-01 4.19e+03  -5.7 2.65e+01    -  3.37e-01 6.48e-01f  1
  42  9.8552616e+03 2.45e-01 3.99e+03  -5.7 2.75e+01    -  1.93e-01 3.22e-01f  1
  43  9.8207945e+03 2.33e-01 1.69e+03  -5.7 2.25e+01    -  3.44e-01 5.46e-02h  1
  44  9.6856786e+03 2.00e-01 1.20e+03  -5.7 2.40e+01    -  2.32e-01 1.99e-01f  1
  45  9.5731208e+03 1.67e-01 7.17e+02  -5.7 2.05e+01    -  2.60e-01 1.91e-01f  1
  46  9.4879128e+03 1.41e-01 2.87e+02  -5.7 1.73e+01    -  2.84e-01 1.69e-01h  1
  47  9.3973502e+03 1.14e-01 1.12e+02  -5.7 1.47e+01    -  2.70e-01 2.10e-01h  1
  48  9.2857981e+03 8.02e-02 1.43e+02  -5.7 1.18e+01    -  2.76e-01 3.23e-01h  1
  49  9.1470383e+03 4.47e-02 2.28e+02  -5.7 8.34e+00    -  4.24e-01 5.91e-01h  1
iter    objective    inf_pr   inf_du lg(mu)  ||d||  lg(rg) alpha_du alpha_pr  ls
  50  9.1092685e+03 2.85e-02 9.58e+01  -5.7 3.44e+00    -  4.67e-01 3.94e-01h  1
  51  9.0926685e+03 2.05e-02 3.60e+01  -5.7 2.10e+00    -  3.91e-01 2.88e-01h  1
  52  9.0825730e+03 1.53e-02 1.56e+01  -5.7 1.51e+00    -  3.08e-01 2.47e-01h  1
  53  9.0751489e+03 1.14e-02 1.50e-01  -5.7 1.14e+00    -  3.31e-01 2.43e-01h  1
  54  9.0682721e+03 7.62e-03 9.94e+00  -5.7 8.62e-01    -  4.13e-01 2.99e-01h  1
  55  9.0611657e+03 3.67e-03 9.10e+00  -5.7 6.05e-01    -  5.12e-01 4.43e-01h  1
  56  9.0540864e+03 1.14e-15 1.75e-02  -5.7 3.37e-01    -  7.27e-01 8.00e-01h  1
  57  9.0523516e+03 1.04e-15 2.53e-07  -5.7 6.74e-02    -  1.00e+00 1.00e+00h  1
  58  9.0523541e+03 1.13e-15 2.02e-09  -5.7 1.19e-03    -  1.00e+00 1.00e+00h  1
  59  9.0444933e+03 1.19e-15 1.09e+01  -8.6 9.58e-01    -  2.23e-01 2.88e-01f  1
iter    objective    inf_pr   inf_du lg(mu)  ||d||  lg(rg) alpha_du alpha_pr  ls
  60  9.0410094e+03 1.37e-15 1.18e+01  -8.6 6.83e-01    -  1.58e-01 1.81e-01h  1
  61  9.0384515e+03 1.87e-15 1.37e+01  -8.6 5.60e-01    -  1.29e-01 1.63e-01h  1
  62  9.0365221e+03 1.87e-15 1.35e+01  -8.6 4.69e-01    -  1.28e-01 1.48e-01h  1
  63  9.0349663e+03 1.94e-15 1.30e+01  -8.6 3.99e-01    -  1.24e-01 1.41e-01h  1
  64  9.0335657e+03 1.63e-05 1.29e+01  -8.6 3.43e-01    -  1.23e-01 1.48e-01h  1
  65  9.0325455e+03 4.92e-05 1.10e+01  -8.6 2.92e-01    -  1.33e-01 1.27e-01h  1
  66  9.0315560e+03 7.91e-05 1.02e+01  -8.6 2.55e-01    -  1.28e-01 1.42e-01h  1
  67  9.0305922e+03 1.05e-04 9.96e+00  -8.6 2.19e-01    -  1.33e-01 1.63e-01h  1
  68  9.0298280e+03 1.16e-04 9.01e+00  -8.6 1.83e-01    -  1.41e-01 1.55e-01h  1
  69  9.0292786e+03 1.17e-04 7.54e+00  -8.6 1.55e-01    -  1.41e-01 1.33e-01h  1
iter    objective    inf_pr   inf_du lg(mu)  ||d||  lg(rg) alpha_du alpha_pr  ls
  70  9.0288440e+03 1.13e-04 3.31e+00  -8.6 1.34e-01    -  2.29e-01 1.22e-01h  1
  71  9.0284191e+03 1.09e-04 1.97e+00  -8.6 1.18e-01    -  1.74e-01 1.37e-01h  1
  72  9.0279939e+03 1.04e-04 5.27e-01  -8.6 1.02e-01    -  2.18e-01 1.60e-01h  1
  73  9.0274061e+03 1.04e-04 1.14e+00  -8.6 8.53e-02    -  2.16e-01 2.66e-01h  1
  74  9.0270985e+03 9.18e-05 1.83e-01  -8.6 6.27e-02    -  2.83e-01 1.92e-01h  1
  75  9.0268263e+03 7.87e-05 7.88e-01  -8.6 5.06e-02    -  2.87e-01 2.12e-01h  1
  76  9.0265140e+03 6.20e-05 2.05e-01  -8.6 3.99e-02    -  2.58e-01 3.13e-01h  1
  77  9.0263220e+03 4.51e-05 4.48e-01  -8.6 2.74e-02    -  3.51e-01 2.85e-01h  1
  78  9.0261715e+03 2.99e-05 4.54e-01  -8.6 1.96e-02    -  3.69e-01 3.19e-01h  1
  79  9.0260462e+03 1.69e-05 3.46e-01  -8.6 1.33e-02    -  4.39e-01 4.00e-01h  1
iter    objective    inf_pr   inf_du lg(mu)  ||d||  lg(rg) alpha_du alpha_pr  ls
  80  9.0259576e+03 7.31e-06 2.44e-01  -8.6 8.01e-03    -  5.53e-01 4.88e-01h  1
  81  9.0259046e+03 1.20e-06 1.06e-01  -8.6 4.10e-03    -  6.24e-01 6.04e-01h  1
  82  9.0258748e+03 1.10e-15 4.70e-02  -8.6 1.62e-03    -  6.32e-01 9.37e-01h  1
  83  9.0258740e+03 1.20e-15 8.24e-08  -8.6 2.25e-04    -  1.00e+00 1.00e+00f  1
  84  9.0258740e+03 8.89e-16 2.28e-10  -8.6 5.26e-05    -  1.00e+00 1.00e+00h  1

Number of Iterations....: 84

                                   (scaled)                 (unscaled)
Objective...............:   1.6526318679849351e+03    9.0258739843725234e+03
Dual infeasibility......:   2.2789918921540587e-10    1.2446748745726559e-09
Constraint violation....:   8.8947946230710784e-16    8.8947946230710784e-16
Variable bound violation:   9.9862027536090636e-09    9.9862027536090636e-09
Complementarity.........:   3.1101407409943991e-09    1.6986080775573138e-08
Overall NLP error.......:   3.1101407409943991e-09    1.6986080775573138e-08


Number of objective function evaluations             = 85
Number of objective gradient evaluations             = 85
Number of equality constraint evaluations            = 85
Number of inequality constraint evaluations          = 85
Number of equality constraint Jacobian evaluations   = 85
Number of inequality constraint Jacobian evaluations = 85
Number of Lagrangian Hessian evaluations             = 84
Total seconds in IPOPT (w/o function evaluations)    =    977.069
Total seconds in NLP function evaluations            =     88.201


Timing Statistics:

OverallAlgorithm....................:   1065.261 (sys:      0.000 wall:   1065.270)
 PrintProblemStatistics.............:      0.089 (sys:      0.000 wall:      0.089)
 InitializeIterates.................:     23.932 (sys:      0.000 wall:     23.932)
 UpdateHessian......................:     14.899 (sys:      0.000 wall:     14.894)
 OutputIteration....................:      0.015 (sys:      0.000 wall:      0.008)
 UpdateBarrierParameter.............:      3.275 (sys:      0.000 wall:      3.291)
 ComputeSearchDirection.............:    886.100 (sys:      0.000 wall:    886.112)
 ComputeAcceptableTrialPoint........:     75.896 (sys:      0.000 wall:     75.868)
 AcceptTrialPoint...................:      4.006 (sys:      0.000 wall:      4.007)
 CheckConvergence...................:     57.049 (sys:      0.000 wall:     57.068)
PDSystemSolverTotal.................:    880.127 (sys:      0.000 wall:    880.102)
 PDSystemSolverSolveOnce............:    808.031 (sys:      0.000 wall:    808.069)
 ComputeResiduals...................:     54.485 (sys:      0.000 wall:     54.507)
 StdAugSystemSolverMultiSolve.......:    806.850 (sys:      0.000 wall:    806.821)
 LinearSystemScaling................:      0.000 (sys:      0.000 wall:      0.000)
 LinearSystemSymbolicFactorization..:     10.804 (sys:      0.000 wall:     10.804)
 LinearSystemFactorization..........:    390.478 (sys:      0.000 wall:    390.478)
 LinearSystemBackSolve..............:    364.357 (sys:      0.000 wall:    364.352)
 LinearSystemStructureConverter.....:     14.967 (sys:      0.000 wall:     14.956)
  LinearSystemStructureConverterInit:      3.567 (sys:      0.000 wall:      3.568)
QualityFunctionSearch...............:      0.000 (sys:      0.000 wall:      0.000)
TryCorrector........................:      0.000 (sys:      0.000 wall:      0.000)
Task1...............................:      0.000 (sys:      0.000 wall:      0.000)
Task2...............................:      0.000 (sys:      0.000 wall:      0.000)
Task3...............................:      0.000 (sys:      0.000 wall:      0.000)
Task4...............................:      0.000 (sys:      0.000 wall:      0.000)
Task5...............................:      0.000 (sys:      0.000 wall:      0.000)
Task6...............................:      0.000 (sys:      0.000 wall:      0.000)
Function Evaluations................:     88.133 (sys:      0.000 wall:     88.201)
 Objective function.................:      0.173 (sys:      0.000 wall:      0.174)
 Objective function gradient........:      1.153 (sys:      0.000 wall:      1.144)
 Equality constraints...............:     36.302 (sys:      0.000 wall:     36.297)
 Inequality constraints.............:      0.705 (sys:      0.000 wall:      0.738)
 Equality constraint Jacobian.......:      4.185 (sys:      0.000 wall:      4.203)
 Inequality constraint Jacobian.....:     30.973 (sys:      0.000 wall:     30.995)
 Lagrangian Hessian.................:     14.642 (sys:      0.000 wall:     14.649)

EXIT: Optimal Solution Found.
IPOPT_OPTION linear_solver=ma97
IPOPT_OPTION hsllib=C:/Users/Aryan Ritwajeet Jha/Documents/hsl/build/libhsl_ma97.dll
IPOPT_OPTION linear_system_scaling=none
CENTRAL_IPOPT system=ieee2522C_1ph T=576 profile=periodic C_B=1.900000e-03 gamma=3.290000e+04 status=LOCALLY_SOLVED iterations=84 objective=9025.873984372523 solve_time_s=1067.846 build_s=122.550 wall_s=1221.518 variables=6240384 solver=3.14.19
CENTRAL_IPOPT_MEMORY maxrss_mib=14246.7
CENTRAL_IPOPT_BATTERY at_power_limit=0.041 mean_utilization=0.338 energy_window_used=1.000 throughput_pu_h=1.072488e+01 energy_term=8.933144e+03 cb_term=6.723419e+01 terminal_term=2.549532e+01
