
******************************************************************************
This program contains Ipopt, a library for large-scale nonlinear optimization.
 Ipopt is released as open source code under the Eclipse Public License (EPL).
         For more information visit https://github.com/coin-or/Ipopt
******************************************************************************

This is Ipopt version 3.14.19, running with linear solver ma97.

Number of nonzeros in equality constraint Jacobian...: 22255623
Number of nonzeros in inequality constraint Jacobian.:  7744512
Number of nonzeros in Lagrangian Hessian.............:  5999865

Total number of variables............................:  8320512
                     variables with only lower bounds:  1936896
                variables with lower and upper bounds:  2510592
                     variables with only upper bounds:        0
Total number of equality constraints.................:  6001920
Total number of inequality constraints...............:  1936128
        inequality constraints with only lower bounds:        0
   inequality constraints with lower and upper bounds:        0
        inequality constraints with only upper bounds:  1936128

iter    objective    inf_pr   inf_du lg(mu)  ||d||  lg(rg) alpha_du alpha_pr  ls
   0  4.1810895e+02 1.98e-01 1.05e+00  -1.0 0.00e+00    -  0.00e+00 0.00e+00   0
   1  6.2612045e+02 2.06e-01 4.43e+01  -1.0 1.45e+01    -  6.86e-04 3.13e-02f  1
   2  9.9799868e+02 2.07e-01 4.30e+01  -1.0 3.85e+00    -  2.39e-02 3.05e-02f  1
   3  1.1723500e+03 2.05e-01 4.24e+01  -1.0 3.20e+00    -  2.10e-02 1.46e-02f  1
   4  1.3836439e+03 2.00e-01 4.15e+01  -1.0 3.69e+00    -  2.24e-02 2.05e-02f  1
   5  1.6333681e+03 1.97e-01 4.04e+01  -1.0 3.39e+00    -  3.02e-02 2.57e-02f  1
   6  1.9589574e+03 2.01e-01 1.14e+02  -1.0 4.35e+00    -  5.32e-02 3.53e-02f  1
   7  2.6751937e+03 2.44e-01 1.59e+02  -1.0 5.05e+00    -  8.84e-02 8.09e-02f  1
   8  4.4067748e+03 5.24e-01 2.14e+02  -1.0 6.23e+00    -  1.67e-01 2.09e-01f  1
   9  5.8812838e+03 5.99e-01 1.71e+02  -1.0 8.05e+00    -  2.79e-01 2.11e-01f  1
iter    objective    inf_pr   inf_du lg(mu)  ||d||  lg(rg) alpha_du alpha_pr  ls
  10  7.4198877e+03 6.01e-01 3.32e+02  -1.0 8.46e+00    -  3.32e-01 2.55e-01f  1
  11  8.6077814e+03 4.96e-01 1.01e+03  -1.0 8.56e+00    -  5.44e-01 2.41e-01f  1
  12  9.7719895e+03 3.28e-01 1.20e+03  -1.0 7.52e+00    -  4.56e-01 3.17e-01f  1
  13  1.0743194e+04 1.69e-01 2.24e+03  -1.0 6.16e+00    -  7.29e-01 4.17e-01f  1
  14  1.2076236e+04 2.18e-04 2.49e+03  -1.0 7.93e+00    -  4.00e-01 9.90e-01f  1
  15  1.2074680e+04 2.17e-06 9.99e+02  -1.0 1.07e+01    -  7.66e-01 9.90e-01f  1
  16  1.2135114e+04 1.08e-08 2.31e+04  -1.0 5.99e+01    -  4.92e-01 9.95e-01f  1
  17  1.2159088e+04 8.81e-16 1.63e+06  -1.0 9.06e+01    -  6.44e-01 1.00e+00f  1
  18  1.2181791e+04 9.32e-16 2.70e+06  -1.0 2.69e+02    -  5.57e-01 1.00e+00f  1
  19  1.2215137e+04 9.40e-16 1.02e+06  -1.0 5.40e+02    -  6.22e-01 1.00e+00f  1
iter    objective    inf_pr   inf_du lg(mu)  ||d||  lg(rg) alpha_du alpha_pr  ls
  20  1.2287595e+04 1.03e-15 3.94e+05  -1.0 1.33e+03    -  6.14e-01 1.00e+00f  1
  21  1.2418348e+04 1.05e-15 1.29e+05  -1.0 2.71e+03    -  6.73e-01 1.00e+00f  1
  22  1.2598239e+04 8.13e-16 2.55e+04  -1.0 4.68e+03    -  8.02e-01 1.00e+00f  1
  23  1.2730993e+04 1.08e-15 7.26e-02  -1.0 4.75e+03    -  1.00e+00 1.00e+00f  1
  24  1.2315571e+04 1.00e-15 8.19e+05  -3.8 9.03e+03    -  9.10e-01 1.00e+00f  1
  25  1.2087946e+04 9.23e-16 5.34e+05  -3.8 5.16e+03    -  3.48e-01 1.00e+00f  1
  26  1.2005993e+04 9.62e-16 3.59e+05  -3.8 2.53e+02    -  3.28e-01 1.00e+00f  1
  27  1.1917653e+04 9.80e-16 2.53e+05  -3.8 6.03e+01    -  2.95e-01 1.00e+00f  1
  28  1.1814565e+04 9.40e-16 1.83e+05  -3.8 4.78e+01    -  2.75e-01 1.00e+00f  1
  29  1.1702212e+04 1.09e-15 1.36e+05  -3.8 3.10e+01    -  2.58e-01 1.00e+00f  1
iter    objective    inf_pr   inf_du lg(mu)  ||d||  lg(rg) alpha_du alpha_pr  ls
  30  1.1587563e+04 9.55e-16 1.02e+05  -3.8 2.21e+01    -  2.51e-01 1.00e+00f  1
  31  1.1479701e+04 8.60e-16 7.87e+04  -3.8 1.57e+01    -  2.27e-01 9.18e-01f  1
  32  1.1379303e+04 8.81e-16 6.04e+04  -3.8 1.02e+01    -  2.32e-01 8.42e-01f  1
  33  1.1252614e+04 3.07e-15 4.73e+04  -3.8 9.97e+00    -  2.17e-01 1.00e+00f  1
  34  1.1127132e+04 1.87e-15 3.62e+04  -3.8 7.63e+00    -  2.34e-01 9.91e-01f  1
  35  1.1021636e+04 1.10e-15 2.71e+04  -3.8 4.31e+00    -  2.51e-01 1.00e+00f  1
  36  1.0945726e+04 1.06e-15 1.83e+04  -3.8 2.48e+00    -  3.27e-01 1.00e+00h  1
  37  1.0892107e+04 8.42e-16 1.21e+04  -3.8 1.49e+00    -  3.35e-01 1.00e+00h  1
  38  1.0857389e+04 1.11e-15 2.48e+03  -3.8 1.08e+00    -  7.96e-01 1.00e+00h  1
  39  1.0829682e+04 9.58e-16 1.19e-06  -3.8 6.17e-01    -  1.00e+00 1.00e+00h  1
iter    objective    inf_pr   inf_du lg(mu)  ||d||  lg(rg) alpha_du alpha_pr  ls
  40  1.0824162e+04 8.85e-16 7.10e-08  -3.8 1.64e-01    -  1.00e+00 1.00e+00h  1
  41  1.0238101e+04 1.67e-01 5.93e+03  -5.7 3.59e+01    -  4.05e-01 8.45e-01f  1
  42  9.9433787e+03 3.01e-01 5.40e+03  -5.7 2.52e+01    -  1.68e-01 3.94e-01f  1
  43  9.8777770e+03 2.78e-01 3.44e+03  -5.7 2.49e+01    -  3.14e-01 1.03e-01h  1
  44  9.7873375e+03 2.50e-01 2.56e+03  -5.7 2.57e+01    -  2.26e-01 1.34e-01h  1
  45  9.6713768e+03 2.15e-01 1.96e+03  -5.7 2.39e+01    -  2.19e-01 1.80e-01f  1
  46  9.5788431e+03 1.84e-01 1.44e+03  -5.7 2.04e+01    -  2.38e-01 1.64e-01h  1
  47  9.4953434e+03 1.55e-01 1.01e+03  -5.7 1.76e+01    -  2.56e-01 1.69e-01h  1
  48  9.4112400e+03 1.26e-01 6.89e+02  -5.7 1.50e+01    -  2.75e-01 1.98e-01h  1
  49  9.3067156e+03 9.07e-02 5.10e+02  -5.7 1.23e+01    -  2.76e-01 3.02e-01h  1
iter    objective    inf_pr   inf_du lg(mu)  ||d||  lg(rg) alpha_du alpha_pr  ls
  50  9.1817815e+03 4.86e-02 2.90e+02  -5.7 8.87e+00    -  4.62e-01 5.12e-01h  1
  51  9.1081439e+03 2.35e-02 1.61e+02  -5.7 4.50e+00    -  5.04e-01 6.14e-01h  1
  52  9.0901557e+03 1.40e-02 8.24e+01  -5.7 1.68e+00    -  4.62e-01 3.94e-01h  1
  53  9.0805371e+03 8.53e-03 4.75e+01  -5.7 1.03e+00    -  4.01e-01 3.50e-01h  1
  54  9.0737308e+03 4.44e-03 1.97e+01  -5.7 6.71e-01    -  5.19e-01 3.83e-01h  1
  55  9.0673169e+03 4.42e-04 2.33e+00  -5.7 4.15e-01    -  8.95e-01 5.88e-01h  1
  56  9.0630644e+03 9.65e-16 3.09e-06  -5.7 3.09e-02  -4.0 1.00e+00 1.00e+00h  1
  57  9.0628624e+03 1.10e-15 9.57e-08  -5.7 1.92e-01    -  1.00e+00 1.00e+00h  1
  58  9.0628729e+03 1.12e-15 1.18e-10  -5.7 2.39e-02    -  1.00e+00 1.00e+00h  1
  59  9.0514864e+03 1.34e-15 1.20e+01  -8.6 1.27e+00    -  2.40e-01 3.11e-01f  1
iter    objective    inf_pr   inf_du lg(mu)  ||d||  lg(rg) alpha_du alpha_pr  ls
  60  9.0465009e+03 1.48e-15 1.49e+01  -8.6 8.81e-01    -  1.57e-01 1.99e-01h  1
  61  9.0432433e+03 1.64e-15 1.22e+01  -8.6 7.06e-01    -  1.66e-01 1.64e-01h  1
  62  9.0416068e+03 2.11e-15 8.18e+00  -8.6 5.91e-01    -  1.30e-01 9.89e-02h  1
  63  9.0395601e+03 6.48e-06 9.31e+00  -8.6 5.33e-01    -  1.09e-01 1.38e-01h  1
  64  9.0377568e+03 8.48e-05 9.44e+00  -8.6 4.59e-01    -  1.21e-01 1.41e-01h  1
  65  9.0361530e+03 1.44e-04 9.73e+00  -8.6 3.94e-01    -  1.20e-01 1.47e-01h  1
  66  9.0348521e+03 1.76e-04 9.23e+00  -8.6 3.36e-01    -  1.25e-01 1.41e-01h  1
  67  9.0337886e+03 1.93e-04 8.27e+00  -8.6 2.89e-01    -  1.29e-01 1.35e-01h  1
  68  9.0328507e+03 2.01e-04 7.49e+00  -8.6 2.50e-01    -  1.29e-01 1.38e-01h  1
  69  9.0320404e+03 2.02e-04 6.72e+00  -8.6 2.15e-01    -  1.31e-01 1.39e-01h  1
iter    objective    inf_pr   inf_du lg(mu)  ||d||  lg(rg) alpha_du alpha_pr  ls
  70  9.0313777e+03 1.96e-04 5.83e+00  -8.6 1.86e-01    -  1.33e-01 1.33e-01h  1
  71  9.0308595e+03 1.87e-04 4.82e+00  -8.6 1.61e-01    -  1.32e-01 1.21e-01h  1
  72  9.0304352e+03 1.76e-04 2.63e+00  -8.6 1.41e-01    -  1.84e-01 1.13e-01h  1
  73  9.0300108e+03 1.65e-04 1.31e+00  -8.6 1.25e-01    -  1.80e-01 1.28e-01h  1
  74  9.0296153e+03 1.53e-04 2.68e-01  -8.6 1.09e-01    -  2.28e-01 1.38e-01h  1
  75  9.0292295e+03 1.40e-04 1.36e-01  -8.6 9.43e-02    -  1.50e-01 1.57e-01h  1
  76  9.0287127e+03 1.27e-04 3.87e-01  -8.6 7.94e-02    -  2.80e-01 2.52e-01h  1
  77  9.0283324e+03 1.08e-04 5.69e-01  -8.6 5.94e-02    -  2.89e-01 2.51e-01h  1
  78  9.0281099e+03 9.03e-05 3.24e-01  -8.6 4.45e-02    -  1.73e-01 1.99e-01h  1
  79  9.0279321e+03 7.42e-05 7.21e-01  -8.6 3.57e-02    -  3.07e-01 2.00e-01h  1
iter    objective    inf_pr   inf_du lg(mu)  ||d||  lg(rg) alpha_du alpha_pr  ls
  80  9.0276904e+03 5.04e-05 4.38e-01  -8.6 2.85e-02    -  3.32e-01 3.44e-01h  1
  81  9.0275105e+03 2.89e-05 2.42e-01  -8.6 1.87e-02    -  3.90e-01 4.00e-01h  1
  82  9.0274029e+03 1.55e-05 2.40e-01  -8.6 1.12e-02    -  4.91e-01 4.11e-01h  1
  83  9.0273238e+03 5.25e-06 1.61e-01  -8.6 6.62e-03    -  6.13e-01 5.34e-01h  1
  84  9.0272782e+03 1.16e-15 8.04e-02  -8.6 3.08e-03    -  8.44e-01 7.07e-01h  1
  85  9.0272613e+03 1.37e-15 2.35e-07  -8.6 9.41e-04    -  1.00e+00 1.00e+00f  1
  86  9.0272617e+03 1.24e-15 5.14e-09  -8.6 6.13e-05    -  1.00e+00 1.00e+00h  1

Number of Iterations....: 86

                                   (scaled)                 (unscaled)
Objective...............:   1.6528859499119465e+03    9.0272616566662382e+03
Dual infeasibility......:   5.1379550869842469e-09    2.8061019547584035e-08
Constraint violation....:   1.2411946470614055e-15    1.2411946470614055e-15
Variable bound violation:   9.6446561848040346e-09    9.6446561848040346e-09
Complementarity.........:   2.6470074962998966e-09    1.4456671543205456e-08
Overall NLP error.......:   5.1379550869842469e-09    2.8061019547584035e-08


Number of objective function evaluations             = 87
Number of objective gradient evaluations             = 87
Number of equality constraint evaluations            = 87
Number of inequality constraint evaluations          = 87
Number of equality constraint Jacobian evaluations   = 87
Number of inequality constraint Jacobian evaluations = 87
Number of Lagrangian Hessian evaluations             = 86
Total seconds in IPOPT (w/o function evaluations)    =   1372.013
Total seconds in NLP function evaluations            =    116.997


Timing Statistics:

OverallAlgorithm....................:   1489.011 (sys:      0.000 wall:   1489.010)
 PrintProblemStatistics.............:      0.130 (sys:      0.000 wall:      0.131)
 InitializeIterates.................:     31.939 (sys:      0.000 wall:     31.940)
 UpdateHessian......................:     19.930 (sys:      0.000 wall:     19.939)
 OutputIteration....................:      0.015 (sys:      0.000 wall:      0.009)
 UpdateBarrierParameter.............:      4.574 (sys:      0.000 wall:      4.543)
 ComputeSearchDirection.............:   1246.807 (sys:      0.000 wall:   1246.836)
 ComputeAcceptableTrialPoint........:    102.991 (sys:      0.000 wall:    102.986)
 AcceptTrialPoint...................:      5.826 (sys:      0.000 wall:      5.836)
 CheckConvergence...................:     76.798 (sys:      0.000 wall:     76.792)
PDSystemSolverTotal.................:   1238.872 (sys:      0.000 wall:   1238.902)
 PDSystemSolverSolveOnce............:   1135.626 (sys:      0.000 wall:   1135.643)
 ComputeResiduals...................:     77.570 (sys:      0.000 wall:     77.536)
 StdAugSystemSolverMultiSolve.......:   1132.079 (sys:      0.000 wall:   1132.078)
 LinearSystemScaling................:      0.000 (sys:      0.000 wall:      0.000)
 LinearSystemSymbolicFactorization..:     14.864 (sys:      0.000 wall:     14.864)
 LinearSystemFactorization..........:    535.330 (sys:      0.000 wall:    535.332)
 LinearSystemBackSolve..............:    523.153 (sys:      0.000 wall:    523.179)
 LinearSystemStructureConverter.....:     21.003 (sys:      0.000 wall:     21.024)
  LinearSystemStructureConverterInit:      5.125 (sys:      0.000 wall:      5.124)
QualityFunctionSearch...............:      0.000 (sys:      0.000 wall:      0.000)
TryCorrector........................:      0.000 (sys:      0.000 wall:      0.000)
Task1...............................:      0.000 (sys:      0.000 wall:      0.000)
Task2...............................:      0.000 (sys:      0.000 wall:      0.000)
Task3...............................:      0.000 (sys:      0.000 wall:      0.000)
Task4...............................:      0.000 (sys:      0.000 wall:      0.000)
Task5...............................:      0.000 (sys:      0.000 wall:      0.000)
Task6...............................:      0.000 (sys:      0.000 wall:      0.000)
Function Evaluations................:    116.970 (sys:      0.000 wall:    116.997)
 Objective function.................:      0.248 (sys:      0.000 wall:      0.251)
 Objective function gradient........:      1.583 (sys:      0.000 wall:      1.588)
 Equality constraints...............:     48.495 (sys:      0.000 wall:     48.522)
 Inequality constraints.............:      1.005 (sys:      0.000 wall:      1.000)
 Equality constraint Jacobian.......:      5.717 (sys:      0.000 wall:      5.739)
 Inequality constraint Jacobian.....:     40.309 (sys:      0.000 wall:     40.302)
 Lagrangian Hessian.................:     19.613 (sys:      0.000 wall:     19.597)

EXIT: Optimal Solution Found.
IPOPT_OPTION linear_solver=ma97
IPOPT_OPTION hsllib=C:/Users/Aryan Ritwajeet Jha/Documents/hsl/build/libhsl_ma97.dll
IPOPT_OPTION linear_system_scaling=none
CENTRAL_IPOPT system=ieee2522C_1ph T=768 profile=periodic C_B=1.900000e-03 gamma=3.290000e+04 status=LOCALLY_SOLVED iterations=86 objective=9027.261656666238 solve_time_s=1500.053 build_s=166.909 wall_s=1701.428 variables=8320512 solver=3.14.19
CENTRAL_IPOPT_MEMORY maxrss_mib=17746.3
CENTRAL_IPOPT_BATTERY at_power_limit=0.041 mean_utilization=0.337 energy_window_used=1.000 throughput_pu_h=1.072347e+01 energy_term=8.934510e+03 cb_term=6.722245e+01 terminal_term=2.552952e+01
