
******************************************************************************
This program contains Ipopt, a library for large-scale nonlinear optimization.
 Ipopt is released as open source code under the Eclipse Public License (EPL).
         For more information visit https://github.com/coin-or/Ipopt
******************************************************************************

This is Ipopt version 3.14.19, running with linear solver ma97.

Number of nonzeros in equality constraint Jacobian...: 11127687
Number of nonzeros in inequality constraint Jacobian.:  3872256
Number of nonzeros in Lagrangian Hessian.............:  3000057

Total number of variables............................:  4160256
                     variables with only lower bounds:   968448
                variables with lower and upper bounds:  1255296
                     variables with only upper bounds:        0
Total number of equality constraints.................:  3000960
Total number of inequality constraints...............:   968064
        inequality constraints with only lower bounds:        0
   inequality constraints with lower and upper bounds:        0
        inequality constraints with only upper bounds:   968064

iter    objective    inf_pr   inf_du lg(mu)  ||d||  lg(rg) alpha_du alpha_pr  ls
   0  4.1810895e+02 1.98e-01 1.40e+00  -1.0 0.00e+00    -  0.00e+00 0.00e+00   0
   1  6.4380150e+02 2.31e-01 4.69e+01  -1.0 1.44e+01    -  6.91e-04 3.32e-02f  1
   2  1.0439020e+03 2.31e-01 4.54e+01  -1.0 3.79e+00    -  1.70e-02 3.29e-02f  1
   3  1.1691226e+03 2.29e-01 4.49e+01  -1.0 2.86e+00    -  2.04e-02 1.01e-02f  1
   4  1.3501449e+03 2.25e-01 4.41e+01  -1.0 3.68e+00    -  2.02e-02 1.76e-02f  1
   5  1.5879084e+03 2.20e-01 4.30e+01  -1.0 3.55e+00    -  2.72e-02 2.45e-02f  1
   6  1.9179743e+03 2.23e-01 4.15e+01  -1.0 4.30e+00    -  4.46e-02 3.58e-02f  1
   7  2.5826732e+03 2.60e-01 8.89e+01  -1.0 5.20e+00    -  8.65e-02 7.52e-02f  1
   8  4.4827601e+03 6.32e-01 3.34e+02  -1.0 6.38e+00    -  1.40e-01 2.29e-01f  1
   9  5.8398774e+03 6.68e-01 1.98e+02  -1.0 8.46e+00    -  2.22e-01 1.99e-01f  1
iter    objective    inf_pr   inf_du lg(mu)  ||d||  lg(rg) alpha_du alpha_pr  ls
  10  6.9441253e+03 6.19e-01 6.18e+02  -1.0 8.60e+00    -  6.71e-01 1.86e-01f  1
  11  8.4927601e+03 5.07e-01 5.22e+02  -1.0 9.08e+00    -  3.14e-01 2.71e-01f  1
  12  9.6585301e+03 3.44e-01 5.95e+02  -1.0 8.05e+00    -  4.19e-01 2.96e-01f  1
  13  1.0662678e+04 1.90e-01 6.21e+02  -1.0 6.53e+00    -  5.18e-01 4.07e-01f  1
  14  1.2058869e+04 2.39e-04 1.47e+03  -1.0 5.60e+00    -  3.90e-01 9.90e-01h  1
  15  1.2041259e+04 2.38e-06 6.33e+02  -1.0 6.18e+00    -  7.45e-01 9.90e-01f  1
  16  1.2107126e+04 1.29e-08 1.70e+04  -1.0 3.36e+01    -  5.88e-01 9.95e-01f  1
  17  1.2137058e+04 8.39e-16 1.68e+06  -1.0 6.42e+01    -  5.96e-01 1.00e+00f  1
  18  1.2157913e+04 8.87e-16 2.85e+06  -1.0 1.71e+02    -  5.65e-01 1.00e+00f  1
  19  1.2181539e+04 8.53e-16 1.07e+06  -1.0 3.46e+02    -  6.24e-01 1.00e+00f  1
iter    objective    inf_pr   inf_du lg(mu)  ||d||  lg(rg) alpha_du alpha_pr  ls
  20  1.2228023e+04 9.23e-16 4.01e+05  -1.0 8.47e+02    -  6.27e-01 1.00e+00f  1
  21  1.2309657e+04 9.59e-16 1.19e+05  -1.0 1.76e+03    -  7.04e-01 1.00e+00f  1
  22  1.2418164e+04 8.51e-16 1.66e+04  -1.0 3.09e+03    -  8.60e-01 1.00e+00f  1
  23  1.2487491e+04 9.66e-16 5.06e-02  -1.0 2.87e+03    -  1.00e+00 1.00e+00f  1
  24  1.2188460e+04 9.11e-16 1.37e+06  -3.8 7.06e+03    -  8.49e-01 1.00e+00f  1
  25  1.2056777e+04 9.71e-16 8.91e+05  -3.8 2.03e+03    -  3.48e-01 1.00e+00f  1
  26  1.1969487e+04 8.70e-16 6.09e+05  -3.8 8.53e+01    -  3.17e-01 1.00e+00f  1
  27  1.1867869e+04 1.19e-15 4.29e+05  -3.8 5.87e+01    -  2.95e-01 1.00e+00f  1
  28  1.1747877e+04 8.74e-16 3.09e+05  -3.8 4.43e+01    -  2.79e-01 1.00e+00f  1
  29  1.1616063e+04 9.75e-16 2.32e+05  -3.8 2.94e+01    -  2.51e-01 1.00e+00f  1
iter    objective    inf_pr   inf_du lg(mu)  ||d||  lg(rg) alpha_du alpha_pr  ls
  30  1.1476178e+04 8.90e-16 1.74e+05  -3.8 2.23e+01    -  2.49e-01 1.00e+00f  1
  31  1.1324374e+04 9.88e-16 1.33e+05  -3.8 1.53e+01    -  2.33e-01 1.00e+00f  1
  32  1.1158662e+04 9.03e-16 1.02e+05  -3.8 1.11e+01    -  2.34e-01 1.00e+00f  1
  33  1.0979458e+04 9.04e-16 7.84e+04  -3.8 9.82e+00    -  2.33e-01 1.00e+00f  1
  34  1.0825391e+04 1.11e-15 5.71e+04  -3.8 6.31e+00    -  2.72e-01 9.70e-01f  1
  35  1.0686542e+04 9.61e-16 3.96e+04  -3.8 4.63e+00    -  3.06e-01 1.00e+00f  1
  36  1.0560211e+04 1.11e-15 2.09e+04  -3.8 3.61e+00    -  4.71e-01 1.00e+00f  1
  37  1.0426887e+04 1.40e-15 3.09e+03  -3.8 3.19e+00    -  8.52e-01 1.00e+00h  1
  38  1.0275113e+04 9.79e-03 1.30e+03  -3.8 6.60e+00    -  5.78e-01 1.00e+00h  1
  39  1.0261242e+04 8.69e-16 1.73e-06  -3.8 7.56e-01    -  1.00e+00 1.00e+00h  1
iter    objective    inf_pr   inf_du lg(mu)  ||d||  lg(rg) alpha_du alpha_pr  ls
  40  9.8144565e+03 2.33e-01 2.77e+03  -5.7 2.59e+01    -  3.30e-01 5.36e-01f  1
  41  9.7729887e+03 2.19e-01 1.80e+01  -5.7 2.15e+01    -  3.49e-01 6.39e-02h  1
  42  9.6265877e+03 1.83e-01 1.27e+02  -5.7 2.24e+01    -  2.41e-01 2.17e-01f  1
  43  9.5197403e+03 1.52e-01 3.41e+02  -5.7 1.85e+01    -  2.44e-01 1.90e-01f  1
  44  9.4360998e+03 1.27e-01 6.40e+02  -5.7 1.54e+01    -  2.84e-01 1.78e-01f  1
  45  9.3434887e+03 9.97e-02 5.59e+02  -5.7 1.30e+01    -  2.63e-01 2.34e-01f  1
  46  9.2097737e+03 6.37e-02 4.75e+01  -5.7 1.03e+01    -  2.89e-01 4.39e-01f  1
  47  9.1181432e+03 3.67e-02 1.36e+02  -5.7 5.94e+00    -  4.11e-01 5.35e-01h  1
  48  9.0992565e+03 2.84e-02 2.31e+01  -5.7 2.81e+00    -  4.09e-01 2.40e-01h  1
  49  9.0858078e+03 2.23e-02 3.93e+01  -5.7 2.16e+00    -  2.74e-01 2.25e-01h  1
iter    objective    inf_pr   inf_du lg(mu)  ||d||  lg(rg) alpha_du alpha_pr  ls
  50  9.0783324e+03 1.88e-02 5.85e+01  -5.7 1.68e+00    -  2.42e-01 1.62e-01h  1
  51  9.0718699e+03 1.56e-02 6.86e+01  -5.7 1.41e+00    -  2.51e-01 1.68e-01h  1
  52  9.0658173e+03 1.26e-02 7.39e+01  -5.7 1.18e+00    -  2.92e-01 1.90e-01h  1
  53  9.0594694e+03 9.49e-03 5.30e+01  -5.7 9.52e-01    -  2.28e-01 2.48e-01h  1
  54  9.0535616e+03 6.46e-03 2.87e+01  -5.7 7.16e-01    -  2.29e-01 3.09e-01h  1
  55  9.0475024e+03 3.24e-03 8.00e-01  -5.7 4.95e-01    -  2.69e-01 4.61e-01h  1
  56  9.0434994e+03 7.96e-04 6.51e+00  -5.7 2.67e-01    -  4.48e-01 5.71e-01h  1
  57  9.0405243e+03 9.08e-16 8.13e+00  -5.7 1.15e-01    -  7.37e-01 1.00e+00h  1
  58  9.0405365e+03 1.04e-15 3.14e-08  -5.7 3.49e-03    -  1.00e+00 1.00e+00h  1
  59  9.0357053e+03 1.39e-15 1.44e+01  -8.6 6.40e-01    -  1.82e-01 2.68e-01f  1
iter    objective    inf_pr   inf_du lg(mu)  ||d||  lg(rg) alpha_du alpha_pr  ls
  60  9.0336624e+03 1.93e-15 1.44e+01  -8.6 4.68e-01    -  1.40e-01 1.57e-01h  1
  61  9.0320667e+03 2.24e-15 1.48e+01  -8.6 3.95e-01    -  1.24e-01 1.46e-01h  1
  62  9.0299270e+03 1.94e-15 2.17e+01  -8.6 3.37e-01    -  1.30e-01 2.30e-01h  1
  63  9.0293145e+03 2.30e-15 1.38e+01  -8.6 2.60e-01    -  1.54e-01 8.63e-02h  1
  64  9.0281690e+03 2.13e-15 1.56e+01  -8.6 2.37e-01    -  1.20e-01 1.77e-01h  1
  65  9.0275409e+03 3.41e-06 1.21e+01  -8.6 1.95e-01    -  1.44e-01 1.19e-01h  1
  66  9.0266946e+03 3.71e-05 1.28e+01  -8.6 1.72e-01    -  1.31e-01 1.83e-01h  1
  67  9.0264003e+03 3.88e-05 7.36e+00  -8.6 1.40e-01    -  1.69e-01 7.86e-02h  1
  68  9.0258973e+03 4.78e-05 1.67e+00  -8.6 1.29e-01    -  2.59e-01 1.47e-01h  1
  69  9.0253400e+03 5.92e-05 1.61e+00  -8.6 1.10e-01    -  1.83e-01 1.92e-01h  1
iter    objective    inf_pr   inf_du lg(mu)  ||d||  lg(rg) alpha_du alpha_pr  ls
  70  9.0247815e+03 6.77e-05 1.06e+00  -8.6 8.93e-02    -  2.47e-01 2.40e-01h  1
  71  9.0244017e+03 6.47e-05 3.56e-01  -8.6 6.78e-02    -  2.81e-01 2.17e-01h  1
  72  9.0240399e+03 5.86e-05 3.98e-01  -8.6 5.31e-02    -  2.78e-01 2.68e-01h  1
  73  9.0238710e+03 5.04e-05 1.21e+00  -8.6 3.88e-02    -  2.64e-01 1.74e-01h  1
  74  9.0236094e+03 3.73e-05 6.84e-01  -8.6 3.21e-02    -  3.12e-01 3.29e-01h  1
  75  9.0234393e+03 2.47e-05 6.36e-01  -8.6 2.15e-02    -  3.61e-01 3.26e-01h  1
  76  9.0232977e+03 1.38e-05 3.68e-01  -8.6 1.45e-02    -  4.11e-01 4.13e-01h  1
  77  9.0232236e+03 7.87e-06 4.79e-01  -8.6 8.52e-03    -  5.18e-01 3.83e-01h  1
  78  9.0231619e+03 2.63e-06 2.62e-01  -8.6 5.26e-03    -  5.86e-01 5.40e-01h  1
  79  9.0231279e+03 1.36e-15 9.91e-02  -8.6 2.42e-03    -  7.46e-01 6.94e-01h  1
iter    objective    inf_pr   inf_du lg(mu)  ||d||  lg(rg) alpha_du alpha_pr  ls
  80  9.0231149e+03 1.01e-15 5.95e-07  -8.6 8.25e-04    -  1.00e+00 1.00e+00f  1
  81  9.0231153e+03 1.22e-15 3.53e-08  -8.6 1.41e-04    -  1.00e+00 1.00e+00h  1
  82  9.0231153e+03 9.23e-16 6.89e-11  -8.6 2.18e-05    -  1.00e+00 1.00e+00h  1

Number of Iterations....: 82

                                   (scaled)                 (unscaled)
Objective...............:   1.6521267508456629e+03    9.0231152794638638e+03
Dual infeasibility......:   6.8941535550235875e-11    3.7652524087187684e-10
Constraint violation....:   9.2287288921966137e-16    9.2287288921966137e-16
Variable bound violation:   1.0327605659554706e-08    1.0327605659554706e-08
Complementarity.........:   2.6186310994246558e-09    1.4301693421768915e-08
Overall NLP error.......:   2.6186310994246558e-09    1.4301693421768915e-08


Number of objective function evaluations             = 83
Number of objective gradient evaluations             = 83
Number of equality constraint evaluations            = 83
Number of inequality constraint evaluations          = 83
Number of equality constraint Jacobian evaluations   = 83
Number of inequality constraint Jacobian evaluations = 83
Number of Lagrangian Hessian evaluations             = 82
Total seconds in IPOPT (w/o function evaluations)    =    627.230
Total seconds in NLP function evaluations            =     59.105


Timing Statistics:

OverallAlgorithm....................:    686.339 (sys:      0.000 wall:    686.336)
 PrintProblemStatistics.............:      0.072 (sys:      0.000 wall:      0.074)
 InitializeIterates.................:     15.491 (sys:      0.000 wall:     15.488)
 UpdateHessian......................:     10.201 (sys:      0.000 wall:     10.185)
 OutputIteration....................:      0.003 (sys:      0.000 wall:      0.008)
 UpdateBarrierParameter.............:      2.169 (sys:      0.000 wall:      2.165)
 ComputeSearchDirection.............:    567.924 (sys:      0.000 wall:    567.942)
 ComputeAcceptableTrialPoint........:     50.984 (sys:      0.000 wall:     50.962)
 AcceptTrialPoint...................:      2.637 (sys:      0.000 wall:      2.660)
 CheckConvergence...................:     36.858 (sys:      0.000 wall:     36.853)
PDSystemSolverTotal.................:    564.105 (sys:      0.000 wall:    564.109)
 PDSystemSolverSolveOnce............:    518.921 (sys:      0.000 wall:    518.882)
 ComputeResiduals...................:     34.092 (sys:      0.000 wall:     34.061)
 StdAugSystemSolverMultiSolve.......:    518.288 (sys:      0.000 wall:    518.291)
 LinearSystemScaling................:      0.000 (sys:      0.000 wall:      0.000)
 LinearSystemSymbolicFactorization..:      7.094 (sys:      0.000 wall:      7.095)
 LinearSystemFactorization..........:    256.695 (sys:      0.000 wall:    256.700)
 LinearSystemBackSolve..............:    227.903 (sys:      0.000 wall:    227.892)
 LinearSystemStructureConverter.....:      9.856 (sys:      0.000 wall:      9.841)
  LinearSystemStructureConverterInit:      2.406 (sys:      0.000 wall:      2.402)
QualityFunctionSearch...............:      0.000 (sys:      0.000 wall:      0.000)
TryCorrector........................:      0.000 (sys:      0.000 wall:      0.000)
Task1...............................:      0.000 (sys:      0.000 wall:      0.000)
Task2...............................:      0.000 (sys:      0.000 wall:      0.000)
Task3...............................:      0.000 (sys:      0.000 wall:      0.000)
Task4...............................:      0.000 (sys:      0.000 wall:      0.000)
Task5...............................:      0.000 (sys:      0.000 wall:      0.000)
Task6...............................:      0.000 (sys:      0.000 wall:      0.000)
Function Evaluations................:     59.114 (sys:      0.000 wall:     59.105)
 Objective function.................:      0.130 (sys:      0.000 wall:      0.117)
 Objective function gradient........:      0.685 (sys:      0.000 wall:      0.692)
 Equality constraints...............:     25.076 (sys:      0.000 wall:     25.092)
 Inequality constraints.............:      0.521 (sys:      0.000 wall:      0.519)
 Equality constraint Jacobian.......:      2.670 (sys:      0.000 wall:      2.651)
 Inequality constraint Jacobian.....:     19.985 (sys:      0.000 wall:     19.998)
 Lagrangian Hessian.................:     10.047 (sys:      0.000 wall:     10.036)

EXIT: Optimal Solution Found.
IPOPT_OPTION linear_solver=ma97
IPOPT_OPTION hsllib=C:/Users/Aryan Ritwajeet Jha/Documents/hsl/build/libhsl_ma97.dll
IPOPT_OPTION linear_system_scaling=none
CENTRAL_IPOPT system=ieee2522C_1ph T=384 profile=periodic C_B=1.900000e-03 gamma=3.290000e+04 status=LOCALLY_SOLVED iterations=82 objective=9023.115279463864 solve_time_s=691.171 build_s=82.603 wall_s=788.493 variables=4160256 solver=3.14.19
CENTRAL_IPOPT_MEMORY maxrss_mib=9508.9
CENTRAL_IPOPT_BATTERY at_power_limit=0.041 mean_utilization=0.338 energy_window_used=1.000 throughput_pu_h=1.072740e+01 energy_term=8.930434e+03 cb_term=6.725370e+01 terminal_term=2.542709e+01
