QUIET_WAIT waited_s=18 other_cores=0.47 timed_out=0

******************************************************************************
This program contains Ipopt, a library for large-scale nonlinear optimization.
 Ipopt is released as open source code under the Eclipse Public License (EPL).
         For more information visit https://github.com/coin-or/Ipopt
******************************************************************************

This is Ipopt version 3.14.19, running with linear solver ma57.

Number of nonzeros in equality constraint Jacobian...:  5692980
Number of nonzeros in inequality constraint Jacobian.:  1981440
Number of nonzeros in Lagrangian Hessian.............:  1536060

Reallocating memory for MA57: lfact (69735972)
Total number of variables............................:  2128560
                     variables with only lower bounds:   495408
                variables with lower and upper bounds:   642384
                     variables with only upper bounds:        0
Total number of equality constraints.................:  1535184
Total number of inequality constraints...............:   495360
        inequality constraints with only lower bounds:        0
   inequality constraints with lower and upper bounds:        0
        inequality constraints with only upper bounds:   495360

iter    objective    inf_pr   inf_du lg(mu)  ||d||  lg(rg) alpha_du alpha_pr  ls
   0  1.2375691e+05 6.40e-01 2.87e+01  -1.0 0.00e+00    -  0.00e+00 0.00e+00   0
   1  1.2819204e+05 6.40e-01 3.40e+01  -1.0 2.01e+02    -  4.93e-05 5.84e-04h  1
   2  1.2936942e+05 6.39e-01 3.47e+01  -1.0 1.12e+03    -  1.12e-04 3.26e-04f  1
   3  1.3025832e+05 6.39e-01 3.48e+01  -1.0 1.04e+03    -  1.68e-04 3.30e-04f  1
   4  1.1883887e+06 2.10e+01 4.51e+02  -1.0 1.07e+03    -  2.25e-04 3.95e-01f  1
   5  1.1908299e+06 2.10e+01 4.50e+02  -1.0 7.23e+03    -  3.88e-03 6.27e-04h  1
   6  1.1916176e+06 2.10e+01 4.49e+02  -1.0 8.38e+03    -  1.03e-03 2.68e-04h  1
   7  1.1928528e+06 2.10e+01 4.49e+02  -1.0 8.70e+03    -  4.88e-04 4.87e-04h  1
   8  1.1947328e+06 2.10e+01 4.49e+02  -1.0 7.54e+03    -  6.32e-04 8.18e-04f  1
   9  1.1999048e+06 2.09e+01 5.66e+02  -1.0 8.62e+03    -  8.52e-04 2.55e-03f  1
iter    objective    inf_pr   inf_du lg(mu)  ||d||  lg(rg) alpha_du alpha_pr  ls
  10  1.2040886e+06 2.09e+01 6.10e+02  -1.0 9.54e+03    -  1.66e-03 2.66e-03f  1
  11  1.2080276e+06 2.08e+01 6.31e+02  -1.0 8.10e+03    -  1.78e-03 2.57e-03f  1
  12  1.2142418e+06 2.07e+01 6.58e+02  -1.0 6.55e+03    -  2.59e-03 4.03e-03f  1
  13  1.2203610e+06 2.06e+01 6.66e+02  -1.0 4.86e+03    -  3.22e-03 3.96e-03f  1
  14  1.2261689e+06 2.06e+01 6.48e+02  -1.0 3.68e+03    -  5.18e-03 3.75e-03f  1
  15  1.2348607e+06 2.04e+01 6.55e+02  -1.0 2.77e+03    -  4.32e-03 5.60e-03f  1
  16  1.2477136e+06 2.03e+01 6.67e+02  -1.0 2.22e+03    -  5.50e-03 8.28e-03f  1
  17  1.2564462e+06 2.02e+01 6.54e+02  -1.0 1.80e+03    -  7.60e-03 5.64e-03f  1
  18  1.2710366e+06 2.00e+01 6.50e+02  -1.0 1.54e+03    -  8.85e-03 9.44e-03f  1
  19  1.3088328e+06 1.95e+01 6.69e+02  -1.0 1.33e+03    -  1.40e-02 2.46e-02f  1
iter    objective    inf_pr   inf_du lg(mu)  ||d||  lg(rg) alpha_du alpha_pr  ls
  20  1.3307527e+06 1.92e+01 6.52e+02  -1.0 1.13e+03    -  1.76e-02 1.46e-02f  1
  21  1.3643845e+06 1.88e+01 6.45e+02  -1.0 1.05e+03    -  1.85e-02 2.27e-02f  1
  22  1.3865315e+06 1.85e+01 6.28e+02  -1.0 9.86e+02    -  1.94e-02 1.53e-02f  1
  23  1.4381663e+06 1.78e+01 6.25e+02  -1.0 9.50e+02    -  2.36e-02 3.61e-02f  1
  24  1.4792099e+06 1.73e+01 6.05e+02  -1.0 8.89e+02    -  3.13e-02 2.97e-02f  1
  25  1.5258114e+06 1.67e+01 5.79e+02  -1.0 8.46e+02    -  3.93e-02 3.48e-02f  1
  26  1.5883116e+06 1.59e+01 5.57e+02  -1.0 8.01e+02    -  4.11e-02 4.83e-02h  1
  27  1.6563143e+06 1.51e+01 5.32e+02  -1.0 7.48e+02    -  4.46e-02 5.51e-02h  1
  28  1.7668717e+06 1.38e+01 5.00e+02  -1.0 6.93e+02    -  4.35e-02 9.48e-02h  1
  29  1.9299277e+06 1.18e+01 4.60e+02  -1.0 6.10e+02    -  8.22e-02 1.54e-01h  1
iter    objective    inf_pr   inf_du lg(mu)  ||d||  lg(rg) alpha_du alpha_pr  ls
  30  2.1069515e+06 9.71e+00 6.91e+02  -1.0 4.96e+02    -  1.45e-01 1.98e-01h  1
  31  2.2736607e+06 7.64e+00 8.23e+02  -1.0 3.81e+02    -  1.66e-01 2.33e-01h  1
  32  2.4595582e+06 5.27e+00 9.17e+02  -1.0 2.83e+02    -  1.40e-01 3.39e-01h  1
  33  2.6628484e+06 2.54e+00 8.57e+02  -1.0 1.80e+02    -  1.11e-01 5.65e-01h  1
  34  2.7735269e+06 7.51e-01 6.06e+02  -1.0 9.78e+01    -  1.16e-01 7.56e-01h  1
  35  2.7902079e+06 2.42e-01 5.94e+02  -1.0 7.69e+01    -  1.79e-01 9.63e-01f  1
  36  2.7890169e+06 1.76e-04 3.59e+02  -1.0 1.90e+00   0.0 3.49e-01 4.84e-01f  1
  37  2.7615690e+06 4.75e-02 1.63e+03  -1.0 4.23e+01    -  1.17e-01 9.90e-01f  1
Reallocating memory for MA57: lfact (107879432)
Reallocating memory for MA57: lfact (119832123)
  38  2.7500261e+06 7.46e-13 1.22e+05  -1.0 3.19e+00  -0.5 3.37e-01 1.00e+00f  1
  39  2.7288846e+06 6.31e-13 6.86e+06  -1.0 4.96e+01    -  2.39e-01 1.00e+00f  1
iter    objective    inf_pr   inf_du lg(mu)  ||d||  lg(rg) alpha_du alpha_pr  ls
  40  2.7293496e+06 1.07e-12 4.33e+06  -1.0 2.31e+00  -1.0 3.68e-01 1.00e+00f  1
  41  2.7285682e+06 1.48e-12 3.51e+06  -1.0 7.90e+01    -  1.91e-01 1.00e+00f  1
  42  2.7300853e+06 6.71e-13 2.59e+06  -1.0 4.87e+00  -1.4 2.62e-01 1.00e+00f  1
  43  2.7355586e+06 8.01e-13 2.13e+06  -1.0 6.61e+01    -  1.78e-01 1.00e+00f  1
  44  2.7385594e+06 6.02e-13 1.41e+06  -1.0 9.77e+00  -1.9 3.39e-01 1.00e+00f  1
  45  2.7492514e+06 8.88e-13 1.08e+06  -1.0 6.54e+01    -  2.34e-01 1.00e+00f  1
  46  2.7546443e+06 7.37e-13 5.83e-01  -1.0 2.16e+01  -2.4 1.00e+00 1.00e+00f  1
  47  2.7400414e+06 6.59e-13 4.37e+05  -2.5 9.31e+01    -  7.79e-01 8.29e-01f  1
  48  2.7303320e+06 8.37e-13 2.65e+05  -2.5 7.84e+01    -  8.58e-01 6.41e-01f  1
  49  2.7206787e+06 6.36e-13 1.37e+05  -2.5 1.45e+02    -  6.53e-01 5.70e-01f  1
iter    objective    inf_pr   inf_du lg(mu)  ||d||  lg(rg) alpha_du alpha_pr  ls
  50  2.7133266e+06 6.08e-13 2.43e+04  -2.5 8.68e+01    -  6.72e-01 7.61e-01f  1
  51  2.7105042e+06 7.59e-13 1.71e+04  -2.5 1.95e+02    -  4.59e-01 1.00e+00f  1
  52  2.7104647e+06 7.15e-13 5.34e+03  -2.5 3.17e+02    -  6.87e-01 1.00e+00h  1
  53  2.7104938e+06 6.87e-13 1.84e+03  -2.5 8.29e+02    -  6.55e-01 1.00e+00f  1
  54  2.7105373e+06 7.11e-13 2.90e+02  -2.5 1.44e+03    -  8.43e-01 1.00e+00f  1
  55  2.7105762e+06 7.43e-13 1.49e-01  -2.5 1.86e+03    -  1.00e+00 1.00e+00f  1
  56  2.7105830e+06 5.71e-13 6.64e-03  -2.5 4.94e+02    -  1.00e+00 1.00e+00f  1
  57  2.6996201e+06 8.65e-13 1.21e+04  -3.8 4.54e+03    -  8.41e-01 7.91e-01f  1
  58  2.6974345e+06 3.17e-03 1.01e+03  -3.8 1.15e+03    -  1.00e+00 9.80e-01f  1
  59  2.6976174e+06 7.71e-13 2.02e-04  -3.8 2.37e+01    -  1.00e+00 1.00e+00f  1
iter    objective    inf_pr   inf_du lg(mu)  ||d||  lg(rg) alpha_du alpha_pr  ls
  60  2.6971195e+06 6.47e-04 1.42e+03  -5.7 2.63e+02    -  9.45e-01 8.40e-01f  1
  61  2.6970776e+06 7.96e-05 4.77e+02  -5.7 2.66e+01    -  1.00e+00 7.79e-01f  1
  62  2.6970684e+06 1.14e-12 7.34e-05  -5.7 1.81e+00    -  1.00e+00 1.00e+00h  1
  63  2.6970686e+06 8.17e-13 1.85e-06  -5.7 4.61e-01    -  1.00e+00 1.00e+00h  1
  64  2.6970641e+06 9.42e-08 2.64e+01  -8.6 1.77e+00    -  9.94e-01 8.36e-01f  1
  65  2.6970635e+06 5.83e-07 8.14e+00  -8.6 2.72e-01    -  9.90e-01 7.03e-01f  1
  66  2.6970633e+06 7.35e-12 2.02e+00  -8.6 8.08e-02    -  1.00e+00 7.52e-01h  1
  67  2.6970633e+06 3.98e-08 3.07e-01  -8.6 2.00e-02    -  1.00e+00 8.48e-01h  1
  68  2.6970633e+06 1.21e-12 7.52e-08  -8.6 3.05e-03    -  1.00e+00 1.00e+00f  1
  69  2.6970633e+06 8.71e-13 5.38e-11  -8.6 2.47e-04    -  1.00e+00 1.00e+00h  1

Number of Iterations....: 69

                                   (scaled)                 (unscaled)
Objective...............:   4.9396763015610323e+05    2.6970632606523237e+06
Dual infeasibility......:   5.3832545768349536e-11    2.9392569989518847e-10
Constraint violation....:   8.7130302972582285e-13    8.7130302972582285e-13
Variable bound violation:   1.7147061326383550e-08    1.7147061326383550e-08
Complementarity.........:   3.3375492434968749e-09    1.8223018869492939e-08
Overall NLP error.......:   3.3375492434968749e-09    1.8223018869492939e-08


Number of objective function evaluations             = 70
Number of objective gradient evaluations             = 70
Number of equality constraint evaluations            = 70
Number of inequality constraint evaluations          = 70
Number of equality constraint Jacobian evaluations   = 70
Number of inequality constraint Jacobian evaluations = 70
Number of Lagrangian Hessian evaluations             = 69
Total seconds in IPOPT (w/o function evaluations)    =    340.627
Total seconds in NLP function evaluations            =     21.461


Timing Statistics:

OverallAlgorithm....................:    362.088 (sys:      0.000 wall:    362.087)
 PrintProblemStatistics.............:      0.027 (sys:      0.000 wall:      0.026)
 InitializeIterates.................:      6.229 (sys:      0.000 wall:      6.229)
 UpdateHessian......................:      3.476 (sys:      0.000 wall:      3.463)
 OutputIteration....................:      0.016 (sys:      0.000 wall:      0.005)
 UpdateBarrierParameter.............:      0.740 (sys:      0.000 wall:      0.736)
 ComputeSearchDirection.............:    318.772 (sys:      0.000 wall:    318.810)
 ComputeAcceptableTrialPoint........:     18.232 (sys:      0.000 wall:     18.234)
 AcceptTrialPoint...................:      0.948 (sys:      0.000 wall:      0.904)
 CheckConvergence...................:     13.648 (sys:      0.000 wall:     13.680)
PDSystemSolverTotal.................:    317.390 (sys:      0.000 wall:    317.410)
 PDSystemSolverSolveOnce............:    304.562 (sys:      0.000 wall:    304.617)
 ComputeResiduals...................:      9.401 (sys:      0.000 wall:      9.378)
 StdAugSystemSolverMultiSolve.......:    305.966 (sys:      0.000 wall:    305.983)
 LinearSystemScaling................:      0.000 (sys:      0.000 wall:      0.000)
 LinearSystemSymbolicFactorization..:      1.902 (sys:      0.000 wall:      1.905)
 LinearSystemFactorization..........:    260.404 (sys:      0.000 wall:    260.367)
 LinearSystemBackSolve..............:     39.255 (sys:      0.000 wall:     39.317)
 LinearSystemStructureConverter.....:      0.000 (sys:      0.000 wall:      0.000)
  LinearSystemStructureConverterInit:      0.000 (sys:      0.000 wall:      0.000)
QualityFunctionSearch...............:      0.000 (sys:      0.000 wall:      0.000)
TryCorrector........................:      0.000 (sys:      0.000 wall:      0.000)
Task1...............................:      0.000 (sys:      0.000 wall:      0.000)
Task2...............................:      0.000 (sys:      0.000 wall:      0.000)
Task3...............................:      0.000 (sys:      0.000 wall:      0.000)
Task4...............................:      0.000 (sys:      0.000 wall:      0.000)
Task5...............................:      0.000 (sys:      0.000 wall:      0.000)
Task6...............................:      0.000 (sys:      0.000 wall:      0.000)
Function Evaluations................:     21.541 (sys:      0.000 wall:     21.461)
 Objective function.................:      0.026 (sys:      0.000 wall:      0.026)
 Objective function gradient........:      0.266 (sys:      0.000 wall:      0.255)
 Equality constraints...............:      9.116 (sys:      0.000 wall:      9.116)
 Inequality constraints.............:      0.217 (sys:      0.000 wall:      0.202)
 Equality constraint Jacobian.......:      1.071 (sys:      0.000 wall:      1.023)
 Inequality constraint Jacobian.....:      7.435 (sys:      0.000 wall:      7.442)
 Lagrangian Hessian.................:      3.410 (sys:      0.000 wall:      3.396)

EXIT: Optimal Solution Found.
IPOPT_OPTION linear_solver=ma57
IPOPT_OPTION hsllib=C:/Users/Aryan Ritwajeet Jha/Documents/hsl/build/libma57.dll
IPOPT_OPTION linear_system_scaling=none
CENTRAL_IPOPT system=large10kC_1ph T=48 profile=periodic C_B=2.400000e-05 gamma=4.200000e+02 status=LOCALLY_SOLVED iterations=69 objective=2697063.260652323719 solve_time_s=362.607 build_s=33.925 wall_s=402.539 variables=2128560 solver=3.14.19
CENTRAL_IPOPT_MEMORY maxrss_mib=5265.7
CENTRAL_IPOPT_BATTERY at_power_limit=0.061 mean_utilization=0.338 energy_window_used=1.000 throughput_pu_h=3.440588e+03 energy_term=2.667477e+06 cb_term=2.308627e+04 terminal_term=6.500386e+03
