QUIET_WAIT waited_s=18 other_cores=0.73 timed_out=0

******************************************************************************
This program contains Ipopt, a library for large-scale nonlinear optimization.
 Ipopt is released as open source code under the Eclipse Public License (EPL).
         For more information visit https://github.com/coin-or/Ipopt
******************************************************************************

This is Ipopt version 3.14.19, running with linear solver MUMPS 5.9.0.

Number of nonzeros in equality constraint Jacobian...:    39669
Number of nonzeros in inequality constraint Jacobian.:    12192
Number of nonzeros in Lagrangian Hessian.............:    10419

Total number of variables............................:    15936
                     variables with only lower bounds:     3048
                variables with lower and upper bounds:     3672
                     variables with only upper bounds:        0
Total number of equality constraints.................:    10440
Total number of inequality constraints...............:     3048
        inequality constraints with only lower bounds:        0
   inequality constraints with lower and upper bounds:        0
        inequality constraints with only upper bounds:     3048

iter    objective    inf_pr   inf_du lg(mu)  ||d||  lg(rg) alpha_du alpha_pr  ls
   0  3.0650922e+03 2.06e-16 8.34e+00  -1.0 0.00e+00    -  0.00e+00 0.00e+00   0
   1  3.1338872e+03 3.74e-16 5.33e+00  -1.0 5.03e-02   2.0 1.00e+00 8.09e-01f  1
   2  3.1404051e+03 4.03e-16 7.24e-01  -1.0 3.09e-01    -  9.81e-01 1.00e+00f  1
   3  3.0866681e+03 3.73e-16 3.02e-01  -1.7 3.02e-01    -  9.65e-01 1.00e+00f  1
   4  3.0617361e+03 3.74e-16 1.81e-02  -1.7 6.74e+00    -  9.91e-01 1.00e+00f  1
   5  2.9578447e+03 5.61e-03 7.39e-02  -2.5 7.82e+01    -  9.70e-01 1.00e+00f  1
   6  2.9480501e+03 3.78e-16 4.49e-04  -2.5 3.20e+02    -  1.00e+00 1.00e+00h  1
   7  2.9481510e+03 4.05e-16 8.61e-06  -2.5 6.68e+01    -  1.00e+00 1.00e+00h  1
   8  2.9285809e+03 3.75e-03 5.19e-04  -3.8 4.22e+02    -  9.19e-01 9.19e-01f  1
   9  2.9259090e+03 4.16e-03 1.86e-04  -3.8 3.60e+01    -  1.00e+00 1.00e+00h  1
iter    objective    inf_pr   inf_du lg(mu)  ||d||  lg(rg) alpha_du alpha_pr  ls
  10  2.9258394e+03 4.06e-16 2.07e-05  -3.8 2.44e-01    -  1.00e+00 1.00e+00h  1
  11  2.9245798e+03 1.16e-03 7.40e-02  -5.7 2.36e+01    -  6.79e-01 9.56e-01f  1
  12  2.9245017e+03 3.15e-04 9.77e-02  -5.7 1.04e+00    -  5.29e-01 1.00e+00h  1
  13  2.9244938e+03 4.14e-05 6.97e-02  -5.7 7.27e-03    -  5.62e-01 1.00e+00h  1
  14  2.9244908e+03 3.69e-06 3.84e-02  -5.7 3.03e-03    -  6.24e-01 1.00e+00h  1
  15  2.9244899e+03 4.01e-16 7.82e-03  -5.7 1.69e-03    -  8.56e-01 1.00e+00h  1
  16  2.9244897e+03 3.94e-16 4.53e-08  -5.7 6.81e-04    -  1.00e+00 1.00e+00h  1
  17  2.9244722e+03 4.66e-06 5.99e-03  -8.6 2.93e-01    -  7.94e-01 9.91e-01f  1
  18  2.9244719e+03 1.70e-07 2.39e-03  -8.6 2.75e-03    -  8.77e-01 1.00e+00h  1
  19  2.9244719e+03 2.06e-08 2.05e-09  -8.6 1.84e-04    -  1.00e+00 1.00e+00h  1
iter    objective    inf_pr   inf_du lg(mu)  ||d||  lg(rg) alpha_du alpha_pr  ls
  20  2.9244719e+03 2.33e-09 2.26e-10  -8.6 9.82e-05    -  1.00e+00 1.00e+00h  1
  21  2.9244719e+03 3.81e-16 5.80e-11  -9.0 2.54e-04    -  1.00e+00 1.00e+00h  1

Number of Iterations....: 21

                                   (scaled)                 (unscaled)
Objective...............:   1.4622359568986244e+03    2.9244719137972488e+03
Dual infeasibility......:   5.7989061469365666e-11    1.1597812293873133e-10
Constraint violation....:   3.8054646906080103e-16    3.8054646906080103e-16
Variable bound violation:   9.8869570568788090e-09    9.8869570568788090e-09
Complementarity.........:   3.4592243800751196e-09    6.9184487601502392e-09
Overall NLP error.......:   3.4592243800751196e-09    6.9184487601502392e-09


Number of objective function evaluations             = 22
Number of objective gradient evaluations             = 22
Number of equality constraint evaluations            = 22
Number of inequality constraint evaluations          = 22
Number of equality constraint Jacobian evaluations   = 22
Number of inequality constraint Jacobian evaluations = 22
Number of Lagrangian Hessian evaluations             = 21
Total seconds in IPOPT (w/o function evaluations)    =      0.692
Total seconds in NLP function evaluations            =      0.029


Timing Statistics:

OverallAlgorithm....................:      0.721 (sys:      0.000 wall:      0.721)
 PrintProblemStatistics.............:      0.000 (sys:      0.000 wall:      0.000)
 InitializeIterates.................:      0.058 (sys:      0.000 wall:      0.057)
 UpdateHessian......................:      0.005 (sys:      0.000 wall:      0.004)
 OutputIteration....................:      0.002 (sys:      0.000 wall:      0.002)
 UpdateBarrierParameter.............:      0.002 (sys:      0.000 wall:      0.001)
 ComputeSearchDirection.............:      0.610 (sys:      0.000 wall:      0.610)
 ComputeAcceptableTrialPoint........:      0.026 (sys:      0.000 wall:      0.027)
 AcceptTrialPoint...................:      0.003 (sys:      0.000 wall:      0.001)
 CheckConvergence...................:      0.015 (sys:      0.000 wall:      0.018)
PDSystemSolverTotal.................:      0.609 (sys:      0.000 wall:      0.609)
 PDSystemSolverSolveOnce............:      0.602 (sys:      0.000 wall:      0.595)
 ComputeResiduals...................:      0.004 (sys:      0.000 wall:      0.011)
 StdAugSystemSolverMultiSolve.......:      0.650 (sys:      0.000 wall:      0.645)
 LinearSystemScaling................:      0.000 (sys:      0.000 wall:      0.000)
 LinearSystemSymbolicFactorization..:      0.033 (sys:      0.000 wall:      0.032)
 LinearSystemFactorization..........:      0.000 (sys:      0.000 wall:      0.000)
 LinearSystemBackSolve..............:      0.182 (sys:      0.000 wall:      0.182)
 LinearSystemStructureConverter.....:      0.000 (sys:      0.000 wall:      0.000)
  LinearSystemStructureConverterInit:      0.000 (sys:      0.000 wall:      0.000)
QualityFunctionSearch...............:      0.000 (sys:      0.000 wall:      0.000)
TryCorrector........................:      0.000 (sys:      0.000 wall:      0.000)
Task1...............................:      0.000 (sys:      0.000 wall:      0.000)
Task2...............................:      0.000 (sys:      0.000 wall:      0.000)
Task3...............................:      0.000 (sys:      0.000 wall:      0.000)
Task4...............................:      0.000 (sys:      0.000 wall:      0.000)
Task5...............................:      0.000 (sys:      0.000 wall:      0.000)
Task6...............................:      0.000 (sys:      0.000 wall:      0.000)
Function Evaluations................:      0.027 (sys:      0.000 wall:      0.029)
 Objective function.................:      0.001 (sys:      0.000 wall:      0.000)
 Objective function gradient........:      0.001 (sys:      0.000 wall:      0.000)
 Equality constraints...............:      0.010 (sys:      0.000 wall:      0.012)
 Inequality constraints.............:      0.000 (sys:      0.000 wall:      0.001)
 Equality constraint Jacobian.......:      0.003 (sys:      0.000 wall:      0.002)
 Inequality constraint Jacobian.....:      0.007 (sys:      0.000 wall:      0.010)
 Lagrangian Hessian.................:      0.005 (sys:      0.000 wall:      0.004)

EXIT: Optimal Solution Found.
IPOPT_OPTION linear_system_scaling=none
BOUND_SCREEN ell,psubs,substation,vupper: voltage limits dropped 1 lower, 128 upper of 128 buses; ell >= 0 dropped on 127 lines; P_Subs >= 0 dropped: true
IPOPT_LOADFLOW_START applied
CENTRAL_IPOPT system=ieee123C_1ph T=24 profile=periodic C_B=1.000000e-03 gamma=1.750000e+04 status=LOCALLY_SOLVED iterations=21 objective=2924.471913797249 solve_time_s=0.735 build_s=6.067 wall_s=8.431 variables=15936 solver=3.14.19
CENTRAL_IPOPT_MEMORY maxrss_mib=624.7
CENTRAL_IPOPT_BATTERY at_power_limit=0.059 mean_utilization=0.336 energy_window_used=1.000 throughput_pu_h=4.066399e+00 energy_term=2.889397e+03 cb_term=2.759322e+01 terminal_term=7.481737e+00
