QUIET_WAIT waited_s=18 other_cores=1.24 timed_out=0

******************************************************************************
This program contains Ipopt, a library for large-scale nonlinear optimization.
 Ipopt is released as open source code under the Eclipse Public License (EPL).
         For more information visit https://github.com/coin-or/Ipopt
******************************************************************************

This is Ipopt version 3.14.19, running with linear solver ma97.

Number of nonzeros in equality constraint Jacobian...:     9879
Number of nonzeros in inequality constraint Jacobian.:     3048
Number of nonzeros in Lagrangian Hessian.............:     2643

Total number of variables............................:     3984
                     variables with only lower bounds:      762
                variables with lower and upper bounds:      918
                     variables with only upper bounds:        0
Total number of equality constraints.................:     2610
Total number of inequality constraints...............:      762
        inequality constraints with only lower bounds:        0
   inequality constraints with lower and upper bounds:        0
        inequality constraints with only upper bounds:      762

iter    objective    inf_pr   inf_du lg(mu)  ||d||  lg(rg) alpha_du alpha_pr  ls
   0  3.2694593e+03 2.12e-16 8.66e+00  -1.0 0.00e+00    -  0.00e+00 0.00e+00   0
   1  3.3423199e+03 3.70e-16 5.01e+00  -1.0 4.91e-02   2.0 1.00e+00 8.42e-01f  1
   2  3.3514280e+03 3.65e-16 6.66e-01  -1.0 2.27e-01    -  9.82e-01 1.00e+00f  1
   3  3.2953139e+03 3.57e-16 2.05e-01  -1.7 2.84e-01    -  9.74e-01 1.00e+00f  1
   4  3.2711493e+03 3.48e-16 1.17e-02  -1.7 8.84e+00    -  9.92e-01 1.00e+00f  1
   5  3.1727549e+03 3.17e-05 4.50e-03  -2.5 9.52e+01    -  1.00e+00 1.00e+00f  1
   6  3.1649927e+03 3.76e-16 3.79e-04  -2.5 3.04e+02    -  1.00e+00 1.00e+00h  1
   7  3.1652558e+03 3.63e-16 3.15e-06  -2.5 2.03e+00    -  1.00e+00 1.00e+00h  1
   8  3.1452121e+03 4.27e-03 4.79e-02  -3.8 3.68e+02    -  9.14e-01 1.00e+00f  1
   9  3.1444413e+03 3.24e-03 1.31e-04  -3.8 7.00e+00    -  1.00e+00 1.00e+00h  1
iter    objective    inf_pr   inf_du lg(mu)  ||d||  lg(rg) alpha_du alpha_pr  ls
  10  3.1443950e+03 3.99e-16 1.84e-05  -3.8 2.39e-02    -  1.00e+00 1.00e+00h  1
  11  3.1431604e+03 1.17e-03 2.41e-02  -5.7 2.06e+01    -  7.79e-01 1.00e+00f  1
  12  3.1431415e+03 2.75e-04 3.17e-02  -5.7 8.60e-02    -  5.04e-01 1.00e+00h  1
  13  3.1431367e+03 2.85e-05 1.80e-02  -5.7 6.28e-03    -  5.94e-01 1.00e+00h  1
  14  3.1431335e+03 2.73e-06 5.98e-03  -5.7 2.17e-03    -  6.92e-01 1.00e+00h  1
  15  3.1431328e+03 3.35e-16 1.38e-07  -5.7 1.12e-03    -  1.00e+00 1.00e+00h  1
  16  3.1431160e+03 6.30e-06 7.68e-04  -8.6 2.55e-01    -  8.37e-01 1.00e+00h  1
  17  3.1431159e+03 2.22e-07 4.35e-05  -8.6 4.86e-04    -  9.76e-01 1.00e+00h  1
  18  3.1431159e+03 2.44e-08 3.83e-09  -8.6 1.86e-04    -  1.00e+00 1.00e+00h  1
  19  3.1431159e+03 3.37e-16 8.98e-10  -8.6 7.03e-05    -  1.00e+00 1.00e+00h  1
iter    objective    inf_pr   inf_du lg(mu)  ||d||  lg(rg) alpha_du alpha_pr  ls
  20  3.1431159e+03 3.50e-16 2.37e-10  -9.0 2.21e-04    -  1.00e+00 1.00e+00h  1

Number of Iterations....: 20

                                   (scaled)                 (unscaled)
Objective...............:   4.0934191157034445e+02    3.1431158910025729e+03
Dual infeasibility......:   2.3724756881282616e-10    1.8216961971390367e-09
Constraint violation....:   3.5030401363562351e-16    3.5030401363562351e-16
Variable bound violation:   9.8703387789444985e-09    9.8703387789444985e-09
Complementarity.........:   3.4711226456247050e-09    2.6652879753328215e-08
Overall NLP error.......:   3.4711226456247050e-09    2.6652879753328215e-08


Number of objective function evaluations             = 21
Number of objective gradient evaluations             = 21
Number of equality constraint evaluations            = 21
Number of inequality constraint evaluations          = 21
Number of equality constraint Jacobian evaluations   = 21
Number of inequality constraint Jacobian evaluations = 21
Number of Lagrangian Hessian evaluations             = 20
Total seconds in IPOPT (w/o function evaluations)    =      0.165
Total seconds in NLP function evaluations            =      0.005


Timing Statistics:

OverallAlgorithm....................:      0.170 (sys:      0.000 wall:      0.170)
 PrintProblemStatistics.............:      0.000 (sys:      0.000 wall:      0.000)
 InitializeIterates.................:      0.014 (sys:      0.000 wall:      0.013)
 UpdateHessian......................:      0.000 (sys:      0.000 wall:      0.001)
 OutputIteration....................:      0.001 (sys:      0.000 wall:      0.002)
 UpdateBarrierParameter.............:      0.000 (sys:      0.000 wall:      0.001)
 ComputeSearchDirection.............:      0.143 (sys:      0.000 wall:      0.141)
 ComputeAcceptableTrialPoint........:      0.006 (sys:      0.000 wall:      0.007)
 AcceptTrialPoint...................:      0.000 (sys:      0.000 wall:      0.001)
 CheckConvergence...................:      0.006 (sys:      0.000 wall:      0.005)
PDSystemSolverTotal.................:      0.143 (sys:      0.000 wall:      0.140)
 PDSystemSolverSolveOnce............:      0.137 (sys:      0.000 wall:      0.136)
 ComputeResiduals...................:      0.005 (sys:      0.000 wall:      0.003)
 StdAugSystemSolverMultiSolve.......:      0.148 (sys:      0.000 wall:      0.146)
 LinearSystemScaling................:      0.000 (sys:      0.000 wall:      0.000)
 LinearSystemSymbolicFactorization..:      0.004 (sys:      0.000 wall:      0.005)
 LinearSystemFactorization..........:      0.103 (sys:      0.000 wall:      0.100)
 LinearSystemBackSolve..............:      0.036 (sys:      0.000 wall:      0.037)
 LinearSystemStructureConverter.....:      0.005 (sys:      0.000 wall:      0.002)
  LinearSystemStructureConverterInit:      0.003 (sys:      0.000 wall:      0.002)
QualityFunctionSearch...............:      0.000 (sys:      0.000 wall:      0.000)
TryCorrector........................:      0.000 (sys:      0.000 wall:      0.000)
Task1...............................:      0.000 (sys:      0.000 wall:      0.000)
Task2...............................:      0.000 (sys:      0.000 wall:      0.000)
Task3...............................:      0.000 (sys:      0.000 wall:      0.000)
Task4...............................:      0.000 (sys:      0.000 wall:      0.000)
Task5...............................:      0.000 (sys:      0.000 wall:      0.000)
Task6...............................:      0.000 (sys:      0.000 wall:      0.000)
Function Evaluations................:      0.001 (sys:      0.000 wall:      0.005)
 Objective function.................:      0.000 (sys:      0.000 wall:      0.000)
 Objective function gradient........:      0.000 (sys:      0.000 wall:      0.000)
 Equality constraints...............:      0.000 (sys:      0.000 wall:      0.002)
 Inequality constraints.............:      0.000 (sys:      0.000 wall:      0.000)
 Equality constraint Jacobian.......:      0.000 (sys:      0.000 wall:      0.000)
 Inequality constraint Jacobian.....:      0.001 (sys:      0.000 wall:      0.002)
 Lagrangian Hessian.................:      0.000 (sys:      0.000 wall:      0.001)

EXIT: Optimal Solution Found.
IPOPT_OPTION linear_solver=ma97
IPOPT_OPTION hsllib=C:/Users/Aryan Ritwajeet Jha/Documents/hsl/build/libhsl_ma97.dll
IPOPT_OPTION linear_system_scaling=none
BOUND_SCREEN ell,psubs,substation,vupper: voltage limits dropped 1 lower, 128 upper of 128 buses; ell >= 0 dropped on 127 lines; P_Subs >= 0 dropped: true
IPOPT_LOADFLOW_START applied
CENTRAL_IPOPT system=ieee123C_1ph T=6 profile=periodic C_B=1.000000e-03 gamma=1.750000e+04 status=LOCALLY_SOLVED iterations=20 objective=3143.115891002573 solve_time_s=0.189 build_s=6.262 wall_s=8.246 variables=3984 solver=3.14.19
CENTRAL_IPOPT_MEMORY maxrss_mib=601.5
CENTRAL_IPOPT_BATTERY at_power_limit=0.000 mean_utilization=0.205 energy_window_used=1.000 throughput_pu_h=2.497681e+00 energy_term=3.129057e+03 cb_term=7.627971e+00 terminal_term=6.430706e+00
