QUIET_WAIT waited_s=18 other_cores=0.76 timed_out=0

******************************************************************************
This program contains Ipopt, a library for large-scale nonlinear optimization.
 Ipopt is released as open source code under the Eclipse Public License (EPL).
         For more information visit https://github.com/coin-or/Ipopt
******************************************************************************

This is Ipopt version 3.14.19, running with linear solver ma57.

Number of nonzeros in equality constraint Jacobian...:  2781735
Number of nonzeros in inequality constraint Jacobian.:   968064
Number of nonzeros in Lagrangian Hessian.............:   750201

Total number of variables............................:  1040064
                     variables with only lower bounds:   183072
                variables with lower and upper bounds:   130656
                     variables with only upper bounds:        0
Total number of equality constraints.................:   750240
Total number of inequality constraints...............:   242016
        inequality constraints with only lower bounds:        0
   inequality constraints with lower and upper bounds:        0
        inequality constraints with only upper bounds:   242016

iter    objective    inf_pr   inf_du lg(mu)  ||d||  lg(rg) alpha_du alpha_pr  ls
   0  9.4443656e+03 9.15e-03 5.00e+01  -1.0 0.00e+00    -  0.00e+00 0.00e+00   0
   1  9.5650395e+03 7.65e-02 4.39e+01  -1.0 6.37e+00    -  6.92e-02 1.22e-01f  1
   2  9.7949884e+03 1.31e-01 3.77e+01  -1.0 2.39e+00    -  2.37e-01 1.41e-01f  1
   3  1.0057506e+04 1.96e-01 3.20e+01  -1.0 2.31e+00    -  2.68e-01 1.50e-01f  1
   4  1.0287327e+04 1.96e-01 1.57e+02  -1.0 3.74e+00    -  9.27e-01 1.30e-01f  1
   5  1.0936602e+04 9.27e-03 3.26e+02  -1.0 7.26e+00    -  9.99e-01 2.88e-01f  1
   6  1.1153109e+04 2.32e-03 2.97e+02  -1.0 2.61e+02    -  1.00e+00 3.62e-01f  1
   7  1.1212482e+04 1.39e-03 3.91e+02  -1.0 1.88e+02    -  1.00e+00 4.01e-01h  1
   8  1.1248327e+04 9.34e-05 3.06e+01  -1.0 1.12e+02    -  1.00e+00 9.33e-01h  1
   9  1.1244549e+04 7.47e-16 3.89e-04  -1.0 7.54e+00    -  1.00e+00 1.00e+00h  1
iter    objective    inf_pr   inf_du lg(mu)  ||d||  lg(rg) alpha_du alpha_pr  ls
  10  1.1062225e+04 6.84e-16 7.04e+02  -2.5 2.72e+02    -  3.88e-01 1.00e+00f  1
  11  1.0839117e+04 9.00e-16 4.83e+02  -2.5 2.89e+01    -  2.62e-01 1.00e+00f  1
  12  1.0598471e+04 7.38e-16 3.14e+02  -2.5 1.71e+01    -  2.87e-01 1.00e+00f  1
  13  1.0524334e+04 9.16e-16 2.11e+02  -2.5 8.71e+00    -  3.34e-01 2.92e-01f  1
  14  1.0472080e+04 1.20e-15 2.53e+02  -2.5 8.33e+00    -  3.06e-01 1.71e-01f  1
  15  1.0418968e+04 1.00e-15 2.86e+02  -2.5 8.61e+00    -  2.86e-01 1.50e-01f  1
  16  1.0338631e+04 1.07e-15 2.26e+02  -2.5 3.55e+01    -  3.01e-01 2.05e-01f  1
  17  1.0246204e+04 1.02e-15 1.50e+02  -2.5 1.87e+01    -  3.35e-01 2.22e-01f  1
  18  1.0150246e+04 1.06e-15 1.15e+02  -2.5 2.32e+01    -  3.32e-01 2.25e-01f  1
  19  1.0069125e+04 9.73e-16 1.02e+02  -2.5 3.15e+01    -  2.89e-01 1.99e-01f  1
iter    objective    inf_pr   inf_du lg(mu)  ||d||  lg(rg) alpha_du alpha_pr  ls
  20  9.9704784e+03 1.07e-15 7.61e+01  -2.5 1.03e+01    -  3.42e-01 2.61e-01f  1
  21  9.8576478e+03 9.39e-16 6.10e+01  -2.5 8.65e+00    -  5.46e-01 3.52e-01f  1
  22  9.7192681e+03 7.83e-16 5.85e+01  -2.5 6.37e+00    -  9.35e-01 5.86e-01f  1
  23  9.6102682e+03 7.39e-16 4.91e-04  -2.5 2.93e+00    -  1.00e+00 1.00e+00f  1
  24  9.5287869e+03 7.98e-16 3.82e+01  -3.8 1.22e+01    -  3.15e-01 1.80e-01f  1
  25  9.4389840e+03 9.95e-16 3.66e+01  -3.8 1.14e+01    -  2.63e-01 2.12e-01f  1
  26  9.3520993e+03 9.79e-16 3.75e+01  -3.8 9.88e+00    -  3.06e-01 2.40e-01f  1
  27  9.2567940e+03 8.56e-16 3.41e+01  -3.8 8.15e+00    -  4.05e-01 3.24e-01f  1
  28  9.1186961e+03 2.92e-02 1.79e+01  -3.8 6.00e+00    -  3.87e-01 6.54e-01f  1
  29  9.0596294e+03 1.11e-02 1.27e+01  -3.8 2.43e+00    -  6.31e-01 7.54e-01f  1
iter    objective    inf_pr   inf_du lg(mu)  ||d||  lg(rg) alpha_du alpha_pr  ls
  30  9.0408041e+03 5.78e-05 8.69e+00  -3.8 7.38e-01    -  6.76e-01 9.04e-01f  1
  31  9.0389123e+03 8.74e-16 1.07e+00  -3.8 9.10e-02    -  9.29e-01 8.40e-01h  1
  32  9.0385321e+03 9.98e-16 1.25e-06  -3.8 1.89e-02    -  1.00e+00 1.00e+00h  1
  33  9.0251815e+03 9.43e-16 3.64e-01  -5.7 1.24e+00    -  3.34e-01 3.44e-01f  1
  34  9.0186865e+03 1.30e-15 4.30e+00  -5.7 8.31e-01    -  1.41e-01 2.52e-01f  1
  35  9.0177351e+03 1.26e-15 1.84e+00  -5.7 6.28e-01    -  1.45e-01 4.92e-02f  1
  36  9.0142872e+03 1.45e-15 1.20e+00  -5.7 5.99e-01    -  2.06e-01 1.87e-01f  1
  37  9.0121304e+03 1.67e-15 2.15e+00  -5.7 4.90e-01    -  1.11e-01 1.44e-01f  1
  38  9.0100334e+03 1.77e-15 2.20e+00  -5.7 4.21e-01    -  1.51e-01 1.63e-01f  1
  39  9.0084790e+03 2.12e-15 2.47e+00  -5.7 3.53e-01    -  1.25e-01 1.45e-01f  1
iter    objective    inf_pr   inf_du lg(mu)  ||d||  lg(rg) alpha_du alpha_pr  ls
  40  9.0074689e+03 1.73e-15 2.10e+00  -5.7 3.04e-01    -  1.14e-01 1.10e-01f  1
  41  9.0064528e+03 1.35e-05 1.68e+00  -5.7 2.73e-01    -  1.34e-01 1.24e-01f  1
  42  9.0055349e+03 2.52e-05 1.46e+00  -5.7 2.41e-01    -  9.47e-02 1.28e-01f  1
  43  9.0046684e+03 3.40e-05 1.95e+00  -5.7 2.12e-01    -  9.88e-02 1.39e-01f  1
  44  9.0038965e+03 3.86e-05 2.26e+00  -5.7 1.84e-01    -  1.13e-01 1.44e-01f  1
  45  9.0034030e+03 3.70e-05 1.49e+00  -5.7 1.59e-01    -  1.40e-01 1.07e-01f  1
  46  9.0026191e+03 3.96e-05 3.08e+00  -5.7 1.43e-01    -  9.09e-02 1.91e-01f  1
  47  9.0015150e+03 5.15e-05 5.22e+00  -5.7 1.16e-01    -  1.70e-01 3.33e-01f  1
  48  9.0008951e+03 6.56e-05 6.08e+00  -5.7 7.92e-02    -  1.72e-01 2.81e-01h  1
  49  9.0001805e+03 8.19e-05 6.65e+00  -5.7 5.80e-02    -  1.59e-01 4.50e-01f  1
iter    objective    inf_pr   inf_du lg(mu)  ||d||  lg(rg) alpha_du alpha_pr  ls
  50  9.0000287e+03 6.54e-05 5.39e+00  -5.7 3.29e-02    -  2.36e-01 1.74e-01h  1
  51  8.9995476e+03 4.74e-05 7.18e+00  -5.7 2.76e-02    -  1.76e-01 6.65e-01h  1
  52  8.9994801e+03 2.71e-05 2.64e+00  -5.7 9.86e-03    -  7.26e-01 2.77e-01h  1
  53  8.9993013e+03 1.52e-05 8.09e-07  -5.7 7.43e-03    -  1.00e+00 1.00e+00h  1
  54  8.9993010e+03 8.08e-16 1.12e-08  -5.7 7.53e-04    -  1.00e+00 1.00e+00h  1
  55  8.9990619e+03 1.05e-15 2.12e-01  -8.6 1.85e-02    -  5.30e-01 4.91e-01f  1
  56  8.9989854e+03 1.12e-15 7.41e-01  -8.6 9.62e-03    -  5.21e-01 3.08e-01h  1
  57  8.9989028e+03 1.17e-15 1.85e-01  -8.6 6.72e-03    -  3.37e-01 4.82e-01f  1
  58  8.9988578e+03 1.02e-15 4.99e-01  -8.6 3.52e-03    -  7.72e-02 5.06e-01h  1
  59  8.9988454e+03 1.31e-15 8.80e-02  -8.6 1.75e-03    -  5.10e-01 2.83e-01h  1
iter    objective    inf_pr   inf_du lg(mu)  ||d||  lg(rg) alpha_du alpha_pr  ls
  60  8.9988214e+03 1.04e-15 2.50e-01  -8.6 1.26e-03    -  4.47e-01 7.60e-01h  1
In iteration 60, 1 Slack too small, adjusting variable bound
  61  8.9988147e+03 1.02e-07 1.77e-01  -8.6 8.48e-04    -  5.61e-01 8.76e-01h  1
  62  8.9988138e+03 1.92e-08 2.44e-01  -8.6 5.13e-04    -  7.85e-01 1.00e+00h  1
  63  8.9988138e+03 8.76e-16 1.86e-02  -8.6 2.68e-04    -  8.87e-01 1.00e+00h  1
  64  8.9988138e+03 9.38e-16 1.26e-11  -8.6 1.08e-04    -  1.00e+00 1.00e+00h  1

Number of Iterations....: 64

                                   (scaled)                 (unscaled)
Objective...............:   8.9988137746251450e+03    8.9988137746251450e+03
Dual infeasibility......:   1.2630407136837718e-11    1.2630407136837718e-11
Constraint violation....:   9.3761803876546423e-16    9.3761803876546423e-16
Variable bound violation:   1.0990677035138674e-08    1.0990677035138674e-08
Complementarity.........:   2.9068511222051293e-09    2.9068511222051293e-09
Overall NLP error.......:   2.9068511222051293e-09    2.9068511222051293e-09


Number of objective function evaluations             = 65
Number of objective gradient evaluations             = 65
Number of equality constraint evaluations            = 65
Number of inequality constraint evaluations          = 65
Number of equality constraint Jacobian evaluations   = 65
Number of inequality constraint Jacobian evaluations = 65
Number of Lagrangian Hessian evaluations             = 64
Total seconds in IPOPT (w/o function evaluations)    =     82.067
Total seconds in NLP function evaluations            =      7.776


Timing Statistics:

OverallAlgorithm....................:     89.842 (sys:      0.000 wall:     89.843)
 PrintProblemStatistics.............:      0.010 (sys:      0.000 wall:      0.012)
 InitializeIterates.................:      2.240 (sys:      0.000 wall:      2.241)
 UpdateHessian......................:      1.468 (sys:      0.000 wall:      1.472)
 OutputIteration....................:      0.018 (sys:      0.000 wall:      0.013)
 UpdateBarrierParameter.............:      0.236 (sys:      0.000 wall:      0.222)
 ComputeSearchDirection.............:     74.504 (sys:      0.000 wall:     74.516)
 ComputeAcceptableTrialPoint........:      6.061 (sys:      0.000 wall:      6.073)
 AcceptTrialPoint...................:      0.282 (sys:      0.000 wall:      0.278)
 CheckConvergence...................:      5.023 (sys:      0.000 wall:      5.016)
PDSystemSolverTotal.................:     74.013 (sys:      0.000 wall:     73.998)
 PDSystemSolverSolveOnce............:     68.922 (sys:      0.000 wall:     68.891)
 ComputeResiduals...................:      3.759 (sys:      0.000 wall:      3.728)
 StdAugSystemSolverMultiSolve.......:     69.363 (sys:      0.000 wall:     69.366)
 LinearSystemScaling................:      0.000 (sys:      0.000 wall:      0.000)
 LinearSystemSymbolicFactorization..:      1.014 (sys:      0.000 wall:      1.013)
 LinearSystemFactorization..........:     49.023 (sys:      0.000 wall:     48.999)
 LinearSystemBackSolve..............:     17.438 (sys:      0.000 wall:     17.491)
 LinearSystemStructureConverter.....:      0.000 (sys:      0.000 wall:      0.000)
  LinearSystemStructureConverterInit:      0.000 (sys:      0.000 wall:      0.000)
QualityFunctionSearch...............:      0.000 (sys:      0.000 wall:      0.000)
TryCorrector........................:      0.000 (sys:      0.000 wall:      0.000)
Task1...............................:      0.000 (sys:      0.000 wall:      0.000)
Task2...............................:      0.000 (sys:      0.000 wall:      0.000)
Task3...............................:      0.000 (sys:      0.000 wall:      0.000)
Task4...............................:      0.000 (sys:      0.000 wall:      0.000)
Task5...............................:      0.000 (sys:      0.000 wall:      0.000)
Task6...............................:      0.000 (sys:      0.000 wall:      0.000)
Function Evaluations................:      7.809 (sys:      0.000 wall:      7.776)
 Objective function.................:      0.024 (sys:      0.000 wall:      0.018)
 Objective function gradient........:      0.118 (sys:      0.000 wall:      0.120)
 Equality constraints...............:      3.034 (sys:      0.000 wall:      3.019)
 Inequality constraints.............:      0.065 (sys:      0.000 wall:      0.082)
 Equality constraint Jacobian.......:      0.481 (sys:      0.000 wall:      0.457)
 Inequality constraint Jacobian.....:      2.661 (sys:      0.000 wall:      2.641)
 Lagrangian Hessian.................:      1.426 (sys:      0.000 wall:      1.438)

EXIT: Optimal Solution Found.
IPOPT_OPTION linear_solver=ma57
IPOPT_OPTION hsllib=C:/Users/Aryan Ritwajeet Jha/Documents/hsl/build/libma57.dll
IPOPT_OPTION linear_system_scaling=none
BOUND_SCREEN ell,psubs,substation,vupper: voltage limits dropped 1 lower, 1908 upper of 2522 buses; ell >= 0 dropped on 2521 lines; P_Subs >= 0 dropped: true
IPOPT_LOADFLOW_START applied
CENTRAL_IPOPT system=ieee2522C_1ph T=96 profile=periodic C_B=1.900000e-03 gamma=3.290000e+04 status=LOCALLY_SOLVED iterations=64 objective=8998.813774625145 solve_time_s=90.014 build_s=30.001 wall_s=124.214 variables=1040064 solver=3.14.19
CENTRAL_IPOPT_MEMORY maxrss_mib=2949.8
CENTRAL_IPOPT_BATTERY at_power_limit=0.040 mean_utilization=0.338 energy_window_used=1.000 throughput_pu_h=1.074052e+01 energy_term=8.906676e+03 cb_term=6.731854e+01 terminal_term=2.481956e+01
