QUIET_WAIT waited_s=18 other_cores=0.86 timed_out=0

******************************************************************************
This program contains Ipopt, a library for large-scale nonlinear optimization.
 Ipopt is released as open source code under the Eclipse Public License (EPL).
         For more information visit https://github.com/coin-or/Ipopt
******************************************************************************

This is Ipopt version 3.14.19, running with linear solver ma57.

Number of nonzeros in equality constraint Jacobian...:   635469
Number of nonzeros in inequality constraint Jacobian.:   195072
Number of nonzeros in Lagrangian Hessian.............:   165939

Total number of variables............................:   254976
                     variables with only lower bounds:    49152
                variables with lower and upper bounds:   107904
                     variables with only upper bounds:        0
Total number of equality constraints.................:   167040
Total number of inequality constraints...............:    48768
        inequality constraints with only lower bounds:        0
   inequality constraints with lower and upper bounds:        0
        inequality constraints with only upper bounds:    48768

iter    objective    inf_pr   inf_du lg(mu)  ||d||  lg(rg) alpha_du alpha_pr  ls
   0  1.8475959e+02 1.98e-01 1.60e+00  -1.0 0.00e+00    -  0.00e+00 0.00e+00   0
   1  2.7986569e+02 1.90e-01 1.76e+01  -1.0 4.69e+00    -  2.16e-03 3.90e-02f  1
   2  4.2844011e+02 1.81e-01 1.72e+01  -1.0 2.05e+00    -  3.78e-02 4.92e-02f  1
   3  9.4762630e+02 1.50e-01 1.78e+01  -1.0 1.59e+00    -  7.20e-02 1.73e-01f  1
   4  2.8584851e+03 4.85e-01 1.52e+01  -1.0 1.05e+00    -  9.24e-02 7.38e-01f  1
   5  3.2432483e+03 2.65e-01 9.04e+00  -1.0 1.54e+00    -  2.95e-01 3.92e-01f  1
   6  4.1006705e+03 5.29e-02 2.78e+00  -1.0 1.31e+00    -  6.84e-01 9.90e-01f  1
   7  5.1064449e+03 2.37e-06 1.22e+02  -1.0 1.60e+00    -  6.99e-01 9.90e-01f  1
   8  5.6966868e+03 1.28e-08 2.33e+04  -1.0 2.64e+00    -  4.39e-01 9.95e-01f  1
   9  5.8663933e+03 4.96e-16 1.34e+06  -1.0 3.40e+00    -  6.81e-01 1.00e+00f  1
iter    objective    inf_pr   inf_du lg(mu)  ||d||  lg(rg) alpha_du alpha_pr  ls
  10  5.9668887e+03 5.48e-16 2.75e+06  -1.0 1.13e+01    -  5.57e-01 1.00e+00f  1
  11  5.9953708e+03 5.07e-16 1.10e+06  -1.0 2.41e+01    -  5.99e-01 1.00e+00f  1
  12  6.0016295e+03 4.47e-16 4.62e+05  -1.0 6.16e+01    -  5.81e-01 1.00e+00f  1
  13  6.0023697e+03 5.39e-16 1.90e+05  -1.0 1.45e+02    -  5.90e-01 1.00e+00f  1
  14  6.0038107e+03 4.87e-16 7.78e+04  -1.0 3.55e+02    -  5.90e-01 1.00e+00f  1
  15  6.0051430e+03 5.22e-16 3.13e+04  -1.0 8.55e+02    -  5.98e-01 1.00e+00f  1
  16  6.0098449e+03 5.35e-16 1.21e+04  -1.0 2.08e+03    -  6.14e-01 1.00e+00f  1
  17  6.0192052e+03 5.15e-16 4.17e+03  -1.0 5.08e+03    -  6.56e-01 1.00e+00f  1
  18  6.0408959e+03 4.76e-16 1.27e+03  -1.0 1.26e+04    -  6.95e-01 1.00e+00f  1
  19  6.0766744e+03 4.81e-16 2.77e+02  -1.0 2.69e+04    -  7.82e-01 1.00e+00f  1
iter    objective    inf_pr   inf_du lg(mu)  ||d||  lg(rg) alpha_du alpha_pr  ls
  20  6.1093806e+03 4.54e-16 1.04e-01  -1.0 3.60e+04    -  1.00e+00 1.00e+00h  1
  21  6.1190220e+03 5.10e-16 1.45e-02  -1.0 1.49e+04    -  1.00e+00 1.00e+00h  1
  22  5.9484168e+03 4.96e-16 1.63e+06  -2.5 1.28e+04    -  8.15e-01 1.00e+00f  1
  23  5.4415230e+03 5.26e-16 1.94e+05  -2.5 3.28e+04    -  8.81e-01 1.00e+00f  1
  24  4.5162260e+03 4.94e-16 2.87e-03  -2.5 3.30e+04    -  1.00e+00 1.00e+00h  1
  25  4.3283667e+03 5.10e-16 1.56e-04  -2.5 7.29e+03    -  1.00e+00 1.00e+00h  1
  26  4.3394658e+03 4.98e-16 1.03e-06  -2.5 2.41e+02    -  1.00e+00 1.00e+00h  1
  27  4.3394997e+03 5.06e-16 2.83e-08  -2.5 1.63e+00    -  1.00e+00 1.00e+00h  1
  28  3.5387530e+03 1.53e-01 8.57e+04  -5.7 2.18e+04    -  6.31e-01 9.66e-01f  1
  29  3.1148700e+03 1.01e-01 4.00e+04  -5.7 1.03e+04    -  5.57e-01 7.90e-01h  1
iter    objective    inf_pr   inf_du lg(mu)  ||d||  lg(rg) alpha_du alpha_pr  ls
  30  3.0228627e+03 4.89e-02 1.00e+04  -5.7 4.90e+03    -  7.44e-01 6.54e-01h  1
  31  2.9832282e+03 4.13e-02 4.65e+03  -5.7 1.86e+03    -  5.47e-01 6.90e-01h  1
  32  2.9769715e+03 3.12e-02 1.46e+03  -5.7 5.97e+02    -  6.72e-01 3.40e-01h  1
  33  2.9675658e+03 2.89e-02 3.42e+02  -5.7 3.97e+02    -  7.65e-01 7.54e-01h  1
  34  2.9663114e+03 1.56e-02 2.07e+01  -5.7 1.01e+02    -  1.00e+00 6.15e-01h  1
  35  2.9658437e+03 6.17e-03 5.56e+00  -5.7 3.91e+01    -  1.00e+00 8.10e-01h  1
  36  2.9658063e+03 4.67e-16 2.11e-06  -5.7 7.48e+00    -  1.00e+00 1.00e+00h  1
  37  2.9658096e+03 4.16e-16 5.42e-09  -5.7 2.86e-03    -  1.00e+00 1.00e+00h  1
  38  2.9648843e+03 6.17e-04 1.85e+01  -8.6 2.84e+01    -  6.99e-01 8.10e-01f  1
  39  2.9647823e+03 3.29e-04 1.60e+01  -8.6 5.27e+00    -  4.75e-01 6.72e-01h  1
iter    objective    inf_pr   inf_du lg(mu)  ||d||  lg(rg) alpha_du alpha_pr  ls
  40  2.9647546e+03 1.51e-04 9.21e+00  -8.6 1.70e+00    -  5.11e-01 6.47e-01h  1
  41  2.9647440e+03 5.82e-05 5.27e+00  -8.6 6.03e-01    -  5.06e-01 7.01e-01h  1
  42  2.9647403e+03 1.67e-05 2.62e+00  -8.6 1.81e-01    -  5.52e-01 7.82e-01h  1
  43  2.9647390e+03 8.14e-07 9.49e-01  -8.6 3.94e-02    -  6.68e-01 1.00e+00h  1
  44  2.9647390e+03 4.13e-16 8.24e-02  -8.6 5.21e-03    -  9.13e-01 1.00e+00h  1
  45  2.9647390e+03 4.61e-16 1.38e-08  -8.6 6.08e-04    -  1.00e+00 1.00e+00h  1
  46  2.9647382e+03 4.15e-16 1.39e-07  -9.0 2.35e-02    -  1.00e+00 1.00e+00h  1
  47  2.9647382e+03 4.30e-16 4.91e-09  -9.0 1.64e-03    -  1.00e+00 1.00e+00h  1

Number of Iterations....: 47

                                   (scaled)                 (unscaled)
Objective...............:   4.8871265741095738e+02    2.9647381940216101e+03
Dual infeasibility......:   4.9139666126129752e-09    2.9810204993954060e-08
Constraint violation....:   4.3044350906979584e-16    4.3044350906979584e-16
Variable bound violation:   5.4021787035049562e-09    5.4021787035049562e-09
Complementarity.........:   9.3902421092279945e-10    5.6965190097231336e-09
Overall NLP error.......:   4.9139666126129752e-09    2.9810204993954060e-08


Number of objective function evaluations             = 48
Number of objective gradient evaluations             = 48
Number of equality constraint evaluations            = 48
Number of inequality constraint evaluations          = 48
Number of equality constraint Jacobian evaluations   = 48
Number of inequality constraint Jacobian evaluations = 48
Number of Lagrangian Hessian evaluations             = 47
Total seconds in IPOPT (w/o function evaluations)    =     14.061
Total seconds in NLP function evaluations            =      1.080


Timing Statistics:

OverallAlgorithm....................:     15.141 (sys:      0.000 wall:     15.141)
 PrintProblemStatistics.............:      0.002 (sys:      0.000 wall:      0.003)
 InitializeIterates.................:      0.477 (sys:      0.000 wall:      0.477)
 UpdateHessian......................:      0.217 (sys:      0.000 wall:      0.207)
 OutputIteration....................:      0.005 (sys:      0.000 wall:      0.004)
 UpdateBarrierParameter.............:      0.032 (sys:      0.000 wall:      0.055)
 ComputeSearchDirection.............:     12.273 (sys:      0.000 wall:     12.275)
 ComputeAcceptableTrialPoint........:      1.228 (sys:      0.000 wall:      1.199)
 AcceptTrialPoint...................:      0.070 (sys:      0.000 wall:      0.073)
 CheckConvergence...................:      0.837 (sys:      0.000 wall:      0.848)
PDSystemSolverTotal.................:     12.123 (sys:      0.000 wall:     12.131)
 PDSystemSolverSolveOnce............:     11.245 (sys:      0.000 wall:     11.241)
 ComputeResiduals...................:      0.657 (sys:      0.000 wall:      0.646)
 StdAugSystemSolverMultiSolve.......:     11.287 (sys:      0.000 wall:     11.308)
 LinearSystemScaling................:      0.000 (sys:      0.000 wall:      0.000)
 LinearSystemSymbolicFactorization..:      0.197 (sys:      0.000 wall:      0.197)
 LinearSystemFactorization..........:      8.054 (sys:      0.000 wall:      8.077)
 LinearSystemBackSolve..............:      2.708 (sys:      0.000 wall:      2.720)
 LinearSystemStructureConverter.....:      0.000 (sys:      0.000 wall:      0.000)
  LinearSystemStructureConverterInit:      0.000 (sys:      0.000 wall:      0.000)
QualityFunctionSearch...............:      0.000 (sys:      0.000 wall:      0.000)
TryCorrector........................:      0.000 (sys:      0.000 wall:      0.000)
Task1...............................:      0.000 (sys:      0.000 wall:      0.000)
Task2...............................:      0.000 (sys:      0.000 wall:      0.000)
Task3...............................:      0.000 (sys:      0.000 wall:      0.000)
Task4...............................:      0.000 (sys:      0.000 wall:      0.000)
Task5...............................:      0.000 (sys:      0.000 wall:      0.000)
Task6...............................:      0.000 (sys:      0.000 wall:      0.000)
Function Evaluations................:      1.089 (sys:      0.000 wall:      1.080)
 Objective function.................:      0.001 (sys:      0.000 wall:      0.004)
 Objective function gradient........:      0.031 (sys:      0.000 wall:      0.025)
 Equality constraints...............:      0.415 (sys:      0.000 wall:      0.399)
 Inequality constraints.............:      0.010 (sys:      0.000 wall:      0.014)
 Equality constraint Jacobian.......:      0.093 (sys:      0.000 wall:      0.081)
 Inequality constraint Jacobian.....:      0.334 (sys:      0.000 wall:      0.356)
 Lagrangian Hessian.................:      0.205 (sys:      0.000 wall:      0.201)

EXIT: Optimal Solution Found.
IPOPT_OPTION linear_solver=ma57
IPOPT_OPTION hsllib=C:/Users/Aryan Ritwajeet Jha/Documents/hsl/build/libma57.dll
IPOPT_OPTION linear_system_scaling=none
CENTRAL_IPOPT system=ieee123C_1ph T=384 profile=periodic C_B=1.000000e-03 gamma=1.750000e+04 status=LOCALLY_SOLVED iterations=47 objective=2964.738194021610 solve_time_s=15.295 build_s=7.034 wall_s=24.523 variables=254976 solver=3.14.19
CENTRAL_IPOPT_MEMORY maxrss_mib=1130.1
CENTRAL_IPOPT_BATTERY at_power_limit=0.063 mean_utilization=0.339 energy_window_used=1.000 throughput_pu_h=4.108863e+00 energy_term=2.928489e+03 cb_term=2.778797e+01 terminal_term=8.461641e+00
