QUIET_WAIT waited_s=18 other_cores=0.75 timed_out=0

******************************************************************************
This program contains Ipopt, a library for large-scale nonlinear optimization.
 Ipopt is released as open source code under the Eclipse Public License (EPL).
         For more information visit https://github.com/coin-or/Ipopt
******************************************************************************

This is Ipopt version 3.14.19, running with linear solver ma97.

Number of nonzeros in equality constraint Jacobian...:   158829
Number of nonzeros in inequality constraint Jacobian.:    48768
Number of nonzeros in Lagrangian Hessian.............:    41523

Total number of variables............................:    63744
                     variables with only lower bounds:    12288
                variables with lower and upper bounds:    26976
                     variables with only upper bounds:        0
Total number of equality constraints.................:    41760
Total number of inequality constraints...............:    12192
        inequality constraints with only lower bounds:        0
   inequality constraints with lower and upper bounds:        0
        inequality constraints with only upper bounds:    12192

iter    objective    inf_pr   inf_du lg(mu)  ||d||  lg(rg) alpha_du alpha_pr  ls
   0  1.8475959e+02 1.98e-01 5.32e+00  -1.0 0.00e+00    -  0.00e+00 0.00e+00   0
   1  2.8275153e+02 1.90e-01 1.71e+01  -1.0 4.40e+00    -  2.30e-03 3.88e-02f  1
   2  4.3824205e+02 1.81e-01 1.63e+01  -1.0 2.05e+00    -  3.86e-02 5.06e-02f  1
   3  1.4550077e+03 2.65e-01 1.56e+01  -1.0 1.52e+00    -  7.62e-02 3.37e-01f  1
   4  2.5916644e+03 5.54e-01 1.46e+01  -1.0 1.42e+00    -  4.33e-02 5.46e-01f  1
   5  3.0507802e+03 3.12e-01 9.06e+00  -1.0 1.33e+00    -  3.90e-01 3.79e-01f  1
   6  4.0346248e+03 1.09e-01 3.89e+00  -1.0 1.42e+00    -  4.91e-01 9.90e-01f  1
   7  4.7403373e+03 3.36e-06 4.48e+01  -1.0 1.25e+00    -  8.39e-01 9.90e-01f  1
   8  5.5183990e+03 2.27e-08 2.00e+04  -1.0 3.81e+00    -  3.20e-01 9.93e-01f  1
   9  5.5259346e+03 4.23e-16 7.68e+05  -1.0 3.60e+00    -  7.41e-01 1.00e+00f  1
iter    objective    inf_pr   inf_du lg(mu)  ||d||  lg(rg) alpha_du alpha_pr  ls
  10  5.5932890e+03 5.31e-16 3.33e+06  -1.0 1.55e+01    -  5.14e-01 1.00e+00f  1
  11  5.5997701e+03 4.79e-16 1.32e+06  -1.0 2.85e+01    -  6.04e-01 1.00e+00f  1
  12  5.6020540e+03 4.30e-16 5.52e+05  -1.0 7.52e+01    -  5.81e-01 1.00e+00f  1
  13  5.6027338e+03 5.20e-16 2.26e+05  -1.0 1.76e+02    -  5.90e-01 1.00e+00f  1
  14  5.6058911e+03 4.82e-16 9.26e+04  -1.0 4.30e+02    -  5.91e-01 1.00e+00f  1
  15  5.6079720e+03 4.46e-16 3.70e+04  -1.0 1.03e+03    -  6.01e-01 1.00e+00f  1
  16  5.6154912e+03 5.20e-16 1.40e+04  -1.0 2.50e+03    -  6.21e-01 1.00e+00f  1
  17  5.6287323e+03 4.65e-16 4.83e+03  -1.0 6.05e+03    -  6.55e-01 1.00e+00f  1
  18  5.6568861e+03 4.44e-16 1.51e+03  -1.0 1.41e+04    -  6.88e-01 1.00e+00f  1
  19  5.6918808e+03 5.29e-16 3.38e+02  -1.0 2.55e+04    -  7.76e-01 1.00e+00f  1
iter    objective    inf_pr   inf_du lg(mu)  ||d||  lg(rg) alpha_du alpha_pr  ls
  20  5.7143203e+03 4.41e-16 7.87e-02  -1.0 2.56e+04    -  1.00e+00 1.00e+00h  1
  21  5.7184681e+03 4.91e-16 5.52e-03  -1.0 7.45e+03    -  1.00e+00 1.00e+00h  1
  22  5.3297963e+03 4.39e-16 1.86e+06  -2.5 2.47e+04    -  7.89e-01 1.00e+00f  1
  23  4.4476087e+03 6.30e-02 6.64e+05  -2.5 3.32e+04    -  6.44e-01 1.00e+00f  1
  24  3.5710473e+03 4.91e-02 1.20e+05  -2.5 1.82e+04    -  8.20e-01 1.00e+00h  1
  25  3.4025810e+03 3.87e-16 2.02e-03  -2.5 6.24e+03    -  1.00e+00 1.00e+00h  1
  26  3.4135966e+03 4.02e-16 2.53e-05  -2.5 3.09e+02    -  1.00e+00 1.00e+00h  1
  27  3.4136808e+03 3.94e-16 2.08e-07  -2.5 5.57e+00    -  1.00e+00 1.00e+00h  1
  28  3.0484661e+03 4.49e-02 2.75e+04  -5.7 8.96e+03    -  7.66e-01 8.73e-01f  1
  29  2.9869727e+03 3.65e-02 7.97e+03  -5.7 2.38e+03    -  6.94e-01 6.81e-01h  1
iter    objective    inf_pr   inf_du lg(mu)  ||d||  lg(rg) alpha_du alpha_pr  ls
  30  2.9650464e+03 3.61e-02 3.07e+03  -5.7 7.77e+02    -  6.51e-01 6.79e-01h  1
  31  2.9588844e+03 2.51e-02 5.90e+02  -5.7 2.58e+02    -  7.18e-01 6.36e-01h  1
  32  2.9571478e+03 1.56e-02 1.07e+02  -5.7 9.56e+01    -  7.78e-01 5.82e-01h  1
  33  2.9565516e+03 8.79e-03 1.91e+02  -5.7 4.03e+01    -  9.76e-01 6.04e-01h  1
  34  2.9562710e+03 2.45e-03 1.17e-04  -5.7 1.61e+01    -  1.00e+00 1.00e+00h  1
  35  2.9563088e+03 3.93e-16 9.53e-06  -5.7 1.30e-01    -  1.00e+00 1.00e+00h  1
  36  2.9563078e+03 4.20e-16 4.69e-07  -5.7 3.68e-03    -  1.00e+00 1.00e+00h  1
  37  2.9560974e+03 1.10e-04 3.12e+01  -8.6 7.00e+00    -  6.28e-01 8.14e-01f  1
  38  2.9560736e+03 5.31e-05 2.01e+01  -8.6 1.26e+00    -  5.04e-01 6.54e-01h  1
  39  2.9560653e+03 2.13e-05 1.13e+01  -8.6 4.38e-01    -  5.25e-01 6.86e-01h  1
iter    objective    inf_pr   inf_du lg(mu)  ||d||  lg(rg) alpha_du alpha_pr  ls
  40  2.9560625e+03 7.11e-06 4.77e+00  -8.6 1.37e-01    -  6.10e-01 7.17e-01h  1
  41  2.9560615e+03 6.27e-06 1.22e+00  -8.6 3.90e-02    -  7.77e-01 9.35e-01h  1
  42  2.9560614e+03 4.03e-16 1.92e-06  -8.6 5.56e-03    -  1.00e+00 1.00e+00f  1
  43  2.9560614e+03 4.10e-16 5.23e-08  -8.6 1.05e-03    -  1.00e+00 1.00e+00h  1
  44  2.9560614e+03 4.10e-16 3.20e-11  -8.6 3.97e-05    -  1.00e+00 1.00e+00h  1

Number of Iterations....: 44

                                   (scaled)                 (unscaled)
Objective...............:   4.8728235521586691e+02    2.9560613744580605e+03
Dual infeasibility......:   3.1991635130400840e-11    1.9407482315430680e-10
Constraint violation....:   4.0980102807956022e-16    4.0980102807956022e-16
Variable bound violation:   6.5208074452247078e-09    6.5208074452247078e-09
Complementarity.........:   2.6063528966621925e-09    1.5811241764781048e-08
Overall NLP error.......:   2.6063528966621925e-09    1.5811241764781048e-08


Number of objective function evaluations             = 45
Number of objective gradient evaluations             = 45
Number of equality constraint evaluations            = 45
Number of inequality constraint evaluations          = 45
Number of equality constraint Jacobian evaluations   = 45
Number of inequality constraint Jacobian evaluations = 45
Number of Lagrangian Hessian evaluations             = 44
Total seconds in IPOPT (w/o function evaluations)    =      3.857
Total seconds in NLP function evaluations            =      0.264


Timing Statistics:

OverallAlgorithm....................:      4.122 (sys:      0.000 wall:      4.122)
 PrintProblemStatistics.............:      0.000 (sys:      0.000 wall:      0.001)
 InitializeIterates.................:      0.201 (sys:      0.000 wall:      0.202)
 UpdateHessian......................:      0.045 (sys:      0.000 wall:      0.047)
 OutputIteration....................:      0.004 (sys:      0.000 wall:      0.004)
 UpdateBarrierParameter.............:      0.019 (sys:      0.000 wall:      0.009)
 ComputeSearchDirection.............:      3.360 (sys:      0.000 wall:      3.358)
 ComputeAcceptableTrialPoint........:      0.306 (sys:      0.000 wall:      0.309)
 AcceptTrialPoint...................:      0.019 (sys:      0.000 wall:      0.018)
 CheckConvergence...................:      0.168 (sys:      0.000 wall:      0.173)
PDSystemSolverTotal.................:      3.312 (sys:      0.000 wall:      3.314)
 PDSystemSolverSolveOnce............:      3.134 (sys:      0.000 wall:      3.138)
 ComputeResiduals...................:      0.124 (sys:      0.000 wall:      0.130)
 StdAugSystemSolverMultiSolve.......:      3.221 (sys:      0.000 wall:      3.238)
 LinearSystemScaling................:      0.000 (sys:      0.000 wall:      0.000)
 LinearSystemSymbolicFactorization..:      0.055 (sys:      0.000 wall:      0.055)
 LinearSystemFactorization..........:      1.818 (sys:      0.000 wall:      1.806)
 LinearSystemBackSolve..............:      1.200 (sys:      0.000 wall:      1.197)
 LinearSystemStructureConverter.....:      0.068 (sys:      0.000 wall:      0.077)
  LinearSystemStructureConverterInit:      0.035 (sys:      0.000 wall:      0.037)
QualityFunctionSearch...............:      0.000 (sys:      0.000 wall:      0.000)
TryCorrector........................:      0.000 (sys:      0.000 wall:      0.000)
Task1...............................:      0.000 (sys:      0.000 wall:      0.000)
Task2...............................:      0.000 (sys:      0.000 wall:      0.000)
Task3...............................:      0.000 (sys:      0.000 wall:      0.000)
Task4...............................:      0.000 (sys:      0.000 wall:      0.000)
Task5...............................:      0.000 (sys:      0.000 wall:      0.000)
Task6...............................:      0.000 (sys:      0.000 wall:      0.000)
Function Evaluations................:      0.251 (sys:      0.000 wall:      0.264)
 Objective function.................:      0.001 (sys:      0.000 wall:      0.002)
 Objective function gradient........:      0.000 (sys:      0.000 wall:      0.003)
 Equality constraints...............:      0.091 (sys:      0.000 wall:      0.101)
 Inequality constraints.............:      0.009 (sys:      0.000 wall:      0.006)
 Equality constraint Jacobian.......:      0.016 (sys:      0.000 wall:      0.024)
 Inequality constraint Jacobian.....:      0.089 (sys:      0.000 wall:      0.083)
 Lagrangian Hessian.................:      0.045 (sys:      0.000 wall:      0.046)

EXIT: Optimal Solution Found.
IPOPT_OPTION linear_solver=ma97
IPOPT_OPTION hsllib=C:/Users/Aryan Ritwajeet Jha/Documents/hsl/build/libhsl_ma97.dll
IPOPT_OPTION linear_system_scaling=none
CENTRAL_IPOPT system=ieee123C_1ph T=96 profile=periodic C_B=1.000000e-03 gamma=1.750000e+04 status=LOCALLY_SOLVED iterations=44 objective=2956.061374458061 solve_time_s=4.226 build_s=5.763 wall_s=11.824 variables=63744 solver=3.14.19
CENTRAL_IPOPT_BATTERY at_power_limit=0.061 mean_utilization=0.339 energy_window_used=1.000 throughput_pu_h=4.106969e+00 energy_term=2.920043e+03 cb_term=2.775957e+01 terminal_term=8.258704e+00
