QUIET_WAIT waited_s=18 other_cores=1.09 timed_out=0

******************************************************************************
This program contains Ipopt, a library for large-scale nonlinear optimization.
 Ipopt is released as open source code under the Eclipse Public License (EPL).
         For more information visit https://github.com/coin-or/Ipopt
******************************************************************************

This is Ipopt version 3.14.19, running with linear solver ma57.

Number of nonzeros in equality constraint Jacobian...:   173625
Number of nonzeros in inequality constraint Jacobian.:    60504
Number of nonzeros in Lagrangian Hessian.............:    47121

Total number of variables............................:    65004
                     variables with only lower bounds:    12222
                variables with lower and upper bounds:     7386
                     variables with only upper bounds:        0
Total number of equality constraints.................:    46890
Total number of inequality constraints...............:    15126
        inequality constraints with only lower bounds:        0
   inequality constraints with lower and upper bounds:        0
        inequality constraints with only upper bounds:    15126

iter    objective    inf_pr   inf_du lg(mu)  ||d||  lg(rg) alpha_du alpha_pr  ls
   0  9.9483819e+03 9.16e-03 1.00e+02  -1.0 0.00e+00    -  0.00e+00 0.00e+00   0
   1  1.0041266e+04 5.24e-02 8.80e+01  -1.0 6.57e+00    -  7.15e-02 1.20e-01f  1
   2  1.0265444e+04 1.26e-01 7.54e+01  -1.0 2.46e+00    -  2.19e-01 1.43e-01f  1
   3  1.0525959e+04 2.51e-01 6.24e+01  -1.0 2.38e+00    -  2.48e-01 1.72e-01f  1
   4  1.0683231e+04 2.35e-01 1.91e+02  -1.0 2.96e+00    -  9.91e-01 1.14e-01f  1
   5  1.1246931e+04 4.98e-02 3.61e+02  -1.0 2.16e+01    -  1.00e+00 2.81e-01f  1
   6  1.1505333e+04 3.70e-05 5.11e+00  -1.0 1.19e+02    -  1.00e+00 9.90e-01h  1
   7  1.1335181e+04 8.03e-16 1.02e-02  -1.0 1.38e+01    -  1.00e+00 1.00e+00f  1
   8  1.1099781e+04 8.54e-16 2.90e+02  -2.5 1.20e+02    -  6.39e-01 1.00e+00f  1
   9  1.0697481e+04 2.20e-04 1.40e+02  -2.5 2.26e+01    -  4.92e-01 9.97e-01f  1
iter    objective    inf_pr   inf_du lg(mu)  ||d||  lg(rg) alpha_du alpha_pr  ls
  10  1.0646259e+04 7.85e-16 7.02e+02  -2.5 8.62e+00    -  3.56e-01 1.29e-01f  1
  11  1.0604829e+04 8.59e-16 6.38e+02  -2.5 9.80e+00    -  2.30e-01 8.85e-02f  1
  12  1.0478314e+04 8.49e-16 4.92e+02  -2.5 1.05e+01    -  1.95e-01 2.47e-01f  1
  13  1.0277761e+04 1.01e-03 3.38e+02  -2.5 1.04e+01    -  3.26e-01 4.26e-01f  1
  14  1.0213095e+04 8.18e-16 2.11e+02  -2.5 9.36e+00    -  3.80e-01 1.83e-01f  1
  15  9.9661408e+03 3.39e-03 3.26e+02  -2.5 8.87e+00    -  3.01e-01 7.71e-01f  1
  16  9.8791603e+03 5.76e-16 9.46e+01  -2.5 3.42e+00    -  6.54e-01 8.54e-01f  1
  17  9.8541977e+03 6.72e-16 3.85e-04  -2.5 1.15e+00    -  1.00e+00 1.00e+00h  1
  18  9.6991339e+03 2.83e-03 4.31e+01  -3.8 8.05e+00    -  4.66e-01 5.89e-01f  1
  19  9.5905343e+03 3.67e-03 9.11e+01  -3.8 4.55e+00    -  4.90e-01 8.11e-01f  1
iter    objective    inf_pr   inf_du lg(mu)  ||d||  lg(rg) alpha_du alpha_pr  ls
  20  9.5636713e+03 3.45e-03 6.14e+01  -3.8 1.33e+00    -  4.94e-01 7.89e-01f  1
  21  9.5605940e+03 2.23e-03 3.10e+01  -3.8 3.62e-01    -  4.60e-01 3.29e-01h  1
  22  9.5585577e+03 1.44e-03 1.72e+01  -3.8 2.64e-01    -  4.02e-01 3.01e-01h  1
  23  9.5566453e+03 6.91e-04 1.57e+01  -3.8 1.90e-01    -  1.67e-01 3.92e-01h  1
  24  9.5558742e+03 3.47e-04 4.92e+00  -3.8 1.16e-01    -  5.87e-01 2.67e-01h  1
  25  9.5546800e+03 6.85e-16 5.16e+00  -3.8 8.64e-02    -  7.77e-01 5.67e-01h  1
  26  9.5537543e+03 6.68e-16 1.87e-05  -3.8 3.75e-02    -  1.00e+00 1.00e+00h  1
  27  9.5503922e+03 7.30e-16 5.20e+00  -5.7 6.14e-01    -  2.82e-01 1.75e-01f  1
  28  9.5466136e+03 7.07e-16 9.84e+00  -5.7 5.10e-01    -  3.78e-01 2.37e-01f  1
  29  9.5403147e+03 3.52e-04 7.23e+00  -5.7 3.92e-01    -  9.33e-02 5.18e-01f  1
iter    objective    inf_pr   inf_du lg(mu)  ||d||  lg(rg) alpha_du alpha_pr  ls
  30  9.5392244e+03 3.04e-04 3.47e+00  -5.7 1.89e-01    -  3.67e-01 1.89e-01h  1
  31  9.5357602e+03 5.01e-04 1.74e+00  -5.7 1.53e-01    -  5.12e-01 7.34e-01f  1
  32  9.5345387e+03 9.70e-05 1.66e+00  -5.7 4.07e-02    -  5.73e-01 1.00e+00h  1
  33  9.5345375e+03 4.82e-16 1.32e-01  -5.7 2.05e-03    -  8.99e-01 1.00e+00h  1
  34  9.5345355e+03 4.82e-16 9.54e-09  -5.7 1.22e-03    -  1.00e+00 1.00e+00h  1
  35  9.5343067e+03 2.07e-06 8.22e-02  -8.6 7.71e-03    -  7.21e-01 9.65e-01f  1
  36  9.5342982e+03 5.80e-07 3.88e-02  -8.6 7.72e-04    -  7.02e-01 1.00e+00h  1
  37  9.5342981e+03 3.36e-07 1.99e-02  -8.6 6.95e-04    -  6.53e-01 1.00e+00h  1
  38  9.5342981e+03 2.33e-08 2.66e-03  -8.6 3.90e-04    -  8.98e-01 1.00e+00h  1
  39  9.5342981e+03 5.67e-16 2.31e-11  -8.6 1.76e-04    -  1.00e+00 1.00e+00h  1

Number of Iterations....: 39

                                   (scaled)                 (unscaled)
Objective...............:   1.2416938912185201e+03    9.5342980792697690e+03
Dual infeasibility......:   2.3065459915302955e-11    1.7710723369359422e-10
Constraint violation....:   5.6736299686166447e-16    5.6736299686166447e-16
Variable bound violation:   1.0624940260939297e-08    1.0624940260939297e-08
Complementarity.........:   8.0853831444489016e-09    6.2083298894729660e-08
Overall NLP error.......:   8.0853831444489016e-09    6.2083298894729660e-08


Number of objective function evaluations             = 40
Number of objective gradient evaluations             = 40
Number of equality constraint evaluations            = 40
Number of inequality constraint evaluations          = 40
Number of equality constraint Jacobian evaluations   = 40
Number of inequality constraint Jacobian evaluations = 40
Number of Lagrangian Hessian evaluations             = 39
Total seconds in IPOPT (w/o function evaluations)    =      2.836
Total seconds in NLP function evaluations            =      0.256


Timing Statistics:

OverallAlgorithm....................:      3.089 (sys:      0.000 wall:      3.091)
 PrintProblemStatistics.............:      0.000 (sys:      0.000 wall:      0.000)
 InitializeIterates.................:      0.102 (sys:      0.000 wall:      0.102)
 UpdateHessian......................:      0.031 (sys:      0.000 wall:      0.047)
 OutputIteration....................:      0.012 (sys:      0.000 wall:      0.011)
 UpdateBarrierParameter.............:      0.000 (sys:      0.000 wall:      0.004)
 ComputeSearchDirection.............:      2.558 (sys:      0.000 wall:      2.549)
 ComputeAcceptableTrialPoint........:      0.212 (sys:      0.000 wall:      0.215)
 AcceptTrialPoint...................:      0.005 (sys:      0.000 wall:      0.008)
 CheckConvergence...................:      0.169 (sys:      0.000 wall:      0.155)
PDSystemSolverTotal.................:      2.549 (sys:      0.000 wall:      2.538)
 PDSystemSolverSolveOnce............:      2.449 (sys:      0.000 wall:      2.410)
 ComputeResiduals...................:      0.062 (sys:      0.000 wall:      0.100)
 StdAugSystemSolverMultiSolve.......:      2.461 (sys:      0.000 wall:      2.450)
 LinearSystemScaling................:      0.000 (sys:      0.000 wall:      0.000)
 LinearSystemSymbolicFactorization..:      0.039 (sys:      0.000 wall:      0.033)
 LinearSystemFactorization..........:      1.705 (sys:      0.000 wall:      1.711)
 LinearSystemBackSolve..............:      0.640 (sys:      0.000 wall:      0.635)
 LinearSystemStructureConverter.....:      0.000 (sys:      0.000 wall:      0.000)
  LinearSystemStructureConverterInit:      0.000 (sys:      0.000 wall:      0.000)
QualityFunctionSearch...............:      0.000 (sys:      0.000 wall:      0.000)
TryCorrector........................:      0.000 (sys:      0.000 wall:      0.000)
Task1...............................:      0.000 (sys:      0.000 wall:      0.000)
Task2...............................:      0.000 (sys:      0.000 wall:      0.000)
Task3...............................:      0.000 (sys:      0.000 wall:      0.000)
Task4...............................:      0.000 (sys:      0.000 wall:      0.000)
Task5...............................:      0.000 (sys:      0.000 wall:      0.000)
Task6...............................:      0.000 (sys:      0.000 wall:      0.000)
Function Evaluations................:      0.255 (sys:      0.000 wall:      0.256)
 Objective function.................:      0.001 (sys:      0.000 wall:      0.001)
 Objective function gradient........:      0.001 (sys:      0.000 wall:      0.002)
 Equality constraints...............:      0.097 (sys:      0.000 wall:      0.098)
 Inequality constraints.............:      0.000 (sys:      0.000 wall:      0.004)
 Equality constraint Jacobian.......:      0.036 (sys:      0.000 wall:      0.019)
 Inequality constraint Jacobian.....:      0.089 (sys:      0.000 wall:      0.086)
 Lagrangian Hessian.................:      0.031 (sys:      0.000 wall:      0.045)

EXIT: Optimal Solution Found.
IPOPT_OPTION linear_solver=ma57
IPOPT_OPTION hsllib=C:/Users/Aryan Ritwajeet Jha/Documents/hsl/build/libma57.dll
IPOPT_OPTION linear_system_scaling=none
BOUND_SCREEN ell,psubs,substation,vupper: voltage limits dropped 1 lower, 2038 upper of 2522 buses; ell >= 0 dropped on 2521 lines; P_Subs >= 0 dropped: true
IPOPT_LOADFLOW_START applied
CENTRAL_IPOPT system=ieee2522C_1ph T=6 profile=periodic C_B=1.900000e-03 gamma=3.290000e+04 status=LOCALLY_SOLVED iterations=39 objective=9534.298079269769 solve_time_s=3.109 build_s=7.362 wall_s=12.189 variables=65004 solver=3.14.19
CENTRAL_IPOPT_MEMORY maxrss_mib=718.4
CENTRAL_IPOPT_BATTERY at_power_limit=0.000 mean_utilization=0.204 energy_window_used=1.000 throughput_pu_h=6.500138e+00 energy_term=9.491451e+03 cb_term=2.223355e+01 terminal_term=2.061365e+01
