QUIET_WAIT waited_s=18 other_cores=0.72 timed_out=0

******************************************************************************
This program contains Ipopt, a library for large-scale nonlinear optimization.
 Ipopt is released as open source code under the Eclipse Public License (EPL).
         For more information visit https://github.com/coin-or/Ipopt
******************************************************************************

This is Ipopt version 3.14.19, running with linear solver ma57.

Number of nonzeros in equality constraint Jacobian...:  5692980
Number of nonzeros in inequality constraint Jacobian.:  1981440
Number of nonzeros in Lagrangian Hessian.............:  1536060

Reallocating memory for MA57: lfact (68400899)
Total number of variables............................:  2128560
                     variables with only lower bounds:   495360
                variables with lower and upper bounds:   146976
                     variables with only upper bounds:        0
Total number of equality constraints.................:  1535184
Total number of inequality constraints...............:   495360
        inequality constraints with only lower bounds:        0
   inequality constraints with lower and upper bounds:        0
        inequality constraints with only upper bounds:   495360

iter    objective    inf_pr   inf_du lg(mu)  ||d||  lg(rg) alpha_du alpha_pr  ls
   0  3.2014692e+06 2.84e-13 1.00e+02  -1.0 0.00e+00    -  0.00e+00 0.00e+00   0
   1  3.1394163e+06 3.05e+00 6.80e+01  -1.0 4.78e+02    -  2.56e-01 3.20e-01f  1
   2  3.1253062e+06 2.94e+00 5.57e+01  -1.0 3.70e+02    -  6.96e-01 1.82e-01f  1
   3  3.1086288e+06 3.70e+00 2.26e+01  -1.0 2.93e+02    -  9.90e-01 5.94e-01f  1
   4  3.1389972e+06 3.53e-11 1.67e+00  -1.0 6.83e+01    -  9.93e-01 9.26e-01f  1
   5  3.1537442e+06 1.17e-12 7.11e-02  -1.0 4.41e+03    -  1.00e+00 1.00e+00f  1
   6  3.1119052e+06 8.63e-13 2.64e-01  -2.5 3.58e+03    -  9.59e-01 8.31e-01f  1
   7  3.1052500e+06 1.20e-12 2.66e-01  -2.5 1.13e+03    -  1.00e+00 7.69e-01f  1
   8  3.1032745e+06 8.79e-13 2.35e-05  -2.5 2.68e+02    -  1.00e+00 1.00e+00f  1
   9  3.1020048e+06 8.86e-13 3.35e-02  -3.8 4.55e+02    -  1.00e+00 9.13e-01f  1
iter    objective    inf_pr   inf_du lg(mu)  ||d||  lg(rg) alpha_du alpha_pr  ls
  10  3.1018832e+06 1.00e-12 2.06e-07  -3.8 4.18e+01    -  1.00e+00 1.00e+00f  1
  11  3.1018075e+06 1.04e-12 8.69e-04  -5.7 2.55e+01    -  9.91e-01 9.82e-01f  1
  12  3.1018061e+06 8.67e-13 3.55e-09  -5.7 4.57e-01    -  1.00e+00 1.00e+00f  1
  13  3.1018061e+06 1.22e-12 3.57e-10  -5.7 3.45e-02    -  1.00e+00 1.00e+00h  1
  14  3.1018051e+06 7.44e-13 1.18e-05  -8.6 3.16e-01    -  1.00e+00 9.99e-01f  1
  15  3.1018051e+06 9.81e-13 8.98e-12  -8.6 2.91e-03    -  1.00e+00 1.00e+00h  1
  16  3.1018051e+06 9.91e-13 1.99e-12  -8.6 1.26e-03    -  1.00e+00 1.00e+00h  1
  17  3.1018051e+06 5.86e-13 4.11e-13  -8.6 6.25e-04    -  1.00e+00 1.00e+00h  1
  18  3.1018051e+06 4.67e-13 4.05e-13  -8.6 2.99e-04    -  1.00e+00 1.00e+00h  1

Number of Iterations....: 18

                                   (scaled)                 (unscaled)
Objective...............:   3.1018051330908975e+06    3.1018051330908975e+06
Dual infeasibility......:   4.0534242629064465e-13    4.0534242629064465e-13
Constraint violation....:   4.6718184876226587e-13    4.6718184876226587e-13
Variable bound violation:   1.8660634371059359e-08    1.8660634371059359e-08
Complementarity.........:   9.2032615876581447e-09    9.2032615876581447e-09
Overall NLP error.......:   9.2032615876581447e-09    9.2032615876581447e-09


Number of objective function evaluations             = 19
Number of objective gradient evaluations             = 19
Number of equality constraint evaluations            = 19
Number of inequality constraint evaluations          = 19
Number of equality constraint Jacobian evaluations   = 19
Number of inequality constraint Jacobian evaluations = 19
Number of Lagrangian Hessian evaluations             = 18
Total seconds in IPOPT (w/o function evaluations)    =     55.674
Total seconds in NLP function evaluations            =      4.695


Timing Statistics:

OverallAlgorithm....................:     60.366 (sys:      0.000 wall:     60.368)
 PrintProblemStatistics.............:      0.025 (sys:      0.000 wall:      0.026)
 InitializeIterates.................:      6.399 (sys:      0.000 wall:      6.399)
 UpdateHessian......................:      0.910 (sys:      0.000 wall:      0.907)
 OutputIteration....................:      0.015 (sys:      0.000 wall:      0.010)
 UpdateBarrierParameter.............:      0.166 (sys:      0.000 wall:      0.158)
 ComputeSearchDirection.............:     46.077 (sys:      0.000 wall:     46.091)
 ComputeAcceptableTrialPoint........:      3.550 (sys:      0.000 wall:      3.540)
 AcceptTrialPoint...................:      0.134 (sys:      0.000 wall:      0.142)
 CheckConvergence...................:      3.090 (sys:      0.000 wall:      3.096)
PDSystemSolverTotal.................:     45.796 (sys:      0.000 wall:     45.806)
 PDSystemSolverSolveOnce............:     41.904 (sys:      0.000 wall:     41.946)
 ComputeResiduals...................:      3.047 (sys:      0.000 wall:      3.036)
 StdAugSystemSolverMultiSolve.......:     46.850 (sys:      0.000 wall:     46.851)
 LinearSystemScaling................:      0.000 (sys:      0.000 wall:      0.000)
 LinearSystemSymbolicFactorization..:      1.871 (sys:      0.000 wall:      1.871)
 LinearSystemFactorization..........:     31.579 (sys:      0.000 wall:     31.610)
 LinearSystemBackSolve..............:     12.005 (sys:      0.000 wall:     11.973)
 LinearSystemStructureConverter.....:      0.000 (sys:      0.000 wall:      0.000)
  LinearSystemStructureConverterInit:      0.000 (sys:      0.000 wall:      0.000)
QualityFunctionSearch...............:      0.000 (sys:      0.000 wall:      0.000)
TryCorrector........................:      0.000 (sys:      0.000 wall:      0.000)
Task1...............................:      0.000 (sys:      0.000 wall:      0.000)
Task2...............................:      0.000 (sys:      0.000 wall:      0.000)
Task3...............................:      0.000 (sys:      0.000 wall:      0.000)
Task4...............................:      0.000 (sys:      0.000 wall:      0.000)
Task5...............................:      0.000 (sys:      0.000 wall:      0.000)
Task6...............................:      0.000 (sys:      0.000 wall:      0.000)
Function Evaluations................:      4.692 (sys:      0.000 wall:      4.695)
 Objective function.................:      0.005 (sys:      0.000 wall:      0.007)
 Objective function gradient........:      0.056 (sys:      0.000 wall:      0.068)
 Equality constraints...............:      1.780 (sys:      0.000 wall:      1.779)
 Inequality constraints.............:      0.114 (sys:      0.000 wall:      0.119)
 Equality constraint Jacobian.......:      0.318 (sys:      0.000 wall:      0.329)
 Inequality constraint Jacobian.....:      1.545 (sys:      0.000 wall:      1.534)
 Lagrangian Hessian.................:      0.874 (sys:      0.000 wall:      0.858)

EXIT: Optimal Solution Found.
IPOPT_OPTION linear_solver=ma57
IPOPT_OPTION hsllib=C:/Users/Aryan Ritwajeet Jha/Documents/hsl/build/libma57.dll
IPOPT_OPTION linear_system_scaling=none
BOUND_SCREEN ell,psubs,substation,vupper: voltage limits dropped 1 lower, 10321 upper of 10321 buses; ell >= 0 dropped on 10320 lines; P_Subs >= 0 dropped: true
IPOPT_LOADFLOW_START applied
CENTRAL_IPOPT system=large10kC_1ph T=48 profile=periodic C_B=2.400000e-05 gamma=4.200000e+02 status=LOCALLY_SOLVED iterations=18 objective=3101805.133090897463 solve_time_s=60.718 build_s=58.253 wall_s=126.190 variables=2128560 solver=3.14.19
CENTRAL_IPOPT_MEMORY maxrss_mib=5368.6
CENTRAL_IPOPT_BATTERY at_power_limit=0.061 mean_utilization=0.338 energy_window_used=1.000 throughput_pu_h=3.440588e+03 energy_term=3.072236e+06 cb_term=2.306882e+04 terminal_term=6.500386e+03
