QUIET_WAIT waited_s=18 other_cores=0.44 timed_out=0

******************************************************************************
This program contains Ipopt, a library for large-scale nonlinear optimization.
 Ipopt is released as open source code under the Eclipse Public License (EPL).
         For more information visit https://github.com/coin-or/Ipopt
******************************************************************************

This is Ipopt version 3.14.19, running with linear solver ma57.

Number of nonzeros in equality constraint Jacobian...: 17080980
Number of nonzeros in inequality constraint Jacobian.:  5944320
Number of nonzeros in Lagrangian Hessian.............:  4606140

Reallocating memory for MA57: lfact (213942580)
Total number of variables............................:  6385680
                     variables with only lower bounds:  1486224
                variables with lower and upper bounds:  1927152
                     variables with only upper bounds:        0
Total number of equality constraints.................:  4605552
Total number of inequality constraints...............:  1486080
        inequality constraints with only lower bounds:        0
   inequality constraints with lower and upper bounds:        0
        inequality constraints with only upper bounds:  1486080

iter    objective    inf_pr   inf_du lg(mu)  ||d||  lg(rg) alpha_du alpha_pr  ls
   0  1.2375691e+05 6.40e-01 1.02e+01  -1.0 0.00e+00    -  0.00e+00 0.00e+00   0
   1  1.2822770e+05 6.40e-01 1.81e+01  -1.0 2.20e+02    -  4.49e-05 5.11e-04h  1
   2  1.2923966e+05 6.40e-01 1.81e+01  -1.0 1.21e+03    -  9.69e-05 2.44e-04f  1
   3  1.2955738e+05 6.39e-01 1.81e+01  -1.0 1.06e+03    -  1.47e-04 9.97e-05f  1
   4  1.3721062e+06 2.99e+01 4.42e+03  -1.0 1.29e+03    -  1.02e-04 4.03e-01f  1
   5  1.3733676e+06 2.99e+01 4.40e+03  -1.0 2.78e+03   0.0 2.35e-03 2.29e-04h  1
   6  1.3738938e+06 2.98e+01 4.40e+03  -1.0 8.59e+03  -0.5 4.36e-04 1.77e-04h  1
   7  1.3746269e+06 2.98e+01 4.40e+03  -1.0 1.24e+04  -1.0 3.70e-04 3.24e-04f  1
   8  1.3757577e+06 2.98e+01 4.40e+03  -1.0 1.41e+04  -1.4 3.17e-04 5.68e-04f  1
   9  1.3767171e+06 2.98e+01 4.43e+03  -1.0 1.16e+04  -1.0 3.41e-04 4.85e-04f  1
iter    objective    inf_pr   inf_du lg(mu)  ||d||  lg(rg) alpha_du alpha_pr  ls
  10  1.3786017e+06 2.98e+01 4.61e+03  -1.0 1.27e+04  -1.5 4.15e-04 1.02e-03f  1
  11  1.3789283e+06 2.98e+01 4.49e+03  -1.0 1.31e+04    -  7.70e-04 1.85e-04f  1
  12  1.3800918e+06 2.98e+01 4.49e+03  -1.0 1.47e+04    -  6.94e-04 6.70e-04f  1
  13  1.3807863e+06 2.97e+01 4.46e+03  -1.0 1.46e+04    -  8.93e-04 4.03e-04f  1
  14  1.3821667e+06 2.97e+01 4.46e+03  -1.0 1.39e+04    -  7.45e-04 8.03e-04f  1
  15  1.3836845e+06 2.97e+01 4.46e+03  -1.0 1.27e+04    -  7.09e-04 8.81e-04f  1
  16  1.3851946e+06 2.97e+01 4.46e+03  -1.0 1.16e+04    -  7.36e-04 8.75e-04f  1
  17  1.3864493e+06 2.96e+01 4.45e+03  -1.0 1.06e+04    -  9.26e-04 7.26e-04f  1
  18  1.3877554e+06 2.96e+01 4.44e+03  -1.0 9.77e+03    -  8.33e-04 7.55e-04f  1
  19  1.3897328e+06 2.96e+01 4.45e+03  -1.0 8.93e+03    -  8.34e-04 1.14e-03f  1
iter    objective    inf_pr   inf_du lg(mu)  ||d||  lg(rg) alpha_du alpha_pr  ls
  20  1.3925906e+06 2.95e+01 4.46e+03  -1.0 7.99e+03    -  1.06e-03 1.65e-03f  1
  21  1.3939932e+06 2.95e+01 4.42e+03  -1.0 6.83e+03    -  2.06e-03 8.12e-04f  1
  22  1.3956275e+06 2.95e+01 4.40e+03  -1.0 5.71e+03    -  1.53e-03 9.48e-04f  1
  23  1.3989618e+06 2.94e+01 4.41e+03  -1.0 3.55e+03  -1.1 1.54e-03 1.91e-03f  1
  24  1.4014544e+06 2.94e+01 4.39e+03  -1.0 3.99e+03    -  2.04e-03 1.44e-03f  1
  25  1.4032968e+06 2.94e+01 4.37e+03  -1.0 3.43e+03    -  1.56e-03 1.06e-03f  1
  26  1.4080804e+06 2.93e+01 4.36e+03  -1.0 3.08e+03    -  2.75e-03 2.76e-03f  1
  27  1.4129983e+06 2.92e+01 4.35e+03  -1.0 2.55e+03    -  2.62e-03 2.83e-03f  1
  28  1.4188511e+06 2.91e+01 4.34e+03  -1.0 2.23e+03    -  3.45e-03 3.35e-03f  1
  29  1.4256333e+06 2.90e+01 4.34e+03  -1.0 2.02e+03    -  2.78e-03 3.87e-03f  1
iter    objective    inf_pr   inf_du lg(mu)  ||d||  lg(rg) alpha_du alpha_pr  ls
  30  1.4337143e+06 2.89e+01 4.32e+03  -1.0 1.92e+03    -  4.09e-03 4.60e-03f  1
  31  1.4386111e+06 2.88e+01 4.26e+03  -1.0 1.80e+03    -  6.94e-03 2.79e-03f  1
  32  1.4474708e+06 2.86e+01 4.25e+03  -1.0 1.61e+03  -1.5 3.92e-03 5.04e-03f  1
  33  1.4546861e+06 2.85e+01 4.24e+03  -1.0 1.34e+03  -0.2 4.03e-03 4.13e-03f  1
  34  1.4632426e+06 2.84e+01 4.21e+03  -1.0 1.32e+03  -0.7 5.28e-03 4.91e-03f  1
  35  1.4722747e+06 2.82e+01 4.18e+03  -1.0 1.26e+03    -  6.53e-03 5.19e-03f  1
  36  1.4814380e+06 2.81e+01 4.22e+03  -1.0 1.14e+03  -0.3 4.05e-03 5.32e-03f  1
  37  1.4871008e+06 2.80e+01 4.21e+03  -1.0 1.08e+03  -0.7 3.06e-03 3.29e-03f  1
  38  1.4992337e+06 2.78e+01 4.18e+03  -1.0 1.04e+03    -  6.04e-03 7.05e-03f  1
  39  1.5048439e+06 2.77e+01 4.11e+03  -1.0 1.04e+03  -0.3 4.67e-03 3.30e-03f  1
iter    objective    inf_pr   inf_du lg(mu)  ||d||  lg(rg) alpha_du alpha_pr  ls
  40  1.5073044e+06 2.77e+01 4.07e+03  -1.0 1.01e+03  -0.8 9.38e-03 1.45e-03f  1
  41  1.5221522e+06 2.74e+01 4.04e+03  -1.0 9.45e+02    -  8.73e-03 8.72e-03f  1
  42  1.5429176e+06 2.71e+01 3.99e+03  -1.0 9.38e+02    -  3.63e-03 1.23e-02f  1
  43  1.5633330e+06 2.67e+01 3.94e+03  -1.0 9.46e+02  -0.4 1.18e-02 1.23e-02f  1
  44  1.5791781e+06 2.65e+01 3.90e+03  -1.0 8.92e+02  -0.8 1.10e-02 9.62e-03f  1
  45  1.5859621e+06 2.64e+01 3.87e+03  -1.0 8.81e+02  -0.4 1.02e-02 4.17e-03f  1
  46  1.5935941e+06 2.63e+01 3.86e+03  -1.0 7.85e+02    -  8.77e-03 4.69e-03f  1
  47  1.6148581e+06 2.59e+01 4.01e+03  -1.0 8.95e+02   0.0 7.87e-03 1.32e-02f  1
  48  1.6305722e+06 2.57e+01 3.81e+03  -1.0 8.15e+02  -0.5 1.46e-02 9.84e-03f  1
  49  1.6478990e+06 2.54e+01 3.91e+03  -1.0 8.18e+02  -0.0 9.35e-03 1.10e-02f  1
iter    objective    inf_pr   inf_du lg(mu)  ||d||  lg(rg) alpha_du alpha_pr  ls
  50  1.6638199e+06 2.51e+01 3.77e+03  -1.0 7.62e+02  -0.5 1.35e-02 1.02e-02f  1
  51  1.6830640e+06 2.48e+01 3.71e+03  -1.0 6.10e+02    -  2.22e-02 1.24e-02f  1
  52  1.7064695e+06 2.44e+01 3.72e+03  -1.0 6.91e+02  -1.0 9.21e-03 1.52e-02f  1
  53  1.7232149e+06 2.42e+01 3.56e+03  -1.0 7.06e+02  -0.6 1.83e-02 1.11e-02f  1
  54  1.7370455e+06 2.39e+01 3.53e+03  -1.0 6.50e+02  -1.0 1.31e-02 9.24e-03f  1
  55  1.7470325e+06 2.38e+01 3.50e+03  -1.0 5.71e+02    -  5.71e-03 6.73e-03f  1
  56  1.7929855e+06 2.30e+01 3.52e+03  -1.0 6.68e+02  -0.6 2.12e-02 3.12e-02f  1
  57  1.8173363e+06 2.27e+01 3.37e+03  -1.0 5.92e+02  -1.1 2.85e-02 1.70e-02f  1
  58  1.8358003e+06 2.24e+01 3.20e+03  -1.0 6.56e+02   0.2 2.67e-02 1.32e-02h  1
  59  1.8988303e+06 2.13e+01 3.06e+03  -1.0 6.09e+02  -0.2 4.29e-02 4.54e-02f  1
iter    objective    inf_pr   inf_du lg(mu)  ||d||  lg(rg) alpha_du alpha_pr  ls
  60  1.9632896e+06 2.03e+01 2.91e+03  -1.0 5.31e+02  -0.7 5.25e-02 4.86e-02f  1
  61  2.0681676e+06 1.87e+01 2.65e+03  -1.0 4.29e+02    -  4.33e-02 8.32e-02f  1
  62  2.2105624e+06 1.66e+01 2.30e+03  -1.0 3.93e+02    -  7.10e-02 1.23e-01f  1
  63  2.2968738e+06 1.52e+01 2.12e+03  -1.0 3.45e+02    -  1.10e-01 8.50e-02f  1
  64  2.4605499e+06 1.27e+01 1.72e+03  -1.0 3.17e+02    -  1.33e-01 1.76e-01f  1
  65  2.6400036e+06 9.98e+00 1.82e+03  -1.0 2.62e+02    -  1.85e-01 2.34e-01f  1
  66  3.2223194e+06 3.76e+00 9.66e+03  -1.0 2.02e+02    -  2.44e-01 9.90e-01h  1
  67  3.2295269e+06 2.09e-02 1.18e+03  -1.0 3.87e+00  -0.3 7.72e-01 9.90e-01f  1
  68  3.2317571e+06 2.02e-01 1.12e+04  -1.0 2.48e+01    -  5.84e-01 9.93e-01f  1
Reallocating memory for MA57: lfact (437491635)
Reallocating memory for MA57: lfact (595830589)
Reallocating memory for MA57: lfact (660241012)
  69  3.2332729e+06 1.03e-12 2.56e+06  -1.0 4.96e+00  -0.8 4.51e-02 1.00e+00f  1
iter    objective    inf_pr   inf_du lg(mu)  ||d||  lg(rg) alpha_du alpha_pr  ls
  70  3.2335958e+06 9.09e-13 6.18e+06  -1.0 1.66e+00  -0.3 3.08e-01 1.00e+00f  1
  71  3.2337797e+06 8.49e-13 5.15e+06  -1.0 3.46e+00  -0.8 1.67e-01 1.00e+00f  1
  72  3.2316378e+06 1.00e-12 4.28e+06  -1.0 5.38e+00  -1.3 1.70e-01 1.00e+00f  1
  73  3.2230714e+06 1.05e-12 3.30e+06  -1.0 1.60e+01  -1.8 2.29e-01 1.00e+00f  1
  74  3.2060890e+06 3.66e+00 2.62e+06  -1.0 2.73e+01  -2.2 2.06e-01 1.00e+00f  1
  75  3.1890232e+06 1.28e+00 1.86e+06  -1.0 1.01e+01  -1.8 2.90e-01 1.00e+00f  1
  76  3.1795572e+06 6.31e+00 1.31e+06  -1.0 8.39e+01    -  2.94e-01 6.86e-01f  1
  77  3.1796544e+06 6.13e+00 1.28e+06  -1.0 2.82e+02    -  2.48e-02 1.90e-02f  1
  78  3.1804293e+06 4.98e+00 1.10e+06  -1.0 1.25e+02    -  1.43e-01 1.25e-01f  1
  79  3.1837967e+06 2.48e+00 7.07e+05  -1.0 1.14e+02    -  3.56e-01 3.02e-01f  1
iter    objective    inf_pr   inf_du lg(mu)  ||d||  lg(rg) alpha_du alpha_pr  ls
  80  3.1983360e+06 1.04e-01 6.55e+05  -1.0 1.13e+02    -  7.28e-02 5.84e-01f  1
  81  3.2221543e+06 8.22e-13 4.62e+05  -1.0 7.94e+01    -  2.96e-01 7.85e-01f  1
  82  3.2661312e+06 8.65e-13 3.96e+05  -1.0 2.43e+01    -  1.42e-01 1.00e+00f  1
  83  3.3164094e+06 1.00e-12 3.33e+05  -1.0 1.87e+01    -  1.59e-01 1.00e+00f  1
  84  3.3745005e+06 9.93e-13 2.44e+05  -1.0 2.09e+01    -  2.68e-01 1.00e+00f  1
  85  3.4503730e+06 9.34e-13 1.62e+05  -1.0 2.76e+01    -  3.37e-01 1.00e+00f  1
  86  3.5570964e+06 1.17e-12 1.57e+04  -1.0 3.96e+01    -  9.03e-01 1.00e+00f  1
  87  4.1914602e+06 1.17e-12 1.02e+04  -1.0 3.01e+02    -  3.51e-01 1.00e+00f  1
  88  4.6114320e+06 1.24e-12 2.84e+03  -1.0 3.25e+02    -  7.21e-01 1.00e+00f  1
  89  4.8897036e+06 1.56e-12 1.54e+03  -1.0 1.27e+03    -  5.30e-01 1.00e+00f  1
iter    objective    inf_pr   inf_du lg(mu)  ||d||  lg(rg) alpha_du alpha_pr  ls
  90  4.9511330e+06 1.78e-12 6.25e+02  -1.0 2.44e+03    -  6.33e-01 1.00e+00f  1
  91  4.9590141e+06 1.37e-12 2.61e+02  -1.0 6.39e+03    -  5.96e-01 1.00e+00f  1
  92  4.9600187e+06 1.75e-12 8.86e+01  -1.0 1.28e+04    -  6.65e-01 1.00e+00f  1
  93  4.9609940e+06 1.72e-12 3.84e+01  -1.0 2.36e+04    -  7.49e-01 1.00e+00f  1
  94  4.9623104e+06 1.80e-12 9.16e+00  -1.0 3.16e+04    -  1.00e+00 1.00e+00f  1
  95  4.9629731e+06 1.55e-12 1.00e+00  -1.0 2.40e+04    -  1.00e+00 1.00e+00f  1
  96  3.4021515e+06 1.45e-12 2.36e+06  -1.7 1.82e+04    -  6.75e-01 1.00e+00f  1
  97  3.4434897e+06 1.09e-12 1.55e-02  -1.7 1.60e+04    -  1.00e+00 1.00e+00h  1
  98  3.4400719e+06 1.43e-12 9.41e-03  -1.7 9.27e+03    -  1.00e+00 1.00e+00h  1
  99  3.1530902e+06 9.31e-13 7.31e+04  -2.5 2.25e+04    -  8.91e-01 9.38e-01f  1
iter    objective    inf_pr   inf_du lg(mu)  ||d||  lg(rg) alpha_du alpha_pr  ls
 100  3.1446080e+06 1.15e-12 1.13e-03  -2.5 1.78e+04    -  1.00e+00 1.00e+00f  1
 101  3.1446041e+06 1.44e-12 5.81e-05  -2.5 1.55e+03    -  1.00e+00 1.00e+00h  1
 102  3.1445983e+06 1.28e-12 1.24e-07  -2.5 1.90e+00    -  1.00e+00 1.00e+00h  1
 103  3.1145438e+06 1.42e-12 2.12e+04  -3.8 1.13e+04    -  7.81e-01 6.93e-01f  1
 104  3.1055046e+06 1.12e-12 1.49e+04  -3.8 4.94e+03    -  9.23e-01 7.45e-01f  1
 105  3.1030236e+06 1.10e-12 1.24e-03  -3.8 1.41e+03    -  1.00e+00 1.00e+00f  1
 106  3.1031696e+06 1.09e-12 1.39e-05  -3.8 1.07e+01    -  1.00e+00 1.00e+00h  1
 107  3.1015708e+06 1.68e-03 7.83e+02  -5.7 8.16e+02    -  8.93e-01 8.35e-01f  1
 108  3.1014487e+06 9.34e-04 5.13e+02  -5.7 1.18e+02    -  1.00e+00 7.70e-01f  1
 109  3.1014252e+06 9.72e-13 1.57e-04  -5.7 1.81e+01    -  1.00e+00 1.00e+00h  1
iter    objective    inf_pr   inf_du lg(mu)  ||d||  lg(rg) alpha_du alpha_pr  ls
 110  3.1014262e+06 9.97e-13 2.98e-05  -5.7 3.77e+00    -  1.00e+00 1.00e+00h  1
 111  3.1014261e+06 1.19e-12 7.66e-07  -5.7 5.40e-01    -  1.00e+00 1.00e+00h  1
 112  3.1014123e+06 1.90e-07 2.72e+01  -8.6 5.58e+00    -  9.91e-01 8.28e-01f  1
 113  3.1014106e+06 1.27e-06 8.46e+00  -8.6 7.93e-01    -  9.90e-01 7.04e-01h  1
 114  3.1014100e+06 8.89e-07 2.16e+00  -8.6 2.34e-01    -  1.00e+00 7.45e-01h  1
 115  3.1014099e+06 1.41e-07 3.88e-01  -8.6 5.95e-02    -  1.00e+00 8.20e-01h  1
 116  3.1014099e+06 1.05e-12 4.90e-08  -8.6 1.07e-02    -  1.00e+00 1.00e+00f  1
 117  3.1014099e+06 8.56e-13 4.20e-09  -8.6 4.00e-04    -  1.00e+00 1.00e+00h  1

Number of Iterations....: 117

                                   (scaled)                 (unscaled)
Objective...............:   5.6802378315666190e+05    3.1014098560353741e+06
Dual infeasibility......:   4.1955678918333777e-09    2.2907800689410242e-08
Constraint violation....:   8.5620399659092072e-13    8.5620399659092072e-13
Variable bound violation:   1.3444670043938345e-08    1.3444670043938345e-08
Complementarity.........:   3.1005105190552794e-09    1.6928787434041828e-08
Overall NLP error.......:   4.1955678918333777e-09    2.2907800689410242e-08


Number of objective function evaluations             = 118
Number of objective gradient evaluations             = 118
Number of equality constraint evaluations            = 118
Number of inequality constraint evaluations          = 118
Number of equality constraint Jacobian evaluations   = 118
Number of inequality constraint Jacobian evaluations = 118
Number of Lagrangian Hessian evaluations             = 117
Total seconds in IPOPT (w/o function evaluations)    =   5100.432
Total seconds in NLP function evaluations            =    135.743


Timing Statistics:

OverallAlgorithm....................:   5236.173 (sys:      0.000 wall:   5236.175)
 PrintProblemStatistics.............:      0.110 (sys:      0.000 wall:      0.106)
 InitializeIterates.................:     24.186 (sys:      0.000 wall:     24.190)
 UpdateHessian......................:     22.372 (sys:      0.000 wall:     22.367)
 OutputIteration....................:      0.003 (sys:      0.000 wall:      0.011)
 UpdateBarrierParameter.............:      4.553 (sys:      0.000 wall:      4.541)
 ComputeSearchDirection.............:   4980.725 (sys:      0.000 wall:   4980.710)
 ComputeAcceptableTrialPoint........:    114.558 (sys:      0.000 wall:    114.589)
 AcceptTrialPoint...................:      5.660 (sys:      0.000 wall:      5.658)
 CheckConvergence...................:     84.005 (sys:      0.000 wall:     84.004)
PDSystemSolverTotal.................:   4972.257 (sys:      0.000 wall:   4972.281)
 PDSystemSolverSolveOnce............:   4892.777 (sys:      0.000 wall:   4892.779)
 ComputeResiduals...................:     57.674 (sys:      0.000 wall:     57.722)
 StdAugSystemSolverMultiSolve.......:   4889.776 (sys:      0.000 wall:   4889.792)
 LinearSystemScaling................:      0.000 (sys:      0.000 wall:      0.000)
 LinearSystemSymbolicFactorization..:      6.617 (sys:      0.000 wall:      6.620)
 LinearSystemFactorization..........:   4597.380 (sys:      0.000 wall:   4597.408)
 LinearSystemBackSolve..............:    252.768 (sys:      0.000 wall:    252.696)
 LinearSystemStructureConverter.....:      0.000 (sys:      0.000 wall:      0.000)
  LinearSystemStructureConverterInit:      0.000 (sys:      0.000 wall:      0.000)
QualityFunctionSearch...............:      0.000 (sys:      0.000 wall:      0.000)
TryCorrector........................:      0.000 (sys:      0.000 wall:      0.000)
Task1...............................:      0.000 (sys:      0.000 wall:      0.000)
Task2...............................:      0.000 (sys:      0.000 wall:      0.000)
Task3...............................:      0.000 (sys:      0.000 wall:      0.000)
Task4...............................:      0.000 (sys:      0.000 wall:      0.000)
Task5...............................:      0.000 (sys:      0.000 wall:      0.000)
Task6...............................:      0.000 (sys:      0.000 wall:      0.000)
Function Evaluations................:    135.736 (sys:      0.000 wall:    135.743)
 Objective function.................:      0.154 (sys:      0.000 wall:      0.157)
 Objective function gradient........:      1.513 (sys:      0.000 wall:      1.493)
 Equality constraints...............:     58.587 (sys:      0.000 wall:     58.582)
 Inequality constraints.............:      0.928 (sys:      0.000 wall:      0.934)
 Equality constraint Jacobian.......:      5.749 (sys:      0.000 wall:      5.791)
 Inequality constraint Jacobian.....:     46.748 (sys:      0.000 wall:     46.758)
 Lagrangian Hessian.................:     22.057 (sys:      0.000 wall:     22.027)

EXIT: Optimal Solution Found.
IPOPT_OPTION linear_solver=ma57
IPOPT_OPTION hsllib=C:/Users/Aryan Ritwajeet Jha/Documents/hsl/build/libma57.dll
IPOPT_OPTION linear_system_scaling=none
CENTRAL_IPOPT system=large10kC_1ph T=144 profile=periodic C_B=2.400000e-05 gamma=4.200000e+02 status=LOCALLY_SOLVED iterations=117 objective=3101409.856035374105 solve_time_s=5244.331 build_s=133.416 wall_s=5402.014 variables=6385680 solver=3.14.19
CENTRAL_IPOPT_MEMORY maxrss_mib=16911.6
CENTRAL_IPOPT_BATTERY at_power_limit=0.064 mean_utilization=0.338 energy_window_used=1.000 throughput_pu_h=3.443318e+03 energy_term=3.071496e+06 cb_term=2.312815e+04 terminal_term=6.785974e+03
