
================================================================================
PARALLELIZATION STATUS
================================================================================
Julia threads:       16
Status:              Using 16 threads
================================================================================
RHO_OVERRIDE: using rho = 20000.0
EPS_PRI_OVERRIDE: using eps_pri = 0.001
EPS_DUAL_OVERRIDE: using eps_dual = 0.0005
ADAPTIVE_RHO_OVERRIDE: adaptive_rho = true

================================================================================
PARSING SYSTEM DATA
================================================================================
Loaded system: ieee2552C_1ph from C:\repos_addendum\MultiPeriodDistOPF\envs\tadmm\..\..\rawData\ieee2552C_1ph\Master.dss

========================================
Initial Powerflow
========================================
Powerflow completed successfully!

[OpenDSS] Total system load: 2129.58 kW
[OpenDSS] Substation power: 2187.53 kW
[OpenDSS] Total PV dispatch: 0.00 kW
[OpenDSS] Total battery dispatch: 0.00 kW
[OpenDSS] Total system losses: 57.95 kW


================================================================================
[35;1mSOLVING MPOPF WITH SOCP (tADMM)[0m
================================================================================
[36;1mUsing fixed rho = 20000.0[0m
  [tADMM hyperparams] mu_balance=5.00 tau_incr=2.00 tau_decr=4.00 update_interval=5 eps_pri=1.0e-03 eps_dual=5.0e-04 rho_init=20000.0 adaptive=true

================================================================================
[36;1m🎯 tADMM[SOCP]: T=48, ρ_init=20000.0, adaptive=true, warm_start=true, |Bset|=250, |Nset|=2522, |Lset|=2521
[0m================================================================================

******************************************************************************
This program contains Ipopt, a library for large-scale nonlinear optimization.
 Ipopt is released as open source code under the Eclipse Public License (EPL).
         For more information visit https://github.com/coin-or/Ipopt
******************************************************************************

k=  1  obj=$4421.07  ‖r‖=1.32e-03  ‖s‖=3.93e+00  ρ=20000.0  sp_max=75.663s  sp_med=44.470s
k=  2  obj=$4299.55  ‖r‖=1.35e-03  ‖s‖=4.41e+00  ρ=20000.0  sp_max=45.119s  sp_med=24.118s
k=  3  obj=$4366.09  ‖r‖=1.30e-03  ‖s‖=4.34e+00  ρ=20000.0  sp_max=35.755s  sp_med=13.360s
k=  4  obj=$4889.66  ‖r‖=1.14e-03  ‖s‖=4.35e+00  ρ=20000.0  sp_max=34.991s  sp_med=15.788s
[32;1m  [k=  5] Phase 1→2: primal converged
[0m[36;1m  [k=  5] ρ 20000.0 → 5000.0 (s/r=4573.4, ‖r‖ converged)
[0mk=  5  obj=$5500.85  ‖r‖=9.88e-04  ‖s‖=4.52e+00  ρ=5000.0  sp_max=37.787s  sp_med=14.274s
k=  6  obj=$5804.63  ‖r‖=9.12e-04  ‖s‖=2.93e+00  ρ=5000.0  sp_max=29.834s  sp_med=12.095s
k=  7  obj=$5919.72  ‖r‖=8.84e-04  ‖s‖=1.81e+00  ρ=5000.0  sp_max=24.862s  sp_med=11.299s
k=  8  obj=$6055.77  ‖r‖=8.48e-04  ‖s‖=1.59e+00  ρ=5000.0  sp_max=33.846s  sp_med=13.053s
k=  9  obj=$6236.97  ‖r‖=8.00e-04  ‖s‖=1.51e+00  ρ=5000.0  sp_max=33.355s  sp_med=10.891s
[36;1m  [k= 10] ρ 5000.0 → 1250.0 (s/r=2018.1, ‖r‖ converged)
[0mk= 10  obj=$6473.49  ‖r‖=7.36e-04  ‖s‖=1.49e+00  ρ=1250.0  sp_max=37.761s  sp_med=13.340s
      [Progress] 759.9s elapsed, 1 iters/min
k= 11  obj=$6647.38  ‖r‖=6.95e-04  ‖s‖=1.42e+00  ρ=1250.0  sp_max=43.109s  sp_med=17.068s
k= 12  obj=$6707.35  ‖r‖=6.84e-04  ‖s‖=1.37e+00  ρ=1250.0  sp_max=40.092s  sp_med=17.106s
k= 13  obj=$6785.57  ‖r‖=6.54e-04  ‖s‖=1.06e+00  ρ=1250.0  sp_max=35.405s  sp_med=16.496s
k= 14  obj=$6855.65  ‖r‖=6.17e-04  ‖s‖=7.69e-01  ρ=1250.0  sp_max=41.654s  sp_med=17.238s
[36;1m  [k= 15] ρ 1250.0 → 312.5 (s/r=1010.4, ‖r‖ converged)
[0mk= 15  obj=$6906.52  ‖r‖=5.91e-04  ‖s‖=5.97e-01  ρ=312.5  sp_max=38.524s  sp_med=20.824s
k= 16  obj=$6988.20  ‖r‖=5.90e-04  ‖s‖=3.54e-01  ρ=312.5  sp_max=42.800s  sp_med=23.070s
k= 17  obj=$7040.20  ‖r‖=6.21e-04  ‖s‖=1.80e-01  ρ=312.5  sp_max=42.641s  sp_med=20.344s
k= 18  obj=$7112.59  ‖r‖=5.71e-04  ‖s‖=1.05e-01  ρ=312.5  sp_max=50.237s  sp_med=19.906s
k= 19  obj=$7177.30  ‖r‖=5.39e-04  ‖s‖=8.78e-02  ρ=312.5  sp_max=42.512s  sp_med=17.310s
[36;1m  [k= 20] ρ 312.5 → 78.1 (s/r=160.5, ‖r‖ converged)
[0mk= 20  obj=$7186.24  ‖r‖=5.24e-04  ‖s‖=8.42e-02  ρ=78.1  sp_max=43.004s  sp_med=18.996s
      [Progress] 1581.8s elapsed, 1 iters/min
k= 21  obj=$7143.63  ‖r‖=5.81e-04  ‖s‖=5.75e-02  ρ=78.1  sp_max=44.613s  sp_med=19.921s
k= 22  obj=$7138.18  ‖r‖=6.16e-04  ‖s‖=2.84e-02  ρ=78.1  sp_max=47.669s  sp_med=19.236s
k= 23  obj=$7145.92  ‖r‖=5.82e-04  ‖s‖=2.21e-02  ρ=78.1  sp_max=53.991s  sp_med=19.327s
k= 24  obj=$7160.68  ‖r‖=5.49e-04  ‖s‖=2.25e-02  ρ=78.1  sp_max=45.861s  sp_med=17.996s
[36;1m  [k= 25] ρ 78.1 → 19.5 (s/r=35.7, ‖r‖ converged)
[0mk= 25  obj=$7179.14  ‖r‖=5.40e-04  ‖s‖=1.93e-02  ρ=19.5  sp_max=47.109s  sp_med=18.088s
k= 26  obj=$7206.08  ‖r‖=5.90e-04  ‖s‖=1.04e-02  ρ=19.5  sp_max=47.301s  sp_med=17.655s
k= 27  obj=$7209.65  ‖r‖=5.86e-04  ‖s‖=3.52e-03  ρ=19.5  sp_max=43.746s  sp_med=17.620s
k= 28  obj=$7209.30  ‖r‖=5.47e-04  ‖s‖=3.78e-03  ρ=19.5  sp_max=51.846s  sp_med=20.625s
k= 29  obj=$7205.39  ‖r‖=5.20e-04  ‖s‖=4.04e-03  ρ=19.5  sp_max=44.007s  sp_med=20.200s
[36;1m  [k= 30] ρ 19.5 → 4.9 (s/r=5.6, ‖r‖ converged)
[0mk= 30  obj=$7195.90  ‖r‖=5.16e-04  ‖s‖=2.91e-03  ρ=4.9  sp_max=48.854s  sp_med=19.425s
      [Progress] 2498.7s elapsed, 1 iters/min
k= 31  obj=$7169.41  ‖r‖=5.51e-04  ‖s‖=1.52e-03  ρ=4.9  sp_max=42.927s  sp_med=18.530s
k= 32  obj=$7163.78  ‖r‖=5.55e-04  ‖s‖=5.98e-04  ρ=4.9  sp_max=47.476s  sp_med=20.306s
k= 33  obj=$7173.27  ‖r‖=5.25e-04  ‖s‖=7.70e-04  ρ=4.9  sp_max=44.919s  sp_med=19.890s
k= 34  obj=$7190.61  ‖r‖=5.16e-04  ‖s‖=8.39e-04  ρ=4.9  sp_max=49.958s  sp_med=19.988s
k= 35  obj=$7192.43  ‖r‖=5.18e-04  ‖s‖=5.45e-04  ρ=4.9  sp_max=41.219s  sp_med=19.929s
k= 36  obj=$7197.90  ‖r‖=5.15e-04  ‖s‖=2.93e-04  ρ=4.9  sp_max=43.862s  sp_med=19.476s
[32;1m🎉 tADMM converged at iteration 36 (‖r‖=5.15e-04 ≤ 1.00e-03, ‖s‖=2.93e-04 ≤ 5.00e-04)
  Final objective: $7197.90
[0m
================================================================================
[36;1m📊 SOLVER PERFORMANCE ANALYSIS (optimize!() times only)[0m
================================================================================
Iterations:       35
Effective time:   1554.31 seconds
Wall-clock time:  3041.02 seconds
Overhead:         48.9%
================================================================================

--- tADMM RESULT ---
[32;1mObjective: $7197.90
Wall-clock: 3041.02 seconds
Effective:  1554.31 seconds (36 iterations)
[0m
================================================================================
[36;1mVALIDATING tADMM SOLUTION[0m
================================================================================

================================================================================
SOLUTION VALIDATION: tADMM SOCP
================================================================================
✓ All constraints satisfied!
================================================================================
[32;1m✓ Convergence CSV: C:\repos_addendum\MultiPeriodDistOPF\envs\tadmm\processedData\ieee2552C_1ph_T48\convergence_data.csv[0m
[32;1m✓ Subproblem timing CSV: C:\repos_addendum\MultiPeriodDistOPF\envs\tadmm\processedData\ieee2552C_1ph_T48\subproblem_timing_details.csv[0m
[36;1mLoaded BF results from C:\repos_addendum\MultiPeriodDistOPF\envs\tadmm\processedData\ieee2552C_1ph_T48\results_socp_bf.txt[0m
[32;1m✓ Near-optimal summary: C:\repos_addendum\MultiPeriodDistOPF\envs\tadmm\processedData\ieee2552C_1ph_T48\near_optimal_summary.csv[0m
[32;1m✓ Solution saved: C:\repos_addendum\MultiPeriodDistOPF\envs\tadmm\processedData\ieee2552C_1ph_T48\sol_socp_tadmm.jls[0m
[32;1m✓ tADMM results written to C:\repos_addendum\MultiPeriodDistOPF\envs\tadmm\processedData\ieee2552C_1ph_T48\results_socp_tadmm.txt[0m
[32;1m✓ Live log trimmed to last 100 lines: C:\repos_addendum\MultiPeriodDistOPF\envs\tadmm\processedData\ieee2552C_1ph_T48\tadmm_run.log[0m

================================================================================
[35;1mtADMM PIPELINE COMPLETE[0m
================================================================================
