
================================================================================
PARALLELIZATION STATUS
================================================================================
Julia threads:       16
Status:              Using 16 threads
================================================================================
RHO_OVERRIDE: using rho = 4000.0
EPS_PRI_OVERRIDE: using eps_pri = 0.0001
EPS_DUAL_OVERRIDE: using eps_dual = 0.001
ADAPTIVE_RHO_OVERRIDE: adaptive_rho = true

================================================================================
PARSING SYSTEM DATA
================================================================================
Loaded system: ieee123C_1ph from C:\repos_addendum\MultiPeriodDistOPF\envs\tadmm\..\..\rawData\ieee123C_1ph\Master.dss

========================================
Initial Powerflow
========================================
Powerflow completed successfully!

[OpenDSS] Total system load: 872.27 kW
[OpenDSS] Substation power: 877.20 kW
[OpenDSS] Total PV dispatch: 0.00 kW
[OpenDSS] Total battery dispatch: 0.00 kW
[OpenDSS] Total system losses: 4.94 kW


================================================================================
[35;1mSOLVING MPOPF WITH SOCP (tADMM)[0m
================================================================================
[36;1mUsing fixed rho = 4000.0[0m
  [tADMM hyperparams] mu_balance=5.00 tau_incr=2.00 tau_decr=2.00 update_interval=5 eps_pri=1.0e-04 eps_dual=1.0e-03 rho_init=4000.0 adaptive=true

================================================================================
[36;1m🎯 tADMM[SOCP]: T=96, ρ_init=4000.0, adaptive=true, warm_start=true, |Bset|=51, |Nset|=128, |Lset|=127
[0m================================================================================

******************************************************************************
This program contains Ipopt, a library for large-scale nonlinear optimization.
 Ipopt is released as open source code under the Eclipse Public License (EPL).
         For more information visit https://github.com/coin-or/Ipopt
******************************************************************************

k=  1  obj=$1322.33  ‖r‖=1.28e-03  ‖s‖=3.69e-01  ρ=4000.0  sp_max=6.694s  sp_med=5.275s
k=  2  obj=$1322.33  ‖r‖=1.28e-03  ‖s‖=4.30e-01  ρ=4000.0  sp_max=4.276s  sp_med=2.201s
k=  3  obj=$1322.33  ‖r‖=1.27e-03  ‖s‖=4.97e-01  ρ=4000.0  sp_max=3.290s  sp_med=2.158s
k=  4  obj=$1322.33  ‖r‖=1.27e-03  ‖s‖=5.53e-01  ρ=4000.0  sp_max=4.021s  sp_med=1.942s
[33;1m  [PHASE1-UP] ρ: 4000.0 → 8000.0 (‖r‖=1.27e-03 > ε=1.0e-04)
[0mk=  5  obj=$1322.33  ‖r‖=1.27e-03  ‖s‖=6.04e-01  ρ=8000.0  sp_max=2.376s  sp_med=1.624s
k=  6  obj=$1322.33  ‖r‖=1.26e-03  ‖s‖=7.30e-01  ρ=8000.0  sp_max=5.083s  sp_med=1.752s
k=  7  obj=$1322.33  ‖r‖=1.26e-03  ‖s‖=8.67e-01  ρ=8000.0  sp_max=3.711s  sp_med=1.419s
k=  8  obj=$1322.33  ‖r‖=1.26e-03  ‖s‖=1.00e+00  ρ=8000.0  sp_max=3.366s  sp_med=1.480s
k=  9  obj=$1335.28  ‖r‖=1.24e-03  ‖s‖=1.13e+00  ρ=8000.0  sp_max=5.851s  sp_med=1.323s
[33;1m  [PHASE1-UP] ρ: 8000.0 → 16000.0 (‖r‖=1.18e-03 > ε=1.0e-04)
[0mk= 10  obj=$1395.25  ‖r‖=1.18e-03  ‖s‖=1.25e+00  ρ=16000.0  sp_max=5.256s  sp_med=1.508s
      [Progress] 158.3s elapsed, 4 iters/min
k= 11  obj=$1508.31  ‖r‖=1.10e-03  ‖s‖=1.51e+00  ρ=16000.0  sp_max=5.012s  sp_med=1.468s
k= 12  obj=$1671.34  ‖r‖=9.90e-04  ‖s‖=1.74e+00  ρ=16000.0  sp_max=5.629s  sp_med=1.460s
k= 13  obj=$1847.72  ‖r‖=8.83e-04  ‖s‖=1.92e+00  ρ=16000.0  sp_max=5.716s  sp_med=1.711s
k= 14  obj=$2098.04  ‖r‖=7.27e-04  ‖s‖=2.06e+00  ρ=16000.0  sp_max=4.985s  sp_med=2.049s
[33;1m  [k= 15] 🐕 RNORM WATCHDOG: ρ 16000.0 → 40000.0 (‖r‖=5.79e-04 > 1.0e-04 for 15 iters)
[0m[33;1m  [PHASE1-UP] ρ: 40000.0 → 80000.0 (‖r‖=5.79e-04 > ε=1.0e-04)
[0mk= 15  obj=$2348.47  ‖r‖=5.79e-04  ‖s‖=2.16e+00  ρ=80000.0  sp_max=6.670s  sp_med=2.802s
k= 16  obj=$2710.76  ‖r‖=2.85e-04  ‖s‖=2.59e+00  ρ=80000.0  sp_max=3.547s  sp_med=1.844s
k= 17  obj=$2929.05  ‖r‖=4.76e-05  ‖s‖=2.92e+00  ρ=80000.0  sp_max=5.344s  sp_med=1.814s
k= 18  obj=$2944.32  ‖r‖=2.06e-05  ‖s‖=3.14e+00  ρ=80000.0  sp_max=2.769s  sp_med=1.527s
k= 19  obj=$2944.38  ‖r‖=1.27e-05  ‖s‖=3.29e+00  ρ=80000.0  sp_max=2.949s  sp_med=1.609s
[32;1m  [k= 20] Phase 1→2: primal converged
[0m[36;1m  [k= 20] ρ 80000.0 → 40000.0 (s/r=448927.2, ‖r‖ converged)
[0mk= 20  obj=$2943.92  ‖r‖=7.24e-06  ‖s‖=3.25e+00  ρ=40000.0  sp_max=3.310s  sp_med=1.636s
      [Progress] 301.3s elapsed, 4 iters/min
k= 21  obj=$2943.01  ‖r‖=6.25e-06  ‖s‖=2.94e+00  ρ=40000.0  sp_max=4.821s  sp_med=2.347s
k= 22  obj=$2941.45  ‖r‖=7.99e-06  ‖s‖=2.47e+00  ρ=40000.0  sp_max=3.288s  sp_med=2.248s
k= 23  obj=$2939.85  ‖r‖=7.85e-06  ‖s‖=2.11e+00  ρ=40000.0  sp_max=4.448s  sp_med=2.597s
k= 24  obj=$2938.15  ‖r‖=8.11e-06  ‖s‖=1.89e+00  ρ=40000.0  sp_max=5.317s  sp_med=3.641s
[36;1m  [k= 25] ρ 40000.0 → 20000.0 (s/r=233452.4, ‖r‖ converged)
[0mk= 25  obj=$2936.25  ‖r‖=7.90e-06  ‖s‖=1.84e+00  ρ=20000.0  sp_max=5.839s  sp_med=3.967s
k= 26  obj=$2933.72  ‖r‖=1.17e-05  ‖s‖=1.60e+00  ρ=20000.0  sp_max=5.960s  sp_med=4.207s
k= 27  obj=$2931.61  ‖r‖=1.56e-05  ‖s‖=1.45e+00  ρ=20000.0  sp_max=7.088s  sp_med=4.160s
k= 28  obj=$2929.52  ‖r‖=1.75e-05  ‖s‖=1.33e+00  ρ=20000.0  sp_max=5.664s  sp_med=3.673s
k= 29  obj=$2927.47  ‖r‖=2.08e-05  ‖s‖=1.21e+00  ρ=20000.0  sp_max=4.543s  sp_med=3.203s
[36;1m  [k= 30] ρ 20000.0 → 10000.0 (s/r=55776.6, ‖r‖ converged)
[0mk= 30  obj=$2925.68  ‖r‖=2.01e-05  ‖s‖=1.12e+00  ρ=10000.0  sp_max=4.010s  sp_med=3.151s
      [Progress] 521.5s elapsed, 3 iters/min
k= 31  obj=$2922.67  ‖r‖=2.43e-05  ‖s‖=1.06e+00  ρ=10000.0  sp_max=5.432s  sp_med=2.933s
k= 32  obj=$2920.91  ‖r‖=2.98e-05  ‖s‖=9.85e-01  ρ=10000.0  sp_max=4.382s  sp_med=2.909s
k= 33  obj=$2919.51  ‖r‖=3.36e-05  ‖s‖=9.40e-01  ρ=10000.0  sp_max=4.165s  sp_med=3.012s
k= 34  obj=$2918.00  ‖r‖=3.70e-05  ‖s‖=9.12e-01  ρ=10000.0  sp_max=3.793s  sp_med=2.803s
[36;1m  [k= 35] ρ 10000.0 → 5000.0 (s/r=22902.1, ‖r‖ converged)
[0mk= 35  obj=$2916.55  ‖r‖=3.93e-05  ‖s‖=9.00e-01  ρ=5000.0  sp_max=4.352s  sp_med=2.993s
k= 36  obj=$2913.93  ‖r‖=3.84e-05  ‖s‖=8.95e-01  ρ=5000.0  sp_max=6.428s  sp_med=2.747s
k= 37  obj=$2911.27  ‖r‖=3.80e-05  ‖s‖=8.90e-01  ρ=5000.0  sp_max=3.770s  sp_med=2.798s
k= 38  obj=$2908.78  ‖r‖=3.96e-05  ‖s‖=8.86e-01  ρ=5000.0  sp_max=3.666s  sp_med=2.755s
k= 39  obj=$2906.69  ‖r‖=4.24e-05  ‖s‖=8.83e-01  ρ=5000.0  sp_max=4.971s  sp_med=2.915s
[36;1m  [k= 40] ρ 5000.0 → 2500.0 (s/r=20899.5, ‖r‖ converged)
[0mk= 40  obj=$2905.80  ‖r‖=4.21e-05  ‖s‖=8.81e-01  ρ=2500.0  sp_max=4.243s  sp_med=2.957s
      [Progress] 711.1s elapsed, 3 iters/min
k= 41  obj=$2902.82  ‖r‖=4.36e-05  ‖s‖=8.76e-01  ρ=2500.0  sp_max=3.595s  sp_med=2.646s
k= 42  obj=$2900.08  ‖r‖=4.22e-05  ‖s‖=8.73e-01  ρ=2500.0  sp_max=3.798s  sp_med=2.966s
k= 43  obj=$2898.32  ‖r‖=3.34e-05  ‖s‖=8.72e-01  ρ=2500.0  sp_max=3.940s  sp_med=2.636s
k= 44  obj=$2896.23  ‖r‖=2.59e-05  ‖s‖=8.71e-01  ρ=2500.0  sp_max=4.192s  sp_med=2.599s
[36;1m  [k= 45] ρ 2500.0 → 1250.0 (s/r=37000.4, ‖r‖ converged)
[0mk= 45  obj=$2893.73  ‖r‖=2.35e-05  ‖s‖=8.68e-01  ρ=1250.0  sp_max=5.246s  sp_med=2.545s
k= 46  obj=$2887.20  ‖r‖=2.67e-05  ‖s‖=8.64e-01  ρ=1250.0  sp_max=4.459s  sp_med=2.641s
k= 47  obj=$2878.60  ‖r‖=3.60e-05  ‖s‖=8.59e-01  ρ=1250.0  sp_max=4.392s  sp_med=2.570s
k= 48  obj=$2870.99  ‖r‖=4.64e-05  ‖s‖=8.52e-01  ρ=1250.0  sp_max=4.008s  sp_med=2.421s
k= 49  obj=$2864.03  ‖r‖=5.35e-05  ‖s‖=8.25e-01  ρ=1250.0  sp_max=3.979s  sp_med=2.580s
[36;1m  [k= 50] ρ 1250.0 → 625.0 (s/r=14011.7, ‖r‖ converged)
[0mk= 50  obj=$2859.19  ‖r‖=5.66e-05  ‖s‖=7.93e-01  ρ=625.0  sp_max=4.933s  sp_med=2.776s
      [Progress] 884.2s elapsed, 3 iters/min
k= 51  obj=$2846.22  ‖r‖=6.72e-05  ‖s‖=7.34e-01  ρ=625.0  sp_max=3.848s  sp_med=2.784s
k= 52  obj=$2839.02  ‖r‖=8.14e-05  ‖s‖=6.54e-01  ρ=625.0  sp_max=4.296s  sp_med=2.855s
k= 53  obj=$2829.24  ‖r‖=9.17e-05  ‖s‖=5.63e-01  ρ=625.0  sp_max=4.792s  sp_med=2.880s
k= 54  obj=$2826.61  ‖r‖=9.63e-05  ‖s‖=4.54e-01  ρ=625.0  sp_max=4.694s  sp_med=2.826s
[36;1m  [k= 55] ρ 625.0 → 312.5 (s/r=3771.8, ‖r‖ converged)
[0mk= 55  obj=$2825.62  ‖r‖=9.77e-05  ‖s‖=3.69e-01  ρ=312.5  sp_max=8.063s  sp_med=3.379s
k= 56  obj=$2824.50  ‖r‖=9.79e-05  ‖s‖=2.80e-01  ρ=312.5  sp_max=6.844s  sp_med=3.356s
k= 57  obj=$2826.87  ‖r‖=9.45e-05  ‖s‖=2.13e-01  ρ=312.5  sp_max=4.945s  sp_med=2.561s
k= 58  obj=$2832.20  ‖r‖=8.72e-05  ‖s‖=1.69e-01  ρ=312.5  sp_max=4.915s  sp_med=2.731s
k= 59  obj=$2838.33  ‖r‖=8.06e-05  ‖s‖=1.38e-01  ρ=312.5  sp_max=4.572s  sp_med=2.609s
[36;1m  [k= 60] ρ 312.5 → 156.2 (s/r=1563.5, ‖r‖ converged)
[0mk= 60  obj=$2844.31  ‖r‖=7.34e-05  ‖s‖=1.15e-01  ρ=156.2  sp_max=4.778s  sp_med=2.724s
      [Progress] 1082.6s elapsed, 3 iters/min
k= 61  obj=$2851.61  ‖r‖=8.47e-05  ‖s‖=8.64e-02  ρ=156.2  sp_max=7.869s  sp_med=2.873s
k= 62  obj=$2858.70  ‖r‖=8.52e-05  ‖s‖=6.04e-02  ρ=156.2  sp_max=4.012s  sp_med=1.946s
k= 63  obj=$2863.15  ‖r‖=8.05e-05  ‖s‖=4.12e-02  ρ=156.2  sp_max=3.219s  sp_med=1.847s
k= 64  obj=$2862.88  ‖r‖=7.93e-05  ‖s‖=2.79e-02  ρ=156.2  sp_max=3.568s  sp_med=1.851s
[36;1m  [k= 65] ρ 156.2 → 78.1 (s/r=284.0, ‖r‖ converged)
[0mk= 65  obj=$2861.50  ‖r‖=7.44e-05  ‖s‖=2.11e-02  ρ=78.1  sp_max=3.890s  sp_med=1.877s
k= 66  obj=$2857.36  ‖r‖=9.65e-05  ‖s‖=1.80e-02  ρ=78.1  sp_max=4.615s  sp_med=1.975s
k= 67  obj=$2855.38  ‖r‖=1.11e-04  ‖s‖=1.41e-02  ρ=78.1  sp_max=3.715s  sp_med=1.936s
k= 68  obj=$2853.65  ‖r‖=1.02e-04  ‖s‖=1.21e-02  ρ=78.1  sp_max=3.273s  sp_med=1.975s
k= 69  obj=$2850.03  ‖r‖=9.65e-05  ‖s‖=9.81e-03  ρ=78.1  sp_max=3.383s  sp_med=1.821s
[36;1m  [k= 70] ρ 78.1 → 39.1 (s/r=118.7, ‖r‖ converged)
[0mk= 70  obj=$2843.37  ‖r‖=8.09e-05  ‖s‖=9.61e-03  ρ=39.1  sp_max=4.005s  sp_med=1.953s
      [Progress] 1222.3s elapsed, 3 iters/min
k= 71  obj=$2836.21  ‖r‖=9.19e-05  ‖s‖=8.16e-03  ρ=39.1  sp_max=3.591s  sp_med=2.442s
k= 72  obj=$2832.81  ‖r‖=9.49e-05  ‖s‖=6.31e-03  ρ=39.1  sp_max=3.435s  sp_med=2.158s
k= 73  obj=$2830.34  ‖r‖=8.59e-05  ‖s‖=5.33e-03  ρ=39.1  sp_max=3.184s  sp_med=2.080s
k= 74  obj=$2829.85  ‖r‖=8.67e-05  ‖s‖=4.67e-03  ρ=39.1  sp_max=4.067s  sp_med=2.253s
[36;1m  [k= 75] ρ 39.1 → 19.5 (s/r=46.6, ‖r‖ converged)
[0mk= 75  obj=$2830.70  ‖r‖=8.46e-05  ‖s‖=3.94e-03  ρ=19.5  sp_max=3.262s  sp_med=2.229s
k= 76  obj=$2833.33  ‖r‖=8.24e-05  ‖s‖=3.28e-03  ρ=19.5  sp_max=3.088s  sp_med=2.181s
k= 77  obj=$2835.64  ‖r‖=7.80e-05  ‖s‖=2.57e-03  ρ=19.5  sp_max=3.241s  sp_med=2.053s
k= 78  obj=$2838.35  ‖r‖=7.36e-05  ‖s‖=1.94e-03  ρ=19.5  sp_max=3.631s  sp_med=1.993s
k= 79  obj=$2840.26  ‖r‖=7.10e-05  ‖s‖=1.44e-03  ρ=19.5  sp_max=5.608s  sp_med=2.266s
[36;1m  [k= 80] ρ 19.5 → 9.8 (s/r=18.6, ‖r‖ converged)
[0mk= 80  obj=$2840.90  ‖r‖=6.78e-05  ‖s‖=1.26e-03  ρ=9.8  sp_max=12.003s  sp_med=2.238s
      [Progress] 1370.1s elapsed, 4 iters/min
k= 81  obj=$2839.35  ‖r‖=6.47e-05  ‖s‖=1.19e-03  ρ=9.8  sp_max=4.725s  sp_med=2.462s
k= 82  obj=$2839.94  ‖r‖=5.80e-05  ‖s‖=1.16e-03  ρ=9.8  sp_max=4.691s  sp_med=3.108s
k= 83  obj=$2839.77  ‖r‖=5.44e-05  ‖s‖=1.10e-03  ρ=9.8  sp_max=5.255s  sp_med=2.702s
k= 84  obj=$2837.57  ‖r‖=5.61e-05  ‖s‖=1.01e-03  ρ=9.8  sp_max=5.273s  sp_med=3.333s
[36;1m  [k= 85] ρ 9.8 → 4.9 (s/r=15.3, ‖r‖ converged)
[0mk= 85  obj=$2836.18  ‖r‖=5.68e-05  ‖s‖=8.67e-04  ρ=4.9  sp_max=7.817s  sp_med=3.770s
[32;1m🎉 tADMM converged at iteration 85 (‖r‖=5.68e-05 ≤ 1.00e-04, ‖s‖=8.67e-04 ≤ 1.00e-03)
  Final objective: $2836.18
[0m
================================================================================
[36;1m📊 SOLVER PERFORMANCE ANALYSIS (optimize!() times only)[0m
================================================================================
Iterations:       84
Effective time:   394.74 seconds
Wall-clock time:  1473.19 seconds
Overhead:         73.2%
================================================================================

--- tADMM RESULT ---
[32;1mObjective: $2836.18
Wall-clock: 1473.19 seconds
Effective:  394.74 seconds (85 iterations)
[0m
================================================================================
[36;1mVALIDATING tADMM SOLUTION[0m
================================================================================

================================================================================
SOLUTION VALIDATION: tADMM SOCP
================================================================================
✓ All constraints satisfied!
================================================================================
[32;1m✓ Convergence CSV: C:\repos_addendum\MultiPeriodDistOPF\envs\tadmm\processedData\ieee123C_1ph_T96\convergence_data.csv[0m
[32;1m✓ Subproblem timing CSV: C:\repos_addendum\MultiPeriodDistOPF\envs\tadmm\processedData\ieee123C_1ph_T96\subproblem_timing_details.csv[0m
[36;1mLoaded BF results from C:\repos_addendum\MultiPeriodDistOPF\envs\tadmm\processedData\ieee123C_1ph_T96\results_socp_bf.txt[0m
[32;1m✓ Near-optimal summary: C:\repos_addendum\MultiPeriodDistOPF\envs\tadmm\processedData\ieee123C_1ph_T96\near_optimal_summary.csv[0m
[32;1m✓ Solution saved: C:\repos_addendum\MultiPeriodDistOPF\envs\tadmm\processedData\ieee123C_1ph_T96\sol_socp_tadmm.jls[0m
[32;1m✓ tADMM results written to C:\repos_addendum\MultiPeriodDistOPF\envs\tadmm\processedData\ieee123C_1ph_T96\results_socp_tadmm.txt[0m
[32;1m✓ Live log trimmed to last 100 lines: C:\repos_addendum\MultiPeriodDistOPF\envs\tadmm\processedData\ieee123C_1ph_T96\tadmm_run.log[0m

================================================================================
[35;1mtADMM PIPELINE COMPLETE[0m
================================================================================
