# tADMM live log — ieee123C_1ph T=96, ρ_init=4000.0, adaptive=true
# k, objective, r_norm, s_norm, rho, sp_max, sp_med, elapsed_s, event
# tADMM live log — ieee123C_1ph T=96, ρ_init=4000.0, adaptive=true
# k, objective, r_norm, s_norm, rho, sp_max, sp_med, elapsed_s, event
1,1322.331058,1.2801791566e-03,3.6861344390e-01,4000.00,6.6940,5.2745,42.58,
2,1322.331024,1.2775382089e-03,4.3025414785e-01,4000.00,4.2760,2.2010,60.00,
3,1322.331020,1.2735978996e-03,4.9658579251e-01,4000.00,3.2900,2.1575,75.07,
4,1322.331028,1.2697725620e-03,5.5291711276e-01,4000.00,4.0210,1.9425,88.11,
5,1322.331082,1.2663937995e-03,6.0401318360e-01,8000.00,2.3760,1.6235,99.56,
6,1322.331142,1.2643649880e-03,7.3040341907e-01,8000.00,5.0830,1.7520,111.80,
7,1322.331183,1.2619931624e-03,8.6700572198e-01,8000.00,3.7110,1.4190,121.96,
8,1322.331325,1.2594324047e-03,9.9957941619e-01,8000.00,3.3660,1.4800,132.59,
9,1335.282003,1.2393387130e-03,1.1264967775e+00,8000.00,5.8510,1.3230,144.00,
10,1395.248215,1.1849865462e-03,1.2518316670e+00,16000.00,5.2560,1.5085,158.40,
11,1508.307446,1.0953754668e-03,1.5116816756e+00,16000.00,5.0120,1.4680,173.04,
12,1671.339782,9.8995448384e-04,1.7399468525e+00,16000.00,5.6290,1.4595,187.31,
13,1847.716449,8.8312942804e-04,1.9217035828e+00,16000.00,5.7160,1.7110,202.06,
14,2098.038200,7.2732728084e-04,2.0566537064e+00,16000.00,4.9850,2.0495,218.90,
15,2348.473192,5.7855357715e-04,2.1612204056e+00,80000.00,6.6700,2.8020,239.46,
16,2710.759902,2.8485365671e-04,2.5870012385e+00,80000.00,3.5470,1.8440,252.25,
17,2929.047698,4.7593359147e-05,2.9237323084e+00,80000.00,5.3440,1.8145,266.51,
18,2944.322223,2.0602998045e-05,3.1449000810e+00,80000.00,2.7690,1.5270,277.47,
19,2944.377756,1.2738774702e-05,3.2879979649e+00,80000.00,2.9490,1.6090,289.10,
20,2943.924474,7.2425940211e-06,3.2513975570e+00,40000.00,3.3100,1.6365,301.34,
21,2943.012306,6.2511786525e-06,2.9350076683e+00,40000.00,4.8210,2.3465,316.55,
22,2941.446360,7.9947395531e-06,2.4714129177e+00,40000.00,3.2880,2.2475,331.49,
23,2939.849442,7.8505559672e-06,2.1060036022e+00,40000.00,4.4480,2.5970,349.29,
24,2938.153435,8.1126161793e-06,1.8876776070e+00,40000.00,5.3170,3.6415,373.61,
25,2936.253741,7.8963053329e-06,1.8434117512e+00,20000.00,5.8390,3.9665,399.66,
26,2933.718645,1.1650782402e-05,1.5997232470e+00,20000.00,5.9600,4.2075,427.67,
27,2931.613662,1.5559302695e-05,1.4484279746e+00,20000.00,7.0880,4.1600,456.18,
28,2929.522110,1.7544254689e-05,1.3261442607e+00,20000.00,5.6640,3.6735,479.95,
29,2927.472940,2.0827206472e-05,1.2098778368e+00,20000.00,4.5430,3.2035,501.14,
30,2925.676919,2.0101941376e-05,1.1212171149e+00,10000.00,4.0100,3.1510,521.46,
31,2922.668348,2.4339202293e-05,1.0578016796e+00,10000.00,5.4320,2.9330,540.78,
32,2920.912173,2.9827330364e-05,9.8484061570e-01,10000.00,4.3820,2.9090,560.51,
33,2919.505285,3.3562320781e-05,9.4032883235e-01,10000.00,4.1650,3.0115,579.68,
34,2918.000146,3.7002889389e-05,9.1204503123e-01,10000.00,3.7930,2.8030,598.50,
35,2916.547756,3.9278414133e-05,8.9955998136e-01,5000.00,4.3520,2.9935,617.99,
36,2913.925576,3.8355065731e-05,8.9463443663e-01,5000.00,6.4280,2.7470,636.06,
37,2911.269140,3.7984117767e-05,8.9039430472e-01,5000.00,3.7700,2.7980,654.46,
38,2908.783551,3.9593422772e-05,8.8636230300e-01,5000.00,3.6660,2.7545,672.77,
39,2906.694189,4.2394366364e-05,8.8338995659e-01,5000.00,4.9710,2.9150,691.73,
40,2905.803691,4.2145667300e-05,8.8082258785e-01,2500.00,4.2430,2.9575,711.15,
41,2902.817976,4.3599607780e-05,8.7621644569e-01,2500.00,3.5950,2.6465,728.70,
42,2900.078368,4.2222055714e-05,8.7309288668e-01,2500.00,3.7980,2.9660,747.64,
43,2898.324716,3.3387630368e-05,8.7209362977e-01,2500.00,3.9400,2.6360,764.84,
44,2896.234905,2.5884944697e-05,8.7053140651e-01,2500.00,4.1920,2.5990,781.89,
45,2893.730068,2.3455590876e-05,8.6786590674e-01,1250.00,5.2460,2.5445,798.87,
46,2887.198261,2.6690144381e-05,8.6428010896e-01,1250.00,4.4590,2.6415,815.87,
47,2878.603137,3.5956684328e-05,8.5861138508e-01,1250.00,4.3920,2.5700,832.53,
48,2870.987272,4.6399348566e-05,8.5204922967e-01,1250.00,4.0080,2.4215,848.88,
49,2864.034265,5.3539013856e-05,8.2502295520e-01,1250.00,3.9790,2.5795,865.77,
50,2859.187483,5.6594308605e-05,7.9298064182e-01,625.00,4.9330,2.7765,884.17,
51,2846.216353,6.7166579828e-05,7.3368646952e-01,625.00,3.8480,2.7840,902.72,
52,2839.020200,8.1377613525e-05,6.5406763540e-01,625.00,4.2960,2.8550,921.99,
53,2829.237956,9.1723178270e-05,5.6270227909e-01,625.00,4.7920,2.8800,941.37,
54,2826.607050,9.6310823092e-05,4.5394125099e-01,625.00,4.6940,2.8265,960.46,
55,2825.622785,9.7705078518e-05,3.6852273034e-01,312.50,8.0630,3.3795,985.51,
56,2824.499605,9.7892486330e-05,2.8037093867e-01,312.50,6.8440,3.3560,1008.05,
57,2826.874916,9.4510507703e-05,2.1331734443e-01,312.50,4.9450,2.5605,1026.60,
58,2832.199422,8.7173155384e-05,1.6881920880e-01,312.50,4.9150,2.7310,1045.04,
59,2838.328690,8.0628282328e-05,1.3777979953e-01,312.50,4.5720,2.6090,1063.12,
60,2844.314889,7.3386523630e-05,1.1473815496e-01,156.25,4.7780,2.7240,1082.62,
61,2851.614555,8.4680173356e-05,8.6396226675e-02,156.25,7.8690,2.8735,1102.90,
62,2858.696445,8.5160037628e-05,6.0432949842e-02,156.25,4.0120,1.9460,1116.69,
63,2863.147142,8.0471198361e-05,4.1215902307e-02,156.25,3.2190,1.8475,1129.73,
64,2862.878872,7.9345391495e-05,2.7897102729e-02,156.25,3.5680,1.8515,1142.36,
65,2861.497000,7.4398900231e-05,2.1132816015e-02,78.12,3.8900,1.8775,1155.32,
66,2857.360755,9.6547560902e-05,1.8003955988e-02,78.12,4.6150,1.9750,1169.06,
67,2855.381360,1.1148071281e-04,1.4056341821e-02,78.12,3.7150,1.9355,1182.36,
68,2853.654549,1.0196919804e-04,1.2142510215e-02,78.12,3.2730,1.9755,1195.19,
69,2850.028011,9.6518451171e-05,9.8115875464e-03,78.12,3.3830,1.8210,1208.46,
70,2843.367930,8.0941938847e-05,9.6076522332e-03,39.06,4.0050,1.9530,1222.35,
71,2836.211525,9.1911170978e-05,8.1630126501e-03,39.06,3.5910,2.4415,1238.01,
72,2832.807843,9.4898934598e-05,6.3076442027e-03,39.06,3.4350,2.1580,1252.72,
73,2830.336894,8.5889646003e-05,5.3250740198e-03,39.06,3.1840,2.0800,1266.57,
74,2829.853380,8.6668857037e-05,4.6688795167e-03,39.06,4.0670,2.2525,1282.02,
75,2830.698429,8.4608113480e-05,3.9441004046e-03,19.53,3.2620,2.2290,1296.73,
76,2833.326691,8.2363175190e-05,3.2833202313e-03,19.53,3.0880,2.1810,1310.91,
77,2835.640332,7.8013089082e-05,2.5697767414e-03,19.53,3.2410,2.0535,1324.54,
78,2838.351074,7.3613347008e-05,1.9382381649e-03,19.53,3.6310,1.9930,1338.16,
79,2840.262065,7.1012925438e-05,1.4401294274e-03,19.53,5.6080,2.2665,1354.21,
80,2840.895218,6.7789016364e-05,1.2600473986e-03,9.77,12.0030,2.2380,1370.05,
81,2839.348474,6.4663824052e-05,1.1877174598e-03,9.77,4.7250,2.4625,1387.32,
82,2839.936924,5.7951213215e-05,1.1587048861e-03,9.77,4.6910,3.1080,1407.03,
83,2839.766331,5.4428172472e-05,1.1048057464e-03,9.77,5.2550,2.7020,1424.95,
84,2837.571016,5.6052756788e-05,1.0107788415e-03,9.77,5.2730,3.3330,1447.21,
85,2836.179985,5.6836665383e-05,8.6742092537e-04,4.88,7.8170,3.7695,1472.14,
# CONVERGED at k=85 (r=5.68e-05 <= 1.00e-04, s=8.67e-04 <= 1.00e-03)
# Final objective: $2836.179985
