
================================================================================
PARALLELIZATION STATUS
================================================================================
Julia threads:       16
Status:              Using 16 threads
================================================================================
RHO_OVERRIDE: using rho = 1000.0
EPS_PRI_OVERRIDE: using eps_pri = 0.001
EPS_DUAL_OVERRIDE: using eps_dual = 0.001
ADAPTIVE_RHO_OVERRIDE: adaptive_rho = true

================================================================================
PARSING SYSTEM DATA
================================================================================
Loaded system: ieee2552C_1ph from C:\repos_addendum\MultiPeriodDistOPF\envs\tadmm\..\..\rawData\ieee2552C_1ph\Master.dss

========================================
Initial Powerflow
========================================
Powerflow completed successfully!

[OpenDSS] Total system load: 2129.58 kW
[OpenDSS] Substation power: 2187.53 kW
[OpenDSS] Total PV dispatch: 0.00 kW
[OpenDSS] Total battery dispatch: 0.00 kW
[OpenDSS] Total system losses: 57.95 kW


================================================================================
[35;1mSOLVING MPOPF WITH SOCP (tADMM)[0m
================================================================================
[36;1mUsing fixed rho = 1000.0[0m
  [tADMM hyperparams] mu_balance=5.00 tau_incr=2.00 tau_decr=5.00 update_interval=5 eps_pri=1.0e-03 eps_dual=1.0e-03 rho_init=1000.0 adaptive=true

================================================================================
[36;1m🎯 tADMM[SOCP]: T=48, ρ_init=1000.0, adaptive=true, warm_start=true, |Bset|=250, |Nset|=2522, |Lset|=2521
[0m================================================================================

******************************************************************************
This program contains Ipopt, a library for large-scale nonlinear optimization.
 Ipopt is released as open source code under the Eclipse Public License (EPL).
         For more information visit https://github.com/coin-or/Ipopt
******************************************************************************

k=  1  obj=$4355.05  ‖r‖=1.36e-03  ‖s‖=2.96e-01  ρ=1000.0  sp_max=70.918s  sp_med=48.421s
k=  2  obj=$4299.56  ‖r‖=1.36e-03  ‖s‖=2.13e-01  ρ=1000.0  sp_max=46.630s  sp_med=10.599s
k=  3  obj=$4299.56  ‖r‖=1.35e-03  ‖s‖=1.92e-01  ρ=1000.0  sp_max=36.239s  sp_med=11.365s
k=  4  obj=$4299.55  ‖r‖=1.34e-03  ‖s‖=2.06e-01  ρ=1000.0  sp_max=20.552s  sp_med=8.786s
[33;1m  [PHASE1-UP] ρ: 1000.0 → 2000.0 (‖r‖=1.32e-03 > ε=1.0e-03)
[0mk=  5  obj=$4299.55  ‖r‖=1.32e-03  ‖s‖=2.24e-01  ρ=2000.0  sp_max=15.846s  sp_med=9.395s
k=  6  obj=$4299.55  ‖r‖=1.32e-03  ‖s‖=2.71e-01  ρ=2000.0  sp_max=13.189s  sp_med=10.417s
k=  7  obj=$4299.55  ‖r‖=1.31e-03  ‖s‖=3.22e-01  ρ=2000.0  sp_max=36.717s  sp_med=10.732s
k=  8  obj=$4299.55  ‖r‖=1.30e-03  ‖s‖=3.71e-01  ρ=2000.0  sp_max=15.072s  sp_med=9.489s
k=  9  obj=$4299.55  ‖r‖=1.30e-03  ‖s‖=3.21e-01  ρ=2000.0  sp_max=12.113s  sp_med=8.470s
[33;1m  [PHASE1-UP] ρ: 2000.0 → 4000.0 (‖r‖=1.30e-03 > ε=1.0e-03)
[0mk= 10  obj=$4299.55  ‖r‖=1.30e-03  ‖s‖=3.14e-01  ρ=4000.0  sp_max=14.150s  sp_med=8.855s
      [Progress] 582.4s elapsed, 1 iters/min
k= 11  obj=$4299.55  ‖r‖=1.30e-03  ‖s‖=3.34e-01  ρ=4000.0  sp_max=15.181s  sp_med=9.019s
k= 12  obj=$4299.55  ‖r‖=1.30e-03  ‖s‖=3.65e-01  ρ=4000.0  sp_max=12.766s  sp_med=8.387s
k= 13  obj=$4299.55  ‖r‖=1.29e-03  ‖s‖=3.91e-01  ρ=4000.0  sp_max=18.966s  sp_med=8.920s
k= 14  obj=$4299.56  ‖r‖=1.29e-03  ‖s‖=4.10e-01  ρ=4000.0  sp_max=14.048s  sp_med=9.097s
[33;1m  [PHASE1-UP] ρ: 4000.0 → 8000.0 (‖r‖=1.29e-03 > ε=1.0e-03)
[0mk= 15  obj=$4299.56  ‖r‖=1.29e-03  ‖s‖=4.22e-01  ρ=8000.0  sp_max=14.455s  sp_med=10.587s
k= 16  obj=$4299.55  ‖r‖=1.29e-03  ‖s‖=4.59e-01  ρ=8000.0  sp_max=17.935s  sp_med=10.409s
k= 17  obj=$4302.61  ‖r‖=1.29e-03  ‖s‖=5.04e-01  ρ=8000.0  sp_max=12.276s  sp_med=9.545s
k= 18  obj=$4419.74  ‖r‖=1.24e-03  ‖s‖=5.72e-01  ρ=8000.0  sp_max=17.368s  sp_med=8.519s
k= 19  obj=$4600.99  ‖r‖=1.19e-03  ‖s‖=6.41e-01  ρ=8000.0  sp_max=13.032s  sp_med=8.515s
[33;1m  [PHASE1-UP] ρ: 8000.0 → 16000.0 (‖r‖=1.15e-03 > ε=1.0e-03)
[0mk= 20  obj=$4783.89  ‖r‖=1.15e-03  ‖s‖=7.12e-01  ρ=16000.0  sp_max=14.018s  sp_med=10.188s
      [Progress] 944.9s elapsed, 1 iters/min
k= 21  obj=$5059.60  ‖r‖=1.07e-03  ‖s‖=9.33e-01  ρ=16000.0  sp_max=23.070s  sp_med=12.036s
k= 22  obj=$5505.55  ‖r‖=9.69e-04  ‖s‖=1.25e+00  ρ=16000.0  sp_max=23.618s  sp_med=10.452s
k= 23  obj=$6162.59  ‖r‖=8.18e-04  ‖s‖=1.55e+00  ρ=16000.0  sp_max=19.635s  sp_med=8.481s
k= 24  obj=$7083.69  ‖r‖=6.00e-04  ‖s‖=1.74e+00  ρ=16000.0  sp_max=15.759s  sp_med=8.817s
[32;1m  [k= 25] Phase 1→2: primal converged
[0m[36;1m  [k= 25] ρ 16000.0 → 3200.0 (s/r=4364.8, ‖r‖ converged)
[0mk= 25  obj=$7735.58  ‖r‖=4.22e-04  ‖s‖=1.84e+00  ρ=3200.0  sp_max=20.663s  sp_med=10.108s
k= 26  obj=$7972.91  ‖r‖=3.53e-04  ‖s‖=1.85e+00  ρ=3200.0  sp_max=23.062s  sp_med=14.133s
k= 27  obj=$8005.98  ‖r‖=3.25e-04  ‖s‖=1.84e+00  ρ=3200.0  sp_max=21.174s  sp_med=12.395s
k= 28  obj=$8037.98  ‖r‖=2.92e-04  ‖s‖=1.80e+00  ρ=3200.0  sp_max=33.393s  sp_med=14.953s
k= 29  obj=$8091.41  ‖r‖=2.58e-04  ‖s‖=1.76e+00  ρ=3200.0  sp_max=40.753s  sp_med=19.930s
[36;1m  [k= 30] ρ 3200.0 → 640.0 (s/r=7281.9, ‖r‖ converged)
[0mk= 30  obj=$8109.43  ‖r‖=2.40e-04  ‖s‖=1.75e+00  ρ=640.0  sp_max=47.117s  sp_med=24.681s
      [Progress] 1477.2s elapsed, 1 iters/min
k= 31  obj=$8074.70  ‖r‖=2.43e-04  ‖s‖=1.46e+00  ρ=640.0  sp_max=42.311s  sp_med=18.691s
k= 32  obj=$8115.31  ‖r‖=3.00e-04  ‖s‖=8.33e-01  ρ=640.0  sp_max=32.133s  sp_med=19.041s
k= 33  obj=$8136.98  ‖r‖=3.50e-04  ‖s‖=4.19e-01  ρ=640.0  sp_max=41.259s  sp_med=18.302s
k= 34  obj=$8148.03  ‖r‖=3.56e-04  ‖s‖=2.69e-01  ρ=640.0  sp_max=37.099s  sp_med=17.675s
[36;1m  [k= 35] ρ 640.0 → 128.0 (s/r=537.1, ‖r‖ converged)
[0mk= 35  obj=$8180.30  ‖r‖=3.28e-04  ‖s‖=1.76e-01  ρ=128.0  sp_max=36.033s  sp_med=17.399s
k= 36  obj=$8190.19  ‖r‖=3.36e-04  ‖s‖=7.70e-02  ρ=128.0  sp_max=36.968s  sp_med=16.171s
k= 37  obj=$8189.21  ‖r‖=2.46e-04  ‖s‖=3.44e-02  ρ=128.0  sp_max=38.791s  sp_med=15.738s
k= 38  obj=$8215.05  ‖r‖=1.97e-04  ‖s‖=2.07e-02  ρ=128.0  sp_max=41.173s  sp_med=17.036s
k= 39  obj=$8222.60  ‖r‖=1.94e-04  ‖s‖=1.47e-02  ρ=128.0  sp_max=36.783s  sp_med=17.708s
[36;1m  [k= 40] ρ 128.0 → 25.6 (s/r=84.0, ‖r‖ converged)
[0mk= 40  obj=$8226.85  ‖r‖=1.89e-04  ‖s‖=1.59e-02  ρ=25.6  sp_max=42.918s  sp_med=16.880s
      [Progress] 2259.3s elapsed, 1 iters/min
k= 41  obj=$8252.42  ‖r‖=3.30e-04  ‖s‖=1.05e-02  ρ=25.6  sp_max=39.613s  sp_med=16.076s
k= 42  obj=$8262.22  ‖r‖=3.36e-04  ‖s‖=5.70e-03  ρ=25.6  sp_max=39.294s  sp_med=14.640s
k= 43  obj=$8267.35  ‖r‖=2.98e-04  ‖s‖=2.99e-03  ρ=25.6  sp_max=40.763s  sp_med=14.239s
k= 44  obj=$8267.48  ‖r‖=2.59e-04  ‖s‖=3.24e-03  ρ=25.6  sp_max=41.678s  sp_med=15.566s
[36;1m  [k= 45] ρ 25.6 → 5.1 (s/r=14.1, ‖r‖ converged)
[0mk= 45  obj=$8252.12  ‖r‖=2.31e-04  ‖s‖=3.27e-03  ρ=5.1  sp_max=38.715s  sp_med=16.449s
k= 46  obj=$8241.92  ‖r‖=2.57e-04  ‖s‖=1.69e-03  ρ=5.1  sp_max=67.273s  sp_med=17.908s
k= 47  obj=$8242.61  ‖r‖=2.51e-04  ‖s‖=6.41e-04  ρ=5.1  sp_max=40.138s  sp_med=14.735s
[32;1m🎉 tADMM converged at iteration 47 (‖r‖=2.51e-04 ≤ 1.00e-03, ‖s‖=6.41e-04 ≤ 1.00e-03)
  Final objective: $8242.61
[0m
================================================================================
[36;1m📊 SOLVER PERFORMANCE ANALYSIS (optimize!() times only)[0m
================================================================================
Iterations:       46
Effective time:   1392.66 seconds
Wall-clock time:  2787.39 seconds
Overhead:         50.0%
================================================================================

--- tADMM RESULT ---
[32;1mObjective: $8242.61
Wall-clock: 2787.39 seconds
Effective:  1392.66 seconds (47 iterations)
[0m
================================================================================
[36;1mVALIDATING tADMM SOLUTION[0m
================================================================================

================================================================================
SOLUTION VALIDATION: tADMM SOCP
================================================================================
✓ All constraints satisfied!
================================================================================
[32;1m✓ Convergence CSV: C:\repos_addendum\MultiPeriodDistOPF\envs\tadmm\processedData\ieee2552C_1ph_T48\convergence_data.csv[0m
[32;1m✓ Subproblem timing CSV: C:\repos_addendum\MultiPeriodDistOPF\envs\tadmm\processedData\ieee2552C_1ph_T48\subproblem_timing_details.csv[0m
[36;1mLoaded BF results from C:\repos_addendum\MultiPeriodDistOPF\envs\tadmm\processedData\ieee2552C_1ph_T48\results_socp_bf.txt[0m
[36;1mNear-optimal at k=33 (815.42s eff): obj=$8136.98, gap=0.476% vs BF, r=3.50e-04, s=4.19e-01[0m
[32;1m✓ Near-optimal summary: C:\repos_addendum\MultiPeriodDistOPF\envs\tadmm\processedData\ieee2552C_1ph_T48\near_optimal_summary.csv[0m
[32;1m✓ Solution saved: C:\repos_addendum\MultiPeriodDistOPF\envs\tadmm\processedData\ieee2552C_1ph_T48\sol_socp_tadmm.jls[0m
[32;1m✓ tADMM results written to C:\repos_addendum\MultiPeriodDistOPF\envs\tadmm\processedData\ieee2552C_1ph_T48\results_socp_tadmm.txt[0m
[32;1m✓ Live log trimmed to last 100 lines: C:\repos_addendum\MultiPeriodDistOPF\envs\tadmm\processedData\ieee2552C_1ph_T48\tadmm_run.log[0m

================================================================================
[35;1mtADMM PIPELINE COMPLETE[0m
================================================================================
