
******************************************************************************
This program contains Ipopt, a library for large-scale nonlinear optimization.
 Ipopt is released as open source code under the Eclipse Public License (EPL).
         For more information visit https://github.com/coin-or/Ipopt
******************************************************************************

This is Ipopt version 3.14.19, running with linear solver MUMPS 5.9.0.

Number of nonzeros in equality constraint Jacobian...: 17080980
Number of nonzeros in inequality constraint Jacobian.:  5944320
Number of nonzeros in Lagrangian Hessian.............:  4606140

Total number of variables............................:  6385680
                     variables with only lower bounds:  1486224
                variables with lower and upper bounds:  1927152
                     variables with only upper bounds:        0
Total number of equality constraints.................:  4605552
Total number of inequality constraints...............:  1486080
        inequality constraints with only lower bounds:        0
   inequality constraints with lower and upper bounds:        0
        inequality constraints with only upper bounds:  1486080

iter    objective    inf_pr   inf_du lg(mu)  ||d||  lg(rg) alpha_du alpha_pr  ls
   0  1.2375691e+05 6.40e-01 1.02e+01  -1.0 0.00e+00    -  0.00e+00 0.00e+00   0
   1  1.2834294e+05 6.40e-01 1.83e+01  -1.0 2.21e+02    -  4.49e-05 5.23e-04h  1
   2  1.2903603e+05 6.40e-01 1.83e+01  -1.0 1.20e+03    -  9.91e-05 1.73e-04f  1
   3  1.2943451e+05 6.39e-01 1.83e+01  -1.0 1.04e+03    -  1.24e-04 1.25e-04f  1
   4  1.7621808e+06 4.03e+01 5.77e+03  -1.0 1.22e+03    -  1.11e-04 4.83e-01f  1
   5  1.7630721e+06 4.03e+01 5.76e+03  -1.0 6.10e+03    -  1.73e-03 2.85e-04h  1
   6  1.7632801e+06 4.03e+01 5.76e+03  -1.0 8.46e+03    -  4.82e-04 2.06e-04h  1
   7  1.7632873e+06 4.03e+01 5.76e+03  -1.0 1.01e+04    -  4.19e-04 1.79e-04h  1
   8  1.7630548e+06 4.03e+01 5.76e+03  -1.0 1.12e+04    -  3.56e-04 3.68e-04f  1
   9  1.7625585e+06 4.03e+01 5.76e+03  -1.0 1.20e+04    -  2.98e-04 4.49e-04f  1
iter    objective    inf_pr   inf_du lg(mu)  ||d||  lg(rg) alpha_du alpha_pr  ls
  10  1.7620662e+06 4.03e+01 5.75e+03  -1.0 1.25e+04    -  2.82e-04 3.63e-04f  1
  11  1.7601508e+06 4.02e+01 6.08e+03  -1.0 1.25e+04    -  2.97e-04 1.36e-03f  1
  12  1.7591355e+06 4.02e+01 6.01e+03  -1.0 9.16e+03    -  9.70e-04 7.43e-04f  1
  13  1.7585055e+06 4.02e+01 5.93e+03  -1.0 9.42e+03    -  7.50e-04 3.32e-04f  1
  14  1.7572454e+06 4.02e+01 5.89e+03  -1.0 9.62e+03    -  9.43e-04 5.79e-04f  1
  15  1.7559590e+06 4.01e+01 5.86e+03  -1.0 8.97e+03    -  9.84e-04 5.79e-04f  1
  16  1.7544982e+06 4.01e+01 5.83e+03  -1.0 9.21e+03    -  1.18e-03 7.17e-04f  1
  17  1.7518269e+06 4.00e+01 5.83e+03  -1.0 8.41e+03    -  1.33e-03 1.57e-03f  1
  18  1.7491356e+06 3.99e+01 5.83e+03  -1.0 6.98e+03    -  1.98e-03 2.29e-03f  1
  19  1.7475195e+06 3.98e+01 5.81e+03  -1.0 5.22e+03    -  2.71e-03 2.60e-03f  1
iter    objective    inf_pr   inf_du lg(mu)  ||d||  lg(rg) alpha_du alpha_pr  ls
  20  1.7469694e+06 3.97e+01 5.77e+03  -1.0 3.71e+03    -  3.60e-03 2.68e-03f  1
  21  1.7474162e+06 3.96e+01 5.77e+03  -1.0 2.61e+03    -  3.48e-03 4.40e-03f  1
  22  1.7486088e+06 3.94e+01 5.73e+03  -1.0 2.21e+03    -  4.40e-03 3.64e-03f  1
  23  1.7506337e+06 3.93e+01 5.70e+03  -1.0 2.02e+03    -  4.53e-03 4.21e-03f  1
  24  1.7530575e+06 3.91e+01 5.68e+03  -1.0 1.86e+03    -  3.99e-03 4.03e-03f  1
  25  1.7554759e+06 3.90e+01 5.65e+03  -1.0 1.72e+03    -  4.35e-03 3.52e-03f  1
  26  1.7592594e+06 3.88e+01 5.63e+03  -1.0 1.61e+03    -  4.43e-03 4.99e-03f  1
  27  1.7626432e+06 3.86e+01 5.58e+03  -1.0 1.50e+03    -  5.84e-03 4.09e-03f  1
  28  1.7666364e+06 3.84e+01 5.56e+03  -1.0 1.39e+03    -  4.69e-03 4.49e-03f  1
  29  1.7713824e+06 3.82e+01 5.53e+03  -1.0 1.30e+03    -  4.78e-03 5.05e-03f  1
iter    objective    inf_pr   inf_du lg(mu)  ||d||  lg(rg) alpha_du alpha_pr  ls
  30  1.7761785e+06 3.80e+01 5.50e+03  -1.0 1.22e+03    -  4.96e-03 4.86e-03f  1
  31  1.7825293e+06 3.78e+01 5.46e+03  -1.0 1.14e+03    -  6.60e-03 6.18e-03f  1
  32  1.7880751e+06 3.76e+01 5.42e+03  -1.0 1.06e+03    -  7.90e-03 5.17e-03f  1
  33  1.7953402e+06 3.74e+01 5.38e+03  -1.0 9.85e+02    -  6.87e-03 6.53e-03f  1
  34  1.8046312e+06 3.71e+01 5.34e+03  -1.0 9.23e+02    -  7.26e-03 8.09e-03f  1
  35  1.8124120e+06 3.68e+01 5.31e+03  -1.0 8.60e+02    -  6.56e-03 6.60e-03f  1
  36  1.8233226e+06 3.65e+01 5.27e+03  -1.0 8.17e+02    -  5.99e-03 9.07e-03f  1
  37  1.8337376e+06 3.62e+01 5.21e+03  -1.0 7.70e+02    -  1.43e-02 8.52e-03f  1
  38  1.8457318e+06 3.58e+01 5.17e+03  -1.0 7.14e+02    -  6.29e-03 9.62e-03f  1
  39  1.8509406e+06 3.57e+01 5.12e+03  -1.0 6.80e+02    -  1.59e-02 4.15e-03f  1
iter    objective    inf_pr   inf_du lg(mu)  ||d||  lg(rg) alpha_du alpha_pr  ls
  40  1.8772464e+06 3.49e+01 5.04e+03  -1.0 6.46e+02    -  1.00e-02 2.06e-02f  1
  41  1.8893876e+06 3.46e+01 4.97e+03  -1.0 6.13e+02    -  1.94e-02 9.54e-03f  1
  42  1.8994660e+06 3.43e+01 4.93e+03  -1.0 6.01e+02    -  1.39e-02 7.90e-03f  1
  43  1.9229935e+06 3.37e+01 4.84e+03  -1.0 5.93e+02    -  1.54e-02 1.84e-02f  1
  44  1.9401275e+06 3.32e+01 4.77e+03  -1.0 5.78e+02    -  2.25e-02 1.35e-02f  1
  45  1.9696970e+06 3.25e+01 4.66e+03  -1.0 5.66e+02    -  1.57e-02 2.35e-02f  1
  46  1.9993225e+06 3.17e+01 4.55e+03  -1.0 5.49e+02    -  2.78e-02 2.39e-02f  1
  47  2.0216119e+06 3.11e+01 4.46e+03  -1.0 5.33e+02    -  2.35e-02 1.83e-02f  1
  48  2.0519779e+06 3.03e+01 4.35e+03  -1.0 5.21e+02    -  2.90e-02 2.52e-02f  1
  49  2.0970080e+06 2.92e+01 4.18e+03  -1.0 5.05e+02    -  2.25e-02 3.82e-02f  1
iter    objective    inf_pr   inf_du lg(mu)  ||d||  lg(rg) alpha_du alpha_pr  ls
  50  2.1230247e+06 2.85e+01 4.09e+03  -1.0 4.83e+02    -  3.89e-02 2.28e-02f  1
  51  2.1532632e+06 2.77e+01 3.98e+03  -1.0 4.70e+02    -  2.67e-02 2.71e-02f  1
  52  2.2489087e+06 2.53e+01 3.62e+03  -1.0 4.56e+02    -  3.38e-02 8.75e-02f  1
  53  2.2719664e+06 2.48e+01 3.56e+03  -1.0 4.10e+02    -  6.56e-02 2.30e-02f  1
  54  2.3199873e+06 2.35e+01 3.39e+03  -1.0 3.99e+02    -  5.75e-02 4.89e-02f  1
  55  2.4947149e+06 1.93e+01 2.73e+03  -1.0 3.77e+02    -  4.40e-02 1.86e-01f  1
  56  2.6079438e+06 1.65e+01 2.32e+03  -1.0 2.95e+02    -  1.41e-01 1.47e-01f  1
  57  2.7769063e+06 1.23e+01 1.72e+03  -1.0 2.43e+02    -  1.28e-01 2.57e-01f  1
  58  2.9020647e+06 9.12e+00 1.28e+03  -1.0 1.66e+02    -  1.82e-01 2.57e-01f  1
  59  3.1175544e+06 3.65e+00 8.75e+02  -1.0 1.24e+02    -  1.48e-01 5.96e-01f  1
iter    objective    inf_pr   inf_du lg(mu)  ||d||  lg(rg) alpha_du alpha_pr  ls
  60  3.2589711e+06 2.98e-04 1.64e+03  -1.0 5.95e+01    -  1.63e-01 9.90e-01f  1
  61  3.2588029e+06 1.23e+00 1.41e+03  -1.0 4.60e+02    -  1.42e-01 2.01e-01f  1
  62  3.2592042e+06 2.35e-06 1.22e+03  -1.0 1.92e+01  -2.0 1.51e-01 9.90e-01f  1
  63  3.2533796e+06 7.60e-01 6.92e+04  -1.0 4.39e+01  -2.5 1.82e-01 6.90e-01f  1
  64  3.2419848e+06 9.66e-13 3.34e+05  -1.0 1.65e+01  -2.1 2.09e-01 1.00e+00f  1
  65  3.2318679e+06 1.01e+00 2.54e+06  -1.0 1.06e+02    -  1.94e-01 4.57e-01f  1
  66  3.2134604e+06 3.59e-01 3.78e+06  -1.0 9.17e+01    -  1.66e-01 5.20e-01f  1
  67  3.2006846e+06 8.79e-13 3.54e+06  -1.0 7.03e+01    -  2.44e-01 5.45e-01f  1
  68  3.1999377e+06 8.42e-13 3.22e+06  -1.0 4.35e+01    -  2.22e-01 6.78e-01f  1
  69  3.2091649e+06 9.01e-13 2.72e+06  -1.0 1.17e+01    -  2.32e-01 1.00e+00f  1
iter    objective    inf_pr   inf_du lg(mu)  ||d||  lg(rg) alpha_du alpha_pr  ls
  70  3.2193732e+06 1.09e-12 2.07e+06  -1.0 8.77e+00    -  2.41e-01 1.00e+00f  1
  71  3.2320885e+06 9.68e-13 1.63e+06  -1.0 7.11e+00    -  2.13e-01 1.00e+00f  1
  72  3.2481050e+06 9.70e-13 1.28e+06  -1.0 7.22e+00    -  2.16e-01 1.00e+00f  1
  73  3.2686807e+06 1.12e-12 9.54e+05  -1.0 6.37e+00    -  2.52e-01 1.00e+00f  1
  74  3.2961883e+06 8.58e-13 4.92e+05  -1.0 8.53e+00    -  4.84e-01 1.00e+00f  1
  75  3.3486898e+06 8.67e-13 6.10e+04  -1.0 1.65e+01    -  8.76e-01 1.00e+00f  1
  76  3.7066774e+06 9.66e-13 3.55e+04  -1.0 1.60e+02    -  4.17e-01 1.00e+00f  1
  77  4.1135138e+06 1.43e-12 8.22e+03  -1.0 2.57e+02    -  7.68e-01 1.00e+00f  1
  78  4.7058130e+06 1.89e-12 3.27e+03  -1.0 1.11e+03    -  6.04e-01 1.00e+00f  1
  79  4.9512274e+06 1.61e-12 1.53e+03  -1.0 2.71e+03    -  5.70e-01 1.00e+00f  1
iter    objective    inf_pr   inf_du lg(mu)  ||d||  lg(rg) alpha_du alpha_pr  ls
  80  4.9966982e+06 2.05e-12 6.44e+02  -1.0 5.79e+03    -  5.95e-01 1.00e+00f  1
  81  5.0013513e+06 1.49e-12 2.20e+02  -1.0 1.20e+04    -  6.61e-01 1.00e+00f  1
  82  5.0024548e+06 1.57e-12 7.51e+01  -1.0 2.29e+04    -  7.35e-01 1.00e+00f  1
  83  5.0037089e+06 2.03e-12 1.14e+01  -1.0 2.93e+04    -  1.00e+00 1.00e+00f  1
  84  5.0042601e+06 2.16e-12 1.68e+00  -1.0 1.55e+04    -  1.00e+00 1.00e+00f  1
  85  3.4620218e+06 1.33e-12 2.13e+06  -1.7 1.82e+04    -  7.06e-01 1.00e+00f  1
  86  3.5091870e+06 1.36e-12 2.10e-02  -1.7 1.65e+04    -  1.00e+00 1.00e+00h  1
  87  3.5073730e+06 1.26e-12 1.21e-02  -1.7 8.71e+03    -  1.00e+00 1.00e+00h  1
  88  3.2178757e+06 3.14e-01 1.13e+05  -3.8 2.60e+04    -  7.77e-01 8.40e-01f  1
  89  3.1881497e+06 5.54e-01 2.32e+04  -3.8 2.56e+04    -  7.55e-01 7.39e-01f  1
iter    objective    inf_pr   inf_du lg(mu)  ||d||  lg(rg) alpha_du alpha_pr  ls
  90  3.1808940e+06 1.27e-01 1.08e+04  -3.8 1.20e+04    -  9.77e-01 8.27e-01f  1
  91  3.1801327e+06 1.07e-12 1.25e-03  -3.8 2.76e+03    -  1.00e+00 1.00e+00h  1
  92  3.1801826e+06 9.84e-13 1.26e-05  -3.8 8.78e+00    -  1.00e+00 1.00e+00h  1
  93  3.1786331e+06 1.31e-04 1.64e+03  -5.7 8.19e+02    -  9.60e-01 8.38e-01f  1
  94  3.1785281e+06 9.79e-06 4.68e+02  -5.7 1.30e+02    -  1.00e+00 7.85e-01f  1
  95  3.1785108e+06 8.40e-13 8.69e-05  -5.7 9.92e+00    -  1.00e+00 1.00e+00f  1
  96  3.1785115e+06 8.35e-13 2.89e-06  -5.7 2.56e+00    -  1.00e+00 1.00e+00h  1
  97  3.1784981e+06 4.53e-09 2.61e+01  -8.6 5.96e+00    -  9.93e-01 8.37e-01f  1
  98  3.1784965e+06 6.16e-10 6.79e+00  -8.6 6.86e-01    -  1.00e+00 7.51e-01f  1
  99  3.1784959e+06 8.62e-13 3.58e-08  -8.6 1.70e-01    -  1.00e+00 1.00e+00h  1
iter    objective    inf_pr   inf_du lg(mu)  ||d||  lg(rg) alpha_du alpha_pr  ls
 100  3.1784959e+06 9.54e-13 1.44e-12  -8.6 2.47e-05    -  1.00e+00 1.00e+00h  1

Number of Iterations....: 100

                                   (scaled)                 (unscaled)
Objective...............:   5.8214211201204301e+05    3.1784959315857552e+06
Dual infeasibility......:   1.4410180812279502e-12    7.8679587235046089e-12
Constraint violation....:   9.5390362275793450e-13    9.5390362275793450e-13
Variable bound violation:   0.0000000000000000e+00    0.0000000000000000e+00
Complementarity.........:   2.5059052964385158e-09    1.3682242918554297e-08
Overall NLP error.......:   2.5059052964385158e-09    1.3682242918554297e-08


Number of objective function evaluations             = 101
Number of objective gradient evaluations             = 101
Number of equality constraint evaluations            = 101
Number of inequality constraint evaluations          = 101
Number of equality constraint Jacobian evaluations   = 101
Number of inequality constraint Jacobian evaluations = 101
Number of Lagrangian Hessian evaluations             = 100
Total seconds in IPOPT (w/o function evaluations)    =   3218.883
Total seconds in NLP function evaluations            =     98.789


Timing Statistics:

OverallAlgorithm....................:   3317.672 (sys:      0.000 wall:   3317.672)
 PrintProblemStatistics.............:      0.104 (sys:      0.000 wall:      0.104)
 InitializeIterates.................:    167.931 (sys:      0.000 wall:    167.930)
 UpdateHessian......................:     15.955 (sys:      0.000 wall:     15.876)
 OutputIteration....................:      0.234 (sys:      0.000 wall:      0.200)
 UpdateBarrierParameter.............:      3.896 (sys:      0.000 wall:      3.933)
 ComputeSearchDirection.............:   2979.736 (sys:      0.000 wall:   2979.736)
 ComputeAcceptableTrialPoint........:     83.456 (sys:      0.000 wall:     83.469)
 AcceptTrialPoint...................:      4.171 (sys:      0.000 wall:      4.158)
 CheckConvergence...................:     62.188 (sys:      0.000 wall:     62.266)
PDSystemSolverTotal.................:   2973.455 (sys:      0.000 wall:   2973.450)
 PDSystemSolverSolveOnce............:   2914.682 (sys:      0.000 wall:   2914.665)
 ComputeResiduals...................:     43.324 (sys:      0.000 wall:     43.377)
 StdAugSystemSolverMultiSolve.......:   3061.809 (sys:      0.000 wall:   3061.762)
 LinearSystemScaling................:      0.000 (sys:      0.000 wall:      0.000)
 LinearSystemSymbolicFactorization..:    151.570 (sys:      0.000 wall:    151.573)
 LinearSystemFactorization..........:      0.000 (sys:      0.000 wall:      0.000)
 LinearSystemBackSolve..............:    520.944 (sys:      0.000 wall:    520.931)
 LinearSystemStructureConverter.....:      0.000 (sys:      0.000 wall:      0.000)
  LinearSystemStructureConverterInit:      0.000 (sys:      0.000 wall:      0.000)
QualityFunctionSearch...............:      0.000 (sys:      0.000 wall:      0.000)
TryCorrector........................:      0.000 (sys:      0.000 wall:      0.000)
Task1...............................:      0.000 (sys:      0.000 wall:      0.000)
Task2...............................:      0.000 (sys:      0.000 wall:      0.000)
Task3...............................:      0.000 (sys:      0.000 wall:      0.000)
Task4...............................:      0.000 (sys:      0.000 wall:      0.000)
Task5...............................:      0.000 (sys:      0.000 wall:      0.000)
Task6...............................:      0.000 (sys:      0.000 wall:      0.000)
Function Evaluations................:     98.937 (sys:      0.000 wall:     98.789)
 Objective function.................:      0.130 (sys:      0.000 wall:      0.127)
 Objective function gradient........:      1.180 (sys:      0.000 wall:      1.157)
 Equality constraints...............:     42.522 (sys:      0.000 wall:     42.494)
 Inequality constraints.............:      0.726 (sys:      0.000 wall:      0.732)
 Equality constraint Jacobian.......:      4.393 (sys:      0.000 wall:      4.366)
 Inequality constraint Jacobian.....:     34.302 (sys:      0.000 wall:     34.317)
 Lagrangian Hessian.................:     15.684 (sys:      0.000 wall:     15.596)

EXIT: Optimal Solution Found.
