QUIET_WAIT waited_s=18 other_cores=0.33 timed_out=0
Set parameter Username
Set parameter LicenseID to value 2866376
Academic license - for non-commercial use only - expires 2027-09-22
Set parameter LogFile to value "ddp/results/gurobi_matched/logs/gurobi_tdefault_large10kC_1ph_T24_gurobilog.txt"
Set parameter Threads to value 0
Set parameter Threads to value 0
Set parameter LogFile to value "ddp/results/gurobi_matched/logs/gurobi_tdefault_large10kC_1ph_T24_gurobilog.txt"
Warning for adding constraints: zero or small (< 1e-13) coefficients, ignored
Gurobi Optimizer version 13.0.0 build v13.0.0rc1 (win64 - Windows 11+.0 (26200.2))

CPU model: Intel(R) Core(TM) i9-10900X CPU @ 3.70GHz, instruction set [SSE2|AVX|AVX2|AVX512]
Thread count: 10 physical cores, 20 logical processors, using up to 20 threads

Optimize a model with 767592 rows, 1064280 columns and 2843556 nonzeros (Min)
Model fingerprint: 0x3294c1f4
Model has 1044 linear objective coefficients and an objective constant of 4.7412723928499722e+05
Model has 25500 quadratic objective terms
Model has 247680 quadratic constraints
Coefficient statistics:
  Matrix range     [1e-08, 1e+00]
  QMatrix range    [1e+00, 1e+00]
  Objective range  [8e+01, 1e+03]
  QObjective range [5e+01, 8e+02]
  Bounds range     [2e-01, 2e+00]
  RHS range        [3e-03, 1e+00]
Presolve removed 1068 rows and 1068 columns
Presolve time: 2.56s
Presolved: 1287385 rows, 1558574 columns, 4343258 nonzeros
Presolved model has 247681 second-order cone constraints
Ordering time: 0.51s

Barrier statistics:
 Dense cols : 1
 AA' NZ     : 5.939e+06
 Factor NZ  : 1.667e+07 (roughly 1.3 GB of memory)
 Factor Ops : 2.545e+08 (less than 1 second per iteration)
 Threads    : 10

                  Objective                Residual
Iter       Primal          Dual         Primal    Dual     Compl     Time
   0   6.63441607e+06 -2.81035527e+08  2.37e+03 1.48e+03  9.57e+05     5s
   1   1.10661241e+07 -4.51913455e+08  3.44e+02 3.08e+02  1.63e+05     6s
   2   9.99922046e+06 -4.76603136e+08  7.21e+01 7.99e+01  3.77e+04     8s
   3   9.78494675e+06 -4.73730171e+08  2.86e+01 5.96e+01  2.14e+04     9s
   4   9.74521953e+06 -4.33055120e+08  1.58e+01 3.18e+00  5.24e+03    10s
   5   1.02778977e+07 -3.79645131e+08  1.48e+00 4.61e-01  7.00e+02    11s
   6   1.01519782e+07 -2.22259182e+08  2.24e-01 1.08e-01  1.94e+02    12s
   7   9.13806071e+06 -4.78924326e+07  4.67e-04 1.35e-02  3.25e+01    13s
   8   6.09301853e+06 -6.48757274e+06  1.15e-04 3.12e-01  6.85e+00    15s
   9   3.67294132e+06 -1.70444300e+06  3.19e-05 1.31e-01  2.86e+00    16s
  10   2.94940708e+06  1.40485294e+06  7.62e-06 3.45e-02  8.14e-01    19s
  11   2.74103374e+06  1.96671909e+06  1.27e-06 1.90e-02  4.07e-01    21s
  12   2.69845296e+06  2.55633873e+06  2.23e-07 2.80e-03  7.47e-02    24s
  13   2.68558482e+06  2.66723739e+06  9.99e-09 3.94e-04  9.64e-03    28s
  14   2.68344558e+06  2.68091230e+06  1.16e-09 3.22e-05  1.33e-03    31s
  15   2.68291048e+06  2.68254387e+06  2.28e-09 3.00e-05  1.93e-04    34s
  16   2.68275580e+06  2.68270602e+06  1.08e-08 3.04e-05  2.61e-05    37s
  17   2.68272980e+06  2.68271852e+06  1.22e-08 1.92e-04  5.92e-06    40s
  18   2.68272312e+06  2.68272117e+06  4.79e-09 1.06e-04  1.02e-06    45s
  19   2.68272223e+06  2.68272189e+06  5.05e-09 2.52e-04  1.76e-07    49s

Barrier solved model in 19 iterations and 49.22 seconds (20.72 work units)
Optimal objective 2.68272223e+06


User-callback calls 522, time in user-callback 0.02 sec
GUROBI_OPTION Threads=0
CENTRAL_GUROBI system=large10kC_1ph T=24 profile=periodic C_B=2.400000e-05 gamma=4.200000e+02 status=OPTIMAL iterations=19 objective=2682722.226548288018 solve_time_s=49.483 build_s=24.882 wall_s=81.736 variables=1064280 solver=13.0.0
CENTRAL_GUROBI_MEMORY maxrss_mib=3585.8
CENTRAL_GUROBI_BATTERY at_power_limit=0.071 mean_utilization=0.337 energy_window_used=1.000 throughput_pu_h=3.435715e+03 energy_term=2.653461e+06 cb_term=2.324152e+04 terminal_term=6.020166e+03
