QUIET_WAIT waited_s=18 other_cores=0.29 timed_out=0
Set parameter Username
Set parameter LicenseID to value 2866376
Academic license - for non-commercial use only - expires 2027-09-22
Set parameter LogFile to value "ddp/results/gurobi_matched/logs/gurobi_t1_ieee2522C_1ph_T96_gurobilog.txt"
Set parameter Threads to value 1
Set parameter Threads to value 1
Set parameter LogFile to value "ddp/results/gurobi_matched/logs/gurobi_t1_ieee2522C_1ph_T96_gurobilog.txt"
Gurobi Optimizer version 13.0.0 build v13.0.0rc1 (win64 - Windows 11+.0 (26200.2))

CPU model: Intel(R) Core(TM) i9-10900X CPU @ 3.70GHz, instruction set [SSE2|AVX|AVX2|AVX512]
Thread count: 10 physical cores, 20 logical processors, using up to 1 threads

Non-default parameters:
Threads  1

Optimize a model with 750240 rows, 1040064 columns and 2781735 nonzeros (Min)
Model fingerprint: 0x8733e940
Model has 345 linear objective coefficients and an objective constant of 1.4806295851834354e+03
Model has 24153 quadratic objective terms
Model has 242016 quadratic constraints
Coefficient statistics:
  Matrix range     [5e-11, 1e+00]
  QMatrix range    [1e+00, 1e+00]
  Objective range  [2e+01, 1e+03]
  QObjective range [1e+03, 7e+04]
  Bounds range     [3e-03, 1e+00]
  RHS range        [5e-19, 1e+00]
Presolve removed 6909 rows and 9309 columns
Presolve time: 2.24s
Presolved: 1251517 rows, 1514789 columns, 4236200 nonzeros
Presolved model has 242017 second-order cone constraints
Ordering time: 1.41s

Barrier statistics:
 Dense cols : 1
 AA' NZ     : 6.271e+06
 Factor NZ  : 1.864e+07 (roughly 1.3 GB of memory)
 Factor Ops : 8.856e+08 (less than 1 second per iteration)
 Threads    : 1

                  Objective                Residual
Iter       Primal          Dual         Primal    Dual     Compl     Time
   0   3.28883182e+03 -3.17482401e+06  2.10e+02 6.42e+01  3.71e+03     6s
   1   2.74488825e+05 -5.43984874e+06  1.44e+02 3.75e+01  2.51e+03     8s
   2   3.59706791e+05 -6.48389510e+06  5.01e+01 2.69e+01  1.01e+03     9s
   3   2.71479084e+05 -8.43876817e+06  2.98e+01 1.38e+01  5.67e+02    11s
   4   3.25005747e+05 -9.91046207e+06  1.54e+01 5.56e+00  2.88e+02    13s
   5   2.60376595e+05 -1.34737302e+07  5.42e+00 1.53e+00  1.05e+02    15s
   6   1.81016986e+05 -1.16212064e+07  2.17e+00 4.26e-01  4.07e+01    17s
   7   1.27571007e+05 -8.75801809e+06  1.00e+00 1.03e-01  1.81e+01    18s
   8   9.80965440e+04 -5.21356869e+06  5.74e-01 2.77e-02  8.98e+00    19s
   9   7.94367699e+04 -3.03039508e+06  3.77e-01 8.99e-03  4.87e+00    21s
  10   6.32311773e+04 -2.44872773e+06  2.38e-01 5.89e-03  3.20e+00    22s
  11   5.45102306e+04 -2.08017119e+06  1.86e-01 4.51e-03  2.50e+00    23s
  12   4.70169466e+04 -1.67256319e+06  1.42e-01 3.24e-03  1.88e+00    25s
  13   3.82595089e+04 -1.33269506e+06  1.00e-01 2.37e-03  1.37e+00    26s
  14   2.49593536e+04 -9.25206165e+05  5.53e-02 1.45e-03  8.22e-01    29s
  15   1.46947389e+04 -4.39272693e+05  1.40e-02 5.16e-04  3.06e-01    31s
  16   1.16814186e+04 -1.13960750e+05  3.38e-03 1.10e-04  7.64e-02    33s
  17   1.11246700e+04 -5.46295518e+04  1.69e-03 5.31e-05  3.80e-02    34s
  18   1.03879102e+04 -3.75835382e+04  8.45e-05 3.79e-05  2.60e-02    36s
  19   1.03916420e+04 -3.11836794e+04  7.30e-05 3.28e-05  2.25e-02    37s
  20   1.02729138e+04 -2.41478465e+04  5.06e-05 2.72e-05  1.86e-02    38s
  21   1.00656203e+04 -1.35269548e+04  2.29e-05 1.78e-05  1.27e-02    39s
  22   9.84708311e+03 -6.45295987e+03  1.03e-05 1.23e-05  8.80e-03    41s
  23   9.54021814e+03  3.73767125e+03  3.55e-06 1.08e-05  3.13e-03    42s
  24   9.27789196e+03  6.85082013e+03  1.56e-06 7.41e-06  1.31e-03    43s
  25   9.12706178e+03  8.25609569e+03  6.69e-07 3.52e-06  4.70e-04    45s
  26   9.05511027e+03  8.64538843e+03  2.78e-07 9.57e-06  2.21e-04    46s
  27   9.02220588e+03  8.90933108e+03  9.93e-08 2.19e-06  6.09e-05    50s
  28   9.01480876e+03  8.94179446e+03  6.81e-08 8.85e-07  3.94e-05    52s
  29   9.00540698e+03  8.96225668e+03  2.45e-08 5.55e-07  2.33e-05    55s
  30   9.00236068e+03  8.97311621e+03  1.32e-08 3.87e-07  1.58e-05    57s
  31   9.00027931e+03  8.98158874e+03  4.92e-09 2.57e-07  1.01e-05    60s
  32   9.00003628e+03  8.99263622e+03  3.58e-09 8.88e-08  3.99e-06    64s
  33   8.99961171e+03  8.99588389e+03  2.21e-09 4.12e-08  2.01e-06    67s
  34   8.99929203e+03  8.99695482e+03  1.32e-09 2.63e-08  1.26e-06    70s
  35   8.99910498e+03  8.99773221e+03  8.03e-10 3.32e-09  7.40e-07    73s
  36   8.99895916e+03  8.99830192e+03  3.73e-10 6.50e-07  3.54e-07    79s
  37   8.99889004e+03  8.99861648e+03  1.99e-10 5.44e-06  1.48e-07    84s
  38   8.99884445e+03  8.99874642e+03  4.54e-10 1.64e-05  5.29e-08    89s
  39   8.99881952e+03  8.99879368e+03  3.03e-08 1.90e-05  1.39e-08    96s
  40   8.99881441e+03  8.99881022e+03  2.60e-08 9.98e-06  2.26e-09   102s

Barrier solved model in 40 iterations and 102.35 seconds (46.31 work units)
Optimal objective 8.99881441e+03


User-callback calls 1321, time in user-callback 0.02 sec
GUROBI_OPTION Threads=1
CENTRAL_GUROBI system=ieee2522C_1ph T=96 profile=periodic C_B=1.900000e-03 gamma=3.290000e+04 status=OPTIMAL iterations=40 objective=8998.814413522190 solve_time_s=102.506 build_s=21.164 wall_s=130.452 variables=1040064 solver=13.0.0
CENTRAL_GUROBI_MEMORY maxrss_mib=3364.2
CENTRAL_GUROBI_BATTERY at_power_limit=0.040 mean_utilization=0.338 energy_window_used=1.000 throughput_pu_h=1.074050e+01 energy_term=8.906676e+03 cb_term=6.731842e+01 terminal_term=2.481956e+01
