QUIET_WAIT waited_s=18 other_cores=0.28 timed_out=0
Set parameter Username
Set parameter LicenseID to value 2866376
Academic license - for non-commercial use only - expires 2027-09-22
Set parameter LogFile to value "ddp/results/gurobi_matched/logs/gurobi_tdefault_ieee2522C_1ph_T96_gurobilog.txt"
Set parameter Threads to value 0
Set parameter Threads to value 0
Set parameter LogFile to value "ddp/results/gurobi_matched/logs/gurobi_tdefault_ieee2522C_1ph_T96_gurobilog.txt"
Gurobi Optimizer version 13.0.0 build v13.0.0rc1 (win64 - Windows 11+.0 (26200.2))

CPU model: Intel(R) Core(TM) i9-10900X CPU @ 3.70GHz, instruction set [SSE2|AVX|AVX2|AVX512]
Thread count: 10 physical cores, 20 logical processors, using up to 20 threads

Optimize a model with 750240 rows, 1040064 columns and 2781735 nonzeros (Min)
Model fingerprint: 0x8733e940
Model has 345 linear objective coefficients and an objective constant of 1.4806295851834354e+03
Model has 24153 quadratic objective terms
Model has 242016 quadratic constraints
Coefficient statistics:
  Matrix range     [5e-11, 1e+00]
  QMatrix range    [1e+00, 1e+00]
  Objective range  [2e+01, 1e+03]
  QObjective range [1e+03, 7e+04]
  Bounds range     [3e-03, 1e+00]
  RHS range        [5e-19, 1e+00]
Presolve removed 6909 rows and 9309 columns
Presolve time: 2.39s
Presolved: 1251517 rows, 1514789 columns, 4236200 nonzeros
Presolved model has 242017 second-order cone constraints
Ordering time: 1.40s

Barrier statistics:
 Dense cols : 1
 AA' NZ     : 6.271e+06
 Factor NZ  : 1.864e+07 (roughly 1.3 GB of memory)
 Factor Ops : 8.856e+08 (less than 1 second per iteration)
 Threads    : 10

                  Objective                Residual
Iter       Primal          Dual         Primal    Dual     Compl     Time
   0   3.28883182e+03 -3.17482401e+06  2.10e+02 6.42e+01  3.71e+03     6s
   1   2.75082421e+05 -5.03385791e+06  1.44e+02 4.17e+01  2.53e+03     7s
   2   3.37198399e+05 -6.20465563e+06  5.51e+01 2.94e+01  1.10e+03     9s
   3   2.93801592e+05 -9.26653419e+06  2.75e+01 1.02e+01  5.11e+02    11s
   4   3.27595755e+05 -9.99746703e+06  1.22e+01 5.95e+00  2.50e+02    12s
   5   2.86534711e+05 -1.06880237e+07  7.67e+00 2.39e+00  1.39e+02    13s
   6   2.34214829e+05 -1.07094915e+07  3.57e+00 6.58e-01  6.08e+01    14s
   7   1.67421938e+05 -9.61006787e+06  1.48e+00 2.47e-01  2.63e+01    15s
   8   1.22320089e+05 -6.10896427e+06  8.18e-01 4.44e-02  1.28e+01    16s
   9   9.67609457e+04 -4.35362526e+06  5.28e-01 2.12e-02  7.62e+00    17s
  10   7.03433307e+04 -3.74608535e+06  2.73e-01 1.53e-02  4.59e+00    19s
  11   6.10811213e+04 -2.84524652e+06  2.05e-01 9.58e-03  3.25e+00    20s
  12   5.35569695e+04 -2.17035302e+06  1.66e-01 6.40e-03  2.44e+00    22s
  13   4.53633849e+04 -1.76922340e+06  1.29e-01 4.85e-03  1.88e+00    23s
  14   3.56724634e+04 -1.34282256e+06  8.78e-02 3.35e-03  1.31e+00    24s
  15   2.91212886e+04 -9.47610154e+05  6.23e-02 2.11e-03  8.88e-01    25s
  16   2.20583640e+04 -6.13524197e+05  3.69e-02 1.20e-03  5.29e-01    26s
  17   1.58259096e+04 -3.17530851e+05  1.63e-02 5.14e-04  2.47e-01    28s
  18   1.31599966e+04 -1.60015778e+05  7.69e-03 2.25e-04  1.18e-01    29s
  19   1.20189225e+04 -7.61669596e+04  3.99e-03 1.01e-04  5.58e-02    30s
  20   1.12684740e+04 -5.42843841e+04  1.73e-03 7.35e-05  3.82e-02    31s
  21   1.11955036e+04 -3.89174690e+04  1.51e-03 5.54e-05  2.90e-02    32s
  22   1.09449914e+04 -3.18436498e+04  8.89e-04 4.41e-05  2.41e-02    33s
  23   1.07622830e+04 -2.60673775e+04  5.94e-04 3.78e-05  2.04e-02    34s
  24   1.07143110e+04 -2.11915499e+04  5.38e-04 3.26e-05  1.77e-02    36s
  25   1.06563855e+04 -1.59500250e+04  4.75e-04 2.80e-05  1.47e-02    37s
  26   1.06223214e+04 -1.37054476e+04  4.42e-04 2.46e-05  1.34e-02    39s
  27   1.05698713e+04 -1.21104616e+04  3.94e-04 2.29e-05  1.25e-02    41s
  28   1.05490136e+04 -1.07482843e+04  3.78e-04 2.15e-05  1.17e-02    43s
  29   1.05248587e+04 -9.67371032e+03  3.59e-04 2.46e-05  1.11e-02    47s
  30   1.02145642e+04 -7.41420182e+03  1.65e-04 1.79e-05  9.59e-03    50s
  31   9.98699441e+03 -4.31513421e+03  6.69e-05 1.47e-05  7.74e-03    51s
  32   9.89439583e+03  4.74316538e+01  5.50e-05 1.00e-05  5.33e-03    53s
  33   9.57474588e+03  5.80337549e+03  2.53e-05 3.83e-06  2.04e-03    55s
  34   9.30953963e+03  6.72414181e+03  1.29e-05 2.76e-06  1.40e-03    56s
  35   9.18558969e+03  8.01605791e+03  6.90e-06 7.06e-06  6.31e-04    58s
  36   9.06632730e+03  8.69539315e+03  1.78e-06 4.95e-06  2.00e-04    59s
  37   9.02469161e+03  8.86729336e+03  7.09e-07 4.36e-06  8.49e-05    60s
  38   9.01597982e+03  8.92128351e+03  4.75e-07 3.32e-06  5.11e-05    62s
  39   9.00816888e+03  8.94440682e+03  2.62e-07 2.37e-06  3.44e-05    63s
  40   9.00579566e+03  8.96122795e+03  1.92e-07 1.62e-06  2.40e-05    65s
  41   9.00416599e+03  8.97015035e+03  1.48e-07 1.25e-06  1.83e-05    67s
  42   9.00266049e+03  8.97894990e+03  1.05e-07 8.60e-07  1.28e-05    70s
  43   9.00174706e+03  8.98548599e+03  7.98e-08 5.73e-07  8.77e-06    72s
  44   9.00118886e+03  8.98972284e+03  6.45e-08 3.87e-07  6.19e-06    75s
  45   9.00008079e+03  8.99381473e+03  3.23e-08 2.08e-07  3.38e-06    79s
  46   8.99937678e+03  8.99715562e+03  1.39e-08 6.60e-08  1.20e-06    84s
  47   8.99908578e+03  8.99768569e+03  7.06e-09 4.40e-08  7.55e-07    87s
  48   8.99896630e+03  8.99830657e+03  3.52e-09 7.52e-09  3.56e-07    92s
  49   8.99889712e+03  8.99860685e+03  1.95e-09 1.19e-06  1.57e-07    96s
  50   8.99885423e+03  8.99861750e+03  3.51e-08 1.03e-03  1.28e-07    99s
  51   8.99882645e+03  8.99875183e+03  1.14e-08 3.35e-04  4.03e-08   101s
  52   8.99882096e+03  8.99877942e+03  1.92e-08 8.39e-04  2.24e-08   104s
  53   8.99881668e+03  8.99879742e+03  1.71e-08 3.80e-04  1.04e-08   109s
  54   8.99881471e+03  8.99879876e+03  3.36e-08 6.59e-04  8.60e-09   114s
  55   8.99881390e+03  8.99879986e+03  4.46e-08 1.63e-03  7.58e-09   119s
  56   8.99881368e+03  8.99880005e+03  6.51e-08 1.37e-04  7.35e-09   123s
  57   8.99881362e+03  8.99880032e+03  8.09e-07 1.15e-03  7.17e-09   127s
  58   8.99881366e+03  8.99880046e+03  1.84e-06 1.15e-03  7.12e-09   132s
  59   8.99881361e+03  8.99880046e+03  9.03e-07 2.58e-03  7.09e-09   138s
  60   8.99881462e+03  8.99880048e+03  2.06e-06 5.11e-03  7.63e-09   143s
  61   8.99881380e+03  8.99880049e+03  3.11e-07 1.77e-02  7.18e-09   152s
  62   8.99881363e+03  8.99881338e+03  3.85e-08 1.87e-02  1.35e-10   158s
  63   8.99881359e+03  8.99881338e+03  7.77e-06 2.28e-03  1.17e-10   165s
  64   8.99881359e+03  8.99881338e+03  5.97e-06 3.91e-03  1.13e-10   173s
  65   8.99881363e+03  8.99881338e+03  1.22e-04 1.08e-02  1.12e-10   177s
  66   8.99881365e+03  8.99881338e+03  6.32e-05 2.29e-02  1.19e-10   180s
  67   8.99881359e+03  8.99881338e+03  5.18e-05 2.98e-02  1.13e-10   186s
  68   8.99881360e+03  8.99881338e+03  6.24e-05 2.65e-03  1.14e-10   193s
  69   8.99881358e+03  8.99881338e+03  5.19e-05 5.51e-03  1.13e-10   199s
  70   8.99881365e+03  8.99881338e+03  4.08e-05 2.09e-03  1.23e-10   206s
  71   8.99881363e+03  8.99881338e+03  2.07e-05 3.85e-03  1.30e-10   213s
  72   8.99881362e+03  8.99881338e+03  2.43e-06 6.47e-04  1.27e-10   219s

Barrier solved model in 72 iterations and 218.86 seconds (90.87 work units)
Optimal objective 8.99881362e+03


User-callback calls 1436, time in user-callback 0.02 sec
GUROBI_OPTION Threads=0
CENTRAL_GUROBI system=ieee2522C_1ph T=96 profile=periodic C_B=1.900000e-03 gamma=3.290000e+04 status=OPTIMAL iterations=72 objective=8998.813621447856 solve_time_s=219.154 build_s=22.699 wall_s=249.531 variables=1040064 solver=13.0.0
CENTRAL_GUROBI_MEMORY maxrss_mib=3491.4
CENTRAL_GUROBI_BATTERY at_power_limit=0.040 mean_utilization=0.338 energy_window_used=1.000 throughput_pu_h=1.074051e+01 energy_term=8.906676e+03 cb_term=6.731860e+01 terminal_term=2.481952e+01
