QUIET_WAIT waited_s=18 other_cores=0.22 timed_out=0
Set parameter Username
Set parameter LicenseID to value 2866376
Academic license - for non-commercial use only - expires 2027-09-22
Set parameter LogFile to value "ddp/results/gurobi_matched/logs/gurobi_tdefault_ieee2522C_1ph_T6_gurobilog.txt"
Set parameter Threads to value 0
Set parameter Threads to value 0
Set parameter LogFile to value "ddp/results/gurobi_matched/logs/gurobi_tdefault_ieee2522C_1ph_T6_gurobilog.txt"
Gurobi Optimizer version 13.0.0 build v13.0.0rc1 (win64 - Windows 11+.0 (26200.2))

CPU model: Intel(R) Core(TM) i9-10900X CPU @ 3.70GHz, instruction set [SSE2|AVX|AVX2|AVX512]
Thread count: 10 physical cores, 20 logical processors, using up to 20 threads

Optimize a model with 46890 rows, 65004 columns and 173625 nonzeros (Min)
Model fingerprint: 0xf54eb222
Model has 255 linear objective coefficients and an objective constant of 1.4806295851834354e+03
Model has 1743 quadratic objective terms
Model has 15126 quadratic constraints
Coefficient statistics:
  Matrix range     [5e-11, 4e+00]
  QMatrix range    [1e+00, 1e+00]
  Objective range  [4e+02, 1e+03]
  QObjective range [2e+04, 7e+04]
  Bounds range     [3e-03, 1e+00]
  RHS range        [5e-19, 1e+00]
Presolve removed 354 rows and 504 columns
Presolve time: 0.12s
Presolved: 77038 rows, 94754 columns, 263426 nonzeros
Presolved model has 15127 second-order cone constraints
Ordering time: 0.05s

Barrier statistics:
 Dense cols : 1
 AA' NZ     : 3.878e+05
 Factor NZ  : 1.033e+06 (roughly 80 MB of memory)
 Factor Ops : 1.744e+07 (less than 1 second per iteration)
 Threads    : 10

                  Objective                Residual
Iter       Primal          Dual         Primal    Dual     Compl     Time
   0   3.08525805e+03 -2.91353950e+05  2.43e+02 7.40e+01  4.85e+03     0s
   1   2.91582063e+05 -4.51408574e+05  1.65e+02 3.66e+01  3.15e+03     0s
   2   4.59965531e+05 -5.07253916e+05  9.24e+01 2.85e+01  1.89e+03     0s
   3   4.36289296e+05 -6.08139995e+05  4.86e+01 1.56e+01  9.91e+02     1s
   4   3.60113293e+05 -6.55899365e+05  2.77e+01 1.08e+01  5.83e+02     1s
   5   3.56004554e+05 -7.22383608e+05  1.85e+01 4.55e+00  3.54e+02     1s
   6   3.52043432e+05 -7.39457507e+05  1.63e+01 3.12e+00  2.99e+02     1s
   7   3.18780588e+05 -7.52118943e+05  1.19e+01 2.54e+00  2.23e+02     1s
   8   2.42052319e+05 -7.49071850e+05  6.17e+00 1.33e+00  1.16e+02     1s
   9   1.91624150e+05 -7.17337653e+05  3.50e+00 8.47e-01  6.73e+01     1s
  10   1.54342285e+05 -5.51484378e+05  1.91e+00 2.36e-01  3.38e+01     1s
  11   8.16039019e+04 -3.08844031e+05  5.67e-01 1.33e-02  9.94e+00     1s
  12   5.90740534e+04 -1.86041059e+05  3.00e-01 3.43e-03  4.93e+00     1s
  13   4.75212579e+04 -1.55293915e+05  2.13e-01 2.52e-03  3.59e+00     1s
  14   3.97660673e+04 -1.18336229e+05  1.61e-01 1.63e-03  2.59e+00     1s
  15   3.22716923e+04 -9.33653160e+04  1.16e-01 1.16e-03  1.89e+00     1s
  16   2.61560200e+04 -6.64947171e+04  8.21e-02 7.35e-04  1.29e+00     2s
  17   2.03625039e+04 -4.35092794e+04  5.14e-02 4.40e-04  8.17e-01     2s
  18   1.53676855e+04 -2.34582393e+04  2.59e-02 2.32e-04  4.47e-01     2s
  19   1.29563785e+04 -9.53928433e+03  1.43e-02 1.16e-04  2.43e-01     2s
  20   1.11910887e+04  1.55148779e+03  6.00e-03 4.10e-05  9.79e-02     2s
  21   1.02780802e+04  5.74495086e+03  2.18e-03 1.69e-05  4.30e-02     2s
  22   9.88012047e+03  8.20408075e+03  9.20e-04 5.79e-06  1.55e-02     2s
  23   9.67064998e+03  9.06910722e+03  3.54e-04 1.35e-05  5.48e-03     2s
  24   9.57797595e+03  9.45102453e+03  1.07e-04 2.18e-05  1.16e-03     2s
  25   9.54426003e+03  9.50199523e+03  1.09e-05 6.14e-05  3.77e-04     2s
  26   9.53632127e+03  9.52541934e+03  1.23e-06 6.90e-06  9.66e-05     2s
  27   9.53507177e+03  9.52959302e+03  4.77e-07 4.20e-06  4.85e-05     2s
  28   9.53455957e+03  9.53252062e+03  1.76e-07 1.54e-06  1.81e-05     2s
  29   9.53435111e+03  9.53378593e+03  4.40e-08 1.65e-07  4.99e-06     3s
  30   9.53431216e+03  9.53417719e+03  1.21e-08 5.79e-08  1.19e-06     3s
  31   9.53429973e+03  9.53424162e+03  1.01e-06 1.15e-03  5.16e-07     3s
  32   9.53429841e+03  9.53428455e+03  4.35e-07 1.65e-03  1.24e-07     3s
  33   9.53430821e+03  9.53428466e+03  2.55e-05 4.09e-03  1.21e-07     4s
  34   9.53430368e+03  9.53428573e+03  1.39e-05 4.89e-03  1.11e-07     4s
  35   9.53430075e+03  9.53428602e+03  6.35e-06 1.14e-03  1.08e-07     4s

Barrier solved model in 35 iterations and 4.44 seconds (2.08 work units)
Optimal objective 9.53430075e+03


User-callback calls 168, time in user-callback 0.03 sec
GUROBI_OPTION Threads=0
CENTRAL_GUROBI system=ieee2522C_1ph T=6 profile=periodic C_B=1.900000e-03 gamma=3.290000e+04 status=OPTIMAL iterations=35 objective=9534.300751967088 solve_time_s=4.464 build_s=6.720 wall_s=13.840 variables=65004 solver=13.0.0
CENTRAL_GUROBI_MEMORY maxrss_mib=771.7
CENTRAL_GUROBI_BATTERY at_power_limit=0.000 mean_utilization=0.204 energy_window_used=1.000 throughput_pu_h=6.500117e+00 energy_term=9.491451e+03 cb_term=2.223343e+01 terminal_term=2.061417e+01
