QUIET_WAIT waited_s=18 other_cores=0.23 timed_out=0
Set parameter Username
Set parameter LicenseID to value 2866376
Academic license - for non-commercial use only - expires 2027-09-22
Set parameter LogFile to value "ddp/results/gurobi_matched/logs/gurobi_t1_ieee2522C_1ph_T24_gurobilog.txt"
Set parameter Threads to value 1
Set parameter Threads to value 1
Set parameter LogFile to value "ddp/results/gurobi_matched/logs/gurobi_t1_ieee2522C_1ph_T24_gurobilog.txt"
Gurobi Optimizer version 13.0.0 build v13.0.0rc1 (win64 - Windows 11+.0 (26200.2))

CPU model: Intel(R) Core(TM) i9-10900X CPU @ 3.70GHz, instruction set [SSE2|AVX|AVX2|AVX512]
Thread count: 10 physical cores, 20 logical processors, using up to 1 threads

Non-default parameters:
Threads  1

Optimize a model with 187560 rows, 260016 columns and 695247 nonzeros (Min)
Model fingerprint: 0x903a77cb
Model has 273 linear objective coefficients and an objective constant of 1.4806295851834354e+03
Model has 6225 quadratic objective terms
Model has 60504 quadratic constraints
Coefficient statistics:
  Matrix range     [5e-11, 1e+00]
  QMatrix range    [1e+00, 1e+00]
  Objective range  [8e+01, 1e+03]
  QObjective range [4e+03, 7e+04]
  Bounds range     [3e-03, 1e+00]
  RHS range        [5e-19, 1e+00]
Presolve removed 1665 rows and 2265 columns
Presolve time: 0.49s
Presolved: 313129 rows, 378761 columns, 1059176 nonzeros
Presolved model has 60505 second-order cone constraints
Ordering time: 0.26s

Barrier statistics:
 Dense cols : 1
 AA' NZ     : 1.568e+06
 Factor NZ  : 4.481e+06 (roughly 300 MB of memory)
 Factor Ops : 1.409e+08 (less than 1 second per iteration)
 Threads    : 1

                  Objective                Residual
Iter       Primal          Dual         Primal    Dual     Compl     Time
   0   2.98295513e+03 -9.47155262e+05  2.35e+02 6.71e+01  4.33e+03     1s
   1   2.72954442e+05 -1.60588689e+06  1.57e+02 3.50e+01  2.80e+03     2s
   2   4.37947822e+05 -1.84414441e+06  7.65e+01 2.70e+01  1.50e+03     2s
   3   3.87888819e+05 -2.25017934e+06  4.44e+01 1.56e+01  8.59e+02     3s
   4   4.40466102e+05 -2.66419370e+06  2.58e+01 7.20e+00  4.96e+02     3s
   5   3.89912305e+05 -2.93441349e+06  1.03e+01 2.30e+00  1.92e+02     4s
   6   3.30075383e+05 -2.83192573e+06  5.70e+00 5.67e-01  9.47e+01     4s
   7   2.23161075e+05 -2.51940733e+06  2.56e+00 1.18e-01  4.13e+01     5s
   8   1.30303180e+05 -1.50419477e+06  1.00e+00 7.26e-03  1.47e+01     5s
   9   8.01380538e+04 -1.09349319e+06  4.19e-01 3.23e-03  6.60e+00     5s
  10   6.15767684e+04 -7.83918394e+05  2.45e-01 1.84e-03  3.83e+00     6s
  11   4.94132672e+04 -6.46028688e+05  1.67e-01 1.42e-03  2.76e+00     6s
  12   4.13546689e+04 -5.24139323e+05  1.27e-01 1.07e-03  2.11e+00     6s
  13   3.26455339e+04 -4.08930700e+05  8.79e-02 7.77e-04  1.52e+00     7s
  14   2.38847074e+04 -2.86257884e+05  5.24e-02 4.98e-04  9.65e-01     7s
  15   1.40070345e+04 -1.56213971e+05  1.47e-02 2.39e-04  4.34e-01     8s
  16   1.17471515e+04 -5.05934252e+04  6.52e-03 7.19e-05  1.54e-01     8s
  17   1.10995521e+04 -3.93822458e+04  4.15e-03 6.33e-05  1.20e-01     8s
  18   1.08540332e+04 -3.54570993e+04  3.38e-03 5.77e-05  1.08e-01     9s
  19   1.07932156e+04 -3.08664024e+04  3.17e-03 5.23e-05  9.70e-02     9s
  20   1.07374437e+04 -2.69245102e+04  2.99e-03 4.65e-05  8.75e-02     9s
  21   1.05617281e+04 -1.17196163e+04  2.52e-03 4.38e-05  5.14e-02    10s
  22   1.01379465e+04 -2.08145621e+03  1.47e-03 1.98e-05  2.75e-02    10s
  23   9.69953114e+03  3.02298814e+03  6.96e-04 2.99e-05  1.47e-02    11s
  24   9.35710137e+03  7.42975604e+03  3.87e-04 9.64e-06  4.23e-03    11s
  25   9.03195243e+03  8.37400829e+03  6.93e-05 1.51e-06  1.43e-03    11s
  26   8.95533317e+03  8.74664721e+03  2.71e-05 1.93e-06  4.53e-04    12s
  27   8.93268754e+03  8.82935056e+03  1.39e-05 1.65e-06  2.24e-04    12s
  28   8.92414886e+03  8.85827048e+03  8.63e-06 2.81e-06  1.43e-04    12s
  29   8.92104724e+03  8.87169307e+03  6.63e-06 1.44e-05  1.07e-04    13s
  30   8.91685923e+03  8.88208074e+03  3.81e-06 1.41e-05  7.54e-05    14s
  31   8.91498378e+03  8.89257990e+03  2.67e-06 9.20e-06  4.86e-05    14s
  32   8.91300906e+03  8.90248931e+03  1.28e-06 2.22e-06  2.28e-05    15s
  33   8.91186360e+03  8.90549507e+03  6.45e-07 2.76e-06  1.38e-05    15s
  34   8.91118580e+03  8.90861202e+03  1.81e-07 1.07e-06  5.57e-06    16s
  35   8.91098737e+03  8.90961138e+03  9.01e-08 5.52e-07  2.98e-06    16s
  36   8.91085105e+03  8.91026372e+03  1.66e-08 2.45e-07  1.27e-06    17s
  37   8.91080600e+03  8.91071611e+03  2.54e-08 4.97e-06  1.94e-07    20s
  38   8.91079564e+03  8.91077274e+03  5.10e-08 3.41e-05  4.94e-08    21s
  39   8.91079384e+03  8.91077799e+03  7.13e-08 5.95e-04  3.42e-08    22s
  40   8.91079330e+03  8.91077804e+03  2.71e-07 2.55e-04  3.29e-08    23s
  41   8.91079319e+03  8.91077823e+03  1.71e-07 6.01e-04  3.23e-08    23s
  42   8.91079317e+03  8.91077834e+03  4.93e-07 1.44e-03  3.20e-08    25s
  43   8.91079316e+03  8.91077835e+03  1.29e-06 2.97e-03  3.19e-08    26s
  44   8.91079315e+03  8.91077836e+03  3.42e-06 5.98e-03  3.19e-08    27s
  45   8.91079318e+03  8.91077837e+03  9.26e-06 3.54e-04  3.19e-08    28s

Barrier solved model in 45 iterations and 28.44 seconds (12.87 work units)
Optimal objective 8.91079318e+03


User-callback calls 735, time in user-callback 0.03 sec
GUROBI_OPTION Threads=1
CENTRAL_GUROBI system=ieee2522C_1ph T=24 profile=periodic C_B=1.900000e-03 gamma=3.290000e+04 status=OPTIMAL iterations=45 objective=8910.793177972731 solve_time_s=28.474 build_s=10.343 wall_s=42.549 variables=260016 solver=13.0.0
CENTRAL_GUROBI_MEMORY maxrss_mib=1287.2
CENTRAL_GUROBI_BATTERY at_power_limit=0.035 mean_utilization=0.330 energy_window_used=0.999 throughput_pu_h=1.045347e+01 energy_term=8.822622e+03 cb_term=6.513074e+01 terminal_term=2.304080e+01
