# tADMM live log — ieee123C_1ph T=96, ρ_init=1000.0, adaptive=true
# k, objective, r_norm, s_norm, rho, sp_max, sp_med, elapsed_s, event
# tADMM live log — ieee123C_1ph T=96, ρ_init=1000.0, adaptive=true
# k, objective, r_norm, s_norm, rho, sp_max, sp_med, elapsed_s, event
1,1322.331027,1.2801505435e-03,9.2153313647e-02,1000.00,4.7060,3.7985,34.49,
2,1322.331048,1.2774541494e-03,1.0772401078e-01,1000.00,2.3790,1.6015,46.57,
3,1322.331055,1.2736764238e-03,1.2406500542e-01,1000.00,2.9260,1.8000,59.00,
4,1322.331049,1.2697764121e-03,1.3817542154e-01,1000.00,3.2290,1.6805,70.59,
5,1322.331050,1.2663950747e-03,1.5097241992e-01,2000.00,2.8890,1.8250,83.20,
6,1322.331050,1.2643658656e-03,1.8257686600e-01,2000.00,5.2800,1.9645,96.80,
7,1322.331072,1.2619908180e-03,2.1672673114e-01,2000.00,5.4570,1.9300,110.95,
8,1322.334265,1.2593545166e-03,2.4987731989e-01,2000.00,6.1000,2.0980,126.34,
9,1322.331205,1.2568365900e-03,2.8122658604e-01,2000.00,5.3170,1.8205,140.07,
10,1322.331282,1.2540008421e-03,3.1072839802e-01,4000.00,5.4430,1.8210,154.19,
11,1322.331343,1.2523646062e-03,3.7033496769e-01,4000.00,5.5760,1.7865,166.94,
12,1322.331318,1.2504791240e-03,4.2954321967e-01,4000.00,3.1520,1.8120,179.46,
13,1322.331433,1.2483901716e-03,4.8689777492e-01,4000.00,4.2200,1.8275,192.03,
14,1322.331446,1.2461433610e-03,5.4205901035e-01,4000.00,5.1920,1.8145,204.41,
15,1322.331422,1.2437642837e-03,5.9511976010e-01,8000.00,3.8140,2.0185,218.13,
16,1322.331512,1.2423724595e-03,7.0150203050e-01,8000.00,5.5500,2.3630,234.68,
17,1330.690732,1.2286569749e-03,8.0918209582e-01,8000.00,5.4400,2.2130,251.07,
18,1386.550690,1.1763825355e-03,9.2290104754e-01,8000.00,6.8520,1.8015,267.69,
19,1458.130949,1.1212857046e-03,1.0378557145e+00,8000.00,6.7560,2.8750,290.71,
20,1530.437559,1.0712024329e-03,1.1461782530e+00,16000.00,7.2840,2.8635,314.05,
21,1636.979131,9.9403177038e-04,1.2878469395e+00,16000.00,5.4950,2.0510,331.42,
22,1809.015955,8.9009475026e-04,1.3218587244e+00,16000.00,8.7880,2.8585,354.58,
23,2051.743262,7.4065980592e-04,1.3660359641e+00,16000.00,7.0530,2.6195,376.09,
24,2304.158064,5.9527072024e-04,1.3805649069e+00,16000.00,6.4370,2.9915,398.19,
25,2478.220859,4.9268844209e-04,1.3411535420e+00,8000.00,6.4310,2.9500,419.17,
26,2585.099999,4.1632499014e-04,1.2784251819e+00,8000.00,4.4800,2.7765,437.96,
27,2635.868016,3.8996475472e-04,1.1871314334e+00,8000.00,4.8970,2.4870,454.65,
28,2661.809140,3.7178771879e-04,1.0987526670e+00,8000.00,3.6300,2.3665,471.87,
29,2694.537930,3.4644120598e-04,1.0194249490e+00,8000.00,3.9370,2.5610,488.42,
30,2749.922798,2.9536883836e-04,9.6147755861e-01,4000.00,3.8090,2.4420,504.97,
31,2775.564486,2.8090455492e-04,9.2608669571e-01,4000.00,6.3150,2.6310,522.69,
32,2777.168314,2.7468890338e-04,8.8797862864e-01,4000.00,4.4590,2.5750,539.54,
33,2779.481904,2.7085027017e-04,8.7296903931e-01,4000.00,4.1800,2.5580,556.78,
34,2781.735236,2.6778132036e-04,8.6607105863e-01,4000.00,4.0980,2.5630,574.23,
35,2784.613884,2.6091077974e-04,8.6710428513e-01,2000.00,3.7380,2.5985,591.28,
36,2783.051207,2.5424760850e-04,8.5999532002e-01,2000.00,5.8540,2.6180,609.03,
37,2782.436818,2.4733054972e-04,8.5164927610e-01,2000.00,4.1230,2.4610,625.27,
38,2783.627993,2.3843371936e-04,8.5132216102e-01,2000.00,6.9180,2.6180,642.77,
39,2787.429771,2.2744440492e-04,8.5030908568e-01,2000.00,4.8530,2.9370,661.92,
40,2788.713100,2.1958211279e-04,8.4895691231e-01,1000.00,5.0160,2.8300,680.36,
41,2782.436600,2.1200755992e-04,8.4432565234e-01,1000.00,3.0620,2.0435,694.24,
42,2773.445421,2.0834638074e-04,8.3836392491e-01,1000.00,3.8220,2.0955,708.09,
43,2769.426647,2.0536164624e-04,8.1393418615e-01,1000.00,4.4050,2.1530,722.72,
44,2765.846613,1.9967863653e-04,7.8097874830e-01,1000.00,3.3650,2.2325,737.24,
45,2763.060538,1.9384511033e-04,7.3815604828e-01,500.00,3.3210,2.1875,751.87,
46,2760.578974,1.8913359820e-04,6.6367809320e-01,500.00,3.5770,2.2415,766.65,
47,2762.023634,1.8787069276e-04,5.5348903896e-01,500.00,4.1570,2.2730,781.50,
48,2765.607863,1.8592595720e-04,4.2929797820e-01,500.00,4.5100,2.2330,796.25,
49,2770.680282,1.8395797119e-04,3.3855177979e-01,500.00,3.7490,2.1720,810.74,
50,2776.755542,1.8040588149e-04,2.8142616623e-01,250.00,3.5370,2.0270,825.61,
51,2780.863336,1.8843030643e-04,2.1954908499e-01,250.00,3.7820,2.1640,840.60,
52,2788.604916,2.0194208948e-04,1.6755726216e-01,250.00,3.6340,2.0140,854.68,
53,2801.561780,2.0628294841e-04,1.3099676247e-01,250.00,4.0350,1.9395,868.83,
54,2812.793085,2.1261644008e-04,1.0136540426e-01,250.00,4.2040,1.9900,882.56,
55,2823.182325,2.0883972868e-04,7.8022751870e-02,125.00,3.9860,1.9060,896.01,
56,2837.914077,2.0526700527e-04,5.7024254341e-02,125.00,3.5670,1.8445,909.33,
57,2843.448729,1.9111451665e-04,3.9134963646e-02,125.00,3.2660,1.7580,921.60,
58,2845.662330,1.7501520724e-04,2.8290605000e-02,125.00,3.1570,1.8475,934.21,
59,2844.243106,1.5718043794e-04,2.3957417174e-02,125.00,2.8990,1.8200,946.86,
60,2842.294024,1.4853201008e-04,2.5161664065e-02,62.50,3.0890,1.9570,959.87,
61,2840.277907,1.6444084573e-04,2.2601742379e-02,62.50,3.3610,1.9785,973.66,
62,2837.590989,1.7399918361e-04,1.8156316087e-02,62.50,4.6320,2.9105,992.55,
63,2834.139543,1.7323194909e-04,1.3984448185e-02,62.50,3.2760,2.0645,1006.38,
64,2827.836234,1.4908697169e-04,1.1065314439e-02,62.50,3.9090,2.0145,1020.23,
65,2821.093782,1.5338970456e-04,8.4148329176e-03,31.25,2.9120,1.9095,1033.07,
66,2816.205097,1.6984515146e-04,5.8866928125e-03,31.25,3.3770,2.0500,1046.99,
67,2813.904540,1.6983689492e-04,4.5808529568e-03,31.25,3.9990,1.9140,1060.07,
68,2813.938855,1.5228655454e-04,4.4330053228e-03,31.25,3.2580,1.9345,1073.34,
69,2815.479797,1.3683540349e-04,4.6861603631e-03,31.25,3.2790,1.9840,1086.57,
70,2816.828667,1.2567885085e-04,4.6778323000e-03,15.62,3.3680,2.0485,1099.76,
71,2819.466971,1.2543774349e-04,4.0987940757e-03,15.62,3.2320,1.9520,1112.67,
72,2821.370018,1.3286846603e-04,3.2339869723e-03,15.62,3.3190,1.9915,1125.84,
73,2822.919313,1.3766309998e-04,2.3846859258e-03,15.62,3.0940,1.9370,1139.02,
74,2823.658502,1.5325235535e-04,1.7149106152e-03,15.62,4.1310,2.0405,1152.43,
75,2823.166682,1.6546458369e-04,1.2353776262e-03,7.81,3.4100,1.8920,1165.40,
76,2823.528723,1.7625395870e-04,1.0500832890e-03,7.81,3.7250,1.9775,1178.87,
77,2822.223284,1.6981559430e-04,1.0340526379e-03,7.81,3.1880,1.9940,1192.48,
78,2820.575558,1.5568464459e-04,1.1376473567e-03,7.81,4.0790,2.1725,1206.82,
79,2820.542394,1.3709497946e-04,1.2055619550e-03,7.81,3.9350,2.1605,1220.73,
80,2817.752752,1.2735360077e-04,1.1763774475e-03,3.91,4.1670,2.1985,1235.24,
81,2815.255102,1.2667711102e-04,1.0281215231e-03,3.91,3.3100,2.0005,1248.89,
82,2812.406374,1.3827715177e-04,8.1599765287e-04,3.91,4.0480,2.2570,1263.90,
# CONVERGED at k=82 (r=1.38e-04 <= 1.00e-03, s=8.16e-04 <= 1.00e-03)
# Final objective: $2812.406374
