
******************************************************************************
This program contains Ipopt, a library for large-scale nonlinear optimization.
 Ipopt is released as open source code under the Eclipse Public License (EPL).
         For more information visit https://github.com/coin-or/Ipopt
******************************************************************************

This is Ipopt version 3.14.19, running with linear solver MUMPS 5.8.2.

Number of nonzeros in equality constraint Jacobian...:  2297990
Number of nonzeros in inequality constraint Jacobian.:  1282176
Number of nonzeros in Lagrangian Hessian.............:   750048

Total number of variables............................:  1040352
                     variables with only lower bounds:   242112
                variables with lower and upper bounds:        0
                     variables with only upper bounds:        0
Total number of equality constraints.................:   750336
Total number of inequality constraints...............:   556128
        inequality constraints with only lower bounds:        0
   inequality constraints with lower and upper bounds:   314112
        inequality constraints with only upper bounds:   242016

iter    objective    inf_pr   inf_du lg(mu)  ||d||  lg(rg) alpha_du alpha_pr  ls
   0  3.3599966e+01 1.10e+00 3.87e+00  -1.0 0.00e+00    -  0.00e+00 0.00e+00   0
   1  1.7032688e+02 1.09e+00 1.03e+01  -1.0 9.74e+00    -  1.03e-03 1.19e-02f  1
   2  2.7265368e+02 1.08e+00 1.02e+01  -1.0 3.18e+00    -  1.69e-02 1.31e-02f  1
   3  3.2404044e+02 1.07e+00 2.20e+01  -1.0 2.89e+00    -  2.24e-02 7.32e-03f  1
   4  3.8503446e+02 1.06e+00 3.05e+01  -1.0 3.69e+00    -  1.15e-02 9.14e-03f  1
   5  4.1362109e+02 1.05e+00 2.80e+01  -1.0 8.14e+00    -  4.16e-03 4.36e-03f  1
   6  4.3751931e+02 1.05e+00 1.13e+01  -1.0 1.39e+01    -  2.46e-03 3.11e-03f  1
   7  4.6100867e+02 1.05e+00 1.82e+01  -1.0 2.21e+01    -  2.46e-03 2.75e-03f  1
   8  4.8525770e+02 1.04e+00 8.31e+01  -1.0 1.98e+01    -  4.17e-03 2.83e-03f  1
   9  5.7021711e+02 1.03e+00 1.42e+02  -1.0 1.81e+01    -  5.33e-03 1.04e-02f  1
iter    objective    inf_pr   inf_du lg(mu)  ||d||  lg(rg) alpha_du alpha_pr  ls
  10  6.2830429e+02 1.03e+00 1.69e+02  -1.0 1.54e+01    -  6.47e-03 7.39e-03f  1
  11  7.1530790e+02 1.01e+00 2.54e+02  -1.0 1.63e+01    -  8.70e-03 1.09e-02f  1
  12  9.4724586e+02 9.85e-01 6.26e+02  -1.0 1.54e+01    -  1.55e-02 2.92e-02f  1
  13  1.1414369e+03 9.60e-01 6.09e+02  -1.0 1.20e+01    -  3.93e-02 2.53e-02f  1
  14  1.3831162e+03 9.29e-01 6.29e+02  -1.0 1.11e+01    -  5.35e-02 3.23e-02f  1
  15  1.5589125e+03 9.06e-01 5.92e+02  -1.0 9.87e+00    -  1.16e-02 2.44e-02f  1
  16  1.6757468e+03 8.91e-01 5.56e+02  -1.0 5.35e+01    -  3.17e-03 1.66e-02f  1
  17  1.7476335e+03 8.82e-01 5.17e+02  -1.0 7.11e+02    -  1.22e-03 1.04e-02f  1
  18  1.8356455e+03 8.70e-01 3.15e+02  -1.0 8.05e+00   0.0 3.72e-02 1.30e-02f  1
  19  1.9210431e+03 8.59e-01 3.03e+02  -1.0 1.65e+01  -0.5 1.72e-02 1.27e-02f  1
iter    objective    inf_pr   inf_du lg(mu)  ||d||  lg(rg) alpha_du alpha_pr  ls
  20  1.9943905e+03 8.50e-01 2.91e+02  -1.0 9.65e+01  -1.0 7.54e-03 1.11e-02f  1
  21  2.0614575e+03 8.41e-01 3.96e+02  -1.0 2.12e+01  -0.5 2.12e-02 1.02e-02f  1
  22  2.1307559e+03 8.32e-01 5.16e+02  -1.0 1.08e+01  -0.1 1.66e-02 1.07e-02f  1
  23  2.2418164e+03 8.17e-01 4.46e+02  -1.0 2.71e+01  -0.6 1.30e-02 1.73e-02f  1
  24  2.3314923e+03 8.06e-01 6.97e+02  -1.0 1.33e+01  -0.2 2.60e-02 1.43e-02f  1
  25  2.4822723e+03 7.86e-01 6.98e+02  -1.0 2.93e+01  -0.6 2.55e-02 2.42e-02f  1
  26  2.5679178e+03 7.75e-01 6.99e+02  -1.0 1.60e+01  -0.2 1.46e-02 1.41e-02f  1
  27  2.7018038e+03 7.58e-01 6.80e+02  -1.0 3.15e+01  -0.7 2.21e-02 2.23e-02f  1
  28  2.7772471e+03 7.48e-01 6.59e+02  -1.0 1.87e+01  -0.3 1.26e-02 1.29e-02f  1
  29  2.8960875e+03 7.33e-01 6.61e+02  -1.0 3.35e+01  -0.7 2.12e-02 2.06e-02f  1
iter    objective    inf_pr   inf_du lg(mu)  ||d||  lg(rg) alpha_du alpha_pr  ls
  30  2.9265921e+03 7.29e-01 6.07e+02  -1.0 1.89e+02  -1.2 9.02e-03 5.47e-03f  1
  31  3.0220470e+03 7.16e-01 6.16e+02  -1.0 3.48e+01  -0.8 1.77e-02 1.69e-02f  1
  32  3.1093035e+03 7.05e-01 6.10e+02  -1.0 8.77e+01  -1.3 1.97e-02 1.59e-02f  1
  33  3.1702633e+03 6.97e-01 7.42e+02  -1.0 3.96e+01  -0.8 1.62e-02 1.12e-02f  1
  34  3.2852317e+03 6.82e-01 7.54e+02  -1.0 6.22e+01  -1.3 2.59e-02 2.14e-02f  1
  35  3.3948020e+03 6.68e-01 7.66e+02  -1.0 4.21e+01  -0.9 2.19e-02 2.08e-02f  1
  36  3.5504845e+03 6.48e-01 8.09e+02  -1.0 5.25e+01  -1.4 4.12e-02 3.01e-02f  1
  37  3.5906562e+03 6.43e-01 8.22e+02  -1.0 4.80e+02  -1.8 5.05e-03 7.96e-03f  1
  38  3.8597584e+03 6.08e-01 7.54e+02  -1.0 4.85e+01  -1.4 4.92e-02 5.41e-02f  1
  39  3.9964161e+03 5.90e-01 7.84e+02  -1.0 1.50e+02  -1.9 1.71e-02 2.89e-02f  1
iter    objective    inf_pr   inf_du lg(mu)  ||d||  lg(rg) alpha_du alpha_pr  ls
  40  4.1886432e+03 5.65e-01 7.96e+02  -1.0 4.25e+01  -1.5 5.79e-02 4.23e-02f  1
  41  4.3565211e+03 5.44e-01 8.26e+02  -1.0 1.06e+02  -1.9 2.51e-02 3.84e-02f  1
  42  4.4253281e+03 5.35e-01 8.64e+02  -1.0 6.06e+02  -2.4 8.47e-03 1.61e-02f  1
  43  4.5746759e+03 5.16e-01 8.51e+02  -1.0 9.48e+01  -2.0 3.21e-02 3.62e-02f  1
  44  4.6025893e+03 5.12e-01 8.00e+02  -1.0 4.72e+02  -2.5 1.47e-02 6.92e-03f  1
  45  4.7547410e+03 4.92e-01 7.61e+02  -1.0 1.10e+02  -2.0 4.04e-02 3.86e-02f  1
  46  4.7936725e+03 4.87e-01 7.38e+02  -1.0 4.57e+02  -2.5 1.25e-02 1.01e-02f  1
  47  4.9481212e+03 4.67e-01 6.66e+02  -1.0 1.14e+02  -2.1 4.96e-02 4.12e-02f  1
  48  4.9791015e+03 4.63e-01 6.50e+02  -1.0 4.44e+02  -2.6 1.03e-02 8.48e-03f  1
  49  5.1190823e+03 4.45e-01 5.93e+02  -1.0 1.11e+02  -2.1 4.57e-02 3.94e-02f  1
iter    objective    inf_pr   inf_du lg(mu)  ||d||  lg(rg) alpha_du alpha_pr  ls
  50  5.1431349e+03 4.42e-01 5.02e+02  -1.0 4.50e+02  -2.6 2.22e-02 6.91e-03f  1
  51  5.3058903e+03 4.21e-01 4.53e+02  -1.0 1.17e+02  -2.2 5.33e-02 4.81e-02f  1
  52  5.3379983e+03 4.17e-01 3.78e+02  -1.0 4.44e+02  -2.7 2.26e-02 9.70e-03f  1
  53  5.4787713e+03 3.98e-01 3.14e+02  -1.0 1.23e+02  -2.2 5.41e-02 4.40e-02f  1
  54  5.5029484e+03 3.95e-01 3.10e+02  -1.0 4.40e+02  -2.7 7.92e-03 7.64e-03f  1
  55  5.6312336e+03 3.79e-01 4.52e+02  -1.0 1.28e+02  -2.3 7.98e-03 4.21e-02f  1
  56  5.6763407e+03 3.73e-01 4.43e+02  -1.0 4.34e+02  -2.8 1.55e-02 1.50e-02f  1
  57  5.7753815e+03 3.60e-01 4.79e+02  -1.0 1.68e+02  -2.4 2.29e-02 3.47e-02f  1
  58  5.7947765e+03 3.57e-01 4.43e+02  -1.0 4.12e+02  -2.8 1.43e-02 6.90e-03f  1
  59  5.9049262e+03 3.43e-01 5.10e+02  -1.0 1.72e+02  -2.4 1.97e-02 4.05e-02f  1
iter    objective    inf_pr   inf_du lg(mu)  ||d||  lg(rg) alpha_du alpha_pr  ls
  60  5.9614368e+03 3.36e-01 5.27e+02  -1.0 4.08e+02  -2.9 1.45e-02 2.13e-02f  1
  61  6.0729711e+03 3.21e-01 5.89e+02  -1.0 1.65e+02  -2.5 2.30e-02 4.40e-02f  1
  62  6.1047444e+03 3.17e-01 5.56e+02  -1.0 3.74e+02  -2.9 1.90e-02 1.29e-02f  1
  63  6.1736898e+03 3.08e-01 5.35e+02  -1.0 1.65e+02  -2.5 3.03e-02 2.91e-02f  1
  64  6.2076195e+03 3.03e-01 5.21e+02  -1.0 3.79e+02  -3.0 1.59e-02 1.45e-02f  1
  65  6.2936121e+03 2.91e-01 5.34e+02  -1.0 1.73e+02  -2.6 2.99e-02 3.83e-02f  1
  66  6.3197929e+03 2.88e-01 5.17e+02  -1.0 3.90e+02  -3.0 1.46e-02 1.19e-02f  1
  67  6.3605627e+03 2.82e-01 4.90e+02  -1.0 1.99e+02  -2.6 2.41e-02 1.93e-02f  1
  68  6.3803662e+03 2.80e-01 4.72e+02  -1.0 4.27e+02  -3.1 1.30e-02 9.29e-03f  1
  69  6.4293861e+03 2.73e-01 4.79e+02  -1.0 2.24e+02  -2.7 1.87e-02 2.39e-02f  1
iter    objective    inf_pr   inf_du lg(mu)  ||d||  lg(rg) alpha_du alpha_pr  ls
  70  6.4457083e+03 2.71e-01 4.51e+02  -1.0 4.69e+02  -3.1 1.48e-02 7.89e-03f  1
  71  6.4653291e+03 2.68e-01 3.82e+02  -1.0 2.57e+02  -2.7 2.81e-02 9.84e-03f  1
  72  6.4842971e+03 2.66e-01 3.79e+02  -1.0 5.77e+02  -3.2 9.48e-03 9.45e-03f  1
  73  6.5090962e+03 2.62e-01 3.76e+02  -1.0 3.29e+02  -2.8 1.23e-02 1.30e-02f  1
  74  6.5211024e+03 2.61e-01 4.48e+02  -1.0 6.37e+02  -3.2 1.17e-02 6.12e-03f  1
  75  6.5435046e+03 2.58e-01 6.87e+02  -1.0 3.58e+02  -2.8 2.11e-02 1.19e-02f  1
  76  6.5520931e+03 2.56e-01 7.63e+02  -1.0 7.06e+02  -3.3 7.71e-03 4.44e-03f  1
  77  6.5856379e+03 2.52e-01 6.78e+02  -1.0 3.69e+02  -2.9 1.56e-02 1.80e-02f  1
  78  6.6017790e+03 2.50e-01 6.75e+02  -1.0 8.54e+02  -3.3 8.66e-03 8.53e-03f  1
  79  6.6412440e+03 2.44e-01 4.76e+02  -1.0 4.41e+02  -2.9 1.61e-02 2.18e-02f  1
iter    objective    inf_pr   inf_du lg(mu)  ||d||  lg(rg) alpha_du alpha_pr  ls
  80  6.6521576e+03 2.43e-01 6.28e+02  -1.0 9.36e+02  -3.4 1.19e-02 5.92e-03f  1
  81  6.6868152e+03 2.38e-01 4.49e+02  -1.0 4.72e+02  -3.0 1.45e-02 1.96e-02f  1
  82  6.7165099e+03 2.34e-01 4.21e+02  -1.0 1.06e+03  -3.4 1.56e-02 1.64e-02f  1
  83  6.7324446e+03 2.32e-01 6.42e+02  -1.0 4.90e+02  -3.0 1.63e-02 9.30e-03f  1
  84  6.7527488e+03 2.29e-01 5.39e+02  -1.0 9.85e+02  -3.5 7.54e-03 1.15e-02f  1
  85  6.7705186e+03 2.27e-01 6.14e+02  -1.0 5.04e+02  -3.1 1.30e-02 1.05e-02f  1
  86  6.8004693e+03 2.23e-01 5.32e+02  -1.0 1.60e+03  -3.5 1.40e-02 1.71e-02f  1
  87  6.8112647e+03 2.22e-01 8.14e+02  -1.0 5.26e+02  -3.1 1.62e-02 6.36e-03f  1
  88  6.8368467e+03 2.18e-01 6.31e+02  -1.0 1.62e+03  -3.6 6.15e-03 1.48e-02f  1
  89  6.8472849e+03 2.17e-01 9.97e+02  -1.0 5.46e+02  -3.2 2.00e-02 6.19e-03f  1
iter    objective    inf_pr   inf_du lg(mu)  ||d||  lg(rg) alpha_du alpha_pr  ls
  90  6.8664840e+03 2.15e-01 9.01e+02  -1.0 2.79e+03  -3.6 4.60e-03 1.13e-02f  1
  91  6.8803379e+03 2.13e-01 1.08e+03  -1.0 5.58e+02  -3.2 1.81e-02 8.29e-03f  1
  92  6.8940619e+03 2.11e-01 9.89e+02  -1.0 5.74e+03  -3.7 2.83e-03 8.29e-03f  1
  93  6.9114388e+03 2.09e-01 9.72e+02  -1.0 5.74e+02  -3.3 1.03e-02 1.06e-02f  1
  94  6.9200766e+03 2.08e-01 9.84e+02  -1.0 3.92e+02  -2.8 6.10e-03 5.55e-03f  1
  95  6.9372463e+03 2.05e-01 1.11e+03  -1.0 5.94e+02  -3.3 1.73e-02 1.08e-02f  1
  96  6.9478499e+03 2.04e-01 1.15e+03  -1.0 4.07e+02  -2.9 8.65e-03 6.94e-03f  1
  97  6.9651718e+03 2.02e-01 1.27e+03  -1.0 6.07e+02  -3.4 1.82e-02 1.13e-02f  1
  98  6.9787161e+03 2.00e-01 1.23e+03  -1.0 4.28e+02  -2.9 8.07e-03 9.17e-03f  1
  99  7.0063620e+03 1.96e-01 1.19e+03  -1.0 6.30e+02  -3.4 1.79e-02 1.87e-02f  1
iter    objective    inf_pr   inf_du lg(mu)  ||d||  lg(rg) alpha_du alpha_pr  ls
 100  7.0142575e+03 1.95e-01 1.40e+03  -1.0 4.53e+02  -3.0 1.37e-02 5.56e-03f  1
 101  7.0502557e+03 1.90e-01 1.15e+03  -1.0 6.74e+02  -3.5 1.33e-02 2.51e-02f  1
 102  7.0653283e+03 1.88e-01 1.33e+03  -1.0 4.79e+02  -3.1 1.84e-02 1.10e-02f  1
 103  7.0757907e+03 1.87e-01 1.33e+03  -1.0 7.27e+02  -3.5 7.97e-03 7.60e-03f  1
 104  7.0879861e+03 1.85e-01 1.51e+03  -1.0 5.13e+02  -3.1 1.63e-02 9.08e-03f  1
 105  7.1186532e+03 1.81e-01 1.13e+03  -1.0 7.74e+02  -3.6 6.02e-03 2.27e-02f  1
 106  7.1281239e+03 1.79e-01 1.39e+03  -1.0 5.58e+02  -3.2 1.66e-02 7.26e-03f  1
 107  7.1496130e+03 1.76e-01 1.52e+03  -1.0 8.50e+02  -3.6 2.30e-02 1.63e-02f  1
 108  7.1762801e+03 1.73e-01 1.27e+03  -1.0 6.38e+02  -3.2 1.38e-02 2.08e-02f  1
 109  7.1933266e+03 1.70e-01 1.42e+03  -1.0 9.94e+02  -3.7 1.94e-02 1.33e-02f  1
iter    objective    inf_pr   inf_du lg(mu)  ||d||  lg(rg) alpha_du alpha_pr  ls
 110  7.2083496e+03 1.68e-01 1.36e+03  -1.0 7.30e+02  -3.3 1.10e-02 1.21e-02f  1
 111  7.2268644e+03 1.66e-01 1.33e+03  -1.0 1.15e+03  -3.7 1.45e-02 1.48e-02f  1
 112  7.2427259e+03 1.64e-01 1.17e+03  -1.0 7.99e+02  -3.3 9.18e-03 1.29e-02f  1
 113  7.2600966e+03 1.61e-01 1.15e+03  -1.0 1.19e+03  -3.8 1.42e-02 1.41e-02f  1
 114  7.2930509e+03 1.57e-01 7.72e+02  -1.0 8.78e+02  -3.4 1.14e-02 2.69e-02f  1
 115  7.3071302e+03 1.55e-01 6.97e+02  -1.0 1.05e+03  -3.8 6.54e-03 1.12e-02f  1
 116  7.3263191e+03 1.53e-01 6.51e+02  -1.0 1.21e+03  -3.4 8.57e-03 1.49e-02f  1
 117  7.3364945e+03 1.52e-01 6.31e+02  -1.0 1.47e+03  -3.9 1.08e-02 7.84e-03f  1
 118  7.3551931e+03 1.50e-01 6.06e+02  -1.0 1.11e+03  -3.5 1.11e-02 1.46e-02f  1
 119  7.3665036e+03 1.48e-01 5.78e+02  -1.0 1.10e+03  -3.9 1.31e-02 9.24e-03f  1
iter    objective    inf_pr   inf_du lg(mu)  ||d||  lg(rg) alpha_du alpha_pr  ls
 120  7.3944906e+03 1.45e-01 5.78e+02  -1.0 1.01e+03  -3.5 1.47e-02 2.34e-02f  1
 121  7.4230163e+03 1.41e-01 5.58e+02  -1.0 9.55e+02  -4.0 2.68e-02 2.53e-02f  1
 122  7.4555298e+03 1.37e-01 5.09e+02  -1.0 6.14e+02  -3.6 3.38e-02 2.93e-02f  1
 123  7.4833667e+03 1.33e-01 5.81e+02  -1.0 8.31e+02  -4.0 2.06e-02 2.63e-02f  1
 124  7.5052087e+03 1.31e-01 5.71e+02  -1.0 5.76e+02  -3.6 4.04e-02 2.08e-02f  1
 125  7.5256584e+03 1.28e-01 6.76e+02  -1.0 8.48e+02  -4.1 4.15e-02 2.03e-02f  1
 126  7.5738225e+03 1.22e-01 5.44e+02  -1.0 5.63e+02  -3.7 1.60e-02 4.77e-02f  1
 127  7.6032123e+03 1.18e-01 5.96e+02  -1.0 7.83e+02  -4.1 5.22e-02 3.11e-02f  1
 128  7.6498706e+03 1.12e-01 6.20e+02  -1.0 5.30e+02  -3.7 2.32e-02 5.00e-02f  1
 129  7.6816163e+03 1.08e-01 5.69e+02  -1.0 6.65e+02  -4.2 6.18e-02 3.63e-02f  1
iter    objective    inf_pr   inf_du lg(mu)  ||d||  lg(rg) alpha_du alpha_pr  ls
 130  7.7056052e+03 1.05e-01 6.05e+02  -1.0 4.98e+02  -3.8 5.23e-02 2.80e-02f  1
 131  7.7825143e+03 9.52e-02 6.96e+02  -1.0 6.27e+02  -4.2 3.29e-02 9.35e-02f  1
 132  7.8280364e+03 8.95e-02 6.22e+02  -1.0 4.56e+02  -3.8 7.53e-02 6.02e-02f  1
 133  7.8469142e+03 8.71e-02 7.65e+02  -1.0 5.12e+02  -4.3 1.16e-01 2.68e-02f  1
 134  7.8623060e+03 8.51e-02 7.79e+02  -1.0 6.07e+02  -3.9 7.99e-02 2.26e-02f  1
 135  7.8736624e+03 8.38e-02 1.02e+03  -1.0 9.17e+02  -4.3 3.29e-03 1.60e-02f  1
 136  7.8885092e+03 8.20e-02 1.28e+03  -1.0 6.81e+02  -3.9 6.62e-03 2.13e-02f  1
 137  7.9018949e+03 8.03e-02 1.29e+03  -1.0 8.78e+02  -4.4 1.68e-02 1.99e-02f  1
 138  7.9176610e+03 7.84e-02 1.33e+03  -1.0 5.39e+02  -4.0 1.53e-02 2.42e-02f  1
 139  7.9361619e+03 7.61e-02 1.32e+03  -1.0 5.66e+02  -4.4 2.26e-02 2.93e-02f  1
iter    objective    inf_pr   inf_du lg(mu)  ||d||  lg(rg) alpha_du alpha_pr  ls
 140  7.9558710e+03 7.36e-02 1.28e+03  -1.0 4.26e+02  -4.0 2.81e-02 3.28e-02f  1
 141  7.9793913e+03 7.06e-02 1.21e+03  -1.0 6.14e+02  -4.5 3.58e-02 4.11e-02f  1
 142  7.9997932e+03 6.80e-02 1.17e+03  -1.0 3.17e+02  -4.1 3.86e-02 3.72e-02f  1
 143  8.0145024e+03 6.61e-02 1.17e+03  -1.0 5.49e+02  -4.6 3.76e-02 2.73e-02f  1
 144  8.0285603e+03 6.43e-02 1.16e+03  -1.0 4.86e+02  -4.1 3.62e-02 2.70e-02f  1
 145  8.0437819e+03 6.24e-02 1.13e+03  -1.0 7.37e+02  -4.6 3.18e-02 3.02e-02f  1
 146  8.0546274e+03 6.10e-02 1.13e+03  -1.0 8.30e+02  -4.2 4.00e-02 2.24e-02f  1
 147  8.0620382e+03 6.01e-02 1.06e+03  -1.0 1.40e+03  -4.7 2.18e-02 1.49e-02f  1
 148  8.0686832e+03 5.93e-02 8.97e+02  -1.0 1.74e+03  -4.2 1.76e-02 1.30e-02f  1
 149  8.0743223e+03 5.86e-02 4.95e+02  -1.0 1.16e+03  -3.8 2.28e-02 1.17e-02f  1
iter    objective    inf_pr   inf_du lg(mu)  ||d||  lg(rg) alpha_du alpha_pr  ls
 150  8.0802838e+03 5.79e-02 6.48e+02  -1.0 1.95e+03  -4.3 1.62e-02 1.22e-02f  1
 151  8.0853221e+03 5.72e-02 1.21e+03  -1.0 1.29e+03  -3.9 2.16e-02 1.11e-02f  1
 152  8.0909090e+03 5.65e-02 1.28e+03  -1.0 1.93e+03  -4.3 1.34e-02 1.21e-02f  1
 153  8.0966490e+03 5.58e-02 1.43e+03  -1.0 1.11e+03  -3.9 1.56e-02 1.34e-02f  1
 154  8.1046349e+03 5.48e-02 5.10e+02  -1.0 1.50e+03  -4.4 2.73e-03 1.85e-02f  1
 155  8.1122207e+03 5.38e-02 6.51e+02  -1.0 2.26e+03  -4.0 1.10e-02 1.83e-02f  1
 156  8.1274395e+03 5.19e-02 7.21e+02  -1.0 2.74e+03  -4.4 2.09e-02 3.54e-02f  1
 157  8.1581010e+03 4.80e-02 8.87e+02  -1.0 1.17e+03  -4.0 3.65e-02 7.43e-02f  1
 158  8.1861749e+03 4.45e-02 8.18e+02  -1.0 8.52e+02  -4.5 7.73e-02 7.28e-02f  1
 159  8.1974202e+03 4.31e-02 8.92e+02  -1.0 6.14e+02  -4.1 7.09e-02 3.16e-02f  1
iter    objective    inf_pr   inf_du lg(mu)  ||d||  lg(rg) alpha_du alpha_pr  ls
 160  8.2261575e+03 3.96e-02 7.57e+02  -1.0 7.05e+02  -4.5 7.69e-02 8.16e-02f  1
 161  8.2731122e+03 3.38e-02 6.69e+02  -1.0 5.38e+02  -4.1 7.23e-02 1.46e-01f  1
 162  8.3034718e+03 3.02e-02 4.54e+02  -1.0 5.01e+02  -4.6 1.21e-01 1.07e-01f  1
 163  8.3224303e+03 2.80e-02 6.74e+02  -1.0 3.73e+02  -4.2 1.22e-01 7.16e-02f  1
 164  8.3454746e+03 2.55e-02 8.86e+02  -1.0 4.03e+02  -4.6 1.24e-01 8.81e-02f  1
 165  8.3681330e+03 2.32e-02 7.09e+02  -1.0 2.18e+03  -5.1 7.65e-02 8.98e-02f  1
 166  8.3892079e+03 2.12e-02 1.35e+03  -1.0 3.34e+02  -4.7 1.81e-01 8.94e-02f  1
 167  8.4278177e+03 1.73e-02 8.17e+02  -1.0 2.23e+02  -4.3 1.34e-01 1.81e-01f  1
 168  8.4672723e+03 1.35e-02 5.12e+02  -1.0 2.15e+02  -4.7 2.02e-01 2.22e-01f  1
 169  8.5241731e+03 8.60e-03 7.25e+02  -1.0 2.42e+02  -5.2 1.95e-01 3.62e-01f  1
iter    objective    inf_pr   inf_du lg(mu)  ||d||  lg(rg) alpha_du alpha_pr  ls
 170  8.6013991e+03 3.15e-03 2.05e+03  -1.0 1.21e+02  -4.8 2.36e-01 6.33e-01f  1
 171  8.6369911e+03 1.62e-03 2.16e+03  -1.0 2.59e+02  -5.3 1.78e-01 4.85e-01f  1
 172  8.6682131e+03 7.17e-04 2.20e+03  -1.0 8.76e+02    -  1.54e-01 5.59e-01f  1
 173  8.6880622e+03 2.94e-04 2.11e+03  -1.0 1.25e+03    -  1.47e-01 5.89e-01f  1
 174  8.6936019e+03 2.07e-04 1.82e+03  -1.0 1.27e+03    -  1.56e-01 2.98e-01f  1
 175  8.6977736e+03 1.53e-04 1.59e+03  -1.0 1.25e+03    -  1.42e-01 2.58e-01f  1
 176  8.7020111e+03 1.12e-04 1.41e+03  -1.0 1.30e+03    -  1.31e-01 2.69e-01f  1
 177  8.7056940e+03 8.16e-05 1.43e+03  -1.0 1.37e+03    -  1.36e-01 2.72e-01f  1
 178  8.7089102e+03 5.72e-05 2.09e+03  -1.0 1.43e+03    -  1.40e-01 2.99e-01f  1
 179  8.7123508e+03 3.25e-05 3.96e+03  -1.0 1.49e+03    -  1.48e-01 4.32e-01f  1
iter    objective    inf_pr   inf_du lg(mu)  ||d||  lg(rg) alpha_du alpha_pr  ls
 180  8.7163209e+03 1.39e-05 8.40e+03  -1.0 1.49e+03    -  1.80e-01 5.72e-01f  1
 181  8.7223339e+03 2.00e-06 2.29e+04  -1.0 1.59e+03    -  3.12e-01 8.56e-01f  1
 182  8.7275708e+03 1.17e-14 1.92e+05  -1.0 2.25e+03    -  2.90e-01 1.00e+00f  1
 183  8.7296699e+03 7.42e-11 1.95e+06  -1.0 3.03e+03    -  6.31e-01 8.45e-01f  1
 184  8.7321443e+03 4.65e-10 1.12e+06  -1.0 7.33e+03    -  6.00e-01 8.53e-01f  1
 185  8.7347577e+03 1.47e-10 4.40e+05  -1.0 1.47e+04    -  6.88e-01 9.70e-01f  1
 186  8.7371952e+03 3.70e-11 8.31e+04  -1.0 2.66e+04    -  8.40e-01 1.00e+00f  1
 187  8.7391314e+03 3.35e-12 4.93e+04  -1.0 3.85e+04    -  4.92e-01 9.09e-01f  1
 188  8.7399885e+03 7.28e-13 1.93e+04  -1.0 3.13e+04    -  6.35e-01 1.00e+00f  1
 189  8.7402160e+03 1.98e-14 4.77e+03  -1.0 2.37e+04    -  7.54e-01 1.00e+00h  1
iter    objective    inf_pr   inf_du lg(mu)  ||d||  lg(rg) alpha_du alpha_pr  ls
 190  8.7402698e+03 2.97e-15 2.08e+02  -1.0 2.55e+04    -  9.57e-01 1.00e+00h  1
 191  8.7402769e+03 4.88e-16 2.36e-02  -1.0 1.30e+04    -  1.00e+00 1.00e+00h  1
 192  8.7402770e+03 4.44e-16 8.44e-05  -1.0 2.81e+02    -  1.00e+00 1.00e+00h  1
 193  8.6150293e+03 5.86e-09 4.06e+06  -3.8 4.29e+03    -  4.80e-01 9.28e-01f  1
 194  8.5760487e+03 4.64e-09 2.97e+06  -3.8 1.35e+04    -  2.63e-01 2.08e-01f  1
 195  8.5226983e+03 3.44e-09 2.41e+06  -3.8 1.57e+04    -  2.01e-01 2.59e-01f  1
 196  8.4873733e+03 2.78e-09 1.99e+06  -3.8 1.28e+04    -  1.76e-01 1.91e-01f  1
 197  8.4644921e+03 2.38e-09 1.61e+06  -3.8 1.13e+04    -  1.88e-01 1.44e-01f  1
 198  8.4445332e+03 2.06e-09 1.21e+06  -3.8 8.54e+03    -  2.31e-01 1.42e-01f  1
 199  8.4241311e+03 1.73e-09 7.06e+05  -3.8 4.88e+03    -  3.88e-01 1.57e-01f  1
iter    objective    inf_pr   inf_du lg(mu)  ||d||  lg(rg) alpha_du alpha_pr  ls
 200  8.4022873e+03 1.46e-09 5.07e+05  -3.8 5.15e+03    -  7.08e-01 1.55e-01f  1
 201  8.3170382e+03 7.99e-10 2.91e+05  -3.8 7.66e+03    -  6.13e-01 4.54e-01f  1
 202  8.2608963e+03 3.89e-10 1.48e+05  -3.8 5.31e+03    -  8.05e-01 5.14e-01f  1
 203  8.2396562e+03 2.24e-10 8.55e+04  -3.8 4.86e+03    -  5.74e-01 4.24e-01h  1
 204  8.2281090e+03 1.32e-10 5.04e+04  -3.8 5.64e+03    -  5.91e-01 4.12e-01h  1
 205  8.2189221e+03 5.69e-11 2.18e+04  -3.8 4.10e+03    -  6.67e-01 5.68e-01h  1
 206  8.2120379e+03 1.24e-13 4.20e+02  -3.8 3.18e+03    -  6.23e-01 1.00e+00h  1
 207  8.2120720e+03 5.62e-15 1.66e-07  -3.8 7.50e+02    -  1.00e+00 1.00e+00h  1
 208  8.2120634e+03 3.17e-15 3.03e-09  -3.8 8.96e+01    -  1.00e+00 1.00e+00h  1
 209  8.2120634e+03 7.64e-16 1.50e-09  -3.8 2.28e+00    -  1.00e+00 1.00e+00h  1
iter    objective    inf_pr   inf_du lg(mu)  ||d||  lg(rg) alpha_du alpha_pr  ls
 210  8.2094682e+03 2.03e-14 2.76e+01  -5.7 2.95e+03    -  7.34e-01 7.32e-01f  1
 211  8.2087381e+03 2.52e-14 3.27e+02  -5.7 2.31e+03    -  6.69e-01 7.62e-01h  1
 212  8.2085068e+03 1.79e-14 4.50e-07  -5.7 7.44e+02    -  1.00e+00 1.00e+00h  1
 213  8.2085083e+03 8.88e-16 1.54e-07  -5.7 8.54e-02  -5.7 1.00e+00 1.00e+00h  1
 214  8.2084643e+03 8.29e-16 1.98e+01  -8.6 2.71e-01  -6.2 8.80e-01 9.99e-01h  1
 215  8.2084643e+03 8.88e-16 1.40e-10  -8.6 6.99e-04  -6.7 1.00e+00 1.00e+00h  1

Number of Iterations....: 215

                                   (scaled)                 (unscaled)
Objective...............:   8.2084642700431723e+03    8.2084642700431723e+03
Dual infeasibility......:   1.3975241986951881e-10    1.3975241986951881e-10
Constraint violation....:   8.8817841970012523e-16    8.8817841970012523e-16
Variable bound violation:   0.0000000000000000e+00    0.0000000000000000e+00
Complementarity.........:   2.6512794856642993e-09    2.6512794856642993e-09
Overall NLP error.......:   2.6512794856642993e-09    2.6512794856642993e-09


Number of objective function evaluations             = 216
Number of objective gradient evaluations             = 216
Number of equality constraint evaluations            = 216
Number of inequality constraint evaluations          = 216
Number of equality constraint Jacobian evaluations   = 216
Number of inequality constraint Jacobian evaluations = 216
Number of Lagrangian Hessian evaluations             = 215
Total seconds in IPOPT                               = 1618.525

EXIT: Optimal Solution Found.
