
================================================================================
PARALLELIZATION STATUS
================================================================================
Julia threads:       16
Status:              Using 16 threads
================================================================================
RHO_OVERRIDE: using rho = 2000.0
EPS_PRI_OVERRIDE: using eps_pri = 0.0001
EPS_DUAL_OVERRIDE: using eps_dual = 0.0005
ADAPTIVE_RHO_OVERRIDE: adaptive_rho = true

================================================================================
PARSING SYSTEM DATA
================================================================================
Loaded system: ieee2552C_1ph from C:\repos_addendum\MultiPeriodDistOPF\envs\tadmm\..\..\rawData\ieee2552C_1ph\Master.dss

========================================
Initial Powerflow
========================================
Powerflow completed successfully!

[OpenDSS] Total system load: 2129.58 kW
[OpenDSS] Substation power: 2187.53 kW
[OpenDSS] Total PV dispatch: 0.00 kW
[OpenDSS] Total battery dispatch: 0.00 kW
[OpenDSS] Total system losses: 57.95 kW


================================================================================
[35;1mSOLVING MPOPF WITH SOCP (tADMM)[0m
================================================================================
[36;1mUsing fixed rho = 2000.0[0m
  [tADMM hyperparams] mu_balance=5.00 tau_incr=2.00 tau_decr=4.00 update_interval=5 eps_pri=1.0e-04 eps_dual=5.0e-04 rho_init=2000.0 adaptive=true

================================================================================
[36;1m🎯 tADMM[SOCP]: T=12, ρ_init=2000.0, adaptive=true, warm_start=true, |Bset|=250, |Nset|=2522, |Lset|=2521
[0m================================================================================

******************************************************************************
This program contains Ipopt, a library for large-scale nonlinear optimization.
 Ipopt is released as open source code under the Eclipse Public License (EPL).
         For more information visit https://github.com/coin-or/Ipopt
******************************************************************************


******************************************************************************
This program contains Ipopt, a library for large-scale nonlinear optimization.
 Ipopt is released as open source code under the Eclipse Public License (EPL).
         For more information visit https://github.com/coin-or/Ipopt
******************************************************************************

k=  1  obj=$4388.18  ‖r‖=5.16e-03  ‖s‖=2.00e+00  ρ=2000.0  sp_max=18.320s  sp_med=16.406s
k=  2  obj=$4272.08  ‖r‖=5.18e-03  ‖s‖=1.90e+00  ρ=2000.0  sp_max=11.657s  sp_med=5.644s
k=  3  obj=$4273.89  ‖r‖=5.15e-03  ‖s‖=1.44e+00  ρ=2000.0  sp_max=13.428s  sp_med=7.947s
k=  4  obj=$4302.82  ‖r‖=5.15e-03  ‖s‖=7.46e-01  ρ=2000.0  sp_max=10.284s  sp_med=7.184s
[33;1m  [PHASE1-UP] ρ: 2000.0 → 4000.0 (‖r‖=5.15e-03 > ε=1.0e-04)
[0mk=  5  obj=$4302.26  ‖r‖=5.15e-03  ‖s‖=3.60e-01  ρ=4000.0  sp_max=8.210s  sp_med=6.653s
k=  6  obj=$4316.58  ‖r‖=5.12e-03  ‖s‖=5.19e-01  ρ=4000.0  sp_max=7.774s  sp_med=6.976s
k=  7  obj=$4593.36  ‖r‖=4.70e-03  ‖s‖=1.92e+00  ρ=4000.0  sp_max=9.127s  sp_med=7.344s
k=  8  obj=$5036.50  ‖r‖=4.18e-03  ‖s‖=3.40e+00  ρ=4000.0  sp_max=8.560s  sp_med=6.478s
k=  9  obj=$5503.45  ‖r‖=3.66e-03  ‖s‖=5.14e+00  ρ=4000.0  sp_max=10.476s  sp_med=8.425s
[33;1m  [PHASE1-UP] ρ: 4000.0 → 8000.0 (‖r‖=3.05e-03 > ε=1.0e-04)
[0mk= 10  obj=$6030.17  ‖r‖=3.05e-03  ‖s‖=6.32e+00  ρ=8000.0  sp_max=10.013s  sp_med=8.809s
      [Progress] 128.2s elapsed, 5 iters/min
k= 11  obj=$7082.40  ‖r‖=1.87e-03  ‖s‖=7.27e+00  ρ=8000.0  sp_max=8.071s  sp_med=7.201s
k= 12  obj=$7871.98  ‖r‖=7.57e-04  ‖s‖=6.67e+00  ρ=8000.0  sp_max=10.778s  sp_med=9.134s
k= 13  obj=$8091.21  ‖r‖=7.28e-05  ‖s‖=5.69e+00  ρ=8000.0  sp_max=8.914s  sp_med=7.533s
k= 14  obj=$8069.57  ‖r‖=7.26e-05  ‖s‖=4.12e+00  ρ=8000.0  sp_max=8.230s  sp_med=6.322s
[32;1m  [k= 15] Phase 1→2: primal converged
[0m[36;1m  [k= 15] ρ 8000.0 → 2000.0 (s/r=54677.9, ‖r‖ converged)
[0mk= 15  obj=$8052.61  ‖r‖=6.21e-05  ‖s‖=3.39e+00  ρ=2000.0  sp_max=6.960s  sp_med=5.935s
k= 16  obj=$8018.60  ‖r‖=5.64e-05  ‖s‖=2.39e+00  ρ=2000.0  sp_max=8.887s  sp_med=7.117s
k= 17  obj=$8012.77  ‖r‖=4.59e-05  ‖s‖=8.61e-01  ρ=2000.0  sp_max=9.554s  sp_med=7.273s
k= 18  obj=$8001.53  ‖r‖=5.52e-05  ‖s‖=5.51e-01  ρ=2000.0  sp_max=8.211s  sp_med=6.662s
k= 19  obj=$7997.89  ‖r‖=5.91e-05  ‖s‖=4.64e-01  ρ=2000.0  sp_max=8.530s  sp_med=6.854s
[36;1m  [k= 20] ρ 2000.0 → 500.0 (s/r=7376.9, ‖r‖ converged)
[0mk= 20  obj=$8004.35  ‖r‖=5.04e-05  ‖s‖=3.72e-01  ρ=500.0  sp_max=8.400s  sp_med=6.453s
      [Progress] 226.4s elapsed, 5 iters/min
k= 21  obj=$8017.38  ‖r‖=2.36e-04  ‖s‖=1.39e-01  ρ=500.0  sp_max=8.573s  sp_med=6.847s
k= 22  obj=$8016.79  ‖r‖=1.70e-04  ‖s‖=3.65e-02  ρ=500.0  sp_max=8.646s  sp_med=6.484s
k= 23  obj=$8011.95  ‖r‖=3.75e-05  ‖s‖=6.74e-02  ρ=500.0  sp_max=7.526s  sp_med=5.733s
k= 24  obj=$8008.98  ‖r‖=3.39e-05  ‖s‖=3.42e-02  ρ=500.0  sp_max=7.196s  sp_med=5.876s
[36;1m  [k= 25] ρ 500.0 → 125.0 (s/r=99.7, ‖r‖ converged)
[0mk= 25  obj=$8008.55  ‖r‖=3.38e-05  ‖s‖=3.37e-03  ρ=125.0  sp_max=7.100s  sp_med=5.575s
k= 26  obj=$8008.89  ‖r‖=1.50e-05  ‖s‖=2.93e-03  ρ=125.0  sp_max=7.168s  sp_med=6.006s
k= 27  obj=$8009.64  ‖r‖=6.75e-06  ‖s‖=1.95e-03  ρ=125.0  sp_max=8.329s  sp_med=6.161s
k= 28  obj=$8010.04  ‖r‖=6.24e-06  ‖s‖=7.22e-04  ρ=125.0  sp_max=9.038s  sp_med=7.307s
k= 29  obj=$8010.05  ‖r‖=3.31e-06  ‖s‖=4.85e-04  ρ=125.0  sp_max=9.753s  sp_med=7.119s
[32;1m🎉 tADMM converged at iteration 29 (‖r‖=3.31e-06 ≤ 1.00e-04, ‖s‖=4.85e-04 ≤ 5.00e-04)
  Final objective: $8010.05
[0m
================================================================================
[36;1m📊 SOLVER PERFORMANCE ANALYSIS (optimize!() times only)[0m
================================================================================
Iterations:       28
Effective time:   267.71 seconds
Wall-clock time:  309.79 seconds
Overhead:         13.6%
================================================================================

--- tADMM RESULT ---
[32;1mObjective: $8010.05
Wall-clock: 309.79 seconds
Effective:  267.71 seconds (29 iterations)
[0m
================================================================================
[36;1mVALIDATING tADMM SOLUTION[0m
================================================================================

================================================================================
SOLUTION VALIDATION: tADMM SOCP
================================================================================
✓ All constraints satisfied!
================================================================================
[32;1m✓ Convergence CSV: C:\repos_addendum\MultiPeriodDistOPF\envs\tadmm\processedData\ieee2552C_1ph_T12\convergence_data.csv[0m
[32;1m✓ Subproblem timing CSV: C:\repos_addendum\MultiPeriodDistOPF\envs\tadmm\processedData\ieee2552C_1ph_T12\subproblem_timing_details.csv[0m
[36;1mLoaded BF results from C:\repos_addendum\MultiPeriodDistOPF\envs\tadmm\processedData\ieee2552C_1ph_T12\results_socp_bf.txt[0m
[36;1mNear-optimal at k=16 (159.69s eff): obj=$8018.60, gap=0.109% vs BF, r=5.64e-05, s=2.39e+00[0m
[32;1m✓ Near-optimal summary: C:\repos_addendum\MultiPeriodDistOPF\envs\tadmm\processedData\ieee2552C_1ph_T12\near_optimal_summary.csv[0m
[32;1m✓ Solution saved: C:\repos_addendum\MultiPeriodDistOPF\envs\tadmm\processedData\ieee2552C_1ph_T12\sol_socp_tadmm.jls[0m
[32;1m✓ tADMM results written to C:\repos_addendum\MultiPeriodDistOPF\envs\tadmm\processedData\ieee2552C_1ph_T12\results_socp_tadmm.txt[0m
[32;1m✓ Live log trimmed to last 100 lines: C:\repos_addendum\MultiPeriodDistOPF\envs\tadmm\processedData\ieee2552C_1ph_T12\tadmm_run.log[0m

================================================================================
[35;1mtADMM PIPELINE COMPLETE[0m
================================================================================
