
================================================================================
PARALLELIZATION STATUS
================================================================================
Julia threads:       16
Status:              Using 16 threads
================================================================================
RHO_OVERRIDE: using rho = 24000.0
EPS_PRI_OVERRIDE: using eps_pri = 0.0001
EPS_DUAL_OVERRIDE: using eps_dual = 0.001
ADAPTIVE_RHO_OVERRIDE: adaptive_rho = true

================================================================================
PARSING SYSTEM DATA
================================================================================
Loaded system: ieee123C_1ph from C:\repos_addendum\MultiPeriodDistOPF\envs\tadmm\..\..\rawData\ieee123C_1ph\Master.dss

========================================
Initial Powerflow
========================================
Powerflow completed successfully!

[OpenDSS] Total system load: 872.27 kW
[OpenDSS] Substation power: 877.20 kW
[OpenDSS] Total PV dispatch: 0.00 kW
[OpenDSS] Total battery dispatch: 0.00 kW
[OpenDSS] Total system losses: 4.94 kW


================================================================================
[35;1mSOLVING MPOPF WITH SOCP (tADMM)[0m
================================================================================
[36;1mUsing fixed rho = 24000.0[0m
  [tADMM hyperparams] mu_balance=5.00 tau_incr=2.00 tau_decr=2.00 update_interval=5 eps_pri=1.0e-04 eps_dual=1.0e-03 rho_init=24000.0 adaptive=true

================================================================================
[36;1m🎯 tADMM[SOCP]: T=144, ρ_init=24000.0, adaptive=true, warm_start=true, |Bset|=51, |Nset|=128, |Lset|=127
[0m================================================================================

******************************************************************************
This program contains Ipopt, a library for large-scale nonlinear optimization.
 Ipopt is released as open source code under the Eclipse Public License (EPL).
         For more information visit https://github.com/coin-or/Ipopt
******************************************************************************

k=  1  obj=$1325.41  ‖r‖=8.53e-04  ‖s‖=1.20e+00  ρ=24000.0  sp_max=9.544s  sp_med=7.390s
k=  2  obj=$1325.41  ‖r‖=8.52e-04  ‖s‖=1.41e+00  ρ=24000.0  sp_max=4.685s  sp_med=2.813s
k=  3  obj=$1325.42  ‖r‖=8.50e-04  ‖s‖=1.62e+00  ρ=24000.0  sp_max=8.706s  sp_med=2.649s
k=  4  obj=$1399.86  ‖r‖=7.98e-04  ‖s‖=1.81e+00  ρ=24000.0  sp_max=8.556s  sp_med=2.293s
[33;1m  [PHASE1-UP] ρ: 24000.0 → 48000.0 (‖r‖=7.22e-04 > ε=1.0e-04)
[0mk=  5  obj=$1558.73  ‖r‖=7.22e-04  ‖s‖=1.98e+00  ρ=48000.0  sp_max=8.476s  sp_med=2.661s
k=  6  obj=$1831.44  ‖r‖=6.01e-04  ‖s‖=2.29e+00  ρ=48000.0  sp_max=10.618s  sp_med=4.205s
k=  7  obj=$2327.93  ‖r‖=4.00e-04  ‖s‖=2.47e+00  ρ=48000.0  sp_max=15.804s  sp_med=5.152s
k=  8  obj=$2664.77  ‖r‖=2.59e-04  ‖s‖=2.54e+00  ρ=48000.0  sp_max=7.702s  sp_med=5.154s
k=  9  obj=$2835.84  ‖r‖=1.65e-04  ‖s‖=2.52e+00  ρ=48000.0  sp_max=7.817s  sp_med=5.176s
[33;1m  [PHASE1-UP] ρ: 48000.0 → 96000.0 (‖r‖=1.04e-04 > ε=1.0e-04)
[0mk= 10  obj=$2922.24  ‖r‖=1.04e-04  ‖s‖=2.48e+00  ρ=96000.0  sp_max=9.586s  sp_med=5.515s
      [Progress] 493.9s elapsed, 1 iters/min
k= 11  obj=$2991.00  ‖r‖=3.60e-06  ‖s‖=2.39e+00  ρ=96000.0  sp_max=7.422s  sp_med=5.027s
k= 12  obj=$2990.13  ‖r‖=2.49e-06  ‖s‖=2.27e+00  ρ=96000.0  sp_max=5.782s  sp_med=4.502s
k= 13  obj=$2989.29  ‖r‖=1.84e-06  ‖s‖=2.18e+00  ρ=96000.0  sp_max=7.096s  sp_med=5.341s
k= 14  obj=$2988.31  ‖r‖=1.33e-06  ‖s‖=2.11e+00  ρ=96000.0  sp_max=8.135s  sp_med=4.645s
[32;1m  [k= 15] Phase 1→2: primal converged
[0m[36;1m  [k= 15] ρ 96000.0 → 48000.0 (s/r=2064623.7, ‖r‖ converged)
[0mk= 15  obj=$2987.26  ‖r‖=1.01e-06  ‖s‖=2.09e+00  ρ=48000.0  sp_max=9.000s  sp_med=4.365s
k= 16  obj=$2985.35  ‖r‖=1.40e-06  ‖s‖=2.05e+00  ρ=48000.0  sp_max=6.420s  sp_med=4.893s
k= 17  obj=$2983.69  ‖r‖=2.30e-06  ‖s‖=2.02e+00  ρ=48000.0  sp_max=7.515s  sp_med=4.266s
k= 18  obj=$2982.12  ‖r‖=1.72e-06  ‖s‖=2.00e+00  ρ=48000.0  sp_max=6.334s  sp_med=4.114s
k= 19  obj=$2980.65  ‖r‖=1.79e-06  ‖s‖=1.97e+00  ρ=48000.0  sp_max=6.781s  sp_med=5.077s
[36;1m  [k= 20] ρ 48000.0 → 24000.0 (s/r=1295883.8, ‖r‖ converged)
[0mk= 20  obj=$2979.12  ‖r‖=1.50e-06  ‖s‖=1.94e+00  ρ=24000.0  sp_max=6.578s  sp_med=4.957s
      [Progress] 950.5s elapsed, 1 iters/min
k= 21  obj=$2976.60  ‖r‖=4.39e-06  ‖s‖=1.87e+00  ρ=24000.0  sp_max=6.667s  sp_med=4.688s
k= 22  obj=$2974.27  ‖r‖=4.65e-06  ‖s‖=1.80e+00  ρ=24000.0  sp_max=6.892s  sp_med=4.077s
k= 23  obj=$2971.72  ‖r‖=4.09e-06  ‖s‖=1.77e+00  ρ=24000.0  sp_max=8.941s  sp_med=4.926s
k= 24  obj=$2969.20  ‖r‖=3.88e-06  ‖s‖=1.72e+00  ρ=24000.0  sp_max=7.775s  sp_med=4.901s
[36;1m  [k= 25] ρ 24000.0 → 12000.0 (s/r=447894.2, ‖r‖ converged)
[0mk= 25  obj=$2966.75  ‖r‖=3.76e-06  ‖s‖=1.68e+00  ρ=12000.0  sp_max=6.060s  sp_med=4.524s
k= 26  obj=$2962.63  ‖r‖=7.39e-06  ‖s‖=1.62e+00  ρ=12000.0  sp_max=7.917s  sp_med=3.890s
k= 27  obj=$2959.03  ‖r‖=7.69e-06  ‖s‖=1.58e+00  ρ=12000.0  sp_max=9.243s  sp_med=6.249s
k= 28  obj=$2955.47  ‖r‖=6.72e-06  ‖s‖=1.55e+00  ρ=12000.0  sp_max=7.266s  sp_med=4.479s
k= 29  obj=$2952.05  ‖r‖=9.61e-06  ‖s‖=1.47e+00  ρ=12000.0  sp_max=7.323s  sp_med=4.441s
[36;1m  [k= 30] ρ 12000.0 → 6000.0 (s/r=125172.8, ‖r‖ converged)
[0mk= 30  obj=$2948.94  ‖r‖=1.12e-05  ‖s‖=1.41e+00  ρ=6000.0  sp_max=5.185s  sp_med=3.912s
      [Progress] 1408.0s elapsed, 1 iters/min
k= 31  obj=$2943.36  ‖r‖=1.77e-05  ‖s‖=1.33e+00  ρ=6000.0  sp_max=7.118s  sp_med=4.002s
k= 32  obj=$2938.74  ‖r‖=2.43e-05  ‖s‖=1.23e+00  ρ=6000.0  sp_max=7.514s  sp_med=3.829s
k= 33  obj=$2933.98  ‖r‖=2.82e-05  ‖s‖=1.12e+00  ρ=6000.0  sp_max=7.772s  sp_med=5.392s
k= 34  obj=$2929.64  ‖r‖=3.23e-05  ‖s‖=9.95e-01  ρ=6000.0  sp_max=10.440s  sp_med=5.929s
[36;1m  [k= 35] ρ 6000.0 → 3000.0 (s/r=24325.2, ‖r‖ converged)
[0mk= 35  obj=$2924.98  ‖r‖=3.76e-05  ‖s‖=9.16e-01  ρ=3000.0  sp_max=8.631s  sp_med=5.296s
k= 36  obj=$2917.70  ‖r‖=4.78e-05  ‖s‖=8.50e-01  ρ=3000.0  sp_max=9.450s  sp_med=5.600s
k= 37  obj=$2911.25  ‖r‖=5.10e-05  ‖s‖=7.88e-01  ρ=3000.0  sp_max=7.349s  sp_med=4.052s
k= 38  obj=$2905.57  ‖r‖=5.60e-05  ‖s‖=7.31e-01  ρ=3000.0  sp_max=5.417s  sp_med=3.545s
k= 39  obj=$2900.41  ‖r‖=6.08e-05  ‖s‖=6.91e-01  ρ=3000.0  sp_max=7.868s  sp_med=5.184s
[36;1m  [k= 40] ρ 3000.0 → 1500.0 (s/r=10217.8, ‖r‖ converged)
[0mk= 40  obj=$2895.79  ‖r‖=6.40e-05  ‖s‖=6.54e-01  ρ=1500.0  sp_max=5.716s  sp_med=3.728s
      [Progress] 1865.4s elapsed, 1 iters/min
k= 41  obj=$2887.66  ‖r‖=6.86e-05  ‖s‖=6.28e-01  ρ=1500.0  sp_max=6.028s  sp_med=3.913s
k= 42  obj=$2879.91  ‖r‖=6.75e-05  ‖s‖=6.04e-01  ρ=1500.0  sp_max=5.115s  sp_med=3.873s
k= 43  obj=$2871.47  ‖r‖=6.73e-05  ‖s‖=5.87e-01  ρ=1500.0  sp_max=6.752s  sp_med=3.791s
k= 44  obj=$2863.41  ‖r‖=6.86e-05  ‖s‖=5.73e-01  ρ=1500.0  sp_max=6.633s  sp_med=3.470s
[36;1m  [k= 45] ρ 1500.0 → 750.0 (s/r=8564.8, ‖r‖ converged)
[0mk= 45  obj=$2855.76  ‖r‖=6.59e-05  ‖s‖=5.65e-01  ρ=750.0  sp_max=5.842s  sp_med=3.596s
k= 46  obj=$2842.03  ‖r‖=7.23e-05  ‖s‖=5.56e-01  ρ=750.0  sp_max=7.952s  sp_med=5.356s
k= 47  obj=$2829.26  ‖r‖=7.58e-05  ‖s‖=5.49e-01  ρ=750.0  sp_max=7.291s  sp_med=4.074s
k= 48  obj=$2817.33  ‖r‖=7.85e-05  ‖s‖=5.30e-01  ρ=750.0  sp_max=8.609s  sp_med=5.440s
k= 49  obj=$2807.16  ‖r‖=7.76e-05  ‖s‖=5.08e-01  ρ=750.0  sp_max=6.882s  sp_med=3.766s
[36;1m  [k= 50] ρ 750.0 → 375.0 (s/r=6255.9, ‖r‖ converged)
[0mk= 50  obj=$2798.10  ‖r‖=7.70e-05  ‖s‖=4.82e-01  ρ=375.0  sp_max=10.025s  sp_med=5.002s
      [Progress] 2292.5s elapsed, 1 iters/min
k= 51  obj=$2784.43  ‖r‖=8.08e-05  ‖s‖=4.39e-01  ρ=375.0  sp_max=9.031s  sp_med=5.535s
k= 52  obj=$2773.69  ‖r‖=8.47e-05  ‖s‖=3.80e-01  ρ=375.0  sp_max=10.197s  sp_med=5.363s
k= 53  obj=$2769.81  ‖r‖=8.69e-05  ‖s‖=3.09e-01  ρ=375.0  sp_max=8.249s  sp_med=5.487s
k= 54  obj=$2769.02  ‖r‖=8.90e-05  ‖s‖=2.48e-01  ρ=375.0  sp_max=8.297s  sp_med=5.358s
[36;1m  [k= 55] ρ 375.0 → 187.5 (s/r=2370.7, ‖r‖ converged)
[0mk= 55  obj=$2769.38  ‖r‖=8.89e-05  ‖s‖=2.11e-01  ρ=187.5  sp_max=8.621s  sp_med=5.169s
k= 56  obj=$2773.27  ‖r‖=8.92e-05  ‖s‖=1.67e-01  ρ=187.5  sp_max=7.422s  sp_med=5.072s
k= 57  obj=$2775.19  ‖r‖=8.53e-05  ‖s‖=1.32e-01  ρ=187.5  sp_max=11.838s  sp_med=5.133s
k= 58  obj=$2779.41  ‖r‖=7.72e-05  ‖s‖=1.08e-01  ρ=187.5  sp_max=11.032s  sp_med=5.307s
k= 59  obj=$2787.56  ‖r‖=7.80e-05  ‖s‖=9.05e-02  ρ=187.5  sp_max=11.589s  sp_med=5.446s
[36;1m  [k= 60] ρ 187.5 → 93.8 (s/r=927.6, ‖r‖ converged)
[0mk= 60  obj=$2793.83  ‖r‖=8.15e-05  ‖s‖=7.56e-02  ρ=93.8  sp_max=11.000s  sp_med=5.493s
      [Progress] 2832.2s elapsed, 1 iters/min
k= 61  obj=$2808.03  ‖r‖=1.03e-04  ‖s‖=6.03e-02  ρ=93.8  sp_max=9.265s  sp_med=5.245s
k= 62  obj=$2820.42  ‖r‖=1.08e-04  ‖s‖=4.64e-02  ρ=93.8  sp_max=11.825s  sp_med=6.258s
k= 63  obj=$2829.64  ‖r‖=1.19e-04  ‖s‖=3.51e-02  ρ=93.8  sp_max=11.818s  sp_med=5.623s
k= 64  obj=$2835.39  ‖r‖=1.32e-04  ‖s‖=2.57e-02  ρ=93.8  sp_max=10.703s  sp_med=6.061s
k= 65  obj=$2836.39  ‖r‖=1.36e-04  ‖s‖=1.86e-02  ρ=93.8  sp_max=10.940s  sp_med=6.252s
k= 66  obj=$2836.22  ‖r‖=1.27e-04  ‖s‖=1.50e-02  ρ=93.8  sp_max=10.114s  sp_med=5.691s
k= 67  obj=$2836.81  ‖r‖=1.26e-04  ‖s‖=1.43e-02  ρ=93.8  sp_max=8.120s  sp_med=4.203s
k= 68  obj=$2836.26  ‖r‖=1.31e-04  ‖s‖=1.59e-02  ρ=93.8  sp_max=11.063s  sp_med=5.641s
k= 69  obj=$2836.77  ‖r‖=1.31e-04  ‖s‖=1.83e-02  ρ=93.8  sp_max=7.631s  sp_med=3.902s
k= 70  obj=$2837.04  ‖r‖=1.31e-04  ‖s‖=2.00e-02  ρ=93.8  sp_max=6.949s  sp_med=3.797s
      [Progress] 3353.0s elapsed, 1 iters/min
k= 71  obj=$2839.55  ‖r‖=1.14e-04  ‖s‖=2.24e-02  ρ=93.8  sp_max=6.733s  sp_med=3.597s
k= 72  obj=$2843.51  ‖r‖=1.02e-04  ‖s‖=2.42e-02  ρ=93.8  sp_max=8.820s  sp_med=3.635s
k= 73  obj=$2845.25  ‖r‖=9.85e-05  ‖s‖=2.45e-02  ρ=93.8  sp_max=10.326s  sp_med=4.788s
k= 74  obj=$2838.11  ‖r‖=7.77e-05  ‖s‖=2.49e-02  ρ=93.8  sp_max=8.525s  sp_med=3.711s
[36;1m  [k= 75] ρ 93.8 → 46.9 (s/r=413.9, ‖r‖ converged)
[0mk= 75  obj=$2825.85  ‖r‖=5.93e-05  ‖s‖=2.46e-02  ρ=46.9  sp_max=10.901s  sp_med=3.964s
k= 76  obj=$2817.74  ‖r‖=9.38e-05  ‖s‖=2.27e-02  ρ=46.9  sp_max=6.699s  sp_med=3.592s
k= 77  obj=$2813.51  ‖r‖=1.04e-04  ‖s‖=2.05e-02  ρ=46.9  sp_max=10.088s  sp_med=3.824s
k= 78  obj=$2815.74  ‖r‖=1.05e-04  ‖s‖=1.77e-02  ρ=46.9  sp_max=6.387s  sp_med=3.550s
k= 79  obj=$2818.05  ‖r‖=1.14e-04  ‖s‖=1.42e-02  ρ=46.9  sp_max=6.127s  sp_med=3.545s
k= 80  obj=$2818.23  ‖r‖=1.28e-04  ‖s‖=1.06e-02  ρ=46.9  sp_max=7.452s  sp_med=3.517s
      [Progress] 3729.5s elapsed, 1 iters/min
k= 81  obj=$2818.26  ‖r‖=1.30e-04  ‖s‖=7.46e-03  ρ=46.9  sp_max=12.146s  sp_med=5.436s
k= 82  obj=$2817.07  ‖r‖=1.36e-04  ‖s‖=5.38e-03  ρ=46.9  sp_max=11.565s  sp_med=5.473s
k= 83  obj=$2817.10  ‖r‖=1.22e-04  ‖s‖=4.83e-03  ρ=46.9  sp_max=8.892s  sp_med=5.153s
k= 84  obj=$2815.49  ‖r‖=1.04e-04  ‖s‖=6.50e-03  ρ=46.9  sp_max=8.406s  sp_med=4.305s
k= 85  obj=$2814.67  ‖r‖=1.09e-04  ‖s‖=7.84e-03  ρ=46.9  sp_max=5.637s  sp_med=3.683s
k= 86  obj=$2813.55  ‖r‖=1.07e-04  ‖s‖=9.22e-03  ρ=46.9  sp_max=6.691s  sp_med=3.655s
k= 87  obj=$2811.98  ‖r‖=1.01e-04  ‖s‖=1.05e-02  ρ=46.9  sp_max=6.011s  sp_med=3.602s
k= 88  obj=$2811.82  ‖r‖=9.95e-05  ‖s‖=1.13e-02  ρ=46.9  sp_max=7.968s  sp_med=3.938s
k= 89  obj=$2811.82  ‖r‖=9.63e-05  ‖s‖=1.20e-02  ρ=46.9  sp_max=10.678s  sp_med=5.100s
[36;1m  [k= 90] ρ 46.9 → 23.4 (s/r=125.7, ‖r‖ converged)
[0mk= 90  obj=$2811.48  ‖r‖=9.67e-05  ‖s‖=1.22e-02  ρ=23.4  sp_max=10.738s  sp_med=5.436s
      [Progress] 4183.3s elapsed, 1 iters/min
k= 91  obj=$2811.61  ‖r‖=9.40e-05  ‖s‖=1.18e-02  ρ=23.4  sp_max=6.848s  sp_med=3.571s
k= 92  obj=$2810.91  ‖r‖=8.51e-05  ‖s‖=1.11e-02  ρ=23.4  sp_max=6.841s  sp_med=3.614s
k= 93  obj=$2810.72  ‖r‖=9.30e-05  ‖s‖=1.00e-02  ρ=23.4  sp_max=6.140s  sp_med=3.675s
k= 94  obj=$2810.36  ‖r‖=1.12e-04  ‖s‖=8.49e-03  ρ=23.4  sp_max=6.499s  sp_med=3.687s
k= 95  obj=$2809.93  ‖r‖=1.33e-04  ‖s‖=6.69e-03  ρ=23.4  sp_max=6.094s  sp_med=3.835s
k= 96  obj=$2809.61  ‖r‖=1.47e-04  ‖s‖=4.85e-03  ρ=23.4  sp_max=5.997s  sp_med=3.663s
k= 97  obj=$2809.10  ‖r‖=1.53e-04  ‖s‖=3.24e-03  ρ=23.4  sp_max=7.583s  sp_med=4.047s
k= 98  obj=$2808.86  ‖r‖=1.53e-04  ‖s‖=2.01e-03  ρ=23.4  sp_max=7.458s  sp_med=3.574s
k= 99  obj=$2809.43  ‖r‖=1.47e-04  ‖s‖=1.98e-03  ρ=23.4  sp_max=5.561s  sp_med=3.730s
k=100  obj=$2810.44  ‖r‖=1.40e-04  ‖s‖=3.01e-03  ρ=23.4  sp_max=6.518s  sp_med=3.641s
      [Progress] 4547.2s elapsed, 1 iters/min
[33;1m⚠ tADMM did NOT converge after 100 iterations (‖r‖=1.40e-04, ‖s‖=3.01e-03)
[0m
================================================================================
[36;1m📊 SOLVER PERFORMANCE ANALYSIS (optimize!() times only)[0m
================================================================================
Iterations:       100
Effective time:   816.26 seconds
Wall-clock time:  4547.75 seconds
Overhead:         82.1%
================================================================================

--- tADMM RESULT ---
[32;1mObjective: $2810.44
Wall-clock: 4547.75 seconds
Effective:  816.26 seconds (100 iterations)
[0m
================================================================================
[36;1mVALIDATING tADMM SOLUTION[0m
================================================================================

================================================================================
SOLUTION VALIDATION: tADMM SOCP
================================================================================
✓ All constraints satisfied!
================================================================================
[32;1m✓ Convergence CSV: C:\repos_addendum\MultiPeriodDistOPF\envs\tadmm\processedData\ieee123C_1ph_T144\convergence_data.csv[0m
[32;1m✓ Subproblem timing CSV: C:\repos_addendum\MultiPeriodDistOPF\envs\tadmm\processedData\ieee123C_1ph_T144\subproblem_timing_details.csv[0m
[36;1mLoaded BF results from C:\repos_addendum\MultiPeriodDistOPF\envs\tadmm\processedData\ieee123C_1ph_T144\results_socp_bf.txt[0m
[36;1mNear-optimal at k=48 (367.32s eff): obj=$2817.33, gap=0.230% vs BF, r=7.85e-05, s=5.30e-01[0m
[32;1m✓ Near-optimal summary: C:\repos_addendum\MultiPeriodDistOPF\envs\tadmm\processedData\ieee123C_1ph_T144\near_optimal_summary.csv[0m
[32;1m✓ Solution saved: C:\repos_addendum\MultiPeriodDistOPF\envs\tadmm\processedData\ieee123C_1ph_T144\sol_socp_tadmm.jls[0m
[32;1m✓ tADMM results written to C:\repos_addendum\MultiPeriodDistOPF\envs\tadmm\processedData\ieee123C_1ph_T144\results_socp_tadmm.txt[0m
[32;1m✓ Live log trimmed to last 100 lines: C:\repos_addendum\MultiPeriodDistOPF\envs\tadmm\processedData\ieee123C_1ph_T144\tadmm_run.log[0m

================================================================================
[35;1mtADMM PIPELINE COMPLETE[0m
================================================================================
