# tADMM live log — ieee123C_1ph T=144, ρ_init=24000.0, adaptive=true
# k, objective, r_norm, s_norm, rho, sp_max, sp_med, elapsed_s, event
1,1325.406152,8.5272912938e-04,1.2038659858e+00,24000.00,9.5440,7.3900,79.26,
2,1325.405920,8.5154210233e-04,1.4052063678e+00,24000.00,4.6850,2.8135,111.39,
3,1325.416264,8.4978567962e-04,1.6220386585e+00,24000.00,8.7060,2.6490,139.97,
4,1399.857632,7.9786158983e-04,1.8105011036e+00,24000.00,8.5560,2.2930,176.91,
5,1558.732348,7.2216647813e-04,1.9790521805e+00,48000.00,8.4760,2.6610,219.78,
6,1831.443346,6.0098289522e-04,2.2871153809e+00,48000.00,10.6180,4.2050,271.46,
7,2327.931845,4.0006521819e-04,2.4745734937e+00,48000.00,15.8040,5.1515,337.63,
8,2664.773255,2.5906999997e-04,2.5439960500e+00,48000.00,7.7020,5.1535,388.41,
9,2835.838824,1.6496779381e-04,2.5222630071e+00,48000.00,7.8170,5.1760,440.34,
10,2922.238352,1.0372888083e-04,2.4772857915e+00,96000.00,9.5860,5.5145,494.06,
11,2990.996500,3.6025973368e-06,2.3891267412e+00,96000.00,7.4220,5.0270,541.04,
12,2990.134694,2.4894201731e-06,2.2693486486e+00,96000.00,5.7820,4.5015,584.26,
13,2989.285465,1.8383025551e-06,2.1822018163e+00,96000.00,7.0960,5.3410,635.58,
14,2988.312717,1.3266133092e-06,2.1135485996e+00,96000.00,8.1350,4.6445,678.62,
15,2987.256590,1.0098973009e-06,2.0850578885e+00,48000.00,9.0000,4.3655,721.76,
16,2985.352678,1.3997502135e-06,2.0544147642e+00,48000.00,6.4200,4.8935,768.79,
17,2983.690919,2.3000781092e-06,2.0161222898e+00,48000.00,7.5150,4.2655,812.49,
18,2982.124337,1.7199308566e-06,2.0014560465e+00,48000.00,6.3340,4.1140,854.07,
19,2980.651061,1.7946057345e-06,1.9723637185e+00,48000.00,6.7810,5.0775,902.30,
20,2979.123064,1.4983477560e-06,1.9416845230e+00,24000.00,6.5780,4.9565,950.54,
21,2976.601650,4.3887352892e-06,1.8670105004e+00,24000.00,6.6670,4.6880,994.62,
22,2974.266468,4.6502749665e-06,1.8021883303e+00,24000.00,6.8920,4.0775,1037.24,
23,2971.717417,4.0862006149e-06,1.7668864074e+00,24000.00,8.9410,4.9260,1088.52,
24,2969.203441,3.8784687019e-06,1.7232155760e+00,24000.00,7.7750,4.9010,1139.02,
25,2966.748029,3.7576587182e-06,1.6830334576e+00,12000.00,6.0600,4.5240,1182.05,
26,2962.625767,7.3854727003e-06,1.6248971618e+00,12000.00,7.9170,3.8895,1220.53,
27,2959.025509,7.6945902686e-06,1.5798942466e+00,12000.00,9.2430,6.2490,1278.87,
28,2955.470997,6.7216364517e-06,1.5478740821e+00,12000.00,7.2660,4.4785,1324.97,
29,2952.053248,9.6111658207e-06,1.4681907643e+00,12000.00,7.3230,4.4410,1370.44,
30,2948.935995,1.1246269614e-05,1.4077273292e+00,6000.00,5.1850,3.9115,1407.97,
31,2943.360129,1.7666839390e-05,1.3308577254e+00,6000.00,7.1180,4.0020,1450.29,
32,2938.737363,2.4323283860e-05,1.2339759256e+00,6000.00,7.5140,3.8290,1489.88,
33,2933.975874,2.8191722614e-05,1.1158231798e+00,6000.00,7.7720,5.3920,1541.65,
34,2929.637047,3.2308726115e-05,9.9484932905e-01,6000.00,10.4400,5.9295,1599.61,
35,2924.979972,3.7640407598e-05,9.1560963169e-01,3000.00,8.6310,5.2965,1652.44,
36,2917.698357,4.7842583503e-05,8.4998459061e-01,3000.00,9.4500,5.5995,1704.62,
37,2911.245752,5.1010458267e-05,7.8820224963e-01,3000.00,7.3490,4.0525,1745.52,
38,2905.572466,5.5984248627e-05,7.3106532151e-01,3000.00,5.4170,3.5450,1780.37,
39,2900.409781,6.0815592051e-05,6.9056670223e-01,3000.00,7.8680,5.1845,1829.15,
40,2895.786815,6.3958188750e-05,6.5350925105e-01,1500.00,5.7160,3.7280,1865.41,
41,2887.656883,6.8602401443e-05,6.2826116763e-01,1500.00,6.0280,3.9130,1904.12,
42,2879.905019,6.7504191089e-05,6.0426658491e-01,1500.00,5.1150,3.8730,1941.35,
43,2871.465743,6.7341880201e-05,5.8685752723e-01,1500.00,6.7520,3.7905,1978.70,
44,2863.405239,6.8582776040e-05,5.7272110587e-01,1500.00,6.6330,3.4695,2014.77,
45,2855.756383,6.5926488099e-05,5.6464419217e-01,750.00,5.8420,3.5960,2052.01,
46,2842.033902,7.2348299137e-05,5.5606150065e-01,750.00,7.9520,5.3560,2104.16,
47,2829.257338,7.5798513594e-05,5.4890157609e-01,750.00,7.2910,4.0745,2147.48,
48,2817.333979,7.8459719218e-05,5.3035674150e-01,750.00,8.6090,5.4400,2202.66,
49,2807.155288,7.7575649589e-05,5.0803968972e-01,750.00,6.8820,3.7660,2241.68,
50,2798.102846,7.7019613211e-05,4.8182915008e-01,375.00,10.0250,5.0020,2292.52,
51,2784.431361,8.0764204461e-05,4.3935325942e-01,375.00,9.0310,5.5355,2348.72,
52,2773.685063,8.4657246471e-05,3.7972138798e-01,375.00,10.1970,5.3630,2401.35,
53,2769.811512,8.6869350406e-05,3.0896888264e-01,375.00,8.2490,5.4865,2455.92,
54,2769.020556,8.9047451582e-05,2.4829290399e-01,375.00,8.2970,5.3580,2509.27,
55,2769.377539,8.8928317590e-05,2.1082075829e-01,187.50,8.6210,5.1690,2560.42,
56,2773.269650,8.9170217945e-05,1.6730665353e-01,187.50,7.4220,5.0715,2610.59,
57,2775.185558,8.5306137771e-05,1.3233232863e-01,187.50,11.8380,5.1325,2663.33,
58,2779.413025,7.7232291598e-05,1.0834128595e-01,187.50,11.0320,5.3075,2717.88,
59,2787.561148,7.7995240134e-05,9.0540083578e-02,187.50,11.5890,5.4465,2774.81,
60,2793.829100,8.1453676704e-05,7.5557578030e-02,93.75,11.0000,5.4930,2832.16,
61,2808.034127,1.0279956606e-04,6.0301653713e-02,93.75,9.2650,5.2445,2885.79,
62,2820.424744,1.0847550923e-04,4.6370018286e-02,93.75,11.8250,6.2585,2948.89,
63,2829.638025,1.1877336906e-04,3.5068903306e-02,93.75,11.8180,5.6235,3005.22,
64,2835.385453,1.3218721017e-04,2.5716549728e-02,93.75,10.7030,6.0615,3065.75,
65,2836.385632,1.3555545933e-04,1.8643107418e-02,93.75,10.9400,6.2515,3126.06,
66,2836.221087,1.2678353442e-04,1.4989464406e-02,93.75,10.1140,5.6905,3180.71,
67,2836.809862,1.2621949517e-04,1.4322483788e-02,93.75,8.1200,4.2025,3222.03,
68,2836.260150,1.3130132816e-04,1.5875120435e-02,93.75,11.0630,5.6405,3277.70,
69,2836.769117,1.3140642474e-04,1.8262643207e-02,93.75,7.6310,3.9025,3316.21,
70,2837.039642,1.3090979702e-04,2.0012434148e-02,93.75,6.9490,3.7965,3352.98,
71,2839.546309,1.1409142956e-04,2.2427725997e-02,93.75,6.7330,3.5965,3388.96,
72,2843.508580,1.0188845487e-04,2.4181886389e-02,93.75,8.8200,3.6345,3425.34,
73,2845.250954,9.8513268791e-05,2.4455092037e-02,93.75,10.3260,4.7880,3473.00,
74,2838.112303,7.7663023061e-05,2.4906747307e-02,93.75,8.5250,3.7105,3511.20,
75,2825.852038,5.9343249480e-05,2.4564615607e-02,46.88,10.9010,3.9645,3550.92,
76,2817.737382,9.3823921311e-05,2.2730950866e-02,46.88,6.6990,3.5920,3586.33,
77,2813.505552,1.0420904187e-04,2.0531205398e-02,46.88,10.0880,3.8235,3623.90,
78,2815.744655,1.0499571463e-04,1.7706471432e-02,46.88,6.3870,3.5495,3658.45,
79,2818.054188,1.1449730683e-04,1.4217108902e-02,46.88,6.1270,3.5455,3693.60,
80,2818.227122,1.2790430818e-04,1.0572767494e-02,46.88,7.4520,3.5165,3729.50,
81,2818.264622,1.3002111266e-04,7.4585991259e-03,46.88,12.1460,5.4365,3783.25,
82,2817.072537,1.3635507141e-04,5.3817166017e-03,46.88,11.5650,5.4725,3836.69,
83,2817.097048,1.2247176262e-04,4.8312923918e-03,46.88,8.8920,5.1530,3887.97,
84,2815.485082,1.0443250320e-04,6.4973130668e-03,46.88,8.4060,4.3050,3930.30,
85,2814.672872,1.0902026937e-04,7.8438847485e-03,46.88,5.6370,3.6830,3966.52,
86,2813.546891,1.0722668736e-04,9.2243634956e-03,46.88,6.6910,3.6545,4002.36,
87,2811.979029,1.0076266461e-04,1.0494926666e-02,46.88,6.0110,3.6020,4037.99,
88,2811.823969,9.9469537404e-05,1.1329135022e-02,46.88,7.9680,3.9380,4078.45,
89,2811.818066,9.6291658662e-05,1.1967794057e-02,46.88,10.6780,5.1005,4130.90,
90,2811.483195,9.6719116110e-05,1.2160078776e-02,23.44,10.7380,5.4355,4183.31,
91,2811.610614,9.3950895670e-05,1.1794792465e-02,23.44,6.8480,3.5710,4218.51,
92,2810.907499,8.5069999079e-05,1.1079405875e-02,23.44,6.8410,3.6140,4254.27,
93,2810.720026,9.3022140311e-05,1.0003654534e-02,23.44,6.1400,3.6755,4289.61,
94,2810.358717,1.1231260481e-04,8.4880927746e-03,23.44,6.4990,3.6870,4325.98,
95,2809.929246,1.3299195398e-04,6.6902281378e-03,23.44,6.0940,3.8345,4363.11,
96,2809.613504,1.4701528442e-04,4.8500031055e-03,23.44,5.9970,3.6630,4398.91,
97,2809.099320,1.5326539451e-04,3.2438202289e-03,23.44,7.5830,4.0465,4437.54,
98,2808.857242,1.5287324710e-04,2.0123083209e-03,23.44,7.4580,3.5735,4473.63,
99,2809.433380,1.4716604882e-04,1.9793771770e-03,23.44,5.5610,3.7300,4510.24,
100,2810.437819,1.4037760018e-04,3.0051117378e-03,23.44,6.5180,3.6415,4547.20,
