
================================================================================
PARALLELIZATION STATUS
================================================================================
Julia threads:       16
Status:              Using 16 threads
================================================================================
RHO_OVERRIDE: using rho = 10000.0
EPS_PRI_OVERRIDE: using eps_pri = 0.001
EPS_DUAL_OVERRIDE: using eps_dual = 0.001
ADAPTIVE_RHO_OVERRIDE: adaptive_rho = true

================================================================================
PARSING SYSTEM DATA
================================================================================
Loaded system: ieee2552C_1ph from C:\repos_addendum\MultiPeriodDistOPF\envs\tadmm\..\..\rawData\ieee2552C_1ph\Master.dss

========================================
Initial Powerflow
========================================
Powerflow completed successfully!

[OpenDSS] Total system load: 2129.58 kW
[OpenDSS] Substation power: 2187.53 kW
[OpenDSS] Total PV dispatch: 0.00 kW
[OpenDSS] Total battery dispatch: 0.00 kW
[OpenDSS] Total system losses: 57.95 kW


================================================================================
[35;1mSOLVING MPOPF WITH SOCP (tADMM)[0m
================================================================================
[36;1mUsing fixed rho = 10000.0[0m
  [tADMM hyperparams] mu_balance=5.00 tau_incr=2.00 tau_decr=2.00 update_interval=5 eps_pri=1.0e-03 eps_dual=1.0e-03 rho_init=10000.0 adaptive=true

================================================================================
[36;1m🎯 tADMM[SOCP]: T=48, ρ_init=10000.0, adaptive=true, warm_start=true, |Bset|=250, |Nset|=2522, |Lset|=2521
[0m================================================================================

******************************************************************************
This program contains Ipopt, a library for large-scale nonlinear optimization.
 Ipopt is released as open source code under the Eclipse Public License (EPL).
         For more information visit https://github.com/coin-or/Ipopt
******************************************************************************

k=  1  obj=$4431.77  ‖r‖=1.33e-03  ‖s‖=2.14e+00  ρ=10000.0  sp_max=49.897s  sp_med=30.231s
k=  2  obj=$4299.55  ‖r‖=1.35e-03  ‖s‖=2.23e+00  ρ=10000.0  sp_max=41.728s  sp_med=9.459s
k=  3  obj=$4299.58  ‖r‖=1.33e-03  ‖s‖=2.28e+00  ρ=10000.0  sp_max=26.087s  sp_med=10.360s
k=  4  obj=$4299.55  ‖r‖=1.33e-03  ‖s‖=2.17e+00  ρ=10000.0  sp_max=29.329s  sp_med=11.611s
[33;1m  [PHASE1-UP] ρ: 10000.0 → 20000.0 (‖r‖=1.33e-03 > ε=1.0e-03)
[0mk=  5  obj=$4299.56  ‖r‖=1.33e-03  ‖s‖=2.26e+00  ρ=20000.0  sp_max=24.712s  sp_med=10.666s
k=  6  obj=$4569.44  ‖r‖=1.21e-03  ‖s‖=2.79e+00  ρ=20000.0  sp_max=26.028s  sp_med=10.647s
k=  7  obj=$5181.83  ‖r‖=1.04e-03  ‖s‖=3.33e+00  ρ=20000.0  sp_max=31.777s  sp_med=13.754s
k=  8  obj=$5767.29  ‖r‖=9.03e-04  ‖s‖=3.71e+00  ρ=20000.0  sp_max=63.799s  sp_med=24.830s
k=  9  obj=$6500.10  ‖r‖=7.19e-04  ‖s‖=2.88e+00  ρ=20000.0  sp_max=76.477s  sp_med=28.097s
[32;1m  [k= 10] Phase 1→2: primal converged
[0m[36;1m  [k= 10] ρ 20000.0 → 10000.0 (s/r=4571.3, ‖r‖ converged)
[0mk= 10  obj=$7401.48  ‖r‖=5.00e-04  ‖s‖=2.29e+00  ρ=10000.0  sp_max=65.796s  sp_med=29.006s
      [Progress] 798.7s elapsed, 1 iters/min
k= 11  obj=$7859.80  ‖r‖=3.84e-04  ‖s‖=2.04e+00  ρ=10000.0  sp_max=51.370s  sp_med=23.153s
k= 12  obj=$8047.23  ‖r‖=3.03e-04  ‖s‖=1.88e+00  ρ=10000.0  sp_max=63.411s  sp_med=25.933s
k= 13  obj=$8187.93  ‖r‖=2.52e-04  ‖s‖=1.81e+00  ρ=10000.0  sp_max=56.718s  sp_med=25.372s
k= 14  obj=$8294.78  ‖r‖=1.77e-04  ‖s‖=1.80e+00  ρ=10000.0  sp_max=60.297s  sp_med=27.701s
[36;1m  [k= 15] ρ 10000.0 → 5000.0 (s/r=14068.1, ‖r‖ converged)
[0mk= 15  obj=$8375.56  ‖r‖=1.29e-04  ‖s‖=1.82e+00  ρ=5000.0  sp_max=46.605s  sp_med=25.351s
k= 16  obj=$8358.65  ‖r‖=1.14e-04  ‖s‖=1.83e+00  ρ=5000.0  sp_max=25.672s  sp_med=13.133s
k= 17  obj=$8331.88  ‖r‖=1.07e-04  ‖s‖=1.79e+00  ρ=5000.0  sp_max=25.194s  sp_med=13.019s
k= 18  obj=$8313.35  ‖r‖=9.99e-05  ‖s‖=1.76e+00  ρ=5000.0  sp_max=23.353s  sp_med=11.354s
k= 19  obj=$8315.61  ‖r‖=7.80e-05  ‖s‖=1.76e+00  ρ=5000.0  sp_max=20.110s  sp_med=11.974s
[36;1m  [k= 20] ρ 5000.0 → 2500.0 (s/r=38417.5, ‖r‖ converged)
[0mk= 20  obj=$8329.35  ‖r‖=4.59e-05  ‖s‖=1.76e+00  ρ=2500.0  sp_max=27.436s  sp_med=11.533s
      [Progress] 1625.1s elapsed, 1 iters/min
k= 21  obj=$8322.30  ‖r‖=3.98e-05  ‖s‖=1.74e+00  ρ=2500.0  sp_max=33.258s  sp_med=17.115s
k= 22  obj=$8284.73  ‖r‖=5.32e-05  ‖s‖=1.66e+00  ρ=2500.0  sp_max=38.429s  sp_med=16.212s
k= 23  obj=$8257.11  ‖r‖=6.64e-05  ‖s‖=1.47e+00  ρ=2500.0  sp_max=27.855s  sp_med=15.894s
k= 24  obj=$8244.15  ‖r‖=7.50e-05  ‖s‖=1.18e+00  ρ=2500.0  sp_max=28.196s  sp_med=15.385s
[36;1m  [k= 25] ρ 2500.0 → 1250.0 (s/r=14667.6, ‖r‖ converged)
[0mk= 25  obj=$8246.47  ‖r‖=6.30e-05  ‖s‖=9.24e-01  ρ=1250.0  sp_max=25.932s  sp_med=13.781s
k= 26  obj=$8251.13  ‖r‖=7.43e-05  ‖s‖=6.80e-01  ρ=1250.0  sp_max=44.359s  sp_med=21.455s
k= 27  obj=$8251.11  ‖r‖=8.50e-05  ‖s‖=5.07e-01  ρ=1250.0  sp_max=42.718s  sp_med=18.765s
k= 28  obj=$8243.72  ‖r‖=8.17e-05  ‖s‖=4.00e-01  ρ=1250.0  sp_max=31.458s  sp_med=14.346s
k= 29  obj=$8230.48  ‖r‖=7.44e-05  ‖s‖=3.26e-01  ρ=1250.0  sp_max=29.676s  sp_med=11.920s
[36;1m  [k= 30] ρ 1250.0 → 625.0 (s/r=4462.6, ‖r‖ converged)
[0mk= 30  obj=$8224.10  ‖r‖=6.03e-05  ‖s‖=2.69e-01  ρ=625.0  sp_max=27.280s  sp_med=11.532s
      [Progress] 2257.9s elapsed, 1 iters/min
k= 31  obj=$8233.62  ‖r‖=5.76e-05  ‖s‖=1.91e-01  ρ=625.0  sp_max=26.481s  sp_med=11.187s
k= 32  obj=$8249.66  ‖r‖=7.34e-05  ‖s‖=1.08e-01  ρ=625.0  sp_max=33.036s  sp_med=11.321s
k= 33  obj=$8249.37  ‖r‖=6.55e-05  ‖s‖=5.15e-02  ρ=625.0  sp_max=23.775s  sp_med=9.659s
k= 34  obj=$8240.62  ‖r‖=4.91e-05  ‖s‖=4.92e-02  ρ=625.0  sp_max=25.004s  sp_med=10.651s
[36;1m  [k= 35] ρ 625.0 → 312.5 (s/r=1347.9, ‖r‖ converged)
[0mk= 35  obj=$8223.64  ‖r‖=4.10e-05  ‖s‖=5.53e-02  ρ=312.5  sp_max=25.466s  sp_med=10.864s
k= 36  obj=$8193.90  ‖r‖=4.09e-05  ‖s‖=4.54e-02  ρ=312.5  sp_max=27.713s  sp_med=12.205s
k= 37  obj=$8185.40  ‖r‖=5.84e-05  ‖s‖=2.46e-02  ρ=312.5  sp_max=25.957s  sp_med=12.585s
k= 38  obj=$8189.59  ‖r‖=5.20e-05  ‖s‖=1.51e-02  ρ=312.5  sp_max=28.749s  sp_med=12.937s
k= 39  obj=$8196.76  ‖r‖=3.23e-05  ‖s‖=1.39e-02  ρ=312.5  sp_max=36.472s  sp_med=14.841s
[36;1m  [k= 40] ρ 312.5 → 156.2 (s/r=464.3, ‖r‖ converged)
[0mk= 40  obj=$8201.51  ‖r‖=2.21e-05  ‖s‖=1.03e-02  ρ=156.2  sp_max=23.064s  sp_med=11.078s
      [Progress] 2786.9s elapsed, 1 iters/min
k= 41  obj=$8201.26  ‖r‖=2.10e-05  ‖s‖=5.13e-03  ρ=156.2  sp_max=27.288s  sp_med=11.374s
k= 42  obj=$8201.24  ‖r‖=2.21e-05  ‖s‖=2.66e-03  ρ=156.2  sp_max=25.213s  sp_med=10.279s
k= 43  obj=$8202.01  ‖r‖=2.36e-05  ‖s‖=1.68e-03  ρ=156.2  sp_max=36.915s  sp_med=13.695s
k= 44  obj=$8201.55  ‖r‖=2.10e-05  ‖s‖=2.07e-03  ρ=156.2  sp_max=27.609s  sp_med=10.420s
[36;1m  [k= 45] ρ 156.2 → 78.1 (s/r=132.4, ‖r‖ converged)
[0mk= 45  obj=$8202.81  ‖r‖=1.83e-05  ‖s‖=2.42e-03  ρ=78.1  sp_max=37.955s  sp_med=15.846s
k= 46  obj=$8202.21  ‖r‖=1.89e-05  ‖s‖=1.96e-03  ρ=78.1  sp_max=43.728s  sp_med=17.620s
k= 47  obj=$8196.77  ‖r‖=1.75e-05  ‖s‖=1.67e-03  ρ=78.1  sp_max=35.635s  sp_med=16.598s
k= 48  obj=$8192.28  ‖r‖=2.04e-05  ‖s‖=1.32e-03  ρ=78.1  sp_max=44.361s  sp_med=16.893s
k= 49  obj=$8191.85  ‖r‖=1.92e-05  ‖s‖=9.33e-04  ρ=78.1  sp_max=30.747s  sp_med=15.091s
[32;1m🎉 tADMM converged at iteration 49 (‖r‖=1.92e-05 ≤ 1.00e-03, ‖s‖=9.33e-04 ≤ 1.00e-03)
  Final objective: $8191.85
[0m
================================================================================
[36;1m📊 SOLVER PERFORMANCE ANALYSIS (optimize!() times only)[0m
================================================================================
Iterations:       48
Effective time:   1750.12 seconds
Wall-clock time:  3374.01 seconds
Overhead:         48.1%
================================================================================

--- tADMM RESULT ---
[32;1mObjective: $8191.85
Wall-clock: 3374.01 seconds
Effective:  1750.12 seconds (49 iterations)
[0m
================================================================================
[36;1mVALIDATING tADMM SOLUTION[0m
================================================================================

================================================================================
SOLUTION VALIDATION: tADMM SOCP
================================================================================
✓ All constraints satisfied!
================================================================================
[32;1m✓ Convergence CSV: C:\repos_addendum\MultiPeriodDistOPF\envs\tadmm\processedData\ieee2552C_1ph_T48\convergence_data.csv[0m
[32;1m✓ Subproblem timing CSV: C:\repos_addendum\MultiPeriodDistOPF\envs\tadmm\processedData\ieee2552C_1ph_T48\subproblem_timing_details.csv[0m
[36;1mLoaded BF results from C:\repos_addendum\MultiPeriodDistOPF\envs\tadmm\processedData\ieee2552C_1ph_T48\results_socp_bf.txt[0m
[36;1mNear-optimal at k=13 (607.13s eff): obj=$8187.93, gap=0.147% vs BF, r=2.52e-04, s=1.81e+00[0m
[32;1m✓ Near-optimal summary: C:\repos_addendum\MultiPeriodDistOPF\envs\tadmm\processedData\ieee2552C_1ph_T48\near_optimal_summary.csv[0m
[32;1m✓ Solution saved: C:\repos_addendum\MultiPeriodDistOPF\envs\tadmm\processedData\ieee2552C_1ph_T48\sol_socp_tadmm.jls[0m
[32;1m✓ tADMM results written to C:\repos_addendum\MultiPeriodDistOPF\envs\tadmm\processedData\ieee2552C_1ph_T48\results_socp_tadmm.txt[0m
[32;1m✓ Live log trimmed to last 100 lines: C:\repos_addendum\MultiPeriodDistOPF\envs\tadmm\processedData\ieee2552C_1ph_T48\tadmm_run.log[0m

================================================================================
[35;1mtADMM PIPELINE COMPLETE[0m
================================================================================
