
================================================================================
PARALLELIZATION STATUS
================================================================================
Julia threads:       16
Status:              Using 16 threads
================================================================================
RHO_OVERRIDE: using rho = 250.0
EPS_PRI_OVERRIDE: using eps_pri = 0.001
EPS_DUAL_OVERRIDE: using eps_dual = 0.001
ADAPTIVE_RHO_OVERRIDE: adaptive_rho = true

================================================================================
PARSING SYSTEM DATA
================================================================================
Loaded system: ieee2552C_1ph from C:\repos_addendum\MultiPeriodDistOPF\envs\tadmm\..\..\rawData\ieee2552C_1ph\Master.dss

========================================
Initial Powerflow
========================================
Powerflow completed successfully!

[OpenDSS] Total system load: 2129.58 kW
[OpenDSS] Substation power: 2187.53 kW
[OpenDSS] Total PV dispatch: 0.00 kW
[OpenDSS] Total battery dispatch: 0.00 kW
[OpenDSS] Total system losses: 57.95 kW


================================================================================
[35;1mSOLVING MPOPF WITH SOCP (tADMM)[0m
================================================================================
[36;1mUsing fixed rho = 250.0[0m
  [tADMM hyperparams] mu_balance=5.00 tau_incr=2.00 tau_decr=2.00 update_interval=5 eps_pri=1.0e-03 eps_dual=1.0e-03 rho_init=250.0 adaptive=true

================================================================================
[36;1m🎯 tADMM[SOCP]: T=48, ρ_init=250.0, adaptive=true, warm_start=true, |Bset|=250, |Nset|=2522, |Lset|=2521
[0m================================================================================

******************************************************************************
This program contains Ipopt, a library for large-scale nonlinear optimization.
 Ipopt is released as open source code under the Eclipse Public License (EPL).
         For more information visit https://github.com/coin-or/Ipopt
******************************************************************************


******************************************************************************
This program contains Ipopt, a library for large-scale nonlinear optimization.
 Ipopt is released as open source code under the Eclipse Public License (EPL).
         For more information visit https://github.com/coin-or/Ipopt
******************************************************************************

k=  1  obj=$4358.04  ‖r‖=1.36e-03  ‖s‖=8.37e-02  ρ=250.0  sp_max=51.905s  sp_med=38.994s
k=  2  obj=$4308.58  ‖r‖=1.35e-03  ‖s‖=7.05e-02  ρ=250.0  sp_max=51.008s  sp_med=26.581s
k=  3  obj=$4308.56  ‖r‖=1.34e-03  ‖s‖=5.92e-02  ρ=250.0  sp_max=48.377s  sp_med=14.158s
k=  4  obj=$4299.55  ‖r‖=1.36e-03  ‖s‖=6.28e-02  ρ=250.0  sp_max=32.942s  sp_med=11.672s
[33;1m  [PHASE1-UP] ρ: 250.0 → 500.0 (‖r‖=1.34e-03 > ε=1.0e-03)
[0mk=  5  obj=$4299.55  ‖r‖=1.34e-03  ‖s‖=6.24e-02  ρ=500.0  sp_max=28.571s  sp_med=12.829s
k=  6  obj=$4299.55  ‖r‖=1.32e-03  ‖s‖=7.23e-02  ρ=500.0  sp_max=20.734s  sp_med=10.046s
k=  7  obj=$4299.55  ‖r‖=1.31e-03  ‖s‖=8.29e-02  ρ=500.0  sp_max=15.197s  sp_med=12.133s
k=  8  obj=$4299.55  ‖r‖=1.30e-03  ‖s‖=9.47e-02  ρ=500.0  sp_max=18.199s  sp_med=10.710s
k=  9  obj=$4299.55  ‖r‖=1.30e-03  ‖s‖=8.22e-02  ρ=500.0  sp_max=29.111s  sp_med=11.459s
[33;1m  [PHASE1-UP] ρ: 500.0 → 1000.0 (‖r‖=1.30e-03 > ε=1.0e-03)
[0mk= 10  obj=$4299.55  ‖r‖=1.30e-03  ‖s‖=8.01e-02  ρ=1000.0  sp_max=21.093s  sp_med=14.392s
      [Progress] 638.0s elapsed, 1 iters/min
k= 11  obj=$4299.55  ‖r‖=1.30e-03  ‖s‖=8.47e-02  ρ=1000.0  sp_max=18.950s  sp_med=14.384s
k= 12  obj=$4299.55  ‖r‖=1.30e-03  ‖s‖=9.27e-02  ρ=1000.0  sp_max=19.386s  sp_med=16.154s
k= 13  obj=$4299.55  ‖r‖=1.29e-03  ‖s‖=9.93e-02  ρ=1000.0  sp_max=17.214s  sp_med=12.096s
k= 14  obj=$4299.55  ‖r‖=1.29e-03  ‖s‖=1.04e-01  ρ=1000.0  sp_max=17.880s  sp_med=15.118s
[33;1m  [PHASE1-UP] ρ: 1000.0 → 2000.0 (‖r‖=1.29e-03 > ε=1.0e-03)
[0mk= 15  obj=$4299.55  ‖r‖=1.29e-03  ‖s‖=1.07e-01  ρ=2000.0  sp_max=18.340s  sp_med=15.351s
k= 16  obj=$4299.55  ‖r‖=1.29e-03  ‖s‖=1.16e-01  ρ=2000.0  sp_max=17.100s  sp_med=11.461s
k= 17  obj=$4299.55  ‖r‖=1.29e-03  ‖s‖=1.27e-01  ρ=2000.0  sp_max=26.059s  sp_med=11.544s
k= 18  obj=$4299.55  ‖r‖=1.29e-03  ‖s‖=1.37e-01  ρ=2000.0  sp_max=14.683s  sp_med=10.646s
k= 19  obj=$4299.55  ‖r‖=1.29e-03  ‖s‖=1.46e-01  ρ=2000.0  sp_max=12.097s  sp_med=9.938s
[33;1m  [PHASE1-UP] ρ: 2000.0 → 4000.0 (‖r‖=1.29e-03 > ε=1.0e-03)
[0mk= 20  obj=$4299.55  ‖r‖=1.29e-03  ‖s‖=1.53e-01  ρ=4000.0  sp_max=13.187s  sp_med=9.382s
      [Progress] 1101.4s elapsed, 1 iters/min
k= 21  obj=$4299.55  ‖r‖=1.29e-03  ‖s‖=1.68e-01  ρ=4000.0  sp_max=27.502s  sp_med=8.851s
k= 22  obj=$4299.55  ‖r‖=1.29e-03  ‖s‖=1.85e-01  ρ=4000.0  sp_max=18.710s  sp_med=8.497s
k= 23  obj=$4299.55  ‖r‖=1.29e-03  ‖s‖=2.02e-01  ρ=4000.0  sp_max=10.544s  sp_med=8.791s
k= 24  obj=$4299.55  ‖r‖=1.29e-03  ‖s‖=2.17e-01  ρ=4000.0  sp_max=15.250s  sp_med=12.164s
[33;1m  [PHASE1-UP] ρ: 4000.0 → 8000.0 (‖r‖=1.29e-03 > ε=1.0e-03)
[0mk= 25  obj=$4299.55  ‖r‖=1.29e-03  ‖s‖=2.30e-01  ρ=8000.0  sp_max=19.213s  sp_med=11.853s
k= 26  obj=$4299.55  ‖r‖=1.29e-03  ‖s‖=2.56e-01  ρ=8000.0  sp_max=13.989s  sp_med=10.018s
k= 27  obj=$4321.13  ‖r‖=1.28e-03  ‖s‖=2.88e-01  ρ=8000.0  sp_max=20.652s  sp_med=8.988s
k= 28  obj=$4447.92  ‖r‖=1.24e-03  ‖s‖=3.51e-01  ρ=8000.0  sp_max=21.247s  sp_med=13.780s
k= 29  obj=$4615.83  ‖r‖=1.19e-03  ‖s‖=4.73e-01  ρ=8000.0  sp_max=24.283s  sp_med=12.428s
[33;1m  [PHASE1-UP] ρ: 8000.0 → 16000.0 (‖r‖=1.14e-03 > ε=1.0e-03)
[0mk= 30  obj=$4803.95  ‖r‖=1.14e-03  ‖s‖=6.05e-01  ρ=16000.0  sp_max=21.783s  sp_med=12.852s
      [Progress] 1517.1s elapsed, 1 iters/min
k= 31  obj=$5120.68  ‖r‖=1.06e-03  ‖s‖=9.80e-01  ρ=16000.0  sp_max=26.671s  sp_med=14.186s
k= 32  obj=$5655.79  ‖r‖=9.38e-04  ‖s‖=1.35e+00  ρ=16000.0  sp_max=40.954s  sp_med=14.982s
k= 33  obj=$6439.89  ‖r‖=7.53e-04  ‖s‖=1.62e+00  ρ=16000.0  sp_max=30.958s  sp_med=12.714s
k= 34  obj=$7308.83  ‖r‖=5.47e-04  ‖s‖=1.79e+00  ρ=16000.0  sp_max=30.029s  sp_med=12.988s
[32;1m  [k= 35] Phase 1→2: primal converged
[0m[36;1m  [k= 35] ρ 16000.0 → 8000.0 (s/r=4929.3, ‖r‖ converged)
[0mk= 35  obj=$7890.85  ‖r‖=3.79e-04  ‖s‖=1.87e+00  ρ=8000.0  sp_max=24.120s  sp_med=12.326s
k= 36  obj=$8185.21  ‖r‖=2.65e-04  ‖s‖=1.89e+00  ρ=8000.0  sp_max=25.568s  sp_med=12.252s
k= 37  obj=$8298.61  ‖r‖=2.17e-04  ‖s‖=1.91e+00  ρ=8000.0  sp_max=27.142s  sp_med=12.168s
k= 38  obj=$8371.06  ‖r‖=1.61e-04  ‖s‖=1.89e+00  ρ=8000.0  sp_max=20.933s  sp_med=8.643s
k= 39  obj=$8486.04  ‖r‖=2.17e-05  ‖s‖=1.88e+00  ρ=8000.0  sp_max=18.196s  sp_med=8.187s
[36;1m  [k= 40] ρ 8000.0 → 4000.0 (s/r=118695.1, ‖r‖ converged)
[0mk= 40  obj=$8478.02  ‖r‖=1.58e-05  ‖s‖=1.88e+00  ρ=4000.0  sp_max=19.798s  sp_med=8.262s
      [Progress] 2021.1s elapsed, 1 iters/min
k= 41  obj=$8426.62  ‖r‖=4.20e-05  ‖s‖=1.84e+00  ρ=4000.0  sp_max=29.161s  sp_med=13.112s
k= 42  obj=$8379.71  ‖r‖=7.22e-05  ‖s‖=1.78e+00  ρ=4000.0  sp_max=26.532s  sp_med=13.295s
k= 43  obj=$8368.47  ‖r‖=5.88e-05  ‖s‖=1.76e+00  ρ=4000.0  sp_max=29.709s  sp_med=13.730s
k= 44  obj=$8365.43  ‖r‖=3.94e-05  ‖s‖=1.76e+00  ρ=4000.0  sp_max=22.407s  sp_med=11.913s
[36;1m  [k= 45] ρ 4000.0 → 2000.0 (s/r=42912.6, ‖r‖ converged)
[0mk= 45  obj=$8352.12  ‖r‖=4.07e-05  ‖s‖=1.75e+00  ρ=2000.0  sp_max=25.045s  sp_med=11.618s
k= 46  obj=$8298.14  ‖r‖=5.04e-05  ‖s‖=1.63e+00  ρ=2000.0  sp_max=28.728s  sp_med=16.098s
k= 47  obj=$8248.70  ‖r‖=6.19e-05  ‖s‖=1.38e+00  ρ=2000.0  sp_max=30.634s  sp_med=14.849s
k= 48  obj=$8233.53  ‖r‖=8.23e-05  ‖s‖=1.12e+00  ρ=2000.0  sp_max=29.249s  sp_med=14.965s
k= 49  obj=$8241.18  ‖r‖=8.99e-05  ‖s‖=9.34e-01  ρ=2000.0  sp_max=34.957s  sp_med=18.015s
[36;1m  [k= 50] ρ 2000.0 → 1000.0 (s/r=9126.2, ‖r‖ converged)
[0mk= 50  obj=$8254.30  ‖r‖=8.61e-05  ‖s‖=7.86e-01  ρ=1000.0  sp_max=32.724s  sp_med=16.523s
      [Progress] 2602.7s elapsed, 1 iters/min
k= 51  obj=$8278.85  ‖r‖=9.56e-05  ‖s‖=5.91e-01  ρ=1000.0  sp_max=35.405s  sp_med=14.726s
k= 52  obj=$8286.28  ‖r‖=1.03e-04  ‖s‖=4.03e-01  ρ=1000.0  sp_max=22.773s  sp_med=10.969s
k= 53  obj=$8285.83  ‖r‖=1.07e-04  ‖s‖=2.96e-01  ρ=1000.0  sp_max=29.536s  sp_med=12.463s
k= 54  obj=$8284.52  ‖r‖=1.07e-04  ‖s‖=2.13e-01  ρ=1000.0  sp_max=25.247s  sp_med=10.765s
[36;1m  [k= 55] ρ 1000.0 → 500.0 (s/r=1577.1, ‖r‖ converged)
[0mk= 55  obj=$8282.16  ‖r‖=9.82e-05  ‖s‖=1.55e-01  ρ=500.0  sp_max=28.793s  sp_med=12.572s
k= 56  obj=$8279.13  ‖r‖=8.18e-05  ‖s‖=1.19e-01  ρ=500.0  sp_max=29.960s  sp_med=10.981s
k= 57  obj=$8254.62  ‖r‖=6.90e-05  ‖s‖=9.30e-02  ρ=500.0  sp_max=27.054s  sp_med=11.467s
k= 58  obj=$8231.56  ‖r‖=5.81e-05  ‖s‖=8.44e-02  ρ=500.0  sp_max=29.334s  sp_med=12.515s
k= 59  obj=$8214.27  ‖r‖=6.11e-05  ‖s‖=7.21e-02  ρ=500.0  sp_max=25.295s  sp_med=9.240s
[36;1m  [k= 60] ρ 500.0 → 250.0 (s/r=983.4, ‖r‖ converged)
[0mk= 60  obj=$8198.88  ‖r‖=5.96e-05  ‖s‖=5.87e-02  ρ=250.0  sp_max=28.788s  sp_med=10.144s
      [Progress] 3122.6s elapsed, 1 iters/min
k= 61  obj=$8191.50  ‖r‖=8.18e-05  ‖s‖=3.65e-02  ρ=250.0  sp_max=23.404s  sp_med=10.182s
k= 62  obj=$8197.55  ‖r‖=7.72e-05  ‖s‖=1.77e-02  ρ=250.0  sp_max=40.040s  sp_med=14.783s
k= 63  obj=$8203.57  ‖r‖=4.48e-05  ‖s‖=1.48e-02  ρ=250.0  sp_max=32.849s  sp_med=14.199s
k= 64  obj=$8202.85  ‖r‖=2.85e-05  ‖s‖=1.21e-02  ρ=250.0  sp_max=34.214s  sp_med=14.618s
[36;1m  [k= 65] ρ 250.0 → 125.0 (s/r=337.7, ‖r‖ converged)
[0mk= 65  obj=$8200.34  ‖r‖=2.49e-05  ‖s‖=8.42e-03  ρ=125.0  sp_max=26.932s  sp_med=10.827s
k= 66  obj=$8197.06  ‖r‖=2.81e-05  ‖s‖=4.18e-03  ρ=125.0  sp_max=37.660s  sp_med=14.584s
k= 67  obj=$8197.50  ‖r‖=2.53e-05  ‖s‖=2.31e-03  ρ=125.0  sp_max=53.039s  sp_med=19.840s
k= 68  obj=$8195.21  ‖r‖=1.93e-05  ‖s‖=2.51e-03  ρ=125.0  sp_max=46.669s  sp_med=18.560s
k= 69  obj=$8195.66  ‖r‖=1.71e-05  ‖s‖=2.63e-03  ρ=125.0  sp_max=43.452s  sp_med=19.679s
[36;1m  [k= 70] ρ 125.0 → 62.5 (s/r=161.2, ‖r‖ converged)
[0mk= 70  obj=$8196.79  ‖r‖=1.60e-05  ‖s‖=2.58e-03  ρ=62.5  sp_max=35.902s  sp_med=15.365s
      [Progress] 3829.1s elapsed, 1 iters/min
k= 71  obj=$8196.13  ‖r‖=1.65e-05  ‖s‖=2.29e-03  ρ=62.5  sp_max=30.297s  sp_med=14.567s
k= 72  obj=$8194.06  ‖r‖=1.39e-05  ‖s‖=2.20e-03  ρ=62.5  sp_max=35.432s  sp_med=14.709s
k= 73  obj=$8190.59  ‖r‖=1.32e-05  ‖s‖=2.09e-03  ρ=62.5  sp_max=30.184s  sp_med=12.738s
k= 74  obj=$8188.07  ‖r‖=1.38e-05  ‖s‖=1.88e-03  ρ=62.5  sp_max=31.254s  sp_med=12.333s
[36;1m  [k= 75] ρ 62.5 → 31.2 (s/r=99.8, ‖r‖ converged)
[0mk= 75  obj=$8184.72  ‖r‖=1.56e-05  ‖s‖=1.56e-03  ρ=31.2  sp_max=31.167s  sp_med=13.493s
k= 76  obj=$8190.39  ‖r‖=3.11e-05  ‖s‖=1.80e-03  ρ=31.2  sp_max=33.563s  sp_med=13.134s
k= 77  obj=$8174.91  ‖r‖=2.73e-05  ‖s‖=1.24e-03  ρ=31.2  sp_max=31.365s  sp_med=12.855s
k= 78  obj=$8175.52  ‖r‖=2.16e-05  ‖s‖=7.28e-04  ρ=31.2  sp_max=32.929s  sp_med=13.590s
[32;1m🎉 tADMM converged at iteration 78 (‖r‖=2.16e-05 ≤ 1.00e-03, ‖s‖=7.28e-04 ≤ 1.00e-03)
  Final objective: $8175.52
[0m
================================================================================
[36;1m📊 SOLVER PERFORMANCE ANALYSIS (optimize!() times only)[0m
================================================================================
Iterations:       77
Effective time:   2151.26 seconds
Wall-clock time:  4308.29 seconds
Overhead:         50.1%
================================================================================

--- tADMM RESULT ---
[32;1mObjective: $8175.52
Wall-clock: 4308.29 seconds
Effective:  2151.26 seconds (78 iterations)
[0m
================================================================================
[36;1mVALIDATING tADMM SOLUTION[0m
================================================================================

================================================================================
SOLUTION VALIDATION: tADMM SOCP
================================================================================
✓ All constraints satisfied!
================================================================================
[32;1m✓ Convergence CSV: C:\repos_addendum\MultiPeriodDistOPF\envs\tadmm\processedData\ieee2552C_1ph_T48\convergence_data.csv[0m
[32;1m✓ Subproblem timing CSV: C:\repos_addendum\MultiPeriodDistOPF\envs\tadmm\processedData\ieee2552C_1ph_T48\subproblem_timing_details.csv[0m
[36;1mLoaded BF results from C:\repos_addendum\MultiPeriodDistOPF\envs\tadmm\processedData\ieee2552C_1ph_T48\results_socp_bf.txt[0m
[36;1mNear-optimal at k=36 (863.51s eff): obj=$8185.21, gap=0.114% vs BF, r=2.65e-04, s=1.89e+00[0m
[32;1m✓ Near-optimal summary: C:\repos_addendum\MultiPeriodDistOPF\envs\tadmm\processedData\ieee2552C_1ph_T48\near_optimal_summary.csv[0m
[32;1m✓ Solution saved: C:\repos_addendum\MultiPeriodDistOPF\envs\tadmm\processedData\ieee2552C_1ph_T48\sol_socp_tadmm.jls[0m
[32;1m✓ tADMM results written to C:\repos_addendum\MultiPeriodDistOPF\envs\tadmm\processedData\ieee2552C_1ph_T48\results_socp_tadmm.txt[0m
[32;1m✓ Live log trimmed to last 100 lines: C:\repos_addendum\MultiPeriodDistOPF\envs\tadmm\processedData\ieee2552C_1ph_T48\tadmm_run.log[0m

================================================================================
[35;1mtADMM PIPELINE COMPLETE[0m
================================================================================
