# tADMM live log — ieee2552C_1ph T=48, ρ_init=250.0, adaptive=true
# k, objective, r_norm, s_norm, rho, sp_max, sp_med, elapsed_s, event
# tADMM live log — ieee2552C_1ph T=48, ρ_init=250.0, adaptive=true
# k, objective, r_norm, s_norm, rho, sp_max, sp_med, elapsed_s, event
1,4358.044473,1.3619261228e-03,8.3713440007e-02,250.00,51.9050,38.9940,144.24,
2,4308.581270,1.3531912899e-03,7.0487424503e-02,250.00,51.0080,26.5810,251.66,
3,4308.564357,1.3396389796e-03,5.9234363736e-02,250.00,48.3770,14.1585,313.89,
4,4299.553987,1.3594203626e-03,6.2800193642e-02,250.00,32.9420,11.6720,361.43,
5,4299.553881,1.3412207370e-03,6.2435685891e-02,500.00,28.5710,12.8290,407.00,
6,4299.554221,1.3202530934e-03,7.2263327957e-02,500.00,20.7340,10.0465,447.60,
7,4299.554297,1.3106203520e-03,8.2901768184e-02,500.00,15.1970,12.1330,491.48,
8,4299.554163,1.3049016588e-03,9.4670858351e-02,500.00,18.1990,10.7095,535.40,
9,4299.554200,1.3006449954e-03,8.2238831933e-02,500.00,29.1110,11.4590,581.62,
10,4299.554233,1.2980855119e-03,8.0066509916e-02,1000.00,21.0930,14.3920,638.16,
11,4299.554522,1.2969942641e-03,8.4728827525e-02,1000.00,18.9500,14.3845,694.75,
12,4299.554663,1.2958372080e-03,9.2693129238e-02,1000.00,19.3860,16.1535,753.16,
13,4299.554630,1.2947202697e-03,9.9301582608e-02,1000.00,17.2140,12.0960,799.36,
14,4299.554717,1.2937100888e-03,1.0384941150e-01,1000.00,17.8800,15.1185,853.93,
15,4299.554662,1.2928510899e-03,1.0671649660e-01,2000.00,18.3400,15.3510,908.69,
16,4299.554755,1.2922762856e-03,1.1556033146e-01,2000.00,17.1000,11.4605,953.62,
17,4299.554688,1.2916172957e-03,1.2652696679e-01,2000.00,26.0590,11.5445,994.04,
18,4299.554693,1.2909777049e-03,1.3687964845e-01,2000.00,14.6830,10.6455,1031.10,
19,4299.554661,1.2904220209e-03,1.4558549490e-01,2000.00,12.0970,9.9380,1066.46,
20,4299.554690,1.2899510347e-03,1.5256289539e-01,4000.00,13.1870,9.3815,1101.41,
21,4299.554755,1.2897023681e-03,1.6826323473e-01,4000.00,27.5020,8.8510,1136.63,
22,4299.554724,1.2894304548e-03,1.8529682300e-01,4000.00,18.7100,8.4970,1169.78,
23,4299.554743,1.2891424056e-03,2.0171304580e-01,4000.00,10.5440,8.7905,1205.07,
24,4299.554731,1.2888525325e-03,2.1654453789e-01,4000.00,15.2500,12.1635,1247.20,
25,4299.554742,1.2885700911e-03,2.2950476642e-01,8000.00,19.2130,11.8530,1291.73,
26,4299.554273,1.2884066623e-03,2.5646999856e-01,8000.00,13.9890,10.0175,1330.05,
27,4321.127607,1.2774316575e-03,2.8825251078e-01,8000.00,20.6520,8.9880,1365.19,
28,4447.922695,1.2365558861e-03,3.5121906561e-01,8000.00,21.2470,13.7795,1418.22,
29,4615.826623,1.1912577030e-03,4.7267865880e-01,8000.00,24.2830,12.4285,1466.16,
30,4803.945801,1.1441498644e-03,6.0542281045e-01,16000.00,21.7830,12.8525,1517.14,
31,5120.682452,1.0614741349e-03,9.8022379942e-01,16000.00,26.6710,14.1855,1572.91,
32,5655.786637,9.3761376315e-04,1.3521404146e+00,16000.00,40.9540,14.9825,1631.53,
33,6439.886277,7.5286526040e-04,1.6234358065e+00,16000.00,30.9580,12.7140,1687.91,
34,7308.827356,5.4665445465e-04,1.7881122046e+00,16000.00,30.0290,12.9880,1749.50,
35,7890.849179,3.7942311141e-04,1.8703092015e+00,8000.00,24.1200,12.3265,1802.97,
36,8185.205244,2.6548913758e-04,1.8949851906e+00,8000.00,25.5680,12.2515,1859.88,
37,8298.609465,2.1714685309e-04,1.9062397253e+00,8000.00,27.1420,12.1685,1914.95,
38,8371.059133,1.6068369573e-04,1.8891793815e+00,8000.00,20.9330,8.6425,1953.59,
39,8486.039075,2.1716082529e-05,1.8775862323e+00,8000.00,18.1960,8.1870,1987.88,
40,8478.021094,1.5805504721e-05,1.8760358425e+00,4000.00,19.7980,8.2615,2021.12,
41,8426.619863,4.1960574422e-05,1.8397552741e+00,4000.00,29.1610,13.1115,2075.69,
42,8379.709688,7.2159207649e-05,1.7844646006e+00,4000.00,26.5320,13.2950,2127.62,
43,8368.469206,5.8754202676e-05,1.7606446360e+00,4000.00,29.7090,13.7295,2184.70,
44,8365.433021,3.9370410269e-05,1.7560778681e+00,4000.00,22.4070,11.9125,2236.89,
45,8352.117722,4.0713707551e-05,1.7471320513e+00,2000.00,25.0450,11.6185,2287.75,
46,8298.142394,5.0374762603e-05,1.6334317922e+00,2000.00,28.7280,16.0980,2349.16,
47,8248.702118,6.1932845640e-05,1.3846407012e+00,2000.00,30.6340,14.8490,2407.13,
48,8233.527508,8.2339604085e-05,1.1207513934e+00,2000.00,29.2490,14.9655,2464.30,
49,8241.177711,8.9927385760e-05,9.3428683997e-01,2000.00,34.9570,18.0155,2532.15,
50,8254.301160,8.6073537536e-05,7.8552795085e-01,1000.00,32.7240,16.5230,2602.69,
51,8278.848457,9.5645452859e-05,5.9088923544e-01,1000.00,35.4050,14.7260,2666.70,
52,8286.278464,1.0348596273e-04,4.0262254335e-01,1000.00,22.7730,10.9690,2714.71,
53,8285.828818,1.0732154966e-04,2.9631602618e-01,1000.00,29.5360,12.4630,2768.88,
54,8284.523884,1.0659223797e-04,2.1342769415e-01,1000.00,25.2470,10.7650,2817.19,
55,8282.164202,9.8212944869e-05,1.5488794623e-01,500.00,28.7930,12.5725,2873.45,
56,8279.126925,8.1759000145e-05,1.1891834487e-01,500.00,29.9600,10.9810,2921.10,
57,8254.619695,6.9027820715e-05,9.3025803008e-02,500.00,27.0540,11.4675,2975.98,
58,8231.561383,5.8085979117e-05,8.4438009802e-02,500.00,29.3340,12.5145,3030.05,
59,8214.270682,6.1107909174e-05,7.2054897839e-02,500.00,25.2950,9.2400,3075.64,
60,8198.883628,5.9647344904e-05,5.8658413092e-02,250.00,28.7880,10.1440,3122.61,
61,8191.501574,8.1781818682e-05,3.6454993340e-02,250.00,23.4040,10.1815,3172.51,
62,8197.548338,7.7224462631e-05,1.7701152934e-02,250.00,40.0400,14.7825,3241.19,
63,8203.569302,4.4764760499e-05,1.4826480127e-02,250.00,32.8490,14.1985,3306.38,
64,8202.849264,2.8529061302e-05,1.2140240448e-02,250.00,34.2140,14.6180,3369.58,
65,8200.340968,2.4933971554e-05,8.4194700128e-03,125.00,26.9320,10.8270,3420.55,
66,8197.063583,2.8120986232e-05,4.1801207354e-03,125.00,37.6600,14.5840,3493.31,
67,8197.503542,2.5269264142e-05,2.3079672688e-03,125.00,53.0390,19.8400,3585.23,
68,8195.208976,1.9261904824e-05,2.5061046615e-03,125.00,46.6690,18.5600,3676.56,
69,8195.664866,1.7131034223e-05,2.6319547120e-03,125.00,43.4520,19.6790,3761.79,
70,8196.785348,1.5991581828e-05,2.5777867827e-03,62.50,35.9020,15.3650,3829.09,
71,8196.132866,1.6534564296e-05,2.2863520426e-03,62.50,30.2970,14.5665,3892.85,
72,8194.056431,1.3893860641e-05,2.2034525790e-03,62.50,35.4320,14.7095,3957.68,
73,8190.590623,1.3236884692e-05,2.0921817016e-03,62.50,30.1840,12.7380,4017.61,
74,8188.073117,1.3806574930e-05,1.8829281240e-03,62.50,31.2540,12.3335,4074.90,
75,8184.716177,1.5639080982e-05,1.5607578547e-03,31.25,31.1670,13.4930,4131.59,
76,8190.386308,3.1141716243e-05,1.7991604140e-03,31.25,33.5630,13.1345,4190.30,
77,8174.909499,2.7257204865e-05,1.2428134385e-03,31.25,31.3650,12.8545,4248.91,
78,8175.519820,2.1630793615e-05,7.2750200567e-04,31.25,32.9290,13.5905,4307.08,
# CONVERGED at k=78 (r=2.16e-05 <= 1.00e-03, s=7.28e-04 <= 1.00e-03)
# Final objective: $8175.519820
