
================================================================================
PARALLELIZATION STATUS
================================================================================
Julia threads:       16
Status:              Using 16 threads
================================================================================
RHO_OVERRIDE: using rho = 8000.0
EPS_PRI_OVERRIDE: using eps_pri = 0.001
EPS_DUAL_OVERRIDE: using eps_dual = 0.001
ADAPTIVE_RHO_OVERRIDE: adaptive_rho = true

================================================================================
PARSING SYSTEM DATA
================================================================================
Loaded system: ieee123C_1ph from C:\repos_addendum\MultiPeriodDistOPF\envs\tadmm\..\..\rawData\ieee123C_1ph\Master.dss

========================================
Initial Powerflow
========================================
Powerflow completed successfully!

[OpenDSS] Total system load: 872.27 kW
[OpenDSS] Substation power: 877.20 kW
[OpenDSS] Total PV dispatch: 0.00 kW
[OpenDSS] Total battery dispatch: 0.00 kW
[OpenDSS] Total system losses: 4.94 kW


================================================================================
[35;1mSOLVING MPOPF WITH SOCP (tADMM)[0m
================================================================================
[36;1mUsing fixed rho = 8000.0[0m
  [tADMM hyperparams] mu_balance=5.00 tau_incr=2.00 tau_decr=2.00 update_interval=5 eps_pri=1.0e-03 eps_dual=1.0e-03 rho_init=8000.0 adaptive=true

================================================================================
[36;1m🎯 tADMM[SOCP]: T=48, ρ_init=8000.0, adaptive=true, warm_start=true, |Bset|=51, |Nset|=128, |Lset|=127
[0m================================================================================

******************************************************************************
This program contains Ipopt, a library for large-scale nonlinear optimization.
 Ipopt is released as open source code under the Eclipse Public License (EPL).
         For more information visit https://github.com/coin-or/Ipopt
******************************************************************************


******************************************************************************
This program contains Ipopt, a library for large-scale nonlinear optimization.
 Ipopt is released as open source code under the Eclipse Public License (EPL).
         For more information visit https://github.com/coin-or/Ipopt
******************************************************************************

k=  1  obj=$1313.33  ‖r‖=2.57e-03  ‖s‖=2.09e+00  ρ=8000.0  sp_max=4.735s  sp_med=3.816s
k=  2  obj=$1313.33  ‖r‖=2.56e-03  ‖s‖=2.43e+00  ρ=8000.0  sp_max=3.509s  sp_med=1.590s
k=  3  obj=$1313.34  ‖r‖=2.54e-03  ‖s‖=2.81e+00  ρ=8000.0  sp_max=5.046s  sp_med=1.551s
k=  4  obj=$1386.74  ‖r‖=2.37e-03  ‖s‖=3.15e+00  ρ=8000.0  sp_max=5.355s  sp_med=1.587s
[33;1m  [PHASE1-UP] ρ: 8000.0 → 16000.0 (‖r‖=2.13e-03 > ε=1.0e-03)
[0mk=  5  obj=$1545.96  ‖r‖=2.13e-03  ‖s‖=3.48e+00  ρ=16000.0  sp_max=5.324s  sp_med=1.899s
k=  6  obj=$1812.82  ‖r‖=1.77e-03  ‖s‖=4.04e+00  ρ=16000.0  sp_max=6.098s  sp_med=2.159s
k=  7  obj=$2284.96  ‖r‖=1.18e-03  ‖s‖=4.35e+00  ρ=16000.0  sp_max=4.742s  sp_med=2.165s
k=  8  obj=$2606.11  ‖r‖=7.62e-04  ‖s‖=4.37e+00  ρ=16000.0  sp_max=4.996s  sp_med=2.224s
k=  9  obj=$2768.27  ‖r‖=4.84e-04  ‖s‖=3.08e+00  ρ=16000.0  sp_max=3.694s  sp_med=1.958s
[32;1m  [k= 10] Phase 1→2: primal converged
[0m[36;1m  [k= 10] ρ 16000.0 → 8000.0 (s/r=7648.8, ‖r‖ converged)
[0mk= 10  obj=$2845.94  ‖r‖=3.18e-04  ‖s‖=2.44e+00  ρ=8000.0  sp_max=3.193s  sp_med=1.670s
      [Progress] 98.7s elapsed, 6 iters/min
k= 11  obj=$2906.36  ‖r‖=1.28e-04  ‖s‖=2.08e+00  ρ=8000.0  sp_max=4.075s  sp_med=2.123s
k= 12  obj=$2901.66  ‖r‖=1.37e-04  ‖s‖=1.91e+00  ρ=8000.0  sp_max=2.779s  sp_med=1.708s
k= 13  obj=$2897.67  ‖r‖=1.34e-04  ‖s‖=1.84e+00  ρ=8000.0  sp_max=2.688s  sp_med=1.428s
k= 14  obj=$2894.55  ‖r‖=1.29e-04  ‖s‖=1.82e+00  ρ=8000.0  sp_max=2.347s  sp_med=1.496s
[36;1m  [k= 15] ρ 8000.0 → 4000.0 (s/r=14616.0, ‖r‖ converged)
[0mk= 15  obj=$2892.29  ‖r‖=1.25e-04  ‖s‖=1.83e+00  ρ=4000.0  sp_max=2.563s  sp_med=1.565s
k= 16  obj=$2888.71  ‖r‖=1.12e-04  ‖s‖=1.84e+00  ρ=4000.0  sp_max=2.612s  sp_med=1.447s
k= 17  obj=$2885.80  ‖r‖=9.00e-05  ‖s‖=1.83e+00  ρ=4000.0  sp_max=2.624s  sp_med=1.495s
k= 18  obj=$2882.77  ‖r‖=7.53e-05  ‖s‖=1.82e+00  ρ=4000.0  sp_max=3.101s  sp_med=1.559s
k= 19  obj=$2879.37  ‖r‖=6.31e-05  ‖s‖=1.81e+00  ρ=4000.0  sp_max=2.341s  sp_med=1.404s
[36;1m  [k= 20] ρ 4000.0 → 2000.0 (s/r=37297.5, ‖r‖ converged)
[0mk= 20  obj=$2876.33  ‖r‖=4.81e-05  ‖s‖=1.79e+00  ρ=2000.0  sp_max=3.026s  sp_med=1.975s
      [Progress] 159.1s elapsed, 8 iters/min
k= 21  obj=$2867.40  ‖r‖=9.30e-05  ‖s‖=1.76e+00  ρ=2000.0  sp_max=4.330s  sp_med=2.693s
k= 22  obj=$2861.02  ‖r‖=1.06e-04  ‖s‖=1.72e+00  ρ=2000.0  sp_max=4.290s  sp_med=2.591s
k= 23  obj=$2855.67  ‖r‖=8.77e-05  ‖s‖=1.67e+00  ρ=2000.0  sp_max=4.244s  sp_med=2.855s
k= 24  obj=$2849.58  ‖r‖=7.84e-05  ‖s‖=1.59e+00  ρ=2000.0  sp_max=4.405s  sp_med=2.810s
[36;1m  [k= 25] ρ 2000.0 → 1000.0 (s/r=21270.6, ‖r‖ converged)
[0mk= 25  obj=$2842.72  ‖r‖=6.95e-05  ‖s‖=1.48e+00  ρ=1000.0  sp_max=4.687s  sp_med=2.977s
k= 26  obj=$2825.49  ‖r‖=9.28e-05  ‖s‖=1.31e+00  ρ=1000.0  sp_max=4.640s  sp_med=2.882s
k= 27  obj=$2811.13  ‖r‖=1.19e-04  ‖s‖=1.06e+00  ρ=1000.0  sp_max=5.509s  sp_med=2.866s
k= 28  obj=$2806.25  ‖r‖=1.27e-04  ‖s‖=8.12e-01  ρ=1000.0  sp_max=3.804s  sp_med=2.031s
k= 29  obj=$2805.06  ‖r‖=9.68e-05  ‖s‖=6.42e-01  ρ=1000.0  sp_max=3.962s  sp_med=2.070s
[36;1m  [k= 30] ρ 1000.0 → 500.0 (s/r=9158.1, ‖r‖ converged)
[0mk= 30  obj=$2805.46  ‖r‖=5.82e-05  ‖s‖=5.33e-01  ρ=500.0  sp_max=3.881s  sp_med=1.825s
      [Progress] 246.9s elapsed, 7 iters/min
k= 31  obj=$2810.55  ‖r‖=8.35e-05  ‖s‖=4.07e-01  ρ=500.0  sp_max=2.431s  sp_med=1.717s
k= 32  obj=$2813.65  ‖r‖=1.04e-04  ‖s‖=2.99e-01  ρ=500.0  sp_max=2.498s  sp_med=1.626s
k= 33  obj=$2814.77  ‖r‖=8.73e-05  ‖s‖=2.26e-01  ρ=500.0  sp_max=3.660s  sp_med=1.564s
k= 34  obj=$2814.39  ‖r‖=6.12e-05  ‖s‖=1.71e-01  ρ=500.0  sp_max=3.983s  sp_med=2.577s
[36;1m  [k= 35] ρ 500.0 → 250.0 (s/r=2298.3, ‖r‖ converged)
[0mk= 35  obj=$2812.85  ‖r‖=5.13e-05  ‖s‖=1.18e-01  ρ=250.0  sp_max=3.955s  sp_med=2.637s
k= 36  obj=$2812.57  ‖r‖=8.79e-05  ‖s‖=7.28e-02  ρ=250.0  sp_max=5.694s  sp_med=2.456s
k= 37  obj=$2809.90  ‖r‖=9.87e-05  ‖s‖=3.16e-02  ρ=250.0  sp_max=3.847s  sp_med=2.512s
k= 38  obj=$2807.86  ‖r‖=7.64e-05  ‖s‖=3.20e-02  ρ=250.0  sp_max=4.181s  sp_med=2.504s
k= 39  obj=$2806.67  ‖r‖=6.76e-05  ‖s‖=3.53e-02  ρ=250.0  sp_max=5.822s  sp_med=2.414s
[36;1m  [k= 40] ρ 250.0 → 125.0 (s/r=739.9, ‖r‖ converged)
[0mk= 40  obj=$2804.19  ‖r‖=4.71e-05  ‖s‖=3.49e-02  ρ=125.0  sp_max=3.454s  sp_med=2.495s
      [Progress] 326.0s elapsed, 7 iters/min
k= 41  obj=$2801.50  ‖r‖=8.37e-05  ‖s‖=2.33e-02  ρ=125.0  sp_max=4.833s  sp_med=2.590s
k= 42  obj=$2801.54  ‖r‖=9.78e-05  ‖s‖=1.13e-02  ρ=125.0  sp_max=3.821s  sp_med=2.539s
k= 43  obj=$2802.32  ‖r‖=7.12e-05  ‖s‖=8.96e-03  ρ=125.0  sp_max=3.709s  sp_med=2.323s
k= 44  obj=$2802.64  ‖r‖=4.79e-05  ‖s‖=7.49e-03  ρ=125.0  sp_max=4.553s  sp_med=2.728s
[36;1m  [k= 45] ρ 125.0 → 62.5 (s/r=119.2, ‖r‖ converged)
[0mk= 45  obj=$2802.39  ‖r‖=4.16e-05  ‖s‖=4.96e-03  ρ=62.5  sp_max=3.792s  sp_med=2.614s
k= 46  obj=$2801.26  ‖r‖=3.96e-05  ‖s‖=3.22e-03  ρ=62.5  sp_max=3.520s  sp_med=2.530s
k= 47  obj=$2800.59  ‖r‖=3.93e-05  ‖s‖=2.59e-03  ρ=62.5  sp_max=4.153s  sp_med=2.673s
k= 48  obj=$2800.02  ‖r‖=3.77e-05  ‖s‖=2.47e-03  ρ=62.5  sp_max=3.857s  sp_med=2.473s
k= 49  obj=$2800.04  ‖r‖=3.89e-05  ‖s‖=2.21e-03  ρ=62.5  sp_max=3.137s  sp_med=2.173s
[36;1m  [k= 50] ρ 62.5 → 31.2 (s/r=45.8, ‖r‖ converged)
[0mk= 50  obj=$2800.51  ‖r‖=3.90e-05  ‖s‖=1.78e-03  ρ=31.2  sp_max=3.520s  sp_med=2.303s
      [Progress] 412.9s elapsed, 7 iters/min
k= 51  obj=$2800.98  ‖r‖=3.83e-05  ‖s‖=1.40e-03  ρ=31.2  sp_max=4.097s  sp_med=2.601s
k= 52  obj=$2801.04  ‖r‖=3.75e-05  ‖s‖=1.13e-03  ρ=31.2  sp_max=4.443s  sp_med=2.716s
k= 53  obj=$2801.51  ‖r‖=3.47e-05  ‖s‖=9.67e-04  ρ=31.2  sp_max=3.142s  sp_med=1.771s
[32;1m🎉 tADMM converged at iteration 53 (‖r‖=3.47e-05 ≤ 1.00e-03, ‖s‖=9.67e-04 ≤ 1.00e-03)
  Final objective: $2801.51
[0m
================================================================================
[36;1m📊 SOLVER PERFORMANCE ANALYSIS (optimize!() times only)[0m
================================================================================
Iterations:       52
Effective time:   208.70 seconds
Wall-clock time:  438.67 seconds
Overhead:         52.4%
================================================================================

--- tADMM RESULT ---
[32;1mObjective: $2801.51
Wall-clock: 438.67 seconds
Effective:  208.70 seconds (53 iterations)
[0m
================================================================================
[36;1mVALIDATING tADMM SOLUTION[0m
================================================================================

================================================================================
SOLUTION VALIDATION: tADMM SOCP
================================================================================
✓ All constraints satisfied!
================================================================================
[32;1m✓ Convergence CSV: C:\repos_addendum\MultiPeriodDistOPF\envs\tadmm\processedData\ieee123C_1ph_T48\convergence_data.csv[0m
[32;1m✓ Subproblem timing CSV: C:\repos_addendum\MultiPeriodDistOPF\envs\tadmm\processedData\ieee123C_1ph_T48\subproblem_timing_details.csv[0m
[36;1mLoaded BF results from C:\repos_addendum\MultiPeriodDistOPF\envs\tadmm\processedData\ieee123C_1ph_T48\results_socp_bf.txt[0m
[36;1mNear-optimal at k=28 (110.76s eff): obj=$2806.25, gap=0.417% vs BF, r=1.27e-04, s=8.12e-01[0m
[32;1m✓ Near-optimal summary: C:\repos_addendum\MultiPeriodDistOPF\envs\tadmm\processedData\ieee123C_1ph_T48\near_optimal_summary.csv[0m
[32;1m✓ Solution saved: C:\repos_addendum\MultiPeriodDistOPF\envs\tadmm\processedData\ieee123C_1ph_T48\sol_socp_tadmm.jls[0m
[32;1m✓ tADMM results written to C:\repos_addendum\MultiPeriodDistOPF\envs\tadmm\processedData\ieee123C_1ph_T48\results_socp_tadmm.txt[0m
[32;1m✓ Live log trimmed to last 100 lines: C:\repos_addendum\MultiPeriodDistOPF\envs\tadmm\processedData\ieee123C_1ph_T48\tadmm_run.log[0m

================================================================================
[35;1mtADMM PIPELINE COMPLETE[0m
================================================================================
