
******************************************************************************
This program contains Ipopt, a library for large-scale nonlinear optimization.
 Ipopt is released as open source code under the Eclipse Public License (EPL).
         For more information visit https://github.com/coin-or/Ipopt
******************************************************************************

This is Ipopt version 3.14.19, running with linear solver MUMPS 5.8.2.

Number of nonzeros in equality constraint Jacobian...:  1723430
Number of nonzeros in inequality constraint Jacobian.:   961632
Number of nonzeros in Lagrangian Hessian.............:   562536

Total number of variables............................:   780264
                     variables with only lower bounds:   181584
                variables with lower and upper bounds:        0
                     variables with only upper bounds:        0
Total number of equality constraints.................:   562752
Total number of inequality constraints...............:   417096
        inequality constraints with only lower bounds:        0
   inequality constraints with lower and upper bounds:   235584
        inequality constraints with only upper bounds:   181512

iter    objective    inf_pr   inf_du lg(mu)  ||d||  lg(rg) alpha_du alpha_pr  ls
   0  3.3599966e+01 1.10e+00 5.12e+00  -1.0 0.00e+00    -  0.00e+00 0.00e+00   0
   1  1.7031623e+02 1.09e+00 1.01e+01  -1.0 9.62e+00    -  1.04e-03 1.19e-02f  1
   2  2.7223266e+02 1.08e+00 9.95e+00  -1.0 3.17e+00    -  1.70e-02 1.31e-02f  1
   3  3.2553295e+02 1.07e+00 1.84e+01  -1.0 2.89e+00    -  2.19e-02 7.57e-03f  1
   4  3.9134103e+02 1.06e+00 2.03e+01  -1.0 3.77e+00    -  1.05e-02 9.82e-03f  1
   5  4.1895621e+02 1.05e+00 1.07e+01  -1.0 9.24e+00    -  3.31e-03 4.19e-03f  1
   6  4.4146477e+02 1.05e+00 9.71e+00  -1.0 1.55e+01    -  2.68e-03 2.91e-03f  1
   7  4.6343598e+02 1.05e+00 1.26e+01  -1.0 2.17e+01    -  2.42e-03 2.57e-03f  1
   8  4.8774008e+02 1.04e+00 6.24e+01  -1.0 1.92e+01    -  4.07e-03 2.85e-03f  1
   9  5.6992938e+02 1.03e+00 7.33e+01  -1.0 1.81e+01    -  5.52e-03 1.01e-02f  1
iter    objective    inf_pr   inf_du lg(mu)  ||d||  lg(rg) alpha_du alpha_pr  ls
  10  6.2685060e+02 1.03e+00 8.87e+01  -1.0 1.55e+01    -  6.52e-03 7.24e-03f  1
  11  7.1289012e+02 1.01e+00 1.55e+02  -1.0 1.63e+01    -  8.63e-03 1.08e-02f  1
  12  9.5353359e+02 9.84e-01 4.59e+02  -1.0 1.55e+01    -  1.52e-02 3.03e-02f  1
  13  1.1398853e+03 9.60e-01 4.52e+02  -1.0 1.21e+01    -  3.94e-02 2.43e-02f  1
  14  1.3795294e+03 9.29e-01 4.65e+02  -1.0 1.12e+01    -  5.16e-02 3.21e-02f  1
  15  1.5531829e+03 9.06e-01 4.35e+02  -1.0 1.00e+01    -  9.75e-03 2.41e-02f  1
  16  1.6647860e+03 8.92e-01 4.09e+02  -1.0 5.57e+01    -  3.07e-03 1.59e-02f  1
  17  1.7308006e+03 8.83e-01 3.79e+02  -1.0 7.51e+02    -  1.16e-03 9.59e-03f  1
  18  1.8215008e+03 8.72e-01 2.18e+02  -1.0 8.02e+00   0.0 3.87e-02 1.34e-02f  1
  19  1.9078213e+03 8.60e-01 2.56e+02  -1.0 1.78e+01  -0.5 1.72e-02 1.28e-02f  1
iter    objective    inf_pr   inf_du lg(mu)  ||d||  lg(rg) alpha_du alpha_pr  ls
  20  1.9621188e+03 8.53e-01 2.28e+02  -1.0 1.25e+02  -1.0 4.99e-03 8.25e-03f  1
  21  2.0349869e+03 8.44e-01 3.15e+02  -1.0 2.29e+01  -0.5 1.93e-02 1.11e-02f  1
  22  2.1004770e+03 8.35e-01 4.57e+02  -1.0 1.03e+01  -0.1 1.92e-02 1.01e-02f  1
  23  2.2130676e+03 8.21e-01 4.07e+02  -1.0 2.71e+01  -0.6 1.35e-02 1.75e-02f  1
  24  2.2978672e+03 8.10e-01 6.14e+02  -1.0 1.31e+01  -0.2 2.65e-02 1.34e-02f  1
  25  2.4569595e+03 7.89e-01 5.76e+02  -1.0 2.93e+01  -0.6 2.32e-02 2.55e-02f  1
  26  2.5447056e+03 7.78e-01 6.06e+02  -1.0 1.57e+01  -0.2 1.65e-02 1.44e-02f  1
  27  2.6762930e+03 7.61e-01 5.88e+02  -1.0 3.17e+01  -0.7 2.16e-02 2.19e-02f  1
  28  2.7530385e+03 7.51e-01 5.66e+02  -1.0 1.86e+01  -0.3 1.26e-02 1.31e-02f  1
  29  2.8722661e+03 7.35e-01 5.56e+02  -1.0 3.34e+01  -0.7 2.06e-02 2.06e-02f  1
iter    objective    inf_pr   inf_du lg(mu)  ||d||  lg(rg) alpha_du alpha_pr  ls
  30  2.9042921e+03 7.31e-01 5.17e+02  -1.0 2.22e+02  -1.2 8.58e-03 5.74e-03f  1
  31  2.9949913e+03 7.19e-01 5.14e+02  -1.0 3.47e+01  -0.8 1.63e-02 1.61e-02f  1
  32  3.0818446e+03 7.08e-01 5.06e+02  -1.0 9.14e+01  -1.3 1.54e-02 1.57e-02f  1
  33  3.1606016e+03 6.98e-01 4.62e+02  -1.0 3.98e+01  -0.8 1.26e-02 1.44e-02f  1
  34  3.2554557e+03 6.86e-01 4.92e+02  -1.0 6.75e+01  -1.3 2.53e-02 1.76e-02f  1
  35  3.3721473e+03 6.70e-01 5.79e+02  -1.0 4.28e+01  -0.9 2.70e-02 2.21e-02f  1
  36  3.5234529e+03 6.51e-01 6.06e+02  -1.0 5.78e+01  -1.4 3.89e-02 2.92e-02f  1
  37  3.5432455e+03 6.48e-01 6.14e+02  -1.0 1.29e+03  -1.8 1.87e-03 3.89e-03f  1
  38  3.8083204e+03 6.14e-01 5.58e+02  -1.0 5.20e+01  -1.4 4.64e-02 5.29e-02f  1
  39  3.9212160e+03 5.99e-01 5.65e+02  -1.0 1.98e+02  -1.9 1.79e-02 2.37e-02f  1
iter    objective    inf_pr   inf_du lg(mu)  ||d||  lg(rg) alpha_du alpha_pr  ls
  40  4.1220668e+03 5.73e-01 5.53e+02  -1.0 4.41e+01  -1.5 4.89e-02 4.36e-02f  1
  41  4.2889863e+03 5.52e-01 5.52e+02  -1.0 1.12e+02  -1.9 3.16e-02 3.77e-02f  1
  42  4.3509200e+03 5.44e-01 5.86e+02  -1.0 5.27e+02  -2.4 6.12e-03 1.42e-02f  1
  43  4.4740272e+03 5.28e-01 5.75e+02  -1.0 1.04e+02  -2.0 2.75e-02 2.94e-02f  1
  44  4.4985747e+03 5.25e-01 5.53e+02  -1.0 5.02e+02  -2.5 1.03e-02 5.95e-03f  1
  45  4.6445146e+03 5.06e-01 5.47e+02  -1.0 1.21e+02  -2.0 3.17e-02 3.62e-02f  1
  46  4.6772987e+03 5.02e-01 5.33e+02  -1.0 5.51e+02  -2.5 1.05e-02 8.30e-03f  1
  47  4.8301467e+03 4.82e-01 5.48e+02  -1.0 1.27e+02  -2.1 2.98e-02 3.97e-02f  1
  48  4.8648233e+03 4.77e-01 5.27e+02  -1.0 5.36e+02  -2.6 1.29e-02 9.25e-03f  1
  49  5.0052604e+03 4.59e-01 5.22e+02  -1.0 1.20e+02  -2.1 3.44e-02 3.85e-02f  1
iter    objective    inf_pr   inf_du lg(mu)  ||d||  lg(rg) alpha_du alpha_pr  ls
  50  5.0401022e+03 4.54e-01 4.96e+02  -1.0 5.26e+02  -2.6 1.48e-02 9.76e-03f  1
  51  5.1766426e+03 4.36e-01 4.88e+02  -1.0 1.26e+02  -2.2 3.63e-02 3.94e-02f  1
  52  5.2017959e+03 4.33e-01 4.50e+02  -1.0 5.16e+02  -2.7 1.62e-02 7.39e-03f  1
  53  5.3387110e+03 4.15e-01 4.55e+02  -1.0 1.36e+02  -2.2 3.49e-02 4.14e-02f  1
  54  5.3752710e+03 4.11e-01 4.23e+02  -1.0 5.17e+02  -2.7 1.81e-02 1.12e-02f  1
  55  5.4923342e+03 3.95e-01 4.04e+02  -1.0 1.44e+02  -2.3 3.83e-02 3.72e-02f  1
  56  5.5155581e+03 3.92e-01 3.92e+02  -1.0 5.13e+02  -2.8 9.89e-03 7.38e-03f  1
  57  5.6267155e+03 3.78e-01 4.43e+02  -1.0 1.52e+02  -2.4 1.74e-02 3.68e-02f  1
  58  5.6598482e+03 3.74e-01 4.38e+02  -1.0 5.13e+02  -2.8 1.10e-02 1.11e-02f  1
  59  5.7592035e+03 3.61e-01 4.61e+02  -1.0 1.95e+02  -2.4 2.19e-02 3.49e-02f  1
iter    objective    inf_pr   inf_du lg(mu)  ||d||  lg(rg) alpha_du alpha_pr  ls
  60  5.7851205e+03 3.57e-01 4.53e+02  -1.0 4.98e+02  -2.9 1.14e-02 9.30e-03f  1
  61  5.9179276e+03 3.40e-01 4.97e+02  -1.0 1.94e+02  -2.5 2.38e-02 4.92e-02f  1
  62  5.9528287e+03 3.35e-01 4.80e+02  -1.0 4.83e+02  -2.9 1.80e-02 1.34e-02f  1
  63  6.0938618e+03 3.16e-01 5.44e+02  -1.0 1.89e+02  -2.5 2.20e-02 5.60e-02f  1
  64  6.1407436e+03 3.10e-01 5.29e+02  -1.0 4.53e+02  -3.0 2.13e-02 1.94e-02f  1
  65  6.1812848e+03 3.05e-01 4.85e+02  -1.0 1.86e+02  -2.6 3.02e-02 1.76e-02f  1
  66  6.2213878e+03 3.00e-01 4.92e+02  -1.0 4.71e+02  -3.0 9.24e-03 1.74e-02f  1
  67  6.2505133e+03 2.96e-01 4.68e+02  -1.0 2.11e+02  -2.6 1.98e-02 1.32e-02f  1
  68  6.2724021e+03 2.93e-01 4.52e+02  -1.0 5.14e+02  -3.1 1.67e-02 9.86e-03f  1
  69  6.3220572e+03 2.86e-01 4.51e+02  -1.0 2.34e+02  -2.7 1.95e-02 2.32e-02f  1
iter    objective    inf_pr   inf_du lg(mu)  ||d||  lg(rg) alpha_du alpha_pr  ls
  70  6.3455622e+03 2.83e-01 4.48e+02  -1.0 5.66e+02  -3.1 9.81e-03 1.10e-02f  1
  71  6.3924236e+03 2.76e-01 4.31e+02  -1.0 2.62e+02  -2.7 2.57e-02 2.28e-02f  1
  72  6.4063511e+03 2.74e-01 4.21e+02  -1.0 6.40e+02  -3.2 1.08e-02 6.72e-03f  1
  73  6.4267947e+03 2.72e-01 4.07e+02  -1.0 2.89e+02  -2.8 1.42e-02 1.02e-02f  1
  74  6.4441012e+03 2.69e-01 4.01e+02  -1.0 7.65e+02  -3.2 9.66e-03 8.41e-03f  1
  75  6.4617704e+03 2.67e-01 3.81e+02  -1.0 3.65e+02  -2.8 1.56e-02 9.08e-03f  1
  76  6.4709224e+03 2.66e-01 3.71e+02  -1.0 9.55e+02  -3.3 9.62e-03 4.61e-03f  1
  77  6.5003846e+03 2.62e-01 3.77e+02  -1.0 4.12e+02  -2.9 1.08e-02 1.55e-02f  1
  78  6.5071692e+03 2.61e-01 3.92e+02  -1.0 1.14e+03  -3.3 9.33e-03 3.48e-03f  1
  79  6.5300446e+03 2.57e-01 5.07e+02  -1.0 4.09e+02  -2.9 1.56e-02 1.22e-02f  1
iter    objective    inf_pr   inf_du lg(mu)  ||d||  lg(rg) alpha_du alpha_pr  ls
  80  6.5443637e+03 2.56e-01 4.53e+02  -1.0 1.59e+03  -3.4 5.87e-03 7.42e-03f  1
  81  6.5712714e+03 2.52e-01 5.60e+02  -1.0 4.64e+02  -3.0 1.75e-02 1.46e-02f  1
  82  6.5809767e+03 2.51e-01 6.69e+02  -1.0 1.67e+03  -3.4 8.50e-03 5.14e-03f  1
  83  6.6136260e+03 2.46e-01 3.61e+02  -1.0 5.85e+02  -3.0 1.04e-02 1.80e-02f  1
  84  6.6314921e+03 2.44e-01 4.92e+02  -1.0 2.19e+03  -3.5 1.37e-02 9.59e-03f  1
  85  6.6602581e+03 2.40e-01 4.94e+02  -1.0 5.89e+02  -3.1 1.64e-02 1.61e-02f  1
  86  6.6716016e+03 2.38e-01 7.29e+02  -1.0 1.89e+03  -3.5 1.44e-02 6.20e-03f  1
  87  6.6980140e+03 2.35e-01 5.41e+02  -1.0 5.94e+02  -3.1 1.01e-02 1.51e-02f  1
  88  6.7219320e+03 2.32e-01 4.32e+02  -1.0 1.66e+03  -3.6 9.56e-03 1.33e-02f  1
  89  6.7427322e+03 2.29e-01 5.32e+02  -1.0 5.81e+02  -3.2 1.54e-02 1.22e-02f  1
iter    objective    inf_pr   inf_du lg(mu)  ||d||  lg(rg) alpha_du alpha_pr  ls
  90  6.7677331e+03 2.25e-01 4.88e+02  -1.0 1.81e+03  -3.6 1.27e-02 1.42e-02f  1
  91  6.7872979e+03 2.23e-01 4.98e+02  -1.0 5.91e+02  -3.2 1.23e-02 1.18e-02f  1
  92  6.8011086e+03 2.21e-01 6.32e+02  -1.0 3.90e+02  -2.8 1.24e-02 8.78e-03f  1
  93  6.8144602e+03 2.19e-01 8.44e+02  -1.0 6.02e+02  -3.3 1.68e-02 8.08e-03f  1
  94  6.8263714e+03 2.17e-01 7.04e+02  -1.0 4.11e+02  -2.8 3.60e-03 7.49e-03f  1
  95  6.8415386e+03 2.15e-01 7.92e+02  -1.0 6.16e+02  -3.3 1.34e-02 9.13e-03f  1
  96  6.8503106e+03 2.14e-01 1.21e+03  -1.0 4.33e+02  -2.9 1.78e-02 5.42e-03f  1
  97  6.8732894e+03 2.11e-01 1.20e+03  -1.0 7.49e+02  -3.4 1.49e-02 1.38e-02f  1
  98  6.8830301e+03 2.10e-01 1.38e+03  -1.0 4.58e+02  -2.9 1.27e-02 5.98e-03f  1
  99  6.9087128e+03 2.07e-01 1.28e+03  -1.0 8.38e+02  -3.4 1.16e-02 1.56e-02f  1
iter    objective    inf_pr   inf_du lg(mu)  ||d||  lg(rg) alpha_du alpha_pr  ls
 100  6.9171805e+03 2.06e-01 1.35e+03  -1.0 4.65e+02  -3.0 8.17e-03 5.32e-03f  1
 101  6.9425228e+03 2.02e-01 1.27e+03  -1.0 8.94e+02  -3.5 1.23e-02 1.59e-02f  1
 102  6.9510066e+03 2.01e-01 1.39e+03  -1.0 4.79e+02  -3.1 1.08e-02 5.49e-03f  1
 103  6.9650084e+03 1.99e-01 1.45e+03  -1.0 1.07e+03  -3.5 1.35e-02 9.05e-03f  1
 104  6.9794845e+03 1.98e-01 1.46e+03  -1.0 4.97e+02  -3.1 1.08e-02 9.61e-03f  1
 105  7.0142870e+03 1.93e-01 1.15e+03  -1.0 1.13e+03  -3.6 5.60e-03 2.34e-02f  1
 106  7.0219254e+03 1.92e-01 1.41e+03  -1.0 5.09e+02  -3.2 1.70e-02 5.31e-03f  1
 107  7.0385612e+03 1.90e-01 1.39e+03  -1.0 1.21e+03  -3.6 1.16e-02 1.16e-02f  1
 108  7.0602471e+03 1.87e-01 1.36e+03  -1.0 5.33e+02  -3.2 1.50e-02 1.55e-02f  1
 109  7.0726055e+03 1.85e-01 1.44e+03  -1.0 1.41e+03  -3.7 1.29e-02 8.91e-03f  1
iter    objective    inf_pr   inf_du lg(mu)  ||d||  lg(rg) alpha_du alpha_pr  ls
 110  7.0919277e+03 1.82e-01 1.42e+03  -1.0 5.76e+02  -3.3 1.47e-02 1.41e-02f  1
 111  7.1115028e+03 1.80e-01 1.38e+03  -1.0 1.64e+03  -3.7 1.01e-02 1.44e-02f  1
 112  7.1255076e+03 1.78e-01 1.59e+03  -1.0 6.10e+02  -3.3 2.13e-02 1.05e-02f  1
 113  7.1371731e+03 1.76e-01 1.82e+03  -1.0 1.69e+03  -3.8 1.92e-02 8.73e-03f  1
 114  7.1597353e+03 1.73e-01 1.63e+03  -1.0 6.96e+02  -3.4 1.17e-02 1.72e-02f  1
 115  7.1880566e+03 1.70e-01 1.30e+03  -1.0 1.67e+03  -3.8 9.61e-03 2.15e-02f  1
 116  7.2024691e+03 1.68e-01 1.27e+03  -1.0 6.76e+02  -3.4 1.07e-02 1.12e-02f  1
 117  7.2201449e+03 1.65e-01 1.13e+03  -1.0 1.63e+03  -3.9 6.72e-03 1.33e-02f  1
 118  7.2512646e+03 1.62e-01 1.02e+03  -1.0 9.90e+02  -3.5 1.15e-02 2.33e-02f  1
 119  7.2774486e+03 1.95e-01 1.04e+03  -1.0 1.78e+03  -3.9 1.48e-02 1.98e-02f  1
iter    objective    inf_pr   inf_du lg(mu)  ||d||  lg(rg) alpha_du alpha_pr  ls
 120  7.2972671e+03 1.56e-01 1.01e+03  -1.0 7.74e+02  -3.5 1.80e-02 1.58e-02f  1
 121  7.3329714e+03 3.84e-01 1.02e+03  -1.0 1.13e+03  -4.0 2.49e-02 2.96e-02f  1
 122  7.3357172e+03 3.37e-01 1.73e+03  -1.0 6.56e+02  -3.6 3.89e-02 2.34e-03f  1
 123  7.3625270e+03 1.47e-01 1.55e+03  -1.0 1.01e+03  -4.0 5.50e-03 2.32e-02f  1
 124  7.3770333e+03 1.46e-01 1.80e+03  -1.0 6.43e+02  -3.6 2.83e-02 1.27e-02f  1
 125  7.3938129e+03 1.43e-01 1.83e+03  -1.0 1.02e+03  -4.1 1.81e-02 1.51e-02f  1
 126  7.4356803e+03 1.38e-01 1.76e+03  -1.0 6.33e+02  -3.7 2.68e-02 3.77e-02f  1
 127  7.4571296e+03 1.35e-01 1.72e+03  -1.0 1.07e+03  -4.1 2.53e-02 2.04e-02f  1
 128  7.5001919e+03 1.30e-01 1.66e+03  -1.0 6.05e+02  -3.7 5.10e-02 4.10e-02f  1
 129  7.5268365e+03 1.26e-01 1.65e+03  -1.0 1.06e+03  -4.2 4.92e-02 2.68e-02f  1
iter    objective    inf_pr   inf_du lg(mu)  ||d||  lg(rg) alpha_du alpha_pr  ls
 130  7.5567636e+03 1.22e-01 1.58e+03  -1.0 5.74e+02  -3.8 2.40e-02 3.04e-02f  1
 131  7.5773630e+03 1.20e-01 1.50e+03  -1.0 1.02e+03  -4.2 1.56e-02 2.20e-02f  1
 132  7.6118280e+03 1.15e-01 1.41e+03  -1.0 5.50e+02  -3.8 3.34e-02 3.70e-02f  1
 133  7.6531873e+03 1.10e-01 9.11e+02  -1.0 1.05e+03  -4.3 7.62e-03 4.67e-02f  1
 134  7.7277672e+03 1.00e-01 1.00e+03  -1.0 5.10e+02  -3.9 5.43e-02 8.69e-02f  1
 135  7.7837720e+03 9.31e-02 1.30e+03  -1.0 7.34e+02  -4.3 2.28e-02 7.18e-02f  1
 136  7.8016601e+03 9.08e-02 8.95e+02  -1.0 4.46e+02  -3.9 9.38e-02 2.45e-02f  1
 137  7.8235866e+03 8.80e-02 6.80e+02  -1.0 6.27e+02  -4.4 7.72e-02 3.06e-02f  1
 138  7.8343309e+03 8.67e-02 9.01e+02  -1.0 6.83e+02  -4.0 4.93e-02 1.51e-02f  1
 139  7.8495803e+03 8.49e-02 8.02e+02  -1.0 1.12e+03  -4.4 1.38e-02 2.07e-02f  1
iter    objective    inf_pr   inf_du lg(mu)  ||d||  lg(rg) alpha_du alpha_pr  ls
 140  7.8614939e+03 8.34e-02 7.64e+02  -1.0 8.19e+02  -4.0 6.09e-03 1.77e-02f  1
 141  7.8724314e+03 8.20e-02 7.49e+02  -1.0 8.02e+02  -4.5 1.41e-02 1.67e-02f  1
 142  7.8915092e+03 7.96e-02 7.16e+02  -1.0 4.74e+02  -4.1 2.16e-02 2.94e-02f  1
 143  7.9204724e+03 7.59e-02 6.52e+02  -1.0 3.43e+02  -3.6 2.92e-02 4.69e-02f  1
 144  7.9543869e+03 7.15e-02 6.08e+02  -1.0 3.68e+02  -4.1 4.02e-02 5.74e-02f  1
 145  7.9865260e+03 6.73e-02 5.54e+02  -1.0 3.10e+02  -3.7 3.59e-02 5.85e-02f  1
 146  7.9985952e+03 6.58e-02 5.55e+02  -1.0 3.74e+02  -4.2 3.28e-02 2.24e-02f  1
 147  8.0094615e+03 6.45e-02 5.74e+02  -1.0 3.60e+02  -3.8 2.91e-02 2.07e-02f  1
 148  8.0221706e+03 6.29e-02 5.84e+02  -1.0 3.45e+02  -4.2 3.23e-02 2.35e-02f  1
 149  8.0328670e+03 6.16e-02 6.48e+02  -1.0 4.77e+02  -3.8 3.51e-02 2.06e-02f  1
iter    objective    inf_pr   inf_du lg(mu)  ||d||  lg(rg) alpha_du alpha_pr  ls
 150  8.0402397e+03 6.08e-02 7.34e+02  -1.0 6.75e+02  -4.3 2.12e-02 1.37e-02f  1
 151  8.0488703e+03 5.98e-02 8.22e+02  -1.0 1.02e+03  -3.9 1.96e-02 1.62e-02f  1
 152  8.0566975e+03 5.90e-02 8.66e+02  -1.0 1.89e+03  -4.3 1.62e-02 1.44e-02f  1
 153  8.0620422e+03 5.83e-02 1.13e+03  -1.0 1.37e+03  -3.9 1.72e-02 1.06e-02f  1
 154  8.0672242e+03 5.77e-02 1.21e+03  -1.0 1.34e+03  -4.4 1.21e-02 1.01e-02f  1
 155  8.0733186e+03 5.70e-02 1.67e+03  -1.0 1.48e+03  -4.0 2.15e-02 1.28e-02f  1
 156  8.0795452e+03 5.63e-02 1.44e+03  -1.0 2.38e+03  -4.4 9.74e-03 1.30e-02f  1
 157  8.0820793e+03 5.59e-02 2.40e+03  -1.0 8.36e+02  -4.0 1.79e-02 5.92e-03f  1
 158  8.0880370e+03 5.52e-02 2.71e+03  -1.0 2.33e+03  -4.5 1.75e-02 1.33e-02f  1
 159  8.0947227e+03 5.43e-02 1.91e+03  -1.0 8.56e+02  -4.1 2.83e-03 1.63e-02f  1
iter    objective    inf_pr   inf_du lg(mu)  ||d||  lg(rg) alpha_du alpha_pr  ls
 160  8.1083371e+03 5.25e-02 1.50e+03  -1.0 1.75e+03  -4.5 1.13e-02 3.27e-02f  1
 161  8.1269891e+03 5.00e-02 1.51e+03  -1.0 1.43e+03  -4.1 3.47e-02 4.76e-02f  1
 162  8.1515384e+03 4.68e-02 1.46e+03  -1.0 9.14e+02  -4.6 6.19e-02 6.48e-02f  1
 163  8.1803211e+03 4.30e-02 1.48e+03  -1.0 6.59e+02  -4.2 6.99e-02 8.03e-02f  1
 164  8.1970754e+03 4.09e-02 9.43e+02  -1.0 6.84e+02  -4.6 7.92e-02 4.89e-02f  1
 165  8.2366347e+03 3.59e-02 1.34e+03  -1.0 5.68e+02  -4.2 7.92e-02 1.22e-01f  1
 166  8.2583298e+03 3.33e-02 1.05e+03  -1.0 5.34e+02  -4.7 8.87e-02 7.41e-02f  1
 167  8.2778676e+03 3.09e-02 5.05e+02  -1.0 4.11e+02  -4.3 1.12e-01 6.96e-02f  1
 168  8.2990436e+03 2.86e-02 5.74e+02  -1.0 4.73e+02  -4.7 1.19e-01 7.69e-02f  1
 169  8.3223910e+03 2.60e-02 8.67e+02  -1.0 2.93e+02  -4.3 1.37e-01 8.84e-02f  1
iter    objective    inf_pr   inf_du lg(mu)  ||d||  lg(rg) alpha_du alpha_pr  ls
 170  8.3448708e+03 2.37e-02 1.13e+03  -1.0 3.63e+02  -4.8 1.37e-01 8.91e-02f  1
 171  8.3688541e+03 2.13e-02 1.21e+03  -1.0 2.50e+02  -4.4 1.37e-01 1.03e-01f  1
 172  8.3993941e+03 1.81e-02 6.71e+02  -1.0 2.45e+02  -4.8 8.67e-02 1.50e-01f  1
 173  8.4350682e+03 1.42e-02 4.86e+02  -1.0 1.96e+02  -4.4 2.07e-01 2.15e-01f  1
 174  8.5192215e+03 5.51e-03 1.91e+03  -1.0 2.05e+02  -4.9 2.45e-01 6.12e-01f  1
 175  8.5539887e+03 3.14e-03 1.85e+03  -1.0 1.51e+02  -5.4 2.59e-01 4.30e-01f  1
 176  8.5879118e+03 1.51e-03 2.36e+03  -1.0 2.93e+02  -5.8 8.69e-02 5.18e-01f  1
 177  8.6146814e+03 6.20e-04 2.24e+03  -1.0 8.31e+02    -  1.87e-01 5.91e-01f  1
 178  8.6351110e+03 1.78e-04 2.06e+03  -1.0 1.26e+03    -  1.83e-01 7.13e-01f  1
 179  8.6404711e+03 1.22e-04 1.75e+03  -1.0 1.57e+03    -  1.69e-01 3.16e-01f  1
iter    objective    inf_pr   inf_du lg(mu)  ||d||  lg(rg) alpha_du alpha_pr  ls
 180  8.6442533e+03 9.08e-05 1.52e+03  -1.0 1.76e+03    -  1.44e-01 2.54e-01f  1
 181  8.6478560e+03 6.94e-05 1.49e+03  -1.0 1.81e+03    -  1.32e-01 2.36e-01f  1
 182  8.6510737e+03 5.35e-05 1.91e+03  -1.0 1.85e+03    -  1.33e-01 2.29e-01f  1
 183  8.6539490e+03 4.09e-05 2.55e+03  -1.0 1.87e+03    -  1.32e-01 2.37e-01f  1
 184  8.6563467e+03 3.10e-05 3.38e+03  -1.0 1.77e+03    -  1.36e-01 2.42e-01f  1
 185  8.6584578e+03 2.28e-05 4.78e+03  -1.0 1.59e+03    -  1.35e-01 2.62e-01f  1
 186  8.6612525e+03 1.58e-05 6.23e+03  -1.0 1.79e+03    -  1.89e-01 3.10e-01f  1
 187  8.6680324e+03 3.98e-06 1.90e+04  -1.0 2.18e+03    -  2.52e-01 7.48e-01f  1
 188  8.6740137e+03 2.96e-07 9.03e+04  -1.0 2.84e+03    -  2.79e-01 9.26e-01f  1
 189  8.6769372e+03 3.39e-08 4.92e+05  -1.0 3.76e+03    -  5.74e-01 8.86e-01f  1
iter    objective    inf_pr   inf_du lg(mu)  ||d||  lg(rg) alpha_du alpha_pr  ls
 190  8.6798924e+03 2.69e-09 1.78e+06  -1.0 7.97e+03    -  6.07e-01 9.42e-01f  1
 191  8.6823893e+03 1.62e-09 8.93e+05  -1.0 1.58e+04    -  7.44e-01 8.89e-01f  1
 192  8.6852010e+03 8.41e-10 1.82e+05  -1.0 3.01e+04    -  8.76e-01 9.68e-01f  1
 193  8.6873256e+03 1.59e-10 3.58e+05  -1.0 4.62e+04    -  2.80e-01 8.11e-01f  1
 194  8.6884296e+03 2.42e-11 1.48e+05  -1.0 2.97e+04    -  6.91e-01 1.00e+00f  1
 195  8.6887443e+03 1.78e-12 3.13e+04  -1.0 2.42e+04    -  7.95e-01 1.00e+00h  1
 196  8.6888144e+03 2.24e-14 9.90e-02  -1.0 2.55e+04    -  1.00e+00 1.00e+00h  1
 197  8.6888210e+03 5.43e-15 9.77e-03  -1.0 7.89e+03    -  1.00e+00 1.00e+00h  1
 198  8.6888210e+03 4.44e-16 1.00e-06  -1.0 2.49e+01    -  1.00e+00 1.00e+00h  1
 199  8.5675192e+03 4.51e-09 2.91e+06  -3.8 6.81e+03    -  4.20e-01 7.41e-01f  1
iter    objective    inf_pr   inf_du lg(mu)  ||d||  lg(rg) alpha_du alpha_pr  ls
 200  8.5241696e+03 3.46e-09 2.20e+06  -3.8 1.36e+04    -  2.40e-01 2.34e-01f  1
 201  8.4834601e+03 2.69e-09 1.82e+06  -3.8 1.26e+04    -  1.97e-01 2.23e-01f  1
 202  8.4534974e+03 2.18e-09 1.60e+06  -3.8 1.10e+04    -  1.54e-01 1.87e-01f  1
 203  8.4351107e+03 2.56e-09 1.15e+06  -3.8 8.56e+03    -  2.33e-01 1.37e-01f  1
 204  8.4147335e+03 2.14e-09 5.81e+05  -3.8 5.07e+03    -  3.66e-01 1.62e-01f  1
 205  8.3915697e+03 1.78e-09 8.46e+05  -3.8 4.92e+03    -  6.39e-01 1.72e-01f  1
 206  8.3154649e+03 1.00e-09 5.47e+05  -3.8 6.60e+03    -  6.28e-01 4.35e-01f  1
 207  8.2496937e+03 4.49e-10 2.59e+05  -3.8 5.99e+03    -  7.46e-01 5.53e-01f  1
 208  8.2289265e+03 2.65e-10 1.55e+05  -3.8 4.15e+03    -  5.96e-01 4.09e-01h  1
 209  8.2163552e+03 1.52e-10 8.96e+04  -3.8 4.91e+03    -  5.75e-01 4.27e-01h  1
iter    objective    inf_pr   inf_du lg(mu)  ||d||  lg(rg) alpha_du alpha_pr  ls
 210  8.2045845e+03 4.45e-11 2.61e+04  -3.8 4.63e+03    -  6.20e-01 7.07e-01h  1
 211  8.2015613e+03 1.51e-11 8.82e+03  -3.8 3.16e+03    -  5.95e-01 6.60e-01h  1
 212  8.1999970e+03 8.22e-14 3.46e+02  -3.8 2.14e+03    -  7.08e-01 1.00e+00h  1
 213  8.1999900e+03 1.25e-15 1.40e-08  -3.8 1.03e+02    -  1.00e+00 1.00e+00h  1
 214  8.1999894e+03 8.88e-16 1.50e-09  -3.8 3.73e+00    -  1.00e+00 1.00e+00h  1
 215  8.1980642e+03 2.91e-14 8.85e+02  -5.7 2.48e+03    -  7.86e-01 7.21e-01f  1
 216  8.1976466e+03 1.47e-14 7.60e+02  -5.7 5.72e+02    -  7.22e-01 5.86e-01h  1
 217  8.1973384e+03 1.07e-14 1.28e+02  -5.7 5.66e+02    -  8.40e-01 1.00e+00h  1
 218  8.1973378e+03 6.67e-14 3.29e-10  -5.7 1.87e+01    -  1.00e+00 1.00e+00h  1
 219  8.1973378e+03 1.10e-13 6.92e-11  -5.7 1.70e+01    -  1.00e+00 1.00e+00h  1
iter    objective    inf_pr   inf_du lg(mu)  ||d||  lg(rg) alpha_du alpha_pr  ls
 220  8.1973378e+03 3.35e-13 2.83e-06  -5.7 1.23e+04    -  1.00e+00 1.22e-04h 14
 221  8.1973378e+03 7.04e-16 2.37e-11  -5.7 1.13e-05  -6.3 1.00e+00 1.00e+00h  1
 222  8.1973050e+03 3.02e-14 1.05e+00  -8.6 2.96e+01    -  9.88e-01 9.94e-01f  1
 223  8.1973047e+03 7.32e-16 1.07e-10  -8.6 6.78e-04  -6.8 1.00e+00 1.00e+00h  1

Number of Iterations....: 223

                                   (scaled)                 (unscaled)
Objective...............:   8.1973047464132578e+03    8.1973047464132578e+03
Dual infeasibility......:   1.0703323750609243e-10    1.0703323750609243e-10
Constraint violation....:   7.3205330686221259e-16    7.3205330686221259e-16
Variable bound violation:   0.0000000000000000e+00    0.0000000000000000e+00
Complementarity.........:   2.5892817916208289e-09    2.5892817916208289e-09
Overall NLP error.......:   2.5892817916208289e-09    2.5892817916208289e-09


Number of objective function evaluations             = 238
Number of objective gradient evaluations             = 224
Number of equality constraint evaluations            = 238
Number of inequality constraint evaluations          = 238
Number of equality constraint Jacobian evaluations   = 224
Number of inequality constraint Jacobian evaluations = 224
Number of Lagrangian Hessian evaluations             = 223
Total seconds in IPOPT                               = 694.517

EXIT: Optimal Solution Found.
