
================================================================================
PARALLELIZATION STATUS
================================================================================
Julia threads:       16
Status:              Using 16 threads
================================================================================
RHO_OVERRIDE: using rho = 16000.0
EPS_PRI_OVERRIDE: using eps_pri = 0.0001
EPS_DUAL_OVERRIDE: using eps_dual = 0.0005
ADAPTIVE_RHO_OVERRIDE: adaptive_rho = true

================================================================================
PARSING SYSTEM DATA
================================================================================
Loaded system: ieee2552C_1ph from C:\repos_addendum\MultiPeriodDistOPF\envs\tadmm\..\..\rawData\ieee2552C_1ph\Master.dss

========================================
Initial Powerflow
========================================
Powerflow completed successfully!

[OpenDSS] Total system load: 2129.58 kW
[OpenDSS] Substation power: 2187.53 kW
[OpenDSS] Total PV dispatch: 0.00 kW
[OpenDSS] Total battery dispatch: 0.00 kW
[OpenDSS] Total system losses: 57.95 kW


================================================================================
[35;1mSOLVING MPOPF WITH SOCP (tADMM)[0m
================================================================================
[36;1mUsing fixed rho = 16000.0[0m
  [tADMM hyperparams] mu_balance=5.00 tau_incr=2.00 tau_decr=3.00 update_interval=5 eps_pri=1.0e-04 eps_dual=5.0e-04 rho_init=16000.0 adaptive=true

================================================================================
[36;1m🎯 tADMM[SOCP]: T=24, ρ_init=16000.0, adaptive=true, warm_start=true, |Bset|=250, |Nset|=2522, |Lset|=2521
[0m================================================================================

******************************************************************************
This program contains Ipopt, a library for large-scale nonlinear optimization.
 Ipopt is released as open source code under the Eclipse Public License (EPL).
         For more information visit https://github.com/coin-or/Ipopt
******************************************************************************


******************************************************************************
This program contains Ipopt, a library for large-scale nonlinear optimization.
 Ipopt is released as open source code under the Eclipse Public License (EPL).
         For more information visit https://github.com/coin-or/Ipopt
******************************************************************************

k=  1  obj=$4253.42  ‖r‖=2.71e-03  ‖s‖=6.20e+00  ρ=16000.0  sp_max=26.441s  sp_med=21.436s
k=  2  obj=$4338.12  ‖r‖=2.61e-03  ‖s‖=7.19e+00  ρ=16000.0  sp_max=20.364s  sp_med=8.562s
k=  3  obj=$5219.92  ‖r‖=2.04e-03  ‖s‖=8.37e+00  ρ=16000.0  sp_max=22.807s  sp_med=13.738s
k=  4  obj=$6266.39  ‖r‖=1.52e-03  ‖s‖=6.33e+00  ρ=16000.0  sp_max=19.268s  sp_med=9.789s
[33;1m  [PHASE1-UP] ρ: 16000.0 → 32000.0 (‖r‖=8.46e-04 > ε=1.0e-04)
[0mk=  5  obj=$7526.99  ‖r‖=8.46e-04  ‖s‖=3.94e+00  ρ=32000.0  sp_max=21.711s  sp_med=10.197s
k=  6  obj=$8316.46  ‖r‖=1.78e-04  ‖s‖=3.92e+00  ρ=32000.0  sp_max=13.852s  sp_med=6.419s
k=  7  obj=$8435.90  ‖r‖=1.10e-05  ‖s‖=3.96e+00  ρ=32000.0  sp_max=13.430s  sp_med=7.120s
k=  8  obj=$8430.50  ‖r‖=3.33e-08  ‖s‖=3.96e+00  ρ=32000.0  sp_max=9.926s  sp_med=6.669s
k=  9  obj=$8422.21  ‖r‖=8.45e-09  ‖s‖=3.96e+00  ρ=32000.0  sp_max=10.722s  sp_med=6.565s
[32;1m  [k= 10] Phase 1→2: primal converged
[0m[36;1m  [k= 10] ρ 32000.0 → 10666.7 (s/r=905735.3, ‖r‖ converged)
[0mk= 10  obj=$8414.05  ‖r‖=4.33e-06  ‖s‖=3.93e+00  ρ=10666.7  sp_max=10.568s  sp_med=6.393s
      [Progress] 231.7s elapsed, 3 iters/min
k= 11  obj=$8390.35  ‖r‖=1.97e-05  ‖s‖=3.87e+00  ρ=10666.7  sp_max=12.106s  sp_med=7.163s
k= 12  obj=$8367.43  ‖r‖=2.46e-05  ‖s‖=3.81e+00  ρ=10666.7  sp_max=10.694s  sp_med=7.151s
k= 13  obj=$8344.55  ‖r‖=1.42e-05  ‖s‖=3.80e+00  ρ=10666.7  sp_max=11.349s  sp_med=6.581s
k= 14  obj=$8321.79  ‖r‖=4.01e-06  ‖s‖=3.80e+00  ρ=10666.7  sp_max=10.088s  sp_med=6.930s
[36;1m  [k= 15] ρ 10666.7 → 3555.6 (s/r=389409.0, ‖r‖ converged)
[0mk= 15  obj=$8301.73  ‖r‖=9.61e-06  ‖s‖=3.74e+00  ρ=3555.6  sp_max=11.223s  sp_med=7.082s
k= 16  obj=$8214.55  ‖r‖=1.27e-04  ‖s‖=3.48e+00  ρ=3555.6  sp_max=15.209s  sp_med=9.471s
k= 17  obj=$8150.42  ‖r‖=1.74e-04  ‖s‖=3.05e+00  ρ=3555.6  sp_max=14.981s  sp_med=9.400s
k= 18  obj=$8111.98  ‖r‖=1.67e-04  ‖s‖=2.42e+00  ρ=3555.6  sp_max=17.663s  sp_med=10.516s
k= 19  obj=$8111.12  ‖r‖=9.42e-05  ‖s‖=1.77e+00  ρ=3555.6  sp_max=15.195s  sp_med=7.987s
[36;1m  [k= 20] ρ 3555.6 → 1185.2 (s/r=68828.3, ‖r‖ converged)
[0mk= 20  obj=$8125.37  ‖r‖=1.97e-05  ‖s‖=1.35e+00  ρ=1185.2  sp_max=16.241s  sp_med=10.537s
      [Progress] 408.9s elapsed, 3 iters/min
k= 21  obj=$8151.43  ‖r‖=1.24e-04  ‖s‖=8.58e-01  ρ=1185.2  sp_max=15.535s  sp_med=9.522s
k= 22  obj=$8161.15  ‖r‖=1.31e-04  ‖s‖=4.89e-01  ρ=1185.2  sp_max=16.705s  sp_med=8.535s
k= 23  obj=$8168.13  ‖r‖=7.73e-05  ‖s‖=2.48e-01  ρ=1185.2  sp_max=14.665s  sp_med=8.756s
k= 24  obj=$8146.31  ‖r‖=3.17e-05  ‖s‖=9.86e-02  ρ=1185.2  sp_max=15.554s  sp_med=8.361s
[36;1m  [k= 25] ρ 1185.2 → 395.1 (s/r=1845.2, ‖r‖ converged)
[0mk= 25  obj=$8123.41  ‖r‖=4.04e-05  ‖s‖=7.45e-02  ρ=395.1  sp_max=23.421s  sp_med=12.773s
k= 26  obj=$8097.46  ‖r‖=7.11e-05  ‖s‖=4.72e-02  ρ=395.1  sp_max=17.230s  sp_med=10.313s
k= 27  obj=$8095.55  ‖r‖=6.25e-05  ‖s‖=2.43e-02  ρ=395.1  sp_max=18.027s  sp_med=7.645s
k= 28  obj=$8101.45  ‖r‖=3.88e-05  ‖s‖=1.77e-02  ρ=395.1  sp_max=19.821s  sp_med=11.049s
k= 29  obj=$8109.49  ‖r‖=2.07e-05  ‖s‖=1.88e-02  ρ=395.1  sp_max=16.007s  sp_med=7.221s
[36;1m  [k= 30] ρ 395.1 → 131.7 (s/r=811.4, ‖r‖ converged)
[0mk= 30  obj=$8116.25  ‖r‖=1.90e-05  ‖s‖=1.54e-02  ρ=131.7  sp_max=22.655s  sp_med=12.824s
      [Progress] 634.4s elapsed, 3 iters/min
k= 31  obj=$8125.02  ‖r‖=3.47e-05  ‖s‖=8.57e-03  ρ=131.7  sp_max=20.996s  sp_med=9.995s
k= 32  obj=$8125.22  ‖r‖=3.42e-05  ‖s‖=2.05e-03  ρ=131.7  sp_max=21.040s  sp_med=12.434s
k= 33  obj=$8120.97  ‖r‖=2.09e-05  ‖s‖=3.82e-03  ρ=131.7  sp_max=18.939s  sp_med=9.325s
k= 34  obj=$8116.27  ‖r‖=7.03e-06  ‖s‖=4.71e-03  ρ=131.7  sp_max=21.413s  sp_med=10.628s
[36;1m  [k= 35] ρ 131.7 → 43.9 (s/r=421.1, ‖r‖ converged)
[0mk= 35  obj=$8113.37  ‖r‖=7.85e-06  ‖s‖=3.31e-03  ρ=43.9  sp_max=16.825s  sp_med=8.693s
k= 36  obj=$8109.82  ‖r‖=2.25e-05  ‖s‖=1.63e-03  ρ=43.9  sp_max=16.214s  sp_med=8.747s
k= 37  obj=$8110.02  ‖r‖=2.21e-05  ‖s‖=1.56e-04  ρ=43.9  sp_max=17.903s  sp_med=9.659s
[32;1m🎉 tADMM converged at iteration 37 (‖r‖=2.21e-05 ≤ 1.00e-04, ‖s‖=1.56e-04 ≤ 5.00e-04)
  Final objective: $8110.02
[0m
================================================================================
[36;1m📊 SOLVER PERFORMANCE ANALYSIS (optimize!() times only)[0m
================================================================================
Iterations:       36
Effective time:   616.79 seconds
Wall-clock time:  807.38 seconds
Overhead:         23.6%
================================================================================

--- tADMM RESULT ---
[32;1mObjective: $8110.02
Wall-clock: 807.38 seconds
Effective:  616.79 seconds (37 iterations)
[0m
================================================================================
[36;1mVALIDATING tADMM SOLUTION[0m
================================================================================

================================================================================
SOLUTION VALIDATION: tADMM SOCP
================================================================================
✓ All constraints satisfied!
================================================================================
[32;1m✓ Convergence CSV: C:\repos_addendum\MultiPeriodDistOPF\envs\tadmm\processedData\ieee2552C_1ph_T24\convergence_data.csv[0m
[32;1m✓ Subproblem timing CSV: C:\repos_addendum\MultiPeriodDistOPF\envs\tadmm\processedData\ieee2552C_1ph_T24\subproblem_timing_details.csv[0m
[36;1mLoaded BF results from C:\repos_addendum\MultiPeriodDistOPF\envs\tadmm\processedData\ieee2552C_1ph_T24\results_socp_bf.txt[0m
[36;1mNear-optimal at k=19 (287.60s eff): obj=$8111.12, gap=0.050% vs BF, r=9.42e-05, s=1.77e+00[0m
[32;1m✓ Near-optimal summary: C:\repos_addendum\MultiPeriodDistOPF\envs\tadmm\processedData\ieee2552C_1ph_T24\near_optimal_summary.csv[0m
[32;1m✓ Solution saved: C:\repos_addendum\MultiPeriodDistOPF\envs\tadmm\processedData\ieee2552C_1ph_T24\sol_socp_tadmm.jls[0m
[32;1m✓ tADMM results written to C:\repos_addendum\MultiPeriodDistOPF\envs\tadmm\processedData\ieee2552C_1ph_T24\results_socp_tadmm.txt[0m
[32;1m✓ Live log trimmed to last 100 lines: C:\repos_addendum\MultiPeriodDistOPF\envs\tadmm\processedData\ieee2552C_1ph_T24\tadmm_run.log[0m

================================================================================
[35;1mtADMM PIPELINE COMPLETE[0m
================================================================================
