
================================================================================
PARALLELIZATION STATUS
================================================================================
Julia threads:       16
Status:              Using 16 threads
================================================================================
RHO_OVERRIDE: using rho = 1000.0
EPS_PRI_OVERRIDE: using eps_pri = 0.001
EPS_DUAL_OVERRIDE: using eps_dual = 0.001
ADAPTIVE_RHO_OVERRIDE: adaptive_rho = true

================================================================================
PARSING SYSTEM DATA
================================================================================
Loaded system: ieee123C_1ph from C:\repos_addendum\MultiPeriodDistOPF\envs\tadmm\..\..\rawData\ieee123C_1ph\Master.dss

========================================
Initial Powerflow
========================================
Powerflow completed successfully!

[OpenDSS] Total system load: 872.27 kW
[OpenDSS] Substation power: 877.20 kW
[OpenDSS] Total PV dispatch: 0.00 kW
[OpenDSS] Total battery dispatch: 0.00 kW
[OpenDSS] Total system losses: 4.94 kW


================================================================================
[35;1mSOLVING MPOPF WITH SOCP (tADMM)[0m
================================================================================
[36;1mUsing fixed rho = 1000.0[0m
  [tADMM hyperparams] mu_balance=5.00 tau_incr=2.00 tau_decr=2.00 update_interval=5 eps_pri=1.0e-03 eps_dual=1.0e-03 rho_init=1000.0 adaptive=true

================================================================================
[36;1m🎯 tADMM[SOCP]: T=24, ρ_init=1000.0, adaptive=true, warm_start=true, |Bset|=51, |Nset|=128, |Lset|=127
[0m================================================================================

******************************************************************************
This program contains Ipopt, a library for large-scale nonlinear optimization.
 Ipopt is released as open source code under the Eclipse Public License (EPL).
         For more information visit https://github.com/coin-or/Ipopt
******************************************************************************

k=  1  obj=$1296.35  ‖r‖=5.16e-03  ‖s‖=7.37e-01  ρ=1000.0  sp_max=2.383s  sp_med=2.164s
k=  2  obj=$1296.35  ‖r‖=5.12e-03  ‖s‖=8.61e-01  ρ=1000.0  sp_max=1.386s  sp_med=0.745s
k=  3  obj=$1296.35  ‖r‖=5.05e-03  ‖s‖=9.93e-01  ρ=1000.0  sp_max=1.288s  sp_med=0.867s
k=  4  obj=$1296.35  ‖r‖=5.00e-03  ‖s‖=7.88e-01  ρ=1000.0  sp_max=1.344s  sp_med=0.822s
[33;1m  [PHASE1-UP] ρ: 1000.0 → 2000.0 (‖r‖=4.98e-03 > ε=1.0e-03)
[0mk=  5  obj=$1296.35  ‖r‖=4.98e-03  ‖s‖=5.16e-01  ρ=2000.0  sp_max=1.105s  sp_med=0.809s
k=  6  obj=$1296.35  ‖r‖=4.97e-03  ‖s‖=5.38e-01  ρ=2000.0  sp_max=1.938s  sp_med=0.980s
k=  7  obj=$1296.35  ‖r‖=4.97e-03  ‖s‖=5.94e-01  ρ=2000.0  sp_max=1.134s  sp_med=0.768s
k=  8  obj=$1296.35  ‖r‖=4.97e-03  ‖s‖=6.21e-01  ρ=2000.0  sp_max=1.214s  sp_med=0.842s
k=  9  obj=$1308.19  ‖r‖=4.90e-03  ‖s‖=6.51e-01  ρ=2000.0  sp_max=1.634s  sp_med=0.881s
[33;1m  [PHASE1-UP] ρ: 2000.0 → 4000.0 (‖r‖=4.73e-03 > ε=1.0e-03)
[0mk= 10  obj=$1356.74  ‖r‖=4.73e-03  ‖s‖=7.35e-01  ρ=4000.0  sp_max=1.807s  sp_med=0.992s
      [Progress] 31.6s elapsed, 19 iters/min
k= 11  obj=$1438.79  ‖r‖=4.48e-03  ‖s‖=1.15e+00  ρ=4000.0  sp_max=1.878s  sp_med=0.998s
k= 12  obj=$1581.93  ‖r‖=4.09e-03  ‖s‖=1.91e+00  ρ=4000.0  sp_max=1.790s  sp_med=0.883s
k= 13  obj=$1788.33  ‖r‖=3.58e-03  ‖s‖=2.57e+00  ρ=4000.0  sp_max=2.195s  sp_med=1.266s
k= 14  obj=$2084.08  ‖r‖=2.87e-03  ‖s‖=3.02e+00  ρ=4000.0  sp_max=1.963s  sp_med=1.150s
[33;1m  [k= 15] 🐕 RNORM WATCHDOG: ρ 4000.0 → 10000.0 (‖r‖=2.26e-03 > 1.0e-03 for 15 iters)
[0m[33;1m  [PHASE1-UP] ρ: 10000.0 → 20000.0 (‖r‖=2.26e-03 > ε=1.0e-03)
[0mk= 15  obj=$2333.18  ‖r‖=2.26e-03  ‖s‖=3.36e+00  ρ=20000.0  sp_max=1.818s  sp_med=1.064s
k= 16  obj=$2692.55  ‖r‖=1.06e-03  ‖s‖=3.95e+00  ρ=20000.0  sp_max=1.857s  sp_med=1.021s
k= 17  obj=$2895.02  ‖r‖=4.80e-05  ‖s‖=3.97e+00  ρ=20000.0  sp_max=1.588s  sp_med=0.965s
k= 18  obj=$2896.59  ‖r‖=2.90e-09  ‖s‖=3.97e+00  ρ=20000.0  sp_max=1.480s  sp_med=1.121s
k= 19  obj=$2893.87  ‖r‖=2.10e-09  ‖s‖=3.97e+00  ρ=20000.0  sp_max=1.681s  sp_med=1.088s
[32;1m  [k= 20] Phase 1→2: primal converged
[0m[36;1m  [k= 20] ρ 20000.0 → 10000.0 (s/r=225517337.2, ‖r‖ converged)
[0mk= 20  obj=$2891.15  ‖r‖=1.76e-08  ‖s‖=3.97e+00  ρ=10000.0  sp_max=1.545s  sp_med=1.041s
      [Progress] 54.0s elapsed, 22 iters/min
k= 21  obj=$2885.72  ‖r‖=1.63e-06  ‖s‖=3.96e+00  ρ=10000.0  sp_max=1.625s  sp_med=0.949s
k= 22  obj=$2880.45  ‖r‖=1.97e-05  ‖s‖=3.92e+00  ρ=10000.0  sp_max=2.041s  sp_med=1.370s
k= 23  obj=$2875.64  ‖r‖=1.48e-05  ‖s‖=3.89e+00  ρ=10000.0  sp_max=1.806s  sp_med=1.109s
k= 24  obj=$2870.92  ‖r‖=1.89e-05  ‖s‖=3.85e+00  ρ=10000.0  sp_max=1.867s  sp_med=1.210s
[36;1m  [k= 25] ρ 10000.0 → 5000.0 (s/r=184496.8, ‖r‖ converged)
[0mk= 25  obj=$2865.96  ‖r‖=2.07e-05  ‖s‖=3.83e+00  ρ=5000.0  sp_max=2.496s  sp_med=1.449s
k= 26  obj=$2856.12  ‖r‖=2.57e-05  ‖s‖=3.81e+00  ρ=5000.0  sp_max=2.437s  sp_med=1.592s
k= 27  obj=$2846.00  ‖r‖=2.73e-05  ‖s‖=3.81e+00  ρ=5000.0  sp_max=1.421s  sp_med=1.046s
k= 28  obj=$2829.90  ‖r‖=9.46e-05  ‖s‖=3.66e+00  ρ=5000.0  sp_max=1.691s  sp_med=0.965s
k= 29  obj=$2814.97  ‖r‖=1.58e-04  ‖s‖=3.48e+00  ρ=5000.0  sp_max=1.460s  sp_med=1.066s
[36;1m  [k= 30] ρ 5000.0 → 2500.0 (s/r=25807.6, ‖r‖ converged)
[0mk= 30  obj=$2809.33  ‖r‖=1.26e-04  ‖s‖=3.26e+00  ρ=2500.0  sp_max=1.328s  sp_med=0.907s
      [Progress] 77.0s elapsed, 23 iters/min
k= 31  obj=$2805.02  ‖r‖=6.33e-05  ‖s‖=2.93e+00  ρ=2500.0  sp_max=1.488s  sp_med=1.109s
k= 32  obj=$2804.08  ‖r‖=9.24e-05  ‖s‖=2.49e+00  ρ=2500.0  sp_max=1.741s  sp_med=1.146s
k= 33  obj=$2801.92  ‖r‖=1.44e-04  ‖s‖=2.17e+00  ρ=2500.0  sp_max=1.663s  sp_med=1.058s
k= 34  obj=$2797.20  ‖r‖=1.72e-04  ‖s‖=1.83e+00  ρ=2500.0  sp_max=1.774s  sp_med=1.193s
[36;1m  [k= 35] ρ 2500.0 → 1250.0 (s/r=9236.3, ‖r‖ converged)
[0mk= 35  obj=$2791.24  ‖r‖=1.67e-04  ‖s‖=1.54e+00  ρ=1250.0  sp_max=1.803s  sp_med=1.152s
k= 36  obj=$2781.76  ‖r‖=1.36e-04  ‖s‖=1.17e+00  ρ=1250.0  sp_max=2.079s  sp_med=1.264s
k= 37  obj=$2777.29  ‖r‖=9.87e-05  ‖s‖=8.27e-01  ρ=1250.0  sp_max=1.558s  sp_med=1.116s
k= 38  obj=$2775.27  ‖r‖=6.94e-05  ‖s‖=6.26e-01  ρ=1250.0  sp_max=1.817s  sp_med=1.112s
k= 39  obj=$2775.03  ‖r‖=5.21e-05  ‖s‖=4.65e-01  ρ=1250.0  sp_max=1.780s  sp_med=1.108s
[36;1m  [k= 40] ρ 1250.0 → 625.0 (s/r=8768.7, ‖r‖ converged)
[0mk= 40  obj=$2774.28  ‖r‖=4.24e-05  ‖s‖=3.72e-01  ρ=625.0  sp_max=1.718s  sp_med=1.141s
      [Progress] 98.8s elapsed, 24 iters/min
k= 41  obj=$2781.20  ‖r‖=6.28e-05  ‖s‖=2.73e-01  ρ=625.0  sp_max=1.566s  sp_med=1.033s
k= 42  obj=$2787.64  ‖r‖=7.80e-05  ‖s‖=1.44e-01  ρ=625.0  sp_max=1.624s  sp_med=0.942s
k= 43  obj=$2780.71  ‖r‖=6.46e-05  ‖s‖=1.07e-01  ρ=625.0  sp_max=1.727s  sp_med=0.989s
k= 44  obj=$2772.39  ‖r‖=4.26e-05  ‖s‖=1.10e-01  ρ=625.0  sp_max=1.535s  sp_med=1.050s
[36;1m  [k= 45] ρ 625.0 → 312.5 (s/r=2289.5, ‖r‖ converged)
[0mk= 45  obj=$2768.44  ‖r‖=3.99e-05  ‖s‖=9.14e-02  ρ=312.5  sp_max=1.518s  sp_med=0.964s
k= 46  obj=$2764.59  ‖r‖=7.81e-05  ‖s‖=5.41e-02  ρ=312.5  sp_max=1.597s  sp_med=0.903s
k= 47  obj=$2764.22  ‖r‖=8.66e-05  ‖s‖=1.59e-02  ρ=312.5  sp_max=1.480s  sp_med=0.932s
k= 48  obj=$2767.19  ‖r‖=5.45e-05  ‖s‖=2.21e-02  ρ=312.5  sp_max=1.447s  sp_med=0.975s
k= 49  obj=$2771.08  ‖r‖=1.83e-05  ‖s‖=2.76e-02  ρ=312.5  sp_max=1.360s  sp_med=0.767s
[36;1m  [k= 50] ρ 312.5 → 156.2 (s/r=1177.9, ‖r‖ converged)
[0mk= 50  obj=$2773.74  ‖r‖=1.70e-05  ‖s‖=2.00e-02  ρ=156.2  sp_max=1.488s  sp_med=0.921s
      [Progress] 118.0s elapsed, 25 iters/min
k= 51  obj=$2776.04  ‖r‖=4.03e-05  ‖s‖=9.51e-03  ρ=156.2  sp_max=1.360s  sp_med=0.956s
k= 52  obj=$2775.63  ‖r‖=3.78e-05  ‖s‖=1.95e-03  ρ=156.2  sp_max=1.421s  sp_med=0.987s
k= 53  obj=$2773.86  ‖r‖=2.05e-05  ‖s‖=6.25e-03  ρ=156.2  sp_max=1.635s  sp_med=0.955s
k= 54  obj=$2772.07  ‖r‖=3.69e-06  ‖s‖=6.59e-03  ρ=156.2  sp_max=1.459s  sp_med=0.838s
[36;1m  [k= 55] ρ 156.2 → 78.1 (s/r=403.6, ‖r‖ converged)
[0mk= 55  obj=$2771.06  ‖r‖=9.95e-06  ‖s‖=4.01e-03  ρ=78.1  sp_max=1.434s  sp_med=0.867s
k= 56  obj=$2770.31  ‖r‖=1.85e-05  ‖s‖=1.59e-03  ρ=78.1  sp_max=1.291s  sp_med=0.989s
k= 57  obj=$2770.64  ‖r‖=1.55e-05  ‖s‖=5.67e-04  ρ=78.1  sp_max=1.244s  sp_med=0.881s
[32;1m🎉 tADMM converged at iteration 57 (‖r‖=1.55e-05 ≤ 1.00e-03, ‖s‖=5.67e-04 ≤ 1.00e-03)
  Final objective: $2770.64
[0m
================================================================================
[36;1m📊 SOLVER PERFORMANCE ANALYSIS (optimize!() times only)[0m
================================================================================
Iterations:       56
Effective time:   93.81 seconds
Wall-clock time:  131.43 seconds
Overhead:         28.6%
================================================================================

--- tADMM RESULT ---
[32;1mObjective: $2770.64
Wall-clock: 131.43 seconds
Effective:  93.81 seconds (57 iterations)
[0m
================================================================================
[36;1mVALIDATING tADMM SOLUTION[0m
================================================================================

================================================================================
SOLUTION VALIDATION: tADMM SOCP
================================================================================
✓ All constraints satisfied!
================================================================================
[32;1m✓ Convergence CSV: C:\repos_addendum\MultiPeriodDistOPF\envs\tadmm\processedData\ieee123C_1ph_T24\convergence_data.csv[0m
[32;1m✓ Subproblem timing CSV: C:\repos_addendum\MultiPeriodDistOPF\envs\tadmm\processedData\ieee123C_1ph_T24\subproblem_timing_details.csv[0m
[36;1mLoaded BF results from C:\repos_addendum\MultiPeriodDistOPF\envs\tadmm\processedData\ieee123C_1ph_T24\results_socp_bf.txt[0m
[36;1mNear-optimal at k=36 (61.75s eff): obj=$2781.76, gap=0.350% vs BF, r=1.36e-04, s=1.17e+00[0m
[32;1m✓ Near-optimal summary: C:\repos_addendum\MultiPeriodDistOPF\envs\tadmm\processedData\ieee123C_1ph_T24\near_optimal_summary.csv[0m
[32;1m✓ Solution saved: C:\repos_addendum\MultiPeriodDistOPF\envs\tadmm\processedData\ieee123C_1ph_T24\sol_socp_tadmm.jls[0m
[32;1m✓ tADMM results written to C:\repos_addendum\MultiPeriodDistOPF\envs\tadmm\processedData\ieee123C_1ph_T24\results_socp_tadmm.txt[0m
[32;1m✓ Live log trimmed to last 100 lines: C:\repos_addendum\MultiPeriodDistOPF\envs\tadmm\processedData\ieee123C_1ph_T24\tadmm_run.log[0m

================================================================================
[35;1mtADMM PIPELINE COMPLETE[0m
================================================================================
