
******************************************************************************
This program contains Ipopt, a library for large-scale nonlinear optimization.
 Ipopt is released as open source code under the Eclipse Public License (EPL).
         For more information visit https://github.com/coin-or/Ipopt
******************************************************************************

This is Ipopt version 3.14.19, running with linear solver ma57.

Number of nonzeros in equality constraint Jacobian...:   695247
Number of nonzeros in inequality constraint Jacobian.:   242016
Number of nonzeros in Lagrangian Hessian.............:   187737

Total number of variables............................:   260016
                     variables with only lower bounds:    60528
                variables with lower and upper bounds:    78456
                     variables with only upper bounds:        0
Total number of equality constraints.................:   187560
Total number of inequality constraints...............:    60504
        inequality constraints with only lower bounds:        0
   inequality constraints with lower and upper bounds:        0
        inequality constraints with only upper bounds:    60504

iter    objective    inf_pr   inf_du lg(mu)  ||d||  lg(rg) alpha_du alpha_pr  ls
   0  4.1810895e+02 1.98e-01 9.46e+00  -1.0 0.00e+00    -  0.00e+00 0.00e+00   0
   1  4.6885340e+02 1.97e-01 1.19e+01  -1.0 1.19e+01    -  8.38e-04 7.17e-03f  1
   2  7.0974002e+02 1.92e-01 1.38e+01  -1.0 6.34e+00    -  7.95e-03 2.52e-02f  1
   3  1.2123560e+03 1.81e-01 1.74e+01  -1.0 4.29e+00    -  7.08e-03 5.35e-02f  1
   4  1.4870344e+03 1.77e-01 2.20e+01  -1.0 6.53e+00    -  3.60e-03 2.55e-02f  1
   5  1.6129158e+03 1.74e-01 1.91e+01  -1.0 5.16e+00    -  4.07e-02 1.32e-02f  1
   6  3.0673112e+03 2.94e-01 7.09e+01  -1.0 3.10e+00    -  4.57e-02 1.68e-01f  1
   7  3.9881965e+03 3.02e-01 7.49e+01  -1.0 4.97e+00    -  1.02e-01 1.22e-01f  1
   8  5.5845326e+03 4.50e-01 5.89e+01  -1.0 5.78e+00    -  2.34e-01 2.38e-01f  1
   9  6.6961841e+03 4.48e-01 7.01e+01  -1.0 6.71e+00    -  4.28e-01 2.02e-01f  1
iter    objective    inf_pr   inf_du lg(mu)  ||d||  lg(rg) alpha_du alpha_pr  ls
  10  8.0755265e+03 4.36e-01 1.91e+02  -1.0 7.14e+00    -  5.73e-01 2.86e-01f  1
  11  9.3778363e+03 3.24e-01 1.99e+02  -1.0 7.53e+00    -  5.97e-01 3.30e-01f  1
  12  1.0515021e+04 1.85e-01 6.39e+01  -1.0 7.10e+00    -  2.34e-01 4.42e-01f  1
  13  1.1853673e+04 2.06e-04 1.50e+02  -1.0 6.20e+00    -  6.84e-01 9.90e-01h  1
  14  1.1808849e+04 2.05e-06 1.95e+02  -1.0 2.86e+01    -  5.88e-01 9.90e-01f  1
  15  1.1868217e+04 9.62e-09 1.31e+04  -1.0 4.56e+01    -  7.25e-01 9.95e-01f  1
  16  1.1886791e+04 9.65e-16 2.06e+06  -1.0 1.31e+02    -  5.73e-01 1.00e+00f  1
  17  1.1898618e+04 7.08e-16 7.80e+05  -1.0 1.70e+02    -  8.76e-01 1.00e+00f  1
  18  1.1908212e+04 6.81e-16 5.90e+04  -1.0 3.30e+02    -  9.24e-01 1.00e+00f  1
  19  1.1910165e+04 8.23e-16 1.90e-02  -1.0 1.17e+02    -  1.00e+00 1.00e+00h  1
iter    objective    inf_pr   inf_du lg(mu)  ||d||  lg(rg) alpha_du alpha_pr  ls
  20  1.1761754e+04 9.15e-16 3.69e+06  -3.8 7.48e+02    -  5.82e-01 9.90e-01f  1
  21  1.1599685e+04 1.23e-03 2.61e+06  -3.8 6.45e+01    -  3.03e-01 6.92e-01f  1
  22  1.1354825e+04 1.53e-03 1.87e+06  -3.8 4.77e+01    -  2.89e-01 8.88e-01f  1
  23  1.1041150e+04 7.88e-03 1.33e+06  -3.8 3.14e+01    -  2.89e-01 1.00e+00f  1
  24  1.0726591e+04 1.74e-02 9.56e+05  -3.8 1.53e+01    -  2.83e-01 9.91e-01f  1
  25  1.0415765e+04 2.19e-02 5.57e+05  -3.8 9.87e+00    -  4.18e-01 1.00e+00f  1
  26  1.0087482e+04 4.43e-02 2.47e+05  -3.8 1.15e+01    -  5.55e-01 7.77e-01f  1
  27  9.8577689e+03 9.08e-02 2.06e+05  -3.8 1.78e+01    -  1.67e-01 3.38e-01f  1
  28  9.7843028e+03 8.93e-02 1.47e+05  -3.8 2.17e+01    -  2.88e-01 1.21e-01f  1
  29  9.6812886e+03 9.79e-02 1.12e+05  -3.8 2.55e+01    -  2.40e-01 1.63e-01f  1
iter    objective    inf_pr   inf_du lg(mu)  ||d||  lg(rg) alpha_du alpha_pr  ls
  30  9.5832488e+03 9.84e-02 7.64e+04  -3.8 2.29e+01    -  3.14e-01 1.65e-01f  1
  31  9.4578351e+03 9.61e-02 6.13e+04  -3.8 2.03e+01    -  1.98e-01 2.31e-01f  1
  32  9.3534974e+03 8.45e-02 4.24e+04  -3.8 1.61e+01    -  3.08e-01 2.40e-01f  1
  33  9.2823027e+03 7.09e-02 2.81e+04  -3.8 1.24e+01    -  3.37e-01 2.08e-01f  1
  34  9.1333138e+03 5.20e-02 1.74e+04  -3.8 1.01e+01    -  3.80e-01 5.40e-01f  1
  35  9.0136966e+03 1.27e-02 4.33e+03  -3.8 4.83e+00    -  7.51e-01 9.27e-01f  1
  36  9.0038544e+03 7.06e-16 7.64e-05  -3.8 5.18e-01    -  1.00e+00 1.00e+00h  1
  37  9.0037678e+03 6.69e-16 1.57e-06  -3.8 2.42e-02    -  1.00e+00 1.00e+00h  1
  38  8.9459315e+03 5.04e-03 2.58e+03  -5.7 3.11e+00    -  4.30e-01 6.22e-01f  1
  39  8.9327964e+03 4.82e-03 1.78e+03  -5.7 1.23e+00    -  3.54e-01 3.76e-01f  1
iter    objective    inf_pr   inf_du lg(mu)  ||d||  lg(rg) alpha_du alpha_pr  ls
  40  8.9250770e+03 4.26e-03 2.02e+03  -5.7 7.77e-01    -  1.80e-01 3.57e-01f  1
  41  8.9223497e+03 3.63e-03 1.53e+03  -5.7 5.02e-01    -  2.20e-01 1.99e-01h  1
  42  8.9203922e+03 3.12e-03 1.02e+03  -5.7 4.02e-01    -  2.54e-01 1.79e-01h  1
  43  8.9187820e+03 2.68e-03 8.35e+02  -5.7 3.30e-01    -  1.81e-01 1.81e-01h  1
  44  8.9164839e+03 2.14e-03 6.63e+02  -5.7 2.70e-01    -  2.70e-01 3.19e-01h  1
  45  8.9144461e+03 1.58e-03 6.75e+02  -5.7 1.84e-01    -  2.15e-01 4.20e-01h  1
  46  8.9139688e+03 1.32e-03 1.21e+02  -5.7 1.07e-01    -  5.68e-01 1.74e-01h  1
  47  8.9131557e+03 9.20e-04 1.06e+02  -5.7 8.83e-02    -  3.01e-01 3.62e-01h  1
  48  8.9121606e+03 4.12e-04 1.33e+02  -5.7 5.63e-02    -  4.01e-01 7.03e-01h  1
  49  8.9117612e+03 6.30e-16 4.40e-01  -5.7 1.67e-02    -  1.00e+00 9.94e-01h  1
iter    objective    inf_pr   inf_du lg(mu)  ||d||  lg(rg) alpha_du alpha_pr  ls
  50  8.9117630e+03 7.19e-16 5.54e-06  -5.7 2.22e-03    -  1.00e+00 1.00e+00h  1
  51  8.9113316e+03 8.82e-16 5.31e+00  -8.6 3.99e-02    -  4.54e-01 4.22e-01f  1
  52  8.9110638e+03 8.47e-16 2.11e+00  -8.6 2.30e-02    -  4.14e-01 4.68e-01h  1
  53  8.9108719e+03 1.05e-07 9.17e+00  -8.6 1.22e-02    -  5.02e-01 6.60e-01h  1
  54  8.9108128e+03 3.54e-07 8.00e+00  -8.6 4.16e-03    -  4.94e-01 6.87e-01h  1
  55  8.9107981e+03 2.00e-07 4.90e+00  -8.6 1.30e-03    -  5.14e-01 7.00e-01h  1
  56  8.9107944e+03 1.44e-07 3.47e+00  -8.6 9.35e-04    -  4.19e-01 8.00e-01f  1
  57  8.9107936e+03 1.80e-07 1.46e+00  -8.6 7.86e-04    -  6.15e-01 1.00e+00f  1
  58  8.9107936e+03 1.07e-08 6.69e-02  -8.6 3.94e-04    -  9.54e-01 1.00e+00h  1
  59  8.9107936e+03 8.40e-16 4.91e-08  -8.6 2.25e-04    -  1.00e+00 1.00e+00h  1
iter    objective    inf_pr   inf_du lg(mu)  ||d||  lg(rg) alpha_du alpha_pr  ls
  60  8.9107936e+03 1.00e-15 2.63e-09  -8.6 4.23e-05    -  1.00e+00 1.00e+00h  1

Number of Iterations....: 60

                                   (scaled)                 (unscaled)
Objective...............:   1.6315607270213986e+03    8.9107936287723842e+03
Dual infeasibility......:   2.6256734735016264e-09    1.4340155454482257e-08
Constraint violation....:   1.0009354456386177e-15    1.0009354456386177e-15
Variable bound violation:   1.0976877851121003e-08    1.0976877851121003e-08
Complementarity.........:   2.5490859998791525e-09    1.3921871806992892e-08
Overall NLP error.......:   2.6256734735016264e-09    1.4340155454482257e-08


Number of objective function evaluations             = 61
Number of objective gradient evaluations             = 61
Number of equality constraint evaluations            = 61
Number of inequality constraint evaluations          = 61
Number of equality constraint Jacobian evaluations   = 61
Number of inequality constraint Jacobian evaluations = 61
Number of Lagrangian Hessian evaluations             = 60
Total seconds in IPOPT (w/o function evaluations)    =     25.708
Total seconds in NLP function evaluations            =      2.154


Timing Statistics:

OverallAlgorithm....................:     27.869 (sys:      0.000 wall:     27.862)
 PrintProblemStatistics.............:      0.003 (sys:      0.000 wall:      0.003)
 InitializeIterates.................:      0.743 (sys:      0.000 wall:      0.736)
 UpdateHessian......................:      0.449 (sys:      0.000 wall:      0.445)
 OutputIteration....................:      0.001 (sys:      0.000 wall:      0.006)
 UpdateBarrierParameter.............:      0.085 (sys:      0.000 wall:      0.079)
 ComputeSearchDirection.............:     23.058 (sys:      0.000 wall:     23.068)
 ComputeAcceptableTrialPoint........:      1.920 (sys:      0.000 wall:      1.909)
 AcceptTrialPoint...................:      0.101 (sys:      0.000 wall:      0.103)
 CheckConvergence...................:      1.509 (sys:      0.000 wall:      1.514)
PDSystemSolverTotal.................:     22.885 (sys:      0.000 wall:     22.905)
 PDSystemSolverSolveOnce............:     21.425 (sys:      0.000 wall:     21.420)
 ComputeResiduals...................:      1.028 (sys:      0.000 wall:      1.071)
 StdAugSystemSolverMultiSolve.......:     21.572 (sys:      0.000 wall:     21.594)
 LinearSystemScaling................:      0.000 (sys:      0.000 wall:      0.000)
 LinearSystemSymbolicFactorization..:      0.316 (sys:      0.000 wall:      0.317)
 LinearSystemFactorization..........:     15.279 (sys:      0.000 wall:     15.291)
 LinearSystemBackSolve..............:      5.512 (sys:      0.000 wall:      5.477)
 LinearSystemStructureConverter.....:      0.000 (sys:      0.000 wall:      0.000)
  LinearSystemStructureConverterInit:      0.000 (sys:      0.000 wall:      0.000)
QualityFunctionSearch...............:      0.000 (sys:      0.000 wall:      0.000)
TryCorrector........................:      0.000 (sys:      0.000 wall:      0.000)
Task1...............................:      0.000 (sys:      0.000 wall:      0.000)
Task2...............................:      0.000 (sys:      0.000 wall:      0.000)
Task3...............................:      0.000 (sys:      0.000 wall:      0.000)
Task4...............................:      0.000 (sys:      0.000 wall:      0.000)
Task5...............................:      0.000 (sys:      0.000 wall:      0.000)
Task6...............................:      0.000 (sys:      0.000 wall:      0.000)
Function Evaluations................:      2.134 (sys:      0.000 wall:      2.154)
 Objective function.................:      0.001 (sys:      0.000 wall:      0.004)
 Objective function gradient........:      0.037 (sys:      0.000 wall:      0.031)
 Equality constraints...............:      0.818 (sys:      0.000 wall:      0.818)
 Inequality constraints.............:      0.022 (sys:      0.000 wall:      0.021)
 Equality constraint Jacobian.......:      0.105 (sys:      0.000 wall:      0.123)
 Inequality constraint Jacobian.....:      0.714 (sys:      0.000 wall:      0.721)
 Lagrangian Hessian.................:      0.437 (sys:      0.000 wall:      0.436)

EXIT: Optimal Solution Found.
IPOPT_OPTION linear_solver=ma57
IPOPT_OPTION hsllib=C:/Users/Aryan Ritwajeet Jha/Documents/hsl/build/libma57.dll
IPOPT_OPTION linear_system_scaling=none
CENTRAL_IPOPT system=ieee2522C_1ph T=24 profile=periodic C_B=1.900000e-03 gamma=3.290000e+04 status=LOCALLY_SOLVED iterations=60 objective=8910.793628772384 solve_time_s=28.066 build_s=10.699 wall_s=41.149 variables=260016 solver=3.14.19
CENTRAL_IPOPT_MEMORY maxrss_mib=1163.1
CENTRAL_IPOPT_BATTERY at_power_limit=0.035 mean_utilization=0.330 energy_window_used=0.999 throughput_pu_h=1.045347e+01 energy_term=8.822622e+03 cb_term=6.513078e+01 terminal_term=2.304078e+01
CONSTRAINT_ACTIVITY system=ieee2522C_1ph T=24 status=LOCALLY_SOLVED buses=2522 lines=2521 batteries=249 ders=249
  inequality                             total    active   share  near(1%)  inactive | elements   never active
  voltage lower limit                    60504        80    0.1%       135     60289 |     2521     2497 ( 99.0%)
  voltage upper limit                    60504        30    0.0%        18     60456 |     2521     2519 ( 99.9%)
  battery power, charge limit             5976        36    0.6%         0      5940 |      249      213 ( 85.5%)
  battery power, discharge limit          5976       182    3.0%         1      5793 |      249       67 ( 26.9%)
  battery energy, lower limit             5976      1851   31.0%         4      4121 |      249        0 (  0.0%)
  battery energy, upper limit             5976       660   11.0%        14      5302 |      249        3 (  1.2%)
  DER reactive, lower limit               5976         2    0.0%         0      5974 |      249      248 ( 99.6%)
  DER reactive, upper limit               5976      3702   61.9%         2      2272 |      249        0 (  0.0%)
  line current ell >= 0                  60504      1224    2.0%         0     59280 |     2521     2470 ( 98.0%)
  SOC relaxation P^2+Q^2 <= v*ell        60504     60504  100.0%         0         0 |     2521        0 (  0.0%)
  substation P_Subs >= 0                    24         0    0.0%         0        24 |        1        1 (100.0%)
  ALL INEQUALITIES                      277896     68271   24.6%       174    209451
VOLTAGE_RANGE lowest 0.9500 pu (limit 0.950), highest away from the substation 1.0500 pu (limit 1.050), substation fixed at 1.05 pu
SOC_LOOSE 0 rows on 0 lines: zero resistance 0, zero flow 0, largest resistance 0.00e+00 pu, largest slack 0.00e+00
SCREEN_RULES passive buses 1070 of 2521 (42.4%) | downhill lines 48427 of 60504 bus-periods (80.0%) | premises broken by the solution: above the upper bound 0, rise on a downhill line 0
SCREEN_RULES lower limits kept 20936 of 60504 (34.6%), upper limits kept 8027 of 60504 (13.3%)
SCREEN_RULES per bus (a limit is kept if any period needs it): lower 963 of 2521 (38.2%), upper 578 of 2521 (22.9%)
SCREEN_RULES limits at the optimum that the rules drop as implied by a kept one: active 52 lower, 17 upper; near 84 lower, 7 upper
ORACLE needed at the optimum (active or near): 215 lower, 48 upper of 60504 each | buses: 95 lower, 2 upper of 2521 | kept by the rules but not needed: 20857 lower, 8003 upper
LOWER_ESTIMATE lossless worst-case lowest voltage 0.7411 pu (realised 0.9500, limit 0.950) | bus-periods with estimate below the limit: 52350 of 60504
VOLTAGE_NEEDED lower: 95 buses (leaves 29, passive 51, with a device 9), depth 188..275 of 275, periods [1, 2, 18, 19, 20]
VOLTAGE_NEEDED upper: 2 buses (leaves 0, passive 0, with a device 0), depth 1..2 of 275, periods [1, 2, 3, 4, 5, 6, 7, 8, 9, 10, 11, 12, 13, 14, 15, 16, 17, 18, 19, 20, 21, 22, 23, 24]
BATTERY_IMPLIED energy limits unreachable from B0 at rated power: 249 lower, 249 upper of 5976 each | batteries whose power limit is implied by the energy window: 0 of 249
VOLTAGE_MASKS ddp/results/constraint_activity\voltage_masks_ieee2522C_1ph_T24.jls
