
******************************************************************************
This program contains Ipopt, a library for large-scale nonlinear optimization.
 Ipopt is released as open source code under the Eclipse Public License (EPL).
         For more information visit https://github.com/coin-or/Ipopt
******************************************************************************

This is Ipopt version 3.14.19, running with linear solver ma57.

Number of nonzeros in equality constraint Jacobian...:  2845980
Number of nonzeros in inequality constraint Jacobian.:   990720
Number of nonzeros in Lagrangian Hessian.............:   768540

Reallocating memory for MA57: lfact (34011623)
Total number of variables............................:  1064280
                     variables with only lower bounds:   247704
                variables with lower and upper bounds:   321192
                     variables with only upper bounds:        0
Total number of equality constraints.................:   767592
Total number of inequality constraints...............:   247680
        inequality constraints with only lower bounds:        0
   inequality constraints with lower and upper bounds:        0
        inequality constraints with only upper bounds:   247680

iter    objective    inf_pr   inf_du lg(mu)  ||d||  lg(rg) alpha_du alpha_pr  ls
   0  2.7813556e+06 2.58e-01 9.90e+01  -1.0 0.00e+00    -  0.00e+00 0.00e+00   0
   1  2.7530277e+06 3.14e+00 6.03e+01  -1.0 3.52e+02    -  2.99e-01 3.90e-01f  1
   2  2.7491821e+06 3.15e+00 5.76e+01  -1.0 1.18e+03    -  1.11e-01 4.56e-02f  1
   3  2.7435073e+06 1.21e+00 3.25e+01  -1.0 1.45e+01   0.0 5.61e-01 5.81e-01f  1
   4  2.7389407e+06 1.08e-04 5.65e+01  -1.0 1.50e+01  -0.5 5.49e-01 7.78e-01f  1
   5  2.7331291e+06 5.24e-05 1.05e+02  -1.0 2.77e+01  -1.0 6.55e-01 5.16e-01f  1
   6  2.7299703e+06 5.13e-07 6.64e+00  -1.0 1.02e+01  -0.5 9.87e-01 9.90e-01f  1
Reallocating memory for MA57: lfact (44819587)
Reallocating memory for MA57: lfact (47662329)
   7  2.7273982e+06 3.24e-07 1.09e+05  -1.0 1.94e+01  -1.0 9.41e-01 3.68e-01f  1
   8  2.7255187e+06 2.20e-07 1.97e+05  -1.0 3.58e+01  -1.5 7.40e-01 3.22e-01f  1
   9  2.7202272e+06 6.89e-08 1.67e+04  -1.0 8.53e+01  -2.0 5.78e-01 6.86e-01f  1
iter    objective    inf_pr   inf_du lg(mu)  ||d||  lg(rg) alpha_du alpha_pr  ls
  10  2.7196557e+06 3.71e-08 6.36e+05  -1.0 4.09e+01  -1.5 1.00e+00 4.61e-01f  1
  11  2.7193322e+06 6.93e-13 1.37e+00  -1.0 1.67e+01  -1.1 1.00e+00 1.00e+00f  1
  12  2.7175167e+06 7.21e-13 1.73e+05  -1.7 7.14e+00  -0.7 8.95e-01 1.00e+00f  1
  13  2.7169120e+06 5.63e-13 8.07e+04  -1.7 2.49e+01  -1.2 5.34e-01 2.69e-01f  1
  14  2.7161376e+06 6.56e-13 3.21e+01  -1.7 9.93e+00  -0.7 1.00e+00 8.77e-01f  1
  15  2.7158164e+06 5.27e-13 1.92e+00  -1.7 3.90e+00  -0.3 1.00e+00 1.00e+00f  1
  16  2.7151453e+06 5.95e-13 3.50e+02  -1.7 1.14e+01  -0.8 1.00e+00 7.91e-01f  1
  17  2.7148396e+06 8.26e-13 2.00e+00  -1.7 4.57e+00  -0.4 1.00e+00 1.00e+00f  1
  18  2.7142973e+06 5.63e-13 7.78e+02  -1.7 1.30e+01  -0.8 1.00e+00 6.42e-01f  1
  19  2.7139843e+06 6.22e-13 1.98e+00  -1.7 5.07e+00  -0.4 1.00e+00 1.00e+00f  1
iter    objective    inf_pr   inf_du lg(mu)  ||d||  lg(rg) alpha_du alpha_pr  ls
  20  2.7136808e+06 6.16e-13 1.67e+03  -1.7 1.41e+01  -0.9 1.00e+00 3.47e-01f  1
  21  2.7133742e+06 6.08e-13 8.20e+01  -1.7 5.37e+00  -0.5 1.00e+00 9.33e-01f  1
  22  2.7129933e+06 6.68e-13 1.82e+03  -1.7 1.51e+01  -0.9 1.00e+00 4.14e-01f  1
  23  2.7127041e+06 4.31e-13 2.43e+02  -1.7 5.72e+00  -0.5 1.00e+00 8.40e-01f  1
  24  2.7124202e+06 4.23e-13 2.12e+03  -1.7 1.58e+01  -1.0 8.81e-01 2.95e-01f  1
  25  2.7120685e+06 6.95e-13 5.22e+01  -1.7 6.00e+00  -0.6 1.00e+00 9.68e-01f  1
  26  2.7117631e+06 5.13e-13 1.92e+03  -1.7 1.69e+01  -1.0 7.17e-01 3.01e-01f  1
  27  2.7114358e+06 5.22e-13 2.77e+02  -1.7 6.41e+00  -0.6 1.00e+00 8.55e-01f  1
  28  2.7109360e+06 5.99e-13 4.60e+02  -1.7 1.80e+01  -1.1 5.37e-01 4.68e-01f  1
  29  2.7106714e+06 7.39e-13 7.16e+02  -1.7 6.84e+00  -0.7 1.00e+00 6.64e-01f  1
iter    objective    inf_pr   inf_du lg(mu)  ||d||  lg(rg) alpha_du alpha_pr  ls
  30  2.7102721e+06 6.05e-13 3.70e+03  -1.7 1.88e+01  -1.1 9.76e-01 3.59e-01f  1
  31  2.7099901e+06 5.13e-13 9.65e+02  -1.7 7.20e+00  -0.7 1.00e+00 6.75e-01f  1
  32  2.7096244e+06 3.34e-13 3.62e+03  -1.7 1.97e+01  -1.2 1.00e+00 3.14e-01f  1
  33  2.7092300e+06 9.38e-13 1.61e+02  -1.7 7.62e+00  -0.8 1.00e+00 9.00e-01f  1
  34  2.7090533e+06 4.91e-13 7.71e+02  -1.7 2.13e+01  -1.2 2.27e-01 1.45e-01f  1
  35  2.7086905e+06 6.55e-13 3.12e+02  -1.7 8.21e+00  -0.8 1.00e+00 7.79e-01f  1
  36  2.7085007e+06 6.63e-13 1.33e+03  -1.7 2.28e+01  -1.3 2.32e-01 1.47e-01f  1
  37  2.7080688e+06 6.64e-13 4.03e+02  -1.7 8.85e+00  -0.9 1.00e+00 8.75e-01f  1
  38  2.7076504e+06 6.00e-13 2.56e+03  -1.7 2.32e+01  -1.3 5.76e-01 3.13e-01f  1
  39  2.7072980e+06 6.16e-13 1.32e+03  -1.7 9.05e+00  -0.9 1.00e+00 7.00e-01f  1
iter    objective    inf_pr   inf_du lg(mu)  ||d||  lg(rg) alpha_du alpha_pr  ls
  40  2.7065454e+06 8.67e-13 4.16e+02  -1.7 2.32e+01  -1.4 5.01e-01 5.56e-01f  1
  41  2.7060889e+06 6.55e-13 1.02e+02  -1.7 8.82e+00  -1.0 1.00e+00 9.27e-01f  1
  42  2.7048060e+06 5.47e-13 2.05e+00  -1.7 2.17e+01  -1.4 1.00e+00 1.00e+00f  1
  43  2.7043790e+06 5.67e-13 7.00e-01  -1.7 7.38e+00  -1.0 1.00e+00 1.00e+00f  1
  44  2.7035614e+06 5.28e-13 6.53e+02  -1.7 1.78e+01  -1.5 1.00e+00 7.27e-01f  1
  45  2.7033764e+06 8.78e-13 5.94e+02  -1.7 6.29e+00  -1.1 1.00e+00 4.71e-01f  1
  46  2.7029028e+06 5.74e-13 1.62e+03  -1.7 1.57e+01  -1.6 1.00e+00 4.50e-01f  1
  47  2.7025203e+06 7.48e-13 4.44e-01  -1.7 5.92e+00  -1.1 1.00e+00 1.00e+00f  1
  48  2.7021144e+06 5.48e-13 1.83e+03  -1.7 1.48e+01  -1.6 1.00e+00 4.20e-01f  1
  49  2.7018095e+06 7.80e-13 1.65e+02  -1.7 5.82e+00  -1.2 1.00e+00 8.74e-01f  1
iter    objective    inf_pr   inf_du lg(mu)  ||d||  lg(rg) alpha_du alpha_pr  ls
  50  2.7014422e+06 6.03e-13 1.79e+03  -1.7 1.65e+01  -1.7 1.00e+00 4.30e-01f  1
  51  2.7011910e+06 5.68e-13 1.96e+02  -1.7 6.49e+00  -1.2 1.00e+00 8.42e-01f  1
  52  2.7009011e+06 9.65e-13 1.75e+03  -1.7 1.69e+01  -1.7 1.00e+00 4.19e-01f  1
  53  2.7007048e+06 4.37e-13 1.84e+02  -1.7 6.67e+00  -1.3 1.00e+00 8.31e-01f  1
  54  2.7004870e+06 6.20e-13 2.26e+03  -1.7 1.67e+01  -1.8 1.00e+00 4.18e-01f  1
  55  2.7001995e+06 3.94e-13 4.67e+03  -1.7 3.37e+01  -2.2 1.00e+00 2.93e-01f  1
  56  2.6999920e+06 5.54e-13 1.81e+03  -1.7 1.45e+01  -1.8 1.00e+00 5.87e-01f  1
  57  2.6997813e+06 4.74e-13 4.89e+03  -1.7 3.06e+01  -2.3 9.10e-01 3.05e-01f  1
  58  2.6995345e+06 7.46e-13 1.10e+00  -1.7 1.19e+01  -1.9 1.00e+00 1.00e+00f  1
  59  2.6991551e+06 5.74e-13 2.41e+03  -1.7 3.47e+01  -2.3 7.89e-01 1.00e+00f  1
iter    objective    inf_pr   inf_du lg(mu)  ||d||  lg(rg) alpha_du alpha_pr  ls
  60  2.6991194e+06 9.40e-13 4.26e-01  -1.7 1.42e+01  -1.9 1.00e+00 1.00e+00f  1
  61  2.6990855e+06 1.10e-12 4.01e+03  -1.7 3.63e+01  -2.4 4.11e-01 6.60e-01f  1
  62  2.6990825e+06 1.41e-01 3.74e+03  -1.7 8.30e+01  -2.9 3.53e-01 6.36e-01f  1
  63  2.6991549e+06 1.81e+00 3.34e+03  -1.7 3.47e+01  -2.4 5.01e-01 8.43e-01f  1
  64  2.6990595e+06 3.85e+00 2.98e+03  -1.7 2.13e+02    -  1.61e-01 1.28e-01f  1
  65  2.6990932e+06 4.02e+00 2.69e+03  -1.7 1.79e+02    -  7.59e-02 1.37e-01f  1
  66  2.6991521e+06 3.72e+00 2.26e+03  -1.7 1.44e+02    -  1.41e-01 1.06e-01f  1
  67  2.6992072e+06 1.76e+00 2.82e+03  -1.7 4.86e+01  -2.9 1.00e+00 2.24e-01f  1
  68  2.6994303e+06 8.71e-01 2.42e+03  -1.7 1.19e+02    -  7.46e-01 2.48e-01f  1
  69  2.6999738e+06 9.17e-13 1.03e+03  -1.7 2.38e+02    -  4.57e-01 5.66e-01f  1
iter    objective    inf_pr   inf_du lg(mu)  ||d||  lg(rg) alpha_du alpha_pr  ls
  70  2.7004582e+06 9.01e-13 2.33e+02  -1.7 3.02e+02    -  5.68e-01 9.57e-01f  1
  71  2.7005151e+06 6.02e-13 1.15e+02  -1.7 6.56e+02    -  6.14e-01 1.00e+00f  1
  72  2.7005465e+06 8.86e-13 3.21e+01  -1.7 1.05e+03    -  7.30e-01 1.00e+00f  1
  73  2.7006014e+06 8.85e-13 8.11e+00  -1.7 1.65e+03    -  7.44e-01 1.00e+00f  1
  74  2.7006512e+06 8.37e-13 2.01e+00  -1.7 2.35e+03    -  7.46e-01 1.00e+00f  1
  75  2.7006701e+06 5.26e-13 7.83e-01  -1.7 2.24e+03    -  1.00e+00 1.00e+00f  1
  76  2.7006730e+06 6.46e-13 4.51e-02  -1.7 8.68e+02    -  1.00e+00 1.00e+00f  1
  77  2.6849639e+06 7.00e-02 3.36e+04  -2.5 5.19e+03    -  9.28e-01 9.49e-01f  1
  78  2.6848471e+06 1.37e-12 8.40e-03  -2.5 5.49e+02    -  1.00e+00 1.00e+00f  1
  79  2.6848199e+06 7.73e-13 3.10e-05  -2.5 6.43e+00    -  1.00e+00 1.00e+00h  1
iter    objective    inf_pr   inf_du lg(mu)  ||d||  lg(rg) alpha_du alpha_pr  ls
  80  2.6829053e+06 1.26e-03 9.93e+03  -3.8 8.97e+02    -  9.11e-01 8.70e-01f  1
  81  2.6828040e+06 6.57e-13 9.02e-03  -3.8 1.05e+02    -  1.00e+00 1.00e+00f  1
  82  2.6828101e+06 1.52e-12 1.51e-03  -3.8 2.05e+01    -  1.00e+00 1.00e+00f  1
  83  2.6828093e+06 9.57e-13 2.71e-05  -3.8 2.55e+00    -  1.00e+00 1.00e+00h  1
  84  2.6827335e+06 4.55e-06 1.79e+03  -5.7 3.47e+01    -  9.69e-01 8.36e-01f  1
  85  2.6827250e+06 4.04e-07 4.84e+02  -5.7 2.02e+00    -  1.00e+00 7.81e-01f  1
  86  2.6827229e+06 1.15e-12 1.66e-05  -5.7 4.00e-01    -  1.00e+00 1.00e+00f  1
  87  2.6827229e+06 5.97e-13 3.34e-06  -5.7 4.05e-03    -  1.00e+00 1.00e+00h  1
  88  2.6827221e+06 1.28e-07 2.68e+01  -8.6 3.17e-01    -  9.96e-01 8.36e-01f  1
  89  2.6827220e+06 6.18e-08 8.02e+00  -8.6 5.14e-02    -  1.00e+00 7.07e-01f  1
iter    objective    inf_pr   inf_du lg(mu)  ||d||  lg(rg) alpha_du alpha_pr  ls
  90  2.6827220e+06 3.84e-08 1.69e+00  -8.6 1.51e-02    -  1.00e+00 7.89e-01f  1
  91  2.6827220e+06 6.80e-13 1.33e-07  -8.6 3.18e-03    -  1.00e+00 1.00e+00f  1
  92  2.6827220e+06 4.09e-13 6.43e-12  -8.6 1.85e-04    -  1.00e+00 1.00e+00h  1

Number of Iterations....: 92

                                   (scaled)                 (unscaled)
Objective...............:   1.3413609821328744e+06    2.6827219642657489e+06
Dual infeasibility......:   6.4313559631958700e-12    1.2862711926391740e-11
Constraint violation....:   4.0856207306205761e-13    4.0856207306205761e-13
Variable bound violation:   1.8610428309528970e-08    1.8610428309528970e-08
Complementarity.........:   6.0282729375094830e-09    1.2056545875018966e-08
Overall NLP error.......:   6.0282729375094830e-09    1.2056545875018966e-08


Number of objective function evaluations             = 93
Number of objective gradient evaluations             = 93
Number of equality constraint evaluations            = 93
Number of inequality constraint evaluations          = 93
Number of equality constraint Jacobian evaluations   = 93
Number of inequality constraint Jacobian evaluations = 93
Number of Lagrangian Hessian evaluations             = 92
Total seconds in IPOPT (w/o function evaluations)    =    457.550
Total seconds in NLP function evaluations            =     12.783


Timing Statistics:

OverallAlgorithm....................:    470.334 (sys:      0.000 wall:    470.332)
 PrintProblemStatistics.............:      0.014 (sys:      0.000 wall:      0.014)
 InitializeIterates.................:      3.599 (sys:      0.000 wall:      3.600)
 UpdateHessian......................:      2.449 (sys:      0.000 wall:      2.466)
 OutputIteration....................:      0.027 (sys:      0.000 wall:      0.008)
 UpdateBarrierParameter.............:      0.587 (sys:      0.000 wall:      0.573)
 ComputeSearchDirection.............:    441.064 (sys:      0.000 wall:    441.077)
 ComputeAcceptableTrialPoint........:     12.212 (sys:      0.000 wall:     12.218)
 AcceptTrialPoint...................:      0.744 (sys:      0.000 wall:      0.736)
 CheckConvergence...................:      9.638 (sys:      0.000 wall:      9.641)
PDSystemSolverTotal.................:    439.902 (sys:      0.000 wall:    439.909)
 PDSystemSolverSolveOnce............:    428.271 (sys:      0.000 wall:    428.249)
 ComputeResiduals...................:      8.777 (sys:      0.000 wall:      8.826)
 StdAugSystemSolverMultiSolve.......:    428.271 (sys:      0.000 wall:    428.235)
 LinearSystemScaling................:      0.000 (sys:      0.000 wall:      0.000)
 LinearSystemSymbolicFactorization..:      1.098 (sys:      0.000 wall:      1.098)
 LinearSystemFactorization..........:    387.933 (sys:      0.000 wall:    387.912)
 LinearSystemBackSolve..............:     33.381 (sys:      0.000 wall:     33.420)
 LinearSystemStructureConverter.....:      0.000 (sys:      0.000 wall:      0.000)
  LinearSystemStructureConverterInit:      0.000 (sys:      0.000 wall:      0.000)
QualityFunctionSearch...............:      0.000 (sys:      0.000 wall:      0.000)
TryCorrector........................:      0.000 (sys:      0.000 wall:      0.000)
Task1...............................:      0.000 (sys:      0.000 wall:      0.000)
Task2...............................:      0.000 (sys:      0.000 wall:      0.000)
Task3...............................:      0.000 (sys:      0.000 wall:      0.000)
Task4...............................:      0.000 (sys:      0.000 wall:      0.000)
Task5...............................:      0.000 (sys:      0.000 wall:      0.000)
Task6...............................:      0.000 (sys:      0.000 wall:      0.000)
Function Evaluations................:     12.749 (sys:      0.000 wall:     12.783)
 Objective function.................:      0.011 (sys:      0.000 wall:      0.015)
 Objective function gradient........:      0.184 (sys:      0.000 wall:      0.193)
 Equality constraints...............:      5.023 (sys:      0.000 wall:      5.043)
 Inequality constraints.............:      0.115 (sys:      0.000 wall:      0.110)
 Equality constraint Jacobian.......:      0.764 (sys:      0.000 wall:      0.754)
 Inequality constraint Jacobian.....:      4.354 (sys:      0.000 wall:      4.347)
 Lagrangian Hessian.................:      2.298 (sys:      0.000 wall:      2.322)

EXIT: Optimal Solution Found.
IPOPT_OPTION linear_solver=ma57
IPOPT_OPTION hsllib=C:/Users/Aryan Ritwajeet Jha/Documents/hsl/build/libma57.dll
IPOPT_OPTION linear_system_scaling=none
IPOPT_LOADFLOW_START applied
CENTRAL_IPOPT system=large10kC_1ph T=24 profile=periodic C_B=2.400000e-05 gamma=4.200000e+02 status=LOCALLY_SOLVED iterations=92 objective=2682721.964265748858 solve_time_s=470.605 build_s=30.100 wall_s=507.225 variables=1064280 solver=3.14.19
CENTRAL_IPOPT_MEMORY maxrss_mib=3329.7
CENTRAL_IPOPT_BATTERY at_power_limit=0.071 mean_utilization=0.337 energy_window_used=1.000 throughput_pu_h=3.435730e+03 energy_term=2.653459e+06 cb_term=2.324299e+04 terminal_term=6.019907e+03
CONSTRAINT_ACTIVITY system=large10kC_1ph T=24 status=LOCALLY_SOLVED buses=10321 lines=10320 batteries=1020 ders=1022
  inequality                             total    active   share  near(1%)  inactive | elements   never active
  voltage lower limit                   247680         0    0.0%         0    247680 |    10320    10320 (100.0%)
  voltage upper limit                   247680      2424    1.0%      1762    243494 |    10320    10219 ( 99.0%)
  battery power, charge limit            24480       611    2.5%       199     23670 |     1020      409 ( 40.1%)
  battery power, discharge limit         24480      1020    4.2%         0     23460 |     1020        0 (  0.0%)
  battery energy, lower limit            24480      8158   33.3%         2     16320 |     1020        0 (  0.0%)
  battery energy, upper limit            24480      4640   19.0%       445     19395 |     1020        0 (  0.0%)
  DER reactive, lower limit              24528         0    0.0%         0     24528 |     1022     1022 (100.0%)
  DER reactive, upper limit              24528         0    0.0%         0     24528 |     1022     1022 (100.0%)
  line current ell >= 0                 247680         0    0.0%         0    247680 |    10320    10320 (100.0%)
  SOC relaxation P^2+Q^2 <= v*ell       247680    245256   99.0%         0      2424 |    10320      101 (  1.0%)
  substation P_Subs >= 0                    24         0    0.0%         0        24 |        1        1 (100.0%)
  ALL INEQUALITIES                     1137720    262109   23.0%      2408    873203
VOLTAGE_RANGE lowest 0.9733 pu (limit 0.950), highest away from the substation 1.0500 pu (limit 1.050), substation fixed at 1.05 pu
SOC_LOOSE 2424 rows on 101 lines: zero resistance 0, zero flow 0, largest resistance 1.61e-07 pu, largest slack 4.30e-04
SCREEN_RULES passive buses 2129 of 10320 (20.6%) | downhill lines 212417 of 247680 bus-periods (85.8%) | premises broken by the solution: above the upper bound 0, rise on a downhill line 0
SCREEN_RULES lower limits kept 46118 of 247680 (18.6%), upper limits kept 189 of 247680 (0.1%)
SCREEN_RULES per bus (a limit is kept if any period needs it): lower 2295 of 10320 (22.2%), upper 52 of 10320 (0.5%)
SCREEN_RULES limits at the optimum that the rules drop as implied by a kept one: active 0 lower, 2424 upper; near 0 lower, 1762 upper
ORACLE needed at the optimum (active or near): 0 lower, 4186 upper of 247680 each | buses: 0 lower, 337 upper of 10320 | kept by the rules but not needed: 46118 lower, 189 upper
LOWER_ESTIMATE lossless worst-case lowest voltage 0.9617 pu (realised 0.9733, limit 0.950) | bus-periods with estimate below the limit: 0 of 247680
VOLTAGE_NEEDED upper: 337 buses (leaves 5, passive 7, with a device 136), depth 1..25 of 101, periods [1, 2, 3, 4, 5, 6, 7, 8, 9, 10, 11, 12, 13, 14, 15, 16, 17, 18, 19, 20, 21, 22, 23, 24]
BATTERY_IMPLIED energy limits unreachable from B0 at rated power: 1020 lower, 1020 upper of 24480 each | batteries whose power limit is implied by the energy window: 0 of 1020
VOLTAGE_MASKS ddp/results/constraint_activity\voltage_masks_large10kC_1ph_T24.jls
