QUIET_WAIT waited_s=18 other_cores=0.74 timed_out=0

******************************************************************************
This program contains Ipopt, a library for large-scale nonlinear optimization.
 Ipopt is released as open source code under the Eclipse Public License (EPL).
         For more information visit https://github.com/coin-or/Ipopt
******************************************************************************

This is Ipopt version 3.14.19, running with linear solver MUMPS 5.9.0.

Number of nonzeros in equality constraint Jacobian...:   695247
Number of nonzeros in inequality constraint Jacobian.:   242016
Number of nonzeros in Lagrangian Hessian.............:   187737

Total number of variables............................:   260016
                     variables with only lower bounds:    60528
                variables with lower and upper bounds:    78456
                     variables with only upper bounds:        0
Total number of equality constraints.................:   187560
Total number of inequality constraints...............:    60504
        inequality constraints with only lower bounds:        0
   inequality constraints with lower and upper bounds:        0
        inequality constraints with only upper bounds:    60504

iter    objective    inf_pr   inf_du lg(mu)  ||d||  lg(rg) alpha_du alpha_pr  ls
   0  4.1810895e+02 1.98e-01 9.46e+00  -1.0 0.00e+00    -  0.00e+00 0.00e+00   0
   1  4.6772744e+02 1.97e-01 1.19e+01  -1.0 1.19e+01    -  8.36e-04 7.01e-03f  1
   2  7.0538248e+02 1.92e-01 1.38e+01  -1.0 6.41e+00    -  7.82e-03 2.49e-02f  1
   3  1.2052631e+03 1.82e-01 1.73e+01  -1.0 4.33e+00    -  7.24e-03 5.32e-02f  1
   4  1.4847408e+03 1.77e-01 2.20e+01  -1.0 7.15e+00    -  3.62e-03 2.60e-02f  1
   5  1.6115402e+03 1.74e-01 1.89e+01  -1.0 5.37e+00    -  4.08e-02 1.33e-02f  1
   6  3.0459891e+03 2.89e-01 7.03e+01  -1.0 3.11e+00    -  4.53e-02 1.66e-01f  1
   7  3.9558830e+03 2.96e-01 7.26e+01  -1.0 4.95e+00    -  1.04e-01 1.21e-01f  1
   8  5.5496290e+03 4.46e-01 5.98e+01  -1.0 5.76e+00    -  2.26e-01 2.37e-01f  1
   9  6.6550425e+03 4.45e-01 6.92e+01  -1.0 6.70e+00    -  4.31e-01 2.00e-01f  1
iter    objective    inf_pr   inf_du lg(mu)  ||d||  lg(rg) alpha_du alpha_pr  ls
  10  8.0405038e+03 4.36e-01 1.83e+02  -1.0 7.14e+00    -  5.56e-01 2.85e-01f  1
  11  9.3484458e+03 3.26e-01 2.03e+02  -1.0 7.50e+00    -  6.20e-01 3.30e-01f  1
  12  1.0497402e+04 1.88e-01 6.49e+01  -1.0 7.25e+00    -  2.26e-01 4.40e-01f  1
  13  1.1853776e+04 2.09e-04 1.52e+02  -1.0 6.32e+00    -  6.83e-01 9.90e-01h  1
  14  1.1806101e+04 2.08e-06 1.91e+02  -1.0 3.07e+01    -  5.90e-01 9.90e-01f  1
  15  1.1866541e+04 9.90e-09 1.34e+04  -1.0 4.65e+01    -  7.15e-01 9.95e-01f  1
  16  1.1884749e+04 7.71e-16 1.99e+06  -1.0 1.32e+02    -  5.82e-01 1.00e+00f  1
  17  1.1896589e+04 6.52e-16 8.00e+05  -1.0 1.71e+02    -  8.72e-01 1.00e+00f  1
  18  1.1906076e+04 8.09e-16 3.96e+04  -1.0 3.28e+02    -  9.50e-01 1.00e+00f  1
  19  1.1908038e+04 8.76e-16 1.83e-02  -1.0 1.19e+02    -  1.00e+00 1.00e+00h  1
iter    objective    inf_pr   inf_du lg(mu)  ||d||  lg(rg) alpha_du alpha_pr  ls
  20  1.1759685e+04 7.02e-16 3.68e+06  -3.8 7.49e+02    -  5.83e-01 9.90e-01f  1
  21  1.1597004e+04 1.22e-03 2.60e+06  -3.8 6.46e+01    -  3.03e-01 6.92e-01f  1
  22  1.1350752e+04 1.50e-03 1.87e+06  -3.8 4.78e+01    -  2.88e-01 8.88e-01f  1
  23  1.1035021e+04 8.25e-03 1.33e+06  -3.8 3.13e+01    -  2.89e-01 1.00e+00f  1
  24  1.0717105e+04 1.92e-02 9.56e+05  -3.8 1.52e+01    -  2.82e-01 9.93e-01f  1
  25  1.0403214e+04 2.40e-02 5.56e+05  -3.8 9.78e+00    -  4.18e-01 1.00e+00f  1
  26  1.0092393e+04 4.88e-02 2.48e+05  -3.8 1.14e+01    -  5.54e-01 7.27e-01f  1
  27  9.8558528e+03 1.14e-01 2.18e+05  -3.8 1.83e+01    -  1.22e-01 3.35e-01f  1
  28  9.8259073e+03 1.11e-01 1.58e+05  -3.8 2.14e+01    -  2.72e-01 4.85e-02f  1
  29  9.7211420e+03 1.27e-01 1.27e+05  -3.8 2.72e+01    -  2.02e-01 1.54e-01f  1
iter    objective    inf_pr   inf_du lg(mu)  ||d||  lg(rg) alpha_du alpha_pr  ls
  30  9.5704727e+03 1.56e-01 1.13e+05  -3.8 2.53e+01    -  1.09e-01 2.35e-01f  1
  31  9.4155961e+03 1.55e-01 7.85e+04  -3.8 1.96e+01    -  3.04e-01 2.94e-01f  1
  32  9.3013141e+03 1.26e-01 5.32e+04  -3.8 1.54e+01    -  3.22e-01 2.77e-01f  1
  33  9.2583846e+03 1.09e-01 2.80e+04  -3.8 1.17e+01    -  4.74e-01 1.35e-01f  1
  34  9.1319562e+03 6.79e-02 1.93e+04  -3.8 1.09e+01    -  3.10e-01 4.43e-01f  1
  35  9.0313848e+03 2.80e-02 9.09e+03  -3.8 6.23e+00    -  5.29e-01 6.27e-01f  1
  36  8.9770342e+03 5.57e-04 6.21e+02  -3.8 2.35e+00    -  9.32e-01 9.01e-01h  1
  37  8.9709510e+03 6.51e-16 3.54e-05  -3.8 2.60e-01    -  1.00e+00 1.00e+00h  1
  38  8.9114864e+03 4.57e-03 2.61e+03  -5.7 3.04e+00    -  4.41e-01 6.35e-01f  1
  39  8.9016066e+03 4.30e-03 1.29e+03  -5.7 1.17e+00    -  3.66e-01 2.92e-01f  1
iter    objective    inf_pr   inf_du lg(mu)  ||d||  lg(rg) alpha_du alpha_pr  ls
  40  8.8926509e+03 4.28e-03 1.70e+03  -5.7 8.41e-01    -  1.90e-01 3.76e-01f  1
  41  8.8886183e+03 3.61e-03 1.14e+03  -5.7 5.29e-01    -  2.99e-01 2.75e-01h  1
  42  8.8843334e+03 2.99e-03 1.13e+03  -5.7 3.86e-01    -  2.38e-01 4.06e-01h  1
  43  8.8826183e+03 2.36e-03 1.04e+03  -5.7 2.30e-01    -  1.71e-01 2.79e-01h  1
  44  8.8815142e+03 1.86e-03 6.83e+02  -5.7 1.66e-01    -  3.07e-01 2.52e-01h  1
  45  8.8810399e+03 1.60e-03 3.22e+02  -5.7 1.24e-01    -  3.66e-01 1.47e-01h  1
  46  8.8801943e+03 1.19e-03 1.33e+02  -5.7 1.06e-01    -  4.28e-01 3.10e-01h  1
  47  8.8794949e+03 8.06e-04 8.84e+01  -5.7 7.30e-02    -  3.64e-01 3.76e-01h  1
  48  8.8793394e+03 6.90e-04 4.93e+01  -5.7 4.55e-02    -  2.35e-01 1.36e-01h  1
  49  8.8787835e+03 3.29e-04 1.23e+01  -5.7 3.93e-02    -  7.27e-01 5.66e-01h  1
iter    objective    inf_pr   inf_du lg(mu)  ||d||  lg(rg) alpha_du alpha_pr  ls
  50  8.8784178e+03 6.21e-06 5.56e+00  -5.7 1.71e-02    -  7.54e-01 8.77e-01h  1
  51  8.8783698e+03 8.25e-16 1.51e-06  -5.7 2.09e-03    -  1.00e+00 1.00e+00h  1
  52  8.8778758e+03 1.03e-15 2.22e+00  -8.6 3.94e-02    -  4.93e-01 4.79e-01f  1
  53  8.8776708e+03 1.07e-15 2.99e+00  -8.6 2.05e-02    -  4.17e-01 3.98e-01h  1
  54  8.8775480e+03 9.81e-16 6.42e+00  -8.6 1.24e-02    -  5.05e-01 4.11e-01h  1
  55  8.8774282e+03 2.06e-07 5.75e+00  -8.6 7.27e-03    -  4.04e-01 7.14e-01h  1
  56  8.8774006e+03 1.64e-07 4.71e+00  -8.6 2.08e-03    -  4.93e-01 6.96e-01h  1
  57  8.8773941e+03 1.33e-07 3.08e+00  -8.6 7.47e-04    -  4.86e-01 7.30e-01h  1
  58  8.8773923e+03 1.28e-07 1.40e+00  -8.6 7.07e-04    -  6.24e-01 9.54e-01f  1
  59  8.8773923e+03 1.99e-08 6.51e-02  -8.6 4.39e-04    -  9.54e-01 1.00e+00f  1
iter    objective    inf_pr   inf_du lg(mu)  ||d||  lg(rg) alpha_du alpha_pr  ls
  60  8.8773923e+03 8.72e-16 8.92e-08  -8.6 2.27e-04    -  1.00e+00 1.00e+00h  1
  61  8.8773923e+03 8.85e-16 3.30e-09  -8.6 4.83e-05    -  1.00e+00 1.00e+00h  1

Number of Iterations....: 61

                                   (scaled)                 (unscaled)
Objective...............:   1.6254449604950357e+03    8.8773922772347905e+03
Dual infeasibility......:   3.2953348910225955e-09    1.7997521431643506e-08
Constraint violation....:   8.8535949405166292e-16    8.8535949405166292e-16
Variable bound violation:   1.0968935537647440e-08    1.0968935537647440e-08
Complementarity.........:   2.5598583601970952e-09    1.3980705216070594e-08
Overall NLP error.......:   3.2953348910225955e-09    1.7997521431643506e-08


Number of objective function evaluations             = 62
Number of objective gradient evaluations             = 62
Number of equality constraint evaluations            = 62
Number of inequality constraint evaluations          = 62
Number of equality constraint Jacobian evaluations   = 62
Number of inequality constraint Jacobian evaluations = 62
Number of Lagrangian Hessian evaluations             = 61
Total seconds in IPOPT (w/o function evaluations)    =     40.760
Total seconds in NLP function evaluations            =      1.992


Timing Statistics:

OverallAlgorithm....................:     42.749 (sys:      0.000 wall:     42.751)
 PrintProblemStatistics.............:      0.003 (sys:      0.000 wall:      0.003)
 InitializeIterates.................:      1.631 (sys:      0.000 wall:      1.631)
 UpdateHessian......................:      0.392 (sys:      0.000 wall:      0.382)
 OutputIteration....................:      0.004 (sys:      0.000 wall:      0.006)
 UpdateBarrierParameter.............:      0.074 (sys:      0.000 wall:      0.072)
 ComputeSearchDirection.............:     37.193 (sys:      0.000 wall:     37.184)
 ComputeAcceptableTrialPoint........:      1.912 (sys:      0.000 wall:      1.935)
 AcceptTrialPoint...................:      0.102 (sys:      0.000 wall:      0.100)
 CheckConvergence...................:      1.438 (sys:      0.000 wall:      1.439)
PDSystemSolverTotal.................:     37.048 (sys:      0.000 wall:     37.023)
 PDSystemSolverSolveOnce............:     35.580 (sys:      0.000 wall:     35.583)
 ComputeResiduals...................:      1.030 (sys:      0.000 wall:      1.037)
 StdAugSystemSolverMultiSolve.......:     36.670 (sys:      0.000 wall:     36.656)
 LinearSystemScaling................:      0.000 (sys:      0.000 wall:      0.000)
 LinearSystemSymbolicFactorization..:      1.090 (sys:      0.000 wall:      1.090)
 LinearSystemFactorization..........:      0.000 (sys:      0.000 wall:      0.000)
 LinearSystemBackSolve..............:     12.150 (sys:      0.000 wall:     12.144)
 LinearSystemStructureConverter.....:      0.000 (sys:      0.000 wall:      0.000)
  LinearSystemStructureConverterInit:      0.000 (sys:      0.000 wall:      0.000)
QualityFunctionSearch...............:      0.000 (sys:      0.000 wall:      0.000)
TryCorrector........................:      0.000 (sys:      0.000 wall:      0.000)
Task1...............................:      0.000 (sys:      0.000 wall:      0.000)
Task2...............................:      0.000 (sys:      0.000 wall:      0.000)
Task3...............................:      0.000 (sys:      0.000 wall:      0.000)
Task4...............................:      0.000 (sys:      0.000 wall:      0.000)
Task5...............................:      0.000 (sys:      0.000 wall:      0.000)
Task6...............................:      0.000 (sys:      0.000 wall:      0.000)
Function Evaluations................:      2.003 (sys:      0.000 wall:      1.992)
 Objective function.................:      0.002 (sys:      0.000 wall:      0.003)
 Objective function gradient........:      0.039 (sys:      0.000 wall:      0.032)
 Equality constraints...............:      0.764 (sys:      0.000 wall:      0.761)
 Inequality constraints.............:      0.019 (sys:      0.000 wall:      0.022)
 Equality constraint Jacobian.......:      0.134 (sys:      0.000 wall:      0.127)
 Inequality constraint Jacobian.....:      0.674 (sys:      0.000 wall:      0.674)
 Lagrangian Hessian.................:      0.371 (sys:      0.000 wall:      0.374)

EXIT: Optimal Solution Found.
CENTRAL_IPOPT system=ieee2522C_1ph T=24 profile=periodic C_B=1.000000e-03 gamma=3.290000e+04 status=LOCALLY_SOLVED iterations=61 objective=8877.392277234791 solve_time_s=42.943 build_s=8.800 wall_s=54.295 variables=260016 solver=3.14.19
CENTRAL_IPOPT_BATTERY at_power_limit=0.058 mean_utilization=0.339 energy_window_used=1.000 throughput_pu_h=1.077165e+01 energy_term=8.813981e+03 cb_term=3.923607e+01 terminal_term=2.417532e+01
