QUIET_WAIT waited_s=18 other_cores=0.71 timed_out=0

******************************************************************************
This program contains Ipopt, a library for large-scale nonlinear optimization.
 Ipopt is released as open source code under the Eclipse Public License (EPL).
         For more information visit https://github.com/coin-or/Ipopt
******************************************************************************

This is Ipopt version 3.14.19, running with linear solver MUMPS 5.9.0.

Number of nonzeros in equality constraint Jacobian...:  5692980
Number of nonzeros in inequality constraint Jacobian.:  1981440
Number of nonzeros in Lagrangian Hessian.............:  1536060

Total number of variables............................:  2128560
                     variables with only lower bounds:   495408
                variables with lower and upper bounds:   642384
                     variables with only upper bounds:        0
Total number of equality constraints.................:  1535184
Total number of inequality constraints...............:   495360
        inequality constraints with only lower bounds:        0
   inequality constraints with lower and upper bounds:        0
        inequality constraints with only upper bounds:   495360

iter    objective    inf_pr   inf_du lg(mu)  ||d||  lg(rg) alpha_du alpha_pr  ls
   0  1.2375691e+05 6.40e-01 2.87e+01  -1.0 0.00e+00    -  0.00e+00 0.00e+00   0
   1  1.2831843e+05 6.40e-01 3.43e+01  -1.0 2.30e+02    -  4.30e-05 5.26e-04h  1
   2  1.2929912e+05 6.40e-01 3.49e+01  -1.0 1.17e+03    -  1.04e-04 2.50e-04f  1
   3  1.3043168e+05 6.39e-01 3.49e+01  -1.0 1.04e+03    -  1.51e-04 3.66e-04f  1
   4  1.1427873e+06 1.49e+01 3.36e+02  -1.0 1.03e+03    -  2.36e-04 3.23e-01f  1
   5  1.1450726e+06 1.49e+01 3.28e+02  -1.0 6.50e+03    -  4.70e-03 4.63e-04h  1
   6  1.1457687e+06 1.49e+01 3.28e+02  -1.0 1.04e+04    -  5.22e-04 2.54e-04f  1
   7  1.1466967e+06 1.49e+01 3.28e+02  -1.0 9.49e+03    -  3.98e-04 3.93e-04f  1
   8  1.1486214e+06 1.49e+01 3.28e+02  -1.0 7.51e+03    -  6.92e-04 9.07e-04f  1
   9  1.1531903e+06 1.48e+01 4.58e+02  -1.0 3.98e+03    -  5.87e-04 2.56e-03f  1
iter    objective    inf_pr   inf_du lg(mu)  ||d||  lg(rg) alpha_du alpha_pr  ls
  10  1.1569496e+06 1.48e+01 4.74e+02  -1.0 3.67e+03    -  2.16e-03 2.57e-03f  1
  11  1.1640961e+06 1.47e+01 5.16e+02  -1.0 3.26e+03    -  2.77e-03 4.76e-03f  1
  12  1.1744617e+06 1.46e+01 5.34e+02  -1.0 2.42e+03    -  4.36e-03 6.09e-03f  1
  13  1.2239570e+06 1.43e+01 6.82e+02  -1.0 1.69e+03    -  6.69e-03 2.64e-02f  1
  14  1.2676583e+06 1.39e+01 6.70e+02  -1.0 1.04e+03    -  2.18e-02 2.24e-02f  1
  15  1.3308552e+06 1.35e+01 6.71e+02  -1.0 8.40e+02    -  2.43e-02 3.25e-02f  1
  16  1.3411908e+06 1.35e+01 2.74e+02  -1.0 7.71e+02   0.0 2.15e-02 5.47e-03h  1
  17  1.4096410e+06 1.30e+01 3.52e+02  -1.0 7.06e+02  -0.5 2.21e-02 3.62e-02h  1
  18  1.5308170e+06 1.23e+01 3.76e+02  -1.0 6.84e+02    -  3.40e-02 6.60e-02h  1
  19  1.6476605e+06 1.16e+01 3.63e+02  -1.0 6.26e+02    -  5.44e-02 6.77e-02h  1
iter    objective    inf_pr   inf_du lg(mu)  ||d||  lg(rg) alpha_du alpha_pr  ls
  20  1.7600364e+06 1.09e+01 3.32e+02  -1.0 5.73e+02    -  8.69e-02 6.96e-02h  1
  21  2.0133557e+06 9.63e+00 6.34e+02  -1.0 5.24e+02    -  1.02e-01 1.68e-01h  1
  22  2.7957634e+06 1.13e+01 5.07e+03  -1.0 4.15e+02    -  1.37e-01 6.17e-01h  1
  23  2.9108167e+06 8.53e+00 3.98e+03  -1.0 1.67e+02    -  2.86e-01 2.48e-01h  3
  24  3.2554352e+06 1.49e+00 1.57e+03  -1.0 1.33e+02    -  2.09e-01 9.90e-01h  1
  25  3.2547836e+06 2.12e+00 1.36e+03  -1.0 6.60e+02    -  7.22e-02 1.21e-01f  1
  26  3.2547295e+06 2.06e+00 1.34e+03  -1.0 1.58e+03    -  6.13e-02 2.30e-02f  2
  27  3.2546236e+06 1.99e+00 1.35e+03  -1.0 8.71e+02    -  1.45e-01 3.60e-02f  3
  28  3.2546130e+06 5.51e+00 1.35e+03  -1.0 1.67e+03    -  1.76e-03 2.02e-03f  1
  29  3.2543779e+06 5.26e+00 1.30e+03  -1.0 7.45e+02    -  5.92e-02 4.45e-02f  2
iter    objective    inf_pr   inf_du lg(mu)  ||d||  lg(rg) alpha_du alpha_pr  ls
  30  3.2538143e+06 4.93e+00 1.22e+03  -1.0 4.43e+02    -  6.12e-02 6.11e-02f  3
  31  3.2495093e+06 4.48e+00 6.22e+02  -1.0 3.17e+02    -  7.76e-02 3.53e-01f  1
  32  3.2418808e+06 1.98e+00 5.02e+02  -1.0 7.76e+01    -  1.28e-01 5.23e-01f  1
  33  3.2279625e+06 6.90e-01 1.19e+03  -1.0 2.46e+01    -  1.49e-01 7.11e-01f  1
  34  3.2028005e+06 4.47e-07 5.43e+03  -1.0 2.52e+01    -  1.82e-01 9.91e-01f  1
  35  3.1914190e+06 7.27e-13 4.74e+05  -1.0 9.13e+00    -  2.92e-01 1.00e+00f  1
  36  3.1937059e+06 9.41e-13 6.90e+06  -1.0 1.04e+01    -  2.22e-01 1.00e+00f  1
  37  3.1983678e+06 1.22e-12 4.72e+06  -1.0 1.03e+01    -  3.16e-01 1.00e+00f  1
  38  3.2048367e+06 8.44e-13 3.78e+06  -1.0 1.05e+01    -  1.99e-01 1.00e+00f  1
  39  3.2128282e+06 8.06e-13 2.96e+06  -1.0 8.40e+00    -  2.17e-01 1.00e+00f  1
iter    objective    inf_pr   inf_du lg(mu)  ||d||  lg(rg) alpha_du alpha_pr  ls
  40  3.2231142e+06 9.20e-13 2.16e+06  -1.0 6.96e+00    -  2.72e-01 1.00e+00f  1
  41  3.2371312e+06 7.25e-13 1.23e+06  -1.0 6.40e+00    -  4.30e-01 1.00e+00f  1
  42  3.2608949e+06 1.00e-12 1.32e+05  -1.0 8.05e+00    -  8.93e-01 1.00e+00f  1
  43  3.4167454e+06 7.83e-13 7.41e+04  -1.0 7.07e+01    -  4.38e-01 1.00e+00f  1
  44  3.5603490e+06 7.21e-13 1.16e+04  -1.0 8.34e+01    -  8.44e-01 1.00e+00f  1
  45  3.7101611e+06 1.07e-12 8.11e+03  -1.0 7.98e+02    -  3.06e-01 1.00e+00f  1
  46  3.7373807e+06 1.30e-12 2.14e+03  -1.0 8.07e+02    -  7.30e-01 1.00e+00f  1
  47  3.7414819e+06 9.63e-13 9.87e+02  -1.0 2.93e+03    -  5.62e-01 1.00e+00f  1
  48  3.7419957e+06 1.21e-12 3.14e+02  -1.0 5.79e+03    -  6.47e-01 1.00e+00f  1
  49  3.7425296e+06 8.70e-13 1.41e+02  -1.0 1.28e+04    -  6.68e-01 1.00e+00f  1
iter    objective    inf_pr   inf_du lg(mu)  ||d||  lg(rg) alpha_du alpha_pr  ls
  50  3.7433293e+06 1.08e-12 1.05e+01  -1.0 2.05e+04    -  8.07e-01 1.00e+00f  1
  51  3.7439460e+06 1.07e-12 5.87e+00  -1.0 2.12e+04    -  1.00e+00 1.00e+00f  1
  52  3.7440581e+06 8.47e-13 2.87e-01  -1.0 5.43e+03    -  1.00e+00 1.00e+00f  1
  53  3.2347767e+06 9.91e-01 1.62e+06  -2.5 2.55e+04    -  6.87e-01 8.71e-01f  1
  54  3.1956166e+06 4.07e-01 2.44e+05  -2.5 2.75e+04    -  8.54e-01 8.61e-01f  1
  55  3.1911571e+06 9.66e-13 8.13e-03  -2.5 1.68e+04    -  1.00e+00 1.00e+00f  1
  56  3.1913568e+06 8.92e-13 1.37e-03  -2.5 1.27e+03    -  1.00e+00 1.00e+00h  1
  57  3.1797549e+06 3.05e-03 1.87e+04  -3.8 4.54e+03    -  9.51e-01 8.74e-01f  1
  58  3.1789306e+06 6.89e-13 3.62e-03  -3.8 7.87e+02    -  1.00e+00 1.00e+00f  1
  59  3.1790066e+06 9.68e-13 2.97e-04  -3.8 2.14e+01    -  1.00e+00 1.00e+00h  1
iter    objective    inf_pr   inf_du lg(mu)  ||d||  lg(rg) alpha_du alpha_pr  ls
  60  3.1785444e+06 3.40e-06 1.74e+03  -5.7 2.72e+02    -  9.74e-01 8.45e-01f  1
  61  3.1785084e+06 8.02e-07 4.48e+02  -5.7 2.35e+01    -  1.00e+00 7.86e-01f  1
  62  3.1785008e+06 7.37e-13 2.75e-05  -5.7 1.87e+00    -  1.00e+00 1.00e+00f  1
  63  3.1785010e+06 9.68e-13 8.42e-07  -5.7 1.73e-01    -  1.00e+00 1.00e+00h  1
  64  3.1784966e+06 2.30e-10 2.39e+01  -8.6 1.80e+00    -  9.96e-01 8.53e-01f  1
  65  3.1784959e+06 9.84e-07 3.00e-01  -8.6 2.35e-01    -  1.00e+00 9.88e-01f  1
  66  3.1784959e+06 6.47e-13 2.26e-11  -8.6 2.80e-03    -  1.00e+00 1.00e+00f  1

Number of Iterations....: 66

                                   (scaled)                 (unscaled)
Objective...............:   5.8214210952920234e+05    3.1784959180294448e+06
Dual infeasibility......:   2.2610484272096547e-11    1.2345324412564714e-10
Constraint violation....:   6.4659388954169117e-13    6.4659388954169117e-13
Variable bound violation:   0.0000000000000000e+00    0.0000000000000000e+00
Complementarity.........:   2.5081329954075381e-09    1.3694406154925159e-08
Overall NLP error.......:   2.5081329954075381e-09    1.3694406154925159e-08


Number of objective function evaluations             = 82
Number of objective gradient evaluations             = 67
Number of equality constraint evaluations            = 82
Number of inequality constraint evaluations          = 82
Number of equality constraint Jacobian evaluations   = 67
Number of inequality constraint Jacobian evaluations = 67
Number of Lagrangian Hessian evaluations             = 66
Total seconds in IPOPT (w/o function evaluations)    =    538.743
Total seconds in NLP function evaluations            =     24.017


Timing Statistics:

OverallAlgorithm....................:    562.763 (sys:      0.000 wall:    562.760)
 PrintProblemStatistics.............:      0.036 (sys:      0.000 wall:      0.032)
 InitializeIterates.................:     60.020 (sys:      0.000 wall:     60.021)
 UpdateHessian......................:      4.088 (sys:      0.000 wall:      4.068)
 OutputIteration....................:      0.010 (sys:      0.000 wall:      0.007)
 UpdateBarrierParameter.............:      0.803 (sys:      0.000 wall:      0.832)
 ComputeSearchDirection.............:    453.205 (sys:      0.000 wall:    453.163)
 ComputeAcceptableTrialPoint........:     29.296 (sys:      0.000 wall:     29.324)
 AcceptTrialPoint...................:      1.019 (sys:      0.000 wall:      0.998)
 CheckConvergence...................:     14.286 (sys:      0.000 wall:     14.315)
PDSystemSolverTotal.................:    458.275 (sys:      0.000 wall:    458.262)
 PDSystemSolverSolveOnce............:    444.501 (sys:      0.000 wall:    444.479)
 ComputeResiduals...................:     10.092 (sys:      0.000 wall:     10.117)
 StdAugSystemSolverMultiSolve.......:    499.082 (sys:      0.000 wall:    499.072)
 LinearSystemScaling................:      0.000 (sys:      0.000 wall:      0.000)
 LinearSystemSymbolicFactorization..:     54.867 (sys:      0.000 wall:     54.868)
 LinearSystemFactorization..........:      0.000 (sys:      0.000 wall:      0.000)
 LinearSystemBackSolve..............:    129.297 (sys:      0.000 wall:    129.262)
 LinearSystemStructureConverter.....:      0.000 (sys:      0.000 wall:      0.000)
  LinearSystemStructureConverterInit:      0.000 (sys:      0.000 wall:      0.000)
QualityFunctionSearch...............:      0.000 (sys:      0.000 wall:      0.000)
TryCorrector........................:      0.000 (sys:      0.000 wall:      0.000)
Task1...............................:      0.000 (sys:      0.000 wall:      0.000)
Task2...............................:      0.000 (sys:      0.000 wall:      0.000)
Task3...............................:      0.000 (sys:      0.000 wall:      0.000)
Task4...............................:      0.000 (sys:      0.000 wall:      0.000)
Task5...............................:      0.000 (sys:      0.000 wall:      0.000)
Task6...............................:      0.000 (sys:      0.000 wall:      0.000)
Function Evaluations................:     24.023 (sys:      0.000 wall:     24.017)
 Objective function.................:      0.046 (sys:      0.000 wall:      0.038)
 Objective function gradient........:      0.297 (sys:      0.000 wall:      0.274)
 Equality constraints...............:     10.928 (sys:      0.000 wall:     10.905)
 Inequality constraints.............:      0.225 (sys:      0.000 wall:      0.227)
 Equality constraint Jacobian.......:      1.158 (sys:      0.000 wall:      1.182)
 Inequality constraint Jacobian.....:      7.360 (sys:      0.000 wall:      7.391)
 Lagrangian Hessian.................:      4.009 (sys:      0.000 wall:      4.000)

EXIT: Optimal Solution Found.
CENTRAL_IPOPT system=large10kC_1ph T=48 profile=periodic C_B=1.000000e-03 gamma=4.200000e+02 status=LOCALLY_SOLVED iterations=66 objective=3178495.918029444758 solve_time_s=563.829 build_s=45.630 wall_s=617.505 variables=2128560 solver=3.14.19
CENTRAL_IPOPT_BATTERY at_power_limit=0.000 mean_utilization=0.049 energy_window_used=0.297 throughput_pu_h=4.873477e+02 energy_term=3.155838e+06 cb_term=1.245730e+04 terminal_term=1.020096e+04
