
================================================================================
PARALLELIZATION STATUS
================================================================================
Julia threads:       16
Status:              Using 16 threads
================================================================================
RHO_OVERRIDE: using rho = 96000.0
EPS_PRI_OVERRIDE: using eps_pri = 0.0001
EPS_DUAL_OVERRIDE: using eps_dual = 0.001
ADAPTIVE_RHO_OVERRIDE: adaptive_rho = true

================================================================================
PARSING SYSTEM DATA
================================================================================
Loaded system: ieee123C_1ph from C:\repos_addendum\MultiPeriodDistOPF\envs\tadmm\..\..\rawData\ieee123C_1ph\Master.dss

========================================
Initial Powerflow
========================================
Powerflow completed successfully!

[OpenDSS] Total system load: 872.27 kW
[OpenDSS] Substation power: 877.20 kW
[OpenDSS] Total PV dispatch: 0.00 kW
[OpenDSS] Total battery dispatch: 0.00 kW
[OpenDSS] Total system losses: 4.94 kW


================================================================================
[35;1mSOLVING MPOPF WITH SOCP (tADMM)[0m
================================================================================
[36;1mUsing fixed rho = 96000.0[0m
  [tADMM hyperparams] mu_balance=5.00 tau_incr=2.00 tau_decr=2.00 update_interval=5 eps_pri=1.0e-04 eps_dual=1.0e-03 rho_init=96000.0 adaptive=true

================================================================================
[36;1m🎯 tADMM[SOCP]: T=144, ρ_init=96000.0, adaptive=true, warm_start=true, |Bset|=51, |Nset|=128, |Lset|=127
[0m================================================================================

******************************************************************************
This program contains Ipopt, a library for large-scale nonlinear optimization.
 Ipopt is released as open source code under the Eclipse Public License (EPL).
         For more information visit https://github.com/coin-or/Ipopt
******************************************************************************


******************************************************************************
This program contains Ipopt, a library for large-scale nonlinear optimization.
 Ipopt is released as open source code under the Eclipse Public License (EPL).
         For more information visit https://github.com/coin-or/Ipopt
******************************************************************************


******************************************************************************
This program contains Ipopt, a library for large-scale nonlinear optimization.
 Ipopt is released as open source code under the Eclipse Public License (EPL).
         For more information visit https://github.com/coin-or/Ipopt
******************************************************************************

k=  1  obj=$1346.16  ‖r‖=8.34e-04  ‖s‖=4.07e+00  ρ=96000.0  sp_max=11.925s  sp_med=9.494s
k=  2  obj=$1864.10  ‖r‖=5.70e-04  ‖s‖=4.97e+00  ρ=96000.0  sp_max=10.210s  sp_med=3.143s
k=  3  obj=$2660.52  ‖r‖=2.53e-04  ‖s‖=5.16e+00  ρ=96000.0  sp_max=6.585s  sp_med=2.164s
k=  4  obj=$2949.03  ‖r‖=8.67e-05  ‖s‖=3.71e+00  ρ=96000.0  sp_max=6.126s  sp_med=1.843s
[32;1m  [k=  5] Phase 1→2: primal converged
[0m[36;1m  [k=  5] ρ 96000.0 → 48000.0 (s/r=850211.5, ‖r‖ converged)
[0mk=  5  obj=$3011.00  ‖r‖=3.85e-06  ‖s‖=3.28e+00  ρ=48000.0  sp_max=7.057s  sp_med=1.768s
k=  6  obj=$3007.26  ‖r‖=1.98e-06  ‖s‖=3.21e+00  ρ=48000.0  sp_max=4.807s  sp_med=1.641s
k=  7  obj=$3003.94  ‖r‖=6.30e-06  ‖s‖=3.00e+00  ρ=48000.0  sp_max=4.226s  sp_med=1.656s
k=  8  obj=$3001.13  ‖r‖=6.48e-06  ‖s‖=2.74e+00  ρ=48000.0  sp_max=4.969s  sp_med=1.670s
k=  9  obj=$2998.66  ‖r‖=6.13e-06  ‖s‖=2.51e+00  ρ=48000.0  sp_max=4.382s  sp_med=1.676s
[36;1m  [k= 10] ρ 48000.0 → 24000.0 (s/r=564185.7, ‖r‖ converged)
[0mk= 10  obj=$2996.13  ‖r‖=4.26e-06  ‖s‖=2.41e+00  ρ=24000.0  sp_max=4.365s  sp_med=1.721s
      [Progress] 345.5s elapsed, 2 iters/min
k= 11  obj=$2991.72  ‖r‖=6.23e-06  ‖s‖=2.32e+00  ρ=24000.0  sp_max=6.541s  sp_med=2.560s
k= 12  obj=$2988.18  ‖r‖=6.98e-06  ‖s‖=2.21e+00  ρ=24000.0  sp_max=8.860s  sp_med=2.528s
k= 13  obj=$2985.28  ‖r‖=7.54e-06  ‖s‖=2.08e+00  ρ=24000.0  sp_max=7.041s  sp_med=2.439s
k= 14  obj=$2982.09  ‖r‖=6.45e-06  ‖s‖=2.00e+00  ρ=24000.0  sp_max=7.257s  sp_med=2.692s
[36;1m  [k= 15] ρ 24000.0 → 12000.0 (s/r=337845.2, ‖r‖ converged)
[0mk= 15  obj=$2978.94  ‖r‖=5.70e-06  ‖s‖=1.93e+00  ρ=12000.0  sp_max=5.065s  sp_med=1.850s
k= 16  obj=$2973.84  ‖r‖=1.08e-05  ‖s‖=1.83e+00  ρ=12000.0  sp_max=5.468s  sp_med=2.203s
k= 17  obj=$2969.67  ‖r‖=1.07e-05  ‖s‖=1.76e+00  ρ=12000.0  sp_max=5.397s  sp_med=2.434s
k= 18  obj=$2965.42  ‖r‖=9.27e-06  ‖s‖=1.70e+00  ρ=12000.0  sp_max=7.780s  sp_med=2.388s
k= 19  obj=$2961.54  ‖r‖=9.23e-06  ‖s‖=1.63e+00  ρ=12000.0  sp_max=8.991s  sp_med=2.500s
[36;1m  [k= 20] ρ 12000.0 → 6000.0 (s/r=169978.7, ‖r‖ converged)
[0mk= 20  obj=$2957.95  ‖r‖=9.10e-06  ‖s‖=1.55e+00  ρ=6000.0  sp_max=6.884s  sp_med=2.323s
      [Progress] 676.9s elapsed, 2 iters/min
k= 21  obj=$2951.30  ‖r‖=1.95e-05  ‖s‖=1.47e+00  ρ=6000.0  sp_max=8.269s  sp_med=2.470s
k= 22  obj=$2946.50  ‖r‖=2.61e-05  ‖s‖=1.36e+00  ρ=6000.0  sp_max=6.572s  sp_med=2.641s
k= 23  obj=$2941.09  ‖r‖=3.11e-05  ‖s‖=1.25e+00  ρ=6000.0  sp_max=10.201s  sp_med=2.255s
k= 24  obj=$2936.08  ‖r‖=3.44e-05  ‖s‖=1.13e+00  ρ=6000.0  sp_max=6.917s  sp_med=2.346s
[36;1m  [k= 25] ρ 6000.0 → 3000.0 (s/r=28165.7, ‖r‖ converged)
[0mk= 25  obj=$2930.91  ‖r‖=3.60e-05  ‖s‖=1.01e+00  ρ=3000.0  sp_max=6.576s  sp_med=1.690s
k= 26  obj=$2922.94  ‖r‖=4.87e-05  ‖s‖=9.23e-01  ρ=3000.0  sp_max=4.125s  sp_med=1.781s
k= 27  obj=$2916.86  ‖r‖=5.26e-05  ‖s‖=8.35e-01  ρ=3000.0  sp_max=3.943s  sp_med=1.630s
k= 28  obj=$2911.13  ‖r‖=5.35e-05  ‖s‖=7.67e-01  ρ=3000.0  sp_max=4.476s  sp_med=1.686s
k= 29  obj=$2906.01  ‖r‖=5.30e-05  ‖s‖=7.12e-01  ρ=3000.0  sp_max=5.369s  sp_med=1.846s
[36;1m  [k= 30] ρ 3000.0 → 1500.0 (s/r=12772.2, ‖r‖ converged)
[0mk= 30  obj=$2900.29  ‖r‖=5.32e-05  ‖s‖=6.79e-01  ρ=1500.0  sp_max=8.581s  sp_med=2.977s
      [Progress] 961.3s elapsed, 2 iters/min
k= 31  obj=$2890.82  ‖r‖=5.63e-05  ‖s‖=6.44e-01  ρ=1500.0  sp_max=5.942s  sp_med=2.497s
k= 32  obj=$2882.31  ‖r‖=5.25e-05  ‖s‖=6.14e-01  ρ=1500.0  sp_max=8.522s  sp_med=2.625s
k= 33  obj=$2873.48  ‖r‖=5.10e-05  ‖s‖=5.91e-01  ρ=1500.0  sp_max=6.242s  sp_med=2.566s
k= 34  obj=$2866.32  ‖r‖=5.03e-05  ‖s‖=5.77e-01  ρ=1500.0  sp_max=6.460s  sp_med=1.795s
[36;1m  [k= 35] ρ 1500.0 → 750.0 (s/r=11024.4, ‖r‖ converged)
[0mk= 35  obj=$2858.33  ‖r‖=5.14e-05  ‖s‖=5.67e-01  ρ=750.0  sp_max=4.256s  sp_med=1.722s
k= 36  obj=$2845.80  ‖r‖=5.55e-05  ‖s‖=5.58e-01  ρ=750.0  sp_max=5.792s  sp_med=1.845s
k= 37  obj=$2831.95  ‖r‖=6.05e-05  ‖s‖=5.50e-01  ρ=750.0  sp_max=4.261s  sp_med=1.972s
k= 38  obj=$2821.05  ‖r‖=6.16e-05  ‖s‖=5.33e-01  ρ=750.0  sp_max=5.383s  sp_med=2.009s
k= 39  obj=$2810.53  ‖r‖=6.17e-05  ‖s‖=5.10e-01  ρ=750.0  sp_max=5.203s  sp_med=2.317s
[36;1m  [k= 40] ρ 750.0 → 375.0 (s/r=7913.8, ‖r‖ converged)
[0mk= 40  obj=$2801.09  ‖r‖=6.13e-05  ‖s‖=4.85e-01  ρ=375.0  sp_max=9.368s  sp_med=3.207s
      [Progress] 1250.2s elapsed, 2 iters/min
k= 41  obj=$2787.32  ‖r‖=6.92e-05  ‖s‖=4.43e-01  ρ=375.0  sp_max=7.729s  sp_med=3.340s
k= 42  obj=$2775.82  ‖r‖=7.23e-05  ‖s‖=3.84e-01  ρ=375.0  sp_max=8.974s  sp_med=3.795s
k= 43  obj=$2771.14  ‖r‖=7.33e-05  ‖s‖=3.15e-01  ρ=375.0  sp_max=7.606s  sp_med=4.182s
k= 44  obj=$2770.59  ‖r‖=7.58e-05  ‖s‖=2.53e-01  ρ=375.0  sp_max=10.149s  sp_med=3.768s
[36;1m  [k= 45] ρ 375.0 → 187.5 (s/r=2830.0, ‖r‖ converged)
[0mk= 45  obj=$2770.91  ‖r‖=7.61e-05  ‖s‖=2.15e-01  ρ=187.5  sp_max=12.379s  sp_med=4.337s
k= 46  obj=$2775.23  ‖r‖=7.61e-05  ‖s‖=1.72e-01  ρ=187.5  sp_max=13.600s  sp_med=5.212s
k= 47  obj=$2780.68  ‖r‖=7.37e-05  ‖s‖=1.37e-01  ρ=187.5  sp_max=12.022s  sp_med=4.719s
k= 48  obj=$2782.16  ‖r‖=6.60e-05  ‖s‖=1.13e-01  ρ=187.5  sp_max=10.136s  sp_med=4.669s
k= 49  obj=$2793.14  ‖r‖=6.32e-05  ‖s‖=9.48e-02  ρ=187.5  sp_max=11.096s  sp_med=4.732s
[36;1m  [k= 50] ρ 187.5 → 93.8 (s/r=1119.3, ‖r‖ converged)
[0mk= 50  obj=$2798.52  ‖r‖=7.07e-05  ‖s‖=7.92e-02  ρ=93.8  sp_max=7.855s  sp_med=4.555s
      [Progress] 1727.6s elapsed, 2 iters/min
k= 51  obj=$2812.98  ‖r‖=9.50e-05  ‖s‖=6.34e-02  ρ=93.8  sp_max=7.602s  sp_med=3.489s
k= 52  obj=$2825.79  ‖r‖=1.06e-04  ‖s‖=4.84e-02  ρ=93.8  sp_max=9.337s  sp_med=3.715s
k= 53  obj=$2833.51  ‖r‖=1.13e-04  ‖s‖=3.60e-02  ρ=93.8  sp_max=5.799s  sp_med=3.293s
k= 54  obj=$2839.19  ‖r‖=1.19e-04  ‖s‖=2.61e-02  ρ=93.8  sp_max=9.264s  sp_med=4.503s
k= 55  obj=$2842.55  ‖r‖=1.20e-04  ‖s‖=1.84e-02  ρ=93.8  sp_max=10.614s  sp_med=4.925s
k= 56  obj=$2844.30  ‖r‖=1.25e-04  ‖s‖=1.43e-02  ρ=93.8  sp_max=8.002s  sp_med=3.385s
k= 57  obj=$2843.00  ‖r‖=1.28e-04  ‖s‖=1.36e-02  ρ=93.8  sp_max=8.081s  sp_med=4.671s
k= 58  obj=$2840.06  ‖r‖=1.20e-04  ‖s‖=1.60e-02  ρ=93.8  sp_max=9.565s  sp_med=3.856s
k= 59  obj=$2840.73  ‖r‖=1.19e-04  ‖s‖=1.93e-02  ρ=93.8  sp_max=14.636s  sp_med=5.013s
k= 60  obj=$2842.19  ‖r‖=1.20e-04  ‖s‖=2.14e-02  ρ=93.8  sp_max=10.612s  sp_med=4.601s
      [Progress] 2159.9s elapsed, 2 iters/min
k= 61  obj=$2844.80  ‖r‖=1.11e-04  ‖s‖=2.41e-02  ρ=93.8  sp_max=9.504s  sp_med=5.018s
k= 62  obj=$2850.12  ‖r‖=1.07e-04  ‖s‖=2.62e-02  ρ=93.8  sp_max=11.529s  sp_med=5.175s
k= 63  obj=$2853.17  ‖r‖=8.80e-05  ‖s‖=2.66e-02  ρ=93.8  sp_max=8.744s  sp_med=4.360s
k= 64  obj=$2846.39  ‖r‖=5.91e-05  ‖s‖=2.70e-02  ρ=93.8  sp_max=11.173s  sp_med=4.658s
[36;1m  [k= 65] ρ 93.8 → 46.9 (s/r=573.2, ‖r‖ converged)
[0mk= 65  obj=$2835.49  ‖r‖=4.58e-05  ‖s‖=2.63e-02  ρ=46.9  sp_max=7.446s  sp_med=3.849s
k= 66  obj=$2827.11  ‖r‖=8.89e-05  ‖s‖=2.44e-02  ρ=46.9  sp_max=12.631s  sp_med=4.839s
k= 67  obj=$2822.38  ‖r‖=9.90e-05  ‖s‖=2.20e-02  ρ=46.9  sp_max=13.744s  sp_med=5.934s
k= 68  obj=$2824.00  ‖r‖=1.04e-04  ‖s‖=1.87e-02  ρ=46.9  sp_max=7.438s  sp_med=4.084s
k= 69  obj=$2825.80  ‖r‖=1.21e-04  ‖s‖=1.47e-02  ρ=46.9  sp_max=6.713s  sp_med=3.308s
k= 70  obj=$2826.12  ‖r‖=1.36e-04  ‖s‖=1.06e-02  ρ=46.9  sp_max=7.755s  sp_med=3.382s
      [Progress] 2608.9s elapsed, 2 iters/min
k= 71  obj=$2826.62  ‖r‖=1.44e-04  ‖s‖=6.99e-03  ρ=46.9  sp_max=6.001s  sp_med=3.309s
k= 72  obj=$2826.12  ‖r‖=1.34e-04  ‖s‖=4.55e-03  ρ=46.9  sp_max=6.352s  sp_med=3.247s
k= 73  obj=$2824.56  ‖r‖=1.33e-04  ‖s‖=5.08e-03  ρ=46.9  sp_max=8.105s  sp_med=3.724s
k= 74  obj=$2822.29  ‖r‖=9.61e-05  ‖s‖=7.23e-03  ρ=46.9  sp_max=7.406s  sp_med=3.284s
[36;1m  [k= 75] ρ 46.9 → 23.4 (s/r=104.3, ‖r‖ converged)
[0mk= 75  obj=$2819.77  ‖r‖=8.89e-05  ‖s‖=9.28e-03  ρ=23.4  sp_max=7.536s  sp_med=3.239s
k= 76  obj=$2819.44  ‖r‖=1.20e-04  ‖s‖=8.76e-03  ρ=23.4  sp_max=7.043s  sp_med=3.334s
k= 77  obj=$2819.30  ‖r‖=1.23e-04  ‖s‖=8.32e-03  ρ=23.4  sp_max=6.865s  sp_med=3.146s
k= 78  obj=$2819.33  ‖r‖=1.00e-04  ‖s‖=8.25e-03  ρ=23.4  sp_max=6.677s  sp_med=3.190s
k= 79  obj=$2819.31  ‖r‖=1.01e-04  ‖s‖=8.14e-03  ρ=23.4  sp_max=6.665s  sp_med=3.262s
k= 80  obj=$2819.15  ‖r‖=1.09e-04  ‖s‖=7.74e-03  ρ=23.4  sp_max=6.986s  sp_med=3.355s
      [Progress] 2944.2s elapsed, 2 iters/min
k= 81  obj=$2819.27  ‖r‖=1.20e-04  ‖s‖=7.00e-03  ρ=23.4  sp_max=8.026s  sp_med=3.671s
k= 82  obj=$2819.12  ‖r‖=9.76e-05  ‖s‖=6.13e-03  ρ=23.4  sp_max=9.513s  sp_med=3.797s
k= 83  obj=$2819.53  ‖r‖=8.89e-05  ‖s‖=5.27e-03  ρ=23.4  sp_max=8.540s  sp_med=3.353s
k= 84  obj=$2819.09  ‖r‖=8.83e-05  ‖s‖=4.22e-03  ρ=23.4  sp_max=7.573s  sp_med=3.288s
[36;1m  [k= 85] ρ 23.4 → 11.7 (s/r=35.4, ‖r‖ converged)
[0mk= 85  obj=$2819.76  ‖r‖=9.06e-05  ‖s‖=3.21e-03  ρ=11.7  sp_max=6.737s  sp_med=3.523s
k= 86  obj=$2819.63  ‖r‖=1.03e-04  ‖s‖=2.59e-03  ρ=11.7  sp_max=6.881s  sp_med=3.520s
k= 87  obj=$2819.30  ‖r‖=1.07e-04  ‖s‖=1.97e-03  ρ=11.7  sp_max=6.363s  sp_med=3.343s
k= 88  obj=$2818.94  ‖r‖=1.08e-04  ‖s‖=1.40e-03  ρ=11.7  sp_max=6.484s  sp_med=3.317s
k= 89  obj=$2818.98  ‖r‖=1.07e-04  ‖s‖=9.72e-04  ρ=11.7  sp_max=8.009s  sp_med=3.233s
k= 90  obj=$2818.96  ‖r‖=1.03e-04  ‖s‖=9.92e-04  ρ=11.7  sp_max=7.336s  sp_med=3.337s
      [Progress] 3294.1s elapsed, 2 iters/min
k= 91  obj=$2819.30  ‖r‖=9.58e-05  ‖s‖=1.42e-03  ρ=11.7  sp_max=6.829s  sp_med=3.149s
k= 92  obj=$2820.09  ‖r‖=8.60e-05  ‖s‖=1.91e-03  ρ=11.7  sp_max=7.398s  sp_med=3.462s
k= 93  obj=$2821.74  ‖r‖=7.27e-05  ‖s‖=2.34e-03  ρ=11.7  sp_max=6.913s  sp_med=3.362s
k= 94  obj=$2821.85  ‖r‖=5.97e-05  ‖s‖=2.67e-03  ρ=11.7  sp_max=9.100s  sp_med=3.828s
[36;1m  [k= 95] ρ 11.7 → 5.9 (s/r=57.0, ‖r‖ converged)
[0mk= 95  obj=$2822.44  ‖r‖=5.06e-05  ‖s‖=2.88e-03  ρ=5.9  sp_max=10.410s  sp_med=4.393s
k= 96  obj=$2822.23  ‖r‖=4.12e-05  ‖s‖=2.86e-03  ρ=5.9  sp_max=9.730s  sp_med=4.588s
k= 97  obj=$2822.04  ‖r‖=5.30e-05  ‖s‖=2.72e-03  ρ=5.9  sp_max=9.274s  sp_med=4.525s
k= 98  obj=$2822.00  ‖r‖=7.02e-05  ‖s‖=2.49e-03  ρ=5.9  sp_max=10.044s  sp_med=4.445s
k= 99  obj=$2821.63  ‖r‖=8.45e-05  ‖s‖=2.16e-03  ρ=5.9  sp_max=8.367s  sp_med=4.793s
[36;1m  [k=100] ρ 5.9 → 2.9 (s/r=19.6, ‖r‖ converged)
[0mk=100  obj=$2820.96  ‖r‖=9.06e-05  ‖s‖=1.77e-03  ρ=2.9  sp_max=9.791s  sp_med=4.754s
      [Progress] 3709.8s elapsed, 2 iters/min
[33;1m⚠ tADMM did NOT converge after 100 iterations (‖r‖=9.06e-05, ‖s‖=1.77e-03)
[0m
================================================================================
[36;1m📊 SOLVER PERFORMANCE ANALYSIS (optimize!() times only)[0m
================================================================================
Iterations:       100
Effective time:   785.08 seconds
Wall-clock time:  3710.40 seconds
Overhead:         78.8%
================================================================================

--- tADMM RESULT ---
[32;1mObjective: $2820.96
Wall-clock: 3710.40 seconds
Effective:  785.08 seconds (100 iterations)
[0m
================================================================================
[36;1mVALIDATING tADMM SOLUTION[0m
================================================================================

================================================================================
SOLUTION VALIDATION: tADMM SOCP
================================================================================
✓ All constraints satisfied!
================================================================================
[32;1m✓ Convergence CSV: C:\repos_addendum\MultiPeriodDistOPF\envs\tadmm\processedData\ieee123C_1ph_T144\convergence_data.csv[0m
[32;1m✓ Subproblem timing CSV: C:\repos_addendum\MultiPeriodDistOPF\envs\tadmm\processedData\ieee123C_1ph_T144\subproblem_timing_details.csv[0m
[36;1mLoaded BF results from C:\repos_addendum\MultiPeriodDistOPF\envs\tadmm\processedData\ieee123C_1ph_T144\results_socp_bf.txt[0m
[36;1mNear-optimal at k=38 (245.82s eff): obj=$2821.05, gap=0.363% vs BF, r=6.16e-05, s=5.33e-01[0m
[32;1m✓ Near-optimal summary: C:\repos_addendum\MultiPeriodDistOPF\envs\tadmm\processedData\ieee123C_1ph_T144\near_optimal_summary.csv[0m
[32;1m✓ Solution saved: C:\repos_addendum\MultiPeriodDistOPF\envs\tadmm\processedData\ieee123C_1ph_T144\sol_socp_tadmm.jls[0m
[32;1m✓ tADMM results written to C:\repos_addendum\MultiPeriodDistOPF\envs\tadmm\processedData\ieee123C_1ph_T144\results_socp_tadmm.txt[0m
[32;1m✓ Live log trimmed to last 100 lines: C:\repos_addendum\MultiPeriodDistOPF\envs\tadmm\processedData\ieee123C_1ph_T144\tadmm_run.log[0m

================================================================================
[35;1mtADMM PIPELINE COMPLETE[0m
================================================================================
