
================================================================================
PARALLELIZATION STATUS
================================================================================
Julia threads:       16
Status:              Using 16 threads
================================================================================
RHO_OVERRIDE: using rho = 10000.0
EPS_PRI_OVERRIDE: using eps_pri = 0.0001
EPS_DUAL_OVERRIDE: using eps_dual = 0.0005
ADAPTIVE_RHO_OVERRIDE: adaptive_rho = true

================================================================================
PARSING SYSTEM DATA
================================================================================
Loaded system: ieee2552C_1ph from C:\repos_addendum\MultiPeriodDistOPF\envs\tadmm\..\..\rawData\ieee2552C_1ph\Master.dss

========================================
Initial Powerflow
========================================
Powerflow completed successfully!

[OpenDSS] Total system load: 2129.58 kW
[OpenDSS] Substation power: 2187.53 kW
[OpenDSS] Total PV dispatch: 0.00 kW
[OpenDSS] Total battery dispatch: 0.00 kW
[OpenDSS] Total system losses: 57.95 kW


================================================================================
[35;1mSOLVING MPOPF WITH SOCP (tADMM)[0m
================================================================================
[36;1mUsing fixed rho = 10000.0[0m
  [tADMM hyperparams] mu_balance=5.00 tau_incr=2.00 tau_decr=4.00 update_interval=5 eps_pri=1.0e-04 eps_dual=5.0e-04 rho_init=10000.0 adaptive=true

================================================================================
[36;1m🎯 tADMM[SOCP]: T=72, ρ_init=10000.0, adaptive=true, warm_start=true, |Bset|=250, |Nset|=2522, |Lset|=2521
[0m================================================================================

******************************************************************************
This program contains Ipopt, a library for large-scale nonlinear optimization.
 Ipopt is released as open source code under the Eclipse Public License (EPL).
         For more information visit https://github.com/coin-or/Ipopt
******************************************************************************

k=  1  obj=$4315.73  ‖r‖=8.98e-04  ‖s‖=7.45e-01  ρ=10000.0  sp_max=68.983s  sp_med=37.713s
k=  2  obj=$4315.73  ‖r‖=8.95e-04  ‖s‖=8.70e-01  ρ=10000.0  sp_max=45.639s  sp_med=13.079s
k=  3  obj=$4315.73  ‖r‖=8.91e-04  ‖s‖=1.00e+00  ρ=10000.0  sp_max=47.049s  sp_med=11.211s
k=  4  obj=$4315.73  ‖r‖=8.88e-04  ‖s‖=1.12e+00  ρ=10000.0  sp_max=35.100s  sp_med=12.680s
[33;1m  [PHASE1-UP] ρ: 10000.0 → 20000.0 (‖r‖=8.85e-04 > ε=1.0e-04)
[0mk=  5  obj=$4315.75  ‖r‖=8.85e-04  ‖s‖=1.22e+00  ρ=20000.0  sp_max=40.244s  sp_med=13.230s
k=  6  obj=$4315.73  ‖r‖=8.83e-04  ‖s‖=1.48e+00  ρ=20000.0  sp_max=21.255s  sp_med=13.228s
k=  7  obj=$4412.96  ‖r‖=8.51e-04  ‖s‖=1.76e+00  ρ=20000.0  sp_max=44.279s  sp_med=13.048s
k=  8  obj=$4781.90  ‖r‖=7.77e-04  ‖s‖=2.06e+00  ρ=20000.0  sp_max=40.118s  sp_med=14.077s
k=  9  obj=$5203.54  ‖r‖=7.03e-04  ‖s‖=2.34e+00  ρ=20000.0  sp_max=36.534s  sp_med=13.385s
[33;1m  [PHASE1-UP] ρ: 20000.0 → 40000.0 (‖r‖=6.40e-04 > ε=1.0e-04)
[0mk= 10  obj=$5602.21  ‖r‖=6.40e-04  ‖s‖=2.55e+00  ρ=40000.0  sp_max=31.201s  sp_med=12.969s
      [Progress] 1006.0s elapsed, 1 iters/min
k= 11  obj=$6267.32  ‖r‖=5.24e-04  ‖s‖=2.86e+00  ρ=40000.0  sp_max=37.311s  sp_med=13.840s
k= 12  obj=$7466.90  ‖r‖=3.22e-04  ‖s‖=3.04e+00  ρ=40000.0  sp_max=31.833s  sp_med=13.278s
k= 13  obj=$8172.88  ‖r‖=1.69e-04  ‖s‖=3.14e+00  ρ=40000.0  sp_max=28.110s  sp_med=12.787s
k= 14  obj=$8490.13  ‖r‖=3.32e-05  ‖s‖=2.71e+00  ρ=40000.0  sp_max=30.335s  sp_med=13.136s
[32;1m  [k= 15] Phase 1→2: primal converged
[0m[36;1m  [k= 15] ρ 40000.0 → 10000.0 (s/r=73088.0, ‖r‖ converged)
[0mk= 15  obj=$8518.97  ‖r‖=2.54e-05  ‖s‖=1.85e+00  ρ=10000.0  sp_max=24.885s  sp_med=11.665s
k= 16  obj=$8503.93  ‖r‖=5.49e-05  ‖s‖=1.59e+00  ρ=10000.0  sp_max=29.442s  sp_med=10.910s
k= 17  obj=$8484.02  ‖r‖=6.24e-05  ‖s‖=1.43e+00  ρ=10000.0  sp_max=28.882s  sp_med=10.033s
k= 18  obj=$8468.13  ‖r‖=6.84e-05  ‖s‖=1.34e+00  ρ=10000.0  sp_max=27.812s  sp_med=11.103s
k= 19  obj=$8453.82  ‖r‖=7.53e-05  ‖s‖=1.27e+00  ρ=10000.0  sp_max=29.551s  sp_med=11.762s
[36;1m  [k= 20] ρ 10000.0 → 2500.0 (s/r=16085.3, ‖r‖ converged)
[0mk= 20  obj=$8440.58  ‖r‖=7.71e-05  ‖s‖=1.24e+00  ρ=2500.0  sp_max=31.489s  sp_med=10.245s
      [Progress] 1788.8s elapsed, 1 iters/min
k= 21  obj=$8386.30  ‖r‖=8.60e-05  ‖s‖=1.19e+00  ρ=2500.0  sp_max=31.400s  sp_med=14.031s
k= 22  obj=$8332.72  ‖r‖=1.04e-04  ‖s‖=1.14e+00  ρ=2500.0  sp_max=31.241s  sp_med=14.339s
k= 23  obj=$8303.48  ‖r‖=1.03e-04  ‖s‖=1.12e+00  ρ=2500.0  sp_max=31.798s  sp_med=13.264s
k= 24  obj=$8296.83  ‖r‖=9.51e-05  ‖s‖=1.12e+00  ρ=2500.0  sp_max=34.219s  sp_med=11.827s
[36;1m  [k= 25] ρ 2500.0 → 625.0 (s/r=11774.4, ‖r‖ converged)
[0mk= 25  obj=$8275.67  ‖r‖=9.36e-05  ‖s‖=1.10e+00  ρ=625.0  sp_max=34.070s  sp_med=11.436s
k= 26  obj=$8145.32  ‖r‖=1.17e-04  ‖s‖=9.98e-01  ρ=625.0  sp_max=35.458s  sp_med=16.117s
k= 27  obj=$8136.00  ‖r‖=1.38e-04  ‖s‖=6.18e-01  ρ=625.0  sp_max=40.889s  sp_med=18.770s
k= 28  obj=$8136.17  ‖r‖=1.37e-04  ‖s‖=3.89e-01  ρ=625.0  sp_max=31.831s  sp_med=23.312s
k= 29  obj=$8134.14  ‖r‖=1.21e-04  ‖s‖=2.82e-01  ρ=625.0  sp_max=43.202s  sp_med=22.099s
[36;1m  [k= 30] ρ 625.0 → 156.2 (s/r=2739.1, ‖r‖ converged)
[0mk= 30  obj=$8143.71  ‖r‖=8.08e-05  ‖s‖=2.21e-01  ρ=156.2  sp_max=39.554s  sp_med=23.965s
      [Progress] 2847.2s elapsed, 1 iters/min
k= 31  obj=$8236.58  ‖r‖=1.28e-04  ‖s‖=1.29e-01  ρ=156.2  sp_max=37.542s  sp_med=22.473s
k= 32  obj=$8303.69  ‖r‖=1.83e-04  ‖s‖=6.60e-02  ρ=156.2  sp_max=37.260s  sp_med=20.420s
k= 33  obj=$8321.64  ‖r‖=1.93e-04  ‖s‖=2.37e-02  ρ=156.2  sp_max=37.361s  sp_med=21.024s
k= 34  obj=$8284.54  ‖r‖=1.88e-04  ‖s‖=1.47e-02  ρ=156.2  sp_max=32.037s  sp_med=17.952s
k= 35  obj=$8256.90  ‖r‖=1.61e-04  ‖s‖=3.01e-02  ρ=156.2  sp_max=36.580s  sp_med=16.581s
k= 36  obj=$8254.28  ‖r‖=1.28e-04  ‖s‖=3.82e-02  ρ=156.2  sp_max=30.965s  sp_med=14.484s
k= 37  obj=$8275.80  ‖r‖=7.89e-05  ‖s‖=3.65e-02  ρ=156.2  sp_max=37.946s  sp_med=18.617s
k= 38  obj=$8285.63  ‖r‖=1.03e-04  ‖s‖=2.97e-02  ρ=156.2  sp_max=47.955s  sp_med=23.973s
k= 39  obj=$8265.26  ‖r‖=1.02e-04  ‖s‖=2.06e-02  ρ=156.2  sp_max=45.681s  sp_med=23.068s
[36;1m  [k= 40] ρ 156.2 → 39.1 (s/r=139.9, ‖r‖ converged)
[0mk= 40  obj=$8226.65  ‖r‖=9.63e-05  ‖s‖=1.35e-02  ρ=39.1  sp_max=37.407s  sp_med=21.402s
      [Progress] 4088.5s elapsed, 1 iters/min
k= 41  obj=$8205.27  ‖r‖=1.34e-04  ‖s‖=7.74e-03  ρ=39.1  sp_max=41.947s  sp_med=21.465s
k= 42  obj=$8199.66  ‖r‖=1.37e-04  ‖s‖=4.10e-03  ρ=39.1  sp_max=49.219s  sp_med=20.863s
k= 43  obj=$8198.71  ‖r‖=1.15e-04  ‖s‖=3.84e-03  ρ=39.1  sp_max=40.000s  sp_med=21.842s
k= 44  obj=$8200.95  ‖r‖=8.80e-05  ‖s‖=4.90e-03  ρ=39.1  sp_max=44.390s  sp_med=21.344s
[36;1m  [k= 45] ρ 39.1 → 9.8 (s/r=76.6, ‖r‖ converged)
[0mk= 45  obj=$8201.55  ‖r‖=6.81e-05  ‖s‖=5.22e-03  ρ=9.8  sp_max=46.565s  sp_med=21.519s
k= 46  obj=$8203.26  ‖r‖=1.16e-04  ‖s‖=4.19e-03  ρ=9.8  sp_max=46.185s  sp_med=20.765s
k= 47  obj=$8204.78  ‖r‖=1.66e-04  ‖s‖=2.55e-03  ρ=9.8  sp_max=45.104s  sp_med=22.786s
k= 48  obj=$8203.97  ‖r‖=1.79e-04  ‖s‖=1.00e-03  ρ=9.8  sp_max=56.097s  sp_med=30.603s
k= 49  obj=$8205.33  ‖r‖=1.65e-04  ‖s‖=1.04e-03  ρ=9.8  sp_max=43.056s  sp_med=21.343s
k= 50  obj=$8205.25  ‖r‖=1.41e-04  ‖s‖=1.66e-03  ρ=9.8  sp_max=40.837s  sp_med=21.992s
      [Progress] 5498.2s elapsed, 1 iters/min
k= 51  obj=$8202.61  ‖r‖=1.01e-04  ‖s‖=1.95e-03  ρ=9.8  sp_max=45.083s  sp_med=21.829s
k= 52  obj=$8203.22  ‖r‖=6.68e-05  ‖s‖=1.96e-03  ρ=9.8  sp_max=42.972s  sp_med=21.335s
k= 53  obj=$8199.49  ‖r‖=7.45e-05  ‖s‖=1.61e-03  ρ=9.8  sp_max=40.625s  sp_med=22.309s
k= 54  obj=$8201.47  ‖r‖=8.77e-05  ‖s‖=1.09e-03  ρ=9.8  sp_max=40.533s  sp_med=21.816s
[36;1m  [k= 55] ρ 9.8 → 2.4 (s/r=6.8, ‖r‖ converged)
[0mk= 55  obj=$8199.53  ‖r‖=9.13e-05  ‖s‖=6.21e-04  ρ=2.4  sp_max=46.708s  sp_med=23.495s
k= 56  obj=$8197.73  ‖r‖=1.03e-04  ‖s‖=4.60e-04  ρ=2.4  sp_max=49.423s  sp_med=22.297s
k= 57  obj=$8194.83  ‖r‖=1.08e-04  ‖s‖=2.55e-04  ρ=2.4  sp_max=49.432s  sp_med=23.014s
k= 58  obj=$8191.20  ‖r‖=1.00e-04  ‖s‖=2.05e-04  ρ=2.4  sp_max=42.818s  sp_med=21.572s
k= 59  obj=$8191.75  ‖r‖=8.34e-05  ‖s‖=2.54e-04  ρ=2.4  sp_max=55.340s  sp_med=23.958s
[32;1m🎉 tADMM converged at iteration 59 (‖r‖=8.34e-05 ≤ 1.00e-04, ‖s‖=2.54e-04 ≤ 5.00e-04)
  Final objective: $8191.75
[0m
================================================================================
[36;1m📊 SOLVER PERFORMANCE ANALYSIS (optimize!() times only)[0m
================================================================================
Iterations:       58
Effective time:   2310.78 seconds
Wall-clock time:  6751.85 seconds
Overhead:         65.8%
================================================================================

--- tADMM RESULT ---
[32;1mObjective: $8191.75
Wall-clock: 6751.85 seconds
Effective:  2310.78 seconds (59 iterations)
[0m
================================================================================
[36;1mVALIDATING tADMM SOLUTION[0m
================================================================================

================================================================================
SOLUTION VALIDATION: tADMM SOCP
================================================================================
✓ All constraints satisfied!
================================================================================
[32;1m✓ Convergence CSV: C:\repos_addendum\MultiPeriodDistOPF\envs\tadmm\processedData\ieee2552C_1ph_T72\convergence_data.csv[0m
[32;1m✓ Subproblem timing CSV: C:\repos_addendum\MultiPeriodDistOPF\envs\tadmm\processedData\ieee2552C_1ph_T72\subproblem_timing_details.csv[0m
[36;1mLoaded BF results from C:\repos_addendum\MultiPeriodDistOPF\envs\tadmm\processedData\ieee2552C_1ph_T72\results_socp_bf.txt[0m
[36;1mNear-optimal at k=40 (1444.45s eff): obj=$8226.65, gap=0.358% vs BF, r=9.63e-05, s=1.35e-02[0m
[32;1m✓ Near-optimal summary: C:\repos_addendum\MultiPeriodDistOPF\envs\tadmm\processedData\ieee2552C_1ph_T72\near_optimal_summary.csv[0m
[32;1m✓ Solution saved: C:\repos_addendum\MultiPeriodDistOPF\envs\tadmm\processedData\ieee2552C_1ph_T72\sol_socp_tadmm.jls[0m
[32;1m✓ tADMM results written to C:\repos_addendum\MultiPeriodDistOPF\envs\tadmm\processedData\ieee2552C_1ph_T72\results_socp_tadmm.txt[0m
[32;1m✓ Live log trimmed to last 100 lines: C:\repos_addendum\MultiPeriodDistOPF\envs\tadmm\processedData\ieee2552C_1ph_T72\tadmm_run.log[0m

================================================================================
[35;1mtADMM PIPELINE COMPLETE[0m
================================================================================
