
================================================================================
PARALLELIZATION STATUS
================================================================================
Julia threads:       16
Status:              Using 16 threads
================================================================================
RHO_OVERRIDE: using rho = 18000.0
EPS_PRI_OVERRIDE: using eps_pri = 0.0001
EPS_DUAL_OVERRIDE: using eps_dual = 0.0005
ADAPTIVE_RHO_OVERRIDE: adaptive_rho = true

================================================================================
PARSING SYSTEM DATA
================================================================================
Loaded system: ieee2552C_1ph from C:\repos_addendum\MultiPeriodDistOPF\envs\tadmm\..\..\rawData\ieee2552C_1ph\Master.dss

========================================
Initial Powerflow
========================================
Powerflow completed successfully!

[OpenDSS] Total system load: 2129.58 kW
[OpenDSS] Substation power: 2187.53 kW
[OpenDSS] Total PV dispatch: 0.00 kW
[OpenDSS] Total battery dispatch: 0.00 kW
[OpenDSS] Total system losses: 57.95 kW


================================================================================
[35;1mSOLVING MPOPF WITH SOCP (tADMM)[0m
================================================================================
[36;1mUsing fixed rho = 18000.0[0m
  [tADMM hyperparams] mu_balance=5.00 tau_incr=2.00 tau_decr=4.00 update_interval=5 eps_pri=1.0e-04 eps_dual=5.0e-04 rho_init=18000.0 adaptive=true

================================================================================
[36;1m🎯 tADMM[SOCP]: T=24, ρ_init=18000.0, adaptive=true, warm_start=true, |Bset|=250, |Nset|=2522, |Lset|=2521
[0m================================================================================

******************************************************************************
This program contains Ipopt, a library for large-scale nonlinear optimization.
 Ipopt is released as open source code under the Eclipse Public License (EPL).
         For more information visit https://github.com/coin-or/Ipopt
******************************************************************************

k=  1  obj=$4253.41  ‖r‖=2.71e-03  ‖s‖=6.97e+00  ρ=18000.0  sp_max=37.780s  sp_med=29.235s
k=  2  obj=$4453.75  ‖r‖=2.51e-03  ‖s‖=8.00e+00  ρ=18000.0  sp_max=28.173s  sp_med=14.590s
k=  3  obj=$5560.41  ‖r‖=1.87e-03  ‖s‖=9.21e+00  ρ=18000.0  sp_max=25.194s  sp_med=12.672s
k=  4  obj=$6854.17  ‖r‖=1.20e-03  ‖s‖=6.79e+00  ρ=18000.0  sp_max=21.951s  sp_med=10.110s
[33;1m  [PHASE1-UP] ρ: 18000.0 → 36000.0 (‖r‖=5.41e-04 > ε=1.0e-04)
[0mk=  5  obj=$7988.93  ‖r‖=5.41e-04  ‖s‖=4.01e+00  ρ=36000.0  sp_max=28.953s  sp_med=14.918s
k=  6  obj=$8406.87  ‖r‖=5.96e-05  ‖s‖=3.88e+00  ρ=36000.0  sp_max=22.192s  sp_med=9.905s
k=  7  obj=$8430.17  ‖r‖=1.75e-05  ‖s‖=3.94e+00  ρ=36000.0  sp_max=13.423s  sp_med=7.800s
k=  8  obj=$8427.93  ‖r‖=5.05e-06  ‖s‖=3.96e+00  ρ=36000.0  sp_max=12.695s  sp_med=7.816s
k=  9  obj=$8421.70  ‖r‖=1.08e-06  ‖s‖=3.95e+00  ρ=36000.0  sp_max=12.992s  sp_med=9.214s
[32;1m  [k= 10] Phase 1→2: primal converged
[0m[36;1m  [k= 10] ρ 36000.0 → 9000.0 (s/r=625518.0, ‖r‖ converged)
[0mk= 10  obj=$8414.61  ‖r‖=6.22e-06  ‖s‖=3.89e+00  ρ=9000.0  sp_max=12.025s  sp_med=7.916s
      [Progress] 288.7s elapsed, 2 iters/min
k= 11  obj=$8387.15  ‖r‖=2.41e-05  ‖s‖=3.83e+00  ρ=9000.0  sp_max=14.322s  sp_med=9.802s
k= 12  obj=$8360.03  ‖r‖=2.26e-05  ‖s‖=3.80e+00  ρ=9000.0  sp_max=14.935s  sp_med=9.366s
k= 13  obj=$8332.90  ‖r‖=8.65e-06  ‖s‖=3.80e+00  ρ=9000.0  sp_max=16.671s  sp_med=8.363s
k= 14  obj=$8308.23  ‖r‖=9.32e-06  ‖s‖=3.76e+00  ρ=9000.0  sp_max=13.126s  sp_med=9.314s
[36;1m  [k= 15] ρ 9000.0 → 2250.0 (s/r=83132.9, ‖r‖ converged)
[0mk= 15  obj=$8277.72  ‖r‖=4.38e-05  ‖s‖=3.64e+00  ρ=2250.0  sp_max=12.748s  sp_med=9.507s
k= 16  obj=$8160.79  ‖r‖=1.74e-04  ‖s‖=3.19e+00  ρ=2250.0  sp_max=19.867s  sp_med=13.091s
k= 17  obj=$8111.29  ‖r‖=1.80e-04  ‖s‖=2.24e+00  ρ=2250.0  sp_max=19.154s  sp_med=10.642s
k= 18  obj=$8084.91  ‖r‖=1.71e-04  ‖s‖=1.39e+00  ρ=2250.0  sp_max=19.309s  sp_med=10.479s
k= 19  obj=$8071.96  ‖r‖=1.50e-04  ‖s‖=1.01e+00  ρ=2250.0  sp_max=19.728s  sp_med=11.268s
[36;1m  [k= 20] ρ 2250.0 → 562.5 (s/r=9190.4, ‖r‖ converged)
[0mk= 20  obj=$8085.84  ‖r‖=8.55e-05  ‖s‖=7.86e-01  ρ=562.5  sp_max=21.243s  sp_med=11.230s
      [Progress] 518.1s elapsed, 2 iters/min
k= 21  obj=$8193.36  ‖r‖=1.43e-04  ‖s‖=3.53e-01  ρ=562.5  sp_max=21.337s  sp_med=10.546s
k= 22  obj=$8224.04  ‖r‖=1.76e-04  ‖s‖=5.22e-02  ρ=562.5  sp_max=18.943s  sp_med=10.284s
k= 23  obj=$8180.84  ‖r‖=1.10e-04  ‖s‖=6.41e-02  ρ=562.5  sp_max=18.809s  sp_med=9.578s
k= 24  obj=$8139.94  ‖r‖=5.91e-05  ‖s‖=7.16e-02  ρ=562.5  sp_max=19.325s  sp_med=9.194s
[36;1m  [k= 25] ρ 562.5 → 140.6 (s/r=1367.0, ‖r‖ converged)
[0mk= 25  obj=$8119.20  ‖r‖=4.53e-05  ‖s‖=6.19e-02  ρ=140.6  sp_max=20.679s  sp_med=10.589s
k= 26  obj=$8068.59  ‖r‖=1.40e-04  ‖s‖=3.69e-02  ρ=140.6  sp_max=20.052s  sp_med=10.096s
k= 27  obj=$8056.87  ‖r‖=1.46e-04  ‖s‖=1.02e-02  ρ=140.6  sp_max=17.460s  sp_med=10.955s
k= 28  obj=$8077.02  ‖r‖=8.70e-05  ‖s‖=1.30e-02  ρ=140.6  sp_max=18.775s  sp_med=10.060s
k= 29  obj=$8105.26  ‖r‖=2.84e-05  ‖s‖=1.75e-02  ρ=140.6  sp_max=18.532s  sp_med=9.683s
[36;1m  [k= 30] ρ 140.6 → 35.2 (s/r=429.3, ‖r‖ converged)
[0mk= 30  obj=$8124.51  ‖r‖=3.06e-05  ‖s‖=1.31e-02  ρ=35.2  sp_max=18.556s  sp_med=10.990s
      [Progress] 763.4s elapsed, 2 iters/min
k= 31  obj=$8161.23  ‖r‖=1.13e-04  ‖s‖=6.89e-03  ρ=35.2  sp_max=24.422s  sp_med=10.755s
k= 32  obj=$8160.12  ‖r‖=1.13e-04  ‖s‖=7.34e-04  ρ=35.2  sp_max=20.278s  sp_med=10.398s
k= 33  obj=$8139.67  ‖r‖=6.43e-05  ‖s‖=3.47e-03  ρ=35.2  sp_max=19.231s  sp_med=10.828s
k= 34  obj=$8117.74  ‖r‖=1.41e-05  ‖s‖=4.12e-03  ρ=35.2  sp_max=16.610s  sp_med=9.464s
[36;1m  [k= 35] ρ 35.2 → 8.8 (s/r=109.8, ‖r‖ converged)
[0mk= 35  obj=$8105.83  ‖r‖=2.48e-05  ‖s‖=2.72e-03  ρ=8.8  sp_max=17.990s  sp_med=9.691s
k= 36  obj=$8081.26  ‖r‖=9.03e-05  ‖s‖=1.35e-03  ρ=8.8  sp_max=16.970s  sp_med=10.007s
k= 37  obj=$8136.46  ‖r‖=1.53e-04  ‖s‖=1.22e-03  ρ=8.8  sp_max=17.768s  sp_med=10.672s
k= 38  obj=$8100.05  ‖r‖=5.20e-05  ‖s‖=1.36e-03  ρ=8.8  sp_max=18.322s  sp_med=9.876s
k= 39  obj=$8084.29  ‖r‖=6.88e-05  ‖s‖=9.84e-04  ρ=8.8  sp_max=20.137s  sp_med=10.375s
[36;1m  [k= 40] ρ 8.8 → 2.2 (s/r=8.9, ‖r‖ converged)
[0mk= 40  obj=$8097.33  ‖r‖=6.05e-05  ‖s‖=5.42e-04  ρ=2.2  sp_max=20.664s  sp_med=11.225s
      [Progress] 1013.5s elapsed, 2 iters/min
k= 41  obj=$8199.34  ‖r‖=1.79e-04  ‖s‖=5.53e-04  ρ=2.2  sp_max=19.656s  sp_med=10.693s
k= 42  obj=$8124.58  ‖r‖=7.77e-05  ‖s‖=3.93e-04  ρ=2.2  sp_max=19.597s  sp_med=11.026s
[32;1m🎉 tADMM converged at iteration 42 (‖r‖=7.77e-05 ≤ 1.00e-04, ‖s‖=3.93e-04 ≤ 5.00e-04)
  Final objective: $8124.58
[0m
================================================================================
[36;1m📊 SOLVER PERFORMANCE ANALYSIS (optimize!() times only)[0m
================================================================================
Iterations:       41
Effective time:   810.59 seconds
Wall-clock time:  1065.19 seconds
Overhead:         23.9%
================================================================================

--- tADMM RESULT ---
[32;1mObjective: $8124.58
Wall-clock: 1065.19 seconds
Effective:  810.59 seconds (42 iterations)
[0m
================================================================================
[36;1mVALIDATING tADMM SOLUTION[0m
================================================================================

================================================================================
SOLUTION VALIDATION: tADMM SOCP
================================================================================
✓ All constraints satisfied!
================================================================================
[32;1m✓ Convergence CSV: C:\repos_addendum\MultiPeriodDistOPF\envs\tadmm\processedData\ieee2552C_1ph_T24\convergence_data.csv[0m
[32;1m✓ Subproblem timing CSV: C:\repos_addendum\MultiPeriodDistOPF\envs\tadmm\processedData\ieee2552C_1ph_T24\subproblem_timing_details.csv[0m
[36;1mLoaded BF results from C:\repos_addendum\MultiPeriodDistOPF\envs\tadmm\processedData\ieee2552C_1ph_T24\results_socp_bf.txt[0m
[36;1mNear-optimal at k=20 (386.48s eff): obj=$8085.84, gap=0.362% vs BF, r=8.55e-05, s=7.86e-01[0m
[32;1m✓ Near-optimal summary: C:\repos_addendum\MultiPeriodDistOPF\envs\tadmm\processedData\ieee2552C_1ph_T24\near_optimal_summary.csv[0m
[32;1m✓ Solution saved: C:\repos_addendum\MultiPeriodDistOPF\envs\tadmm\processedData\ieee2552C_1ph_T24\sol_socp_tadmm.jls[0m
[32;1m✓ tADMM results written to C:\repos_addendum\MultiPeriodDistOPF\envs\tadmm\processedData\ieee2552C_1ph_T24\results_socp_tadmm.txt[0m
[32;1m✓ Live log trimmed to last 100 lines: C:\repos_addendum\MultiPeriodDistOPF\envs\tadmm\processedData\ieee2552C_1ph_T24\tadmm_run.log[0m

================================================================================
[35;1mtADMM PIPELINE COMPLETE[0m
================================================================================
