
================================================================================
PARALLELIZATION STATUS
================================================================================
Julia threads:       16
Status:              Using 16 threads
================================================================================
RHO_OVERRIDE: using rho = 5.0
EPS_PRI_OVERRIDE: using eps_pri = 0.001
EPS_DUAL_OVERRIDE: using eps_dual = 0.001
ADAPTIVE_RHO_OVERRIDE: adaptive_rho = true

================================================================================
PARSING SYSTEM DATA
================================================================================
Loaded system: ieee123C_1ph from C:\repos_addendum\MultiPeriodDistOPF\envs\tadmm\..\..\rawData\ieee123C_1ph\Master.dss

========================================
Initial Powerflow
========================================
Powerflow completed successfully!

[OpenDSS] Total system load: 872.27 kW
[OpenDSS] Substation power: 877.20 kW
[OpenDSS] Total PV dispatch: 0.00 kW
[OpenDSS] Total battery dispatch: 0.00 kW
[OpenDSS] Total system losses: 4.94 kW


================================================================================
[35;1mSOLVING MPOPF WITH SOCP (tADMM)[0m
================================================================================
[36;1mUsing fixed rho = 5.0[0m
  [tADMM hyperparams] mu_balance=5.00 tau_incr=2.00 tau_decr=2.00 update_interval=5 eps_pri=1.0e-03 eps_dual=1.0e-03 rho_init=5.0 adaptive=true

================================================================================
[36;1m🎯 tADMM[SOCP]: T=96, ρ_init=5.0, adaptive=true, warm_start=true, |Bset|=51, |Nset|=128, |Lset|=127
[0m================================================================================

******************************************************************************
This program contains Ipopt, a library for large-scale nonlinear optimization.
 Ipopt is released as open source code under the Eclipse Public License (EPL).
         For more information visit https://github.com/coin-or/Ipopt
******************************************************************************


******************************************************************************
This program contains Ipopt, a library for large-scale nonlinear optimization.
 Ipopt is released as open source code under the Eclipse Public License (EPL).
         For more information visit https://github.com/coin-or/Ipopt
******************************************************************************

k=  1  obj=$1322.33  ‖r‖=1.28e-03  ‖s‖=4.62e-04  ρ=5.0  sp_max=13.173s  sp_med=5.356s
k=  2  obj=$1322.33  ‖r‖=1.27e-03  ‖s‖=5.45e-04  ρ=5.0  sp_max=6.955s  sp_med=2.280s
k=  3  obj=$1322.33  ‖r‖=1.27e-03  ‖s‖=6.29e-04  ρ=5.0  sp_max=3.732s  sp_med=2.268s
k=  4  obj=$1322.33  ‖r‖=1.27e-03  ‖s‖=6.92e-04  ρ=5.0  sp_max=5.684s  sp_med=2.311s
[33;1m  [PHASE1-UP] ρ: 5.0 → 10.0 (‖r‖=1.26e-03 > ε=1.0e-03)
[0mk=  5  obj=$1322.33  ‖r‖=1.26e-03  ‖s‖=7.68e-04  ρ=10.0  sp_max=4.650s  sp_med=1.785s
k=  6  obj=$1322.33  ‖r‖=1.27e-03  ‖s‖=9.34e-04  ρ=10.0  sp_max=3.912s  sp_med=1.722s
k=  7  obj=$1322.33  ‖r‖=1.26e-03  ‖s‖=1.09e-03  ρ=10.0  sp_max=2.668s  sp_med=1.739s
k=  8  obj=$1322.33  ‖r‖=1.26e-03  ‖s‖=1.25e-03  ρ=10.0  sp_max=2.959s  sp_med=1.584s
k=  9  obj=$1322.33  ‖r‖=1.26e-03  ‖s‖=1.41e-03  ρ=10.0  sp_max=4.817s  sp_med=1.658s
[33;1m  [PHASE1-UP] ρ: 10.0 → 20.0 (‖r‖=1.25e-03 > ε=1.0e-03)
[0mk= 10  obj=$1322.33  ‖r‖=1.25e-03  ‖s‖=1.56e-03  ρ=20.0  sp_max=4.314s  sp_med=1.642s
      [Progress] 168.8s elapsed, 4 iters/min
k= 11  obj=$1322.33  ‖r‖=1.25e-03  ‖s‖=1.86e-03  ρ=20.0  sp_max=5.099s  sp_med=1.665s
k= 12  obj=$1322.33  ‖r‖=1.25e-03  ‖s‖=2.15e-03  ρ=20.0  sp_max=5.672s  sp_med=2.564s
k= 13  obj=$1322.33  ‖r‖=1.25e-03  ‖s‖=2.44e-03  ρ=20.0  sp_max=4.276s  sp_med=2.269s
k= 14  obj=$1322.33  ‖r‖=1.25e-03  ‖s‖=2.71e-03  ρ=20.0  sp_max=4.567s  sp_med=2.401s
[33;1m  [PHASE1-UP] ρ: 20.0 → 40.0 (‖r‖=1.24e-03 > ε=1.0e-03)
[0mk= 15  obj=$1322.33  ‖r‖=1.24e-03  ‖s‖=2.98e-03  ρ=40.0  sp_max=4.370s  sp_med=2.544s
k= 16  obj=$1322.33  ‖r‖=1.24e-03  ‖s‖=3.51e-03  ρ=40.0  sp_max=7.632s  sp_med=2.465s
k= 17  obj=$1322.33  ‖r‖=1.24e-03  ‖s‖=4.04e-03  ρ=40.0  sp_max=4.566s  sp_med=2.431s
k= 18  obj=$1322.33  ‖r‖=1.24e-03  ‖s‖=4.56e-03  ρ=40.0  sp_max=4.400s  sp_med=2.434s
k= 19  obj=$1322.33  ‖r‖=1.24e-03  ‖s‖=5.07e-03  ρ=40.0  sp_max=4.795s  sp_med=2.468s
[33;1m  [PHASE1-UP] ρ: 40.0 → 80.0 (‖r‖=1.23e-03 > ε=1.0e-03)
[0mk= 20  obj=$1322.33  ‖r‖=1.23e-03  ‖s‖=5.57e-03  ρ=80.0  sp_max=4.496s  sp_med=2.401s
      [Progress] 336.3s elapsed, 4 iters/min
k= 21  obj=$1322.33  ‖r‖=1.23e-03  ‖s‖=6.20e-03  ρ=80.0  sp_max=4.193s  sp_med=2.320s
k= 22  obj=$1322.33  ‖r‖=1.23e-03  ‖s‖=6.55e-03  ρ=80.0  sp_max=4.816s  sp_med=2.446s
k= 23  obj=$1322.33  ‖r‖=1.23e-03  ‖s‖=7.11e-03  ρ=80.0  sp_max=6.297s  sp_med=2.480s
k= 24  obj=$1322.33  ‖r‖=1.23e-03  ‖s‖=7.64e-03  ρ=80.0  sp_max=4.500s  sp_med=2.432s
[33;1m  [PHASE1-UP] ρ: 80.0 → 160.0 (‖r‖=1.23e-03 > ε=1.0e-03)
[0mk= 25  obj=$1322.33  ‖r‖=1.23e-03  ‖s‖=8.12e-03  ρ=160.0  sp_max=4.391s  sp_med=2.430s
k= 26  obj=$1322.33  ‖r‖=1.23e-03  ‖s‖=9.11e-03  ρ=160.0  sp_max=4.533s  sp_med=1.954s
k= 27  obj=$1322.33  ‖r‖=1.23e-03  ‖s‖=1.01e-02  ρ=160.0  sp_max=3.472s  sp_med=1.700s
k= 28  obj=$1322.33  ‖r‖=1.23e-03  ‖s‖=1.11e-02  ρ=160.0  sp_max=3.925s  sp_med=1.596s
k= 29  obj=$1322.33  ‖r‖=1.23e-03  ‖s‖=1.20e-02  ρ=160.0  sp_max=3.384s  sp_med=1.648s
[33;1m  [PHASE1-UP] ρ: 160.0 → 320.0 (‖r‖=1.23e-03 > ε=1.0e-03)
[0mk= 30  obj=$1322.33  ‖r‖=1.23e-03  ‖s‖=1.28e-02  ρ=320.0  sp_max=3.745s  sp_med=1.658s
      [Progress] 483.1s elapsed, 4 iters/min
k= 31  obj=$1322.33  ‖r‖=1.23e-03  ‖s‖=1.45e-02  ρ=320.0  sp_max=3.563s  sp_med=1.636s
k= 32  obj=$1322.33  ‖r‖=1.23e-03  ‖s‖=1.62e-02  ρ=320.0  sp_max=4.567s  sp_med=1.993s
k= 33  obj=$1322.33  ‖r‖=1.23e-03  ‖s‖=1.78e-02  ρ=320.0  sp_max=4.003s  sp_med=2.392s
k= 34  obj=$1322.33  ‖r‖=1.23e-03  ‖s‖=1.93e-02  ρ=320.0  sp_max=4.453s  sp_med=2.439s
[33;1m  [PHASE1-UP] ρ: 320.0 → 640.0 (‖r‖=1.23e-03 > ε=1.0e-03)
[0mk= 35  obj=$1322.33  ‖r‖=1.23e-03  ‖s‖=2.07e-02  ρ=640.0  sp_max=4.375s  sp_med=2.420s
k= 36  obj=$1322.33  ‖r‖=1.23e-03  ‖s‖=2.36e-02  ρ=640.0  sp_max=4.440s  sp_med=2.429s
k= 37  obj=$1322.33  ‖r‖=1.22e-03  ‖s‖=2.65e-02  ρ=640.0  sp_max=4.623s  sp_med=2.351s
k= 38  obj=$1322.33  ‖r‖=1.22e-03  ‖s‖=2.92e-02  ρ=640.0  sp_max=4.407s  sp_med=2.381s
k= 39  obj=$1322.33  ‖r‖=1.22e-03  ‖s‖=3.19e-02  ρ=640.0  sp_max=4.123s  sp_med=2.372s
[33;1m  [PHASE1-UP] ρ: 640.0 → 1280.0 (‖r‖=1.22e-03 > ε=1.0e-03)
[0mk= 40  obj=$1322.33  ‖r‖=1.22e-03  ‖s‖=3.44e-02  ρ=1280.0  sp_max=4.648s  sp_med=2.436s
      [Progress] 642.6s elapsed, 4 iters/min
k= 41  obj=$1322.33  ‖r‖=1.22e-03  ‖s‖=3.94e-02  ρ=1280.0  sp_max=4.660s  sp_med=2.160s
k= 42  obj=$1322.33  ‖r‖=1.22e-03  ‖s‖=4.44e-02  ρ=1280.0  sp_max=5.137s  sp_med=2.242s
k= 43  obj=$1322.33  ‖r‖=1.22e-03  ‖s‖=4.92e-02  ρ=1280.0  sp_max=4.291s  sp_med=2.063s
k= 44  obj=$1322.33  ‖r‖=1.22e-03  ‖s‖=5.39e-02  ρ=1280.0  sp_max=4.185s  sp_med=2.139s
[33;1m  [PHASE1-UP] ρ: 1280.0 → 2560.0 (‖r‖=1.22e-03 > ε=1.0e-03)
[0mk= 45  obj=$1322.33  ‖r‖=1.22e-03  ‖s‖=5.85e-02  ρ=2560.0  sp_max=4.583s  sp_med=2.322s
k= 46  obj=$1322.33  ‖r‖=1.22e-03  ‖s‖=6.74e-02  ρ=2560.0  sp_max=5.643s  sp_med=2.574s
k= 47  obj=$1322.33  ‖r‖=1.22e-03  ‖s‖=7.63e-02  ρ=2560.0  sp_max=3.795s  sp_med=2.214s
k= 48  obj=$1322.33  ‖r‖=1.22e-03  ‖s‖=8.50e-02  ρ=2560.0  sp_max=3.432s  sp_med=2.247s
k= 49  obj=$1322.33  ‖r‖=1.22e-03  ‖s‖=9.34e-02  ρ=2560.0  sp_max=3.512s  sp_med=2.276s
[33;1m  [PHASE1-UP] ρ: 2560.0 → 5120.0 (‖r‖=1.22e-03 > ε=1.0e-03)
[0mk= 50  obj=$1322.33  ‖r‖=1.22e-03  ‖s‖=1.02e-01  ρ=5120.0  sp_max=3.610s  sp_med=2.248s
      [Progress] 797.9s elapsed, 4 iters/min
k= 51  obj=$1322.33  ‖r‖=1.22e-03  ‖s‖=1.18e-01  ρ=5120.0  sp_max=5.169s  sp_med=2.451s
k= 52  obj=$1322.33  ‖r‖=1.22e-03  ‖s‖=1.34e-01  ρ=5120.0  sp_max=6.653s  sp_med=2.367s
k= 53  obj=$1322.33  ‖r‖=1.22e-03  ‖s‖=1.50e-01  ρ=5120.0  sp_max=4.798s  sp_med=2.147s
k= 54  obj=$1322.33  ‖r‖=1.22e-03  ‖s‖=1.65e-01  ρ=5120.0  sp_max=4.128s  sp_med=2.090s
[33;1m  [PHASE1-UP] ρ: 5120.0 → 10240.0 (‖r‖=1.21e-03 > ε=1.0e-03)
[0mk= 55  obj=$1332.79  ‖r‖=1.21e-03  ‖s‖=1.82e-01  ρ=10240.0  sp_max=3.902s  sp_med=2.141s
k= 56  obj=$1381.14  ‖r‖=1.16e-03  ‖s‖=2.31e-01  ρ=10240.0  sp_max=7.062s  sp_med=2.182s
k= 57  obj=$1453.54  ‖r‖=1.11e-03  ‖s‖=2.94e-01  ρ=10240.0  sp_max=6.706s  sp_med=2.311s
k= 58  obj=$1528.18  ‖r‖=1.06e-03  ‖s‖=3.61e-01  ρ=10240.0  sp_max=6.785s  sp_med=2.197s
k= 59  obj=$1619.93  ‖r‖=1.01e-03  ‖s‖=4.51e-01  ρ=10240.0  sp_max=5.691s  sp_med=2.321s
[32;1m  [k= 60] Phase 1→2: primal converged
[0m[36;1m  [k= 60] ρ 10240.0 → 5120.0 (s/r=570.5, ‖r‖ converged)
[0mk= 60  obj=$1731.70  ‖r‖=9.42e-04  ‖s‖=5.37e-01  ρ=5120.0  sp_max=6.951s  sp_med=2.186s
      [Progress] 975.2s elapsed, 4 iters/min
k= 61  obj=$1835.77  ‖r‖=8.90e-04  ‖s‖=5.77e-01  ρ=5120.0  sp_max=6.258s  sp_med=2.330s
k= 62  obj=$1913.95  ‖r‖=8.45e-04  ‖s‖=6.18e-01  ρ=5120.0  sp_max=4.914s  sp_med=2.150s
k= 63  obj=$2007.11  ‖r‖=7.92e-04  ‖s‖=6.56e-01  ρ=5120.0  sp_max=6.331s  sp_med=2.502s
k= 64  obj=$2139.08  ‖r‖=7.15e-04  ‖s‖=6.86e-01  ρ=5120.0  sp_max=7.552s  sp_med=2.385s
[36;1m  [k= 65] ρ 5120.0 → 2560.0 (s/r=1049.4, ‖r‖ converged)
[0mk= 65  obj=$2208.58  ‖r‖=6.79e-04  ‖s‖=7.13e-01  ρ=2560.0  sp_max=6.036s  sp_med=2.367s
k= 66  obj=$2251.51  ‖r‖=6.53e-04  ‖s‖=7.23e-01  ρ=2560.0  sp_max=6.493s  sp_med=2.499s
k= 67  obj=$2283.00  ‖r‖=6.32e-04  ‖s‖=7.36e-01  ρ=2560.0  sp_max=6.497s  sp_med=2.761s
k= 68  obj=$2322.90  ‖r‖=6.04e-04  ‖s‖=7.45e-01  ρ=2560.0  sp_max=7.471s  sp_med=2.849s
k= 69  obj=$2380.52  ‖r‖=5.65e-04  ‖s‖=7.46e-01  ρ=2560.0  sp_max=7.200s  sp_med=2.663s
[36;1m  [k= 70] ρ 2560.0 → 1280.0 (s/r=1362.2, ‖r‖ converged)
[0mk= 70  obj=$2402.90  ‖r‖=5.52e-04  ‖s‖=7.52e-01  ρ=1280.0  sp_max=5.271s  sp_med=2.779s
      [Progress] 1159.1s elapsed, 4 iters/min
k= 71  obj=$2414.40  ‖r‖=5.42e-04  ‖s‖=7.50e-01  ρ=1280.0  sp_max=5.613s  sp_med=2.954s
k= 72  obj=$2419.54  ‖r‖=5.36e-04  ‖s‖=7.49e-01  ρ=1280.0  sp_max=5.086s  sp_med=3.022s
k= 73  obj=$2426.13  ‖r‖=5.29e-04  ‖s‖=7.48e-01  ρ=1280.0  sp_max=6.072s  sp_med=3.184s
k= 74  obj=$2429.03  ‖r‖=5.23e-04  ‖s‖=7.46e-01  ρ=1280.0  sp_max=6.388s  sp_med=3.105s
[36;1m  [k= 75] ρ 1280.0 → 640.0 (s/r=1437.3, ‖r‖ converged)
[0mk= 75  obj=$2432.91  ‖r‖=5.16e-04  ‖s‖=7.42e-01  ρ=640.0  sp_max=6.197s  sp_med=2.898s
k= 76  obj=$2437.04  ‖r‖=5.04e-04  ‖s‖=7.37e-01  ρ=640.0  sp_max=5.005s  sp_med=3.247s
k= 77  obj=$2439.14  ‖r‖=4.99e-04  ‖s‖=7.11e-01  ρ=640.0  sp_max=6.278s  sp_med=3.506s
k= 78  obj=$2439.99  ‖r‖=4.97e-04  ‖s‖=6.57e-01  ρ=640.0  sp_max=5.283s  sp_med=3.466s
k= 79  obj=$2444.61  ‖r‖=4.94e-04  ‖s‖=5.87e-01  ρ=640.0  sp_max=5.714s  sp_med=3.218s
[36;1m  [k= 80] ρ 640.0 → 320.0 (s/r=1034.2, ‖r‖ converged)
[0mk= 80  obj=$2450.48  ‖r‖=4.87e-04  ‖s‖=5.04e-01  ρ=320.0  sp_max=5.645s  sp_med=3.291s
      [Progress] 1369.5s elapsed, 4 iters/min
k= 81  obj=$2469.32  ‖r‖=4.81e-04  ‖s‖=4.14e-01  ρ=320.0  sp_max=3.679s  sp_med=2.343s
k= 82  obj=$2480.72  ‖r‖=4.79e-04  ‖s‖=3.22e-01  ρ=320.0  sp_max=3.814s  sp_med=2.155s
k= 83  obj=$2489.79  ‖r‖=4.76e-04  ‖s‖=2.38e-01  ρ=320.0  sp_max=4.371s  sp_med=2.176s
k= 84  obj=$2494.24  ‖r‖=4.70e-04  ‖s‖=1.89e-01  ρ=320.0  sp_max=4.839s  sp_med=2.302s
[36;1m  [k= 85] ρ 320.0 → 160.0 (s/r=342.4, ‖r‖ converged)
[0mk= 85  obj=$2501.01  ‖r‖=4.67e-04  ‖s‖=1.60e-01  ρ=160.0  sp_max=7.320s  sp_med=3.651s
k= 86  obj=$2504.92  ‖r‖=4.74e-04  ‖s‖=1.23e-01  ρ=160.0  sp_max=6.531s  sp_med=2.949s
k= 87  obj=$2516.13  ‖r‖=4.72e-04  ‖s‖=9.50e-02  ρ=160.0  sp_max=5.714s  sp_med=2.528s
k= 88  obj=$2526.13  ‖r‖=4.68e-04  ‖s‖=7.33e-02  ρ=160.0  sp_max=6.400s  sp_med=2.727s
k= 89  obj=$2533.40  ‖r‖=4.60e-04  ‖s‖=5.79e-02  ρ=160.0  sp_max=4.953s  sp_med=2.690s
[36;1m  [k= 90] ρ 160.0 → 80.0 (s/r=109.3, ‖r‖ converged)
[0mk= 90  obj=$2539.43  ‖r‖=4.46e-04  ‖s‖=4.88e-02  ρ=80.0  sp_max=6.276s  sp_med=2.578s
      [Progress] 1550.0s elapsed, 3 iters/min
k= 91  obj=$2544.88  ‖r‖=4.41e-04  ‖s‖=4.16e-02  ρ=80.0  sp_max=6.218s  sp_med=2.501s
k= 92  obj=$2546.21  ‖r‖=4.47e-04  ‖s‖=3.43e-02  ρ=80.0  sp_max=5.993s  sp_med=2.683s
k= 93  obj=$2547.04  ‖r‖=4.48e-04  ‖s‖=2.91e-02  ρ=80.0  sp_max=6.057s  sp_med=2.694s
k= 94  obj=$2547.32  ‖r‖=4.43e-04  ‖s‖=2.58e-02  ρ=80.0  sp_max=6.162s  sp_med=2.595s
[36;1m  [k= 95] ρ 80.0 → 40.0 (s/r=53.8, ‖r‖ converged)
[0mk= 95  obj=$2548.48  ‖r‖=4.34e-04  ‖s‖=2.33e-02  ρ=40.0  sp_max=6.175s  sp_med=2.749s
k= 96  obj=$2544.15  ‖r‖=4.40e-04  ‖s‖=2.06e-02  ρ=40.0  sp_max=5.971s  sp_med=2.587s
k= 97  obj=$2538.12  ‖r‖=4.36e-04  ‖s‖=1.73e-02  ρ=40.0  sp_max=6.978s  sp_med=2.669s
k= 98  obj=$2536.18  ‖r‖=4.23e-04  ‖s‖=1.37e-02  ρ=40.0  sp_max=4.750s  sp_med=2.666s
k= 99  obj=$2532.59  ‖r‖=4.15e-04  ‖s‖=1.16e-02  ρ=40.0  sp_max=5.066s  sp_med=2.585s
[36;1m  [k=100] ρ 40.0 → 20.0 (s/r=25.7, ‖r‖ converged)
[0mk=100  obj=$2530.76  ‖r‖=4.09e-04  ‖s‖=1.05e-02  ρ=20.0  sp_max=3.947s  sp_med=2.558s
      [Progress] 1727.7s elapsed, 3 iters/min
[33;1m⚠ tADMM did NOT converge after 100 iterations (‖r‖=4.09e-04, ‖s‖=1.05e-02)
[0m
================================================================================
[36;1m📊 SOLVER PERFORMANCE ANALYSIS (optimize!() times only)[0m
================================================================================
Iterations:       100
Effective time:   522.41 seconds
Wall-clock time:  1728.14 seconds
Overhead:         69.8%
================================================================================

--- tADMM RESULT ---
[32;1mObjective: $2530.76
Wall-clock: 1728.14 seconds
Effective:  522.41 seconds (100 iterations)
[0m
================================================================================
[36;1mVALIDATING tADMM SOLUTION[0m
================================================================================

================================================================================
SOLUTION VALIDATION: tADMM SOCP
================================================================================
✓ All constraints satisfied!
================================================================================
[32;1m✓ Convergence CSV: C:\repos_addendum\MultiPeriodDistOPF\envs\tadmm\processedData\ieee123C_1ph_T96\convergence_data.csv[0m
[32;1m✓ Subproblem timing CSV: C:\repos_addendum\MultiPeriodDistOPF\envs\tadmm\processedData\ieee123C_1ph_T96\subproblem_timing_details.csv[0m
[36;1mLoaded BF results from C:\repos_addendum\MultiPeriodDistOPF\envs\tadmm\processedData\ieee123C_1ph_T96\results_socp_bf.txt[0m
[32;1m✓ Near-optimal summary: C:\repos_addendum\MultiPeriodDistOPF\envs\tadmm\processedData\ieee123C_1ph_T96\near_optimal_summary.csv[0m
[32;1m✓ Solution saved: C:\repos_addendum\MultiPeriodDistOPF\envs\tadmm\processedData\ieee123C_1ph_T96\sol_socp_tadmm.jls[0m
[32;1m✓ tADMM results written to C:\repos_addendum\MultiPeriodDistOPF\envs\tadmm\processedData\ieee123C_1ph_T96\results_socp_tadmm.txt[0m
[32;1m✓ Live log trimmed to last 100 lines: C:\repos_addendum\MultiPeriodDistOPF\envs\tadmm\processedData\ieee123C_1ph_T96\tadmm_run.log[0m

================================================================================
[35;1mtADMM PIPELINE COMPLETE[0m
================================================================================
