
================================================================================
PARALLELIZATION STATUS
================================================================================
Julia threads:       16
Status:              Using 16 threads
================================================================================
RHO_OVERRIDE: using rho = 1000.0
EPS_PRI_OVERRIDE: using eps_pri = 0.0001
EPS_DUAL_OVERRIDE: using eps_dual = 0.0005
ADAPTIVE_RHO_OVERRIDE: adaptive_rho = true

================================================================================
PARSING SYSTEM DATA
================================================================================
Loaded system: ieee2552C_1ph from C:\repos_addendum\MultiPeriodDistOPF\envs\tadmm\..\..\rawData\ieee2552C_1ph\Master.dss

========================================
Initial Powerflow
========================================
Powerflow completed successfully!

[OpenDSS] Total system load: 2129.58 kW
[OpenDSS] Substation power: 2187.53 kW
[OpenDSS] Total PV dispatch: 0.00 kW
[OpenDSS] Total battery dispatch: 0.00 kW
[OpenDSS] Total system losses: 57.95 kW


================================================================================
[35;1mSOLVING MPOPF WITH SOCP (tADMM)[0m
================================================================================
[36;1mUsing fixed rho = 1000.0[0m
  [tADMM hyperparams] mu_balance=5.00 tau_incr=2.00 tau_decr=4.00 update_interval=5 eps_pri=1.0e-04 eps_dual=5.0e-04 rho_init=1000.0 adaptive=true

================================================================================
[36;1m🎯 tADMM[SOCP]: T=6, ρ_init=1000.0, adaptive=true, warm_start=true, |Bset|=250, |Nset|=2522, |Lset|=2521
[0m================================================================================

******************************************************************************
This program contains Ipopt, a library for large-scale nonlinear optimization.
 Ipopt is released as open source code under the Eclipse Public License (EPL).
         For more information visit https://github.com/coin-or/Ipopt
******************************************************************************


******************************************************************************
This program contains Ipopt, a library for large-scale nonlinear optimization.
 Ipopt is released as open source code under the Eclipse Public License (EPL).
         For more information visit https://github.com/coin-or/Ipopt
******************************************************************************


******************************************************************************
This program contains Ipopt, a library for large-scale nonlinear optimization.
 Ipopt is released as open source code under the Eclipse Public License (EPL).
         For more information visit https://github.com/coin-or/Ipopt
******************************************************************************

k=  1  obj=$6296.93  ‖r‖=6.26e-03  ‖s‖=1.48e+00  ρ=1000.0  sp_max=10.389s  sp_med=9.996s
k=  2  obj=$6447.57  ‖r‖=6.28e-03  ‖s‖=1.38e+00  ρ=1000.0  sp_max=6.189s  sp_med=5.326s
k=  3  obj=$6476.77  ‖r‖=6.38e-03  ‖s‖=2.73e-01  ρ=1000.0  sp_max=4.219s  sp_med=2.734s
k=  4  obj=$6476.77  ‖r‖=6.41e-03  ‖s‖=6.96e-02  ρ=1000.0  sp_max=2.244s  sp_med=2.192s
[33;1m  [PHASE1-UP] ρ: 1000.0 → 2000.0 (‖r‖=6.39e-03 > ε=1.0e-04)
[0mk=  5  obj=$6476.77  ‖r‖=6.39e-03  ‖s‖=3.38e-02  ρ=2000.0  sp_max=2.499s  sp_med=2.320s
k=  6  obj=$6476.77  ‖r‖=6.37e-03  ‖s‖=7.09e-02  ρ=2000.0  sp_max=2.538s  sp_med=2.287s
k=  7  obj=$6476.77  ‖r‖=6.36e-03  ‖s‖=3.83e-02  ρ=2000.0  sp_max=2.697s  sp_med=2.029s
k=  8  obj=$6510.21  ‖r‖=6.21e-03  ‖s‖=6.70e-01  ρ=2000.0  sp_max=2.293s  sp_med=1.895s
k=  9  obj=$6663.34  ‖r‖=5.68e-03  ‖s‖=2.18e+00  ρ=2000.0  sp_max=2.129s  sp_med=1.966s
[33;1m  [PHASE1-UP] ρ: 2000.0 → 4000.0 (‖r‖=5.07e-03 > ε=1.0e-04)
[0mk= 10  obj=$6901.99  ‖r‖=5.07e-03  ‖s‖=3.18e+00  ρ=4000.0  sp_max=2.750s  sp_med=2.104s
      [Progress] 49.6s elapsed, 12 iters/min
k= 11  obj=$7171.93  ‖r‖=4.35e-03  ‖s‖=5.23e+00  ρ=4000.0  sp_max=2.688s  sp_med=2.116s
k= 12  obj=$7557.82  ‖r‖=3.40e-03  ‖s‖=7.01e+00  ρ=4000.0  sp_max=2.958s  sp_med=2.706s
k= 13  obj=$8016.35  ‖r‖=2.22e-03  ‖s‖=5.94e+00  ρ=4000.0  sp_max=2.829s  sp_med=2.337s
k= 14  obj=$8297.33  ‖r‖=1.39e-03  ‖s‖=3.97e+00  ρ=4000.0  sp_max=2.257s  sp_med=1.999s
[33;1m  [k= 15] 🐕 RNORM WATCHDOG: ρ 4000.0 → 10000.0 (‖r‖=7.34e-04 > 1.0e-04 for 15 iters)
[0m[33;1m  [PHASE1-UP] ρ: 10000.0 → 20000.0 (‖r‖=7.34e-04 > ε=1.0e-04)
[0mk= 15  obj=$8440.93  ‖r‖=7.34e-04  ‖s‖=3.10e+00  ρ=20000.0  sp_max=2.670s  sp_med=2.208s
k= 16  obj=$8507.07  ‖r‖=2.13e-05  ‖s‖=2.96e+00  ρ=20000.0  sp_max=2.626s  sp_med=2.217s
k= 17  obj=$8506.54  ‖r‖=2.96e-08  ‖s‖=2.96e+00  ρ=20000.0  sp_max=2.445s  sp_med=2.180s
k= 18  obj=$8504.57  ‖r‖=2.73e-08  ‖s‖=2.96e+00  ρ=20000.0  sp_max=2.708s  sp_med=2.426s
k= 19  obj=$8502.61  ‖r‖=1.92e-08  ‖s‖=2.96e+00  ρ=20000.0  sp_max=2.599s  sp_med=2.445s
[32;1m  [k= 20] Phase 1→2: primal converged
[0m[36;1m  [k= 20] ρ 20000.0 → 5000.0 (s/r=290018811.7, ‖r‖ converged)
[0mk= 20  obj=$8500.92  ‖r‖=9.20e-09  ‖s‖=2.67e+00  ρ=5000.0  sp_max=2.675s  sp_med=2.487s
      [Progress] 80.5s elapsed, 15 iters/min
k= 21  obj=$8497.24  ‖r‖=3.48e-08  ‖s‖=1.75e+00  ρ=5000.0  sp_max=2.622s  sp_med=2.528s
k= 22  obj=$8496.48  ‖r‖=7.34e-08  ‖s‖=6.60e-01  ρ=5000.0  sp_max=2.389s  sp_med=2.152s
k= 23  obj=$8496.48  ‖r‖=7.19e-08  ‖s‖=8.44e-05  ρ=5000.0  sp_max=2.304s  sp_med=2.048s
[32;1m🎉 tADMM converged at iteration 23 (‖r‖=7.19e-08 ≤ 1.00e-04, ‖s‖=8.44e-05 ≤ 5.00e-04)
  Final objective: $8496.48
[0m
================================================================================
[36;1m📊 SOLVER PERFORMANCE ANALYSIS (optimize!() times only)[0m
================================================================================
Iterations:       22
Effective time:   71.72 seconds
Wall-clock time:  89.67 seconds
Overhead:         20.0%
================================================================================

--- tADMM RESULT ---
[32;1mObjective: $8496.48
Wall-clock: 89.67 seconds
Effective:  71.72 seconds (23 iterations)
[0m
================================================================================
[36;1mVALIDATING tADMM SOLUTION[0m
================================================================================

================================================================================
SOLUTION VALIDATION: tADMM SOCP
================================================================================
✓ All constraints satisfied!
================================================================================
[32;1m✓ Convergence CSV: C:\repos_addendum\MultiPeriodDistOPF\envs\tadmm\processedData\ieee2552C_1ph_T6\convergence_data.csv[0m
[32;1m✓ Subproblem timing CSV: C:\repos_addendum\MultiPeriodDistOPF\envs\tadmm\processedData\ieee2552C_1ph_T6\subproblem_timing_details.csv[0m
[36;1mLoaded BF results from C:\repos_addendum\MultiPeriodDistOPF\envs\tadmm\processedData\ieee2552C_1ph_T6\results_socp_bf.txt[0m
[36;1mNear-optimal at k=16 (53.98s eff): obj=$8507.07, gap=0.125% vs BF, r=2.13e-05, s=2.96e+00[0m
[32;1m✓ Near-optimal summary: C:\repos_addendum\MultiPeriodDistOPF\envs\tadmm\processedData\ieee2552C_1ph_T6\near_optimal_summary.csv[0m
[32;1m✓ Solution saved: C:\repos_addendum\MultiPeriodDistOPF\envs\tadmm\processedData\ieee2552C_1ph_T6\sol_socp_tadmm.jls[0m
[32;1m✓ tADMM results written to C:\repos_addendum\MultiPeriodDistOPF\envs\tadmm\processedData\ieee2552C_1ph_T6\results_socp_tadmm.txt[0m
[32;1m✓ Live log trimmed to last 100 lines: C:\repos_addendum\MultiPeriodDistOPF\envs\tadmm\processedData\ieee2552C_1ph_T6\tadmm_run.log[0m

================================================================================
[35;1mtADMM PIPELINE COMPLETE[0m
================================================================================
