
================================================================================
PARALLELIZATION STATUS
================================================================================
Julia threads:       16
Status:              Using 16 threads
================================================================================
RHO_OVERRIDE: using rho = 14000.0
EPS_PRI_OVERRIDE: using eps_pri = 0.0001
EPS_DUAL_OVERRIDE: using eps_dual = 0.0005
ADAPTIVE_RHO_OVERRIDE: adaptive_rho = true

================================================================================
PARSING SYSTEM DATA
================================================================================
Loaded system: ieee2552C_1ph from C:\repos_addendum\MultiPeriodDistOPF\envs\tadmm\..\..\rawData\ieee2552C_1ph\Master.dss

========================================
Initial Powerflow
========================================
Powerflow completed successfully!

[OpenDSS] Total system load: 2129.58 kW
[OpenDSS] Substation power: 2187.53 kW
[OpenDSS] Total PV dispatch: 0.00 kW
[OpenDSS] Total battery dispatch: 0.00 kW
[OpenDSS] Total system losses: 57.95 kW


================================================================================
[35;1mSOLVING MPOPF WITH SOCP (tADMM)[0m
================================================================================
[36;1mUsing fixed rho = 14000.0[0m
  [tADMM hyperparams] mu_balance=5.00 tau_incr=2.00 tau_decr=4.00 update_interval=5 eps_pri=1.0e-04 eps_dual=5.0e-04 rho_init=14000.0 adaptive=true

================================================================================
[36;1m🎯 tADMM[SOCP]: T=24, ρ_init=14000.0, adaptive=true, warm_start=true, |Bset|=250, |Nset|=2522, |Lset|=2521
[0m================================================================================

******************************************************************************
This program contains Ipopt, a library for large-scale nonlinear optimization.
 Ipopt is released as open source code under the Eclipse Public License (EPL).
         For more information visit https://github.com/coin-or/Ipopt
******************************************************************************

k=  1  obj=$4253.41  ‖r‖=2.71e-03  ‖s‖=5.42e+00  ρ=14000.0  sp_max=26.730s  sp_med=21.149s
k=  2  obj=$4270.06  ‖r‖=2.67e-03  ‖s‖=6.33e+00  ρ=14000.0  sp_max=24.443s  sp_med=16.147s
k=  3  obj=$4860.23  ‖r‖=2.23e-03  ‖s‖=7.47e+00  ρ=14000.0  sp_max=23.527s  sp_med=13.760s
k=  4  obj=$5766.30  ‖r‖=1.77e-03  ‖s‖=5.84e+00  ρ=14000.0  sp_max=18.619s  sp_med=9.963s
[33;1m  [PHASE1-UP] ρ: 14000.0 → 28000.0 (‖r‖=1.22e-03 > ε=1.0e-04)
[0mk=  5  obj=$6818.70  ‖r‖=1.22e-03  ‖s‖=3.83e+00  ρ=28000.0  sp_max=15.249s  sp_med=7.650s
k=  6  obj=$8054.09  ‖r‖=4.35e-04  ‖s‖=3.95e+00  ρ=28000.0  sp_max=15.806s  sp_med=7.087s
k=  7  obj=$8442.84  ‖r‖=2.43e-06  ‖s‖=3.96e+00  ρ=28000.0  sp_max=12.426s  sp_med=5.976s
k=  8  obj=$8433.62  ‖r‖=1.91e-07  ‖s‖=3.96e+00  ρ=28000.0  sp_max=9.163s  sp_med=6.523s
k=  9  obj=$8424.28  ‖r‖=1.13e-08  ‖s‖=3.96e+00  ρ=28000.0  sp_max=10.623s  sp_med=7.979s
[32;1m  [k= 10] Phase 1→2: primal converged
[0m[36;1m  [k= 10] ρ 28000.0 → 7000.0 (s/r=146982446.3, ‖r‖ converged)
[0mk= 10  obj=$8414.80  ‖r‖=2.69e-08  ‖s‖=3.96e+00  ρ=7000.0  sp_max=11.816s  sp_med=7.219s
      [Progress] 228.6s elapsed, 3 iters/min
k= 11  obj=$8378.34  ‖r‖=2.91e-05  ‖s‖=3.88e+00  ρ=7000.0  sp_max=14.769s  sp_med=8.519s
k= 12  obj=$8343.44  ‖r‖=4.44e-05  ‖s‖=3.81e+00  ρ=7000.0  sp_max=13.508s  sp_med=9.372s
k= 13  obj=$8308.67  ‖r‖=2.28e-05  ‖s‖=3.81e+00  ρ=7000.0  sp_max=14.701s  sp_med=8.558s
k= 14  obj=$8273.93  ‖r‖=5.03e-05  ‖s‖=3.64e+00  ρ=7000.0  sp_max=9.976s  sp_med=7.753s
k= 15  obj=$8223.76  ‖r‖=1.04e-04  ‖s‖=3.40e+00  ρ=7000.0  sp_max=12.344s  sp_med=6.696s
k= 16  obj=$8190.37  ‖r‖=1.08e-04  ‖s‖=3.24e+00  ρ=7000.0  sp_max=11.644s  sp_med=7.189s
k= 17  obj=$8178.54  ‖r‖=6.69e-05  ‖s‖=3.03e+00  ρ=7000.0  sp_max=11.061s  sp_med=7.658s
k= 18  obj=$8173.87  ‖r‖=2.63e-05  ‖s‖=2.76e+00  ρ=7000.0  sp_max=12.620s  sp_med=7.328s
k= 19  obj=$8168.14  ‖r‖=2.71e-05  ‖s‖=2.35e+00  ρ=7000.0  sp_max=10.721s  sp_med=7.446s
[36;1m  [k= 20] ρ 7000.0 → 1750.0 (s/r=72607.1, ‖r‖ converged)
[0mk= 20  obj=$8158.70  ‖r‖=2.78e-05  ‖s‖=2.02e+00  ρ=1750.0  sp_max=12.892s  sp_med=6.994s
      [Progress] 395.4s elapsed, 3 iters/min
k= 21  obj=$8136.74  ‖r‖=3.28e-05  ‖s‖=1.31e+00  ρ=1750.0  sp_max=15.152s  sp_med=7.743s
k= 22  obj=$8124.54  ‖r‖=2.61e-05  ‖s‖=8.66e-01  ρ=1750.0  sp_max=14.644s  sp_med=7.396s
k= 23  obj=$8122.69  ‖r‖=1.95e-05  ‖s‖=6.02e-01  ρ=1750.0  sp_max=16.002s  sp_med=8.624s
k= 24  obj=$8129.78  ‖r‖=2.19e-05  ‖s‖=4.24e-01  ρ=1750.0  sp_max=14.255s  sp_med=7.913s
[36;1m  [k= 25] ρ 1750.0 → 437.5 (s/r=8697.3, ‖r‖ converged)
[0mk= 25  obj=$8136.95  ‖r‖=2.53e-05  ‖s‖=2.20e-01  ρ=437.5  sp_max=15.287s  sp_med=8.579s
k= 26  obj=$8151.10  ‖r‖=4.93e-05  ‖s‖=4.21e-02  ρ=437.5  sp_max=14.773s  sp_med=8.267s
k= 27  obj=$8136.77  ‖r‖=3.80e-05  ‖s‖=2.23e-02  ρ=437.5  sp_max=13.850s  sp_med=7.407s
k= 28  obj=$8123.18  ‖r‖=3.05e-05  ‖s‖=2.21e-02  ρ=437.5  sp_max=13.935s  sp_med=7.448s
k= 29  obj=$8116.74  ‖r‖=2.17e-05  ‖s‖=2.24e-02  ρ=437.5  sp_max=17.678s  sp_med=7.794s
[36;1m  [k= 30] ρ 437.5 → 109.4 (s/r=2249.4, ‖r‖ converged)
[0mk= 30  obj=$8113.71  ‖r‖=9.57e-06  ‖s‖=2.15e-02  ρ=109.4  sp_max=21.711s  sp_med=10.336s
      [Progress] 592.0s elapsed, 3 iters/min
k= 31  obj=$8102.02  ‖r‖=5.44e-05  ‖s‖=1.20e-02  ρ=109.4  sp_max=23.081s  sp_med=12.404s
k= 32  obj=$8099.24  ‖r‖=5.58e-05  ‖s‖=2.13e-03  ρ=109.4  sp_max=20.164s  sp_med=9.790s
k= 33  obj=$8105.08  ‖r‖=3.49e-05  ‖s‖=4.73e-03  ρ=109.4  sp_max=18.860s  sp_med=10.400s
k= 34  obj=$8112.83  ‖r‖=9.31e-06  ‖s‖=6.39e-03  ρ=109.4  sp_max=18.344s  sp_med=10.257s
[36;1m  [k= 35] ρ 109.4 → 27.3 (s/r=469.7, ‖r‖ converged)
[0mk= 35  obj=$8118.26  ‖r‖=9.82e-06  ‖s‖=4.61e-03  ρ=27.3  sp_max=20.365s  sp_med=9.905s
k= 36  obj=$8130.48  ‖r‖=4.81e-05  ‖s‖=2.37e-03  ρ=27.3  sp_max=21.810s  sp_med=10.497s
k= 37  obj=$8128.72  ‖r‖=4.90e-05  ‖s‖=1.35e-04  ρ=27.3  sp_max=20.852s  sp_med=11.400s
[32;1m🎉 tADMM converged at iteration 37 (‖r‖=4.90e-05 ≤ 1.00e-04, ‖s‖=1.35e-04 ≤ 5.00e-04)
  Final objective: $8128.72
[0m
================================================================================
[36;1m📊 SOLVER PERFORMANCE ANALYSIS (optimize!() times only)[0m
================================================================================
Iterations:       36
Effective time:   593.40 seconds
Wall-clock time:  770.56 seconds
Overhead:         23.0%
================================================================================

--- tADMM RESULT ---
[32;1mObjective: $8128.72
Wall-clock: 770.56 seconds
Effective:  593.40 seconds (37 iterations)
[0m
================================================================================
[36;1mVALIDATING tADMM SOLUTION[0m
================================================================================

================================================================================
SOLUTION VALIDATION: tADMM SOCP
================================================================================
✓ All constraints satisfied!
================================================================================
[32;1m✓ Convergence CSV: C:\repos_addendum\MultiPeriodDistOPF\envs\tadmm\processedData\ieee2552C_1ph_T24\convergence_data.csv[0m
[32;1m✓ Subproblem timing CSV: C:\repos_addendum\MultiPeriodDistOPF\envs\tadmm\processedData\ieee2552C_1ph_T24\subproblem_timing_details.csv[0m
[36;1mLoaded BF results from C:\repos_addendum\MultiPeriodDistOPF\envs\tadmm\processedData\ieee2552C_1ph_T24\results_socp_bf.txt[0m
[36;1mNear-optimal at k=21 (307.79s eff): obj=$8136.74, gap=0.266% vs BF, r=3.28e-05, s=1.31e+00[0m
[32;1m✓ Near-optimal summary: C:\repos_addendum\MultiPeriodDistOPF\envs\tadmm\processedData\ieee2552C_1ph_T24\near_optimal_summary.csv[0m
[32;1m✓ Solution saved: C:\repos_addendum\MultiPeriodDistOPF\envs\tadmm\processedData\ieee2552C_1ph_T24\sol_socp_tadmm.jls[0m
[32;1m✓ tADMM results written to C:\repos_addendum\MultiPeriodDistOPF\envs\tadmm\processedData\ieee2552C_1ph_T24\results_socp_tadmm.txt[0m
[32;1m✓ Live log trimmed to last 100 lines: C:\repos_addendum\MultiPeriodDistOPF\envs\tadmm\processedData\ieee2552C_1ph_T24\tadmm_run.log[0m

================================================================================
[35;1mtADMM PIPELINE COMPLETE[0m
================================================================================
