
******************************************************************************
This program contains Ipopt, a library for large-scale nonlinear optimization.
 Ipopt is released as open source code under the Eclipse Public License (EPL).
         For more information visit https://github.com/coin-or/Ipopt
******************************************************************************

This is Ipopt version 3.14.19, running with linear solver MUMPS 5.8.2.

Number of nonzeros in equality constraint Jacobian...:  1148870
Number of nonzeros in inequality constraint Jacobian.:   641088
Number of nonzeros in Lagrangian Hessian.............:   375024

Total number of variables............................:   520176
                     variables with only lower bounds:   121056
                variables with lower and upper bounds:        0
                     variables with only upper bounds:        0
Total number of equality constraints.................:   375168
Total number of inequality constraints...............:   278064
        inequality constraints with only lower bounds:        0
   inequality constraints with lower and upper bounds:   157056
        inequality constraints with only upper bounds:   121008

iter    objective    inf_pr   inf_du lg(mu)  ||d||  lg(rg) alpha_du alpha_pr  ls
   0  3.3599966e+01 1.10e+00 7.51e+00  -1.0 0.00e+00    -  0.00e+00 0.00e+00   0
   1  1.7042134e+02 1.09e+00 9.66e+00  -1.0 9.38e+00    -  1.07e-03 1.20e-02f  1
   2  2.7148605e+02 1.07e+00 9.53e+00  -1.0 3.14e+00    -  1.72e-02 1.31e-02f  1
   3  3.2960304e+02 1.07e+00 1.32e+01  -1.0 2.89e+00    -  2.09e-02 8.19e-03f  1
   4  3.9645590e+02 1.06e+00 1.07e+01  -1.0 3.97e+00    -  9.03e-03 9.91e-03f  1
   5  4.2648363e+02 1.05e+00 1.00e+01  -1.0 9.96e+00    -  4.46e-03 4.53e-03f  1
   6  4.4895828e+02 1.05e+00 1.16e+01  -1.0 1.65e+01    -  2.11e-03 2.79e-03f  1
   7  4.6655044e+02 1.05e+00 1.32e+01  -1.0 2.11e+01    -  2.53e-03 2.06e-03f  1
   8  5.1875702e+02 1.04e+00 6.54e+01  -1.0 1.86e+01    -  4.06e-03 6.18e-03f  1
   9  5.8328999e+02 1.03e+00 7.62e+01  -1.0 1.61e+01    -  7.34e-03 8.07e-03f  1
iter    objective    inf_pr   inf_du lg(mu)  ||d||  lg(rg) alpha_du alpha_pr  ls
  10  6.5446713e+02 1.02e+00 1.29e+02  -1.0 1.56e+01    -  5.88e-03 9.01e-03f  1
  11  7.4574746e+02 1.01e+00 1.59e+02  -1.0 1.58e+01    -  1.01e-02 1.15e-02f  1
  12  9.7778507e+02 9.80e-01 2.36e+02  -1.0 1.48e+01    -  1.89e-02 2.94e-02f  1
  13  1.1737147e+03 9.55e-01 2.44e+02  -1.0 1.19e+01    -  4.10e-02 2.57e-02f  1
  14  1.4171519e+03 9.24e-01 2.58e+02  -1.0 1.10e+01    -  5.68e-02 3.28e-02f  1
  15  1.5826435e+03 9.02e-01 2.52e+02  -1.0 9.89e+00    -  2.40e-02 2.31e-02f  1
  16  1.7446683e+03 8.81e-01 2.34e+02  -1.0 2.19e+01    -  8.40e-03 2.32e-02f  1
  17  1.8661717e+03 8.66e-01 2.14e+02  -1.0 1.60e+02    -  3.52e-03 1.78e-02f  1
  18  1.9405899e+03 8.56e-01 1.41e+02  -1.0 6.87e+00   0.0 2.92e-02 1.12e-02f  1
  19  2.0221802e+03 8.45e-01 1.35e+02  -1.0 1.95e+01  -0.5 1.68e-02 1.24e-02f  1
iter    objective    inf_pr   inf_du lg(mu)  ||d||  lg(rg) alpha_du alpha_pr  ls
  20  2.1000088e+03 8.35e-01 1.34e+02  -1.0 5.67e+01  -1.0 1.36e-02 1.19e-02f  1
  21  2.1670854e+03 8.26e-01 2.23e+02  -1.0 2.36e+01  -0.5 2.15e-02 1.04e-02f  1
  22  2.2187606e+03 8.20e-01 2.17e+02  -1.0 1.17e+02  -1.0 7.20e-03 8.16e-03f  1
  23  2.3432568e+03 8.04e-01 2.83e+02  -1.0 2.51e+01  -0.6 2.85e-02 1.97e-02f  1
  24  2.3872757e+03 7.98e-01 2.81e+02  -1.0 1.24e+02  -1.1 6.83e-03 7.19e-03f  1
  25  2.5287428e+03 7.79e-01 3.24e+02  -1.0 2.53e+01  -0.6 2.95e-02 2.30e-02f  1
  26  2.6046199e+03 7.70e-01 3.21e+02  -1.0 7.87e+01  -1.1 1.35e-02 1.28e-02f  1
  27  2.7316066e+03 7.53e-01 2.73e+02  -1.0 2.61e+01  -0.7 1.67e-02 2.14e-02f  1
  28  2.8326235e+03 7.40e-01 2.94e+02  -1.0 6.12e+01  -1.2 2.61e-02 1.75e-02f  1
  29  2.9294556e+03 7.27e-01 3.10e+02  -1.0 2.76e+01  -0.7 1.90e-02 1.70e-02f  1
iter    objective    inf_pr   inf_du lg(mu)  ||d||  lg(rg) alpha_du alpha_pr  ls
  30  3.1261138e+03 7.02e-01 2.98e+02  -1.0 4.53e+01  -1.2 3.48e-02 3.52e-02f  1
  31  3.1356047e+03 7.00e-01 3.00e+02  -1.0 1.46e+03  -1.7 1.18e-03 1.75e-03f  1
  32  3.3327236e+03 6.75e-01 3.21e+02  -1.0 4.29e+01  -1.3 4.45e-02 3.65e-02f  1
  33  3.3869010e+03 6.68e-01 3.16e+02  -1.0 1.92e+02  -1.7 1.11e-02 1.04e-02f  1
  34  3.6415523e+03 6.35e-01 3.11e+02  -1.0 4.13e+01  -1.3 5.27e-02 4.96e-02f  1
  35  3.8151938e+03 6.12e-01 3.29e+02  -1.0 9.73e+01  -1.8 1.75e-02 3.56e-02f  1
  36  4.0002671e+03 5.88e-01 3.60e+02  -1.0 3.63e+01  -1.4 5.82e-02 3.95e-02f  1
  37  4.1819944e+03 5.64e-01 3.26e+02  -1.0 7.95e+01  -1.8 5.23e-02 4.04e-02f  1
  38  4.2658252e+03 5.53e-01 3.37e+02  -1.0 5.08e+02  -2.3 1.35e-02 1.91e-02f  1
  39  4.4353187e+03 5.31e-01 3.07e+02  -1.0 6.66e+01  -1.9 5.00e-02 4.00e-02f  1
iter    objective    inf_pr   inf_du lg(mu)  ||d||  lg(rg) alpha_du alpha_pr  ls
  40  4.5236763e+03 5.20e-01 2.95e+02  -1.0 4.31e+02  -2.4 2.36e-02 2.14e-02f  1
  41  4.7222693e+03 4.94e-01 2.92e+02  -1.0 7.07e+01  -1.9 4.26e-02 4.99e-02f  1
  42  4.8345062e+03 4.79e-01 3.07e+02  -1.0 3.09e+02  -2.4 2.01e-02 2.93e-02f  1
  43  4.8433132e+03 4.78e-01 3.08e+02  -1.0 6.85e+03  -2.9 1.63e-03 2.19e-03f  1
  44  4.9505530e+03 4.65e-01 3.43e+02  -1.0 2.51e+02  -2.5 1.10e-02 2.90e-02f  1
  45  4.9605912e+03 4.63e-01 3.35e+02  -1.0 2.56e+03  -2.9 5.24e-03 2.68e-03f  1
  46  5.0669269e+03 4.50e-01 3.62e+02  -1.0 3.34e+02  -2.5 1.45e-02 2.98e-02f  1
  47  5.0955011e+03 4.46e-01 3.65e+02  -1.0 1.36e+03  -3.0 5.96e-03 8.05e-03f  1
  48  5.1707907e+03 4.36e-01 3.65e+02  -1.0 3.40e+02  -2.6 1.86e-02 2.21e-02f  1
  49  5.2028124e+03 4.32e-01 3.72e+02  -1.0 1.35e+03  -3.1 5.22e-03 9.44e-03f  1
iter    objective    inf_pr   inf_du lg(mu)  ||d||  lg(rg) alpha_du alpha_pr  ls
  50  5.2747165e+03 4.23e-01 3.51e+02  -1.0 3.37e+02  -2.6 2.76e-02 2.18e-02f  1
  51  5.3152559e+03 4.17e-01 3.63e+02  -1.0 1.38e+03  -3.1 5.01e-03 1.23e-02f  1
  52  5.3825284e+03 4.09e-01 3.62e+02  -1.0 3.11e+02  -2.7 1.80e-02 2.10e-02f  1
  53  5.4163091e+03 4.04e-01 3.65e+02  -1.0 1.26e+03  -3.2 7.45e-03 1.05e-02f  1
  54  5.4455429e+03 4.00e-01 3.23e+02  -1.0 3.50e+02  -2.7 2.82e-02 9.41e-03f  1
  55  5.4771085e+03 3.96e-01 3.34e+02  -1.0 1.40e+03  -3.2 3.44e-03 1.01e-02f  1
  56  5.5186343e+03 3.91e-01 3.24e+02  -1.0 3.81e+02  -2.8 1.61e-02 1.37e-02f  1
  57  5.5422549e+03 3.88e-01 3.27e+02  -1.0 1.59e+03  -3.3 5.08e-03 7.85e-03f  1
  58  5.5826011e+03 3.83e-01 3.14e+02  -1.0 4.13e+02  -2.8 1.82e-02 1.37e-02f  1
  59  5.6158460e+03 3.78e-01 3.23e+02  -1.0 1.74e+03  -3.3 5.51e-03 1.16e-02f  1
iter    objective    inf_pr   inf_du lg(mu)  ||d||  lg(rg) alpha_du alpha_pr  ls
  60  5.6393747e+03 3.75e-01 3.02e+02  -1.0 4.50e+02  -2.9 1.73e-02 8.25e-03f  1
  61  5.6692371e+03 3.71e-01 3.12e+02  -1.0 2.21e+03  -3.4 4.52e-03 1.08e-02f  1
  62  5.6912019e+03 3.68e-01 2.71e+02  -1.0 4.86e+02  -2.9 2.78e-02 7.85e-03f  1
  63  5.7202122e+03 3.64e-01 2.81e+02  -1.0 3.61e+03  -3.4 3.55e-03 1.06e-02f  1
  64  5.7491904e+03 3.60e-01 2.62e+02  -1.0 5.27e+02  -3.0 1.96e-02 1.05e-02f  1
  65  5.7681802e+03 3.58e-01 2.68e+02  -1.0 6.73e+03  -3.5 2.18e-03 6.84e-03f  1
  66  5.7786331e+03 3.57e-01 2.42e+02  -1.0 6.15e+02  -3.0 1.86e-02 3.80e-03f  1
  67  5.8552417e+03 3.47e-01 2.43e+02  -1.0 1.87e+02  -2.6 2.30e-02 2.79e-02f  1
  68  5.9360824e+03 3.36e-01 2.67e+02  -1.0 6.39e+02  -3.1 1.28e-02 3.03e-02f  1
  69  6.1826873e+03 3.04e-01 3.10e+02  -1.0 1.85e+02  -2.7 5.31e-02 9.52e-02f  1
iter    objective    inf_pr   inf_du lg(mu)  ||d||  lg(rg) alpha_du alpha_pr  ls
  70  6.2019692e+03 3.02e-01 2.70e+02  -1.0 4.91e+02  -3.1 2.94e-02 8.31e-03f  1
  71  6.4452738e+03 2.70e-01 3.28e+02  -1.0 1.62e+02  -2.7 5.00e-02 1.05e-01f  1
  72  6.4555636e+03 2.68e-01 2.73e+02  -1.0 4.34e+02  -3.2 3.68e-02 5.01e-03f  1
  73  6.4746889e+03 2.66e-01 1.27e+03  -1.0 1.41e+02  -2.8 5.01e-02 9.20e-03f  1
  74  6.5059082e+03 2.62e-01 1.10e+03  -1.0 5.00e+02  -3.2 3.05e-03 1.51e-02f  1
  75  6.5198195e+03 2.60e-01 1.40e+03  -1.0 1.80e+02  -2.8 2.29e-02 6.78e-03f  1
  76  6.5505557e+03 2.56e-01 1.37e+03  -1.0 5.77e+02  -3.3 1.39e-02 1.52e-02f  1
  77  6.5680720e+03 2.54e-01 1.37e+03  -1.0 2.17e+02  -2.9 9.84e-03 8.89e-03f  1
  78  6.5914201e+03 2.51e-01 1.39e+03  -1.0 6.59e+02  -3.3 1.52e-02 1.20e-02f  1
  79  6.6099466e+03 2.48e-01 1.36e+03  -1.0 2.56e+02  -2.9 8.74e-03 9.90e-03f  1
iter    objective    inf_pr   inf_du lg(mu)  ||d||  lg(rg) alpha_du alpha_pr  ls
  80  6.6357445e+03 2.45e-01 1.31e+03  -1.0 7.55e+02  -3.4 1.15e-02 1.39e-02f  1
  81  6.6542507e+03 2.42e-01 1.28e+03  -1.0 2.87e+02  -3.0 9.79e-03 1.05e-02f  1
  82  6.6855551e+03 2.38e-01 1.25e+03  -1.0 9.27e+02  -3.4 1.70e-02 1.76e-02f  1
  83  6.7006273e+03 2.36e-01 1.29e+03  -1.0 3.08e+02  -3.0 1.06e-02 8.87e-03f  1
  84  6.7365006e+03 2.31e-01 1.17e+03  -1.0 1.02e+03  -3.5 1.60e-02 2.05e-02f  1
  85  6.7437056e+03 2.30e-01 1.38e+03  -1.0 3.43e+02  -3.1 1.09e-02 4.28e-03f  1
  86  6.7842989e+03 2.25e-01 1.18e+03  -1.0 1.09e+03  -3.5 1.45e-02 2.34e-02f  1
  87  6.8061467e+03 2.22e-01 1.28e+03  -1.0 3.88e+02  -3.1 1.69e-02 1.32e-02f  1
  88  6.8513585e+03 2.16e-01 1.10e+03  -1.0 1.30e+03  -3.6 1.42e-02 2.67e-02f  1
  89  6.8567739e+03 2.15e-01 1.35e+03  -1.0 4.23e+02  -3.2 2.07e-02 3.40e-03f  1
iter    objective    inf_pr   inf_du lg(mu)  ||d||  lg(rg) alpha_du alpha_pr  ls
  90  6.9222485e+03 2.07e-01 1.00e+03  -1.0 1.38e+03  -3.6 1.28e-02 3.98e-02f  1
  91  6.9454996e+03 2.03e-01 9.06e+02  -1.0 4.81e+02  -3.2 1.21e-02 1.52e-02f  1
  92  6.9969127e+03 1.97e-01 7.33e+02  -1.0 1.54e+03  -3.7 2.16e-02 3.29e-02f  1
  93  7.0152248e+03 1.94e-01 7.11e+02  -1.0 5.33e+02  -3.3 1.21e-02 1.26e-02f  1
  94  7.0674076e+03 1.88e-01 6.20e+02  -1.0 1.68e+03  -3.7 1.37e-02 3.47e-02f  1
  95  7.0837866e+03 1.85e-01 5.73e+02  -1.0 5.99e+02  -3.3 1.49e-02 1.17e-02f  1
  96  7.1440571e+03 1.78e-01 7.44e+02  -1.0 2.19e+03  -3.8 1.78e-02 4.17e-02f  1
  97  7.1612887e+03 1.75e-01 6.40e+02  -1.0 7.20e+02  -3.4 1.82e-02 1.28e-02f  1
  98  7.2281952e+03 1.67e-01 9.18e+02  -1.0 2.38e+03  -3.9 1.31e-02 4.79e-02f  1
  99  7.2464944e+03 1.65e-01 7.04e+02  -1.0 7.87e+02  -3.4 2.36e-02 1.43e-02f  1
iter    objective    inf_pr   inf_du lg(mu)  ||d||  lg(rg) alpha_du alpha_pr  ls
 100  7.3217584e+03 1.55e-01 9.87e+02  -1.0 2.19e+03  -3.9 1.30e-02 5.65e-02f  1
 101  7.3459594e+03 1.52e-01 8.33e+02  -1.0 9.35e+02  -3.5 3.12e-02 2.05e-02f  1
 102  7.4344004e+03 1.41e-01 7.54e+02  -1.0 1.67e+03  -4.0 1.67e-02 7.49e-02f  1
 103  7.4674962e+03 1.36e-01 6.71e+02  -1.0 5.96e+02  -3.5 4.30e-02 3.17e-02f  1
 104  7.6240578e+03 1.16e-01 1.07e+03  -1.0 1.16e+03  -4.0 5.87e-02 1.51e-01f  1
 105  7.6622849e+03 1.11e-01 1.02e+03  -1.0 4.67e+02  -3.6 5.71e-02 4.47e-02f  1
 106  7.7210372e+03 1.03e-01 5.31e+02  -1.0 6.91e+02  -4.1 1.71e-01 6.99e-02f  1
 107  7.7696670e+03 2.42e-01 4.96e+02  -1.0 4.55e+02  -3.6 5.20e-02 6.23e-02f  1
 108  7.8111407e+03 1.79e-01 9.05e+02  -1.0 6.69e+02  -4.1 1.63e-01 5.57e-02f  1
 109  7.8312721e+03 1.78e-01 8.72e+02  -1.0 4.66e+02  -3.7 4.34e-02 2.92e-02f  1
iter    objective    inf_pr   inf_du lg(mu)  ||d||  lg(rg) alpha_du alpha_pr  ls
 110  7.8533191e+03 1.67e-01 8.61e+02  -1.0 6.81e+02  -4.2 4.39e-02 3.34e-02f  1
 111  7.8672807e+03 1.64e-01 8.37e+02  -1.0 4.80e+02  -3.7 2.36e-02 2.20e-02f  1
 112  7.8784664e+03 1.59e-01 8.13e+02  -1.0 4.96e+02  -4.2 1.92e-02 1.75e-02f  1
 113  7.9092591e+03 1.51e-01 1.09e+03  -1.0 5.07e+02  -3.8 1.98e-02 4.93e-02f  1
 114  7.9458901e+03 1.33e-01 1.20e+03  -1.0 4.31e+02  -4.3 3.08e-02 6.03e-02f  1
 115  7.9821390e+03 1.20e-01 1.21e+03  -1.0 3.59e+02  -3.8 3.74e-02 6.46e-02f  1
 116  8.0185052e+03 1.02e-01 1.13e+03  -1.0 3.61e+02  -4.3 7.55e-02 6.91e-02f  1
 117  8.0306395e+03 9.82e-02 9.55e+02  -1.0 2.97e+02  -3.9 5.05e-02 2.46e-02f  1
 118  8.0397185e+03 9.42e-02 9.36e+02  -1.0 6.89e+02  -4.4 1.92e-02 1.90e-02f  1
 119  8.0466126e+03 9.21e-02 8.43e+02  -1.0 6.58e+02  -3.9 2.68e-02 1.51e-02f  1
iter    objective    inf_pr   inf_du lg(mu)  ||d||  lg(rg) alpha_du alpha_pr  ls
 120  8.0538800e+03 8.92e-02 7.11e+02  -1.0 1.10e+03  -4.4 3.36e-02 1.60e-02f  1
 121  8.0593613e+03 8.90e-02 6.67e+02  -1.0 6.02e+02  -4.0 2.41e-02 1.23e-02f  1
 122  8.0668676e+03 8.78e-02 1.29e+03  -1.0 1.56e+03  -4.5 3.44e-02 1.68e-02f  1
 123  8.0797447e+03 8.76e-02 7.01e+02  -1.0 1.03e+03  -4.0 5.45e-03 3.12e-02f  1
 124  8.0836005e+03 8.69e-02 6.09e+02  -1.0 1.87e+03  -4.5 1.31e-02 1.01e-02f  1
 125  8.1167748e+03 7.92e-02 1.68e+03  -1.0 2.37e+03  -4.1 1.62e-02 8.71e-02f  1
 126  8.1681560e+03 5.89e-02 1.30e+03  -1.0 1.68e+03  -4.6 5.21e-02 1.38e-01f  1
 127  8.1850952e+03 5.32e-02 1.34e+03  -1.0 7.76e+02  -4.1 8.65e-02 5.12e-02f  1
 128  8.2398996e+03 3.53e-02 8.15e+02  -1.0 6.86e+02  -4.6 9.00e-02 1.72e-01f  1
 129  8.2623760e+03 3.13e-02 1.05e+03  -1.0 6.34e+02  -5.1 1.54e-01 8.22e-02f  1
iter    objective    inf_pr   inf_du lg(mu)  ||d||  lg(rg) alpha_du alpha_pr  ls
 130  8.2940013e+03 2.74e-02 1.01e+03  -1.0 5.23e+02  -4.7 1.38e-01 1.24e-01f  1
 131  8.3337703e+03 2.25e-02 7.18e+02  -1.0 5.11e+02  -5.1 1.60e-01 1.77e-01f  1
 132  8.3924389e+03 1.55e-02 4.07e+02  -1.0 3.69e+02  -4.7 2.51e-01 3.13e-01f  1
 133  8.4967299e+03 3.72e-03 2.58e+03  -1.0 2.49e+02  -5.2 2.62e-01 7.60e-01f  1
 134  8.5247321e+03 1.60e-03 3.08e+03  -1.0 1.09e+03    -  1.00e-01 5.70e-01f  1
 135  8.5442111e+03 5.48e-04 2.90e+03  -1.0 6.95e+02    -  1.85e-01 6.57e-01f  1
 136  8.5586698e+03 1.51e-04 2.67e+03  -1.0 8.55e+02    -  1.49e-01 7.25e-01f  1
 137  8.5644983e+03 8.59e-05 2.19e+03  -1.0 9.07e+02    -  1.89e-01 4.30e-01f  1
 138  8.5685540e+03 5.23e-05 2.23e+03  -1.0 1.11e+03    -  1.65e-01 3.91e-01f  1
 139  8.5711940e+03 3.28e-05 3.67e+03  -1.0 1.13e+03    -  1.59e-01 3.72e-01f  1
iter    objective    inf_pr   inf_du lg(mu)  ||d||  lg(rg) alpha_du alpha_pr  ls
 140  8.5725339e+03 2.33e-05 4.84e+03  -1.0 1.16e+03    -  1.58e-01 2.91e-01f  1
 141  8.5734696e+03 1.60e-05 7.10e+03  -1.0 1.38e+03    -  1.55e-01 3.14e-01f  1
 142  8.5745517e+03 8.45e-06 1.48e+04  -1.0 1.62e+03    -  1.52e-01 4.71e-01f  1
 143  8.5781614e+03 3.52e-06 3.06e+04  -1.0 1.90e+03    -  2.09e-01 5.84e-01f  1
 144  8.5848996e+03 3.59e-15 1.07e+05  -1.0 2.37e+03    -  3.09e-01 1.00e+00f  1
 145  8.5890919e+03 5.28e-11 6.40e+06  -1.0 3.30e+03    -  2.88e-01 1.00e+00f  1
 146  8.5909965e+03 4.44e-16 2.22e+06  -1.0 4.38e+03    -  6.54e-01 1.00e+00f  1
 147  8.5935726e+03 4.31e-15 8.25e+05  -1.0 1.08e+04    -  6.31e-01 1.00e+00f  1
 148  8.5957621e+03 4.62e-14 1.60e+05  -1.0 2.01e+04    -  8.06e-01 9.89e-01f  1
 149  8.5977675e+03 1.87e-14 4.38e+04  -1.0 3.37e+04    -  7.26e-01 9.18e-01f  1
iter    objective    inf_pr   inf_du lg(mu)  ||d||  lg(rg) alpha_du alpha_pr  ls
 150  8.5995325e+03 2.68e-14 2.50e+04  -1.0 3.35e+04    -  4.30e-01 9.91e-01f  1
 151  8.6000987e+03 2.43e-14 7.63e+03  -1.0 2.51e+04    -  6.95e-01 1.00e+00h  1
 152  8.6003526e+03 1.54e-14 2.23e+03  -1.0 2.95e+04    -  7.08e-01 1.00e+00h  1
 153  8.6004214e+03 8.10e-15 1.06e+02  -1.0 2.49e+04    -  9.52e-01 1.00e+00h  1
 154  8.6004312e+03 6.42e-16 2.74e-02  -1.0 1.46e+04    -  1.00e+00 1.00e+00h  1
 155  8.6004313e+03 5.52e-16 1.40e-04  -1.0 4.08e+02    -  1.00e+00 1.00e+00h  1
 156  8.4928740e+03 4.39e-09 1.88e+06  -3.8 1.02e+04    -  3.52e-01 5.59e-01f  1
 157  8.4549801e+03 3.41e-09 1.45e+06  -3.8 1.00e+04    -  2.25e-01 2.24e-01f  1
 158  8.4233914e+03 2.89e-09 1.43e+06  -3.8 9.80e+03    -  1.58e-01 2.11e-01f  1
 159  8.4034763e+03 2.43e-09 7.15e+05  -3.8 5.96e+03    -  3.06e-01 1.60e-01f  1
iter    objective    inf_pr   inf_du lg(mu)  ||d||  lg(rg) alpha_du alpha_pr  ls
 160  8.3820974e+03 2.45e-09 1.09e+06  -3.8 4.32e+03    -  4.98e-01 1.70e-01f  1
 161  8.3264131e+03 3.60e-09 1.17e+06  -3.8 5.29e+03    -  6.97e-01 3.64e-01f  1
 162  8.2322809e+03 1.36e-09 4.39e+05  -3.8 7.33e+03    -  6.16e-01 6.24e-01f  1
 163  8.2084564e+03 7.77e-10 2.68e+05  -3.8 4.01e+03    -  6.93e-01 4.27e-01h  1
 164  8.1934602e+03 4.05e-10 1.43e+05  -3.8 4.94e+03    -  6.68e-01 4.78e-01h  1
 165  8.1812357e+03 9.48e-11 3.32e+04  -3.8 4.38e+03    -  7.18e-01 7.66e-01h  1
 166  8.1777634e+03 1.02e-14 2.33e+02  -3.8 3.03e+03    -  9.49e-01 1.00e+00h  1
 167  8.1777140e+03 5.13e-15 3.48e-07  -3.8 6.15e+02    -  1.00e+00 1.00e+00h  1
 168  8.1777194e+03 5.87e-16 1.51e-09  -3.8 4.54e+01    -  1.00e+00 1.00e+00h  1
 169  8.1777194e+03 8.88e-16 1.50e-09  -3.8 1.30e-01    -  1.00e+00 1.00e+00h  1
iter    objective    inf_pr   inf_du lg(mu)  ||d||  lg(rg) alpha_du alpha_pr  ls
 170  8.1760721e+03 6.35e-15 4.46e+02  -5.7 1.09e+03    -  8.79e-01 9.12e-01f  1
 171  8.1759233e+03 1.73e-15 4.71e-08  -5.7 4.35e+01    -  1.00e+00 1.00e+00h  1
 172  8.1759238e+03 8.88e-16 4.64e-08  -5.7 2.20e-02  -5.7 1.00e+00 1.00e+00h  1
 173  8.1759018e+03 6.45e-16 3.64e+00  -8.6 4.30e-02  -6.2 9.76e-01 9.98e-01f  1
 174  8.1759018e+03 5.36e-16 3.30e-11  -8.6 1.41e-04  -6.6 1.00e+00 1.00e+00h  1

Number of Iterations....: 174

                                   (scaled)                 (unscaled)
Objective...............:   8.1759017929032898e+03    8.1759017929032898e+03
Dual infeasibility......:   3.3012037593136518e-11    3.3012037593136518e-11
Constraint violation....:   5.3581271364233629e-16    5.3581271364233629e-16
Variable bound violation:   0.0000000000000000e+00    0.0000000000000000e+00
Complementarity.........:   2.5113243781894415e-09    2.5113243781894415e-09
Overall NLP error.......:   2.5113243781894415e-09    2.5113243781894415e-09


Number of objective function evaluations             = 175
Number of objective gradient evaluations             = 175
Number of equality constraint evaluations            = 175
Number of inequality constraint evaluations          = 175
Number of equality constraint Jacobian evaluations   = 175
Number of inequality constraint Jacobian evaluations = 175
Number of Lagrangian Hessian evaluations             = 174
Total seconds in IPOPT                               = 627.868

EXIT: Optimal Solution Found.
