
******************************************************************************
This program contains Ipopt, a library for large-scale nonlinear optimization.
 Ipopt is released as open source code under the Eclipse Public License (EPL).
         For more information visit https://github.com/coin-or/Ipopt
******************************************************************************

==========================================================================
The user's DDP scheme on the copper plate, T = 6
==========================================================================
one QP per stage per sweep; mu[t+1] and B[t+1] frozen from the
previous sweep, so terminal information moves one stage per sweep

  it        err_state    err_dual        objective J
  ----------------------------------------------------------
    1     1.699e+00   3.511e+00     2.0827179514
    2     8.616e-01   4.774e+00     1.4948088987
    3     5.942e-01   4.802e+00     1.4784423498
    4     6.252e-01   4.768e+00     1.5223893040
    5     8.547e-01   3.388e+00     1.4971415212
    6     5.410e-01   9.491e-02     1.4752283727
    7     3.182e-01   4.856e-02     1.4829414356
    8     4.515e-01   4.822e-02     1.4794255757
    9     1.978e-01   3.714e-02     1.4758082778
   10     2.112e-01   2.782e-02     1.4772634842
   11     2.112e-01   2.732e-02     1.4758082899
   12     2.112e-01   2.732e-02     1.4772635081
   13     2.112e-01   2.732e-02     1.4758082896
   14     2.112e-01   2.732e-02     1.4772635075
   15     2.112e-01   2.732e-02     1.4758082896
   16     2.112e-01   2.732e-02     1.4772635075
   17     2.112e-01   2.732e-02     1.4758082896
   18     2.112e-01   2.732e-02     1.4772635075
   19     2.112e-01   2.732e-02     1.4758082896
   20     2.112e-01   2.732e-02     1.4772635075
   21     2.112e-01   2.732e-02     1.4758082896
   22     2.112e-01   2.732e-02     1.4772635075
   23     2.112e-01   2.732e-02     1.4758082896
   24     2.112e-01   2.732e-02     1.4772635075
   25     2.112e-01   2.732e-02     1.4758082896
   26     2.112e-01   2.732e-02     1.4772635075
   27     2.112e-01   2.732e-02     1.4758082896
   28     2.112e-01   2.732e-02     1.4772635075
   29     2.112e-01   2.732e-02     1.4758082896
   30     2.112e-01   2.732e-02     1.4772635075
   31     2.112e-01   2.732e-02     1.4758082896
   32     2.112e-01   2.732e-02     1.4772635075
   33     2.112e-01   2.732e-02     1.4758082896
   34     2.112e-01   2.732e-02     1.4772635075
   35     2.112e-01   2.732e-02     1.4758082896
   36     2.112e-01   2.732e-02     1.4772635075
   37     2.112e-01   2.732e-02     1.4758082896
   38     2.112e-01   2.732e-02     1.4772635075
   39     2.112e-01   2.732e-02     1.4758082896
   40     2.112e-01   2.732e-02     1.4772635075
   41     2.112e-01   2.732e-02     1.4758082896
   42     2.112e-01   2.732e-02     1.4772635075
   43     2.112e-01   2.732e-02     1.4758082896
   44     2.112e-01   2.732e-02     1.4772635075
   45     2.112e-01   2.732e-02     1.4758082896
   46     2.112e-01   2.732e-02     1.4772635075
   47     2.112e-01   2.732e-02     1.4758082896
   48     2.112e-01   2.732e-02     1.4772635075
   49     2.112e-01   2.732e-02     1.4758082896
   50     2.112e-01   2.732e-02     1.4772635075
   51     2.112e-01   2.732e-02     1.4758082896
   52     2.112e-01   2.732e-02     1.4772635075
   53     2.112e-01   2.732e-02     1.4758082896
   54     2.112e-01   2.732e-02     1.4772635075
   55     2.112e-01   2.732e-02     1.4758082896
   56     2.112e-01   2.732e-02     1.4772635075
   57     2.112e-01   2.732e-02     1.4758082896
   58     2.112e-01   2.732e-02     1.4772635075
   59     2.112e-01   2.732e-02     1.4758082896
   60     2.112e-01   2.732e-02     1.4772635075
   61     2.112e-01   2.732e-02     1.4758082896
   62     2.112e-01   2.732e-02     1.4772635075
   63     2.112e-01   2.732e-02     1.4758082896
   64     2.112e-01   2.732e-02     1.4772635075
   65     2.112e-01   2.732e-02     1.4758082896
   66     2.112e-01   2.732e-02     1.4772635075
   67     2.112e-01   2.732e-02     1.4758082896
   68     2.112e-01   2.732e-02     1.4772635075
   69     2.112e-01   2.732e-02     1.4758082896
   70     2.112e-01   2.732e-02     1.4772635075
   71     2.112e-01   2.732e-02     1.4758082896
   72     2.112e-01   2.732e-02     1.4772635075
   73     2.112e-01   2.732e-02     1.4758082896
   74     2.112e-01   2.732e-02     1.4772635075
   75     2.112e-01   2.732e-02     1.4758082896
   76     2.112e-01   2.732e-02     1.4772635075
   77     2.112e-01   2.732e-02     1.4758082896
   78     2.112e-01   2.732e-02     1.4772635075
   79     2.112e-01   2.732e-02     1.4758082896
   80     2.112e-01   2.732e-02     1.4772635075
   81     2.112e-01   2.732e-02     1.4758082896
   82     2.112e-01   2.732e-02     1.4772635075
   83     2.112e-01   2.732e-02     1.4758082896
   84     2.112e-01   2.732e-02     1.4772635075
   85     2.112e-01   2.732e-02     1.4758082896
   86     2.112e-01   2.732e-02     1.4772635075
   87     2.112e-01   2.732e-02     1.4758082896
   88     2.112e-01   2.732e-02     1.4772635075
   89     2.112e-01   2.732e-02     1.4758082896
   90     2.112e-01   2.732e-02     1.4772635075
   91     2.112e-01   2.732e-02     1.4758082896
   92     2.112e-01   2.732e-02     1.4772635075
   93     2.112e-01   2.732e-02     1.4758082896
   94     2.112e-01   2.732e-02     1.4772635075
   95     2.112e-01   2.732e-02     1.4758082896
   96     2.112e-01   2.732e-02     1.4772635075
   97     2.112e-01   2.732e-02     1.4758082896
   98     2.112e-01   2.732e-02     1.4772635075
   99     2.112e-01   2.732e-02     1.4758082896
  100     2.112e-01   2.732e-02     1.4772635075
  101     2.112e-01   2.732e-02     1.4758082896
  102     2.112e-01   2.732e-02     1.4772635075
  103     2.112e-01   2.732e-02     1.4758082896
  104     2.112e-01   2.732e-02     1.4772635075
  105     2.112e-01   2.732e-02     1.4758082896
  106     2.112e-01   2.732e-02     1.4772635075
  107     2.112e-01   2.732e-02     1.4758082896
  108     2.112e-01   2.732e-02     1.4772635075
  109     2.112e-01   2.732e-02     1.4758082896
  110     2.112e-01   2.732e-02     1.4772635075
  111     2.112e-01   2.732e-02     1.4758082896
  112     2.112e-01   2.732e-02     1.4772635075
  113     2.112e-01   2.732e-02     1.4758082896
  114     2.112e-01   2.732e-02     1.4772635075
  115     2.112e-01   2.732e-02     1.4758082896
  116     2.112e-01   2.732e-02     1.4772635075
  117     2.112e-01   2.732e-02     1.4758082896
  118     2.112e-01   2.732e-02     1.4772635075
  119     2.112e-01   2.732e-02     1.4758082896
  120     2.112e-01   2.732e-02     1.4772635075
  121     2.112e-01   2.732e-02     1.4758082896
  122     2.112e-01   2.732e-02     1.4772635075
  123     2.112e-01   2.732e-02     1.4758082896
  124     2.112e-01   2.732e-02     1.4772635075
  125     2.112e-01   2.732e-02     1.4758082896
  126     2.112e-01   2.732e-02     1.4772635075
  127     2.112e-01   2.732e-02     1.4758082896
  128     2.112e-01   2.732e-02     1.4772635075
  129     2.112e-01   2.732e-02     1.4758082896
  130     2.112e-01   2.732e-02     1.4772635075
  131     2.112e-01   2.732e-02     1.4758082896
  132     2.112e-01   2.732e-02     1.4772635075
  133     2.112e-01   2.732e-02     1.4758082896
  134     2.112e-01   2.732e-02     1.4772635075
  135     2.112e-01   2.732e-02     1.4758082896
  136     2.112e-01   2.732e-02     1.4772635075
  137     2.112e-01   2.732e-02     1.4758082896
  138     2.112e-01   2.732e-02     1.4772635075
  139     2.112e-01   2.732e-02     1.4758082896
  140     2.112e-01   2.732e-02     1.4772635075
  141     2.112e-01   2.732e-02     1.4758082896
  142     2.112e-01   2.732e-02     1.4772635075
  143     2.112e-01   2.732e-02     1.4758082896
  144     2.112e-01   2.732e-02     1.4772635075
  145     2.112e-01   2.732e-02     1.4758082896
  146     2.112e-01   2.732e-02     1.4772635075
  147     2.112e-01   2.732e-02     1.4758082896
  148     2.112e-01   2.732e-02     1.4772635075
  149     2.112e-01   2.732e-02     1.4758082896
  150     2.112e-01   2.732e-02     1.4772635075
  151     2.112e-01   2.732e-02     1.4758082896
  152     2.112e-01   2.732e-02     1.4772635075
  153     2.112e-01   2.732e-02     1.4758082896
  154     2.112e-01   2.732e-02     1.4772635075
  155     2.112e-01   2.732e-02     1.4758082896
  156     2.112e-01   2.732e-02     1.4772635075
  157     2.112e-01   2.732e-02     1.4758082896
  158     2.112e-01   2.732e-02     1.4772635075
  159     2.112e-01   2.732e-02     1.4758082896
  160     2.112e-01   2.732e-02     1.4772635075
  161     2.112e-01   2.732e-02     1.4758082896
  162     2.112e-01   2.732e-02     1.4772635075
  163     2.112e-01   2.732e-02     1.4758082896
  164     2.112e-01   2.732e-02     1.4772635075
  165     2.112e-01   2.732e-02     1.4758082896
  166     2.112e-01   2.732e-02     1.4772635075
  167     2.112e-01   2.732e-02     1.4758082896
  168     2.112e-01   2.732e-02     1.4772635075
  169     2.112e-01   2.732e-02     1.4758082896
  170     2.112e-01   2.732e-02     1.4772635075
  171     2.112e-01   2.732e-02     1.4758082896
  172     2.112e-01   2.732e-02     1.4772635075
  173     2.112e-01   2.732e-02     1.4758082896
  174     2.112e-01   2.732e-02     1.4772635075
  175     2.112e-01   2.732e-02     1.4758082896
  176     2.112e-01   2.732e-02     1.4772635075
  177     2.112e-01   2.732e-02     1.4758082896
  178     2.112e-01   2.732e-02     1.4772635075
  179     2.112e-01   2.732e-02     1.4758082896
  180     2.112e-01   2.732e-02     1.4772635075
  181     2.112e-01   2.732e-02     1.4758082896
  182     2.112e-01   2.732e-02     1.4772635075
  183     2.112e-01   2.732e-02     1.4758082896
  184     2.112e-01   2.732e-02     1.4772635075
  185     2.112e-01   2.732e-02     1.4758082896
  186     2.112e-01   2.732e-02     1.4772635075
  187     2.112e-01   2.732e-02     1.4758082896
  188     2.112e-01   2.732e-02     1.4772635075
  189     2.112e-01   2.732e-02     1.4758082896
  190     2.112e-01   2.732e-02     1.4772635075
  191     2.112e-01   2.732e-02     1.4758082896
  192     2.112e-01   2.732e-02     1.4772635075
  193     2.112e-01   2.732e-02     1.4758082896
  194     2.112e-01   2.732e-02     1.4772635075
  195     2.112e-01   2.732e-02     1.4758082896
  196     2.112e-01   2.732e-02     1.4772635075
  197     2.112e-01   2.732e-02     1.4758082896
  198     2.112e-01   2.732e-02     1.4772635075
  199     2.112e-01   2.732e-02     1.4758082896
  200     2.112e-01   2.732e-02     1.4772635075

converged in 200 sweeps  (1200 stage QPs solved)

  t     P_Subs        P_B          B          mu
  1    1.606529    0.050000    1.950000    0.135000
  2    1.438187    0.450000    1.500000    0.145267
  3    1.697974    0.300000    1.200001    0.145267
  4    2.013536   -0.179368    1.379368    0.122670
  5    2.073143   -0.450000    1.829368    0.140000
  6    1.777161   -0.120632    1.950000    0.152063

objective   this scheme 1.4772635075   centralized 1.4751729098   gap 2.091e-03
max |ΔP_B| against the centralized solution: 1.206e-01
