
====================================================================================================
6e_T6 — FilterDDP convergence, 17 iterations (k = 0..16)
====================================================================================================
            |------------------ backward pass ------------------|------ forward ------|
 iter        objective      pr_inf      du_inf      cs_inf   lg(mu)  lg(reg)     alpha  bktrk   filt
----------------------------------------------------------------------------------------------------
    0     0.8400000000   9.980e-01   9.171e-01   1.000e+00    -1.40        - 5.000e-01      1      0
    1     1.2257826600   4.990e-01   4.585e-01   3.763e-01    -1.40        - 5.000e-01      1      0
    2     1.3970016100   2.495e-01   2.293e-01   1.920e-01    -2.10        - 5.000e-01      1      0
    3     1.4646253100   1.247e-01   1.146e-01   9.587e-02    -2.10        - 1.000e+00      0      0
    4     1.5209351100   2.220e-16   7.772e-16   1.809e-02    -2.80        - 5.000e-01      1      0
    5     1.5071790700   2.220e-16   5.551e-16   1.059e-02    -3.49        - 5.000e-01      1      0
    6     1.4962372000   2.220e-16   1.138e-15   6.007e-03    -3.49        - 5.000e-01      1      0
    7     1.4884957000   2.220e-16   4.718e-16   3.490e-03    -4.19        - 5.000e-01      1      0
    8     1.4831867600   4.441e-16   6.106e-16   1.987e-03    -4.19        - 5.000e-01      1      0
    9     1.4799266000   2.220e-16   1.332e-15   1.141e-03    -4.19        - 1.000e+00      0      0
   10     1.4763487900   2.220e-16   1.388e-15   3.114e-04    -5.03        - 1.000e+00      0      0
   11     1.4753947400   2.220e-16   9.992e-16   7.000e-05    -6.04        - 1.000e+00      0      0
   12     1.4751950800   4.441e-16   6.106e-15   1.040e-05    -6.04        - 1.000e+00      0      0
   13     1.4751788400   0.000e+00   1.443e-14   1.361e-06    -7.25        - 1.000e+00      0      0
   14     1.4751732600   2.220e-16   1.832e-15   6.682e-08    -8.70        - 1.000e+00      0      0
   15     1.4751729200   0.000e+00   2.909e-14   2.037e-09   -10.44        - 1.000e+00      0      0
   16     1.4751729100   4.441e-16   5.595e-13   3.670e-11   -10.44        -         -      -      -

regularisation fired on 0 of 17 iterations
8 iterations backtracked (alpha < 1); of those, 0 were filter/decrease rejections
  -> the rest were rollout rejections, which data.l does not count (forward_pass.jl:17)
pr_inf 9.98e-01 -> 4.44e-16,  du_inf 9.17e-01 -> 5.60e-13,  cs_inf 1.00e+00 -> 3.67e-11
wrote C:\Users\aryan\Documents\documents_general\MultiPeriodDistOPF\ddp\examples\power_system\..\..\paper\figures\convergence_6e_T6.csv
wrote C:\Users\aryan\Documents\documents_general\MultiPeriodDistOPF\ddp\examples\power_system\..\..\paper\figures\convergence_table_6e_T6.tex

====================================================================================================
6d_T3 — FilterDDP convergence, 27 iterations (k = 0..26)
====================================================================================================
            |------------------ backward pass ------------------|------ forward ------|
 iter        objective      pr_inf      du_inf      cs_inf   lg(mu)  lg(reg)     alpha  bktrk   filt
----------------------------------------------------------------------------------------------------
    0     0.4200488340   9.445e-01   8.600e-01   1.000e+00    -1.40        - 2.500e-01      2      0
    1     0.4991315420   7.084e-01   6.450e-01   6.944e-01    -1.40        - 5.000e-01      1      0
    2     0.6168656280   3.542e-01   3.225e-01   2.679e-01    -2.10        - 5.000e-01      1      0
    3     0.6760234310   1.771e-01   1.613e-01   1.246e-01    -2.10        - 5.000e-01      1      0
    4     0.7056278650   8.855e-02   8.063e-02   6.374e-02    -2.10        - 1.000e+00      0      0
    5     0.7352564600   2.220e-16   1.137e-13   9.066e-03    -3.49        - 1.000e+00      0      0
    6     0.7352545980   2.220e-16   8.371e-14   4.183e-04    -5.03        - 5.000e-01      1      0
    7     0.7352195120   0.000e+00   4.408e-14   2.148e-04    -5.03        - 5.000e-01      1      0
    8     0.7351642250   2.220e-16   2.309e-14   1.150e-04    -5.03        - 5.000e-01      1      0
    9     0.7351065620   2.220e-16   9.326e-15   6.812e-05    -6.04        - 5.000e-01      1      0
   10     0.7350604090   0.000e+00   3.941e-15   3.860e-05    -6.04        - 5.000e-01      1      0
   11     0.7350298400   0.000e+00   5.884e-15   2.205e-05    -6.04        - 5.000e-01      1      0
   12     0.7350121440   2.220e-16   2.359e-15   1.273e-05    -6.04        - 5.000e-01      1      0
   13     0.7350036000   2.220e-16   3.997e-15   7.380e-06    -7.25        - 5.000e-01      1      0
   14     0.7349996550   0.000e+00   1.749e-15   3.946e-06    -7.25        - 5.000e-01      1      0
   15     0.7349982320   2.220e-16   2.359e-15   2.055e-06    -7.25        - 5.000e-01      1      0
   16     0.7349976630   0.000e+00   3.331e-16   1.068e-06    -7.25        - 1.000e+00      0      0
   17     0.7349971600   2.220e-16   2.193e-15   7.116e-08    -8.70        - 5.000e-01      1      0
   18     0.7349971410   2.220e-16   3.136e-15   3.715e-08    -8.70        - 5.000e-01      1      0
   19     0.7349971320   2.220e-16   1.388e-15   1.997e-08   -10.44        - 5.000e-01      1      0
   20     0.7349971260   2.220e-16   2.664e-15   1.028e-08   -10.44        - 5.000e-01      1      0
   21     0.7349971220   2.220e-16   2.776e-16   5.329e-09   -10.44        - 5.000e-01      1      0
   22     0.7349971200   0.000e+00   7.772e-16   2.773e-09   -10.44        - 5.000e-01      1      0
   23     0.7349971180   0.000e+00   2.304e-15   1.513e-09   -10.44        - 5.000e-01      1      0
   24     0.7349971180   2.220e-16   3.331e-15   8.647e-10   -10.44        - 1.000e+00      0      0
   25     0.7349971170   2.220e-16   1.929e-15   2.349e-10   -11.00        - 1.000e+00      0      0
   26     0.7349971170   2.220e-16   4.163e-16   6.382e-11   -11.00        -         -      -      -

regularisation fired on 0 of 27 iterations
21 iterations backtracked (alpha < 1); of those, 0 were filter/decrease rejections
  -> the rest were rollout rejections, which data.l does not count (forward_pass.jl:17)
pr_inf 9.45e-01 -> 2.22e-16,  du_inf 8.60e-01 -> 4.16e-16,  cs_inf 1.00e+00 -> 6.38e-11
wrote C:\Users\aryan\Documents\documents_general\MultiPeriodDistOPF\ddp\examples\power_system\..\..\paper\figures\convergence_6d_T3.csv
wrote C:\Users\aryan\Documents\documents_general\MultiPeriodDistOPF\ddp\examples\power_system\..\..\paper\figures\convergence_table_6d_T3.tex

wrote C:\Users\aryan\Documents\documents_general\MultiPeriodDistOPF\ddp\examples\power_system\..\..\results\copper_plate\convergence.csv
