
******************************************************************************
This program contains Ipopt, a library for large-scale nonlinear optimization.
 Ipopt is released as open source code under the Eclipse Public License (EPL).
         For more information visit https://github.com/coin-or/Ipopt
******************************************************************************

==============================================================================
CENTRALIZED REFERENCE — eq:cp_all solved directly in JuMP + Ipopt
==============================================================================

------------------------------------------------------------------------------
base_T3    T = 3   Ipopt status: LOCALLY_SOLVED
------------------------------------------------------------------------------
  objective J = 0.73496564235804
  closed form  = 0.73496564235804   |ΔJ| = 1.110e-16
  max |ΔPsub| = 2.220e-16   max |ΔP_B| = 0.000e+00   max |ΔB| = 4.441e-16
  max balance residual 2.220e-16   max dynamics residual 2.220e-16

    t       Psub          P_B            B
    1    1.65201265    0.00451613    2.00000000
    2    1.93895509    0.00451613    1.99548387
    3    1.65201265    0.00451613    1.99096774
    4             -             -    1.98645161

  active bounds at the solution:
    (none)

------------------------------------------------------------------------------
base_T6    T = 6   Ipopt status: LOCALLY_SOLVED
------------------------------------------------------------------------------
  objective J = 1.50735129630900
  closed form  = 1.50735129630900   |ΔJ| = 0.000e+00
  max |ΔPsub| = 2.220e-16   max |ΔP_B| = 1.388e-17   max |ΔB| = 2.220e-16
  max balance residual 2.220e-16   max dynamics residual 2.220e-16

    t       Psub          P_B            B
    1    1.65423370    0.00229508    2.00000000
    2    1.82882797    0.05935847    1.99770492
    3    1.96041124    0.03756220    1.93834645
    4    1.86713990   -0.03297203    1.90078425
    5    1.67791177   -0.05476831    1.93375628
    6    1.65423370    0.00229508    1.98852459
    7             -             -    1.98622951

  active bounds at the solution:
    (none)

------------------------------------------------------------------------------
6a_T3      T = 3   Ipopt status: LOCALLY_SOLVED
------------------------------------------------------------------------------
  objective J = 0.73496564235804
  max balance residual 0.000e+00   max dynamics residual 0.000e+00

    t       Psub          P_B            B
    1    1.65201265    0.00451613    2.00000000
    2    1.93895509    0.00451613    1.99548387
    3    1.65201265    0.00451613    1.99096774
    4             -             -    1.98645161

  active bounds at the solution:
    (none)

------------------------------------------------------------------------------
6b_T3      T = 3   Ipopt status: LOCALLY_SOLVED
------------------------------------------------------------------------------
  objective J = 0.73497802945514
  max balance residual 0.000e+00   max dynamics residual 2.220e-16

    t       Psub          P_B            B
    1    1.65252878    0.00400000    2.00000000
    2    1.93947122    0.00400000    1.99600000
    3    1.65252878    0.00400000    1.99200000
    4             -             -    1.98800000

  active bounds at the solution:
    P_B[1] <= 0.004
    P_B[2] <= 0.004
    P_B[3] <= 0.004

------------------------------------------------------------------------------
6c_T3      T = 3   Ipopt status: LOCALLY_SOLVED
------------------------------------------------------------------------------
  objective J = 0.73501534195503
  max balance residual 2.220e-16   max dynamics residual 2.220e-16

    t       Psub          P_B            B
    1    1.65152878    0.00500000    2.00000000
    2    1.94072122    0.00275000    1.99500000
    3    1.65377878    0.00275000    1.99225000
    4             -             -    1.98950000

  active bounds at the solution:
    B[2] <= 1.995
    B[4] >= 1.9895

------------------------------------------------------------------------------
6d_T3      T = 3   Ipopt status: LOCALLY_SOLVED
------------------------------------------------------------------------------
  objective J = 0.73501365445518
  max balance residual 2.220e-16   max dynamics residual 2.220e-16

    t       Psub          P_B            B
    1    1.65302807    0.00350071    2.00000000
    2    1.93997158    0.00349964    1.99649929
    3    1.65302914    0.00349964    1.99299964
    4             -             -    1.98950000

  active bounds at the solution:
    B[4] >= 1.9895

------------------------------------------------------------------------------
6e_T6      T = 6   Ipopt status: LOCALLY_SOLVED
------------------------------------------------------------------------------
  objective J = 1.50764344251826
  max balance residual 2.220e-16   max dynamics residual 2.220e-16

    t       Psub          P_B            B
    1    1.64652878    0.01000000    2.00000000
    2    1.84318645    0.04500000    1.99000000
    3    1.97297344    0.02500000    1.94500000
    4    1.85916787   -0.02500000    1.92000000
    5    1.66814346   -0.04500000    1.94500000
    6    1.65289242    0.00363636    1.99000000
    7             -             -    1.98636364

  active bounds at the solution:
    B[2] <= 1.99
    P_B[2] <= 0.045
    B[4] >= 1.92
    P_B[5] >= -0.045
    B[6] <= 1.99

------------------------------------------------------------------------------
6g_T6      T = 6   Ipopt status: LOCALLY_INFEASIBLE
------------------------------------------------------------------------------
  INFEASIBLE — Ipopt certifies no feasible point exists.
  (FilterDDP returns status 7 here, which does not distinguish
   infeasibility from a hard problem — see the Stage 6g note.)

==============================================================================
wrote C:\Users\aryan\Documents\documents_general\MultiPeriodDistOPF\ddp\examples\power_system\..\..\results\copper_plate\centralized_reference.csv
==============================================================================
