
================================================================================
PARALLELIZATION STATUS
================================================================================
Julia threads:       16
Status:              Using 16 threads
================================================================================
RHO_OVERRIDE: using rho = 16000.0
EPS_PRI_OVERRIDE: using eps_pri = 0.001
EPS_DUAL_OVERRIDE: using eps_dual = 0.001
ADAPTIVE_RHO_OVERRIDE: adaptive_rho = true

================================================================================
PARSING SYSTEM DATA
================================================================================
Loaded system: ieee123C_1ph from C:\repos_addendum\MultiPeriodDistOPF\envs\tadmm\..\..\rawData\ieee123C_1ph\Master.dss

========================================
Initial Powerflow
========================================
Powerflow completed successfully!

[OpenDSS] Total system load: 872.27 kW
[OpenDSS] Substation power: 877.20 kW
[OpenDSS] Total PV dispatch: 0.00 kW
[OpenDSS] Total battery dispatch: 0.00 kW
[OpenDSS] Total system losses: 4.94 kW


================================================================================
[35;1mSOLVING MPOPF WITH SOCP (tADMM)[0m
================================================================================
[36;1mUsing fixed rho = 16000.0[0m
  [tADMM hyperparams] mu_balance=5.00 tau_incr=2.00 tau_decr=2.00 update_interval=5 eps_pri=1.0e-03 eps_dual=1.0e-03 rho_init=16000.0 adaptive=true

================================================================================
[36;1m🎯 tADMM[SOCP]: T=96, ρ_init=16000.0, adaptive=true, warm_start=true, |Bset|=51, |Nset|=128, |Lset|=127
[0m================================================================================

******************************************************************************
This program contains Ipopt, a library for large-scale nonlinear optimization.
 Ipopt is released as open source code under the Eclipse Public License (EPL).
         For more information visit https://github.com/coin-or/Ipopt
******************************************************************************

k=  1  obj=$1322.33  ‖r‖=1.28e-03  ‖s‖=1.47e+00  ρ=16000.0  sp_max=7.744s  sp_med=6.351s
k=  2  obj=$1322.33  ‖r‖=1.28e-03  ‖s‖=1.72e+00  ρ=16000.0  sp_max=8.614s  sp_med=2.480s
k=  3  obj=$1322.35  ‖r‖=1.27e-03  ‖s‖=1.99e+00  ρ=16000.0  sp_max=3.387s  sp_med=2.150s
k=  4  obj=$1396.50  ‖r‖=1.19e-03  ‖s‖=2.22e+00  ρ=16000.0  sp_max=7.240s  sp_med=2.209s
[33;1m  [PHASE1-UP] ρ: 16000.0 → 32000.0 (‖r‖=1.08e-03 > ε=1.0e-03)
[0mk=  5  obj=$1556.17  ‖r‖=1.08e-03  ‖s‖=2.43e+00  ρ=32000.0  sp_max=6.619s  sp_med=1.664s
k=  6  obj=$1827.00  ‖r‖=8.97e-04  ‖s‖=2.81e+00  ρ=32000.0  sp_max=6.818s  sp_med=2.163s
k=  7  obj=$2317.02  ‖r‖=5.97e-04  ‖s‖=3.04e+00  ρ=32000.0  sp_max=6.011s  sp_med=2.801s
k=  8  obj=$2649.44  ‖r‖=3.87e-04  ‖s‖=3.11e+00  ρ=32000.0  sp_max=6.026s  sp_med=2.317s
k=  9  obj=$2817.96  ‖r‖=2.46e-04  ‖s‖=3.08e+00  ρ=32000.0  sp_max=4.237s  sp_med=2.302s
[32;1m  [k= 10] Phase 1→2: primal converged
[0m[36;1m  [k= 10] ρ 32000.0 → 16000.0 (s/r=19387.9, ‖r‖ converged)
[0mk= 10  obj=$2902.07  ‖r‖=1.55e-04  ‖s‖=3.01e+00  ρ=16000.0  sp_max=4.797s  sp_med=2.433s
      [Progress] 219.1s elapsed, 3 iters/min
k= 11  obj=$2967.14  ‖r‖=1.40e-05  ‖s‖=2.78e+00  ρ=16000.0  sp_max=4.302s  sp_med=2.608s
k= 12  obj=$2962.86  ‖r‖=1.53e-05  ‖s‖=2.59e+00  ρ=16000.0  sp_max=4.147s  sp_med=2.801s
k= 13  obj=$2957.92  ‖r‖=1.23e-05  ‖s‖=2.47e+00  ρ=16000.0  sp_max=3.839s  sp_med=2.801s
k= 14  obj=$2953.18  ‖r‖=1.20e-05  ‖s‖=2.35e+00  ρ=16000.0  sp_max=4.068s  sp_med=2.818s
[36;1m  [k= 15] ρ 16000.0 → 8000.0 (s/r=180686.1, ‖r‖ converged)
[0mk= 15  obj=$2948.86  ‖r‖=1.21e-05  ‖s‖=2.19e+00  ρ=8000.0  sp_max=5.009s  sp_med=2.934s
k= 16  obj=$2941.42  ‖r‖=2.14e-05  ‖s‖=2.07e+00  ρ=8000.0  sp_max=3.560s  sp_med=2.674s
k= 17  obj=$2935.20  ‖r‖=2.90e-05  ‖s‖=1.91e+00  ρ=8000.0  sp_max=3.744s  sp_med=2.666s
k= 18  obj=$2929.58  ‖r‖=3.50e-05  ‖s‖=1.68e+00  ρ=8000.0  sp_max=4.039s  sp_med=2.861s
k= 19  obj=$2924.06  ‖r‖=4.12e-05  ‖s‖=1.45e+00  ρ=8000.0  sp_max=3.841s  sp_med=2.684s
[36;1m  [k= 20] ρ 8000.0 → 4000.0 (s/r=29098.7, ‖r‖ converged)
[0mk= 20  obj=$2918.81  ‖r‖=4.49e-05  ‖s‖=1.31e+00  ρ=4000.0  sp_max=3.591s  sp_med=2.623s
      [Progress] 397.9s elapsed, 3 iters/min
k= 21  obj=$2910.25  ‖r‖=5.62e-05  ‖s‖=1.19e+00  ρ=4000.0  sp_max=3.980s  sp_med=2.330s
k= 22  obj=$2902.98  ‖r‖=6.43e-05  ‖s‖=1.09e+00  ρ=4000.0  sp_max=5.088s  sp_med=2.561s
k= 23  obj=$2896.18  ‖r‖=7.79e-05  ‖s‖=1.02e+00  ρ=4000.0  sp_max=3.222s  sp_med=2.303s
k= 24  obj=$2890.69  ‖r‖=8.50e-05  ‖s‖=9.50e-01  ρ=4000.0  sp_max=3.440s  sp_med=2.281s
[36;1m  [k= 25] ρ 4000.0 → 2000.0 (s/r=10607.6, ‖r‖ converged)
[0mk= 25  obj=$2885.82  ‖r‖=8.56e-05  ‖s‖=9.08e-01  ρ=2000.0  sp_max=3.750s  sp_med=2.322s
k= 26  obj=$2876.73  ‖r‖=9.85e-05  ‖s‖=8.79e-01  ρ=2000.0  sp_max=3.265s  sp_med=2.314s
k= 27  obj=$2869.92  ‖r‖=9.67e-05  ‖s‖=8.55e-01  ρ=2000.0  sp_max=3.223s  sp_med=2.276s
k= 28  obj=$2864.45  ‖r‖=8.87e-05  ‖s‖=8.44e-01  ρ=2000.0  sp_max=4.670s  sp_med=2.436s
k= 29  obj=$2859.08  ‖r‖=8.59e-05  ‖s‖=8.39e-01  ρ=2000.0  sp_max=5.057s  sp_med=2.567s
[36;1m  [k= 30] ρ 2000.0 → 1000.0 (s/r=9460.4, ‖r‖ converged)
[0mk= 30  obj=$2852.85  ‖r‖=8.82e-05  ‖s‖=8.34e-01  ρ=1000.0  sp_max=3.377s  sp_med=2.365s
      [Progress] 556.0s elapsed, 3 iters/min
k= 31  obj=$2839.54  ‖r‖=1.00e-04  ‖s‖=8.27e-01  ρ=1000.0  sp_max=4.550s  sp_med=2.397s
k= 32  obj=$2827.35  ‖r‖=1.08e-04  ‖s‖=8.17e-01  ρ=1000.0  sp_max=4.158s  sp_med=2.653s
k= 33  obj=$2818.92  ‖r‖=1.14e-04  ‖s‖=7.78e-01  ρ=1000.0  sp_max=4.386s  sp_med=2.915s
k= 34  obj=$2810.47  ‖r‖=1.18e-04  ‖s‖=7.41e-01  ρ=1000.0  sp_max=6.527s  sp_med=4.125s
[36;1m  [k= 35] ρ 1000.0 → 500.0 (s/r=5841.4, ‖r‖ converged)
[0mk= 35  obj=$2804.06  ‖r‖=1.20e-04  ‖s‖=7.01e-01  ρ=500.0  sp_max=8.565s  sp_med=4.048s
k= 36  obj=$2794.97  ‖r‖=1.22e-04  ‖s‖=6.21e-01  ρ=500.0  sp_max=8.309s  sp_med=4.373s
k= 37  obj=$2789.22  ‖r‖=1.15e-04  ‖s‖=5.08e-01  ρ=500.0  sp_max=7.098s  sp_med=4.110s
k= 38  obj=$2789.06  ‖r‖=1.10e-04  ‖s‖=3.97e-01  ρ=500.0  sp_max=6.057s  sp_med=3.586s
k= 39  obj=$2791.90  ‖r‖=1.05e-04  ‖s‖=3.29e-01  ρ=500.0  sp_max=4.702s  sp_med=3.233s
[36;1m  [k= 40] ρ 500.0 → 250.0 (s/r=3085.9, ‖r‖ converged)
[0mk= 40  obj=$2796.95  ‖r‖=9.05e-05  ‖s‖=2.79e-01  ρ=250.0  sp_max=5.259s  sp_med=3.296s
      [Progress] 788.0s elapsed, 3 iters/min
k= 41  obj=$2803.36  ‖r‖=9.92e-05  ‖s‖=2.20e-01  ρ=250.0  sp_max=6.064s  sp_med=3.221s
k= 42  obj=$2812.41  ‖r‖=1.12e-04  ‖s‖=1.71e-01  ρ=250.0  sp_max=6.575s  sp_med=3.265s
k= 43  obj=$2825.86  ‖r‖=1.07e-04  ‖s‖=1.35e-01  ρ=250.0  sp_max=5.800s  sp_med=2.996s
k= 44  obj=$2835.46  ‖r‖=1.12e-04  ‖s‖=1.04e-01  ρ=250.0  sp_max=5.210s  sp_med=2.939s
[36;1m  [k= 45] ρ 250.0 → 125.0 (s/r=623.0, ‖r‖ converged)
[0mk= 45  obj=$2842.94  ‖r‖=1.19e-04  ‖s‖=7.43e-02  ρ=125.0  sp_max=5.455s  sp_med=2.734s
k= 46  obj=$2854.47  ‖r‖=1.33e-04  ‖s‖=5.09e-02  ρ=125.0  sp_max=4.910s  sp_med=3.008s
k= 47  obj=$2861.25  ‖r‖=1.34e-04  ‖s‖=3.13e-02  ρ=125.0  sp_max=5.334s  sp_med=2.752s
k= 48  obj=$2865.35  ‖r‖=1.26e-04  ‖s‖=2.06e-02  ρ=125.0  sp_max=5.296s  sp_med=3.041s
k= 49  obj=$2864.19  ‖r‖=1.04e-04  ‖s‖=2.07e-02  ρ=125.0  sp_max=5.214s  sp_med=3.061s
[36;1m  [k= 50] ρ 125.0 → 62.5 (s/r=305.7, ‖r‖ converged)
[0mk= 50  obj=$2860.31  ‖r‖=8.15e-05  ‖s‖=2.49e-02  ρ=62.5  sp_max=8.400s  sp_med=3.137s
      [Progress] 999.6s elapsed, 3 iters/min
k= 51  obj=$2855.95  ‖r‖=9.62e-05  ‖s‖=2.36e-02  ρ=62.5  sp_max=5.278s  sp_med=3.040s
k= 52  obj=$2853.46  ‖r‖=1.15e-04  ‖s‖=1.97e-02  ρ=62.5  sp_max=4.965s  sp_med=2.898s
k= 53  obj=$2849.74  ‖r‖=1.23e-04  ‖s‖=1.53e-02  ρ=62.5  sp_max=4.162s  sp_med=2.752s
k= 54  obj=$2841.83  ‖r‖=1.21e-04  ‖s‖=1.17e-02  ρ=62.5  sp_max=4.773s  sp_med=2.765s
[36;1m  [k= 55] ρ 62.5 → 31.2 (s/r=82.8, ‖r‖ converged)
[0mk= 55  obj=$2834.10  ‖r‖=1.18e-04  ‖s‖=9.79e-03  ρ=31.2  sp_max=4.578s  sp_med=2.702s
k= 56  obj=$2830.10  ‖r‖=1.42e-04  ‖s‖=6.66e-03  ρ=31.2  sp_max=5.775s  sp_med=3.031s
k= 57  obj=$2828.49  ‖r‖=1.40e-04  ‖s‖=5.22e-03  ρ=31.2  sp_max=5.085s  sp_med=2.924s
k= 58  obj=$2829.31  ‖r‖=1.22e-04  ‖s‖=5.14e-03  ρ=31.2  sp_max=5.020s  sp_med=3.074s
k= 59  obj=$2831.18  ‖r‖=1.01e-04  ‖s‖=5.59e-03  ρ=31.2  sp_max=4.492s  sp_med=3.046s
[36;1m  [k= 60] ρ 31.2 → 15.6 (s/r=71.3, ‖r‖ converged)
[0mk= 60  obj=$2833.22  ‖r‖=8.21e-05  ‖s‖=5.85e-03  ρ=15.6  sp_max=4.411s  sp_med=2.939s
      [Progress] 1197.0s elapsed, 3 iters/min
k= 61  obj=$2836.17  ‖r‖=7.44e-05  ‖s‖=5.35e-03  ρ=15.6  sp_max=5.048s  sp_med=3.181s
k= 62  obj=$2836.93  ‖r‖=9.25e-05  ‖s‖=4.40e-03  ρ=15.6  sp_max=5.351s  sp_med=3.085s
k= 63  obj=$2838.19  ‖r‖=1.11e-04  ‖s‖=3.23e-03  ρ=15.6  sp_max=6.240s  sp_med=3.283s
k= 64  obj=$2838.78  ‖r‖=1.22e-04  ‖s‖=2.05e-03  ρ=15.6  sp_max=6.384s  sp_med=3.123s
[36;1m  [k= 65] ρ 15.6 → 7.8 (s/r=11.0, ‖r‖ converged)
[0mk= 65  obj=$2837.80  ‖r‖=1.24e-04  ‖s‖=1.37e-03  ρ=7.8  sp_max=5.795s  sp_med=3.102s
k= 66  obj=$2837.08  ‖r‖=1.18e-04  ‖s‖=1.34e-03  ρ=7.8  sp_max=8.165s  sp_med=3.132s
k= 67  obj=$2836.66  ‖r‖=1.05e-04  ‖s‖=1.44e-03  ρ=7.8  sp_max=6.427s  sp_med=3.365s
k= 68  obj=$2834.96  ‖r‖=8.89e-05  ‖s‖=1.57e-03  ρ=7.8  sp_max=5.637s  sp_med=3.058s
k= 69  obj=$2833.54  ‖r‖=7.66e-05  ‖s‖=1.63e-03  ρ=7.8  sp_max=5.260s  sp_med=2.948s
[36;1m  [k= 70] ρ 7.8 → 3.9 (s/r=20.9, ‖r‖ converged)
[0mk= 70  obj=$2831.15  ‖r‖=7.52e-05  ‖s‖=1.57e-03  ρ=3.9  sp_max=5.492s  sp_med=3.123s
      [Progress] 1405.8s elapsed, 3 iters/min
k= 71  obj=$2828.19  ‖r‖=9.34e-05  ‖s‖=1.40e-03  ρ=3.9  sp_max=4.764s  sp_med=2.922s
k= 72  obj=$2826.17  ‖r‖=1.21e-04  ‖s‖=1.12e-03  ρ=3.9  sp_max=6.431s  sp_med=3.642s
k= 73  obj=$2824.62  ‖r‖=1.41e-04  ‖s‖=7.99e-04  ρ=3.9  sp_max=5.769s  sp_med=3.385s
[32;1m🎉 tADMM converged at iteration 73 (‖r‖=1.41e-04 ≤ 1.00e-03, ‖s‖=7.99e-04 ≤ 1.00e-03)
  Final objective: $2824.62
[0m
================================================================================
[36;1m📊 SOLVER PERFORMANCE ANALYSIS (optimize!() times only)[0m
================================================================================
Iterations:       72
Effective time:   383.88 seconds
Wall-clock time:  1472.32 seconds
Overhead:         73.9%
================================================================================

--- tADMM RESULT ---
[32;1mObjective: $2824.62
Wall-clock: 1472.32 seconds
Effective:  383.88 seconds (73 iterations)
[0m
================================================================================
[36;1mVALIDATING tADMM SOLUTION[0m
================================================================================

================================================================================
SOLUTION VALIDATION: tADMM SOCP
================================================================================
✓ All constraints satisfied!
================================================================================
[32;1m✓ Convergence CSV: C:\repos_addendum\MultiPeriodDistOPF\envs\tadmm\processedData\ieee123C_1ph_T96\convergence_data.csv[0m
[32;1m✓ Subproblem timing CSV: C:\repos_addendum\MultiPeriodDistOPF\envs\tadmm\processedData\ieee123C_1ph_T96\subproblem_timing_details.csv[0m
[36;1mLoaded BF results from C:\repos_addendum\MultiPeriodDistOPF\envs\tadmm\processedData\ieee123C_1ph_T96\results_socp_bf.txt[0m
[36;1mNear-optimal at k=9 (56.70s eff): obj=$2817.96, gap=0.400% vs BF, r=2.46e-04, s=3.08e+00[0m
[32;1m✓ Near-optimal summary: C:\repos_addendum\MultiPeriodDistOPF\envs\tadmm\processedData\ieee123C_1ph_T96\near_optimal_summary.csv[0m
[32;1m✓ Solution saved: C:\repos_addendum\MultiPeriodDistOPF\envs\tadmm\processedData\ieee123C_1ph_T96\sol_socp_tadmm.jls[0m
[32;1m✓ tADMM results written to C:\repos_addendum\MultiPeriodDistOPF\envs\tadmm\processedData\ieee123C_1ph_T96\results_socp_tadmm.txt[0m
[32;1m✓ Live log trimmed to last 100 lines: C:\repos_addendum\MultiPeriodDistOPF\envs\tadmm\processedData\ieee123C_1ph_T96\tadmm_run.log[0m

================================================================================
[35;1mtADMM PIPELINE COMPLETE[0m
================================================================================
