# tADMM live log — ieee123C_1ph T=96, ρ_init=16000.0, adaptive=true
# k, objective, r_norm, s_norm, rho, sp_max, sp_med, elapsed_s, event
# tADMM live log — ieee123C_1ph T=96, ρ_init=16000.0, adaptive=true
# k, objective, r_norm, s_norm, rho, sp_max, sp_med, elapsed_s, event
1,1322.331116,1.2801854883e-03,1.4744295437e+00,16000.00,7.7440,6.3510,52.36,
2,1322.331208,1.2775416953e-03,1.7207995455e+00,16000.00,8.6140,2.4795,72.29,
3,1322.346234,1.2735647724e-03,1.9864855731e+00,16000.00,3.3870,2.1505,87.39,
4,1396.503363,1.1944866136e-03,2.2201321149e+00,16000.00,7.2400,2.2090,108.97,
5,1556.174808,1.0784442476e-03,2.4343956261e+00,32000.00,6.6190,1.6640,127.97,
6,1827.002878,8.9693849782e-04,2.8134546929e+00,32000.00,6.8180,2.1630,146.52,
7,2317.018300,5.9704765920e-04,3.0417026981e+00,32000.00,6.0110,2.8005,170.04,
8,2649.438436,3.8668246047e-04,3.1105169148e+00,32000.00,6.0260,2.3170,186.86,
9,2817.958497,2.4641357366e-04,3.0774112101e+00,32000.00,4.2370,2.3020,202.63,
10,2902.070907,1.5536856575e-04,3.0122631549e+00,16000.00,4.7970,2.4330,219.21,
11,2967.139777,1.3979398078e-05,2.7799182538e+00,16000.00,4.3020,2.6080,236.99,
12,2962.855770,1.5319836754e-05,2.5883132252e+00,16000.00,4.1470,2.8010,255.03,
13,2957.923538,1.2302801544e-05,2.4673948753e+00,16000.00,3.8390,2.8010,273.13,
14,2953.176486,1.1963879568e-05,2.3464659131e+00,16000.00,4.0680,2.8180,291.37,
15,2948.864076,1.2138975365e-05,2.1933436450e+00,8000.00,5.0090,2.9345,310.12,
16,2941.424393,2.1439334261e-05,2.0692197025e+00,8000.00,3.5600,2.6745,327.47,
17,2935.204967,2.9043588491e-05,1.9121117129e+00,8000.00,3.7440,2.6660,344.74,
18,2929.576917,3.4981367845e-05,1.6790846841e+00,8000.00,4.0390,2.8610,363.08,
19,2924.061904,4.1238669280e-05,1.4544201250e+00,8000.00,3.8410,2.6835,380.58,
20,2918.805598,4.4916132733e-05,1.3069992083e+00,4000.00,3.5910,2.6235,397.87,
21,2910.250400,5.6197842190e-05,1.1892209500e+00,4000.00,3.9800,2.3300,413.78,
22,2902.982171,6.4337912664e-05,1.0926676885e+00,4000.00,5.0880,2.5610,430.49,
23,2896.175286,7.7858225833e-05,1.0220307837e+00,4000.00,3.2220,2.3025,445.79,
24,2890.685972,8.5018933419e-05,9.5038886289e-01,4000.00,3.4400,2.2810,460.90,
25,2885.816181,8.5587053377e-05,9.0787724418e-01,2000.00,3.7500,2.3225,476.35,
26,2876.734685,9.8473963735e-05,8.7894932400e-01,2000.00,3.2650,2.3135,492.02,
27,2869.924850,9.6744686618e-05,8.5542132356e-01,2000.00,3.2230,2.2765,507.26,
28,2864.448196,8.8695388875e-05,8.4438072052e-01,2000.00,4.6700,2.4365,523.22,
29,2859.084042,8.5899360299e-05,8.3874623043e-01,2000.00,5.0570,2.5675,540.35,
30,2852.848625,8.8155001927e-05,8.3398558216e-01,1000.00,3.3770,2.3655,556.03,
31,2839.536596,1.0011806369e-04,8.2728549696e-01,1000.00,4.5500,2.3970,572.32,
32,2827.352508,1.0834471520e-04,8.1700033520e-01,1000.00,4.1580,2.6535,589.56,
33,2818.916459,1.1398458203e-04,7.7765273415e-01,1000.00,4.3860,2.9150,609.16,
34,2810.465552,1.1835425515e-04,7.4115831699e-01,1000.00,6.5270,4.1250,636.29,
35,2804.060941,1.1996950697e-04,7.0079167130e-01,500.00,8.5650,4.0475,663.00,
36,2794.973150,1.2229968936e-04,6.2133904404e-01,500.00,8.3090,4.3735,693.60,
37,2789.222907,1.1535303053e-04,5.0830164290e-01,500.00,7.0980,4.1095,719.75,
38,2789.064831,1.0994754507e-04,3.9687040453e-01,500.00,6.0570,3.5860,743.75,
39,2791.896956,1.0516303607e-04,3.2851339611e-01,500.00,4.7020,3.2335,765.30,
40,2796.952995,9.0510773294e-05,2.7930648840e-01,250.00,5.2590,3.2955,787.99,
41,2803.355042,9.9185827903e-05,2.1950275876e-01,250.00,6.0640,3.2210,810.43,
42,2812.412532,1.1198374271e-04,1.7086778167e-01,250.00,6.5750,3.2650,833.76,
43,2825.857588,1.0704354339e-04,1.3529737756e-01,250.00,5.8000,2.9960,854.93,
44,2835.461290,1.1156665317e-04,1.0385662799e-01,250.00,5.2100,2.9395,875.63,
45,2842.943970,1.1921763652e-04,7.4271187689e-02,125.00,5.4550,2.7340,894.63,
46,2854.465176,1.3269642310e-04,5.0868901675e-02,125.00,4.9100,3.0080,915.25,
47,2861.245269,1.3413102525e-04,3.1325107630e-02,125.00,5.3340,2.7520,934.28,
48,2865.345594,1.2561362513e-04,2.0583672478e-02,125.00,5.2960,3.0415,956.32,
49,2864.190963,1.0399772711e-04,2.0725226388e-02,125.00,5.2140,3.0610,977.74,
50,2860.306875,8.1513546262e-05,2.4915286215e-02,62.50,8.4000,3.1370,999.58,
51,2855.951198,9.6238281329e-05,2.3609234240e-02,62.50,5.2780,3.0400,1019.97,
52,2853.457508,1.1544342259e-04,1.9686511971e-02,62.50,4.9650,2.8985,1040.10,
53,2849.743918,1.2265703245e-04,1.5274794327e-02,62.50,4.1620,2.7515,1058.66,
54,2841.828204,1.2131833006e-04,1.1650342240e-02,62.50,4.7730,2.7650,1077.32,
55,2834.102510,1.1824595198e-04,9.7940393881e-03,31.25,4.5780,2.7025,1095.47,
56,2830.101831,1.4237241388e-04,6.6586445216e-03,31.25,5.7750,3.0315,1115.78,
57,2828.486891,1.3978766764e-04,5.2242631120e-03,31.25,5.0850,2.9240,1135.97,
58,2829.309485,1.2227055410e-04,5.1400367870e-03,31.25,5.0200,3.0745,1156.72,
59,2831.176893,1.0087197740e-04,5.5854920992e-03,31.25,4.4920,3.0460,1176.75,
60,2833.222573,8.2097791297e-05,5.8538249478e-03,15.62,4.4110,2.9385,1196.96,
61,2836.168824,7.4388157899e-05,5.3548470694e-03,15.62,5.0480,3.1815,1218.04,
62,2836.931453,9.2493083766e-05,4.4024895307e-03,15.62,5.3510,3.0850,1238.86,
63,2838.192591,1.1123279244e-04,3.2284971712e-03,15.62,6.2400,3.2830,1260.04,
64,2838.784268,1.2214549045e-04,2.0488740408e-03,15.62,6.3840,3.1235,1281.34,
65,2837.801409,1.2410364409e-04,1.3661203763e-03,7.81,5.7950,3.1020,1301.75,
66,2837.078144,1.1761640783e-04,1.3423271894e-03,7.81,8.1650,3.1325,1323.06,
67,2836.658581,1.0491663512e-04,1.4439348728e-03,7.81,6.4270,3.3655,1345.16,
68,2834.963439,8.8894633199e-05,1.5724051790e-03,7.81,5.6370,3.0580,1365.26,
69,2833.538873,7.6608542906e-05,1.6268667369e-03,7.81,5.2600,2.9480,1385.26,
70,2831.150653,7.5153773245e-05,1.5701178825e-03,3.91,5.4920,3.1225,1405.82,
71,2828.190384,9.3405870647e-05,1.3999252956e-03,3.91,4.7640,2.9225,1425.66,
72,2826.168066,1.2148947830e-04,1.1245588234e-03,3.91,6.4310,3.6425,1449.34,
73,2824.619204,1.4137311034e-04,7.9858652547e-04,3.91,5.7690,3.3850,1471.32,
# CONVERGED at k=73 (r=1.41e-04 <= 1.00e-03, s=7.99e-04 <= 1.00e-03)
# Final objective: $2824.619204
