
================================================================================
PARALLELIZATION STATUS
================================================================================
Julia threads:       16
Status:              Using 16 threads
================================================================================
RHO_OVERRIDE: using rho = 20000.0
EPS_PRI_OVERRIDE: using eps_pri = 0.001
EPS_DUAL_OVERRIDE: using eps_dual = 0.001
ADAPTIVE_RHO_OVERRIDE: adaptive_rho = true

================================================================================
PARSING SYSTEM DATA
================================================================================
Loaded system: ieee2552C_1ph from C:\repos_addendum\MultiPeriodDistOPF\envs\tadmm\..\..\rawData\ieee2552C_1ph\Master.dss

========================================
Initial Powerflow
========================================
Powerflow completed successfully!

[OpenDSS] Total system load: 2129.58 kW
[OpenDSS] Substation power: 2187.53 kW
[OpenDSS] Total PV dispatch: 0.00 kW
[OpenDSS] Total battery dispatch: 0.00 kW
[OpenDSS] Total system losses: 57.95 kW


================================================================================
[35;1mSOLVING MPOPF WITH SOCP (tADMM)[0m
================================================================================
[36;1mUsing fixed rho = 20000.0[0m
  [tADMM hyperparams] mu_balance=5.00 tau_incr=2.00 tau_decr=5.00 update_interval=5 eps_pri=1.0e-03 eps_dual=1.0e-03 rho_init=20000.0 adaptive=true

================================================================================
[36;1m🎯 tADMM[SOCP]: T=48, ρ_init=20000.0, adaptive=true, warm_start=true, |Bset|=250, |Nset|=2522, |Lset|=2521
[0m================================================================================

******************************************************************************
This program contains Ipopt, a library for large-scale nonlinear optimization.
 Ipopt is released as open source code under the Eclipse Public License (EPL).
         For more information visit https://github.com/coin-or/Ipopt
******************************************************************************

k=  1  obj=$4421.07  ‖r‖=1.32e-03  ‖s‖=3.93e+00  ρ=20000.0  sp_max=55.380s  sp_med=33.262s
k=  2  obj=$4299.55  ‖r‖=1.35e-03  ‖s‖=4.41e+00  ρ=20000.0  sp_max=39.263s  sp_med=14.608s
k=  3  obj=$4366.09  ‖r‖=1.30e-03  ‖s‖=4.34e+00  ρ=20000.0  sp_max=33.539s  sp_med=11.229s
k=  4  obj=$4889.66  ‖r‖=1.14e-03  ‖s‖=4.35e+00  ρ=20000.0  sp_max=30.758s  sp_med=13.574s
[32;1m  [k=  5] Phase 1→2: primal converged
[0m[36;1m  [k=  5] ρ 20000.0 → 4000.0 (s/r=4573.4, ‖r‖ converged)
[0mk=  5  obj=$5500.85  ‖r‖=9.88e-04  ‖s‖=4.52e+00  ρ=4000.0  sp_max=36.854s  sp_med=13.432s
k=  6  obj=$5789.40  ‖r‖=9.19e-04  ‖s‖=2.69e+00  ρ=4000.0  sp_max=26.628s  sp_med=11.939s
k=  7  obj=$5863.28  ‖r‖=8.97e-04  ‖s‖=1.62e+00  ρ=4000.0  sp_max=25.761s  sp_med=10.780s
k=  8  obj=$5957.87  ‖r‖=8.69e-04  ‖s‖=1.46e+00  ρ=4000.0  sp_max=36.719s  sp_med=12.932s
k=  9  obj=$6070.28  ‖r‖=8.36e-04  ‖s‖=1.38e+00  ρ=4000.0  sp_max=32.133s  sp_med=13.732s
[36;1m  [k= 10] ρ 4000.0 → 800.0 (s/r=1712.7, ‖r‖ converged)
[0mk= 10  obj=$6202.04  ‖r‖=8.00e-04  ‖s‖=1.37e+00  ρ=800.0  sp_max=24.980s  sp_med=8.743s
      [Progress] 655.0s elapsed, 1 iters/min
k= 11  obj=$6304.28  ‖r‖=7.75e-04  ‖s‖=1.32e+00  ρ=800.0  sp_max=32.881s  sp_med=15.051s
k= 12  obj=$6431.04  ‖r‖=7.47e-04  ‖s‖=9.28e-01  ρ=800.0  sp_max=29.479s  sp_med=9.960s
k= 13  obj=$6502.56  ‖r‖=7.16e-04  ‖s‖=5.68e-01  ρ=800.0  sp_max=29.356s  sp_med=11.032s
k= 14  obj=$6560.84  ‖r‖=6.89e-04  ‖s‖=4.06e-01  ρ=800.0  sp_max=29.018s  sp_med=11.607s
[36;1m  [k= 15] ρ 800.0 → 160.0 (s/r=493.1, ‖r‖ converged)
[0mk= 15  obj=$6598.03  ‖r‖=6.65e-04  ‖s‖=3.28e-01  ρ=160.0  sp_max=31.136s  sp_med=13.256s
k= 16  obj=$6629.77  ‖r‖=7.10e-04  ‖s‖=1.81e-01  ρ=160.0  sp_max=31.615s  sp_med=10.313s
k= 17  obj=$6712.86  ‖r‖=7.34e-04  ‖s‖=8.49e-02  ρ=160.0  sp_max=44.414s  sp_med=16.485s
k= 18  obj=$6795.30  ‖r‖=6.92e-04  ‖s‖=5.46e-02  ρ=160.0  sp_max=40.021s  sp_med=15.470s
k= 19  obj=$6838.60  ‖r‖=6.41e-04  ‖s‖=5.01e-02  ρ=160.0  sp_max=34.599s  sp_med=13.463s
[36;1m  [k= 20] ρ 160.0 → 32.0 (s/r=78.5, ‖r‖ converged)
[0mk= 20  obj=$6867.92  ‖r‖=6.01e-04  ‖s‖=4.71e-02  ρ=32.0  sp_max=37.100s  sp_med=14.965s
      [Progress] 1268.3s elapsed, 1 iters/min
k= 21  obj=$6900.89  ‖r‖=6.83e-04  ‖s‖=2.88e-02  ρ=32.0  sp_max=33.942s  sp_med=15.053s
k= 22  obj=$6902.64  ‖r‖=7.04e-04  ‖s‖=1.29e-02  ρ=32.0  sp_max=40.141s  sp_med=15.082s
k= 23  obj=$6909.25  ‖r‖=6.76e-04  ‖s‖=9.86e-03  ρ=32.0  sp_max=42.942s  sp_med=13.200s
k= 24  obj=$6917.90  ‖r‖=6.51e-04  ‖s‖=9.85e-03  ρ=32.0  sp_max=34.720s  sp_med=13.607s
[36;1m  [k= 25] ρ 32.0 → 6.4 (s/r=12.2, ‖r‖ converged)
[0mk= 25  obj=$6924.69  ‖r‖=6.34e-04  ‖s‖=7.72e-03  ρ=6.4  sp_max=40.099s  sp_med=16.260s
k= 26  obj=$6929.98  ‖r‖=6.99e-04  ‖s‖=3.30e-03  ρ=6.4  sp_max=38.992s  sp_med=16.346s
k= 27  obj=$6918.87  ‖r‖=7.03e-04  ‖s‖=9.25e-04  ρ=6.4  sp_max=43.046s  sp_med=15.065s
[32;1m🎉 tADMM converged at iteration 27 (‖r‖=7.03e-04 ≤ 1.00e-03, ‖s‖=9.25e-04 ≤ 1.00e-03)
  Final objective: $6918.87
[0m
================================================================================
[36;1m📊 SOLVER PERFORMANCE ANALYSIS (optimize!() times only)[0m
================================================================================
Iterations:       26
Effective time:   955.52 seconds
Wall-clock time:  1785.65 seconds
Overhead:         46.5%
================================================================================

--- tADMM RESULT ---
[32;1mObjective: $6918.87
Wall-clock: 1785.65 seconds
Effective:  955.52 seconds (27 iterations)
[0m
================================================================================
[36;1mVALIDATING tADMM SOLUTION[0m
================================================================================

================================================================================
SOLUTION VALIDATION: tADMM SOCP
================================================================================
✓ All constraints satisfied!
================================================================================
[32;1m✓ Convergence CSV: C:\repos_addendum\MultiPeriodDistOPF\envs\tadmm\processedData\ieee2552C_1ph_T48\convergence_data.csv[0m
[32;1m✓ Subproblem timing CSV: C:\repos_addendum\MultiPeriodDistOPF\envs\tadmm\processedData\ieee2552C_1ph_T48\subproblem_timing_details.csv[0m
[36;1mLoaded BF results from C:\repos_addendum\MultiPeriodDistOPF\envs\tadmm\processedData\ieee2552C_1ph_T48\results_socp_bf.txt[0m
[32;1m✓ Near-optimal summary: C:\repos_addendum\MultiPeriodDistOPF\envs\tadmm\processedData\ieee2552C_1ph_T48\near_optimal_summary.csv[0m
[32;1m✓ Solution saved: C:\repos_addendum\MultiPeriodDistOPF\envs\tadmm\processedData\ieee2552C_1ph_T48\sol_socp_tadmm.jls[0m
[32;1m✓ tADMM results written to C:\repos_addendum\MultiPeriodDistOPF\envs\tadmm\processedData\ieee2552C_1ph_T48\results_socp_tadmm.txt[0m
[32;1m✓ Live log trimmed to last 100 lines: C:\repos_addendum\MultiPeriodDistOPF\envs\tadmm\processedData\ieee2552C_1ph_T48\tadmm_run.log[0m

================================================================================
[35;1mtADMM PIPELINE COMPLETE[0m
================================================================================
